OpenJDK 64-Bit Server VM (25.171-b11) for linux-amd64 JRE (1.8.0_171-8u171-b11-0ubuntu0.16.04.1-b11), built on Apr 27 2018 17:19:03 by "buildd" with gcc 5.4.0 20160609
Memory: 4k page, physical 7867600k(816124k free), swap 8076284k(8009580k free)
CommandLine flags: -XX:CMSInitiatingOccupancyFraction=50 -XX:CMSMaxAbortablePrecleanTime=6000 -XX:+CMSParallelRemarkEnabled -XX:+CMSScavengeBeforeRemark -XX:ConcGCThreads=4 -XX:InitialHeapSize=536870912 -XX:MaxHeapSize=536870912 -XX:MaxTenuringThreshold=8 -XX:NewRatio=3 -XX:OldPLABSize=16 -XX:OnOutOfMemoryError=/home/gurnoor/workspace/QTM/solr/bin/oom_solr.sh 8983 /home/gurnoor/workspace/QTM/solr/server/logs -XX:ParallelGCThreads=4 -XX:+ParallelRefProcEnabled -XX:PretenureSizeThreshold=67108864 -XX:+PrintGC -XX:+PrintGCApplicationStoppedTime -XX:+PrintGCDateStamps -XX:+PrintGCDetails -XX:+PrintGCTimeStamps -XX:+PrintHeapAtGC -XX:+PrintTenuringDistribution -XX:SurvivorRatio=4 -XX:TargetSurvivorRatio=90 -XX:ThreadStackSize=256 -XX:+UseCMSInitiatingOccupancyOnly -XX:+UseCompressedClassPointers -XX:+UseCompressedOops -XX:+UseConcMarkSweepGC -XX:+UseParNewGC 
2018-06-19T14:54:08.450+0200: 0,123: Total time for which application threads were stopped: 0,0000665 seconds, Stopping threads took: 0,0000180 seconds
2018-06-19T14:54:08.519+0200: 0,192: Total time for which application threads were stopped: 0,0001271 seconds, Stopping threads took: 0,0000296 seconds
2018-06-19T14:54:08.531+0200: 0,204: Total time for which application threads were stopped: 0,0000782 seconds, Stopping threads took: 0,0000160 seconds
2018-06-19T14:54:08.655+0200: 0,328: Total time for which application threads were stopped: 0,0001412 seconds, Stopping threads took: 0,0000189 seconds
2018-06-19T14:54:08.816+0200: 0,489: Total time for which application threads were stopped: 0,0001327 seconds, Stopping threads took: 0,0000138 seconds
2018-06-19T14:54:08.864+0200: 0,537: Total time for which application threads were stopped: 0,0001854 seconds, Stopping threads took: 0,0000243 seconds
2018-06-19T14:54:08.889+0200: 0,562: Total time for which application threads were stopped: 0,0001563 seconds, Stopping threads took: 0,0000200 seconds
2018-06-19T14:54:09.091+0200: 0,763: Total time for which application threads were stopped: 0,0002612 seconds, Stopping threads took: 0,0000321 seconds
2018-06-19T14:54:09.428+0200: 1,101: Total time for which application threads were stopped: 0,0003616 seconds, Stopping threads took: 0,0000206 seconds
2018-06-19T14:54:09.476+0200: 1,149: Total time for which application threads were stopped: 0,0059416 seconds, Stopping threads took: 0,0046331 seconds
2018-06-19T14:54:09.563+0200: 1,236: Total time for which application threads were stopped: 0,0002715 seconds, Stopping threads took: 0,0000422 seconds
2018-06-19T14:54:09.565+0200: 1,238: Total time for which application threads were stopped: 0,0002718 seconds, Stopping threads took: 0,0000426 seconds
2018-06-19T14:54:09.597+0200: 1,269: Total time for which application threads were stopped: 0,0002772 seconds, Stopping threads took: 0,0000328 seconds
2018-06-19T14:54:09.807+0200: 1,480: Total time for which application threads were stopped: 0,0003217 seconds, Stopping threads took: 0,0000303 seconds
2018-06-19T14:54:10.171+0200: 1,844: Total time for which application threads were stopped: 0,0003905 seconds, Stopping threads took: 0,0000908 seconds
{Heap before GC invocations=0 (full 0):
 par new generation   total 109248K, used 87424K [0x00000000e0000000, 0x00000000e8000000, 0x00000000e8000000)
  eden space 87424K, 100% used [0x00000000e0000000, 0x00000000e5560000, 0x00000000e5560000)
  from space 21824K,   0% used [0x00000000e5560000, 0x00000000e5560000, 0x00000000e6ab0000)
  to   space 21824K,   0% used [0x00000000e6ab0000, 0x00000000e6ab0000, 0x00000000e8000000)
 concurrent mark-sweep generation total 393216K, used 0K [0x00000000e8000000, 0x0000000100000000, 0x0000000100000000)
 Metaspace       used 18110K, capacity 18408K, committed 18688K, reserved 1064960K
  class space    used 2047K, capacity 2198K, committed 2304K, reserved 1048576K
2018-06-19T14:54:10.359+0200: 2,032: [GC (Allocation Failure) 2018-06-19T14:54:10.359+0200: 2,032: [ParNew
Desired survivor size 20112992 bytes, new threshold 8 (max 8)
- age   1:   12528568 bytes,   12528568 total
: 87424K->12360K(109248K), 0,0340361 secs] 87424K->12360K(502464K), 0,0341133 secs] [Times: user=0,07 sys=0,01, real=0,04 secs] 
Heap after GC invocations=1 (full 0):
 par new generation   total 109248K, used 12360K [0x00000000e0000000, 0x00000000e8000000, 0x00000000e8000000)
  eden space 87424K,   0% used [0x00000000e0000000, 0x00000000e0000000, 0x00000000e5560000)
  from space 21824K,  56% used [0x00000000e6ab0000, 0x00000000e76c2090, 0x00000000e8000000)
  to   space 21824K,   0% used [0x00000000e5560000, 0x00000000e5560000, 0x00000000e6ab0000)
 concurrent mark-sweep generation total 393216K, used 0K [0x00000000e8000000, 0x0000000100000000, 0x0000000100000000)
 Metaspace       used 18110K, capacity 18408K, committed 18688K, reserved 1064960K
  class space    used 2047K, capacity 2198K, committed 2304K, reserved 1048576K
}
2018-06-19T14:54:10.393+0200: 2,066: Total time for which application threads were stopped: 0,0365427 seconds, Stopping threads took: 0,0021124 seconds
2018-06-19T14:54:10.763+0200: 2,436: Total time for which application threads were stopped: 0,0063425 seconds, Stopping threads took: 0,0059024 seconds
2018-06-19T14:54:10.836+0200: 2,508: Total time for which application threads were stopped: 0,0023131 seconds, Stopping threads took: 0,0019093 seconds
{Heap before GC invocations=1 (full 0):
 par new generation   total 109248K, used 99784K [0x00000000e0000000, 0x00000000e8000000, 0x00000000e8000000)
  eden space 87424K, 100% used [0x00000000e0000000, 0x00000000e5560000, 0x00000000e5560000)
  from space 21824K,  56% used [0x00000000e6ab0000, 0x00000000e76c2090, 0x00000000e8000000)
  to   space 21824K,   0% used [0x00000000e5560000, 0x00000000e5560000, 0x00000000e6ab0000)
 concurrent mark-sweep generation total 393216K, used 0K [0x00000000e8000000, 0x0000000100000000, 0x0000000100000000)
 Metaspace       used 20089K, capacity 20424K, committed 20736K, reserved 1067008K
  class space    used 2298K, capacity 2466K, committed 2560K, reserved 1048576K
2018-06-19T14:54:10.843+0200: 2,516: [GC (Allocation Failure) 2018-06-19T14:54:10.843+0200: 2,516: [ParNew
Desired survivor size 20112992 bytes, new threshold 8 (max 8)
- age   1:    2709184 bytes,    2709184 total
- age   2:    6483624 bytes,    9192808 total
: 99784K->13528K(109248K), 0,0180007 secs] 99784K->13528K(502464K), 0,0180831 secs] [Times: user=0,05 sys=0,00, real=0,01 secs] 
Heap after GC invocations=2 (full 0):
 par new generation   total 109248K, used 13528K [0x00000000e0000000, 0x00000000e8000000, 0x00000000e8000000)
  eden space 87424K,   0% used [0x00000000e0000000, 0x00000000e0000000, 0x00000000e5560000)
  from space 21824K,  61% used [0x00000000e5560000, 0x00000000e6296308, 0x00000000e6ab0000)
  to   space 21824K,   0% used [0x00000000e6ab0000, 0x00000000e6ab0000, 0x00000000e8000000)
 concurrent mark-sweep generation total 393216K, used 0K [0x00000000e8000000, 0x0000000100000000, 0x0000000100000000)
 Metaspace       used 20089K, capacity 20424K, committed 20736K, reserved 1067008K
  class space    used 2298K, capacity 2466K, committed 2560K, reserved 1048576K
}
2018-06-19T14:54:10.861+0200: 2,534: Total time for which application threads were stopped: 0,0183114 seconds, Stopping threads took: 0,0000491 seconds
2018-06-19T14:54:10.930+0200: 2,603: Total time for which application threads were stopped: 0,0004079 seconds, Stopping threads took: 0,0000824 seconds
2018-06-19T14:54:11.114+0200: 2,787: Total time for which application threads were stopped: 0,0003265 seconds, Stopping threads took: 0,0001258 seconds
{Heap before GC invocations=2 (full 0):
 par new generation   total 109248K, used 100952K [0x00000000e0000000, 0x00000000e8000000, 0x00000000e8000000)
  eden space 87424K, 100% used [0x00000000e0000000, 0x00000000e5560000, 0x00000000e5560000)
  from space 21824K,  61% used [0x00000000e5560000, 0x00000000e6296308, 0x00000000e6ab0000)
  to   space 21824K,   0% used [0x00000000e6ab0000, 0x00000000e6ab0000, 0x00000000e8000000)
 concurrent mark-sweep generation total 393216K, used 0K [0x00000000e8000000, 0x0000000100000000, 0x0000000100000000)
 Metaspace       used 21035K, capacity 21346K, committed 21628K, reserved 1069056K
  class space    used 2424K, capacity 2585K, committed 2684K, reserved 1048576K
2018-06-19T14:54:11.188+0200: 2,861: [GC (Allocation Failure) 2018-06-19T14:54:11.188+0200: 2,861: [ParNew
Desired survivor size 20112992 bytes, new threshold 8 (max 8)
- age   1:    2100000 bytes,    2100000 total
- age   2:     498352 bytes,    2598352 total
- age   3:    6479584 bytes,    9077936 total
: 100952K->10442K(109248K), 0,0450432 secs] 100952K->10442K(502464K), 0,0451434 secs] [Times: user=0,10 sys=0,00, real=0,05 secs] 
Heap after GC invocations=3 (full 0):
 par new generation   total 109248K, used 10442K [0x00000000e0000000, 0x00000000e8000000, 0x00000000e8000000)
  eden space 87424K,   0% used [0x00000000e0000000, 0x00000000e0000000, 0x00000000e5560000)
  from space 21824K,  47% used [0x00000000e6ab0000, 0x00000000e74e2a50, 0x00000000e8000000)
  to   space 21824K,   0% used [0x00000000e5560000, 0x00000000e5560000, 0x00000000e6ab0000)
 concurrent mark-sweep generation total 393216K, used 0K [0x00000000e8000000, 0x0000000100000000, 0x0000000100000000)
 Metaspace       used 21035K, capacity 21346K, committed 21628K, reserved 1069056K
  class space    used 2424K, capacity 2585K, committed 2684K, reserved 1048576K
}
2018-06-19T14:54:11.233+0200: 2,906: Total time for which application threads were stopped: 0,0453695 seconds, Stopping threads took: 0,0000534 seconds
2018-06-19T14:54:11.240+0200: 2,913: [GC (CMS Initial Mark) [1 CMS-initial-mark: 0K(393216K)] 13974K(502464K), 0,0229008 secs] [Times: user=0,03 sys=0,00, real=0,03 secs] 
2018-06-19T14:54:11.263+0200: 2,936: Total time for which application threads were stopped: 0,0249590 seconds, Stopping threads took: 0,0018534 seconds
2018-06-19T14:54:11.263+0200: 2,936: [CMS-concurrent-mark-start]
2018-06-19T14:54:11.264+0200: 2,936: [CMS-concurrent-mark: 0,001/0,001 secs] [Times: user=0,01 sys=0,00, real=0,00 secs] 
2018-06-19T14:54:11.264+0200: 2,936: [CMS-concurrent-preclean-start]
2018-06-19T14:54:11.265+0200: 2,938: [CMS-concurrent-preclean: 0,001/0,001 secs] [Times: user=0,00 sys=0,00, real=0,00 secs] 
2018-06-19T14:54:11.265+0200: 2,938: [CMS-concurrent-abortable-preclean-start]
2018-06-19T14:54:11.299+0200: 2,972: Total time for which application threads were stopped: 0,0047748 seconds, Stopping threads took: 0,0045238 seconds
{Heap before GC invocations=3 (full 1):
 par new generation   total 109248K, used 97866K [0x00000000e0000000, 0x00000000e8000000, 0x00000000e8000000)
  eden space 87424K, 100% used [0x00000000e0000000, 0x00000000e5560000, 0x00000000e5560000)
  from space 21824K,  47% used [0x00000000e6ab0000, 0x00000000e74e2a50, 0x00000000e8000000)
  to   space 21824K,   0% used [0x00000000e5560000, 0x00000000e5560000, 0x00000000e6ab0000)
 concurrent mark-sweep generation total 393216K, used 0K [0x00000000e8000000, 0x0000000100000000, 0x0000000100000000)
 Metaspace       used 21473K, capacity 21850K, committed 21960K, reserved 1069056K
  class space    used 2481K, capacity 2634K, committed 2684K, reserved 1048576K
2018-06-19T14:54:11.482+0200: 3,155: [GC (Allocation Failure) 2018-06-19T14:54:11.482+0200: 3,155: [ParNew
Desired survivor size 20112992 bytes, new threshold 8 (max 8)
- age   1:     654800 bytes,     654800 total
- age   2:    1442248 bytes,    2097048 total
- age   3:     496192 bytes,    2593240 total
- age   4:    6479408 bytes,    9072648 total
: 97866K->11539K(109248K), 0,0258754 secs] 97866K->11539K(502464K), 0,0259930 secs] [Times: user=0,05 sys=0,00, real=0,03 secs] 
Heap after GC invocations=4 (full 1):
 par new generation   total 109248K, used 11539K [0x00000000e0000000, 0x00000000e8000000, 0x00000000e8000000)
  eden space 87424K,   0% used [0x00000000e0000000, 0x00000000e0000000, 0x00000000e5560000)
  from space 21824K,  52% used [0x00000000e5560000, 0x00000000e60a4ef0, 0x00000000e6ab0000)
  to   space 21824K,   0% used [0x00000000e6ab0000, 0x00000000e6ab0000, 0x00000000e8000000)
 concurrent mark-sweep generation total 393216K, used 0K [0x00000000e8000000, 0x0000000100000000, 0x0000000100000000)
 Metaspace       used 21473K, capacity 21850K, committed 21960K, reserved 1069056K
  class space    used 2481K, capacity 2634K, committed 2684K, reserved 1048576K
}
2018-06-19T14:54:11.508+0200: 3,181: Total time for which application threads were stopped: 0,0264121 seconds, Stopping threads took: 0,0001768 seconds
2018-06-19T14:54:11.529+0200: 3,202: Total time for which application threads were stopped: 0,0042041 seconds, Stopping threads took: 0,0040606 seconds
2018-06-19T14:54:11.529+0200: 3,202: [CMS-concurrent-abortable-preclean: 0,115/0,264 secs] [Times: user=0,68 sys=0,02, real=0,26 secs] 
2018-06-19T14:54:11.529+0200: 3,202: [GC (CMS Final Remark) [YG occupancy: 25710 K (109248 K)]{Heap before GC invocations=4 (full 1):
 par new generation   total 109248K, used 25710K [0x00000000e0000000, 0x00000000e8000000, 0x00000000e8000000)
  eden space 87424K,  16% used [0x00000000e0000000, 0x00000000e0dd6a28, 0x00000000e5560000)
  from space 21824K,  52% used [0x00000000e5560000, 0x00000000e60a4ef0, 0x00000000e6ab0000)
  to   space 21824K,   0% used [0x00000000e6ab0000, 0x00000000e6ab0000, 0x00000000e8000000)
 concurrent mark-sweep generation total 393216K, used 0K [0x00000000e8000000, 0x0000000100000000, 0x0000000100000000)
 Metaspace       used 21527K, capacity 21946K, committed 22216K, reserved 1069056K
  class space    used 2489K, capacity 2666K, committed 2684K, reserved 1048576K
2018-06-19T14:54:11.529+0200: 3,202: [GC (CMS Final Remark) 2018-06-19T14:54:11.529+0200: 3,202: [ParNew
Desired survivor size 20112992 bytes, new threshold 8 (max 8)
- age   1:     517384 bytes,     517384 total
- age   2:     214576 bytes,     731960 total
- age   3:    1442104 bytes,    2174064 total
- age   4:     496160 bytes,    2670224 total
- age   5:    6479408 bytes,    9149632 total
: 25710K->10491K(109248K), 0,0185676 secs] 25710K->10491K(502464K), 0,0187232 secs] [Times: user=0,05 sys=0,00, real=0,02 secs] 
Heap after GC invocations=5 (full 1):
 par new generation   total 109248K, used 10491K [0x00000000e0000000, 0x00000000e8000000, 0x00000000e8000000)
  eden space 87424K,   0% used [0x00000000e0000000, 0x00000000e0000000, 0x00000000e5560000)
  from space 21824K,  48% used [0x00000000e6ab0000, 0x00000000e74eee80, 0x00000000e8000000)
  to   space 21824K,   0% used [0x00000000e5560000, 0x00000000e5560000, 0x00000000e6ab0000)
 concurrent mark-sweep generation total 393216K, used 0K [0x00000000e8000000, 0x0000000100000000, 0x0000000100000000)
 Metaspace       used 21527K, capacity 21946K, committed 22216K, reserved 1069056K
  class space    used 2489K, capacity 2666K, committed 2684K, reserved 1048576K
}
2018-06-19T14:54:11.548+0200: 3,221: [Rescan (parallel) , 0,0054351 secs]2018-06-19T14:54:11.554+0200: 3,226: [weak refs processing, 0,0020936 secs]2018-06-19T14:54:11.556+0200: 3,229: [class unloading, 0,0036146 secs]2018-06-19T14:54:11.559+0200: 3,232: [scrub symbol table, 0,0045498 secs]2018-06-19T14:54:11.564+0200: 3,237: [scrub string table, 0,0003913 secs][1 CMS-remark: 0K(393216K)] 10491K(502464K), 0,0356365 secs] [Times: user=0,08 sys=0,00, real=0,04 secs] 
2018-06-19T14:54:11.565+0200: 3,238: Total time for which application threads were stopped: 0,0360169 seconds, Stopping threads took: 0,0002838 seconds
2018-06-19T14:54:11.565+0200: 3,238: [CMS-concurrent-sweep-start]
2018-06-19T14:54:11.565+0200: 3,238: [CMS-concurrent-sweep: 0,000/0,000 secs] [Times: user=0,00 sys=0,00, real=0,00 secs] 
2018-06-19T14:54:11.565+0200: 3,238: [CMS-concurrent-reset-start]
2018-06-19T14:54:11.569+0200: 3,242: [CMS-concurrent-reset: 0,004/0,004 secs] [Times: user=0,00 sys=0,00, real=0,00 secs] 
2018-06-19T14:54:11.599+0200: 3,271: Total time for which application threads were stopped: 0,0004329 seconds, Stopping threads took: 0,0000749 seconds
2018-06-19T14:54:11.617+0200: 3,290: Total time for which application threads were stopped: 0,0005390 seconds, Stopping threads took: 0,0001368 seconds
{Heap before GC invocations=5 (full 1):
 par new generation   total 109248K, used 97915K [0x00000000e0000000, 0x00000000e8000000, 0x00000000e8000000)
  eden space 87424K, 100% used [0x00000000e0000000, 0x00000000e5560000, 0x00000000e5560000)
  from space 21824K,  48% used [0x00000000e6ab0000, 0x00000000e74eee80, 0x00000000e8000000)
  to   space 21824K,   0% used [0x00000000e5560000, 0x00000000e5560000, 0x00000000e6ab0000)
 concurrent mark-sweep generation total 393216K, used 0K [0x00000000e8000000, 0x0000000100000000, 0x0000000100000000)
 Metaspace       used 22340K, capacity 22758K, committed 22856K, reserved 1069056K
  class space    used 2604K, capacity 2764K, committed 2812K, reserved 1048576K
2018-06-19T14:54:11.778+0200: 3,451: [GC (Allocation Failure) 2018-06-19T14:54:11.778+0200: 3,451: [ParNew
Desired survivor size 20112992 bytes, new threshold 8 (max 8)
- age   1:    1193480 bytes,    1193480 total
- age   2:      19776 bytes,    1213256 total
- age   3:     213328 bytes,    1426584 total
- age   4:     663480 bytes,    2090064 total
- age   5:     494176 bytes,    2584240 total
- age   6:    6478560 bytes,    9062800 total
: 97915K->12019K(109248K), 0,0475412 secs] 97915K->12019K(502464K), 0,0476206 secs] [Times: user=0,08 sys=0,00, real=0,05 secs] 
Heap after GC invocations=6 (full 1):
 par new generation   total 109248K, used 12019K [0x00000000e0000000, 0x00000000e8000000, 0x00000000e8000000)
  eden space 87424K,   0% used [0x00000000e0000000, 0x00000000e0000000, 0x00000000e5560000)
  from space 21824K,  55% used [0x00000000e5560000, 0x00000000e611cd10, 0x00000000e6ab0000)
  to   space 21824K,   0% used [0x00000000e6ab0000, 0x00000000e6ab0000, 0x00000000e8000000)
 concurrent mark-sweep generation total 393216K, used 0K [0x00000000e8000000, 0x0000000100000000, 0x0000000100000000)
 Metaspace       used 22340K, capacity 22758K, committed 22856K, reserved 1069056K
  class space    used 2604K, capacity 2764K, committed 2812K, reserved 1048576K
}
2018-06-19T14:54:11.826+0200: 3,499: Total time for which application threads were stopped: 0,0479176 seconds, Stopping threads took: 0,0000576 seconds
2018-06-19T14:54:12.233+0200: 3,906: Total time for which application threads were stopped: 0,0008544 seconds, Stopping threads took: 0,0000534 seconds
2018-06-19T14:54:12.258+0200: 3,931: Total time for which application threads were stopped: 0,0007027 seconds, Stopping threads took: 0,0000323 seconds
2018-06-19T14:54:12.392+0200: 4,064: Total time for which application threads were stopped: 0,0028102 seconds, Stopping threads took: 0,0002073 seconds
2018-06-19T14:54:12.444+0200: 4,117: Total time for which application threads were stopped: 0,0002520 seconds, Stopping threads took: 0,0001512 seconds
2018-06-19T14:54:12.444+0200: 4,117: Total time for which application threads were stopped: 0,0001606 seconds, Stopping threads took: 0,0000593 seconds
2018-06-19T14:54:12.444+0200: 4,117: Total time for which application threads were stopped: 0,0000777 seconds, Stopping threads took: 0,0000120 seconds
2018-06-19T14:54:12.446+0200: 4,119: Total time for which application threads were stopped: 0,0001107 seconds, Stopping threads took: 0,0000203 seconds
2018-06-19T14:54:12.446+0200: 4,119: Total time for which application threads were stopped: 0,0000967 seconds, Stopping threads took: 0,0000353 seconds
2018-06-19T14:54:12.446+0200: 4,119: Total time for which application threads were stopped: 0,0001019 seconds, Stopping threads took: 0,0000376 seconds
2018-06-19T14:54:12.449+0200: 4,122: Total time for which application threads were stopped: 0,0001188 seconds, Stopping threads took: 0,0000417 seconds
2018-06-19T14:54:12.450+0200: 4,123: Total time for which application threads were stopped: 0,0001200 seconds, Stopping threads took: 0,0000308 seconds
2018-06-19T14:54:12.450+0200: 4,123: Total time for which application threads were stopped: 0,0004944 seconds, Stopping threads took: 0,0004340 seconds
2018-06-19T14:54:12.451+0200: 4,124: Total time for which application threads were stopped: 0,0000983 seconds, Stopping threads took: 0,0000356 seconds
2018-06-19T14:54:12.451+0200: 4,124: Total time for which application threads were stopped: 0,0000931 seconds, Stopping threads took: 0,0000181 seconds
2018-06-19T14:54:12.452+0200: 4,124: Total time for which application threads were stopped: 0,0004245 seconds, Stopping threads took: 0,0003739 seconds
2018-06-19T14:54:12.455+0200: 4,128: Total time for which application threads were stopped: 0,0001971 seconds, Stopping threads took: 0,0000596 seconds
2018-06-19T14:54:12.456+0200: 4,129: Total time for which application threads were stopped: 0,0001660 seconds, Stopping threads took: 0,0000554 seconds
2018-06-19T14:54:12.459+0200: 4,132: Total time for which application threads were stopped: 0,0003892 seconds, Stopping threads took: 0,0000378 seconds
2018-06-19T14:54:12.461+0200: 4,134: Total time for which application threads were stopped: 0,0006236 seconds, Stopping threads took: 0,0001891 seconds
2018-06-19T14:54:12.465+0200: 4,138: Total time for which application threads were stopped: 0,0004174 seconds, Stopping threads took: 0,0002216 seconds
2018-06-19T14:54:12.467+0200: 4,140: Total time for which application threads were stopped: 0,0015096 seconds, Stopping threads took: 0,0014315 seconds
2018-06-19T14:54:12.470+0200: 4,143: Total time for which application threads were stopped: 0,0003474 seconds, Stopping threads took: 0,0000932 seconds
2018-06-19T14:54:12.471+0200: 4,144: Total time for which application threads were stopped: 0,0009984 seconds, Stopping threads took: 0,0009093 seconds
2018-06-19T14:54:12.472+0200: 4,145: Total time for which application threads were stopped: 0,0003176 seconds, Stopping threads took: 0,0002510 seconds
2018-06-19T14:54:12.472+0200: 4,145: Total time for which application threads were stopped: 0,0000922 seconds, Stopping threads took: 0,0000303 seconds
2018-06-19T14:54:12.474+0200: 4,147: Total time for which application threads were stopped: 0,0001412 seconds, Stopping threads took: 0,0000516 seconds
2018-06-19T14:54:12.474+0200: 4,147: Total time for which application threads were stopped: 0,0001176 seconds, Stopping threads took: 0,0000382 seconds
2018-06-19T14:54:12.475+0200: 4,148: Total time for which application threads were stopped: 0,0001074 seconds, Stopping threads took: 0,0000345 seconds
2018-06-19T14:54:12.475+0200: 4,148: Total time for which application threads were stopped: 0,0002284 seconds, Stopping threads took: 0,0001509 seconds
2018-06-19T14:54:12.481+0200: 4,154: Total time for which application threads were stopped: 0,0009441 seconds, Stopping threads took: 0,0003817 seconds
2018-06-19T14:54:12.483+0200: 4,156: Total time for which application threads were stopped: 0,0001467 seconds, Stopping threads took: 0,0000510 seconds
2018-06-19T14:54:12.483+0200: 4,156: Total time for which application threads were stopped: 0,0001897 seconds, Stopping threads took: 0,0001226 seconds
2018-06-19T14:54:12.484+0200: 4,157: Total time for which application threads were stopped: 0,0003553 seconds, Stopping threads took: 0,0003029 seconds
2018-06-19T14:54:12.484+0200: 4,157: Total time for which application threads were stopped: 0,0000806 seconds, Stopping threads took: 0,0000242 seconds
2018-06-19T14:54:12.484+0200: 4,157: Total time for which application threads were stopped: 0,0000677 seconds, Stopping threads took: 0,0000119 seconds
2018-06-19T14:54:12.485+0200: 4,158: Total time for which application threads were stopped: 0,0010874 seconds, Stopping threads took: 0,0007307 seconds
2018-06-19T14:54:12.486+0200: 4,159: Total time for which application threads were stopped: 0,0005214 seconds, Stopping threads took: 0,0000809 seconds
2018-06-19T14:54:12.487+0200: 4,160: Total time for which application threads were stopped: 0,0003468 seconds, Stopping threads took: 0,0002738 seconds
2018-06-19T14:54:12.487+0200: 4,160: Total time for which application threads were stopped: 0,0000828 seconds, Stopping threads took: 0,0000150 seconds
2018-06-19T14:54:12.487+0200: 4,160: Total time for which application threads were stopped: 0,0000550 seconds, Stopping threads took: 0,0000123 seconds
2018-06-19T14:54:12.487+0200: 4,160: Total time for which application threads were stopped: 0,0000694 seconds, Stopping threads took: 0,0000212 seconds
2018-06-19T14:54:12.487+0200: 4,160: Total time for which application threads were stopped: 0,0000649 seconds, Stopping threads took: 0,0000118 seconds
2018-06-19T14:54:12.487+0200: 4,160: Total time for which application threads were stopped: 0,0000575 seconds, Stopping threads took: 0,0000169 seconds
2018-06-19T14:54:12.487+0200: 4,160: Total time for which application threads were stopped: 0,0000660 seconds, Stopping threads took: 0,0000196 seconds
2018-06-19T14:54:12.488+0200: 4,160: Total time for which application threads were stopped: 0,0000512 seconds, Stopping threads took: 0,0000127 seconds
2018-06-19T14:54:12.488+0200: 4,161: Total time for which application threads were stopped: 0,0000785 seconds, Stopping threads took: 0,0000184 seconds
2018-06-19T14:54:12.491+0200: 4,164: Total time for which application threads were stopped: 0,0001584 seconds, Stopping threads took: 0,0000600 seconds
2018-06-19T14:54:12.499+0200: 4,172: Total time for which application threads were stopped: 0,0011623 seconds, Stopping threads took: 0,0001534 seconds
2018-06-19T14:54:12.499+0200: 4,172: Total time for which application threads were stopped: 0,0002332 seconds, Stopping threads took: 0,0000367 seconds
2018-06-19T14:54:12.500+0200: 4,173: Total time for which application threads were stopped: 0,0001725 seconds, Stopping threads took: 0,0000824 seconds
2018-06-19T14:54:12.501+0200: 4,174: Total time for which application threads were stopped: 0,0001041 seconds, Stopping threads took: 0,0000327 seconds
2018-06-19T14:54:12.501+0200: 4,174: Total time for which application threads were stopped: 0,0000757 seconds, Stopping threads took: 0,0000148 seconds
2018-06-19T14:54:12.501+0200: 4,174: Total time for which application threads were stopped: 0,0000903 seconds, Stopping threads took: 0,0000192 seconds
2018-06-19T14:54:12.501+0200: 4,174: Total time for which application threads were stopped: 0,0001212 seconds, Stopping threads took: 0,0000399 seconds
2018-06-19T14:54:12.501+0200: 4,174: Total time for which application threads were stopped: 0,0000929 seconds, Stopping threads took: 0,0000280 seconds
2018-06-19T14:54:12.502+0200: 4,174: Total time for which application threads were stopped: 0,0001121 seconds, Stopping threads took: 0,0000428 seconds
2018-06-19T14:54:12.502+0200: 4,175: Total time for which application threads were stopped: 0,0000948 seconds, Stopping threads took: 0,0000342 seconds
2018-06-19T14:54:12.502+0200: 4,175: Total time for which application threads were stopped: 0,0000864 seconds, Stopping threads took: 0,0000314 seconds
2018-06-19T14:54:12.502+0200: 4,175: Total time for which application threads were stopped: 0,0000753 seconds, Stopping threads took: 0,0000170 seconds
2018-06-19T14:54:12.502+0200: 4,175: Total time for which application threads were stopped: 0,0000849 seconds, Stopping threads took: 0,0000255 seconds
2018-06-19T14:54:12.502+0200: 4,175: Total time for which application threads were stopped: 0,0000879 seconds, Stopping threads took: 0,0000327 seconds
2018-06-19T14:54:12.503+0200: 4,175: Total time for which application threads were stopped: 0,0000766 seconds, Stopping threads took: 0,0000225 seconds
2018-06-19T14:54:12.503+0200: 4,176: Total time for which application threads were stopped: 0,0001105 seconds, Stopping threads took: 0,0000372 seconds
2018-06-19T14:54:12.504+0200: 4,176: Total time for which application threads were stopped: 0,0000798 seconds, Stopping threads took: 0,0000320 seconds
2018-06-19T14:54:12.504+0200: 4,177: Total time for which application threads were stopped: 0,0000784 seconds, Stopping threads took: 0,0000304 seconds
2018-06-19T14:54:12.504+0200: 4,177: Total time for which application threads were stopped: 0,0000691 seconds, Stopping threads took: 0,0000194 seconds
2018-06-19T14:54:12.504+0200: 4,177: Total time for which application threads were stopped: 0,0000871 seconds, Stopping threads took: 0,0000352 seconds
2018-06-19T14:54:12.504+0200: 4,177: Total time for which application threads were stopped: 0,0000784 seconds, Stopping threads took: 0,0000251 seconds
2018-06-19T14:54:12.506+0200: 4,179: Total time for which application threads were stopped: 0,0017307 seconds, Stopping threads took: 0,0004760 seconds
2018-06-19T14:54:12.526+0200: 4,199: Total time for which application threads were stopped: 0,0029584 seconds, Stopping threads took: 0,0024963 seconds
2018-06-19T14:54:12.541+0200: 4,214: Total time for which application threads were stopped: 0,0001117 seconds, Stopping threads took: 0,0000317 seconds
2018-06-19T14:54:12.553+0200: 4,226: Total time for which application threads were stopped: 0,0023987 seconds, Stopping threads took: 0,0023058 seconds
2018-06-19T14:54:12.566+0200: 4,239: Total time for which application threads were stopped: 0,0001263 seconds, Stopping threads took: 0,0000252 seconds
2018-06-19T14:54:12.569+0200: 4,242: Total time for which application threads were stopped: 0,0001789 seconds, Stopping threads took: 0,0000913 seconds
2018-06-19T14:54:12.571+0200: 4,244: Total time for which application threads were stopped: 0,0001355 seconds, Stopping threads took: 0,0000471 seconds
2018-06-19T14:54:12.574+0200: 4,247: Total time for which application threads were stopped: 0,0001659 seconds, Stopping threads took: 0,0000519 seconds
2018-06-19T14:54:12.705+0200: 4,377: Total time for which application threads were stopped: 0,0001660 seconds, Stopping threads took: 0,0000857 seconds
2018-06-19T14:54:12.709+0200: 4,382: Total time for which application threads were stopped: 0,0001923 seconds, Stopping threads took: 0,0001162 seconds
2018-06-19T14:54:12.713+0200: 4,386: Total time for which application threads were stopped: 0,0007548 seconds, Stopping threads took: 0,0006201 seconds
2018-06-19T14:54:12.715+0200: 4,388: Total time for which application threads were stopped: 0,0008478 seconds, Stopping threads took: 0,0007278 seconds
2018-06-19T14:54:12.716+0200: 4,389: Total time for which application threads were stopped: 0,0002110 seconds, Stopping threads took: 0,0000680 seconds
2018-06-19T14:54:12.717+0200: 4,390: Total time for which application threads were stopped: 0,0002206 seconds, Stopping threads took: 0,0000902 seconds
2018-06-19T14:54:12.746+0200: 4,419: Total time for which application threads were stopped: 0,0001309 seconds, Stopping threads took: 0,0000370 seconds
{Heap before GC invocations=6 (full 1):
 par new generation   total 109248K, used 99443K [0x00000000e0000000, 0x00000000e8000000, 0x00000000e8000000)
  eden space 87424K, 100% used [0x00000000e0000000, 0x00000000e5560000, 0x00000000e5560000)
  from space 21824K,  55% used [0x00000000e5560000, 0x00000000e611cd28, 0x00000000e6ab0000)
  to   space 21824K,   0% used [0x00000000e6ab0000, 0x00000000e6ab0000, 0x00000000e8000000)
 concurrent mark-sweep generation total 393216K, used 0K [0x00000000e8000000, 0x0000000100000000, 0x0000000100000000)
 Metaspace       used 26318K, capacity 26870K, committed 27132K, reserved 1073152K
  class space    used 3071K, capacity 3246K, committed 3324K, reserved 1048576K
2018-06-19T14:54:12.746+0200: 4,419: [GC (Allocation Failure) 2018-06-19T14:54:12.746+0200: 4,419: [ParNew
Desired survivor size 20112992 bytes, new threshold 8 (max 8)
- age   1:   10630656 bytes,   10630656 total
- age   2:     499680 bytes,   11130336 total
- age   3:      19480 bytes,   11149816 total
- age   4:     208288 bytes,   11358104 total
- age   5:     269248 bytes,   11627352 total
- age   6:     472064 bytes,   12099416 total
- age   7:    6456576 bytes,   18555992 total
: 99443K->21544K(109248K), 0,0206625 secs] 99443K->21544K(502464K), 0,0207281 secs] [Times: user=0,06 sys=0,00, real=0,02 secs] 
Heap after GC invocations=7 (full 1):
 par new generation   total 109248K, used 21544K [0x00000000e0000000, 0x00000000e8000000, 0x00000000e8000000)
  eden space 87424K,   0% used [0x00000000e0000000, 0x00000000e0000000, 0x00000000e5560000)
  from space 21824K,  98% used [0x00000000e6ab0000, 0x00000000e7fba110, 0x00000000e8000000)
  to   space 21824K,   0% used [0x00000000e5560000, 0x00000000e5560000, 0x00000000e6ab0000)
 concurrent mark-sweep generation total 393216K, used 0K [0x00000000e8000000, 0x0000000100000000, 0x0000000100000000)
 Metaspace       used 26318K, capacity 26870K, committed 27132K, reserved 1073152K
  class space    used 3071K, capacity 3246K, committed 3324K, reserved 1048576K
}
2018-06-19T14:54:12.767+0200: 4,440: Total time for which application threads were stopped: 0,0208927 seconds, Stopping threads took: 0,0000164 seconds
{Heap before GC invocations=7 (full 1):
 par new generation   total 109248K, used 22152K [0x00000000e0000000, 0x00000000e8000000, 0x00000000e8000000)
  eden space 87424K,   0% used [0x00000000e0000000, 0x00000000e00981a8, 0x00000000e5560000)
  from space 21824K,  98% used [0x00000000e6ab0000, 0x00000000e7fba110, 0x00000000e8000000)
  to   space 21824K,   0% used [0x00000000e5560000, 0x00000000e5560000, 0x00000000e6ab0000)
 concurrent mark-sweep generation total 393216K, used 0K [0x00000000e8000000, 0x0000000100000000, 0x0000000100000000)
 Metaspace       used 26318K, capacity 26870K, committed 27132K, reserved 1073152K
  class space    used 3071K, capacity 3246K, committed 3324K, reserved 1048576K
2018-06-19T14:54:12.767+0200: 4,440: [GC (GCLocker Initiated GC) 2018-06-19T14:54:12.767+0200: 4,440: [ParNew
Desired survivor size 20112992 bytes, new threshold 8 (max 8)
- age   1:     283288 bytes,     283288 total
- age   2:   10305576 bytes,   10588864 total
- age   3:     491656 bytes,   11080520 total
- age   4:      14632 bytes,   11095152 total
- age   5:     201840 bytes,   11296992 total
- age   6:     262536 bytes,   11559528 total
- age   7:     472064 bytes,   12031592 total
- age   8:    6456600 bytes,   18488192 total
: 22152K->21824K(109248K), 0,0241933 secs] 22152K->22262K(502464K), 0,0242663 secs] [Times: user=0,08 sys=0,00, real=0,03 secs] 
Heap after GC invocations=8 (full 1):
 par new generation   total 109248K, used 21824K [0x00000000e0000000, 0x00000000e8000000, 0x00000000e8000000)
  eden space 87424K,   0% used [0x00000000e0000000, 0x00000000e0000000, 0x00000000e5560000)
  from space 21824K, 100% used [0x00000000e5560000, 0x00000000e6ab0000, 0x00000000e6ab0000)
  to   space 21824K,   0% used [0x00000000e6ab0000, 0x00000000e6ab0000, 0x00000000e8000000)
 concurrent mark-sweep generation total 393216K, used 438K [0x00000000e8000000, 0x0000000100000000, 0x0000000100000000)
 Metaspace       used 26318K, capacity 26870K, committed 27132K, reserved 1073152K
  class space    used 3071K, capacity 3246K, committed 3324K, reserved 1048576K
}
2018-06-19T14:54:12.792+0200: 4,465: Total time for which application threads were stopped: 0,0244856 seconds, Stopping threads took: 0,0000333 seconds
2018-06-19T14:54:12.800+0200: 4,473: Total time for which application threads were stopped: 0,0003770 seconds, Stopping threads took: 0,0002925 seconds
2018-06-19T14:54:12.822+0200: 4,495: Total time for which application threads were stopped: 0,0001457 seconds, Stopping threads took: 0,0000488 seconds
2018-06-19T14:54:12.874+0200: 4,547: Total time for which application threads were stopped: 0,0004151 seconds, Stopping threads took: 0,0000436 seconds
2018-06-19T14:54:12.898+0200: 4,571: Total time for which application threads were stopped: 0,0005924 seconds, Stopping threads took: 0,0000643 seconds
2018-06-19T14:54:12.950+0200: 4,623: Total time for which application threads were stopped: 0,0006009 seconds, Stopping threads took: 0,0000541 seconds
2018-06-19T14:54:12.962+0200: 4,635: Total time for which application threads were stopped: 0,0003263 seconds, Stopping threads took: 0,0001904 seconds
2018-06-19T14:54:12.967+0200: 4,640: Total time for which application threads were stopped: 0,0024421 seconds, Stopping threads took: 0,0023460 seconds
2018-06-19T14:54:12.978+0200: 4,651: Total time for which application threads were stopped: 0,0007905 seconds, Stopping threads took: 0,0006769 seconds
2018-06-19T14:54:12.990+0200: 4,663: Total time for which application threads were stopped: 0,0001876 seconds, Stopping threads took: 0,0000639 seconds
2018-06-19T14:54:13.006+0200: 4,679: Total time for which application threads were stopped: 0,0039582 seconds, Stopping threads took: 0,0037929 seconds
2018-06-19T14:54:13.023+0200: 4,696: Total time for which application threads were stopped: 0,0041149 seconds, Stopping threads took: 0,0039089 seconds
2018-06-19T14:54:13.051+0200: 4,724: Total time for which application threads were stopped: 0,0007816 seconds, Stopping threads took: 0,0006193 seconds
2018-06-19T14:54:13.100+0200: 4,772: Total time for which application threads were stopped: 0,0026608 seconds, Stopping threads took: 0,0019686 seconds
2018-06-19T14:54:13.130+0200: 4,802: Total time for which application threads were stopped: 0,0002159 seconds, Stopping threads took: 0,0000677 seconds
2018-06-19T14:54:13.156+0200: 4,829: Total time for which application threads were stopped: 0,0001989 seconds, Stopping threads took: 0,0000579 seconds
{Heap before GC invocations=8 (full 1):
 par new generation   total 109248K, used 109232K [0x00000000e0000000, 0x00000000e8000000, 0x00000000e8000000)
  eden space 87424K,  99% used [0x00000000e0000000, 0x00000000e555c268, 0x00000000e5560000)
  from space 21824K, 100% used [0x00000000e5560000, 0x00000000e6ab0000, 0x00000000e6ab0000)
  to   space 21824K,   0% used [0x00000000e6ab0000, 0x00000000e6ab0000, 0x00000000e8000000)
 concurrent mark-sweep generation total 393216K, used 438K [0x00000000e8000000, 0x0000000100000000, 0x0000000100000000)
 Metaspace       used 28846K, capacity 29448K, committed 29692K, reserved 1075200K
  class space    used 3341K, capacity 3545K, committed 3580K, reserved 1048576K
2018-06-19T14:54:13.234+0200: 4,907: [GC (Allocation Failure) 2018-06-19T14:54:13.234+0200: 4,907: [ParNew
Desired survivor size 20112992 bytes, new threshold 8 (max 8)
- age   1:    8755144 bytes,    8755144 total
- age   2:     282960 bytes,    9038104 total
- age   3:    6887712 bytes,   15925816 total
- age   4:     491496 bytes,   16417312 total
- age   5:      14632 bytes,   16431944 total
- age   6:     201664 bytes,   16633608 total
- age   7:     262248 bytes,   16895856 total
- age   8:     463528 bytes,   17359384 total
: 109232K->21529K(109248K), 0,0630400 secs] 109671K->28845K(502464K), 0,0631417 secs] [Times: user=0,16 sys=0,02, real=0,06 secs] 
Heap after GC invocations=9 (full 1):
 par new generation   total 109248K, used 21529K [0x00000000e0000000, 0x00000000e8000000, 0x00000000e8000000)
  eden space 87424K,   0% used [0x00000000e0000000, 0x00000000e0000000, 0x00000000e5560000)
  from space 21824K,  98% used [0x00000000e6ab0000, 0x00000000e7fb6558, 0x00000000e8000000)
  to   space 21824K,   0% used [0x00000000e5560000, 0x00000000e5560000, 0x00000000e6ab0000)
 concurrent mark-sweep generation total 393216K, used 7316K [0x00000000e8000000, 0x0000000100000000, 0x0000000100000000)
 Metaspace       used 28846K, capacity 29448K, committed 29692K, reserved 1075200K
  class space    used 3341K, capacity 3545K, committed 3580K, reserved 1048576K
}
2018-06-19T14:54:13.297+0200: 4,970: Total time for which application threads were stopped: 0,0634303 seconds, Stopping threads took: 0,0000796 seconds
2018-06-19T14:54:13.306+0200: 4,979: Total time for which application threads were stopped: 0,0002176 seconds, Stopping threads took: 0,0000908 seconds
2018-06-19T14:54:13.312+0200: 4,985: Total time for which application threads were stopped: 0,0008216 seconds, Stopping threads took: 0,0002621 seconds
2018-06-19T14:54:13.315+0200: 4,988: Total time for which application threads were stopped: 0,0001670 seconds, Stopping threads took: 0,0000649 seconds
{Heap before GC invocations=9 (full 1):
 par new generation   total 109248K, used 108953K [0x00000000e0000000, 0x00000000e8000000, 0x00000000e8000000)
  eden space 87424K, 100% used [0x00000000e0000000, 0x00000000e5560000, 0x00000000e5560000)
  from space 21824K,  98% used [0x00000000e6ab0000, 0x00000000e7fb6558, 0x00000000e8000000)
  to   space 21824K,   0% used [0x00000000e5560000, 0x00000000e5560000, 0x00000000e6ab0000)
 concurrent mark-sweep generation total 393216K, used 7316K [0x00000000e8000000, 0x0000000100000000, 0x0000000100000000)
 Metaspace       used 28883K, capacity 29486K, committed 29692K, reserved 1075200K
  class space    used 3345K, capacity 3552K, committed 3580K, reserved 1048576K
2018-06-19T14:54:13.406+0200: 5,079: [GC (Allocation Failure) 2018-06-19T14:54:13.406+0200: 5,079: [ParNew
Desired survivor size 20112992 bytes, new threshold 8 (max 8)
- age   1:    1134464 bytes,    1134464 total
- age   2:    6096800 bytes,    7231264 total
- age   3:     282960 bytes,    7514224 total
- age   4:    6885520 bytes,   14399744 total
- age   5:     491496 bytes,   14891240 total
- age   6:      14632 bytes,   14905872 total
- age   7:     201456 bytes,   15107328 total
- age   8:     262248 bytes,   15369576 total
: 108953K->21824K(109248K), 0,0324819 secs] 116269K->29977K(502464K), 0,0326117 secs] [Times: user=0,09 sys=0,01, real=0,03 secs] 
Heap after GC invocations=10 (full 1):
 par new generation   total 109248K, used 21824K [0x00000000e0000000, 0x00000000e8000000, 0x00000000e8000000)
  eden space 87424K,   0% used [0x00000000e0000000, 0x00000000e0000000, 0x00000000e5560000)
  from space 21824K, 100% used [0x00000000e5560000, 0x00000000e6ab0000, 0x00000000e6ab0000)
  to   space 21824K,   0% used [0x00000000e6ab0000, 0x00000000e6ab0000, 0x00000000e8000000)
 concurrent mark-sweep generation total 393216K, used 8153K [0x00000000e8000000, 0x0000000100000000, 0x0000000100000000)
 Metaspace       used 28883K, capacity 29486K, committed 29692K, reserved 1075200K
  class space    used 3345K, capacity 3552K, committed 3580K, reserved 1048576K
}
2018-06-19T14:54:13.439+0200: 5,111: Total time for which application threads were stopped: 0,0404929 seconds, Stopping threads took: 0,0076022 seconds
2018-06-19T14:54:13.598+0200: 5,271: Total time for which application threads were stopped: 0,0002284 seconds, Stopping threads took: 0,0000511 seconds
2018-06-19T14:54:13.599+0200: 5,272: Total time for which application threads were stopped: 0,0001085 seconds, Stopping threads took: 0,0000322 seconds
{Heap before GC invocations=10 (full 1):
 par new generation   total 109248K, used 109248K [0x00000000e0000000, 0x00000000e8000000, 0x00000000e8000000)
  eden space 87424K, 100% used [0x00000000e0000000, 0x00000000e5560000, 0x00000000e5560000)
  from space 21824K, 100% used [0x00000000e5560000, 0x00000000e6ab0000, 0x00000000e6ab0000)
  to   space 21824K,   0% used [0x00000000e6ab0000, 0x00000000e6ab0000, 0x00000000e8000000)
 concurrent mark-sweep generation total 393216K, used 8153K [0x00000000e8000000, 0x0000000100000000, 0x0000000100000000)
 Metaspace       used 29024K, capacity 29642K, committed 29948K, reserved 1075200K
  class space    used 3351K, capacity 3560K, committed 3580K, reserved 1048576K
2018-06-19T14:54:13.618+0200: 5,291: [GC (Allocation Failure) 2018-06-19T14:54:13.618+0200: 5,291: [ParNew
Desired survivor size 20112992 bytes, new threshold 8 (max 8)
- age   1:    2685312 bytes,    2685312 total
- age   2:     131240 bytes,    2816552 total
- age   3:    5895272 bytes,    8711824 total
- age   4:     282960 bytes,    8994784 total
- age   5:    6885224 bytes,   15880008 total
- age   6:     491496 bytes,   16371504 total
- age   7:      14632 bytes,   16386136 total
- age   8:     201456 bytes,   16587592 total
: 109248K->21824K(109248K), 0,0230731 secs] 117401K->30298K(502464K), 0,0232053 secs] [Times: user=0,09 sys=0,00, real=0,02 secs] 
Heap after GC invocations=11 (full 1):
 par new generation   total 109248K, used 21824K [0x00000000e0000000, 0x00000000e8000000, 0x00000000e8000000)
  eden space 87424K,   0% used [0x00000000e0000000, 0x00000000e0000000, 0x00000000e5560000)
  from space 21824K, 100% used [0x00000000e6ab0000, 0x00000000e8000000, 0x00000000e8000000)
  to   space 21824K,   0% used [0x00000000e5560000, 0x00000000e5560000, 0x00000000e6ab0000)
 concurrent mark-sweep generation total 393216K, used 8474K [0x00000000e8000000, 0x0000000100000000, 0x0000000100000000)
 Metaspace       used 29024K, capacity 29642K, committed 29948K, reserved 1075200K
  class space    used 3351K, capacity 3560K, committed 3580K, reserved 1048576K
}
2018-06-19T14:54:13.641+0200: 5,314: Total time for which application threads were stopped: 0,0248063 seconds, Stopping threads took: 0,0012670 seconds
2018-06-19T14:54:13.643+0200: 5,316: Total time for which application threads were stopped: 0,0005143 seconds, Stopping threads took: 0,0003902 seconds
2018-06-19T14:54:13.661+0200: 5,334: Total time for which application threads were stopped: 0,0032645 seconds, Stopping threads took: 0,0030876 seconds
2018-06-19T14:54:14.661+0200: 6,334: Total time for which application threads were stopped: 0,0000900 seconds, Stopping threads took: 0,0000195 seconds
2018-06-19T14:54:15.662+0200: 7,335: Total time for which application threads were stopped: 0,0001434 seconds, Stopping threads took: 0,0000348 seconds
2018-06-19T14:54:30.664+0200: 22,337: Total time for which application threads were stopped: 0,0001023 seconds, Stopping threads took: 0,0000347 seconds
2018-06-19T14:54:42.667+0200: 34,340: Total time for which application threads were stopped: 0,0006082 seconds, Stopping threads took: 0,0002922 seconds
2018-06-19T14:54:42.675+0200: 34,348: Total time for which application threads were stopped: 0,0000976 seconds, Stopping threads took: 0,0000421 seconds
2018-06-19T14:54:42.696+0200: 34,369: Total time for which application threads were stopped: 0,0004167 seconds, Stopping threads took: 0,0000172 seconds
2018-06-19T14:54:42.709+0200: 34,382: Total time for which application threads were stopped: 0,0004044 seconds, Stopping threads took: 0,0000853 seconds
2018-06-19T14:54:42.709+0200: 34,382: Total time for which application threads were stopped: 0,0000478 seconds, Stopping threads took: 0,0000120 seconds
2018-06-19T14:54:42.709+0200: 34,382: Total time for which application threads were stopped: 0,0000365 seconds, Stopping threads took: 0,0000094 seconds
2018-06-19T14:54:42.713+0200: 34,386: Total time for which application threads were stopped: 0,0001088 seconds, Stopping threads took: 0,0000323 seconds
2018-06-19T14:54:42.713+0200: 34,386: Total time for which application threads were stopped: 0,0000654 seconds, Stopping threads took: 0,0000270 seconds
2018-06-19T14:54:42.713+0200: 34,386: Total time for which application threads were stopped: 0,0000576 seconds, Stopping threads took: 0,0000200 seconds
2018-06-19T14:54:42.713+0200: 34,386: Total time for which application threads were stopped: 0,0000543 seconds, Stopping threads took: 0,0000201 seconds
2018-06-19T14:54:42.719+0200: 34,391: Total time for which application threads were stopped: 0,0000812 seconds, Stopping threads took: 0,0000218 seconds
2018-06-19T14:54:42.721+0200: 34,394: Total time for which application threads were stopped: 0,0001027 seconds, Stopping threads took: 0,0000224 seconds
2018-06-19T14:54:42.721+0200: 34,394: Total time for which application threads were stopped: 0,0000692 seconds, Stopping threads took: 0,0000149 seconds
2018-06-19T14:54:42.721+0200: 34,394: Total time for which application threads were stopped: 0,0000354 seconds, Stopping threads took: 0,0000069 seconds
2018-06-19T14:54:42.721+0200: 34,394: Total time for which application threads were stopped: 0,0000338 seconds, Stopping threads took: 0,0000072 seconds
2018-06-19T14:54:42.721+0200: 34,394: Total time for which application threads were stopped: 0,0000271 seconds, Stopping threads took: 0,0000063 seconds
2018-06-19T14:54:42.721+0200: 34,394: Total time for which application threads were stopped: 0,0000733 seconds, Stopping threads took: 0,0000107 seconds
2018-06-19T14:54:42.722+0200: 34,395: Total time for which application threads were stopped: 0,0000769 seconds, Stopping threads took: 0,0000073 seconds
2018-06-19T14:54:42.727+0200: 34,400: Total time for which application threads were stopped: 0,0000942 seconds, Stopping threads took: 0,0000280 seconds
2018-06-19T14:54:42.782+0200: 34,455: Total time for which application threads were stopped: 0,0005513 seconds, Stopping threads took: 0,0001370 seconds
2018-06-19T14:54:42.806+0200: 34,479: Total time for which application threads were stopped: 0,0000918 seconds, Stopping threads took: 0,0000246 seconds
2018-06-19T14:54:42.814+0200: 34,487: Total time for which application threads were stopped: 0,0000924 seconds, Stopping threads took: 0,0000258 seconds
2018-06-19T14:54:42.820+0200: 34,493: Total time for which application threads were stopped: 0,0001255 seconds, Stopping threads took: 0,0000337 seconds
2018-06-19T14:54:42.828+0200: 34,500: Total time for which application threads were stopped: 0,0000784 seconds, Stopping threads took: 0,0000221 seconds
2018-06-19T14:54:42.903+0200: 34,575: Total time for which application threads were stopped: 0,0000849 seconds, Stopping threads took: 0,0000187 seconds
2018-06-19T14:54:42.903+0200: 34,576: Total time for which application threads were stopped: 0,0000376 seconds, Stopping threads took: 0,0000127 seconds
2018-06-19T14:54:42.903+0200: 34,576: Total time for which application threads were stopped: 0,0000487 seconds, Stopping threads took: 0,0000109 seconds
2018-06-19T14:54:42.932+0200: 34,605: Total time for which application threads were stopped: 0,0001989 seconds, Stopping threads took: 0,0000686 seconds
2018-06-19T14:54:42.932+0200: 34,605: Total time for which application threads were stopped: 0,0003077 seconds, Stopping threads took: 0,0001361 seconds
2018-06-19T14:54:42.933+0200: 34,606: Total time for which application threads were stopped: 0,0002758 seconds, Stopping threads took: 0,0000997 seconds
2018-06-19T14:54:42.935+0200: 34,608: Total time for which application threads were stopped: 0,0001510 seconds, Stopping threads took: 0,0000820 seconds
2018-06-19T14:54:42.935+0200: 34,608: Total time for which application threads were stopped: 0,0000936 seconds, Stopping threads took: 0,0000443 seconds
2018-06-19T14:54:42.935+0200: 34,608: Total time for which application threads were stopped: 0,0000592 seconds, Stopping threads took: 0,0000278 seconds
2018-06-19T14:54:42.936+0200: 34,609: Total time for which application threads were stopped: 0,0000608 seconds, Stopping threads took: 0,0000272 seconds
2018-06-19T14:54:42.936+0200: 34,609: Total time for which application threads were stopped: 0,0000463 seconds, Stopping threads took: 0,0000159 seconds
2018-06-19T14:54:42.936+0200: 34,609: Total time for which application threads were stopped: 0,0000438 seconds, Stopping threads took: 0,0000172 seconds
2018-06-19T14:54:42.936+0200: 34,609: Total time for which application threads were stopped: 0,0000448 seconds, Stopping threads took: 0,0000199 seconds
2018-06-19T14:54:42.936+0200: 34,609: Total time for which application threads were stopped: 0,0000573 seconds, Stopping threads took: 0,0000314 seconds
2018-06-19T14:54:42.936+0200: 34,609: Total time for which application threads were stopped: 0,0000860 seconds, Stopping threads took: 0,0000375 seconds
2018-06-19T14:54:42.936+0200: 34,609: Total time for which application threads were stopped: 0,0000438 seconds, Stopping threads took: 0,0000169 seconds
2018-06-19T14:54:42.937+0200: 34,609: Total time for which application threads were stopped: 0,0000450 seconds, Stopping threads took: 0,0000201 seconds
2018-06-19T14:54:42.937+0200: 34,610: Total time for which application threads were stopped: 0,0000681 seconds, Stopping threads took: 0,0000329 seconds
2018-06-19T14:54:42.937+0200: 34,610: Total time for which application threads were stopped: 0,0000433 seconds, Stopping threads took: 0,0000191 seconds
2018-06-19T14:54:42.937+0200: 34,610: Total time for which application threads were stopped: 0,0000414 seconds, Stopping threads took: 0,0000141 seconds
2018-06-19T14:54:42.937+0200: 34,610: Total time for which application threads were stopped: 0,0000803 seconds, Stopping threads took: 0,0000432 seconds
2018-06-19T14:54:42.937+0200: 34,610: Total time for which application threads were stopped: 0,0000596 seconds, Stopping threads took: 0,0000327 seconds
2018-06-19T14:54:42.937+0200: 34,610: Total time for which application threads were stopped: 0,0000417 seconds, Stopping threads took: 0,0000181 seconds
2018-06-19T14:54:42.938+0200: 34,611: Total time for which application threads were stopped: 0,0001598 seconds, Stopping threads took: 0,0000345 seconds
2018-06-19T14:54:42.948+0200: 34,621: Total time for which application threads were stopped: 0,0006264 seconds, Stopping threads took: 0,0002175 seconds
2018-06-19T14:54:43.053+0200: 34,725: Total time for which application threads were stopped: 0,0001155 seconds, Stopping threads took: 0,0000419 seconds
2018-06-19T14:54:43.079+0200: 34,752: Total time for which application threads were stopped: 0,0000893 seconds, Stopping threads took: 0,0000325 seconds
2018-06-19T14:54:43.092+0200: 34,765: Total time for which application threads were stopped: 0,0004364 seconds, Stopping threads took: 0,0000283 seconds
2018-06-19T14:54:43.094+0200: 34,767: Total time for which application threads were stopped: 0,0006232 seconds, Stopping threads took: 0,0000219 seconds
2018-06-19T14:54:43.108+0200: 34,781: Total time for which application threads were stopped: 0,0002353 seconds, Stopping threads took: 0,0000595 seconds
2018-06-19T14:54:43.109+0200: 34,782: Total time for which application threads were stopped: 0,0000853 seconds, Stopping threads took: 0,0000285 seconds
2018-06-19T14:54:43.110+0200: 34,783: Total time for which application threads were stopped: 0,0001011 seconds, Stopping threads took: 0,0000307 seconds
2018-06-19T14:54:43.111+0200: 34,784: Total time for which application threads were stopped: 0,0000953 seconds, Stopping threads took: 0,0000393 seconds
2018-06-19T14:54:43.114+0200: 34,787: Total time for which application threads were stopped: 0,0006882 seconds, Stopping threads took: 0,0002749 seconds
2018-06-19T14:54:43.118+0200: 34,790: Total time for which application threads were stopped: 0,0002146 seconds, Stopping threads took: 0,0000933 seconds
2018-06-19T14:54:43.119+0200: 34,792: Total time for which application threads were stopped: 0,0001214 seconds, Stopping threads took: 0,0000487 seconds
2018-06-19T14:54:43.123+0200: 34,796: Total time for which application threads were stopped: 0,0001076 seconds, Stopping threads took: 0,0000441 seconds
2018-06-19T14:54:43.124+0200: 34,797: Total time for which application threads were stopped: 0,0001130 seconds, Stopping threads took: 0,0000494 seconds
2018-06-19T14:54:43.127+0200: 34,800: Total time for which application threads were stopped: 0,0007880 seconds, Stopping threads took: 0,0004472 seconds
2018-06-19T14:54:43.129+0200: 34,802: Total time for which application threads were stopped: 0,0003074 seconds, Stopping threads took: 0,0002402 seconds
2018-06-19T14:54:43.130+0200: 34,803: Total time for which application threads were stopped: 0,0001040 seconds, Stopping threads took: 0,0000470 seconds
2018-06-19T14:54:43.131+0200: 34,804: Total time for which application threads were stopped: 0,0001062 seconds, Stopping threads took: 0,0000513 seconds
2018-06-19T14:54:43.132+0200: 34,805: Total time for which application threads were stopped: 0,0000891 seconds, Stopping threads took: 0,0000295 seconds
2018-06-19T14:54:43.135+0200: 34,808: Total time for which application threads were stopped: 0,0002940 seconds, Stopping threads took: 0,0001443 seconds
2018-06-19T14:54:43.139+0200: 34,812: Total time for which application threads were stopped: 0,0005844 seconds, Stopping threads took: 0,0002140 seconds
2018-06-19T14:54:43.141+0200: 34,813: Total time for which application threads were stopped: 0,0000847 seconds, Stopping threads took: 0,0000243 seconds
2018-06-19T14:54:43.141+0200: 34,814: Total time for which application threads were stopped: 0,0000895 seconds, Stopping threads took: 0,0000376 seconds
2018-06-19T14:54:43.143+0200: 34,815: Total time for which application threads were stopped: 0,0001931 seconds, Stopping threads took: 0,0000430 seconds
2018-06-19T14:54:43.542+0200: 35,215: Total time for which application threads were stopped: 0,0002345 seconds, Stopping threads took: 0,0000297 seconds
{Heap before GC invocations=11 (full 1):
 par new generation   total 109248K, used 109241K [0x00000000e0000000, 0x00000000e8000000, 0x00000000e8000000)
  eden space 87424K,  99% used [0x00000000e0000000, 0x00000000e555e458, 0x00000000e5560000)
  from space 21824K, 100% used [0x00000000e6ab0000, 0x00000000e8000000, 0x00000000e8000000)
  to   space 21824K,   0% used [0x00000000e5560000, 0x00000000e5560000, 0x00000000e6ab0000)
 concurrent mark-sweep generation total 393216K, used 8474K [0x00000000e8000000, 0x0000000100000000, 0x0000000100000000)
 Metaspace       used 30514K, capacity 31204K, committed 31356K, reserved 1077248K
  class space    used 3487K, capacity 3695K, committed 3708K, reserved 1048576K
2018-06-19T14:54:43.750+0200: 35,423: [GC (Allocation Failure) 2018-06-19T14:54:43.750+0200: 35,423: [ParNew
Desired survivor size 20112992 bytes, new threshold 6 (max 8)
- age   1:    4844608 bytes,    4844608 total
- age   2:    2654016 bytes,    7498624 total
- age   3:     131240 bytes,    7629864 total
- age   4:    5562008 bytes,   13191872 total
- age   5:     279552 bytes,   13471424 total
- age   6:    6802864 bytes,   20274288 total
- age   7:     491400 bytes,   20765688 total
- age   8:      14632 bytes,   20780320 total
: 109241K->21824K(109248K), 0,0267250 secs] 117715K->30698K(502464K), 0,0268100 secs] [Times: user=0,08 sys=0,00, real=0,03 secs] 
Heap after GC invocations=12 (full 1):
 par new generation   total 109248K, used 21824K [0x00000000e0000000, 0x00000000e8000000, 0x00000000e8000000)
  eden space 87424K,   0% used [0x00000000e0000000, 0x00000000e0000000, 0x00000000e5560000)
  from space 21824K, 100% used [0x00000000e5560000, 0x00000000e6ab0000, 0x00000000e6ab0000)
  to   space 21824K,   0% used [0x00000000e6ab0000, 0x00000000e6ab0000, 0x00000000e8000000)
 concurrent mark-sweep generation total 393216K, used 8874K [0x00000000e8000000, 0x0000000100000000, 0x0000000100000000)
 Metaspace       used 30514K, capacity 31204K, committed 31356K, reserved 1077248K
  class space    used 3487K, capacity 3695K, committed 3708K, reserved 1048576K
}
2018-06-19T14:54:43.776+0200: 35,449: Total time for which application threads were stopped: 0,0270480 seconds, Stopping threads took: 0,0000359 seconds
2018-06-19T14:54:43.777+0200: 35,450: Total time for which application threads were stopped: 0,0000997 seconds, Stopping threads took: 0,0000372 seconds
2018-06-19T14:54:43.777+0200: 35,450: Total time for which application threads were stopped: 0,0000555 seconds, Stopping threads took: 0,0000242 seconds
2018-06-19T14:54:43.874+0200: 35,547: Total time for which application threads were stopped: 0,0001585 seconds, Stopping threads took: 0,0000394 seconds
2018-06-19T14:54:43.874+0200: 35,547: Total time for which application threads were stopped: 0,0000844 seconds, Stopping threads took: 0,0000179 seconds
2018-06-19T14:54:43.882+0200: 35,555: Total time for which application threads were stopped: 0,0001583 seconds, Stopping threads took: 0,0000570 seconds
2018-06-19T14:54:43.928+0200: 35,601: Total time for which application threads were stopped: 0,0063280 seconds, Stopping threads took: 0,0056748 seconds
2018-06-19T14:54:43.973+0200: 35,646: Total time for which application threads were stopped: 0,0001374 seconds, Stopping threads took: 0,0000328 seconds
2018-06-19T14:54:44.000+0200: 35,672: Total time for which application threads were stopped: 0,0011644 seconds, Stopping threads took: 0,0010591 seconds
2018-06-19T14:54:44.019+0200: 35,692: Total time for which application threads were stopped: 0,0003195 seconds, Stopping threads took: 0,0001823 seconds
2018-06-19T14:54:44.026+0200: 35,699: Total time for which application threads were stopped: 0,0001642 seconds, Stopping threads took: 0,0000586 seconds
2018-06-19T14:54:44.030+0200: 35,703: Total time for which application threads were stopped: 0,0001996 seconds, Stopping threads took: 0,0000834 seconds
2018-06-19T14:54:44.037+0200: 35,710: Total time for which application threads were stopped: 0,0066430 seconds, Stopping threads took: 0,0060711 seconds
2018-06-19T14:54:44.051+0200: 35,724: Total time for which application threads were stopped: 0,0001913 seconds, Stopping threads took: 0,0000823 seconds
2018-06-19T14:54:44.053+0200: 35,726: Total time for which application threads were stopped: 0,0001549 seconds, Stopping threads took: 0,0000471 seconds
2018-06-19T14:54:44.059+0200: 35,732: Total time for which application threads were stopped: 0,0003486 seconds, Stopping threads took: 0,0001537 seconds
2018-06-19T14:54:44.079+0200: 35,752: Total time for which application threads were stopped: 0,0001652 seconds, Stopping threads took: 0,0000507 seconds
2018-06-19T14:54:44.080+0200: 35,753: Total time for which application threads were stopped: 0,0001561 seconds, Stopping threads took: 0,0000631 seconds
2018-06-19T14:54:44.081+0200: 35,754: Total time for which application threads were stopped: 0,0001326 seconds, Stopping threads took: 0,0000434 seconds
2018-06-19T14:54:44.088+0200: 35,761: Total time for which application threads were stopped: 0,0008008 seconds, Stopping threads took: 0,0002612 seconds
2018-06-19T14:54:44.092+0200: 35,765: Total time for which application threads were stopped: 0,0001415 seconds, Stopping threads took: 0,0000502 seconds
2018-06-19T14:54:44.101+0200: 35,774: Total time for which application threads were stopped: 0,0001182 seconds, Stopping threads took: 0,0000382 seconds
2018-06-19T14:54:44.107+0200: 35,780: Total time for which application threads were stopped: 0,0001778 seconds, Stopping threads took: 0,0000391 seconds
2018-06-19T14:54:44.108+0200: 35,781: Total time for which application threads were stopped: 0,0001670 seconds, Stopping threads took: 0,0000863 seconds
2018-06-19T14:54:44.111+0200: 35,784: Total time for which application threads were stopped: 0,0006926 seconds, Stopping threads took: 0,0005859 seconds
2018-06-19T14:54:44.162+0200: 35,834: Total time for which application threads were stopped: 0,0005591 seconds, Stopping threads took: 0,0002007 seconds
2018-06-19T14:54:44.174+0200: 35,847: Total time for which application threads were stopped: 0,0061344 seconds, Stopping threads took: 0,0060057 seconds
2018-06-19T14:54:44.182+0200: 35,855: Total time for which application threads were stopped: 0,0019426 seconds, Stopping threads took: 0,0018086 seconds
2018-06-19T14:54:44.203+0200: 35,876: Total time for which application threads were stopped: 0,0029513 seconds, Stopping threads took: 0,0028408 seconds
2018-06-19T14:54:44.204+0200: 35,877: Total time for which application threads were stopped: 0,0001416 seconds, Stopping threads took: 0,0000640 seconds
2018-06-19T14:54:44.215+0200: 35,888: Total time for which application threads were stopped: 0,0015575 seconds, Stopping threads took: 0,0009637 seconds
2018-06-19T14:54:44.310+0200: 35,983: Total time for which application threads were stopped: 0,0064972 seconds, Stopping threads took: 0,0063739 seconds
2018-06-19T14:54:44.311+0200: 35,984: Total time for which application threads were stopped: 0,0001549 seconds, Stopping threads took: 0,0000534 seconds
{Heap before GC invocations=12 (full 1):
 par new generation   total 109248K, used 109248K [0x00000000e0000000, 0x00000000e8000000, 0x00000000e8000000)
  eden space 87424K, 100% used [0x00000000e0000000, 0x00000000e5560000, 0x00000000e5560000)
  from space 21824K, 100% used [0x00000000e5560000, 0x00000000e6ab0000, 0x00000000e6ab0000)
  to   space 21824K,   0% used [0x00000000e6ab0000, 0x00000000e6ab0000, 0x00000000e8000000)
 concurrent mark-sweep generation total 393216K, used 8874K [0x00000000e8000000, 0x0000000100000000, 0x0000000100000000)
 Metaspace       used 30643K, capacity 31268K, committed 31612K, reserved 1077248K
  class space    used 3498K, capacity 3695K, committed 3708K, reserved 1048576K
2018-06-19T14:54:44.325+0200: 35,998: [GC (Allocation Failure) 2018-06-19T14:54:44.325+0200: 35,998: [ParNew
Desired survivor size 20112992 bytes, new threshold 8 (max 8)
- age   1:    1780688 bytes,    1780688 total
- age   2:    3961872 bytes,    5742560 total
- age   3:    2654016 bytes,    8396576 total
- age   4:     131240 bytes,    8527816 total
- age   5:    5560424 bytes,   14088240 total
- age   6:     274968 bytes,   14363208 total
: 109248K->19692K(109248K), 0,0807867 secs] 118122K->36703K(502464K), 0,0809891 secs] [Times: user=0,13 sys=0,00, real=0,08 secs] 
Heap after GC invocations=13 (full 1):
 par new generation   total 109248K, used 19692K [0x00000000e0000000, 0x00000000e8000000, 0x00000000e8000000)
  eden space 87424K,   0% used [0x00000000e0000000, 0x00000000e0000000, 0x00000000e5560000)
  from space 21824K,  90% used [0x00000000e6ab0000, 0x00000000e7deb098, 0x00000000e8000000)
  to   space 21824K,   0% used [0x00000000e5560000, 0x00000000e5560000, 0x00000000e6ab0000)
 concurrent mark-sweep generation total 393216K, used 17011K [0x00000000e8000000, 0x0000000100000000, 0x0000000100000000)
 Metaspace       used 30643K, capacity 31268K, committed 31612K, reserved 1077248K
  class space    used 3498K, capacity 3695K, committed 3708K, reserved 1048576K
}
2018-06-19T14:54:44.406+0200: 36,079: Total time for which application threads were stopped: 0,0896261 seconds, Stopping threads took: 0,0082830 seconds
2018-06-19T14:54:44.419+0200: 36,092: Total time for which application threads were stopped: 0,0001258 seconds, Stopping threads took: 0,0000296 seconds
2018-06-19T14:54:44.420+0200: 36,093: Total time for which application threads were stopped: 0,0002474 seconds, Stopping threads took: 0,0000484 seconds
2018-06-19T14:54:44.420+0200: 36,093: Total time for which application threads were stopped: 0,0000742 seconds, Stopping threads took: 0,0000122 seconds
2018-06-19T14:54:44.441+0200: 36,113: Total time for which application threads were stopped: 0,0001685 seconds, Stopping threads took: 0,0000634 seconds
2018-06-19T14:54:44.526+0200: 36,199: Total time for which application threads were stopped: 0,0002120 seconds, Stopping threads took: 0,0000793 seconds
{Heap before GC invocations=13 (full 1):
 par new generation   total 109248K, used 107116K [0x00000000e0000000, 0x00000000e8000000, 0x00000000e8000000)
  eden space 87424K, 100% used [0x00000000e0000000, 0x00000000e5560000, 0x00000000e5560000)
  from space 21824K,  90% used [0x00000000e6ab0000, 0x00000000e7deb098, 0x00000000e8000000)
  to   space 21824K,   0% used [0x00000000e5560000, 0x00000000e5560000, 0x00000000e6ab0000)
 concurrent mark-sweep generation total 393216K, used 17011K [0x00000000e8000000, 0x0000000100000000, 0x0000000100000000)
 Metaspace       used 30792K, capacity 31428K, committed 31740K, reserved 1077248K
  class space    used 3509K, capacity 3727K, committed 3836K, reserved 1048576K
2018-06-19T14:54:44.677+0200: 36,350: [GC (Allocation Failure) 2018-06-19T14:54:44.677+0200: 36,350: [ParNew
Desired survivor size 20112992 bytes, new threshold 8 (max 8)
- age   1:    1494816 bytes,    1494816 total
- age   2:     601480 bytes,    2096296 total
- age   3:    3367032 bytes,    5463328 total
- age   4:    2654016 bytes,    8117344 total
- age   5:     131240 bytes,    8248584 total
- age   6:    5560368 bytes,   13808952 total
- age   7:     271176 bytes,   14080128 total
: 107116K->17681K(109248K), 0,0353749 secs] 124127K->34693K(502464K), 0,0355469 secs] [Times: user=0,06 sys=0,00, real=0,04 secs] 
Heap after GC invocations=14 (full 1):
 par new generation   total 109248K, used 17681K [0x00000000e0000000, 0x00000000e8000000, 0x00000000e8000000)
  eden space 87424K,   0% used [0x00000000e0000000, 0x00000000e0000000, 0x00000000e5560000)
  from space 21824K,  81% used [0x00000000e5560000, 0x00000000e66a4720, 0x00000000e6ab0000)
  to   space 21824K,   0% used [0x00000000e6ab0000, 0x00000000e6ab0000, 0x00000000e8000000)
 concurrent mark-sweep generation total 393216K, used 17011K [0x00000000e8000000, 0x0000000100000000, 0x0000000100000000)
 Metaspace       used 30792K, capacity 31428K, committed 31740K, reserved 1077248K
  class space    used 3509K, capacity 3727K, committed 3836K, reserved 1048576K
}
2018-06-19T14:54:44.714+0200: 36,387: Total time for which application threads were stopped: 0,0370554 seconds, Stopping threads took: 0,0000509 seconds
{Heap before GC invocations=14 (full 1):
 par new generation   total 109248K, used 105105K [0x00000000e0000000, 0x00000000e8000000, 0x00000000e8000000)
  eden space 87424K, 100% used [0x00000000e0000000, 0x00000000e5560000, 0x00000000e5560000)
  from space 21824K,  81% used [0x00000000e5560000, 0x00000000e66a4720, 0x00000000e6ab0000)
  to   space 21824K,   0% used [0x00000000e6ab0000, 0x00000000e6ab0000, 0x00000000e8000000)
 concurrent mark-sweep generation total 393216K, used 17011K [0x00000000e8000000, 0x0000000100000000, 0x0000000100000000)
 Metaspace       used 30793K, capacity 31428K, committed 31740K, reserved 1077248K
  class space    used 3509K, capacity 3727K, committed 3836K, reserved 1048576K
2018-06-19T14:54:44.996+0200: 36,669: [GC (Allocation Failure) 2018-06-19T14:54:44.996+0200: 36,669: [ParNew
Desired survivor size 20112992 bytes, new threshold 8 (max 8)
- age   1:    1509408 bytes,    1509408 total
- age   2:    1002032 bytes,    2511440 total
- age   3:     600912 bytes,    3112352 total
- age   4:    3365800 bytes,    6478152 total
- age   5:    2686800 bytes,    9164952 total
- age   6:     131240 bytes,    9296192 total
- age   7:    5560368 bytes,   14856560 total
- age   8:     266304 bytes,   15122864 total
: 105105K->18820K(109248K), 0,0731059 secs] 122117K->35831K(502464K), 0,0732274 secs] [Times: user=0,07 sys=0,00, real=0,07 secs] 
Heap after GC invocations=15 (full 1):
 par new generation   total 109248K, used 18820K [0x00000000e0000000, 0x00000000e8000000, 0x00000000e8000000)
  eden space 87424K,   0% used [0x00000000e0000000, 0x00000000e0000000, 0x00000000e5560000)
  from space 21824K,  86% used [0x00000000e6ab0000, 0x00000000e7d11230, 0x00000000e8000000)
  to   space 21824K,   0% used [0x00000000e5560000, 0x00000000e5560000, 0x00000000e6ab0000)
 concurrent mark-sweep generation total 393216K, used 17011K [0x00000000e8000000, 0x0000000100000000, 0x0000000100000000)
 Metaspace       used 30793K, capacity 31428K, committed 31740K, reserved 1077248K
  class space    used 3509K, capacity 3727K, committed 3836K, reserved 1048576K
}
2018-06-19T14:54:45.069+0200: 36,742: Total time for which application threads were stopped: 0,0735598 seconds, Stopping threads took: 0,0000418 seconds
2018-06-19T14:54:45.163+0200: 36,836: Total time for which application threads were stopped: 0,0118751 seconds, Stopping threads took: 0,0116956 seconds
2018-06-19T14:54:45.172+0200: 36,845: Total time for which application threads were stopped: 0,0016775 seconds, Stopping threads took: 0,0015159 seconds
2018-06-19T14:54:45.173+0200: 36,846: Total time for which application threads were stopped: 0,0002788 seconds, Stopping threads took: 0,0000690 seconds
2018-06-19T14:54:45.330+0200: 37,003: Total time for which application threads were stopped: 0,0065854 seconds, Stopping threads took: 0,0064449 seconds
2018-06-19T14:54:45.331+0200: 37,004: Total time for which application threads were stopped: 0,0005134 seconds, Stopping threads took: 0,0003908 seconds
2018-06-19T14:54:45.354+0200: 37,027: Total time for which application threads were stopped: 0,0054597 seconds, Stopping threads took: 0,0053061 seconds
{Heap before GC invocations=15 (full 1):
 par new generation   total 109248K, used 106244K [0x00000000e0000000, 0x00000000e8000000, 0x00000000e8000000)
  eden space 87424K, 100% used [0x00000000e0000000, 0x00000000e5560000, 0x00000000e5560000)
  from space 21824K,  86% used [0x00000000e6ab0000, 0x00000000e7d11230, 0x00000000e8000000)
  to   space 21824K,   0% used [0x00000000e5560000, 0x00000000e5560000, 0x00000000e6ab0000)
 concurrent mark-sweep generation total 393216K, used 17011K [0x00000000e8000000, 0x0000000100000000, 0x0000000100000000)
 Metaspace       used 30811K, capacity 31492K, committed 31740K, reserved 1077248K
  class space    used 3509K, capacity 3727K, committed 3836K, reserved 1048576K
2018-06-19T14:54:45.399+0200: 37,071: [GC (Allocation Failure) 2018-06-19T14:54:45.399+0200: 37,071: [ParNew
Desired survivor size 20112992 bytes, new threshold 8 (max 8)
- age   1:    1684984 bytes,    1684984 total
- age   2:    1308736 bytes,    2993720 total
- age   3:     982232 bytes,    3975952 total
- age   4:     514296 bytes,    4490248 total
- age   5:    3365528 bytes,    7855776 total
- age   6:    2654016 bytes,   10509792 total
- age   7:     131240 bytes,   10641032 total
- age   8:    5560368 bytes,   16201400 total
: 106244K->18396K(109248K), 0,0459955 secs] 123255K->35663K(502464K), 0,0462123 secs] [Times: user=0,07 sys=0,00, real=0,05 secs] 
Heap after GC invocations=16 (full 1):
 par new generation   total 109248K, used 18396K [0x00000000e0000000, 0x00000000e8000000, 0x00000000e8000000)
  eden space 87424K,   0% used [0x00000000e0000000, 0x00000000e0000000, 0x00000000e5560000)
  from space 21824K,  84% used [0x00000000e5560000, 0x00000000e6757100, 0x00000000e6ab0000)
  to   space 21824K,   0% used [0x00000000e6ab0000, 0x00000000e6ab0000, 0x00000000e8000000)
 concurrent mark-sweep generation total 393216K, used 17266K [0x00000000e8000000, 0x0000000100000000, 0x0000000100000000)
 Metaspace       used 30811K, capacity 31492K, committed 31740K, reserved 1077248K
  class space    used 3509K, capacity 3727K, committed 3836K, reserved 1048576K
}
2018-06-19T14:54:45.445+0200: 37,118: Total time for which application threads were stopped: 0,0515651 seconds, Stopping threads took: 0,0050569 seconds
{Heap before GC invocations=16 (full 1):
 par new generation   total 109248K, used 105820K [0x00000000e0000000, 0x00000000e8000000, 0x00000000e8000000)
  eden space 87424K, 100% used [0x00000000e0000000, 0x00000000e5560000, 0x00000000e5560000)
  from space 21824K,  84% used [0x00000000e5560000, 0x00000000e6757100, 0x00000000e6ab0000)
  to   space 21824K,   0% used [0x00000000e6ab0000, 0x00000000e6ab0000, 0x00000000e8000000)
 concurrent mark-sweep generation total 393216K, used 17266K [0x00000000e8000000, 0x0000000100000000, 0x0000000100000000)
 Metaspace       used 30845K, capacity 31498K, committed 31740K, reserved 1077248K
  class space    used 3510K, capacity 3728K, committed 3836K, reserved 1048576K
2018-06-19T14:54:45.639+0200: 37,312: [GC (Allocation Failure) 2018-06-19T14:54:45.640+0200: 37,312: [ParNew
Desired survivor size 20112992 bytes, new threshold 8 (max 8)
- age   1:    1485768 bytes,    1485768 total
- age   2:     985720 bytes,    2471488 total
- age   3:      93672 bytes,    2565160 total
- age   4:     292784 bytes,    2857944 total
- age   5:     202840 bytes,    3060784 total
- age   6:    3364784 bytes,    6425568 total
- age   7:    2654016 bytes,    9079584 total
- age   8:     131240 bytes,    9210824 total
: 105820K->14165K(109248K), 0,0763351 secs] 123087K->36882K(502464K), 0,0764881 secs] [Times: user=0,17 sys=0,01, real=0,08 secs] 
Heap after GC invocations=17 (full 1):
 par new generation   total 109248K, used 14165K [0x00000000e0000000, 0x00000000e8000000, 0x00000000e8000000)
  eden space 87424K,   0% used [0x00000000e0000000, 0x00000000e0000000, 0x00000000e5560000)
  from space 21824K,  64% used [0x00000000e6ab0000, 0x00000000e7885798, 0x00000000e8000000)
  to   space 21824K,   0% used [0x00000000e5560000, 0x00000000e5560000, 0x00000000e6ab0000)
 concurrent mark-sweep generation total 393216K, used 22716K [0x00000000e8000000, 0x0000000100000000, 0x0000000100000000)
 Metaspace       used 30845K, capacity 31498K, committed 31740K, reserved 1077248K
  class space    used 3510K, capacity 3728K, committed 3836K, reserved 1048576K
}
2018-06-19T14:54:45.716+0200: 37,389: Total time for which application threads were stopped: 0,0769617 seconds, Stopping threads took: 0,0000510 seconds
{Heap before GC invocations=17 (full 1):
 par new generation   total 109248K, used 101589K [0x00000000e0000000, 0x00000000e8000000, 0x00000000e8000000)
  eden space 87424K, 100% used [0x00000000e0000000, 0x00000000e5560000, 0x00000000e5560000)
  from space 21824K,  64% used [0x00000000e6ab0000, 0x00000000e7885798, 0x00000000e8000000)
  to   space 21824K,   0% used [0x00000000e5560000, 0x00000000e5560000, 0x00000000e6ab0000)
 concurrent mark-sweep generation total 393216K, used 22716K [0x00000000e8000000, 0x0000000100000000, 0x0000000100000000)
 Metaspace       used 30846K, capacity 31498K, committed 31740K, reserved 1077248K
  class space    used 3510K, capacity 3728K, committed 3836K, reserved 1048576K
2018-06-19T14:54:45.932+0200: 37,605: [GC (Allocation Failure) 2018-06-19T14:54:45.932+0200: 37,605: [ParNew
Desired survivor size 20112992 bytes, new threshold 8 (max 8)
- age   1:    1644592 bytes,    1644592 total
- age   2:     970048 bytes,    2614640 total
- age   3:     985544 bytes,    3600184 total
- age   4:      93672 bytes,    3693856 total
- age   5:     291968 bytes,    3985824 total
- age   6:     202432 bytes,    4188256 total
- age   7:    3364112 bytes,    7552368 total
- age   8:    2654016 bytes,   10206384 total
: 101589K->12704K(109248K), 0,0485648 secs] 124306K->35552K(502464K), 0,0486892 secs] [Times: user=0,12 sys=0,00, real=0,04 secs] 
Heap after GC invocations=18 (full 1):
 par new generation   total 109248K, used 12704K [0x00000000e0000000, 0x00000000e8000000, 0x00000000e8000000)
  eden space 87424K,   0% used [0x00000000e0000000, 0x00000000e0000000, 0x00000000e5560000)
  from space 21824K,  58% used [0x00000000e5560000, 0x00000000e61c8310, 0x00000000e6ab0000)
  to   space 21824K,   0% used [0x00000000e6ab0000, 0x00000000e6ab0000, 0x00000000e8000000)
 concurrent mark-sweep generation total 393216K, used 22847K [0x00000000e8000000, 0x0000000100000000, 0x0000000100000000)
 Metaspace       used 30846K, capacity 31498K, committed 31740K, reserved 1077248K
  class space    used 3510K, capacity 3728K, committed 3836K, reserved 1048576K
}
2018-06-19T14:54:45.981+0200: 37,653: Total time for which application threads were stopped: 0,0489812 seconds, Stopping threads took: 0,0000452 seconds
2018-06-19T14:54:46.159+0200: 37,832: Total time for which application threads were stopped: 0,0036932 seconds, Stopping threads took: 0,0029445 seconds
2018-06-19T14:54:46.185+0200: 37,858: Total time for which application threads were stopped: 0,0063565 seconds, Stopping threads took: 0,0062619 seconds
2018-06-19T14:54:46.212+0200: 37,885: Total time for which application threads were stopped: 0,0082110 seconds, Stopping threads took: 0,0080481 seconds
{Heap before GC invocations=18 (full 1):
 par new generation   total 109248K, used 100128K [0x00000000e0000000, 0x00000000e8000000, 0x00000000e8000000)
  eden space 87424K, 100% used [0x00000000e0000000, 0x00000000e5560000, 0x00000000e5560000)
  from space 21824K,  58% used [0x00000000e5560000, 0x00000000e61c8310, 0x00000000e6ab0000)
  to   space 21824K,   0% used [0x00000000e6ab0000, 0x00000000e6ab0000, 0x00000000e8000000)
 concurrent mark-sweep generation total 393216K, used 22847K [0x00000000e8000000, 0x0000000100000000, 0x0000000100000000)
 Metaspace       used 30861K, capacity 31498K, committed 31740K, reserved 1077248K
  class space    used 3510K, capacity 3728K, committed 3836K, reserved 1048576K
2018-06-19T14:54:46.313+0200: 37,986: [GC (Allocation Failure) 2018-06-19T14:54:46.313+0200: 37,986: [ParNew
Desired survivor size 20112992 bytes, new threshold 8 (max 8)
- age   1:    1973600 bytes,    1973600 total
- age   2:    1098936 bytes,    3072536 total
- age   3:     917328 bytes,    3989864 total
- age   4:     870136 bytes,    4860000 total
- age   5:      93672 bytes,    4953672 total
- age   6:     291936 bytes,    5245608 total
- age   7:     201968 bytes,    5447576 total
- age   8:    3363032 bytes,    8810608 total
: 100128K->13118K(109248K), 0,0341467 secs] 122976K->38569K(502464K), 0,0342571 secs] [Times: user=0,08 sys=0,00, real=0,03 secs] 
Heap after GC invocations=19 (full 1):
 par new generation   total 109248K, used 13118K [0x00000000e0000000, 0x00000000e8000000, 0x00000000e8000000)
  eden space 87424K,   0% used [0x00000000e0000000, 0x00000000e0000000, 0x00000000e5560000)
  from space 21824K,  60% used [0x00000000e6ab0000, 0x00000000e777fb40, 0x00000000e8000000)
  to   space 21824K,   0% used [0x00000000e5560000, 0x00000000e5560000, 0x00000000e6ab0000)
 concurrent mark-sweep generation total 393216K, used 25450K [0x00000000e8000000, 0x0000000100000000, 0x0000000100000000)
 Metaspace       used 30861K, capacity 31498K, committed 31740K, reserved 1077248K
  class space    used 3510K, capacity 3728K, committed 3836K, reserved 1048576K
}
2018-06-19T14:54:46.348+0200: 38,021: Total time for which application threads were stopped: 0,0410063 seconds, Stopping threads took: 0,0064997 seconds
2018-06-19T14:54:46.448+0200: 38,121: Total time for which application threads were stopped: 0,0061760 seconds, Stopping threads took: 0,0060425 seconds
2018-06-19T14:54:46.455+0200: 38,128: Total time for which application threads were stopped: 0,0015554 seconds, Stopping threads took: 0,0013961 seconds
2018-06-19T14:54:46.457+0200: 38,130: Total time for which application threads were stopped: 0,0001859 seconds, Stopping threads took: 0,0000582 seconds
{Heap before GC invocations=19 (full 1):
 par new generation   total 109248K, used 100542K [0x00000000e0000000, 0x00000000e8000000, 0x00000000e8000000)
  eden space 87424K, 100% used [0x00000000e0000000, 0x00000000e5560000, 0x00000000e5560000)
  from space 21824K,  60% used [0x00000000e6ab0000, 0x00000000e777fb40, 0x00000000e8000000)
  to   space 21824K,   0% used [0x00000000e5560000, 0x00000000e5560000, 0x00000000e6ab0000)
 concurrent mark-sweep generation total 393216K, used 25450K [0x00000000e8000000, 0x0000000100000000, 0x0000000100000000)
 Metaspace       used 30872K, capacity 31498K, committed 31740K, reserved 1077248K
  class space    used 3510K, capacity 3728K, committed 3836K, reserved 1048576K
2018-06-19T14:54:46.611+0200: 38,284: [GC (Allocation Failure) 2018-06-19T14:54:46.611+0200: 38,284: [ParNew
Desired survivor size 20112992 bytes, new threshold 8 (max 8)
- age   1:    1618128 bytes,    1618128 total
- age   2:     745256 bytes,    2363384 total
- age   3:      86008 bytes,    2449392 total
- age   4:     287232 bytes,    2736624 total
- age   5:     192592 bytes,    2929216 total
- age   6:      93672 bytes,    3022888 total
- age   7:     291856 bytes,    3314744 total
- age   8:     201120 bytes,    3515864 total
: 100542K->6506K(109248K), 0,0360035 secs] 125993K->35311K(502464K), 0,0361253 secs] [Times: user=0,07 sys=0,00, real=0,03 secs] 
Heap after GC invocations=20 (full 1):
 par new generation   total 109248K, used 6506K [0x00000000e0000000, 0x00000000e8000000, 0x00000000e8000000)
  eden space 87424K,   0% used [0x00000000e0000000, 0x00000000e0000000, 0x00000000e5560000)
  from space 21824K,  29% used [0x00000000e5560000, 0x00000000e5bba8d0, 0x00000000e6ab0000)
  to   space 21824K,   0% used [0x00000000e6ab0000, 0x00000000e6ab0000, 0x00000000e8000000)
 concurrent mark-sweep generation total 393216K, used 28805K [0x00000000e8000000, 0x0000000100000000, 0x0000000100000000)
 Metaspace       used 30872K, capacity 31498K, committed 31740K, reserved 1077248K
  class space    used 3510K, capacity 3728K, committed 3836K, reserved 1048576K
}
2018-06-19T14:54:46.647+0200: 38,320: Total time for which application threads were stopped: 0,0364796 seconds, Stopping threads took: 0,0000427 seconds
{Heap before GC invocations=20 (full 1):
 par new generation   total 109248K, used 93930K [0x00000000e0000000, 0x00000000e8000000, 0x00000000e8000000)
  eden space 87424K, 100% used [0x00000000e0000000, 0x00000000e5560000, 0x00000000e5560000)
  from space 21824K,  29% used [0x00000000e5560000, 0x00000000e5bba8d0, 0x00000000e6ab0000)
  to   space 21824K,   0% used [0x00000000e6ab0000, 0x00000000e6ab0000, 0x00000000e8000000)
 concurrent mark-sweep generation total 393216K, used 28805K [0x00000000e8000000, 0x0000000100000000, 0x0000000100000000)
 Metaspace       used 30929K, capacity 31562K, committed 31996K, reserved 1077248K
  class space    used 3510K, capacity 3728K, committed 3836K, reserved 1048576K
2018-06-19T14:54:46.858+0200: 38,531: [GC (Allocation Failure) 2018-06-19T14:54:46.858+0200: 38,531: [ParNew
Desired survivor size 20112992 bytes, new threshold 8 (max 8)
- age   1:    1599864 bytes,    1599864 total
- age   2:    1193408 bytes,    2793272 total
- age   3:     745176 bytes,    3538448 total
- age   4:      86008 bytes,    3624456 total
- age   5:     286416 bytes,    3910872 total
- age   6:     192592 bytes,    4103464 total
- age   7:      93672 bytes,    4197136 total
- age   8:     291824 bytes,    4488960 total
: 93930K->5616K(109248K), 0,0100905 secs] 122735K->34618K(502464K), 0,0102056 secs] [Times: user=0,02 sys=0,00, real=0,01 secs] 
Heap after GC invocations=21 (full 1):
 par new generation   total 109248K, used 5616K [0x00000000e0000000, 0x00000000e8000000, 0x00000000e8000000)
  eden space 87424K,   0% used [0x00000000e0000000, 0x00000000e0000000, 0x00000000e5560000)
  from space 21824K,  25% used [0x00000000e6ab0000, 0x00000000e702c1a0, 0x00000000e8000000)
  to   space 21824K,   0% used [0x00000000e5560000, 0x00000000e5560000, 0x00000000e6ab0000)
 concurrent mark-sweep generation total 393216K, used 29001K [0x00000000e8000000, 0x0000000100000000, 0x0000000100000000)
 Metaspace       used 30929K, capacity 31562K, committed 31996K, reserved 1077248K
  class space    used 3510K, capacity 3728K, committed 3836K, reserved 1048576K
}
2018-06-19T14:54:46.869+0200: 38,541: Total time for which application threads were stopped: 0,0104746 seconds, Stopping threads took: 0,0000402 seconds
{Heap before GC invocations=21 (full 1):
 par new generation   total 109248K, used 93028K [0x00000000e0000000, 0x00000000e8000000, 0x00000000e8000000)
  eden space 87424K,  99% used [0x00000000e0000000, 0x00000000e555d108, 0x00000000e5560000)
  from space 21824K,  25% used [0x00000000e6ab0000, 0x00000000e702c1a0, 0x00000000e8000000)
  to   space 21824K,   0% used [0x00000000e5560000, 0x00000000e5560000, 0x00000000e6ab0000)
 concurrent mark-sweep generation total 393216K, used 29001K [0x00000000e8000000, 0x0000000100000000, 0x0000000100000000)
 Metaspace       used 30937K, capacity 31562K, committed 31996K, reserved 1077248K
  class space    used 3510K, capacity 3728K, committed 3836K, reserved 1048576K
2018-06-19T14:54:47.039+0200: 38,712: [GC (Allocation Failure) 2018-06-19T14:54:47.039+0200: 38,712: [ParNew
Desired survivor size 20112992 bytes, new threshold 8 (max 8)
- age   1:    1616360 bytes,    1616360 total
- age   2:    1088384 bytes,    2704744 total
- age   3:    1144208 bytes,    3848952 total
- age   4:     745144 bytes,    4594096 total
- age   5:      86008 bytes,    4680104 total
- age   6:     286416 bytes,    4966520 total
- age   7:     192592 bytes,    5159112 total
- age   8:      93640 bytes,    5252752 total
: 93028K->7439K(109248K), 0,0224144 secs] 122030K->36726K(502464K), 0,0225295 secs] [Times: user=0,04 sys=0,00, real=0,02 secs] 
Heap after GC invocations=22 (full 1):
 par new generation   total 109248K, used 7439K [0x00000000e0000000, 0x00000000e8000000, 0x00000000e8000000)
  eden space 87424K,   0% used [0x00000000e0000000, 0x00000000e0000000, 0x00000000e5560000)
  from space 21824K,  34% used [0x00000000e5560000, 0x00000000e5ca3f00, 0x00000000e6ab0000)
  to   space 21824K,   0% used [0x00000000e6ab0000, 0x00000000e6ab0000, 0x00000000e8000000)
 concurrent mark-sweep generation total 393216K, used 29286K [0x00000000e8000000, 0x0000000100000000, 0x0000000100000000)
 Metaspace       used 30937K, capacity 31562K, committed 31996K, reserved 1077248K
  class space    used 3510K, capacity 3728K, committed 3836K, reserved 1048576K
}
2018-06-19T14:54:47.062+0200: 38,735: Total time for which application threads were stopped: 0,0228281 seconds, Stopping threads took: 0,0000641 seconds
2018-06-19T14:54:47.198+0200: 38,871: Total time for which application threads were stopped: 0,0001987 seconds, Stopping threads took: 0,0000656 seconds
2018-06-19T14:54:47.198+0200: 38,871: Total time for which application threads were stopped: 0,0001208 seconds, Stopping threads took: 0,0000556 seconds
2018-06-19T14:54:47.201+0200: 38,874: Total time for which application threads were stopped: 0,0007270 seconds, Stopping threads took: 0,0006189 seconds
2018-06-19T14:54:47.203+0200: 38,876: Total time for which application threads were stopped: 0,0001512 seconds, Stopping threads took: 0,0000468 seconds
2018-06-19T14:54:47.204+0200: 38,877: Total time for which application threads were stopped: 0,0001586 seconds, Stopping threads took: 0,0000542 seconds
2018-06-19T14:54:47.211+0200: 38,884: Total time for which application threads were stopped: 0,0041528 seconds, Stopping threads took: 0,0040605 seconds
{Heap before GC invocations=22 (full 1):
 par new generation   total 109248K, used 94863K [0x00000000e0000000, 0x00000000e8000000, 0x00000000e8000000)
  eden space 87424K, 100% used [0x00000000e0000000, 0x00000000e5560000, 0x00000000e5560000)
  from space 21824K,  34% used [0x00000000e5560000, 0x00000000e5ca3f00, 0x00000000e6ab0000)
  to   space 21824K,   0% used [0x00000000e6ab0000, 0x00000000e6ab0000, 0x00000000e8000000)
 concurrent mark-sweep generation total 393216K, used 29286K [0x00000000e8000000, 0x0000000100000000, 0x0000000100000000)
 Metaspace       used 30952K, capacity 31562K, committed 31996K, reserved 1077248K
  class space    used 3510K, capacity 3728K, committed 3836K, reserved 1048576K
2018-06-19T14:54:47.264+0200: 38,937: [GC (Allocation Failure) 2018-06-19T14:54:47.264+0200: 38,937: [ParNew
Desired survivor size 20112992 bytes, new threshold 8 (max 8)
- age   1:    2519672 bytes,    2519672 total
- age   2:     932048 bytes,    3451720 total
- age   3:     866232 bytes,    4317952 total
- age   4:    1097512 bytes,    5415464 total
- age   5:     641704 bytes,    6057168 total
- age   6:      86008 bytes,    6143176 total
- age   7:     286384 bytes,    6429560 total
- age   8:     192224 bytes,    6621784 total
: 94863K->7847K(109248K), 0,0176306 secs] 124150K->37225K(502464K), 0,0177438 secs] [Times: user=0,05 sys=0,00, real=0,01 secs] 
Heap after GC invocations=23 (full 1):
 par new generation   total 109248K, used 7847K [0x00000000e0000000, 0x00000000e8000000, 0x00000000e8000000)
  eden space 87424K,   0% used [0x00000000e0000000, 0x00000000e0000000, 0x00000000e5560000)
  from space 21824K,  35% used [0x00000000e6ab0000, 0x00000000e7259d88, 0x00000000e8000000)
  to   space 21824K,   0% used [0x00000000e5560000, 0x00000000e5560000, 0x00000000e6ab0000)
 concurrent mark-sweep generation total 393216K, used 29377K [0x00000000e8000000, 0x0000000100000000, 0x0000000100000000)
 Metaspace       used 30952K, capacity 31562K, committed 31996K, reserved 1077248K
  class space    used 3510K, capacity 3728K, committed 3836K, reserved 1048576K
}
2018-06-19T14:54:47.282+0200: 38,954: Total time for which application threads were stopped: 0,0180149 seconds, Stopping threads took: 0,0000680 seconds
{Heap before GC invocations=23 (full 1):
 par new generation   total 109248K, used 95260K [0x00000000e0000000, 0x00000000e8000000, 0x00000000e8000000)
  eden space 87424K,  99% used [0x00000000e0000000, 0x00000000e555d300, 0x00000000e5560000)
  from space 21824K,  35% used [0x00000000e6ab0000, 0x00000000e7259d88, 0x00000000e8000000)
  to   space 21824K,   0% used [0x00000000e5560000, 0x00000000e5560000, 0x00000000e6ab0000)
 concurrent mark-sweep generation total 393216K, used 29377K [0x00000000e8000000, 0x0000000100000000, 0x0000000100000000)
 Metaspace       used 30968K, capacity 31690K, committed 31996K, reserved 1077248K
  class space    used 3510K, capacity 3728K, committed 3836K, reserved 1048576K
2018-06-19T14:54:47.383+0200: 39,056: [GC (Allocation Failure) 2018-06-19T14:54:47.383+0200: 39,056: [ParNew
Desired survivor size 20112992 bytes, new threshold 8 (max 8)
- age   1:    1368560 bytes,    1368560 total
- age   2:    2306240 bytes,    3674800 total
- age   3:     932024 bytes,    4606824 total
- age   4:     833448 bytes,    5440272 total
- age   5:    1097512 bytes,    6537784 total
- age   6:     641704 bytes,    7179488 total
- age   7:      86008 bytes,    7265496 total
- age   8:     286352 bytes,    7551848 total
: 95260K->9693K(109248K), 0,0127258 secs] 124638K->39259K(502464K), 0,0127964 secs] [Times: user=0,04 sys=0,00, real=0,01 secs] 
Heap after GC invocations=24 (full 1):
 par new generation   total 109248K, used 9693K [0x00000000e0000000, 0x00000000e8000000, 0x00000000e8000000)
  eden space 87424K,   0% used [0x00000000e0000000, 0x00000000e0000000, 0x00000000e5560000)
  from space 21824K,  44% used [0x00000000e5560000, 0x00000000e5ed7768, 0x00000000e6ab0000)
  to   space 21824K,   0% used [0x00000000e6ab0000, 0x00000000e6ab0000, 0x00000000e8000000)
 concurrent mark-sweep generation total 393216K, used 29565K [0x00000000e8000000, 0x0000000100000000, 0x0000000100000000)
 Metaspace       used 30968K, capacity 31690K, committed 31996K, reserved 1077248K
  class space    used 3510K, capacity 3728K, committed 3836K, reserved 1048576K
}
2018-06-19T14:54:47.396+0200: 39,069: Total time for which application threads were stopped: 0,0146624 seconds, Stopping threads took: 0,0016958 seconds
{Heap before GC invocations=24 (full 1):
 par new generation   total 109248K, used 97111K [0x00000000e0000000, 0x00000000e8000000, 0x00000000e8000000)
  eden space 87424K,  99% used [0x00000000e0000000, 0x00000000e555e758, 0x00000000e5560000)
  from space 21824K,  44% used [0x00000000e5560000, 0x00000000e5ed7768, 0x00000000e6ab0000)
  to   space 21824K,   0% used [0x00000000e6ab0000, 0x00000000e6ab0000, 0x00000000e8000000)
 concurrent mark-sweep generation total 393216K, used 29565K [0x00000000e8000000, 0x0000000100000000, 0x0000000100000000)
 Metaspace       used 30978K, capacity 31690K, committed 31996K, reserved 1077248K
  class space    used 3510K, capacity 3728K, committed 3836K, reserved 1048576K
2018-06-19T14:54:47.507+0200: 39,180: [GC (Allocation Failure) 2018-06-19T14:54:47.508+0200: 39,180: [ParNew
Desired survivor size 20112992 bytes, new threshold 8 (max 8)
- age   1:    1786288 bytes,    1786288 total
- age   2:     919008 bytes,    2705296 total
- age   3:     715496 bytes,    3420792 total
- age   4:      78952 bytes,    3499744 total
- age   5:      80648 bytes,    3580392 total
- age   6:     448624 bytes,    4029016 total
- age   7:      91864 bytes,    4120880 total
- age   8:      85976 bytes,    4206856 total
: 97111K->6225K(109248K), 0,0189222 secs] 126676K->36070K(502464K), 0,0190664 secs] [Times: user=0,07 sys=0,00, real=0,02 secs] 
Heap after GC invocations=25 (full 1):
 par new generation   total 109248K, used 6225K [0x00000000e0000000, 0x00000000e8000000, 0x00000000e8000000)
  eden space 87424K,   0% used [0x00000000e0000000, 0x00000000e0000000, 0x00000000e5560000)
  from space 21824K,  28% used [0x00000000e6ab0000, 0x00000000e70c4670, 0x00000000e8000000)
  to   space 21824K,   0% used [0x00000000e5560000, 0x00000000e5560000, 0x00000000e6ab0000)
 concurrent mark-sweep generation total 393216K, used 29844K [0x00000000e8000000, 0x0000000100000000, 0x0000000100000000)
 Metaspace       used 30978K, capacity 31690K, committed 31996K, reserved 1077248K
  class space    used 3510K, capacity 3728K, committed 3836K, reserved 1048576K
}
2018-06-19T14:54:47.527+0200: 39,199: Total time for which application threads were stopped: 0,0193448 seconds, Stopping threads took: 0,0000451 seconds
{Heap before GC invocations=25 (full 1):
 par new generation   total 109248K, used 93649K [0x00000000e0000000, 0x00000000e8000000, 0x00000000e8000000)
  eden space 87424K, 100% used [0x00000000e0000000, 0x00000000e5560000, 0x00000000e5560000)
  from space 21824K,  28% used [0x00000000e6ab0000, 0x00000000e70c4670, 0x00000000e8000000)
  to   space 21824K,   0% used [0x00000000e5560000, 0x00000000e5560000, 0x00000000e6ab0000)
 concurrent mark-sweep generation total 393216K, used 29844K [0x00000000e8000000, 0x0000000100000000, 0x0000000100000000)
 Metaspace       used 30980K, capacity 31690K, committed 31996K, reserved 1077248K
  class space    used 3510K, capacity 3728K, committed 3836K, reserved 1048576K
2018-06-19T14:54:47.635+0200: 39,308: [GC (Allocation Failure) 2018-06-19T14:54:47.635+0200: 39,308: [ParNew
Desired survivor size 20112992 bytes, new threshold 8 (max 8)
- age   1:    1579376 bytes,    1579376 total
- age   2:    1354216 bytes,    2933592 total
- age   3:     868896 bytes,    3802488 total
- age   4:     714232 bytes,    4516720 total
- age   5:      78952 bytes,    4595672 total
- age   6:      80648 bytes,    4676320 total
- age   7:     447808 bytes,    5124128 total
- age   8:      91832 bytes,    5215960 total
: 93649K->5675K(109248K), 0,0109773 secs] 123494K->35604K(502464K), 0,0110695 secs] [Times: user=0,03 sys=0,00, real=0,01 secs] 
Heap after GC invocations=26 (full 1):
 par new generation   total 109248K, used 5675K [0x00000000e0000000, 0x00000000e8000000, 0x00000000e8000000)
  eden space 87424K,   0% used [0x00000000e0000000, 0x00000000e0000000, 0x00000000e5560000)
  from space 21824K,  26% used [0x00000000e5560000, 0x00000000e5aeadf0, 0x00000000e6ab0000)
  to   space 21824K,   0% used [0x00000000e6ab0000, 0x00000000e6ab0000, 0x00000000e8000000)
 concurrent mark-sweep generation total 393216K, used 29928K [0x00000000e8000000, 0x0000000100000000, 0x0000000100000000)
 Metaspace       used 30980K, capacity 31690K, committed 31996K, reserved 1077248K
  class space    used 3510K, capacity 3728K, committed 3836K, reserved 1048576K
}
2018-06-19T14:54:47.646+0200: 39,319: Total time for which application threads were stopped: 0,0113113 seconds, Stopping threads took: 0,0000474 seconds
{Heap before GC invocations=26 (full 1):
 par new generation   total 109248K, used 93099K [0x00000000e0000000, 0x00000000e8000000, 0x00000000e8000000)
  eden space 87424K, 100% used [0x00000000e0000000, 0x00000000e5560000, 0x00000000e5560000)
  from space 21824K,  26% used [0x00000000e5560000, 0x00000000e5aeadf0, 0x00000000e6ab0000)
  to   space 21824K,   0% used [0x00000000e6ab0000, 0x00000000e6ab0000, 0x00000000e8000000)
 concurrent mark-sweep generation total 393216K, used 29928K [0x00000000e8000000, 0x0000000100000000, 0x0000000100000000)
 Metaspace       used 30982K, capacity 31690K, committed 31996K, reserved 1077248K
  class space    used 3510K, capacity 3728K, committed 3836K, reserved 1048576K
2018-06-19T14:54:47.765+0200: 39,438: [GC (Allocation Failure) 2018-06-19T14:54:47.765+0200: 39,438: [ParNew
Desired survivor size 20112992 bytes, new threshold 8 (max 8)
- age   1:    2013576 bytes,    2013576 total
- age   2:     956168 bytes,    2969744 total
- age   3:    1157488 bytes,    4127232 total
- age   4:     868896 bytes,    4996128 total
- age   5:     714232 bytes,    5710360 total
- age   6:      78952 bytes,    5789312 total
- age   7:      80648 bytes,    5869960 total
- age   8:     447776 bytes,    6317736 total
: 93099K->8624K(109248K), 0,0228086 secs] 123028K->38642K(502464K), 0,0229058 secs] [Times: user=0,06 sys=0,00, real=0,02 secs] 
Heap after GC invocations=27 (full 1):
 par new generation   total 109248K, used 8624K [0x00000000e0000000, 0x00000000e8000000, 0x00000000e8000000)
  eden space 87424K,   0% used [0x00000000e0000000, 0x00000000e0000000, 0x00000000e5560000)
  from space 21824K,  39% used [0x00000000e6ab0000, 0x00000000e731c1c0, 0x00000000e8000000)
  to   space 21824K,   0% used [0x00000000e5560000, 0x00000000e5560000, 0x00000000e6ab0000)
 concurrent mark-sweep generation total 393216K, used 30017K [0x00000000e8000000, 0x0000000100000000, 0x0000000100000000)
 Metaspace       used 30982K, capacity 31690K, committed 31996K, reserved 1077248K
  class space    used 3510K, capacity 3728K, committed 3836K, reserved 1048576K
}
2018-06-19T14:54:47.788+0200: 39,460: Total time for which application threads were stopped: 0,0231763 seconds, Stopping threads took: 0,0000598 seconds
{Heap before GC invocations=27 (full 1):
 par new generation   total 109248K, used 96048K [0x00000000e0000000, 0x00000000e8000000, 0x00000000e8000000)
  eden space 87424K, 100% used [0x00000000e0000000, 0x00000000e5560000, 0x00000000e5560000)
  from space 21824K,  39% used [0x00000000e6ab0000, 0x00000000e731c1c0, 0x00000000e8000000)
  to   space 21824K,   0% used [0x00000000e5560000, 0x00000000e5560000, 0x00000000e6ab0000)
 concurrent mark-sweep generation total 393216K, used 30017K [0x00000000e8000000, 0x0000000100000000, 0x0000000100000000)
 Metaspace       used 30985K, capacity 31690K, committed 31996K, reserved 1077248K
  class space    used 3510K, capacity 3728K, committed 3836K, reserved 1048576K
2018-06-19T14:54:47.921+0200: 39,594: [GC (Allocation Failure) 2018-06-19T14:54:47.921+0200: 39,594: [ParNew
Desired survivor size 20112992 bytes, new threshold 8 (max 8)
- age   1:    1904072 bytes,    1904072 total
- age   2:    1277336 bytes,    3181408 total
- age   3:     857792 bytes,    4039200 total
- age   4:    1157488 bytes,    5196688 total
- age   5:     868896 bytes,    6065584 total
- age   6:     714232 bytes,    6779816 total
- age   7:      78920 bytes,    6858736 total
- age   8:      80152 bytes,    6938888 total
: 96048K->8479K(109248K), 0,0272847 secs] 126066K->38934K(502464K), 0,0274084 secs] [Times: user=0,08 sys=0,00, real=0,03 secs] 
Heap after GC invocations=28 (full 1):
 par new generation   total 109248K, used 8479K [0x00000000e0000000, 0x00000000e8000000, 0x00000000e8000000)
  eden space 87424K,   0% used [0x00000000e0000000, 0x00000000e0000000, 0x00000000e5560000)
  from space 21824K,  38% used [0x00000000e5560000, 0x00000000e5da7ce0, 0x00000000e6ab0000)
  to   space 21824K,   0% used [0x00000000e6ab0000, 0x00000000e6ab0000, 0x00000000e8000000)
 concurrent mark-sweep generation total 393216K, used 30455K [0x00000000e8000000, 0x0000000100000000, 0x0000000100000000)
 Metaspace       used 30985K, capacity 31690K, committed 31996K, reserved 1077248K
  class space    used 3510K, capacity 3728K, committed 3836K, reserved 1048576K
}
2018-06-19T14:54:47.949+0200: 39,622: Total time for which application threads were stopped: 0,0276917 seconds, Stopping threads took: 0,0000321 seconds
{Heap before GC invocations=28 (full 1):
 par new generation   total 109248K, used 95903K [0x00000000e0000000, 0x00000000e8000000, 0x00000000e8000000)
  eden space 87424K, 100% used [0x00000000e0000000, 0x00000000e5560000, 0x00000000e5560000)
  from space 21824K,  38% used [0x00000000e5560000, 0x00000000e5da7ce0, 0x00000000e6ab0000)
  to   space 21824K,   0% used [0x00000000e6ab0000, 0x00000000e6ab0000, 0x00000000e8000000)
 concurrent mark-sweep generation total 393216K, used 30455K [0x00000000e8000000, 0x0000000100000000, 0x0000000100000000)
 Metaspace       used 30986K, capacity 31690K, committed 31996K, reserved 1077248K
  class space    used 3510K, capacity 3728K, committed 3836K, reserved 1048576K
2018-06-19T14:54:48.060+0200: 39,733: [GC (Allocation Failure) 2018-06-19T14:54:48.060+0200: 39,733: [ParNew
Desired survivor size 20112992 bytes, new threshold 8 (max 8)
- age   1:    1971864 bytes,    1971864 total
- age   2:    1031512 bytes,    3003376 total
- age   3:    1277336 bytes,    4280712 total
- age   4:     857792 bytes,    5138504 total
- age   5:    1157488 bytes,    6295992 total
- age   6:     868896 bytes,    7164888 total
- age   7:     714200 bytes,    7879088 total
- age   8:      78688 bytes,    7957776 total
: 95903K->10377K(109248K), 0,0246964 secs] 126358K->40911K(502464K), 0,0248245 secs] [Times: user=0,06 sys=0,01, real=0,03 secs] 
Heap after GC invocations=29 (full 1):
 par new generation   total 109248K, used 10377K [0x00000000e0000000, 0x00000000e8000000, 0x00000000e8000000)
  eden space 87424K,   0% used [0x00000000e0000000, 0x00000000e0000000, 0x00000000e5560000)
  from space 21824K,  47% used [0x00000000e6ab0000, 0x00000000e74d2718, 0x00000000e8000000)
  to   space 21824K,   0% used [0x00000000e5560000, 0x00000000e5560000, 0x00000000e6ab0000)
 concurrent mark-sweep generation total 393216K, used 30533K [0x00000000e8000000, 0x0000000100000000, 0x0000000100000000)
 Metaspace       used 30986K, capacity 31690K, committed 31996K, reserved 1077248K
  class space    used 3510K, capacity 3728K, committed 3836K, reserved 1048576K
}
2018-06-19T14:54:48.085+0200: 39,758: Total time for which application threads were stopped: 0,0252225 seconds, Stopping threads took: 0,0000930 seconds
2018-06-19T14:54:48.191+0200: 39,864: Total time for which application threads were stopped: 0,0020818 seconds, Stopping threads took: 0,0019961 seconds
2018-06-19T14:54:48.196+0200: 39,869: Total time for which application threads were stopped: 0,0001825 seconds, Stopping threads took: 0,0000705 seconds
2018-06-19T14:54:48.219+0200: 39,892: Total time for which application threads were stopped: 0,0001567 seconds, Stopping threads took: 0,0000507 seconds
2018-06-19T14:54:48.223+0200: 39,896: Total time for which application threads were stopped: 0,0024210 seconds, Stopping threads took: 0,0022016 seconds
{Heap before GC invocations=29 (full 1):
 par new generation   total 109248K, used 97801K [0x00000000e0000000, 0x00000000e8000000, 0x00000000e8000000)
  eden space 87424K, 100% used [0x00000000e0000000, 0x00000000e5560000, 0x00000000e5560000)
  from space 21824K,  47% used [0x00000000e6ab0000, 0x00000000e74d2718, 0x00000000e8000000)
  to   space 21824K,   0% used [0x00000000e5560000, 0x00000000e5560000, 0x00000000e6ab0000)
 concurrent mark-sweep generation total 393216K, used 30533K [0x00000000e8000000, 0x0000000100000000, 0x0000000100000000)
 Metaspace       used 31000K, capacity 31696K, committed 31996K, reserved 1077248K
  class space    used 3511K, capacity 3729K, committed 3836K, reserved 1048576K
2018-06-19T14:54:48.247+0200: 39,920: [GC (Allocation Failure) 2018-06-19T14:54:48.247+0200: 39,920: [ParNew
Desired survivor size 20112992 bytes, new threshold 8 (max 8)
- age   1:    2946136 bytes,    2946136 total
- age   2:     810368 bytes,    3756504 total
- age   3:     974944 bytes,    4731448 total
- age   4:    1023896 bytes,    5755344 total
- age   5:     800528 bytes,    6555872 total
- age   6:    1104480 bytes,    7660352 total
- age   7:     821848 bytes,    8482200 total
- age   8:     613616 bytes,    9095816 total
: 97801K->11090K(109248K), 0,0169966 secs] 128335K->41701K(502464K), 0,0170834 secs] [Times: user=0,04 sys=0,00, real=0,02 secs] 
Heap after GC invocations=30 (full 1):
 par new generation   total 109248K, used 11090K [0x00000000e0000000, 0x00000000e8000000, 0x00000000e8000000)
  eden space 87424K,   0% used [0x00000000e0000000, 0x00000000e0000000, 0x00000000e5560000)
  from space 21824K,  50% used [0x00000000e5560000, 0x00000000e6034b50, 0x00000000e6ab0000)
  to   space 21824K,   0% used [0x00000000e6ab0000, 0x00000000e6ab0000, 0x00000000e8000000)
 concurrent mark-sweep generation total 393216K, used 30610K [0x00000000e8000000, 0x0000000100000000, 0x0000000100000000)
 Metaspace       used 31000K, capacity 31696K, committed 31996K, reserved 1077248K
  class space    used 3511K, capacity 3729K, committed 3836K, reserved 1048576K
}
2018-06-19T14:54:48.264+0200: 39,937: Total time for which application threads were stopped: 0,0186287 seconds, Stopping threads took: 0,0013762 seconds
2018-06-19T14:54:48.408+0200: 40,080: Total time for which application threads were stopped: 0,0063853 seconds, Stopping threads took: 0,0062355 seconds
{Heap before GC invocations=30 (full 1):
 par new generation   total 109248K, used 98514K [0x00000000e0000000, 0x00000000e8000000, 0x00000000e8000000)
  eden space 87424K, 100% used [0x00000000e0000000, 0x00000000e5560000, 0x00000000e5560000)
  from space 21824K,  50% used [0x00000000e5560000, 0x00000000e6034b50, 0x00000000e6ab0000)
  to   space 21824K,   0% used [0x00000000e6ab0000, 0x00000000e6ab0000, 0x00000000e8000000)
 concurrent mark-sweep generation total 393216K, used 30610K [0x00000000e8000000, 0x0000000100000000, 0x0000000100000000)
 Metaspace       used 31004K, capacity 31696K, committed 31996K, reserved 1077248K
  class space    used 3511K, capacity 3729K, committed 3836K, reserved 1048576K
2018-06-19T14:54:48.471+0200: 40,144: [GC (Allocation Failure) 2018-06-19T14:54:48.471+0200: 40,144: [ParNew
Desired survivor size 20112992 bytes, new threshold 8 (max 8)
- age   1:    1334664 bytes,    1334664 total
- age   2:    2830584 bytes,    4165248 total
- age   3:     810344 bytes,    4975592 total
- age   4:     974944 bytes,    5950536 total
- age   5:    1023896 bytes,    6974432 total
- age   6:     800528 bytes,    7774960 total
- age   7:    1104448 bytes,    8879408 total
- age   8:     821616 bytes,    9701024 total
: 98514K->13408K(109248K), 0,0317647 secs] 129125K->44622K(502464K), 0,0319507 secs] [Times: user=0,08 sys=0,00, real=0,03 secs] 
Heap after GC invocations=31 (full 1):
 par new generation   total 109248K, used 13408K [0x00000000e0000000, 0x00000000e8000000, 0x00000000e8000000)
  eden space 87424K,   0% used [0x00000000e0000000, 0x00000000e0000000, 0x00000000e5560000)
  from space 21824K,  61% used [0x00000000e6ab0000, 0x00000000e77c83c0, 0x00000000e8000000)
  to   space 21824K,   0% used [0x00000000e5560000, 0x00000000e5560000, 0x00000000e6ab0000)
 concurrent mark-sweep generation total 393216K, used 31213K [0x00000000e8000000, 0x0000000100000000, 0x0000000100000000)
 Metaspace       used 31004K, capacity 31696K, committed 31996K, reserved 1077248K
  class space    used 3511K, capacity 3729K, committed 3836K, reserved 1048576K
}
2018-06-19T14:54:48.503+0200: 40,176: Total time for which application threads were stopped: 0,0352747 seconds, Stopping threads took: 0,0029910 seconds
{Heap before GC invocations=31 (full 1):
 par new generation   total 109248K, used 100810K [0x00000000e0000000, 0x00000000e8000000, 0x00000000e8000000)
  eden space 87424K,  99% used [0x00000000e0000000, 0x00000000e555a710, 0x00000000e5560000)
  from space 21824K,  61% used [0x00000000e6ab0000, 0x00000000e77c83c0, 0x00000000e8000000)
  to   space 21824K,   0% used [0x00000000e5560000, 0x00000000e5560000, 0x00000000e6ab0000)
 concurrent mark-sweep generation total 393216K, used 31213K [0x00000000e8000000, 0x0000000100000000, 0x0000000100000000)
 Metaspace       used 31007K, capacity 31696K, committed 31996K, reserved 1077248K
  class space    used 3511K, capacity 3729K, committed 3836K, reserved 1048576K
2018-06-19T14:54:48.665+0200: 40,338: [GC (Allocation Failure) 2018-06-19T14:54:48.665+0200: 40,338: [ParNew
Desired survivor size 20112992 bytes, new threshold 8 (max 8)
- age   1:    1142184 bytes,    1142184 total
- age   2:     898680 bytes,    2040864 total
- age   3:    2797640 bytes,    4838504 total
- age   4:     810344 bytes,    5648848 total
- age   5:     974944 bytes,    6623792 total
- age   6:    1023896 bytes,    7647688 total
- age   7:     800496 bytes,    8448184 total
- age   8:    1104216 bytes,    9552400 total
: 100810K->12276K(109248K), 0,0246229 secs] 132024K->44300K(502464K), 0,0247628 secs] [Times: user=0,08 sys=0,00, real=0,02 secs] 
Heap after GC invocations=32 (full 1):
 par new generation   total 109248K, used 12276K [0x00000000e0000000, 0x00000000e8000000, 0x00000000e8000000)
  eden space 87424K,   0% used [0x00000000e0000000, 0x00000000e0000000, 0x00000000e5560000)
  from space 21824K,  56% used [0x00000000e5560000, 0x00000000e615d1b0, 0x00000000e6ab0000)
  to   space 21824K,   0% used [0x00000000e6ab0000, 0x00000000e6ab0000, 0x00000000e8000000)
 concurrent mark-sweep generation total 393216K, used 32023K [0x00000000e8000000, 0x0000000100000000, 0x0000000100000000)
 Metaspace       used 31007K, capacity 31696K, committed 31996K, reserved 1077248K
  class space    used 3511K, capacity 3729K, committed 3836K, reserved 1048576K
}
2018-06-19T14:54:48.690+0200: 40,363: Total time for which application threads were stopped: 0,0253099 seconds, Stopping threads took: 0,0001281 seconds
2018-06-19T14:54:48.741+0200: 40,414: Total time for which application threads were stopped: 0,0001194 seconds, Stopping threads took: 0,0000295 seconds
2018-06-19T14:54:48.745+0200: 40,418: Total time for which application threads were stopped: 0,0000834 seconds, Stopping threads took: 0,0000269 seconds
2018-06-19T14:54:48.807+0200: 40,480: Total time for which application threads were stopped: 0,0001808 seconds, Stopping threads took: 0,0000630 seconds
2018-06-19T14:54:48.807+0200: 40,480: Total time for which application threads were stopped: 0,0000855 seconds, Stopping threads took: 0,0000358 seconds
2018-06-19T14:54:48.807+0200: 40,480: Total time for which application threads were stopped: 0,0000700 seconds, Stopping threads took: 0,0000215 seconds
2018-06-19T14:54:48.808+0200: 40,480: Total time for which application threads were stopped: 0,0000741 seconds, Stopping threads took: 0,0000296 seconds
2018-06-19T14:54:48.808+0200: 40,481: Total time for which application threads were stopped: 0,0000664 seconds, Stopping threads took: 0,0000246 seconds
2018-06-19T14:54:48.809+0200: 40,482: Total time for which application threads were stopped: 0,0001353 seconds, Stopping threads took: 0,0000521 seconds
2018-06-19T14:54:48.809+0200: 40,482: Total time for which application threads were stopped: 0,0000849 seconds, Stopping threads took: 0,0000299 seconds
2018-06-19T14:54:48.809+0200: 40,482: Total time for which application threads were stopped: 0,0000741 seconds, Stopping threads took: 0,0000290 seconds
2018-06-19T14:54:48.809+0200: 40,482: Total time for which application threads were stopped: 0,0000665 seconds, Stopping threads took: 0,0000246 seconds
2018-06-19T14:54:48.821+0200: 40,494: Total time for which application threads were stopped: 0,0001308 seconds, Stopping threads took: 0,0000511 seconds
2018-06-19T14:54:48.821+0200: 40,494: Total time for which application threads were stopped: 0,0000847 seconds, Stopping threads took: 0,0000380 seconds
2018-06-19T14:54:48.821+0200: 40,494: Total time for which application threads were stopped: 0,0000772 seconds, Stopping threads took: 0,0000314 seconds
2018-06-19T14:54:48.822+0200: 40,495: Total time for which application threads were stopped: 0,0000687 seconds, Stopping threads took: 0,0000238 seconds
2018-06-19T14:54:48.822+0200: 40,495: Total time for which application threads were stopped: 0,0000681 seconds, Stopping threads took: 0,0000257 seconds
2018-06-19T14:54:48.822+0200: 40,495: Total time for which application threads were stopped: 0,0000718 seconds, Stopping threads took: 0,0000263 seconds
2018-06-19T14:54:48.822+0200: 40,495: Total time for which application threads were stopped: 0,0000700 seconds, Stopping threads took: 0,0000239 seconds
2018-06-19T14:54:48.822+0200: 40,495: Total time for which application threads were stopped: 0,0000637 seconds, Stopping threads took: 0,0000219 seconds
2018-06-19T14:54:48.822+0200: 40,495: Total time for which application threads were stopped: 0,0000917 seconds, Stopping threads took: 0,0000435 seconds
2018-06-19T14:54:48.822+0200: 40,495: Total time for which application threads were stopped: 0,0000857 seconds, Stopping threads took: 0,0000416 seconds
2018-06-19T14:54:48.822+0200: 40,495: Total time for which application threads were stopped: 0,0001008 seconds, Stopping threads took: 0,0000247 seconds
2018-06-19T14:54:48.823+0200: 40,495: Total time for which application threads were stopped: 0,0000679 seconds, Stopping threads took: 0,0000242 seconds
2018-06-19T14:54:48.823+0200: 40,496: Total time for which application threads were stopped: 0,0000727 seconds, Stopping threads took: 0,0000298 seconds
2018-06-19T14:54:48.823+0200: 40,496: Total time for which application threads were stopped: 0,0000674 seconds, Stopping threads took: 0,0000217 seconds
2018-06-19T14:54:48.823+0200: 40,496: Total time for which application threads were stopped: 0,0002079 seconds, Stopping threads took: 0,0000218 seconds
2018-06-19T14:54:49.350+0200: 41,023: Total time for which application threads were stopped: 0,0001167 seconds, Stopping threads took: 0,0000282 seconds
2018-06-19T14:54:49.350+0200: 41,023: Total time for which application threads were stopped: 0,0000745 seconds, Stopping threads took: 0,0000340 seconds
2018-06-19T14:54:49.350+0200: 41,023: Total time for which application threads were stopped: 0,0000374 seconds, Stopping threads took: 0,0000102 seconds
2018-06-19T14:54:49.350+0200: 41,023: Total time for which application threads were stopped: 0,0000346 seconds, Stopping threads took: 0,0000099 seconds
2018-06-19T14:54:49.350+0200: 41,023: Total time for which application threads were stopped: 0,0000558 seconds, Stopping threads took: 0,0000289 seconds
2018-06-19T14:54:49.350+0200: 41,023: Total time for which application threads were stopped: 0,0000497 seconds, Stopping threads took: 0,0000233 seconds
2018-06-19T14:54:49.352+0200: 41,025: Total time for which application threads were stopped: 0,0001296 seconds, Stopping threads took: 0,0000606 seconds
2018-06-19T14:54:49.353+0200: 41,026: Total time for which application threads were stopped: 0,0003539 seconds, Stopping threads took: 0,0003027 seconds
2018-06-19T14:54:50.353+0200: 42,026: Total time for which application threads were stopped: 0,0002178 seconds, Stopping threads took: 0,0000485 seconds
2018-06-19T14:54:52.026+0200: 43,699: Total time for which application threads were stopped: 0,0004903 seconds, Stopping threads took: 0,0000156 seconds
2018-06-19T14:54:52.032+0200: 43,704: Total time for which application threads were stopped: 0,0001756 seconds, Stopping threads took: 0,0001019 seconds
2018-06-19T14:54:52.032+0200: 43,705: Total time for which application threads were stopped: 0,0001338 seconds, Stopping threads took: 0,0000760 seconds
2018-06-19T14:54:52.035+0200: 43,708: Total time for which application threads were stopped: 0,0021282 seconds, Stopping threads took: 0,0020578 seconds
2018-06-19T14:54:52.035+0200: 43,708: Total time for which application threads were stopped: 0,0001101 seconds, Stopping threads took: 0,0000718 seconds
2018-06-19T14:54:52.035+0200: 43,708: Total time for which application threads were stopped: 0,0000658 seconds, Stopping threads took: 0,0000429 seconds
2018-06-19T14:54:52.036+0200: 43,709: Total time for which application threads were stopped: 0,0002289 seconds, Stopping threads took: 0,0001663 seconds
2018-06-19T14:54:52.038+0200: 43,711: Total time for which application threads were stopped: 0,0000800 seconds, Stopping threads took: 0,0000211 seconds
2018-06-19T14:54:52.038+0200: 43,711: Total time for which application threads were stopped: 0,0000898 seconds, Stopping threads took: 0,0000491 seconds
2018-06-19T14:54:52.039+0200: 43,712: Total time for which application threads were stopped: 0,0001126 seconds, Stopping threads took: 0,0000563 seconds
2018-06-19T14:54:52.039+0200: 43,712: Total time for which application threads were stopped: 0,0000758 seconds, Stopping threads took: 0,0000385 seconds
2018-06-19T14:54:52.045+0200: 43,718: Total time for which application threads were stopped: 0,0022618 seconds, Stopping threads took: 0,0021639 seconds
2018-06-19T14:54:52.046+0200: 43,719: Total time for which application threads were stopped: 0,0000963 seconds, Stopping threads took: 0,0000356 seconds
2018-06-19T14:54:52.047+0200: 43,720: Total time for which application threads were stopped: 0,0001058 seconds, Stopping threads took: 0,0000356 seconds
2018-06-19T14:54:52.047+0200: 43,720: Total time for which application threads were stopped: 0,0000911 seconds, Stopping threads took: 0,0000471 seconds
2018-06-19T14:54:52.047+0200: 43,720: Total time for which application threads were stopped: 0,0000608 seconds, Stopping threads took: 0,0000177 seconds
2018-06-19T14:54:52.049+0200: 43,722: Total time for which application threads were stopped: 0,0001047 seconds, Stopping threads took: 0,0000506 seconds
2018-06-19T14:54:52.049+0200: 43,722: Total time for which application threads were stopped: 0,0001028 seconds, Stopping threads took: 0,0000404 seconds
2018-06-19T14:54:52.051+0200: 43,724: Total time for which application threads were stopped: 0,0001332 seconds, Stopping threads took: 0,0000391 seconds
2018-06-19T14:54:52.055+0200: 43,728: Total time for which application threads were stopped: 0,0001895 seconds, Stopping threads took: 0,0000989 seconds
2018-06-19T14:54:52.056+0200: 43,729: Total time for which application threads were stopped: 0,0001295 seconds, Stopping threads took: 0,0000560 seconds
2018-06-19T14:54:52.056+0200: 43,729: Total time for which application threads were stopped: 0,0000595 seconds, Stopping threads took: 0,0000148 seconds
2018-06-19T14:54:52.056+0200: 43,729: Total time for which application threads were stopped: 0,0000797 seconds, Stopping threads took: 0,0000340 seconds
2018-06-19T14:54:52.059+0200: 43,732: Total time for which application threads were stopped: 0,0001029 seconds, Stopping threads took: 0,0000360 seconds
2018-06-19T14:54:52.059+0200: 43,732: Total time for which application threads were stopped: 0,0000616 seconds, Stopping threads took: 0,0000227 seconds
2018-06-19T14:54:52.059+0200: 43,732: Total time for which application threads were stopped: 0,0000660 seconds, Stopping threads took: 0,0000333 seconds
2018-06-19T14:54:52.061+0200: 43,733: Total time for which application threads were stopped: 0,0002310 seconds, Stopping threads took: 0,0000212 seconds
2018-06-19T14:54:52.061+0200: 43,734: Total time for which application threads were stopped: 0,0000752 seconds, Stopping threads took: 0,0000350 seconds
2018-06-19T14:54:52.061+0200: 43,734: Total time for which application threads were stopped: 0,0000853 seconds, Stopping threads took: 0,0000490 seconds
2018-06-19T14:54:52.061+0200: 43,734: Total time for which application threads were stopped: 0,0000443 seconds, Stopping threads took: 0,0000156 seconds
2018-06-19T14:54:52.061+0200: 43,734: Total time for which application threads were stopped: 0,0000609 seconds, Stopping threads took: 0,0000333 seconds
2018-06-19T14:54:52.061+0200: 43,734: Total time for which application threads were stopped: 0,0000870 seconds, Stopping threads took: 0,0000334 seconds
2018-06-19T14:54:52.063+0200: 43,736: Total time for which application threads were stopped: 0,0001293 seconds, Stopping threads took: 0,0000459 seconds
2018-06-19T14:54:52.065+0200: 43,738: Total time for which application threads were stopped: 0,0001372 seconds, Stopping threads took: 0,0000540 seconds
2018-06-19T14:54:52.065+0200: 43,738: Total time for which application threads were stopped: 0,0000770 seconds, Stopping threads took: 0,0000348 seconds
2018-06-19T14:54:52.066+0200: 43,738: Total time for which application threads were stopped: 0,0000790 seconds, Stopping threads took: 0,0000385 seconds
2018-06-19T14:54:52.066+0200: 43,739: Total time for which application threads were stopped: 0,0000480 seconds, Stopping threads took: 0,0000206 seconds
2018-06-19T14:54:52.066+0200: 43,739: Total time for which application threads were stopped: 0,0000555 seconds, Stopping threads took: 0,0000292 seconds
2018-06-19T14:54:52.066+0200: 43,739: Total time for which application threads were stopped: 0,0000422 seconds, Stopping threads took: 0,0000194 seconds
2018-06-19T14:54:52.066+0200: 43,739: Total time for which application threads were stopped: 0,0000821 seconds, Stopping threads took: 0,0000463 seconds
2018-06-19T14:54:52.068+0200: 43,740: Total time for which application threads were stopped: 0,0000973 seconds, Stopping threads took: 0,0000186 seconds
2018-06-19T14:54:52.068+0200: 43,741: Total time for which application threads were stopped: 0,0000390 seconds, Stopping threads took: 0,0000121 seconds
2018-06-19T14:54:52.068+0200: 43,741: Total time for which application threads were stopped: 0,0001088 seconds, Stopping threads took: 0,0000090 seconds
2018-06-19T14:54:52.069+0200: 43,742: Total time for which application threads were stopped: 0,0000996 seconds, Stopping threads took: 0,0000430 seconds
2018-06-19T14:54:52.070+0200: 43,742: Total time for which application threads were stopped: 0,0000486 seconds, Stopping threads took: 0,0000200 seconds
2018-06-19T14:54:52.070+0200: 43,743: Total time for which application threads were stopped: 0,0000510 seconds, Stopping threads took: 0,0000289 seconds
2018-06-19T14:54:52.072+0200: 43,745: Total time for which application threads were stopped: 0,0001412 seconds, Stopping threads took: 0,0000552 seconds
2018-06-19T14:54:52.074+0200: 43,747: Total time for which application threads were stopped: 0,0001013 seconds, Stopping threads took: 0,0000223 seconds
Heap
 par new generation   total 109248K, used 49515K [0x00000000e0000000, 0x00000000e8000000, 0x00000000e8000000)
  eden space 87424K,  42% used [0x00000000e0000000, 0x00000000e245dd78, 0x00000000e5560000)
  from space 21824K,  56% used [0x00000000e5560000, 0x00000000e615d1b0, 0x00000000e6ab0000)
  to   space 21824K,   0% used [0x00000000e6ab0000, 0x00000000e6ab0000, 0x00000000e8000000)
 concurrent mark-sweep generation total 393216K, used 32023K [0x00000000e8000000, 0x0000000100000000, 0x0000000100000000)
 Metaspace       used 31129K, capacity 31836K, committed 32252K, reserved 1077248K
  class space    used 3522K, capacity 3731K, committed 3836K, reserved 1048576K
