OpenJDK 64-Bit Server VM (25.171-b11) for linux-amd64 JRE (1.8.0_171-8u171-b11-0ubuntu0.16.04.1-b11), built on Apr 27 2018 17:19:03 by "buildd" with gcc 5.4.0 20160609
Memory: 4k page, physical 7867600k(805444k free), swap 8076284k(8010324k free)
CommandLine flags: -XX:CMSInitiatingOccupancyFraction=50 -XX:CMSMaxAbortablePrecleanTime=6000 -XX:+CMSParallelRemarkEnabled -XX:+CMSScavengeBeforeRemark -XX:ConcGCThreads=4 -XX:InitialHeapSize=536870912 -XX:MaxHeapSize=536870912 -XX:MaxTenuringThreshold=8 -XX:NewRatio=3 -XX:OldPLABSize=16 -XX:OnOutOfMemoryError=/home/gurnoor/workspace/QTM/solr/bin/oom_solr.sh 8983 /home/gurnoor/workspace/QTM/solr/server/logs -XX:ParallelGCThreads=4 -XX:+ParallelRefProcEnabled -XX:PretenureSizeThreshold=67108864 -XX:+PrintGC -XX:+PrintGCApplicationStoppedTime -XX:+PrintGCDateStamps -XX:+PrintGCDetails -XX:+PrintGCTimeStamps -XX:+PrintHeapAtGC -XX:+PrintTenuringDistribution -XX:SurvivorRatio=4 -XX:TargetSurvivorRatio=90 -XX:ThreadStackSize=256 -XX:+UseCMSInitiatingOccupancyOnly -XX:+UseCompressedClassPointers -XX:+UseCompressedOops -XX:+UseConcMarkSweepGC -XX:+UseParNewGC 
2018-06-19T15:08:38.711+0200: 0,201: Total time for which application threads were stopped: 0,0003074 seconds, Stopping threads took: 0,0000294 seconds
2018-06-19T15:08:38.817+0200: 0,307: Total time for which application threads were stopped: 0,0001218 seconds, Stopping threads took: 0,0000207 seconds
2018-06-19T15:08:38.832+0200: 0,323: Total time for which application threads were stopped: 0,0000860 seconds, Stopping threads took: 0,0000154 seconds
2018-06-19T15:08:39.058+0200: 0,548: Total time for which application threads were stopped: 0,0010562 seconds, Stopping threads took: 0,0000632 seconds
2018-06-19T15:08:39.344+0200: 0,834: Total time for which application threads were stopped: 0,0003270 seconds, Stopping threads took: 0,0000389 seconds
2018-06-19T15:08:39.427+0200: 0,917: Total time for which application threads were stopped: 0,0001913 seconds, Stopping threads took: 0,0000280 seconds
2018-06-19T15:08:39.459+0200: 0,950: Total time for which application threads were stopped: 0,0002309 seconds, Stopping threads took: 0,0000606 seconds
2018-06-19T15:08:39.757+0200: 1,247: Total time for which application threads were stopped: 0,0001921 seconds, Stopping threads took: 0,0000170 seconds
2018-06-19T15:08:39.912+0200: 1,403: Total time for which application threads were stopped: 0,0015595 seconds, Stopping threads took: 0,0012691 seconds
2018-06-19T15:08:39.949+0200: 1,439: Total time for which application threads were stopped: 0,0002605 seconds, Stopping threads took: 0,0000197 seconds
2018-06-19T15:08:39.991+0200: 1,482: Total time for which application threads were stopped: 0,0002282 seconds, Stopping threads took: 0,0000228 seconds
2018-06-19T15:08:39.993+0200: 1,483: Total time for which application threads were stopped: 0,0001958 seconds, Stopping threads took: 0,0000258 seconds
2018-06-19T15:08:40.010+0200: 1,501: Total time for which application threads were stopped: 0,0002115 seconds, Stopping threads took: 0,0000225 seconds
2018-06-19T15:08:40.147+0200: 1,638: Total time for which application threads were stopped: 0,0002873 seconds, Stopping threads took: 0,0000182 seconds
2018-06-19T15:08:40.320+0200: 1,810: Total time for which application threads were stopped: 0,0004566 seconds, Stopping threads took: 0,0002153 seconds
{Heap before GC invocations=0 (full 0):
 par new generation   total 109248K, used 87424K [0x00000000e0000000, 0x00000000e8000000, 0x00000000e8000000)
  eden space 87424K, 100% used [0x00000000e0000000, 0x00000000e5560000, 0x00000000e5560000)
  from space 21824K,   0% used [0x00000000e5560000, 0x00000000e5560000, 0x00000000e6ab0000)
  to   space 21824K,   0% used [0x00000000e6ab0000, 0x00000000e6ab0000, 0x00000000e8000000)
 concurrent mark-sweep generation total 393216K, used 0K [0x00000000e8000000, 0x0000000100000000, 0x0000000100000000)
 Metaspace       used 18065K, capacity 18344K, committed 18688K, reserved 1064960K
  class space    used 2044K, capacity 2198K, committed 2304K, reserved 1048576K
2018-06-19T15:08:40.406+0200: 1,897: [GC (Allocation Failure) 2018-06-19T15:08:40.406+0200: 1,897: [ParNew
Desired survivor size 20112992 bytes, new threshold 8 (max 8)
- age   1:   12274024 bytes,   12274024 total
: 87424K->12095K(109248K), 0,0115486 secs] 87424K->12095K(502464K), 0,0116063 secs] [Times: user=0,04 sys=0,00, real=0,01 secs] 
Heap after GC invocations=1 (full 0):
 par new generation   total 109248K, used 12095K [0x00000000e0000000, 0x00000000e8000000, 0x00000000e8000000)
  eden space 87424K,   0% used [0x00000000e0000000, 0x00000000e0000000, 0x00000000e5560000)
  from space 21824K,  55% used [0x00000000e6ab0000, 0x00000000e767fc80, 0x00000000e8000000)
  to   space 21824K,   0% used [0x00000000e5560000, 0x00000000e5560000, 0x00000000e6ab0000)
 concurrent mark-sweep generation total 393216K, used 0K [0x00000000e8000000, 0x0000000100000000, 0x0000000100000000)
 Metaspace       used 18065K, capacity 18344K, committed 18688K, reserved 1064960K
  class space    used 2044K, capacity 2198K, committed 2304K, reserved 1048576K
}
2018-06-19T15:08:40.418+0200: 1,908: Total time for which application threads were stopped: 0,0129737 seconds, Stopping threads took: 0,0011283 seconds
2018-06-19T15:08:40.680+0200: 2,170: Total time for which application threads were stopped: 0,0005478 seconds, Stopping threads took: 0,0001332 seconds
2018-06-19T15:08:40.766+0200: 2,256: Total time for which application threads were stopped: 0,0007092 seconds, Stopping threads took: 0,0002391 seconds
{Heap before GC invocations=1 (full 0):
 par new generation   total 109248K, used 99519K [0x00000000e0000000, 0x00000000e8000000, 0x00000000e8000000)
  eden space 87424K, 100% used [0x00000000e0000000, 0x00000000e5560000, 0x00000000e5560000)
  from space 21824K,  55% used [0x00000000e6ab0000, 0x00000000e767fc80, 0x00000000e8000000)
  to   space 21824K,   0% used [0x00000000e5560000, 0x00000000e5560000, 0x00000000e6ab0000)
 concurrent mark-sweep generation total 393216K, used 0K [0x00000000e8000000, 0x0000000100000000, 0x0000000100000000)
 Metaspace       used 20117K, capacity 20504K, committed 20736K, reserved 1067008K
  class space    used 2301K, capacity 2472K, committed 2560K, reserved 1048576K
2018-06-19T15:08:40.783+0200: 2,273: [GC (Allocation Failure) 2018-06-19T15:08:40.783+0200: 2,273: [ParNew
Desired survivor size 20112992 bytes, new threshold 8 (max 8)
- age   1:    2659040 bytes,    2659040 total
- age   2:    6471856 bytes,    9130896 total
: 99519K->11500K(109248K), 0,0277051 secs] 99519K->11500K(502464K), 0,0277949 secs] [Times: user=0,07 sys=0,01, real=0,03 secs] 
Heap after GC invocations=2 (full 0):
 par new generation   total 109248K, used 11500K [0x00000000e0000000, 0x00000000e8000000, 0x00000000e8000000)
  eden space 87424K,   0% used [0x00000000e0000000, 0x00000000e0000000, 0x00000000e5560000)
  from space 21824K,  52% used [0x00000000e5560000, 0x00000000e609b380, 0x00000000e6ab0000)
  to   space 21824K,   0% used [0x00000000e6ab0000, 0x00000000e6ab0000, 0x00000000e8000000)
 concurrent mark-sweep generation total 393216K, used 0K [0x00000000e8000000, 0x0000000100000000, 0x0000000100000000)
 Metaspace       used 20117K, capacity 20504K, committed 20736K, reserved 1067008K
  class space    used 2301K, capacity 2472K, committed 2560K, reserved 1048576K
}
2018-06-19T15:08:40.811+0200: 2,301: Total time for which application threads were stopped: 0,0280013 seconds, Stopping threads took: 0,0000570 seconds
2018-06-19T15:08:40.846+0200: 2,336: Total time for which application threads were stopped: 0,0004181 seconds, Stopping threads took: 0,0000794 seconds
2018-06-19T15:08:41.009+0200: 2,500: Total time for which application threads were stopped: 0,0002522 seconds, Stopping threads took: 0,0000525 seconds
{Heap before GC invocations=2 (full 0):
 par new generation   total 109248K, used 98924K [0x00000000e0000000, 0x00000000e8000000, 0x00000000e8000000)
  eden space 87424K, 100% used [0x00000000e0000000, 0x00000000e5560000, 0x00000000e5560000)
  from space 21824K,  52% used [0x00000000e5560000, 0x00000000e609b380, 0x00000000e6ab0000)
  to   space 21824K,   0% used [0x00000000e6ab0000, 0x00000000e6ab0000, 0x00000000e8000000)
 concurrent mark-sweep generation total 393216K, used 0K [0x00000000e8000000, 0x0000000100000000, 0x0000000100000000)
 Metaspace       used 21050K, capacity 21362K, committed 21628K, reserved 1069056K
  class space    used 2430K, capacity 2591K, committed 2684K, reserved 1048576K
2018-06-19T15:08:41.090+0200: 2,581: [GC (Allocation Failure) 2018-06-19T15:08:41.090+0200: 2,581: [ParNew
Desired survivor size 20112992 bytes, new threshold 8 (max 8)
- age   1:    2502128 bytes,    2502128 total
- age   2:     509216 bytes,    3011344 total
- age   3:    6470864 bytes,    9482208 total
: 98924K->13151K(109248K), 0,0214477 secs] 98924K->13151K(502464K), 0,0215429 secs] [Times: user=0,05 sys=0,01, real=0,03 secs] 
Heap after GC invocations=3 (full 0):
 par new generation   total 109248K, used 13151K [0x00000000e0000000, 0x00000000e8000000, 0x00000000e8000000)
  eden space 87424K,   0% used [0x00000000e0000000, 0x00000000e0000000, 0x00000000e5560000)
  from space 21824K,  60% used [0x00000000e6ab0000, 0x00000000e7787e40, 0x00000000e8000000)
  to   space 21824K,   0% used [0x00000000e5560000, 0x00000000e5560000, 0x00000000e6ab0000)
 concurrent mark-sweep generation total 393216K, used 0K [0x00000000e8000000, 0x0000000100000000, 0x0000000100000000)
 Metaspace       used 21050K, capacity 21362K, committed 21628K, reserved 1069056K
  class space    used 2430K, capacity 2591K, committed 2684K, reserved 1048576K
}
2018-06-19T15:08:41.112+0200: 2,602: Total time for which application threads were stopped: 0,0218394 seconds, Stopping threads took: 0,0001144 seconds
2018-06-19T15:08:41.126+0200: 2,617: [GC (CMS Initial Mark) [1 CMS-initial-mark: 0K(393216K)] 21596K(502464K), 0,0080252 secs] [Times: user=0,02 sys=0,00, real=0,01 secs] 
2018-06-19T15:08:41.134+0200: 2,625: Total time for which application threads were stopped: 0,0110632 seconds, Stopping threads took: 0,0028870 seconds
2018-06-19T15:08:41.134+0200: 2,625: [CMS-concurrent-mark-start]
2018-06-19T15:08:41.135+0200: 2,625: [CMS-concurrent-mark: 0,001/0,001 secs] [Times: user=0,01 sys=0,00, real=0,00 secs] 
2018-06-19T15:08:41.135+0200: 2,625: [CMS-concurrent-preclean-start]
2018-06-19T15:08:41.136+0200: 2,626: [CMS-concurrent-preclean: 0,001/0,001 secs] [Times: user=0,00 sys=0,00, real=0,00 secs] 
2018-06-19T15:08:41.136+0200: 2,626: [CMS-concurrent-abortable-preclean-start]
2018-06-19T15:08:41.197+0200: 2,687: Total time for which application threads were stopped: 0,0061821 seconds, Stopping threads took: 0,0060521 seconds
{Heap before GC invocations=3 (full 1):
 par new generation   total 109248K, used 100575K [0x00000000e0000000, 0x00000000e8000000, 0x00000000e8000000)
  eden space 87424K, 100% used [0x00000000e0000000, 0x00000000e5560000, 0x00000000e5560000)
  from space 21824K,  60% used [0x00000000e6ab0000, 0x00000000e7787e40, 0x00000000e8000000)
  to   space 21824K,   0% used [0x00000000e5560000, 0x00000000e5560000, 0x00000000e6ab0000)
 concurrent mark-sweep generation total 393216K, used 0K [0x00000000e8000000, 0x0000000100000000, 0x0000000100000000)
 Metaspace       used 21300K, capacity 21725K, committed 21884K, reserved 1069056K
  class space    used 2454K, capacity 2637K, committed 2684K, reserved 1048576K
2018-06-19T15:08:41.294+0200: 2,784: [GC (Allocation Failure) 2018-06-19T15:08:41.294+0200: 2,784: [ParNew
Desired survivor size 20112992 bytes, new threshold 8 (max 8)
- age   1:     899528 bytes,     899528 total
- age   2:    1451024 bytes,    2350552 total
- age   3:     506992 bytes,    2857544 total
- age   4:    6471320 bytes,    9328864 total
: 100575K->11968K(109248K), 0,0211428 secs] 100575K->11968K(502464K), 0,0212786 secs] [Times: user=0,06 sys=0,00, real=0,02 secs] 
Heap after GC invocations=4 (full 1):
 par new generation   total 109248K, used 11968K [0x00000000e0000000, 0x00000000e8000000, 0x00000000e8000000)
  eden space 87424K,   0% used [0x00000000e0000000, 0x00000000e0000000, 0x00000000e5560000)
  from space 21824K,  54% used [0x00000000e5560000, 0x00000000e61103f0, 0x00000000e6ab0000)
  to   space 21824K,   0% used [0x00000000e6ab0000, 0x00000000e6ab0000, 0x00000000e8000000)
 concurrent mark-sweep generation total 393216K, used 0K [0x00000000e8000000, 0x0000000100000000, 0x0000000100000000)
 Metaspace       used 21300K, capacity 21725K, committed 21884K, reserved 1069056K
  class space    used 2454K, capacity 2637K, committed 2684K, reserved 1048576K
}
2018-06-19T15:08:41.315+0200: 2,805: Total time for which application threads were stopped: 0,0215460 seconds, Stopping threads took: 0,0000880 seconds
{Heap before GC invocations=4 (full 1):
 par new generation   total 109248K, used 99392K [0x00000000e0000000, 0x00000000e8000000, 0x00000000e8000000)
  eden space 87424K, 100% used [0x00000000e0000000, 0x00000000e5560000, 0x00000000e5560000)
  from space 21824K,  54% used [0x00000000e5560000, 0x00000000e61103f0, 0x00000000e6ab0000)
  to   space 21824K,   0% used [0x00000000e6ab0000, 0x00000000e6ab0000, 0x00000000e8000000)
 concurrent mark-sweep generation total 393216K, used 0K [0x00000000e8000000, 0x0000000100000000, 0x0000000100000000)
 Metaspace       used 21528K, capacity 21865K, committed 21960K, reserved 1069056K
  class space    used 2480K, capacity 2639K, committed 2684K, reserved 1048576K
2018-06-19T15:08:41.465+0200: 2,956: [GC (Allocation Failure) 2018-06-19T15:08:41.465+0200: 2,956: [ParNew
Desired survivor size 20112992 bytes, new threshold 8 (max 8)
- age   1:     604232 bytes,     604232 total
- age   2:     184768 bytes,     789000 total
- age   3:    1449560 bytes,    2238560 total
- age   4:     505024 bytes,    2743584 total
- age   5:    6470824 bytes,    9214408 total
: 99392K->11532K(109248K), 0,0228485 secs] 99392K->11532K(502464K), 0,0231875 secs] [Times: user=0,07 sys=0,00, real=0,02 secs] 
Heap after GC invocations=5 (full 1):
 par new generation   total 109248K, used 11532K [0x00000000e0000000, 0x00000000e8000000, 0x00000000e8000000)
  eden space 87424K,   0% used [0x00000000e0000000, 0x00000000e0000000, 0x00000000e5560000)
  from space 21824K,  52% used [0x00000000e6ab0000, 0x00000000e75f3250, 0x00000000e8000000)
  to   space 21824K,   0% used [0x00000000e5560000, 0x00000000e5560000, 0x00000000e6ab0000)
 concurrent mark-sweep generation total 393216K, used 0K [0x00000000e8000000, 0x0000000100000000, 0x0000000100000000)
 Metaspace       used 21528K, capacity 21865K, committed 21960K, reserved 1069056K
  class space    used 2480K, capacity 2639K, committed 2684K, reserved 1048576K
}
2018-06-19T15:08:41.489+0200: 2,979: Total time for which application threads were stopped: 0,0240530 seconds, Stopping threads took: 0,0002193 seconds
2018-06-19T15:08:41.489+0200: 2,979: [CMS-concurrent-abortable-preclean: 0,242/0,353 secs] [Times: user=1,11 sys=0,01, real=0,35 secs] 
2018-06-19T15:08:41.492+0200: 2,982: [GC (CMS Final Remark) [YG occupancy: 12817 K (109248 K)]{Heap before GC invocations=5 (full 1):
 par new generation   total 109248K, used 12817K [0x00000000e0000000, 0x00000000e8000000, 0x00000000e8000000)
  eden space 87424K,   1% used [0x00000000e0000000, 0x00000000e01412f8, 0x00000000e5560000)
  from space 21824K,  52% used [0x00000000e6ab0000, 0x00000000e75f3250, 0x00000000e8000000)
  to   space 21824K,   0% used [0x00000000e5560000, 0x00000000e5560000, 0x00000000e6ab0000)
 concurrent mark-sweep generation total 393216K, used 0K [0x00000000e8000000, 0x0000000100000000, 0x0000000100000000)
 Metaspace       used 21531K, capacity 21865K, committed 21960K, reserved 1069056K
  class space    used 2480K, capacity 2639K, committed 2684K, reserved 1048576K
2018-06-19T15:08:41.492+0200: 2,983: [GC (CMS Final Remark) 2018-06-19T15:08:41.492+0200: 2,983: [ParNew
Desired survivor size 20112992 bytes, new threshold 8 (max 8)
- age   1:     141576 bytes,     141576 total
- age   2:     483064 bytes,     624640 total
- age   3:     184768 bytes,     809408 total
- age   4:    1449560 bytes,    2258968 total
- age   5:     505024 bytes,    2763992 total
- age   6:    6470768 bytes,    9234760 total
: 12817K->11853K(109248K), 0,0133255 secs] 12817K->11853K(502464K), 0,0133672 secs] [Times: user=0,04 sys=0,00, real=0,01 secs] 
Heap after GC invocations=6 (full 1):
 par new generation   total 109248K, used 11853K [0x00000000e0000000, 0x00000000e8000000, 0x00000000e8000000)
  eden space 87424K,   0% used [0x00000000e0000000, 0x00000000e0000000, 0x00000000e5560000)
  from space 21824K,  54% used [0x00000000e5560000, 0x00000000e60f3430, 0x00000000e6ab0000)
  to   space 21824K,   0% used [0x00000000e6ab0000, 0x00000000e6ab0000, 0x00000000e8000000)
 concurrent mark-sweep generation total 393216K, used 0K [0x00000000e8000000, 0x0000000100000000, 0x0000000100000000)
 Metaspace       used 21531K, capacity 21865K, committed 21960K, reserved 1069056K
  class space    used 2480K, capacity 2639K, committed 2684K, reserved 1048576K
}
2018-06-19T15:08:41.506+0200: 2,996: [Rescan (parallel) , 0,0077816 secs]2018-06-19T15:08:41.513+0200: 3,004: [weak refs processing, 0,0022966 secs]2018-06-19T15:08:41.516+0200: 3,006: [class unloading, 0,0056456 secs]2018-06-19T15:08:41.522+0200: 3,012: [scrub symbol table, 0,0032380 secs]2018-06-19T15:08:41.525+0200: 3,015: [scrub string table, 0,0003740 secs][1 CMS-remark: 0K(393216K)] 11853K(502464K), 0,0338245 secs] [Times: user=0,08 sys=0,00, real=0,03 secs] 
2018-06-19T15:08:41.526+0200: 3,016: Total time for which application threads were stopped: 0,0347119 seconds, Stopping threads took: 0,0005328 seconds
2018-06-19T15:08:41.526+0200: 3,016: [CMS-concurrent-sweep-start]
2018-06-19T15:08:41.526+0200: 3,016: [CMS-concurrent-sweep: 0,000/0,000 secs] [Times: user=0,00 sys=0,00, real=0,00 secs] 
2018-06-19T15:08:41.526+0200: 3,016: [CMS-concurrent-reset-start]
2018-06-19T15:08:41.530+0200: 3,020: [CMS-concurrent-reset: 0,004/0,004 secs] [Times: user=0,00 sys=0,00, real=0,00 secs] 
2018-06-19T15:08:41.553+0200: 3,043: Total time for which application threads were stopped: 0,0004058 seconds, Stopping threads took: 0,0000229 seconds
2018-06-19T15:08:41.868+0200: 3,359: Total time for which application threads were stopped: 0,0005136 seconds, Stopping threads took: 0,0000324 seconds
2018-06-19T15:08:41.886+0200: 3,376: Total time for which application threads were stopped: 0,0003601 seconds, Stopping threads took: 0,0000226 seconds
{Heap before GC invocations=6 (full 1):
 par new generation   total 109248K, used 99277K [0x00000000e0000000, 0x00000000e8000000, 0x00000000e8000000)
  eden space 87424K, 100% used [0x00000000e0000000, 0x00000000e5560000, 0x00000000e5560000)
  from space 21824K,  54% used [0x00000000e5560000, 0x00000000e60f3430, 0x00000000e6ab0000)
  to   space 21824K,   0% used [0x00000000e6ab0000, 0x00000000e6ab0000, 0x00000000e8000000)
 concurrent mark-sweep generation total 393216K, used 0K [0x00000000e8000000, 0x0000000100000000, 0x0000000100000000)
 Metaspace       used 25480K, capacity 26021K, committed 26236K, reserved 1073152K
  class space    used 2955K, capacity 3157K, committed 3196K, reserved 1048576K
2018-06-19T15:08:42.164+0200: 3,654: [GC (Allocation Failure) 2018-06-19T15:08:42.164+0200: 3,654: [ParNew
Desired survivor size 20112992 bytes, new threshold 8 (max 8)
- age   1:   10435336 bytes,   10435336 total
- age   2:        304 bytes,   10435640 total
- age   3:     159912 bytes,   10595552 total
- age   4:     181168 bytes,   10776720 total
- age   5:     278032 bytes,   11054752 total
- age   6:     483200 bytes,   11537952 total
- age   7:    6463864 bytes,   18001816 total
: 99277K->20090K(109248K), 0,0193034 secs] 99277K->20090K(502464K), 0,0193939 secs] [Times: user=0,07 sys=0,00, real=0,02 secs] 
Heap after GC invocations=7 (full 1):
 par new generation   total 109248K, used 20090K [0x00000000e0000000, 0x00000000e8000000, 0x00000000e8000000)
  eden space 87424K,   0% used [0x00000000e0000000, 0x00000000e0000000, 0x00000000e5560000)
  from space 21824K,  92% used [0x00000000e6ab0000, 0x00000000e7e4e828, 0x00000000e8000000)
  to   space 21824K,   0% used [0x00000000e5560000, 0x00000000e5560000, 0x00000000e6ab0000)
 concurrent mark-sweep generation total 393216K, used 0K [0x00000000e8000000, 0x0000000100000000, 0x0000000100000000)
 Metaspace       used 25480K, capacity 26021K, committed 26236K, reserved 1073152K
  class space    used 2955K, capacity 3157K, committed 3196K, reserved 1048576K
}
2018-06-19T15:08:42.183+0200: 3,674: Total time for which application threads were stopped: 0,0198900 seconds, Stopping threads took: 0,0001939 seconds
2018-06-19T15:08:42.267+0200: 3,758: Total time for which application threads were stopped: 0,0012559 seconds, Stopping threads took: 0,0007425 seconds
2018-06-19T15:08:42.286+0200: 3,776: Total time for which application threads were stopped: 0,0004127 seconds, Stopping threads took: 0,0000426 seconds
2018-06-19T15:08:42.352+0200: 3,842: Total time for which application threads were stopped: 0,0005145 seconds, Stopping threads took: 0,0000296 seconds
2018-06-19T15:08:42.490+0200: 3,981: Total time for which application threads were stopped: 0,0009622 seconds, Stopping threads took: 0,0004541 seconds
2018-06-19T15:08:42.606+0200: 4,096: Total time for which application threads were stopped: 0,0031447 seconds, Stopping threads took: 0,0026854 seconds
{Heap before GC invocations=7 (full 1):
 par new generation   total 109248K, used 107514K [0x00000000e0000000, 0x00000000e8000000, 0x00000000e8000000)
  eden space 87424K, 100% used [0x00000000e0000000, 0x00000000e5560000, 0x00000000e5560000)
  from space 21824K,  92% used [0x00000000e6ab0000, 0x00000000e7e4e828, 0x00000000e8000000)
  to   space 21824K,   0% used [0x00000000e5560000, 0x00000000e5560000, 0x00000000e6ab0000)
 concurrent mark-sweep generation total 393216K, used 0K [0x00000000e8000000, 0x0000000100000000, 0x0000000100000000)
 Metaspace       used 28021K, capacity 28581K, committed 28796K, reserved 1075200K
  class space    used 3227K, capacity 3425K, committed 3452K, reserved 1048576K
2018-06-19T15:08:42.614+0200: 4,104: [GC (Allocation Failure) 2018-06-19T15:08:42.614+0200: 4,105: [ParNew
Desired survivor size 20112992 bytes, new threshold 8 (max 8)
- age   1:    8184712 bytes,    8184712 total
- age   2:    6618144 bytes,   14802856 total
- age   3:        304 bytes,   14803160 total
- age   4:     159880 bytes,   14963040 total
- age   5:     180992 bytes,   15144032 total
- age   6:     277760 bytes,   15421792 total
- age   7:     474728 bytes,   15896520 total
- age   8:    6449432 bytes,   22345952 total
: 107514K->21824K(109248K), 0,0346737 secs] 107514K->23704K(502464K), 0,0347777 secs] [Times: user=0,13 sys=0,01, real=0,03 secs] 
Heap after GC invocations=8 (full 1):
 par new generation   total 109248K, used 21824K [0x00000000e0000000, 0x00000000e8000000, 0x00000000e8000000)
  eden space 87424K,   0% used [0x00000000e0000000, 0x00000000e0000000, 0x00000000e5560000)
  from space 21824K, 100% used [0x00000000e5560000, 0x00000000e6ab0000, 0x00000000e6ab0000)
  to   space 21824K,   0% used [0x00000000e6ab0000, 0x00000000e6ab0000, 0x00000000e8000000)
 concurrent mark-sweep generation total 393216K, used 1880K [0x00000000e8000000, 0x0000000100000000, 0x0000000100000000)
 Metaspace       used 28021K, capacity 28581K, committed 28796K, reserved 1075200K
  class space    used 3227K, capacity 3425K, committed 3452K, reserved 1048576K
}
2018-06-19T15:08:42.649+0200: 4,139: Total time for which application threads were stopped: 0,0350790 seconds, Stopping threads took: 0,0000812 seconds
{Heap before GC invocations=8 (full 1):
 par new generation   total 109248K, used 109248K [0x00000000e0000000, 0x00000000e8000000, 0x00000000e8000000)
  eden space 87424K, 100% used [0x00000000e0000000, 0x00000000e5560000, 0x00000000e5560000)
  from space 21824K, 100% used [0x00000000e5560000, 0x00000000e6ab0000, 0x00000000e6ab0000)
  to   space 21824K,   0% used [0x00000000e6ab0000, 0x00000000e6ab0000, 0x00000000e8000000)
 concurrent mark-sweep generation total 393216K, used 1880K [0x00000000e8000000, 0x0000000100000000, 0x0000000100000000)
 Metaspace       used 28050K, capacity 28667K, committed 28796K, reserved 1075200K
  class space    used 3230K, capacity 3429K, committed 3452K, reserved 1048576K
2018-06-19T15:08:42.720+0200: 4,210: [GC (Allocation Failure) 2018-06-19T15:08:42.720+0200: 4,210: [ParNew
Desired survivor size 20112992 bytes, new threshold 8 (max 8)
- age   1:     832160 bytes,     832160 total
- age   2:    7212752 bytes,    8044912 total
- age   3:    6618104 bytes,   14663016 total
- age   4:        304 bytes,   14663320 total
- age   5:     159880 bytes,   14823200 total
- age   6:     180888 bytes,   15004088 total
- age   7:     277656 bytes,   15281744 total
- age   8:     474728 bytes,   15756472 total
: 109248K->21824K(109248K), 0,0466770 secs] 111128K->30601K(502464K), 0,0467770 secs] [Times: user=0,13 sys=0,00, real=0,05 secs] 
Heap after GC invocations=9 (full 1):
 par new generation   total 109248K, used 21824K [0x00000000e0000000, 0x00000000e8000000, 0x00000000e8000000)
  eden space 87424K,   0% used [0x00000000e0000000, 0x00000000e0000000, 0x00000000e5560000)
  from space 21824K, 100% used [0x00000000e6ab0000, 0x00000000e8000000, 0x00000000e8000000)
  to   space 21824K,   0% used [0x00000000e5560000, 0x00000000e5560000, 0x00000000e6ab0000)
 concurrent mark-sweep generation total 393216K, used 8777K [0x00000000e8000000, 0x0000000100000000, 0x0000000100000000)
 Metaspace       used 28050K, capacity 28667K, committed 28796K, reserved 1075200K
  class space    used 3230K, capacity 3429K, committed 3452K, reserved 1048576K
}
2018-06-19T15:08:42.766+0200: 4,257: Total time for which application threads were stopped: 0,0470576 seconds, Stopping threads took: 0,0000877 seconds
2018-06-19T15:08:42.816+0200: 4,306: Total time for which application threads were stopped: 0,0001929 seconds, Stopping threads took: 0,0000631 seconds
2018-06-19T15:08:42.839+0200: 4,329: Total time for which application threads were stopped: 0,0037762 seconds, Stopping threads took: 0,0036273 seconds
2018-06-19T15:08:42.855+0200: 4,346: Total time for which application threads were stopped: 0,0001885 seconds, Stopping threads took: 0,0000534 seconds
2018-06-19T15:08:42.868+0200: 4,359: Total time for which application threads were stopped: 0,0001539 seconds, Stopping threads took: 0,0000582 seconds
2018-06-19T15:08:42.887+0200: 4,377: Total time for which application threads were stopped: 0,0006969 seconds, Stopping threads took: 0,0005683 seconds
2018-06-19T15:08:42.911+0200: 4,402: Total time for which application threads were stopped: 0,0131185 seconds, Stopping threads took: 0,0129881 seconds
2018-06-19T15:08:42.939+0200: 4,429: Total time for which application threads were stopped: 0,0027627 seconds, Stopping threads took: 0,0026261 seconds
2018-06-19T15:08:42.942+0200: 4,433: Total time for which application threads were stopped: 0,0001586 seconds, Stopping threads took: 0,0000690 seconds
2018-06-19T15:08:42.971+0200: 4,461: Total time for which application threads were stopped: 0,0034990 seconds, Stopping threads took: 0,0033445 seconds
2018-06-19T15:08:42.971+0200: 4,461: Total time for which application threads were stopped: 0,0000931 seconds, Stopping threads took: 0,0000442 seconds
2018-06-19T15:08:42.971+0200: 4,462: Total time for which application threads were stopped: 0,0000733 seconds, Stopping threads took: 0,0000363 seconds
{Heap before GC invocations=9 (full 1):
 par new generation   total 109248K, used 109248K [0x00000000e0000000, 0x00000000e8000000, 0x00000000e8000000)
  eden space 87424K, 100% used [0x00000000e0000000, 0x00000000e5560000, 0x00000000e5560000)
  from space 21824K, 100% used [0x00000000e6ab0000, 0x00000000e8000000, 0x00000000e8000000)
  to   space 21824K,   0% used [0x00000000e5560000, 0x00000000e5560000, 0x00000000e6ab0000)
 concurrent mark-sweep generation total 393216K, used 8777K [0x00000000e8000000, 0x0000000100000000, 0x0000000100000000)
 Metaspace       used 28205K, capacity 28815K, committed 29052K, reserved 1075200K
  class space    used 3235K, capacity 3436K, committed 3452K, reserved 1048576K
2018-06-19T15:08:42.987+0200: 4,477: [GC (Allocation Failure) 2018-06-19T15:08:42.987+0200: 4,477: [ParNew
Desired survivor size 20112992 bytes, new threshold 8 (max 8)
- age   1:    3078840 bytes,    3078840 total
- age   2:     121464 bytes,    3200304 total
- age   3:    6822600 bytes,   10022904 total
- age   4:    6618104 bytes,   16641008 total
- age   5:        304 bytes,   16641312 total
- age   6:     159880 bytes,   16801192 total
- age   7:     180888 bytes,   16982080 total
- age   8:     277656 bytes,   17259736 total
: 109248K->21824K(109248K), 0,0237854 secs] 118025K->31077K(502464K), 0,0238920 secs] [Times: user=0,07 sys=0,01, real=0,03 secs] 
Heap after GC invocations=10 (full 1):
 par new generation   total 109248K, used 21824K [0x00000000e0000000, 0x00000000e8000000, 0x00000000e8000000)
  eden space 87424K,   0% used [0x00000000e0000000, 0x00000000e0000000, 0x00000000e5560000)
  from space 21824K, 100% used [0x00000000e5560000, 0x00000000e6ab0000, 0x00000000e6ab0000)
  to   space 21824K,   0% used [0x00000000e6ab0000, 0x00000000e6ab0000, 0x00000000e8000000)
 concurrent mark-sweep generation total 393216K, used 9253K [0x00000000e8000000, 0x0000000100000000, 0x0000000100000000)
 Metaspace       used 28205K, capacity 28815K, committed 29052K, reserved 1075200K
  class space    used 3235K, capacity 3436K, committed 3452K, reserved 1048576K
}
2018-06-19T15:08:43.011+0200: 4,501: Total time for which application threads were stopped: 0,0250350 seconds, Stopping threads took: 0,0009680 seconds
2018-06-19T15:08:43.019+0200: 4,509: Total time for which application threads were stopped: 0,0032079 seconds, Stopping threads took: 0,0031126 seconds
2018-06-19T15:08:43.030+0200: 4,520: Total time for which application threads were stopped: 0,0028371 seconds, Stopping threads took: 0,0027446 seconds
2018-06-19T15:08:43.034+0200: 4,525: Total time for which application threads were stopped: 0,0001232 seconds, Stopping threads took: 0,0000471 seconds
2018-06-19T15:08:43.069+0200: 4,560: Total time for which application threads were stopped: 0,0001368 seconds, Stopping threads took: 0,0000559 seconds
2018-06-19T15:08:43.071+0200: 4,561: Total time for which application threads were stopped: 0,0014497 seconds, Stopping threads took: 0,0013808 seconds
2018-06-19T15:08:43.071+0200: 4,561: Total time for which application threads were stopped: 0,0000687 seconds, Stopping threads took: 0,0000348 seconds
2018-06-19T15:08:44.071+0200: 5,562: Total time for which application threads were stopped: 0,0000813 seconds, Stopping threads took: 0,0000209 seconds
2018-06-19T15:08:45.957+0200: 7,448: Total time for which application threads were stopped: 0,0000789 seconds, Stopping threads took: 0,0000282 seconds
2018-06-19T15:08:45.961+0200: 7,451: Total time for which application threads were stopped: 0,0000712 seconds, Stopping threads took: 0,0000252 seconds
2018-06-19T15:08:45.979+0200: 7,469: Total time for which application threads were stopped: 0,0004348 seconds, Stopping threads took: 0,0000294 seconds
2018-06-19T15:08:45.995+0200: 7,486: Total time for which application threads were stopped: 0,0000816 seconds, Stopping threads took: 0,0000249 seconds
2018-06-19T15:08:45.995+0200: 7,486: Total time for which application threads were stopped: 0,0000495 seconds, Stopping threads took: 0,0000171 seconds
2018-06-19T15:08:46.051+0200: 7,542: Total time for which application threads were stopped: 0,0001489 seconds, Stopping threads took: 0,0000629 seconds
2018-06-19T15:08:46.054+0200: 7,544: Total time for which application threads were stopped: 0,0001139 seconds, Stopping threads took: 0,0000540 seconds
2018-06-19T15:08:46.080+0200: 7,571: Total time for which application threads were stopped: 0,0000959 seconds, Stopping threads took: 0,0000202 seconds
2018-06-19T15:08:46.087+0200: 7,577: Total time for which application threads were stopped: 0,0001453 seconds, Stopping threads took: 0,0000491 seconds
2018-06-19T15:08:46.102+0200: 7,592: Total time for which application threads were stopped: 0,0001955 seconds, Stopping threads took: 0,0001057 seconds
2018-06-19T15:08:46.171+0200: 7,662: Total time for which application threads were stopped: 0,0008061 seconds, Stopping threads took: 0,0001655 seconds
2018-06-19T15:08:48.799+0200: 10,290: Total time for which application threads were stopped: 0,0000897 seconds, Stopping threads took: 0,0000202 seconds
2018-06-19T15:08:48.800+0200: 10,290: Total time for which application threads were stopped: 0,0000546 seconds, Stopping threads took: 0,0000173 seconds
2018-06-19T15:08:48.827+0200: 10,317: Total time for which application threads were stopped: 0,0001983 seconds, Stopping threads took: 0,0001325 seconds
2018-06-19T15:08:48.829+0200: 10,320: Total time for which application threads were stopped: 0,0001613 seconds, Stopping threads took: 0,0000919 seconds
2018-06-19T15:08:48.871+0200: 10,361: Total time for which application threads were stopped: 0,0001394 seconds, Stopping threads took: 0,0000360 seconds
2018-06-19T15:09:04.245+0200: 25,736: Total time for which application threads were stopped: 0,0001073 seconds, Stopping threads took: 0,0000399 seconds
2018-06-19T15:09:04.245+0200: 25,736: Total time for which application threads were stopped: 0,0000647 seconds, Stopping threads took: 0,0000340 seconds
2018-06-19T15:09:04.273+0200: 25,763: Total time for which application threads were stopped: 0,0004077 seconds, Stopping threads took: 0,0000151 seconds
2018-06-19T15:09:04.285+0200: 25,775: Total time for which application threads were stopped: 0,0002259 seconds, Stopping threads took: 0,0001284 seconds
2018-06-19T15:09:04.331+0200: 25,821: Total time for which application threads were stopped: 0,0001939 seconds, Stopping threads took: 0,0000864 seconds
2018-06-19T15:09:04.362+0200: 25,852: Total time for which application threads were stopped: 0,0001129 seconds, Stopping threads took: 0,0000225 seconds
2018-06-19T15:09:04.388+0200: 25,878: Total time for which application threads were stopped: 0,0001327 seconds, Stopping threads took: 0,0000540 seconds
2018-06-19T15:09:04.388+0200: 25,878: Total time for which application threads were stopped: 0,0000586 seconds, Stopping threads took: 0,0000136 seconds
2018-06-19T15:09:04.388+0200: 25,879: Total time for which application threads were stopped: 0,0000702 seconds, Stopping threads took: 0,0000287 seconds
2018-06-19T15:09:04.388+0200: 25,879: Total time for which application threads were stopped: 0,0000490 seconds, Stopping threads took: 0,0000094 seconds
2018-06-19T15:09:04.389+0200: 25,879: Total time for which application threads were stopped: 0,0000799 seconds, Stopping threads took: 0,0000287 seconds
2018-06-19T15:09:04.389+0200: 25,880: Total time for which application threads were stopped: 0,0000524 seconds, Stopping threads took: 0,0000233 seconds
2018-06-19T15:09:04.389+0200: 25,880: Total time for which application threads were stopped: 0,0000470 seconds, Stopping threads took: 0,0000211 seconds
2018-06-19T15:09:04.393+0200: 25,884: Total time for which application threads were stopped: 0,0001032 seconds, Stopping threads took: 0,0000388 seconds
2018-06-19T15:09:04.456+0200: 25,946: Total time for which application threads were stopped: 0,0001464 seconds, Stopping threads took: 0,0000387 seconds
2018-06-19T15:09:04.459+0200: 25,950: Total time for which application threads were stopped: 0,0000882 seconds, Stopping threads took: 0,0000212 seconds
2018-06-19T15:09:04.460+0200: 25,950: Total time for which application threads were stopped: 0,0000430 seconds, Stopping threads took: 0,0000111 seconds
2018-06-19T15:09:04.460+0200: 25,950: Total time for which application threads were stopped: 0,0000382 seconds, Stopping threads took: 0,0000105 seconds
2018-06-19T15:09:04.460+0200: 25,950: Total time for which application threads were stopped: 0,0000448 seconds, Stopping threads took: 0,0000125 seconds
2018-06-19T15:09:04.471+0200: 25,962: Total time for which application threads were stopped: 0,0004477 seconds, Stopping threads took: 0,0000276 seconds
2018-06-19T15:09:04.473+0200: 25,963: Total time for which application threads were stopped: 0,0004240 seconds, Stopping threads took: 0,0000253 seconds
2018-06-19T15:09:04.684+0200: 26,174: Total time for which application threads were stopped: 0,0002703 seconds, Stopping threads took: 0,0000523 seconds
{Heap before GC invocations=10 (full 1):
 par new generation   total 109248K, used 109226K [0x00000000e0000000, 0x00000000e8000000, 0x00000000e8000000)
  eden space 87424K,  99% used [0x00000000e0000000, 0x00000000e555abd8, 0x00000000e5560000)
  from space 21824K, 100% used [0x00000000e5560000, 0x00000000e6ab0000, 0x00000000e6ab0000)
  to   space 21824K,   0% used [0x00000000e6ab0000, 0x00000000e6ab0000, 0x00000000e8000000)
 concurrent mark-sweep generation total 393216K, used 9253K [0x00000000e8000000, 0x0000000100000000, 0x0000000100000000)
 Metaspace       used 30748K, capacity 31427K, committed 31740K, reserved 1077248K
  class space    used 3517K, capacity 3769K, committed 3836K, reserved 1048576K
2018-06-19T15:09:04.795+0200: 26,286: [GC (Allocation Failure) 2018-06-19T15:09:04.795+0200: 26,286: [ParNew
Desired survivor size 20112992 bytes, new threshold 5 (max 8)
- age   1:    4502520 bytes,    4502520 total
- age   2:    2536816 bytes,    7039336 total
- age   3:      71144 bytes,    7110480 total
- age   4:    8435824 bytes,   15546304 total
- age   5:    6438912 bytes,   21985216 total
- age   6:        272 bytes,   21985488 total
- age   7:     156328 bytes,   22141816 total
- age   8:     177584 bytes,   22319400 total
: 109226K->21824K(109248K), 0,0199863 secs] 118480K->33562K(502464K), 0,0200441 secs] [Times: user=0,06 sys=0,01, real=0,02 secs] 
Heap after GC invocations=11 (full 1):
 par new generation   total 109248K, used 21824K [0x00000000e0000000, 0x00000000e8000000, 0x00000000e8000000)
  eden space 87424K,   0% used [0x00000000e0000000, 0x00000000e0000000, 0x00000000e5560000)
  from space 21824K, 100% used [0x00000000e6ab0000, 0x00000000e8000000, 0x00000000e8000000)
  to   space 21824K,   0% used [0x00000000e5560000, 0x00000000e5560000, 0x00000000e6ab0000)
 concurrent mark-sweep generation total 393216K, used 11738K [0x00000000e8000000, 0x0000000100000000, 0x0000000100000000)
 Metaspace       used 30748K, capacity 31427K, committed 31740K, reserved 1077248K
  class space    used 3517K, capacity 3769K, committed 3836K, reserved 1048576K
}
2018-06-19T15:09:04.816+0200: 26,306: Total time for which application threads were stopped: 0,0203383 seconds, Stopping threads took: 0,0000615 seconds
2018-06-19T15:09:04.827+0200: 26,318: Total time for which application threads were stopped: 0,0001378 seconds, Stopping threads took: 0,0000631 seconds
2018-06-19T15:09:04.936+0200: 26,427: Total time for which application threads were stopped: 0,0001733 seconds, Stopping threads took: 0,0000351 seconds
2018-06-19T15:09:04.936+0200: 26,427: Total time for which application threads were stopped: 0,0000722 seconds, Stopping threads took: 0,0000156 seconds
2018-06-19T15:09:04.946+0200: 26,437: Total time for which application threads were stopped: 0,0003216 seconds, Stopping threads took: 0,0002103 seconds
2018-06-19T15:09:04.958+0200: 26,449: Total time for which application threads were stopped: 0,0001777 seconds, Stopping threads took: 0,0000761 seconds
2018-06-19T15:09:05.049+0200: 26,539: Total time for which application threads were stopped: 0,0003761 seconds, Stopping threads took: 0,0000651 seconds
2018-06-19T15:09:05.049+0200: 26,540: Total time for which application threads were stopped: 0,0003114 seconds, Stopping threads took: 0,0000964 seconds
2018-06-19T15:09:05.050+0200: 26,540: Total time for which application threads were stopped: 0,0002357 seconds, Stopping threads took: 0,0000653 seconds
{Heap before GC invocations=11 (full 1):
 par new generation   total 109248K, used 109232K [0x00000000e0000000, 0x00000000e8000000, 0x00000000e8000000)
  eden space 87424K,  99% used [0x00000000e0000000, 0x00000000e555c188, 0x00000000e5560000)
  from space 21824K, 100% used [0x00000000e6ab0000, 0x00000000e8000000, 0x00000000e8000000)
  to   space 21824K,   0% used [0x00000000e5560000, 0x00000000e5560000, 0x00000000e6ab0000)
 concurrent mark-sweep generation total 393216K, used 11738K [0x00000000e8000000, 0x0000000100000000, 0x0000000100000000)
 Metaspace       used 30829K, capacity 31491K, committed 31740K, reserved 1077248K
  class space    used 3517K, capacity 3769K, committed 3836K, reserved 1048576K
2018-06-19T15:09:05.152+0200: 26,642: [GC (Allocation Failure) 2018-06-19T15:09:05.152+0200: 26,642: [ParNew
Desired survivor size 20112992 bytes, new threshold 8 (max 8)
- age   1:    1251608 bytes,    1251608 total
- age   2:    3917248 bytes,    5168856 total
- age   3:    2536816 bytes,    7705672 total
- age   4:      71144 bytes,    7776816 total
- age   5:    6207504 bytes,   13984320 total
: 109232K->19138K(109248K), 0,0536901 secs] 120970K->38264K(502464K), 0,0538046 secs] [Times: user=0,12 sys=0,01, real=0,05 secs] 
Heap after GC invocations=12 (full 1):
 par new generation   total 109248K, used 19138K [0x00000000e0000000, 0x00000000e8000000, 0x00000000e8000000)
  eden space 87424K,   0% used [0x00000000e0000000, 0x00000000e0000000, 0x00000000e5560000)
  from space 21824K,  87% used [0x00000000e5560000, 0x00000000e6810ab0, 0x00000000e6ab0000)
  to   space 21824K,   0% used [0x00000000e6ab0000, 0x00000000e6ab0000, 0x00000000e8000000)
 concurrent mark-sweep generation total 393216K, used 19125K [0x00000000e8000000, 0x0000000100000000, 0x0000000100000000)
 Metaspace       used 30829K, capacity 31491K, committed 31740K, reserved 1077248K
  class space    used 3517K, capacity 3769K, committed 3836K, reserved 1048576K
}
2018-06-19T15:09:05.206+0200: 26,696: Total time for which application threads were stopped: 0,0540897 seconds, Stopping threads took: 0,0000533 seconds
2018-06-19T15:09:05.571+0200: 27,061: Total time for which application threads were stopped: 0,0080851 seconds, Stopping threads took: 0,0079309 seconds
2018-06-19T15:09:05.572+0200: 27,062: Total time for which application threads were stopped: 0,0001385 seconds, Stopping threads took: 0,0000404 seconds
2018-06-19T15:09:05.578+0200: 27,069: Total time for which application threads were stopped: 0,0001063 seconds, Stopping threads took: 0,0000243 seconds
2018-06-19T15:09:05.579+0200: 27,070: Total time for which application threads were stopped: 0,0000939 seconds, Stopping threads took: 0,0000258 seconds
{Heap before GC invocations=12 (full 1):
 par new generation   total 109248K, used 106562K [0x00000000e0000000, 0x00000000e8000000, 0x00000000e8000000)
  eden space 87424K, 100% used [0x00000000e0000000, 0x00000000e5560000, 0x00000000e5560000)
  from space 21824K,  87% used [0x00000000e5560000, 0x00000000e6810ab0, 0x00000000e6ab0000)
  to   space 21824K,   0% used [0x00000000e6ab0000, 0x00000000e6ab0000, 0x00000000e8000000)
 concurrent mark-sweep generation total 393216K, used 19125K [0x00000000e8000000, 0x0000000100000000, 0x0000000100000000)
 Metaspace       used 30879K, capacity 31555K, committed 31740K, reserved 1077248K
  class space    used 3523K, capacity 3769K, committed 3836K, reserved 1048576K
2018-06-19T15:09:05.655+0200: 27,145: [GC (Allocation Failure) 2018-06-19T15:09:05.655+0200: 27,145: [ParNew
Desired survivor size 20112992 bytes, new threshold 8 (max 8)
- age   1:    1690264 bytes,    1690264 total
- age   2:     881248 bytes,    2571512 total
- age   3:    3816456 bytes,    6387968 total
- age   4:    2536816 bytes,    8924784 total
- age   5:      71144 bytes,    8995928 total
- age   6:    6207504 bytes,   15203432 total
: 106562K->20073K(109248K), 0,0274628 secs] 125688K->39199K(502464K), 0,0276087 secs] [Times: user=0,08 sys=0,00, real=0,02 secs] 
Heap after GC invocations=13 (full 1):
 par new generation   total 109248K, used 20073K [0x00000000e0000000, 0x00000000e8000000, 0x00000000e8000000)
  eden space 87424K,   0% used [0x00000000e0000000, 0x00000000e0000000, 0x00000000e5560000)
  from space 21824K,  91% used [0x00000000e6ab0000, 0x00000000e7e4a7d0, 0x00000000e8000000)
  to   space 21824K,   0% used [0x00000000e5560000, 0x00000000e5560000, 0x00000000e6ab0000)
 concurrent mark-sweep generation total 393216K, used 19125K [0x00000000e8000000, 0x0000000100000000, 0x0000000100000000)
 Metaspace       used 30879K, capacity 31555K, committed 31740K, reserved 1077248K
  class space    used 3523K, capacity 3769K, committed 3836K, reserved 1048576K
}
2018-06-19T15:09:05.683+0200: 27,173: Total time for which application threads were stopped: 0,0341672 seconds, Stopping threads took: 0,0062462 seconds
2018-06-19T15:09:05.747+0200: 27,238: Total time for which application threads were stopped: 0,0072216 seconds, Stopping threads took: 0,0070904 seconds
2018-06-19T15:09:05.754+0200: 27,245: Total time for which application threads were stopped: 0,0002921 seconds, Stopping threads took: 0,0001787 seconds
2018-06-19T15:09:05.769+0200: 27,259: Total time for which application threads were stopped: 0,0022233 seconds, Stopping threads took: 0,0016109 seconds
2018-06-19T15:09:05.829+0200: 27,320: Total time for which application threads were stopped: 0,0044275 seconds, Stopping threads took: 0,0038969 seconds
2018-06-19T15:09:05.830+0200: 27,320: Total time for which application threads were stopped: 0,0002539 seconds, Stopping threads took: 0,0000640 seconds
{Heap before GC invocations=13 (full 1):
 par new generation   total 109248K, used 107497K [0x00000000e0000000, 0x00000000e8000000, 0x00000000e8000000)
  eden space 87424K, 100% used [0x00000000e0000000, 0x00000000e5560000, 0x00000000e5560000)
  from space 21824K,  91% used [0x00000000e6ab0000, 0x00000000e7e4a7d0, 0x00000000e8000000)
  to   space 21824K,   0% used [0x00000000e5560000, 0x00000000e5560000, 0x00000000e6ab0000)
 concurrent mark-sweep generation total 393216K, used 19125K [0x00000000e8000000, 0x0000000100000000, 0x0000000100000000)
 Metaspace       used 31052K, capacity 31683K, committed 31996K, reserved 1077248K
  class space    used 3536K, capacity 3769K, committed 3836K, reserved 1048576K
2018-06-19T15:09:06.194+0200: 27,684: [GC (Allocation Failure) 2018-06-19T15:09:06.194+0200: 27,685: [ParNew
Desired survivor size 20112992 bytes, new threshold 8 (max 8)
- age   1:    1534376 bytes,    1534376 total
- age   2:     692048 bytes,    2226424 total
- age   3:     123088 bytes,    2349512 total
- age   4:    3297336 bytes,    5646848 total
- age   5:    2536816 bytes,    8183664 total
- age   6:      71144 bytes,    8254808 total
- age   7:    6207448 bytes,   14462256 total
: 107497K->16153K(109248K), 0,0678628 secs] 126623K->35279K(502464K), 0,0679905 secs] [Times: user=0,10 sys=0,00, real=0,06 secs] 
Heap after GC invocations=14 (full 1):
 par new generation   total 109248K, used 16153K [0x00000000e0000000, 0x00000000e8000000, 0x00000000e8000000)
  eden space 87424K,   0% used [0x00000000e0000000, 0x00000000e0000000, 0x00000000e5560000)
  from space 21824K,  74% used [0x00000000e5560000, 0x00000000e6526750, 0x00000000e6ab0000)
  to   space 21824K,   0% used [0x00000000e6ab0000, 0x00000000e6ab0000, 0x00000000e8000000)
 concurrent mark-sweep generation total 393216K, used 19125K [0x00000000e8000000, 0x0000000100000000, 0x0000000100000000)
 Metaspace       used 31052K, capacity 31683K, committed 31996K, reserved 1077248K
  class space    used 3536K, capacity 3769K, committed 3836K, reserved 1048576K
}
2018-06-19T15:09:06.262+0200: 27,753: Total time for which application threads were stopped: 0,0684270 seconds, Stopping threads took: 0,0000401 seconds
2018-06-19T15:09:06.530+0200: 28,020: Total time for which application threads were stopped: 0,0118548 seconds, Stopping threads took: 0,0107886 seconds
2018-06-19T15:09:06.561+0200: 28,052: Total time for which application threads were stopped: 0,0040097 seconds, Stopping threads took: 0,0038665 seconds
2018-06-19T15:09:06.571+0200: 28,062: Total time for which application threads were stopped: 0,0013180 seconds, Stopping threads took: 0,0012000 seconds
2018-06-19T15:09:06.572+0200: 28,062: Total time for which application threads were stopped: 0,0001430 seconds, Stopping threads took: 0,0000400 seconds
{Heap before GC invocations=14 (full 1):
 par new generation   total 109248K, used 103577K [0x00000000e0000000, 0x00000000e8000000, 0x00000000e8000000)
  eden space 87424K, 100% used [0x00000000e0000000, 0x00000000e5560000, 0x00000000e5560000)
  from space 21824K,  74% used [0x00000000e5560000, 0x00000000e6526750, 0x00000000e6ab0000)
  to   space 21824K,   0% used [0x00000000e6ab0000, 0x00000000e6ab0000, 0x00000000e8000000)
 concurrent mark-sweep generation total 393216K, used 19125K [0x00000000e8000000, 0x0000000100000000, 0x0000000100000000)
 Metaspace       used 31061K, capacity 31683K, committed 31996K, reserved 1077248K
  class space    used 3536K, capacity 3769K, committed 3836K, reserved 1048576K
2018-06-19T15:09:06.648+0200: 28,139: [GC (Allocation Failure) 2018-06-19T15:09:06.648+0200: 28,139: [ParNew
Desired survivor size 20112992 bytes, new threshold 8 (max 8)
- age   1:    1701560 bytes,    1701560 total
- age   2:    1039480 bytes,    2741040 total
- age   3:     595280 bytes,    3336320 total
- age   4:     123088 bytes,    3459408 total
- age   5:    3296488 bytes,    6755896 total
- age   6:    2536816 bytes,    9292712 total
- age   7:      71144 bytes,    9363856 total
- age   8:    6207448 bytes,   15571304 total
: 103577K->21415K(109248K), 0,0465711 secs] 122703K->40541K(502464K), 0,0466667 secs] [Times: user=0,11 sys=0,00, real=0,05 secs] 
Heap after GC invocations=15 (full 1):
 par new generation   total 109248K, used 21415K [0x00000000e0000000, 0x00000000e8000000, 0x00000000e8000000)
  eden space 87424K,   0% used [0x00000000e0000000, 0x00000000e0000000, 0x00000000e5560000)
  from space 21824K,  98% used [0x00000000e6ab0000, 0x00000000e7f99dc0, 0x00000000e8000000)
  to   space 21824K,   0% used [0x00000000e5560000, 0x00000000e5560000, 0x00000000e6ab0000)
 concurrent mark-sweep generation total 393216K, used 19125K [0x00000000e8000000, 0x0000000100000000, 0x0000000100000000)
 Metaspace       used 31061K, capacity 31683K, committed 31996K, reserved 1077248K
  class space    used 3536K, capacity 3769K, committed 3836K, reserved 1048576K
}
2018-06-19T15:09:06.695+0200: 28,185: Total time for which application threads were stopped: 0,0469227 seconds, Stopping threads took: 0,0000600 seconds
2018-06-19T15:09:06.883+0200: 28,373: Total time for which application threads were stopped: 0,0001990 seconds, Stopping threads took: 0,0000318 seconds
2018-06-19T15:09:06.887+0200: 28,377: Total time for which application threads were stopped: 0,0001609 seconds, Stopping threads took: 0,0000511 seconds
2018-06-19T15:09:06.890+0200: 28,381: Total time for which application threads were stopped: 0,0001554 seconds, Stopping threads took: 0,0000543 seconds
{Heap before GC invocations=15 (full 1):
 par new generation   total 109248K, used 108839K [0x00000000e0000000, 0x00000000e8000000, 0x00000000e8000000)
  eden space 87424K, 100% used [0x00000000e0000000, 0x00000000e5560000, 0x00000000e5560000)
  from space 21824K,  98% used [0x00000000e6ab0000, 0x00000000e7f99dc0, 0x00000000e8000000)
  to   space 21824K,   0% used [0x00000000e5560000, 0x00000000e5560000, 0x00000000e6ab0000)
 concurrent mark-sweep generation total 393216K, used 19125K [0x00000000e8000000, 0x0000000100000000, 0x0000000100000000)
 Metaspace       used 31100K, capacity 31759K, committed 31996K, reserved 1077248K
  class space    used 3537K, capacity 3771K, committed 3836K, reserved 1048576K
2018-06-19T15:09:06.915+0200: 28,405: [GC (Allocation Failure) 2018-06-19T15:09:06.915+0200: 28,405: [ParNew
Desired survivor size 20112992 bytes, new threshold 8 (max 8)
- age   1:    1396760 bytes,    1396760 total
- age   2:     449704 bytes,    1846464 total
- age   3:     373816 bytes,    2220280 total
- age   4:     112664 bytes,    2332944 total
- age   5:     123088 bytes,    2456032 total
- age   6:    3296400 bytes,    5752432 total
- age   7:    2536816 bytes,    8289248 total
- age   8:      71144 bytes,    8360392 total
: 108839K->14663K(109248K), 0,0271511 secs] 127965K->39870K(502464K), 0,0272401 secs] [Times: user=0,08 sys=0,00, real=0,02 secs] 
Heap after GC invocations=16 (full 1):
 par new generation   total 109248K, used 14663K [0x00000000e0000000, 0x00000000e8000000, 0x00000000e8000000)
  eden space 87424K,   0% used [0x00000000e0000000, 0x00000000e0000000, 0x00000000e5560000)
  from space 21824K,  67% used [0x00000000e5560000, 0x00000000e63b1f30, 0x00000000e6ab0000)
  to   space 21824K,   0% used [0x00000000e6ab0000, 0x00000000e6ab0000, 0x00000000e8000000)
 concurrent mark-sweep generation total 393216K, used 25206K [0x00000000e8000000, 0x0000000100000000, 0x0000000100000000)
 Metaspace       used 31100K, capacity 31759K, committed 31996K, reserved 1077248K
  class space    used 3537K, capacity 3771K, committed 3836K, reserved 1048576K
}
2018-06-19T15:09:06.942+0200: 28,433: Total time for which application threads were stopped: 0,0274807 seconds, Stopping threads took: 0,0000501 seconds
{Heap before GC invocations=16 (full 1):
 par new generation   total 109248K, used 102087K [0x00000000e0000000, 0x00000000e8000000, 0x00000000e8000000)
  eden space 87424K, 100% used [0x00000000e0000000, 0x00000000e5560000, 0x00000000e5560000)
  from space 21824K,  67% used [0x00000000e5560000, 0x00000000e63b1f30, 0x00000000e6ab0000)
  to   space 21824K,   0% used [0x00000000e6ab0000, 0x00000000e6ab0000, 0x00000000e8000000)
 concurrent mark-sweep generation total 393216K, used 25206K [0x00000000e8000000, 0x0000000100000000, 0x0000000100000000)
 Metaspace       used 31108K, capacity 31759K, committed 31996K, reserved 1077248K
  class space    used 3537K, capacity 3771K, committed 3836K, reserved 1048576K
2018-06-19T15:09:07.073+0200: 28,563: [GC (Allocation Failure) 2018-06-19T15:09:07.073+0200: 28,563: [ParNew
Desired survivor size 20112992 bytes, new threshold 8 (max 8)
- age   1:    1429808 bytes,    1429808 total
- age   2:    1050168 bytes,    2479976 total
- age   3:     448416 bytes,    2928392 total
- age   4:     372944 bytes,    3301336 total
- age   5:     112664 bytes,    3414000 total
- age   6:     123088 bytes,    3537088 total
- age   7:    3296368 bytes,    6833456 total
- age   8:    2536816 bytes,    9370272 total
: 102087K->11373K(109248K), 0,0121885 secs] 127294K->36651K(502464K), 0,0122929 secs] [Times: user=0,04 sys=0,00, real=0,01 secs] 
Heap after GC invocations=17 (full 1):
 par new generation   total 109248K, used 11373K [0x00000000e0000000, 0x00000000e8000000, 0x00000000e8000000)
  eden space 87424K,   0% used [0x00000000e0000000, 0x00000000e0000000, 0x00000000e5560000)
  from space 21824K,  52% used [0x00000000e6ab0000, 0x00000000e75cb750, 0x00000000e8000000)
  to   space 21824K,   0% used [0x00000000e5560000, 0x00000000e5560000, 0x00000000e6ab0000)
 concurrent mark-sweep generation total 393216K, used 25277K [0x00000000e8000000, 0x0000000100000000, 0x0000000100000000)
 Metaspace       used 31108K, capacity 31759K, committed 31996K, reserved 1077248K
  class space    used 3537K, capacity 3771K, committed 3836K, reserved 1048576K
}
2018-06-19T15:09:07.085+0200: 28,575: Total time for which application threads were stopped: 0,0125332 seconds, Stopping threads took: 0,0000387 seconds
{Heap before GC invocations=17 (full 1):
 par new generation   total 109248K, used 98797K [0x00000000e0000000, 0x00000000e8000000, 0x00000000e8000000)
  eden space 87424K, 100% used [0x00000000e0000000, 0x00000000e5560000, 0x00000000e5560000)
  from space 21824K,  52% used [0x00000000e6ab0000, 0x00000000e75cb750, 0x00000000e8000000)
  to   space 21824K,   0% used [0x00000000e5560000, 0x00000000e5560000, 0x00000000e6ab0000)
 concurrent mark-sweep generation total 393216K, used 25277K [0x00000000e8000000, 0x0000000100000000, 0x0000000100000000)
 Metaspace       used 31132K, capacity 31823K, committed 31996K, reserved 1077248K
  class space    used 3538K, capacity 3771K, committed 3836K, reserved 1048576K
2018-06-19T15:09:07.236+0200: 28,727: [GC (Allocation Failure) 2018-06-19T15:09:07.236+0200: 28,727: [ParNew
Desired survivor size 20112992 bytes, new threshold 8 (max 8)
- age   1:    1456824 bytes,    1456824 total
- age   2:    1009600 bytes,    2466424 total
- age   3:    1050144 bytes,    3516568 total
- age   4:     448416 bytes,    3964984 total
- age   5:     372944 bytes,    4337928 total
- age   6:     112664 bytes,    4450592 total
- age   7:     123040 bytes,    4573632 total
- age   8:    3296264 bytes,    7869896 total
: 98797K->11845K(109248K), 0,0128642 secs] 124075K->39696K(502464K), 0,0129447 secs] [Times: user=0,05 sys=0,00, real=0,01 secs] 
Heap after GC invocations=18 (full 1):
 par new generation   total 109248K, used 11845K [0x00000000e0000000, 0x00000000e8000000, 0x00000000e8000000)
  eden space 87424K,   0% used [0x00000000e0000000, 0x00000000e0000000, 0x00000000e5560000)
  from space 21824K,  54% used [0x00000000e5560000, 0x00000000e60f1600, 0x00000000e6ab0000)
  to   space 21824K,   0% used [0x00000000e6ab0000, 0x00000000e6ab0000, 0x00000000e8000000)
 concurrent mark-sweep generation total 393216K, used 27850K [0x00000000e8000000, 0x0000000100000000, 0x0000000100000000)
 Metaspace       used 31132K, capacity 31823K, committed 31996K, reserved 1077248K
  class space    used 3538K, capacity 3771K, committed 3836K, reserved 1048576K
}
2018-06-19T15:09:07.249+0200: 28,740: Total time for which application threads were stopped: 0,0131511 seconds, Stopping threads took: 0,0000381 seconds
{Heap before GC invocations=18 (full 1):
 par new generation   total 109248K, used 99269K [0x00000000e0000000, 0x00000000e8000000, 0x00000000e8000000)
  eden space 87424K, 100% used [0x00000000e0000000, 0x00000000e5560000, 0x00000000e5560000)
  from space 21824K,  54% used [0x00000000e5560000, 0x00000000e60f1600, 0x00000000e6ab0000)
  to   space 21824K,   0% used [0x00000000e6ab0000, 0x00000000e6ab0000, 0x00000000e8000000)
 concurrent mark-sweep generation total 393216K, used 27850K [0x00000000e8000000, 0x0000000100000000, 0x0000000100000000)
 Metaspace       used 31136K, capacity 31823K, committed 31996K, reserved 1077248K
  class space    used 3538K, capacity 3771K, committed 3836K, reserved 1048576K
2018-06-19T15:09:07.390+0200: 28,880: [GC (Allocation Failure) 2018-06-19T15:09:07.390+0200: 28,880: [ParNew
Desired survivor size 20112992 bytes, new threshold 8 (max 8)
- age   1:    1770728 bytes,    1770728 total
- age   2:     978200 bytes,    2748928 total
- age   3:     845656 bytes,    3594584 total
- age   4:    1050144 bytes,    4644728 total
- age   5:     448416 bytes,    5093144 total
- age   6:     372944 bytes,    5466088 total
- age   7:     112616 bytes,    5578704 total
- age   8:     122704 bytes,    5701408 total
: 99269K->8765K(109248K), 0,0330684 secs] 127120K->39893K(502464K), 0,0332373 secs] [Times: user=0,08 sys=0,00, real=0,04 secs] 
Heap after GC invocations=19 (full 1):
 par new generation   total 109248K, used 8765K [0x00000000e0000000, 0x00000000e8000000, 0x00000000e8000000)
  eden space 87424K,   0% used [0x00000000e0000000, 0x00000000e0000000, 0x00000000e5560000)
  from space 21824K,  40% used [0x00000000e6ab0000, 0x00000000e733f458, 0x00000000e8000000)
  to   space 21824K,   0% used [0x00000000e5560000, 0x00000000e5560000, 0x00000000e6ab0000)
 concurrent mark-sweep generation total 393216K, used 31128K [0x00000000e8000000, 0x0000000100000000, 0x0000000100000000)
 Metaspace       used 31136K, capacity 31823K, committed 31996K, reserved 1077248K
  class space    used 3538K, capacity 3771K, committed 3836K, reserved 1048576K
}
2018-06-19T15:09:07.423+0200: 28,914: Total time for which application threads were stopped: 0,0336493 seconds, Stopping threads took: 0,0000615 seconds
{Heap before GC invocations=19 (full 1):
 par new generation   total 109248K, used 96165K [0x00000000e0000000, 0x00000000e8000000, 0x00000000e8000000)
  eden space 87424K,  99% used [0x00000000e0000000, 0x00000000e555a2c8, 0x00000000e5560000)
  from space 21824K,  40% used [0x00000000e6ab0000, 0x00000000e733f458, 0x00000000e8000000)
  to   space 21824K,   0% used [0x00000000e5560000, 0x00000000e5560000, 0x00000000e6ab0000)
 concurrent mark-sweep generation total 393216K, used 31128K [0x00000000e8000000, 0x0000000100000000, 0x0000000100000000)
 Metaspace       used 31154K, capacity 31823K, committed 31996K, reserved 1077248K
  class space    used 3538K, capacity 3771K, committed 3836K, reserved 1048576K
2018-06-19T15:09:07.593+0200: 29,083: [GC (Allocation Failure) 2018-06-19T15:09:07.593+0200: 29,083: [ParNew
Desired survivor size 20112992 bytes, new threshold 8 (max 8)
- age   1:    1924160 bytes,    1924160 total
- age   2:    1213720 bytes,    3137880 total
- age   3:     978024 bytes,    4115904 total
- age   4:     845656 bytes,    4961560 total
- age   5:    1049840 bytes,    6011400 total
- age   6:     448320 bytes,    6459720 total
- age   7:     372864 bytes,    6832584 total
- age   8:     111928 bytes,    6944512 total
: 96165K->7097K(109248K), 0,0145360 secs] 127293K->38345K(502464K), 0,0146343 secs] [Times: user=0,05 sys=0,00, real=0,01 secs] 
Heap after GC invocations=20 (full 1):
 par new generation   total 109248K, used 7097K [0x00000000e0000000, 0x00000000e8000000, 0x00000000e8000000)
  eden space 87424K,   0% used [0x00000000e0000000, 0x00000000e0000000, 0x00000000e5560000)
  from space 21824K,  32% used [0x00000000e5560000, 0x00000000e5c4e620, 0x00000000e6ab0000)
  to   space 21824K,   0% used [0x00000000e6ab0000, 0x00000000e6ab0000, 0x00000000e8000000)
 concurrent mark-sweep generation total 393216K, used 31247K [0x00000000e8000000, 0x0000000100000000, 0x0000000100000000)
 Metaspace       used 31154K, capacity 31823K, committed 31996K, reserved 1077248K
  class space    used 3538K, capacity 3771K, committed 3836K, reserved 1048576K
}
2018-06-19T15:09:07.607+0200: 29,098: Total time for which application threads were stopped: 0,0149517 seconds, Stopping threads took: 0,0000843 seconds
2018-06-19T15:09:07.610+0200: 29,100: Total time for which application threads were stopped: 0,0001264 seconds, Stopping threads took: 0,0000444 seconds
2018-06-19T15:09:07.614+0200: 29,104: Total time for which application threads were stopped: 0,0001792 seconds, Stopping threads took: 0,0000702 seconds
2018-06-19T15:09:07.614+0200: 29,104: Total time for which application threads were stopped: 0,0001379 seconds, Stopping threads took: 0,0000508 seconds
2018-06-19T15:09:07.631+0200: 29,121: Total time for which application threads were stopped: 0,0030400 seconds, Stopping threads took: 0,0029416 seconds
2018-06-19T15:09:07.632+0200: 29,122: Total time for which application threads were stopped: 0,0001214 seconds, Stopping threads took: 0,0000363 seconds
2018-06-19T15:09:07.633+0200: 29,123: Total time for which application threads were stopped: 0,0001308 seconds, Stopping threads took: 0,0000375 seconds
{Heap before GC invocations=20 (full 1):
 par new generation   total 109248K, used 94521K [0x00000000e0000000, 0x00000000e8000000, 0x00000000e8000000)
  eden space 87424K, 100% used [0x00000000e0000000, 0x00000000e5560000, 0x00000000e5560000)
  from space 21824K,  32% used [0x00000000e5560000, 0x00000000e5c4e620, 0x00000000e6ab0000)
  to   space 21824K,   0% used [0x00000000e6ab0000, 0x00000000e6ab0000, 0x00000000e8000000)
 concurrent mark-sweep generation total 393216K, used 31247K [0x00000000e8000000, 0x0000000100000000, 0x0000000100000000)
 Metaspace       used 31177K, capacity 31887K, committed 32252K, reserved 1077248K
  class space    used 3538K, capacity 3771K, committed 3836K, reserved 1048576K
2018-06-19T15:09:07.758+0200: 29,249: [GC (Allocation Failure) 2018-06-19T15:09:07.758+0200: 29,249: [ParNew
Desired survivor size 20112992 bytes, new threshold 8 (max 8)
- age   1:    1529600 bytes,    1529600 total
- age   2:    1656984 bytes,    3186584 total
- age   3:    1157344 bytes,    4343928 total
- age   4:     921960 bytes,    5265888 total
- age   5:     788824 bytes,    6054712 total
- age   6:     985856 bytes,    7040568 total
- age   7:     381176 bytes,    7421744 total
- age   8:     372480 bytes,    7794224 total
: 94521K->9936K(109248K), 0,0193704 secs] 125769K->41293K(502464K), 0,0194644 secs] [Times: user=0,07 sys=0,00, real=0,02 secs] 
Heap after GC invocations=21 (full 1):
 par new generation   total 109248K, used 9936K [0x00000000e0000000, 0x00000000e8000000, 0x00000000e8000000)
  eden space 87424K,   0% used [0x00000000e0000000, 0x00000000e0000000, 0x00000000e5560000)
  from space 21824K,  45% used [0x00000000e6ab0000, 0x00000000e7464078, 0x00000000e8000000)
  to   space 21824K,   0% used [0x00000000e5560000, 0x00000000e5560000, 0x00000000e6ab0000)
 concurrent mark-sweep generation total 393216K, used 31357K [0x00000000e8000000, 0x0000000100000000, 0x0000000100000000)
 Metaspace       used 31177K, capacity 31887K, committed 32252K, reserved 1077248K
  class space    used 3538K, capacity 3771K, committed 3836K, reserved 1048576K
}
2018-06-19T15:09:07.778+0200: 29,268: Total time for which application threads were stopped: 0,0197883 seconds, Stopping threads took: 0,0000824 seconds
{Heap before GC invocations=21 (full 1):
 par new generation   total 109248K, used 97359K [0x00000000e0000000, 0x00000000e8000000, 0x00000000e8000000)
  eden space 87424K,  99% used [0x00000000e0000000, 0x00000000e555fcc8, 0x00000000e5560000)
  from space 21824K,  45% used [0x00000000e6ab0000, 0x00000000e7464078, 0x00000000e8000000)
  to   space 21824K,   0% used [0x00000000e5560000, 0x00000000e5560000, 0x00000000e6ab0000)
 concurrent mark-sweep generation total 393216K, used 31357K [0x00000000e8000000, 0x0000000100000000, 0x0000000100000000)
 Metaspace       used 31218K, capacity 31887K, committed 32252K, reserved 1077248K
  class space    used 3538K, capacity 3771K, committed 3836K, reserved 1048576K
2018-06-19T15:09:07.914+0200: 29,404: [GC (Allocation Failure) 2018-06-19T15:09:07.914+0200: 29,404: [ParNew
Desired survivor size 20112992 bytes, new threshold 8 (max 8)
- age   1:    1813376 bytes,    1813376 total
- age   2:     888256 bytes,    2701632 total
- age   3:     664912 bytes,    3366544 total
- age   4:      83544 bytes,    3450088 total
- age   5:      79744 bytes,    3529832 total
- age   6:     102448 bytes,    3632280 total
- age   7:     368080 bytes,    4000360 total
- age   8:     115272 bytes,    4115632 total
: 97359K->4273K(109248K), 0,0221509 secs] 128716K->35995K(502464K), 0,0222594 secs] [Times: user=0,07 sys=0,01, real=0,02 secs] 
Heap after GC invocations=22 (full 1):
 par new generation   total 109248K, used 4273K [0x00000000e0000000, 0x00000000e8000000, 0x00000000e8000000)
  eden space 87424K,   0% used [0x00000000e0000000, 0x00000000e0000000, 0x00000000e5560000)
  from space 21824K,  19% used [0x00000000e5560000, 0x00000000e598c720, 0x00000000e6ab0000)
  to   space 21824K,   0% used [0x00000000e6ab0000, 0x00000000e6ab0000, 0x00000000e8000000)
 concurrent mark-sweep generation total 393216K, used 31721K [0x00000000e8000000, 0x0000000100000000, 0x0000000100000000)
 Metaspace       used 31218K, capacity 31887K, committed 32252K, reserved 1077248K
  class space    used 3538K, capacity 3771K, committed 3836K, reserved 1048576K
}
2018-06-19T15:09:07.936+0200: 29,426: Total time for which application threads were stopped: 0,0225223 seconds, Stopping threads took: 0,0000329 seconds
{Heap before GC invocations=22 (full 1):
 par new generation   total 109248K, used 91678K [0x00000000e0000000, 0x00000000e8000000, 0x00000000e8000000)
  eden space 87424K,  99% used [0x00000000e0000000, 0x00000000e555b208, 0x00000000e5560000)
  from space 21824K,  19% used [0x00000000e5560000, 0x00000000e598c720, 0x00000000e6ab0000)
  to   space 21824K,   0% used [0x00000000e6ab0000, 0x00000000e6ab0000, 0x00000000e8000000)
 concurrent mark-sweep generation total 393216K, used 31721K [0x00000000e8000000, 0x0000000100000000, 0x0000000100000000)
 Metaspace       used 31222K, capacity 31887K, committed 32252K, reserved 1077248K
  class space    used 3538K, capacity 3771K, committed 3836K, reserved 1048576K
2018-06-19T15:09:08.095+0200: 29,585: [GC (Allocation Failure) 2018-06-19T15:09:08.095+0200: 29,585: [ParNew
Desired survivor size 20112992 bytes, new threshold 8 (max 8)
- age   1:    1488728 bytes,    1488728 total
- age   2:    1385488 bytes,    2874216 total
- age   3:     888232 bytes,    3762448 total
- age   4:     664912 bytes,    4427360 total
- age   5:      83544 bytes,    4510904 total
- age   6:      79744 bytes,    4590648 total
- age   7:     102344 bytes,    4692992 total
- age   8:     366896 bytes,    5059888 total
: 91678K->7144K(109248K), 0,0126779 secs] 123399K->38978K(502464K), 0,0129238 secs] [Times: user=0,03 sys=0,01, real=0,01 secs] 
Heap after GC invocations=23 (full 1):
 par new generation   total 109248K, used 7144K [0x00000000e0000000, 0x00000000e8000000, 0x00000000e8000000)
  eden space 87424K,   0% used [0x00000000e0000000, 0x00000000e0000000, 0x00000000e5560000)
  from space 21824K,  32% used [0x00000000e6ab0000, 0x00000000e71aa3b0, 0x00000000e8000000)
  to   space 21824K,   0% used [0x00000000e5560000, 0x00000000e5560000, 0x00000000e6ab0000)
 concurrent mark-sweep generation total 393216K, used 31833K [0x00000000e8000000, 0x0000000100000000, 0x0000000100000000)
 Metaspace       used 31222K, capacity 31887K, committed 32252K, reserved 1077248K
  class space    used 3538K, capacity 3771K, committed 3836K, reserved 1048576K
}
2018-06-19T15:09:08.108+0200: 29,598: Total time for which application threads were stopped: 0,0134016 seconds, Stopping threads took: 0,0000406 seconds
{Heap before GC invocations=23 (full 1):
 par new generation   total 109248K, used 94538K [0x00000000e0000000, 0x00000000e8000000, 0x00000000e8000000)
  eden space 87424K,  99% used [0x00000000e0000000, 0x00000000e5558500, 0x00000000e5560000)
  from space 21824K,  32% used [0x00000000e6ab0000, 0x00000000e71aa3b0, 0x00000000e8000000)
  to   space 21824K,   0% used [0x00000000e5560000, 0x00000000e5560000, 0x00000000e6ab0000)
 concurrent mark-sweep generation total 393216K, used 31833K [0x00000000e8000000, 0x0000000100000000, 0x0000000100000000)
 Metaspace       used 31224K, capacity 31887K, committed 32252K, reserved 1077248K
  class space    used 3538K, capacity 3771K, committed 3836K, reserved 1048576K
2018-06-19T15:09:08.245+0200: 29,735: [GC (Allocation Failure) 2018-06-19T15:09:08.245+0200: 29,735: [ParNew
Desired survivor size 20112992 bytes, new threshold 8 (max 8)
- age   1:    1898792 bytes,    1898792 total
- age   2:     986224 bytes,    2885016 total
- age   3:    1222888 bytes,    4107904 total
- age   4:     889576 bytes,    4997480 total
- age   5:     665464 bytes,    5662944 total
- age   6:      83544 bytes,    5746488 total
- age   7:      79696 bytes,    5826184 total
- age   8:     102112 bytes,    5928296 total
: 94538K->7902K(109248K), 0,0107363 secs] 126371K->40095K(502464K), 0,0111210 secs] [Times: user=0,03 sys=0,00, real=0,01 secs] 
Heap after GC invocations=24 (full 1):
 par new generation   total 109248K, used 7902K [0x00000000e0000000, 0x00000000e8000000, 0x00000000e8000000)
  eden space 87424K,   0% used [0x00000000e0000000, 0x00000000e0000000, 0x00000000e5560000)
  from space 21824K,  36% used [0x00000000e5560000, 0x00000000e5d17a90, 0x00000000e6ab0000)
  to   space 21824K,   0% used [0x00000000e6ab0000, 0x00000000e6ab0000, 0x00000000e8000000)
 concurrent mark-sweep generation total 393216K, used 32192K [0x00000000e8000000, 0x0000000100000000, 0x0000000100000000)
 Metaspace       used 31224K, capacity 31887K, committed 32252K, reserved 1077248K
  class space    used 3538K, capacity 3771K, committed 3836K, reserved 1048576K
}
2018-06-19T15:09:08.256+0200: 29,747: Total time for which application threads were stopped: 0,0117503 seconds, Stopping threads took: 0,0000308 seconds
{Heap before GC invocations=24 (full 1):
 par new generation   total 109248K, used 95326K [0x00000000e0000000, 0x00000000e8000000, 0x00000000e8000000)
  eden space 87424K, 100% used [0x00000000e0000000, 0x00000000e5560000, 0x00000000e5560000)
  from space 21824K,  36% used [0x00000000e5560000, 0x00000000e5d17a90, 0x00000000e6ab0000)
  to   space 21824K,   0% used [0x00000000e6ab0000, 0x00000000e6ab0000, 0x00000000e8000000)
 concurrent mark-sweep generation total 393216K, used 32192K [0x00000000e8000000, 0x0000000100000000, 0x0000000100000000)
 Metaspace       used 31224K, capacity 31887K, committed 32252K, reserved 1077248K
  class space    used 3538K, capacity 3771K, committed 3836K, reserved 1048576K
2018-06-19T15:09:08.411+0200: 29,902: [GC (Allocation Failure) 2018-06-19T15:09:08.412+0200: 29,902: [ParNew
Desired survivor size 20112992 bytes, new threshold 8 (max 8)
- age   1:    1767552 bytes,    1767552 total
- age   2:    1215672 bytes,    2983224 total
- age   3:     887488 bytes,    3870712 total
- age   4:    1222696 bytes,    5093408 total
- age   5:     889312 bytes,    5982720 total
- age   6:     664056 bytes,    6646776 total
- age   7:      83496 bytes,    6730272 total
- age   8:      79464 bytes,    6809736 total
: 95326K->8653K(109248K), 0,0074068 secs] 127519K->40945K(502464K), 0,0075117 secs] [Times: user=0,02 sys=0,01, real=0,00 secs] 
Heap after GC invocations=25 (full 1):
 par new generation   total 109248K, used 8653K [0x00000000e0000000, 0x00000000e8000000, 0x00000000e8000000)
  eden space 87424K,   0% used [0x00000000e0000000, 0x00000000e0000000, 0x00000000e5560000)
  from space 21824K,  39% used [0x00000000e6ab0000, 0x00000000e7323660, 0x00000000e8000000)
  to   space 21824K,   0% used [0x00000000e5560000, 0x00000000e5560000, 0x00000000e6ab0000)
 concurrent mark-sweep generation total 393216K, used 32292K [0x00000000e8000000, 0x0000000100000000, 0x0000000100000000)
 Metaspace       used 31224K, capacity 31887K, committed 32252K, reserved 1077248K
  class space    used 3538K, capacity 3771K, committed 3836K, reserved 1048576K
}
2018-06-19T15:09:08.419+0200: 29,909: Total time for which application threads were stopped: 0,0077493 seconds, Stopping threads took: 0,0000299 seconds
{Heap before GC invocations=25 (full 1):
 par new generation   total 109248K, used 96077K [0x00000000e0000000, 0x00000000e8000000, 0x00000000e8000000)
  eden space 87424K, 100% used [0x00000000e0000000, 0x00000000e5560000, 0x00000000e5560000)
  from space 21824K,  39% used [0x00000000e6ab0000, 0x00000000e7323660, 0x00000000e8000000)
  to   space 21824K,   0% used [0x00000000e5560000, 0x00000000e5560000, 0x00000000e6ab0000)
 concurrent mark-sweep generation total 393216K, used 32292K [0x00000000e8000000, 0x0000000100000000, 0x0000000100000000)
 Metaspace       used 31229K, capacity 31887K, committed 32252K, reserved 1077248K
  class space    used 3538K, capacity 3771K, committed 3836K, reserved 1048576K
2018-06-19T15:09:08.555+0200: 30,046: [GC (Allocation Failure) 2018-06-19T15:09:08.555+0200: 30,046: [ParNew
Desired survivor size 20112992 bytes, new threshold 8 (max 8)
- age   1:    2026848 bytes,    2026848 total
- age   2:    1079448 bytes,    3106296 total
- age   3:    1212368 bytes,    4318664 total
- age   4:     886360 bytes,    5205024 total
- age   5:    1221240 bytes,    6426264 total
- age   6:     888256 bytes,    7314520 total
- age   7:     663168 bytes,    7977688 total
- age   8:      83264 bytes,    8060952 total
: 96077K->10435K(109248K), 0,0168747 secs] 128369K->42804K(502464K), 0,0169935 secs] [Times: user=0,03 sys=0,00, real=0,02 secs] 
Heap after GC invocations=26 (full 1):
 par new generation   total 109248K, used 10435K [0x00000000e0000000, 0x00000000e8000000, 0x00000000e8000000)
  eden space 87424K,   0% used [0x00000000e0000000, 0x00000000e0000000, 0x00000000e5560000)
  from space 21824K,  47% used [0x00000000e5560000, 0x00000000e5f90c28, 0x00000000e6ab0000)
  to   space 21824K,   0% used [0x00000000e6ab0000, 0x00000000e6ab0000, 0x00000000e8000000)
 concurrent mark-sweep generation total 393216K, used 32369K [0x00000000e8000000, 0x0000000100000000, 0x0000000100000000)
 Metaspace       used 31229K, capacity 31887K, committed 32252K, reserved 1077248K
  class space    used 3538K, capacity 3771K, committed 3836K, reserved 1048576K
}
2018-06-19T15:09:08.572+0200: 30,063: Total time for which application threads were stopped: 0,0186632 seconds, Stopping threads took: 0,0012081 seconds
2018-06-19T15:09:08.604+0200: 30,094: Total time for which application threads were stopped: 0,0000840 seconds, Stopping threads took: 0,0000231 seconds
2018-06-19T15:09:08.604+0200: 30,094: Total time for which application threads were stopped: 0,0000941 seconds, Stopping threads took: 0,0000260 seconds
2018-06-19T15:09:08.613+0200: 30,103: Total time for which application threads were stopped: 0,0004541 seconds, Stopping threads took: 0,0000856 seconds
2018-06-19T15:09:08.617+0200: 30,108: Total time for which application threads were stopped: 0,0007664 seconds, Stopping threads took: 0,0002744 seconds
2018-06-19T15:09:08.619+0200: 30,110: Total time for which application threads were stopped: 0,0001072 seconds, Stopping threads took: 0,0000258 seconds
2018-06-19T15:09:08.623+0200: 30,114: Total time for which application threads were stopped: 0,0002812 seconds, Stopping threads took: 0,0001190 seconds
2018-06-19T15:09:08.625+0200: 30,115: Total time for which application threads were stopped: 0,0001531 seconds, Stopping threads took: 0,0000499 seconds
{Heap before GC invocations=26 (full 1):
 par new generation   total 109248K, used 97859K [0x00000000e0000000, 0x00000000e8000000, 0x00000000e8000000)
  eden space 87424K, 100% used [0x00000000e0000000, 0x00000000e5560000, 0x00000000e5560000)
  from space 21824K,  47% used [0x00000000e5560000, 0x00000000e5f90c28, 0x00000000e6ab0000)
  to   space 21824K,   0% used [0x00000000e6ab0000, 0x00000000e6ab0000, 0x00000000e8000000)
 concurrent mark-sweep generation total 393216K, used 32369K [0x00000000e8000000, 0x0000000100000000, 0x0000000100000000)
 Metaspace       used 31233K, capacity 31951K, committed 32252K, reserved 1077248K
  class space    used 3538K, capacity 3771K, committed 3836K, reserved 1048576K
2018-06-19T15:09:08.784+0200: 30,274: [GC (Allocation Failure) 2018-06-19T15:09:08.784+0200: 30,275: [ParNew
Desired survivor size 20112992 bytes, new threshold 8 (max 8)
- age   1:    1451160 bytes,    1451160 total
- age   2:    1811608 bytes,    3262768 total
- age   3:    1022016 bytes,    4284784 total
- age   4:    1156064 bytes,    5440848 total
- age   5:     830008 bytes,    6270856 total
- age   6:    1169592 bytes,    7440448 total
- age   7:     841288 bytes,    8281736 total
- age   8:     564352 bytes,    8846088 total
: 97859K->11264K(109248K), 0,0272255 secs] 130228K->43715K(502464K), 0,0273787 secs] [Times: user=0,07 sys=0,01, real=0,03 secs] 
Heap after GC invocations=27 (full 1):
 par new generation   total 109248K, used 11264K [0x00000000e0000000, 0x00000000e8000000, 0x00000000e8000000)
  eden space 87424K,   0% used [0x00000000e0000000, 0x00000000e0000000, 0x00000000e5560000)
  from space 21824K,  51% used [0x00000000e6ab0000, 0x00000000e75b0040, 0x00000000e8000000)
  to   space 21824K,   0% used [0x00000000e5560000, 0x00000000e5560000, 0x00000000e6ab0000)
 concurrent mark-sweep generation total 393216K, used 32451K [0x00000000e8000000, 0x0000000100000000, 0x0000000100000000)
 Metaspace       used 31233K, capacity 31951K, committed 32252K, reserved 1077248K
  class space    used 3538K, capacity 3771K, committed 3836K, reserved 1048576K
}
2018-06-19T15:09:08.812+0200: 30,302: Total time for which application threads were stopped: 0,0326983 seconds, Stopping threads took: 0,0050817 seconds
{Heap before GC invocations=27 (full 1):
 par new generation   total 109248K, used 98688K [0x00000000e0000000, 0x00000000e8000000, 0x00000000e8000000)
  eden space 87424K, 100% used [0x00000000e0000000, 0x00000000e5560000, 0x00000000e5560000)
  from space 21824K,  51% used [0x00000000e6ab0000, 0x00000000e75b0040, 0x00000000e8000000)
  to   space 21824K,   0% used [0x00000000e5560000, 0x00000000e5560000, 0x00000000e6ab0000)
 concurrent mark-sweep generation total 393216K, used 32451K [0x00000000e8000000, 0x0000000100000000, 0x0000000100000000)
 Metaspace       used 31238K, capacity 31951K, committed 32252K, reserved 1077248K
  class space    used 3538K, capacity 3771K, committed 3836K, reserved 1048576K
2018-06-19T15:09:08.943+0200: 30,433: [GC (Allocation Failure) 2018-06-19T15:09:08.943+0200: 30,433: [ParNew
Desired survivor size 20112992 bytes, new threshold 8 (max 8)
- age   1:    1369216 bytes,    1369216 total
- age   2:    1058040 bytes,    2427256 total
- age   3:    1811472 bytes,    4238728 total
- age   4:    1022016 bytes,    5260744 total
- age   5:    1156064 bytes,    6416808 total
- age   6:     830008 bytes,    7246816 total
- age   7:    1169544 bytes,    8416360 total
- age   8:     841056 bytes,    9257416 total
: 98688K->11490K(109248K), 0,0228322 secs] 131139K->44495K(502464K), 0,0229093 secs] [Times: user=0,08 sys=0,00, real=0,03 secs] 
Heap after GC invocations=28 (full 1):
 par new generation   total 109248K, used 11490K [0x00000000e0000000, 0x00000000e8000000, 0x00000000e8000000)
  eden space 87424K,   0% used [0x00000000e0000000, 0x00000000e0000000, 0x00000000e5560000)
  from space 21824K,  52% used [0x00000000e5560000, 0x00000000e6098868, 0x00000000e6ab0000)
  to   space 21824K,   0% used [0x00000000e6ab0000, 0x00000000e6ab0000, 0x00000000e8000000)
 concurrent mark-sweep generation total 393216K, used 33005K [0x00000000e8000000, 0x0000000100000000, 0x0000000100000000)
 Metaspace       used 31238K, capacity 31951K, committed 32252K, reserved 1077248K
  class space    used 3538K, capacity 3771K, committed 3836K, reserved 1048576K
}
2018-06-19T15:09:08.965+0200: 30,456: Total time for which application threads were stopped: 0,0231391 seconds, Stopping threads took: 0,0000426 seconds
{Heap before GC invocations=28 (full 1):
 par new generation   total 109248K, used 98895K [0x00000000e0000000, 0x00000000e8000000, 0x00000000e8000000)
  eden space 87424K,  99% used [0x00000000e0000000, 0x00000000e555b3c8, 0x00000000e5560000)
  from space 21824K,  52% used [0x00000000e5560000, 0x00000000e6098868, 0x00000000e6ab0000)
  to   space 21824K,   0% used [0x00000000e6ab0000, 0x00000000e6ab0000, 0x00000000e8000000)
 concurrent mark-sweep generation total 393216K, used 33005K [0x00000000e8000000, 0x0000000100000000, 0x0000000100000000)
 Metaspace       used 31245K, capacity 31951K, committed 32252K, reserved 1077248K
  class space    used 3538K, capacity 3771K, committed 3836K, reserved 1048576K
2018-06-19T15:09:09.062+0200: 30,552: [GC (Allocation Failure) 2018-06-19T15:09:09.062+0200: 30,552: [ParNew
Desired survivor size 20112992 bytes, new threshold 8 (max 8)
- age   1:    1216136 bytes,    1216136 total
- age   2:     976264 bytes,    2192400 total
- age   3:    1058016 bytes,    3250416 total
- age   4:    1811472 bytes,    5061888 total
- age   5:    1022016 bytes,    6083904 total
- age   6:    1156064 bytes,    7239968 total
- age   7:     829960 bytes,    8069928 total
- age   8:    1169312 bytes,    9239240 total
: 98895K->11737K(109248K), 0,0228809 secs] 131900K->45572K(502464K), 0,0229954 secs] [Times: user=0,07 sys=0,00, real=0,03 secs] 
Heap after GC invocations=29 (full 1):
 par new generation   total 109248K, used 11737K [0x00000000e0000000, 0x00000000e8000000, 0x00000000e8000000)
  eden space 87424K,   0% used [0x00000000e0000000, 0x00000000e0000000, 0x00000000e5560000)
  from space 21824K,  53% used [0x00000000e6ab0000, 0x00000000e7626570, 0x00000000e8000000)
  to   space 21824K,   0% used [0x00000000e5560000, 0x00000000e5560000, 0x00000000e6ab0000)
 concurrent mark-sweep generation total 393216K, used 33834K [0x00000000e8000000, 0x0000000100000000, 0x0000000100000000)
 Metaspace       used 31245K, capacity 31951K, committed 32252K, reserved 1077248K
  class space    used 3538K, capacity 3771K, committed 3836K, reserved 1048576K
}
2018-06-19T15:09:09.085+0200: 30,575: Total time for which application threads were stopped: 0,0233276 seconds, Stopping threads took: 0,0000612 seconds
2018-06-19T15:09:09.087+0200: 30,578: Total time for which application threads were stopped: 0,0002904 seconds, Stopping threads took: 0,0000666 seconds
{Heap before GC invocations=29 (full 1):
 par new generation   total 109248K, used 99161K [0x00000000e0000000, 0x00000000e8000000, 0x00000000e8000000)
  eden space 87424K, 100% used [0x00000000e0000000, 0x00000000e5560000, 0x00000000e5560000)
  from space 21824K,  53% used [0x00000000e6ab0000, 0x00000000e7626570, 0x00000000e8000000)
  to   space 21824K,   0% used [0x00000000e5560000, 0x00000000e5560000, 0x00000000e6ab0000)
 concurrent mark-sweep generation total 393216K, used 33834K [0x00000000e8000000, 0x0000000100000000, 0x0000000100000000)
 Metaspace       used 31271K, capacity 31951K, committed 32252K, reserved 1077248K
  class space    used 3538K, capacity 3771K, committed 3836K, reserved 1048576K
2018-06-19T15:09:09.176+0200: 30,666: [GC (Allocation Failure) 2018-06-19T15:09:09.176+0200: 30,666: [ParNew
Desired survivor size 20112992 bytes, new threshold 8 (max 8)
- age   1:    1646928 bytes,    1646928 total
- age   2:     735568 bytes,    2382496 total
- age   3:     810120 bytes,    3192616 total
- age   4:     796600 bytes,    3989216 total
- age   5:    1673832 bytes,    5663048 total
- age   6:     859072 bytes,    6522120 total
- age   7:     992920 bytes,    7515040 total
- age   8:     667056 bytes,    8182096 total
: 99161K->9344K(109248K), 0,0379977 secs] 132996K->44175K(502464K), 0,0383198 secs] [Times: user=0,13 sys=0,01, real=0,04 secs] 
Heap after GC invocations=30 (full 1):
 par new generation   total 109248K, used 9344K [0x00000000e0000000, 0x00000000e8000000, 0x00000000e8000000)
  eden space 87424K,   0% used [0x00000000e0000000, 0x00000000e0000000, 0x00000000e5560000)
  from space 21824K,  42% used [0x00000000e5560000, 0x00000000e5e80240, 0x00000000e6ab0000)
  to   space 21824K,   0% used [0x00000000e6ab0000, 0x00000000e6ab0000, 0x00000000e8000000)
 concurrent mark-sweep generation total 393216K, used 34830K [0x00000000e8000000, 0x0000000100000000, 0x0000000100000000)
 Metaspace       used 31271K, capacity 31951K, committed 32252K, reserved 1077248K
  class space    used 3538K, capacity 3771K, committed 3836K, reserved 1048576K
}
2018-06-19T15:09:09.214+0200: 30,705: Total time for which application threads were stopped: 0,0387707 seconds, Stopping threads took: 0,0000298 seconds
{Heap before GC invocations=30 (full 1):
 par new generation   total 109248K, used 96768K [0x00000000e0000000, 0x00000000e8000000, 0x00000000e8000000)
  eden space 87424K, 100% used [0x00000000e0000000, 0x00000000e5560000, 0x00000000e5560000)
  from space 21824K,  42% used [0x00000000e5560000, 0x00000000e5e80240, 0x00000000e6ab0000)
  to   space 21824K,   0% used [0x00000000e6ab0000, 0x00000000e6ab0000, 0x00000000e8000000)
 concurrent mark-sweep generation total 393216K, used 34830K [0x00000000e8000000, 0x0000000100000000, 0x0000000100000000)
 Metaspace       used 31271K, capacity 31951K, committed 32252K, reserved 1077248K
  class space    used 3538K, capacity 3771K, committed 3836K, reserved 1048576K
2018-06-19T15:09:09.288+0200: 30,779: [GC (Allocation Failure) 2018-06-19T15:09:09.288+0200: 30,779: [ParNew
Desired survivor size 20112992 bytes, new threshold 8 (max 8)
- age   1:    1457704 bytes,    1457704 total
- age   2:    1107296 bytes,    2565000 total
- age   3:     737176 bytes,    3302176 total
- age   4:     811752 bytes,    4113928 total
- age   5:     798472 bytes,    4912400 total
- age   6:    1674120 bytes,    6586520 total
- age   7:     859024 bytes,    7445544 total
- age   8:     992688 bytes,    8438232 total
: 96768K->12823K(109248K), 0,0174007 secs] 131599K->48306K(502464K), 0,0175139 secs] [Times: user=0,06 sys=0,00, real=0,02 secs] 
Heap after GC invocations=31 (full 1):
 par new generation   total 109248K, used 12823K [0x00000000e0000000, 0x00000000e8000000, 0x00000000e8000000)
  eden space 87424K,   0% used [0x00000000e0000000, 0x00000000e0000000, 0x00000000e5560000)
  from space 21824K,  58% used [0x00000000e6ab0000, 0x00000000e7735e08, 0x00000000e8000000)
  to   space 21824K,   0% used [0x00000000e5560000, 0x00000000e5560000, 0x00000000e6ab0000)
 concurrent mark-sweep generation total 393216K, used 35483K [0x00000000e8000000, 0x0000000100000000, 0x0000000100000000)
 Metaspace       used 31271K, capacity 31951K, committed 32252K, reserved 1077248K
  class space    used 3538K, capacity 3771K, committed 3836K, reserved 1048576K
}
2018-06-19T15:09:09.306+0200: 30,796: Total time for which application threads were stopped: 0,0178276 seconds, Stopping threads took: 0,0000661 seconds
2018-06-19T15:09:09.353+0200: 30,844: Total time for which application threads were stopped: 0,0001995 seconds, Stopping threads took: 0,0000800 seconds
2018-06-19T15:09:09.357+0200: 30,848: Total time for which application threads were stopped: 0,0001563 seconds, Stopping threads took: 0,0000587 seconds
2018-06-19T15:09:09.358+0200: 30,848: Total time for which application threads were stopped: 0,0002774 seconds, Stopping threads took: 0,0000565 seconds
2018-06-19T15:09:09.408+0200: 30,899: Total time for which application threads were stopped: 0,0002107 seconds, Stopping threads took: 0,0000545 seconds
2018-06-19T15:09:09.409+0200: 30,899: Total time for which application threads were stopped: 0,0000972 seconds, Stopping threads took: 0,0000319 seconds
2018-06-19T15:09:09.482+0200: 30,972: Total time for which application threads were stopped: 0,0001548 seconds, Stopping threads took: 0,0000591 seconds
2018-06-19T15:09:09.482+0200: 30,972: Total time for which application threads were stopped: 0,0000498 seconds, Stopping threads took: 0,0000156 seconds
2018-06-19T15:09:09.482+0200: 30,972: Total time for which application threads were stopped: 0,0000506 seconds, Stopping threads took: 0,0000138 seconds
2018-06-19T15:09:09.482+0200: 30,972: Total time for which application threads were stopped: 0,0000394 seconds, Stopping threads took: 0,0000144 seconds
2018-06-19T15:09:09.511+0200: 31,001: Total time for which application threads were stopped: 0,0001158 seconds, Stopping threads took: 0,0000469 seconds
2018-06-19T15:09:09.512+0200: 31,002: Total time for which application threads were stopped: 0,0001310 seconds, Stopping threads took: 0,0000527 seconds
2018-06-19T15:09:09.512+0200: 31,003: Total time for which application threads were stopped: 0,0000945 seconds, Stopping threads took: 0,0000337 seconds
2018-06-19T15:09:09.514+0200: 31,004: Total time for which application threads were stopped: 0,0001412 seconds, Stopping threads took: 0,0000596 seconds
2018-06-19T15:09:09.515+0200: 31,006: Total time for which application threads were stopped: 0,0001387 seconds, Stopping threads took: 0,0000521 seconds
2018-06-19T15:09:09.516+0200: 31,006: Total time for which application threads were stopped: 0,0001142 seconds, Stopping threads took: 0,0000418 seconds
2018-06-19T15:09:09.517+0200: 31,008: Total time for which application threads were stopped: 0,0001235 seconds, Stopping threads took: 0,0000450 seconds
2018-06-19T15:09:09.518+0200: 31,008: Total time for which application threads were stopped: 0,0000922 seconds, Stopping threads took: 0,0000294 seconds
2018-06-19T15:09:09.518+0200: 31,008: Total time for which application threads were stopped: 0,0000929 seconds, Stopping threads took: 0,0000381 seconds
2018-06-19T15:09:09.520+0200: 31,010: Total time for which application threads were stopped: 0,0001971 seconds, Stopping threads took: 0,0000546 seconds
2018-06-19T15:09:09.521+0200: 31,011: Total time for which application threads were stopped: 0,0001368 seconds, Stopping threads took: 0,0000505 seconds
2018-06-19T15:09:09.522+0200: 31,012: Total time for which application threads were stopped: 0,0001165 seconds, Stopping threads took: 0,0000389 seconds
2018-06-19T15:09:09.522+0200: 31,012: Total time for which application threads were stopped: 0,0001169 seconds, Stopping threads took: 0,0000357 seconds
2018-06-19T15:09:09.523+0200: 31,013: Total time for which application threads were stopped: 0,0001476 seconds, Stopping threads took: 0,0000561 seconds
2018-06-19T15:09:09.523+0200: 31,014: Total time for which application threads were stopped: 0,0001077 seconds, Stopping threads took: 0,0000362 seconds
2018-06-19T15:09:09.524+0200: 31,014: Total time for which application threads were stopped: 0,0001239 seconds, Stopping threads took: 0,0000478 seconds
2018-06-19T15:09:09.526+0200: 31,016: Total time for which application threads were stopped: 0,0002430 seconds, Stopping threads took: 0,0001429 seconds
2018-06-19T15:09:09.527+0200: 31,017: Total time for which application threads were stopped: 0,0002403 seconds, Stopping threads took: 0,0000393 seconds
2018-06-19T15:09:09.948+0200: 31,438: Total time for which application threads were stopped: 0,0002066 seconds, Stopping threads took: 0,0001110 seconds
2018-06-19T15:09:09.948+0200: 31,438: Total time for which application threads were stopped: 0,0000624 seconds, Stopping threads took: 0,0000327 seconds
2018-06-19T15:09:09.948+0200: 31,439: Total time for which application threads were stopped: 0,0000441 seconds, Stopping threads took: 0,0000196 seconds
2018-06-19T15:09:09.948+0200: 31,439: Total time for which application threads were stopped: 0,0000511 seconds, Stopping threads took: 0,0000249 seconds
2018-06-19T15:09:09.951+0200: 31,441: Total time for which application threads were stopped: 0,0001054 seconds, Stopping threads took: 0,0000264 seconds
2018-06-19T15:09:09.953+0200: 31,444: Total time for which application threads were stopped: 0,0002178 seconds, Stopping threads took: 0,0000396 seconds
2018-06-19T15:09:09.954+0200: 31,444: Total time for which application threads were stopped: 0,0000773 seconds, Stopping threads took: 0,0000198 seconds
2018-06-19T15:09:10.954+0200: 32,444: Total time for which application threads were stopped: 0,0002082 seconds, Stopping threads took: 0,0000501 seconds
2018-06-19T15:09:12.458+0200: 33,949: Total time for which application threads were stopped: 0,0005857 seconds, Stopping threads took: 0,0000224 seconds
2018-06-19T15:09:12.461+0200: 33,952: Total time for which application threads were stopped: 0,0001104 seconds, Stopping threads took: 0,0000373 seconds
2018-06-19T15:09:12.462+0200: 33,952: Total time for which application threads were stopped: 0,0000635 seconds, Stopping threads took: 0,0000235 seconds
2018-06-19T15:09:12.469+0200: 33,959: Total time for which application threads were stopped: 0,0001811 seconds, Stopping threads took: 0,0000815 seconds
2018-06-19T15:09:12.471+0200: 33,961: Total time for which application threads were stopped: 0,0001446 seconds, Stopping threads took: 0,0000506 seconds
2018-06-19T15:09:12.472+0200: 33,962: Total time for which application threads were stopped: 0,0002701 seconds, Stopping threads took: 0,0001767 seconds
2018-06-19T15:09:12.477+0200: 33,968: Total time for which application threads were stopped: 0,0001630 seconds, Stopping threads took: 0,0000464 seconds
2018-06-19T15:09:12.484+0200: 33,974: Total time for which application threads were stopped: 0,0001364 seconds, Stopping threads took: 0,0000499 seconds
2018-06-19T15:09:12.485+0200: 33,975: Total time for which application threads were stopped: 0,0000976 seconds, Stopping threads took: 0,0000372 seconds
2018-06-19T15:09:12.485+0200: 33,976: Total time for which application threads were stopped: 0,0001008 seconds, Stopping threads took: 0,0000433 seconds
2018-06-19T15:09:12.487+0200: 33,977: Total time for which application threads were stopped: 0,0001141 seconds, Stopping threads took: 0,0000404 seconds
2018-06-19T15:09:12.488+0200: 33,978: Total time for which application threads were stopped: 0,0000658 seconds, Stopping threads took: 0,0000184 seconds
2018-06-19T15:09:12.488+0200: 33,978: Total time for which application threads were stopped: 0,0000428 seconds, Stopping threads took: 0,0000124 seconds
2018-06-19T15:09:12.488+0200: 33,978: Total time for which application threads were stopped: 0,0000361 seconds, Stopping threads took: 0,0000093 seconds
2018-06-19T15:09:12.488+0200: 33,978: Total time for which application threads were stopped: 0,0000453 seconds, Stopping threads took: 0,0000122 seconds
2018-06-19T15:09:12.488+0200: 33,978: Total time for which application threads were stopped: 0,0000372 seconds, Stopping threads took: 0,0000110 seconds
2018-06-19T15:09:12.488+0200: 33,978: Total time for which application threads were stopped: 0,0000464 seconds, Stopping threads took: 0,0000197 seconds
2018-06-19T15:09:12.488+0200: 33,978: Total time for which application threads were stopped: 0,0000330 seconds, Stopping threads took: 0,0000123 seconds
2018-06-19T15:09:12.488+0200: 33,978: Total time for which application threads were stopped: 0,0000343 seconds, Stopping threads took: 0,0000107 seconds
2018-06-19T15:09:12.488+0200: 33,979: Total time for which application threads were stopped: 0,0000461 seconds, Stopping threads took: 0,0000220 seconds
2018-06-19T15:09:12.488+0200: 33,979: Total time for which application threads were stopped: 0,0000448 seconds, Stopping threads took: 0,0000196 seconds
2018-06-19T15:09:12.488+0200: 33,979: Total time for which application threads were stopped: 0,0000328 seconds, Stopping threads took: 0,0000108 seconds
2018-06-19T15:09:12.488+0200: 33,979: Total time for which application threads were stopped: 0,0000442 seconds, Stopping threads took: 0,0000188 seconds
2018-06-19T15:09:12.490+0200: 33,980: Total time for which application threads were stopped: 0,0000798 seconds, Stopping threads took: 0,0000257 seconds
2018-06-19T15:09:12.490+0200: 33,980: Total time for which application threads were stopped: 0,0000810 seconds, Stopping threads took: 0,0000346 seconds
2018-06-19T15:09:12.490+0200: 33,980: Total time for which application threads were stopped: 0,0000672 seconds, Stopping threads took: 0,0000409 seconds
2018-06-19T15:09:12.492+0200: 33,982: Total time for which application threads were stopped: 0,0001540 seconds, Stopping threads took: 0,0000161 seconds
2018-06-19T15:09:12.492+0200: 33,982: Total time for which application threads were stopped: 0,0001470 seconds, Stopping threads took: 0,0001170 seconds
2018-06-19T15:09:12.492+0200: 33,982: Total time for which application threads were stopped: 0,0000556 seconds, Stopping threads took: 0,0000321 seconds
2018-06-19T15:09:12.492+0200: 33,982: Total time for which application threads were stopped: 0,0000516 seconds, Stopping threads took: 0,0000271 seconds
2018-06-19T15:09:12.492+0200: 33,982: Total time for which application threads were stopped: 0,0000481 seconds, Stopping threads took: 0,0000272 seconds
2018-06-19T15:09:12.492+0200: 33,982: Total time for which application threads were stopped: 0,0000496 seconds, Stopping threads took: 0,0000229 seconds
2018-06-19T15:09:12.493+0200: 33,984: Total time for which application threads were stopped: 0,0000980 seconds, Stopping threads took: 0,0000486 seconds
2018-06-19T15:09:12.493+0200: 33,984: Total time for which application threads were stopped: 0,0000895 seconds, Stopping threads took: 0,0000634 seconds
2018-06-19T15:09:12.493+0200: 33,984: Total time for which application threads were stopped: 0,0000440 seconds, Stopping threads took: 0,0000206 seconds
2018-06-19T15:09:12.494+0200: 33,984: Total time for which application threads were stopped: 0,0000390 seconds, Stopping threads took: 0,0000176 seconds
2018-06-19T15:09:12.494+0200: 33,984: Total time for which application threads were stopped: 0,0000564 seconds, Stopping threads took: 0,0000348 seconds
2018-06-19T15:09:12.494+0200: 33,984: Total time for which application threads were stopped: 0,0000437 seconds, Stopping threads took: 0,0000230 seconds
2018-06-19T15:09:12.494+0200: 33,984: Total time for which application threads were stopped: 0,0000418 seconds, Stopping threads took: 0,0000212 seconds
2018-06-19T15:09:12.494+0200: 33,984: Total time for which application threads were stopped: 0,0000611 seconds, Stopping threads took: 0,0000386 seconds
2018-06-19T15:09:12.494+0200: 33,984: Total time for which application threads were stopped: 0,0000519 seconds, Stopping threads took: 0,0000236 seconds
2018-06-19T15:09:12.494+0200: 33,984: Total time for which application threads were stopped: 0,0000542 seconds, Stopping threads took: 0,0000321 seconds
2018-06-19T15:09:12.494+0200: 33,985: Total time for which application threads were stopped: 0,0000941 seconds, Stopping threads took: 0,0000539 seconds
2018-06-19T15:09:12.494+0200: 33,985: Total time for which application threads were stopped: 0,0000648 seconds, Stopping threads took: 0,0000396 seconds
2018-06-19T15:09:12.494+0200: 33,985: Total time for which application threads were stopped: 0,0000485 seconds, Stopping threads took: 0,0000249 seconds
2018-06-19T15:09:12.496+0200: 33,986: Total time for which application threads were stopped: 0,0001394 seconds, Stopping threads took: 0,0000670 seconds
2018-06-19T15:09:12.496+0200: 33,987: Total time for which application threads were stopped: 0,0000890 seconds, Stopping threads took: 0,0000344 seconds
2018-06-19T15:09:12.496+0200: 33,987: Total time for which application threads were stopped: 0,0000705 seconds, Stopping threads took: 0,0000376 seconds
2018-06-19T15:09:12.497+0200: 33,987: Total time for which application threads were stopped: 0,0000464 seconds, Stopping threads took: 0,0000199 seconds
2018-06-19T15:09:12.497+0200: 33,987: Total time for which application threads were stopped: 0,0000875 seconds, Stopping threads took: 0,0000257 seconds
2018-06-19T15:09:12.498+0200: 33,988: Total time for which application threads were stopped: 0,0000889 seconds, Stopping threads took: 0,0000249 seconds
Heap
 par new generation   total 109248K, used 64515K [0x00000000e0000000, 0x00000000e8000000, 0x00000000e8000000)
  eden space 87424K,  59% used [0x00000000e0000000, 0x00000000e327b1d0, 0x00000000e5560000)
  from space 21824K,  58% used [0x00000000e6ab0000, 0x00000000e7735e08, 0x00000000e8000000)
  to   space 21824K,   0% used [0x00000000e5560000, 0x00000000e5560000, 0x00000000e6ab0000)
 concurrent mark-sweep generation total 393216K, used 35483K [0x00000000e8000000, 0x0000000100000000, 0x0000000100000000)
 Metaspace       used 31388K, capacity 32091K, committed 32252K, reserved 1077248K
  class space    used 3549K, capacity 3773K, committed 3836K, reserved 1048576K
