OpenJDK 64-Bit Server VM (25.171-b11) for linux-amd64 JRE (1.8.0_171-8u171-b11-0ubuntu0.16.04.1-b11), built on Apr 27 2018 17:19:03 by "buildd" with gcc 5.4.0 20160609
Memory: 4k page, physical 7867608k(404428k free), swap 8076284k(8076256k free)
CommandLine flags: -XX:CMSInitiatingOccupancyFraction=50 -XX:CMSMaxAbortablePrecleanTime=6000 -XX:+CMSParallelRemarkEnabled -XX:+CMSScavengeBeforeRemark -XX:ConcGCThreads=4 -XX:InitialHeapSize=536870912 -XX:MaxHeapSize=536870912 -XX:MaxTenuringThreshold=8 -XX:NewRatio=3 -XX:OldPLABSize=16 -XX:OnOutOfMemoryError=/home/gurnoor/workspace/QTM/solr/bin/oom_solr.sh 8983 /home/gurnoor/workspace/QTM/solr/server/logs -XX:ParallelGCThreads=4 -XX:+ParallelRefProcEnabled -XX:PretenureSizeThreshold=67108864 -XX:+PrintGC -XX:+PrintGCApplicationStoppedTime -XX:+PrintGCDateStamps -XX:+PrintGCDetails -XX:+PrintGCTimeStamps -XX:+PrintHeapAtGC -XX:+PrintTenuringDistribution -XX:SurvivorRatio=4 -XX:TargetSurvivorRatio=90 -XX:ThreadStackSize=256 -XX:+UseCMSInitiatingOccupancyOnly -XX:+UseCompressedClassPointers -XX:+UseCompressedOops -XX:+UseConcMarkSweepGC -XX:+UseParNewGC 
2018-05-29T07:41:23.635+0200: 0,118: Total time for which application threads were stopped: 0,0000687 seconds, Stopping threads took: 0,0000172 seconds
2018-05-29T07:41:23.708+0200: 0,190: Total time for which application threads were stopped: 0,0001094 seconds, Stopping threads took: 0,0000189 seconds
2018-05-29T07:41:23.722+0200: 0,205: Total time for which application threads were stopped: 0,0001325 seconds, Stopping threads took: 0,0000389 seconds
2018-05-29T07:41:23.879+0200: 0,362: Total time for which application threads were stopped: 0,0002072 seconds, Stopping threads took: 0,0000435 seconds
2018-05-29T07:41:24.185+0200: 0,668: Total time for which application threads were stopped: 0,0008594 seconds, Stopping threads took: 0,0000922 seconds
2018-05-29T07:41:24.279+0200: 0,761: Total time for which application threads were stopped: 0,0001505 seconds, Stopping threads took: 0,0000153 seconds
2018-05-29T07:41:24.309+0200: 0,792: Total time for which application threads were stopped: 0,0016411 seconds, Stopping threads took: 0,0005887 seconds
2018-05-29T07:41:24.653+0200: 1,135: Total time for which application threads were stopped: 0,0001940 seconds, Stopping threads took: 0,0000270 seconds
2018-05-29T07:41:24.864+0200: 1,347: Total time for which application threads were stopped: 0,0002194 seconds, Stopping threads took: 0,0000202 seconds
2018-05-29T07:41:24.884+0200: 1,367: Total time for which application threads were stopped: 0,0001837 seconds, Stopping threads took: 0,0000218 seconds
2018-05-29T07:41:24.909+0200: 1,391: Total time for which application threads were stopped: 0,0002839 seconds, Stopping threads took: 0,0000254 seconds
2018-05-29T07:41:24.910+0200: 1,393: Total time for which application threads were stopped: 0,0002236 seconds, Stopping threads took: 0,0000250 seconds
2018-05-29T07:41:24.923+0200: 1,405: Total time for which application threads were stopped: 0,0002092 seconds, Stopping threads took: 0,0000214 seconds
2018-05-29T07:41:24.990+0200: 1,472: Total time for which application threads were stopped: 0,0002611 seconds, Stopping threads took: 0,0000279 seconds
2018-05-29T07:41:25.143+0200: 1,625: Total time for which application threads were stopped: 0,0003687 seconds, Stopping threads took: 0,0000826 seconds
{Heap before GC invocations=0 (full 0):
 par new generation   total 109248K, used 87424K [0x00000000e0000000, 0x00000000e8000000, 0x00000000e8000000)
  eden space 87424K, 100% used [0x00000000e0000000, 0x00000000e5560000, 0x00000000e5560000)
  from space 21824K,   0% used [0x00000000e5560000, 0x00000000e5560000, 0x00000000e6ab0000)
  to   space 21824K,   0% used [0x00000000e6ab0000, 0x00000000e6ab0000, 0x00000000e8000000)
 concurrent mark-sweep generation total 393216K, used 0K [0x00000000e8000000, 0x0000000100000000, 0x0000000100000000)
 Metaspace       used 17858K, capacity 18184K, committed 18304K, reserved 1064960K
  class space    used 2026K, capacity 2166K, committed 2176K, reserved 1048576K
2018-05-29T07:41:25.193+0200: 1,675: [GC (Allocation Failure) 2018-05-29T07:41:25.193+0200: 1,676: [ParNew
Desired survivor size 20112992 bytes, new threshold 8 (max 8)
- age   1:   11495744 bytes,   11495744 total
: 87424K->11327K(109248K), 0,0123156 secs] 87424K->11327K(502464K), 0,0123919 secs] [Times: user=0,03 sys=0,00, real=0,02 secs] 
Heap after GC invocations=1 (full 0):
 par new generation   total 109248K, used 11327K [0x00000000e0000000, 0x00000000e8000000, 0x00000000e8000000)
  eden space 87424K,   0% used [0x00000000e0000000, 0x00000000e0000000, 0x00000000e5560000)
  from space 21824K,  51% used [0x00000000e6ab0000, 0x00000000e75bfd30, 0x00000000e8000000)
  to   space 21824K,   0% used [0x00000000e5560000, 0x00000000e5560000, 0x00000000e6ab0000)
 concurrent mark-sweep generation total 393216K, used 0K [0x00000000e8000000, 0x0000000100000000, 0x0000000100000000)
 Metaspace       used 17858K, capacity 18184K, committed 18304K, reserved 1064960K
  class space    used 2026K, capacity 2166K, committed 2176K, reserved 1048576K
}
2018-05-29T07:41:25.206+0200: 1,688: Total time for which application threads were stopped: 0,0155902 seconds, Stopping threads took: 0,0029916 seconds
2018-05-29T07:41:25.492+0200: 1,974: Total time for which application threads were stopped: 0,0003769 seconds, Stopping threads took: 0,0000544 seconds
2018-05-29T07:41:25.549+0200: 2,032: Total time for which application threads were stopped: 0,0012941 seconds, Stopping threads took: 0,0009662 seconds
{Heap before GC invocations=1 (full 0):
 par new generation   total 109248K, used 98751K [0x00000000e0000000, 0x00000000e8000000, 0x00000000e8000000)
  eden space 87424K, 100% used [0x00000000e0000000, 0x00000000e5560000, 0x00000000e5560000)
  from space 21824K,  51% used [0x00000000e6ab0000, 0x00000000e75bfd30, 0x00000000e8000000)
  to   space 21824K,   0% used [0x00000000e5560000, 0x00000000e5560000, 0x00000000e6ab0000)
 concurrent mark-sweep generation total 393216K, used 0K [0x00000000e8000000, 0x0000000100000000, 0x0000000100000000)
 Metaspace       used 20107K, capacity 20492K, committed 20736K, reserved 1067008K
  class space    used 2300K, capacity 2468K, committed 2560K, reserved 1048576K
2018-05-29T07:41:25.557+0200: 2,039: [GC (Allocation Failure) 2018-05-29T07:41:25.557+0200: 2,039: [ParNew
Desired survivor size 20112992 bytes, new threshold 8 (max 8)
- age   1:    3351080 bytes,    3351080 total
- age   2:    6009352 bytes,    9360432 total
: 98751K->12619K(109248K), 0,0169402 secs] 98751K->12619K(502464K), 0,0170207 secs] [Times: user=0,06 sys=0,01, real=0,01 secs] 
Heap after GC invocations=2 (full 0):
 par new generation   total 109248K, used 12619K [0x00000000e0000000, 0x00000000e8000000, 0x00000000e8000000)
  eden space 87424K,   0% used [0x00000000e0000000, 0x00000000e0000000, 0x00000000e5560000)
  from space 21824K,  57% used [0x00000000e5560000, 0x00000000e61b2d38, 0x00000000e6ab0000)
  to   space 21824K,   0% used [0x00000000e6ab0000, 0x00000000e6ab0000, 0x00000000e8000000)
 concurrent mark-sweep generation total 393216K, used 0K [0x00000000e8000000, 0x0000000100000000, 0x0000000100000000)
 Metaspace       used 20107K, capacity 20492K, committed 20736K, reserved 1067008K
  class space    used 2300K, capacity 2468K, committed 2560K, reserved 1048576K
}
2018-05-29T07:41:25.574+0200: 2,057: Total time for which application threads were stopped: 0,0210520 seconds, Stopping threads took: 0,0038554 seconds
2018-05-29T07:41:25.616+0200: 2,098: Total time for which application threads were stopped: 0,0003772 seconds, Stopping threads took: 0,0000462 seconds
2018-05-29T07:41:25.749+0200: 2,231: Total time for which application threads were stopped: 0,0008085 seconds, Stopping threads took: 0,0006604 seconds
{Heap before GC invocations=2 (full 0):
 par new generation   total 109248K, used 100043K [0x00000000e0000000, 0x00000000e8000000, 0x00000000e8000000)
  eden space 87424K, 100% used [0x00000000e0000000, 0x00000000e5560000, 0x00000000e5560000)
  from space 21824K,  57% used [0x00000000e5560000, 0x00000000e61b2d38, 0x00000000e6ab0000)
  to   space 21824K,   0% used [0x00000000e6ab0000, 0x00000000e6ab0000, 0x00000000e8000000)
 concurrent mark-sweep generation total 393216K, used 0K [0x00000000e8000000, 0x0000000100000000, 0x0000000100000000)
 Metaspace       used 21044K, capacity 21362K, committed 21628K, reserved 1069056K
  class space    used 2426K, capacity 2589K, committed 2684K, reserved 1048576K
2018-05-29T07:41:25.796+0200: 2,278: [GC (Allocation Failure) 2018-05-29T07:41:25.796+0200: 2,278: [ParNew
Desired survivor size 20112992 bytes, new threshold 8 (max 8)
- age   1:    2072288 bytes,    2072288 total
- age   2:     968280 bytes,    3040568 total
- age   3:    6007424 bytes,    9047992 total
: 100043K->10461K(109248K), 0,0109905 secs] 100043K->10461K(502464K), 0,0110650 secs] [Times: user=0,05 sys=0,00, real=0,02 secs] 
Heap after GC invocations=3 (full 0):
 par new generation   total 109248K, used 10461K [0x00000000e0000000, 0x00000000e8000000, 0x00000000e8000000)
  eden space 87424K,   0% used [0x00000000e0000000, 0x00000000e0000000, 0x00000000e5560000)
  from space 21824K,  47% used [0x00000000e6ab0000, 0x00000000e74e7540, 0x00000000e8000000)
  to   space 21824K,   0% used [0x00000000e5560000, 0x00000000e5560000, 0x00000000e6ab0000)
 concurrent mark-sweep generation total 393216K, used 0K [0x00000000e8000000, 0x0000000100000000, 0x0000000100000000)
 Metaspace       used 21044K, capacity 21362K, committed 21628K, reserved 1069056K
  class space    used 2426K, capacity 2589K, committed 2684K, reserved 1048576K
}
2018-05-29T07:41:25.807+0200: 2,290: Total time for which application threads were stopped: 0,0112695 seconds, Stopping threads took: 0,0000566 seconds
2018-05-29T07:41:25.807+0200: 2,290: [GC (CMS Initial Mark) [1 CMS-initial-mark: 0K(393216K)] 11164K(502464K), 0,0034125 secs] [Times: user=0,01 sys=0,00, real=0,00 secs] 
2018-05-29T07:41:25.811+0200: 2,293: Total time for which application threads were stopped: 0,0035596 seconds, Stopping threads took: 0,0000432 seconds
2018-05-29T07:41:25.811+0200: 2,293: [CMS-concurrent-mark-start]
2018-05-29T07:41:25.811+0200: 2,294: [CMS-concurrent-mark: 0,000/0,000 secs] [Times: user=0,00 sys=0,00, real=0,00 secs] 
2018-05-29T07:41:25.811+0200: 2,294: [CMS-concurrent-preclean-start]
2018-05-29T07:41:25.812+0200: 2,295: [CMS-concurrent-preclean: 0,001/0,001 secs] [Times: user=0,01 sys=0,00, real=0,00 secs] 
2018-05-29T07:41:25.813+0200: 2,295: [CMS-concurrent-abortable-preclean-start]
2018-05-29T07:41:25.827+0200: 2,309: Total time for which application threads were stopped: 0,0001821 seconds, Stopping threads took: 0,0000768 seconds
{Heap before GC invocations=3 (full 1):
 par new generation   total 109248K, used 97885K [0x00000000e0000000, 0x00000000e8000000, 0x00000000e8000000)
  eden space 87424K, 100% used [0x00000000e0000000, 0x00000000e5560000, 0x00000000e5560000)
  from space 21824K,  47% used [0x00000000e6ab0000, 0x00000000e74e7540, 0x00000000e8000000)
  to   space 21824K,   0% used [0x00000000e5560000, 0x00000000e5560000, 0x00000000e6ab0000)
 concurrent mark-sweep generation total 393216K, used 0K [0x00000000e8000000, 0x0000000100000000, 0x0000000100000000)
 Metaspace       used 21302K, capacity 21702K, committed 21884K, reserved 1069056K
  class space    used 2452K, capacity 2604K, committed 2684K, reserved 1048576K
2018-05-29T07:41:25.936+0200: 2,419: [GC (Allocation Failure) 2018-05-29T07:41:25.936+0200: 2,419: [ParNew
Desired survivor size 20112992 bytes, new threshold 8 (max 8)
- age   1:    1135136 bytes,    1135136 total
- age   2:    1448760 bytes,    2583896 total
- age   3:     962688 bytes,    3546584 total
- age   4:    6007488 bytes,    9554072 total
: 97885K->15869K(109248K), 0,0091765 secs] 97885K->15869K(502464K), 0,0092574 secs] [Times: user=0,03 sys=0,00, real=0,02 secs] 
Heap after GC invocations=4 (full 1):
 par new generation   total 109248K, used 15869K [0x00000000e0000000, 0x00000000e8000000, 0x00000000e8000000)
  eden space 87424K,   0% used [0x00000000e0000000, 0x00000000e0000000, 0x00000000e5560000)
  from space 21824K,  72% used [0x00000000e5560000, 0x00000000e64df500, 0x00000000e6ab0000)
  to   space 21824K,   0% used [0x00000000e6ab0000, 0x00000000e6ab0000, 0x00000000e8000000)
 concurrent mark-sweep generation total 393216K, used 0K [0x00000000e8000000, 0x0000000100000000, 0x0000000100000000)
 Metaspace       used 21302K, capacity 21702K, committed 21884K, reserved 1069056K
  class space    used 2452K, capacity 2604K, committed 2684K, reserved 1048576K
}
2018-05-29T07:41:25.946+0200: 2,428: Total time for which application threads were stopped: 0,0095042 seconds, Stopping threads took: 0,0000518 seconds
{Heap before GC invocations=4 (full 1):
 par new generation   total 109248K, used 103293K [0x00000000e0000000, 0x00000000e8000000, 0x00000000e8000000)
  eden space 87424K, 100% used [0x00000000e0000000, 0x00000000e5560000, 0x00000000e5560000)
  from space 21824K,  72% used [0x00000000e5560000, 0x00000000e64df500, 0x00000000e6ab0000)
  to   space 21824K,   0% used [0x00000000e6ab0000, 0x00000000e6ab0000, 0x00000000e8000000)
 concurrent mark-sweep generation total 393216K, used 0K [0x00000000e8000000, 0x0000000100000000, 0x0000000100000000)
 Metaspace       used 21546K, capacity 21874K, committed 21960K, reserved 1069056K
  class space    used 2482K, capacity 2638K, committed 2684K, reserved 1048576K
2018-05-29T07:41:26.042+0200: 2,525: [GC (Allocation Failure) 2018-05-29T07:41:26.042+0200: 2,525: [ParNew2018-05-29T07:41:26.047+0200: 2,529: [CMS-concurrent-abortable-preclean: 0,125/0,234 secs] [Times: user=0,90 sys=0,01, real=0,24 secs] 

Desired survivor size 20112992 bytes, new threshold 8 (max 8)
- age   1:     503752 bytes,     503752 total
- age   2:     192208 bytes,     695960 total
- age   3:    1447152 bytes,    2143112 total
- age   4:     962592 bytes,    3105704 total
- age   5:    6007352 bytes,    9113056 total
: 103293K->10790K(109248K), 0,0175811 secs] 103293K->10790K(502464K), 0,0176674 secs] [Times: user=0,06 sys=0,01, real=0,02 secs] 
Heap after GC invocations=5 (full 1):
 par new generation   total 109248K, used 10790K [0x00000000e0000000, 0x00000000e8000000, 0x00000000e8000000)
  eden space 87424K,   0% used [0x00000000e0000000, 0x00000000e0000000, 0x00000000e5560000)
  from space 21824K,  49% used [0x00000000e6ab0000, 0x00000000e7539990, 0x00000000e8000000)
  to   space 21824K,   0% used [0x00000000e5560000, 0x00000000e5560000, 0x00000000e6ab0000)
 concurrent mark-sweep generation total 393216K, used 0K [0x00000000e8000000, 0x0000000100000000, 0x0000000100000000)
 Metaspace       used 21546K, capacity 21874K, committed 21960K, reserved 1069056K
  class space    used 2482K, capacity 2638K, committed 2684K, reserved 1048576K
}
2018-05-29T07:41:26.060+0200: 2,542: Total time for which application threads were stopped: 0,0181238 seconds, Stopping threads took: 0,0002807 seconds
2018-05-29T07:41:26.061+0200: 2,543: [GC (CMS Final Remark) [YG occupancy: 11398 K (109248 K)]{Heap before GC invocations=5 (full 1):
 par new generation   total 109248K, used 11398K [0x00000000e0000000, 0x00000000e8000000, 0x00000000e8000000)
  eden space 87424K,   0% used [0x00000000e0000000, 0x00000000e0097eb0, 0x00000000e5560000)
  from space 21824K,  49% used [0x00000000e6ab0000, 0x00000000e7539990, 0x00000000e8000000)
  to   space 21824K,   0% used [0x00000000e5560000, 0x00000000e5560000, 0x00000000e6ab0000)
 concurrent mark-sweep generation total 393216K, used 0K [0x00000000e8000000, 0x0000000100000000, 0x0000000100000000)
 Metaspace       used 21546K, capacity 21874K, committed 21960K, reserved 1069056K
  class space    used 2482K, capacity 2638K, committed 2684K, reserved 1048576K
2018-05-29T07:41:26.061+0200: 2,543: [GC (CMS Final Remark) 2018-05-29T07:41:26.061+0200: 2,543: [ParNew
Desired survivor size 20112992 bytes, new threshold 8 (max 8)
- age   1:       8608 bytes,       8608 total
- age   2:     314536 bytes,     323144 total
- age   3:     192208 bytes,     515352 total
- age   4:    1447176 bytes,    1962528 total
- age   5:     962632 bytes,    2925160 total
- age   6:    6007376 bytes,    8932536 total
: 11398K->11630K(109248K), 0,0096933 secs] 11398K->11630K(502464K), 0,0097435 secs] [Times: user=0,03 sys=0,00, real=0,01 secs] 
Heap after GC invocations=6 (full 1):
 par new generation   total 109248K, used 11630K [0x00000000e0000000, 0x00000000e8000000, 0x00000000e8000000)
  eden space 87424K,   0% used [0x00000000e0000000, 0x00000000e0000000, 0x00000000e5560000)
  from space 21824K,  53% used [0x00000000e5560000, 0x00000000e60bb9f0, 0x00000000e6ab0000)
  to   space 21824K,   0% used [0x00000000e6ab0000, 0x00000000e6ab0000, 0x00000000e8000000)
 concurrent mark-sweep generation total 393216K, used 0K [0x00000000e8000000, 0x0000000100000000, 0x0000000100000000)
 Metaspace       used 21546K, capacity 21874K, committed 21960K, reserved 1069056K
  class space    used 2482K, capacity 2638K, committed 2684K, reserved 1048576K
}
2018-05-29T07:41:26.071+0200: 2,553: [Rescan (parallel) , 0,0037060 secs]2018-05-29T07:41:26.075+0200: 2,557: [weak refs processing, 0,0010626 secs]2018-05-29T07:41:26.076+0200: 2,558: [class unloading, 0,0030589 secs]2018-05-29T07:41:26.079+0200: 2,561: [scrub symbol table, 0,0026276 secs]2018-05-29T07:41:26.081+0200: 2,564: [scrub string table, 0,0003731 secs][1 CMS-remark: 0K(393216K)] 11630K(502464K), 0,0213153 secs] [Times: user=0,05 sys=0,00, real=0,02 secs] 
2018-05-29T07:41:26.082+0200: 2,565: Total time for which application threads were stopped: 0,0220564 seconds, Stopping threads took: 0,0006412 seconds
2018-05-29T07:41:26.087+0200: 2,569: [CMS-concurrent-sweep-start]
2018-05-29T07:41:26.087+0200: 2,569: [CMS-concurrent-sweep: 0,000/0,000 secs] [Times: user=0,00 sys=0,00, real=0,00 secs] 
2018-05-29T07:41:26.087+0200: 2,569: [CMS-concurrent-reset-start]
2018-05-29T07:41:26.088+0200: 2,570: Total time for which application threads were stopped: 0,0001850 seconds, Stopping threads took: 0,0000662 seconds
2018-05-29T07:41:26.090+0200: 2,573: [CMS-concurrent-reset: 0,003/0,004 secs] [Times: user=0,01 sys=0,00, real=0,00 secs] 
2018-05-29T07:41:26.108+0200: 2,591: Total time for which application threads were stopped: 0,0004003 seconds, Stopping threads took: 0,0000344 seconds
2018-05-29T07:41:26.370+0200: 2,853: Total time for which application threads were stopped: 0,0005398 seconds, Stopping threads took: 0,0000331 seconds
2018-05-29T07:41:26.386+0200: 2,868: Total time for which application threads were stopped: 0,0004220 seconds, Stopping threads took: 0,0000654 seconds
{Heap before GC invocations=6 (full 1):
 par new generation   total 109248K, used 99054K [0x00000000e0000000, 0x00000000e8000000, 0x00000000e8000000)
  eden space 87424K, 100% used [0x00000000e0000000, 0x00000000e5560000, 0x00000000e5560000)
  from space 21824K,  53% used [0x00000000e5560000, 0x00000000e60bb9f0, 0x00000000e6ab0000)
  to   space 21824K,   0% used [0x00000000e6ab0000, 0x00000000e6ab0000, 0x00000000e8000000)
 concurrent mark-sweep generation total 393216K, used 0K [0x00000000e8000000, 0x0000000100000000, 0x0000000100000000)
 Metaspace       used 25347K, capacity 25876K, committed 25980K, reserved 1073152K
  class space    used 2939K, capacity 3125K, committed 3196K, reserved 1048576K
2018-05-29T07:41:26.684+0200: 3,167: [GC (Allocation Failure) 2018-05-29T07:41:26.684+0200: 3,167: [ParNew
Desired survivor size 20112992 bytes, new threshold 8 (max 8)
- age   1:    5610336 bytes,    5610336 total
- age   3:     158840 bytes,    5769176 total
- age   4:     186168 bytes,    5955344 total
- age   5:     276856 bytes,    6232200 total
- age   6:     940672 bytes,    7172872 total
- age   7:    6000496 bytes,   13173368 total
: 99054K->15628K(109248K), 0,0258457 secs] 99054K->15628K(502464K), 0,0259495 secs] [Times: user=0,09 sys=0,00, real=0,03 secs] 
Heap after GC invocations=7 (full 1):
 par new generation   total 109248K, used 15628K [0x00000000e0000000, 0x00000000e8000000, 0x00000000e8000000)
  eden space 87424K,   0% used [0x00000000e0000000, 0x00000000e0000000, 0x00000000e5560000)
  from space 21824K,  71% used [0x00000000e6ab0000, 0x00000000e79f32c0, 0x00000000e8000000)
  to   space 21824K,   0% used [0x00000000e5560000, 0x00000000e5560000, 0x00000000e6ab0000)
 concurrent mark-sweep generation total 393216K, used 0K [0x00000000e8000000, 0x0000000100000000, 0x0000000100000000)
 Metaspace       used 25347K, capacity 25876K, committed 25980K, reserved 1073152K
  class space    used 2939K, capacity 3125K, committed 3196K, reserved 1048576K
}
2018-05-29T07:41:26.710+0200: 3,193: Total time for which application threads were stopped: 0,0263376 seconds, Stopping threads took: 0,0000991 seconds
2018-05-29T07:41:26.826+0200: 3,309: Total time for which application threads were stopped: 0,0006092 seconds, Stopping threads took: 0,0000471 seconds
2018-05-29T07:41:26.845+0200: 3,327: Total time for which application threads were stopped: 0,0005183 seconds, Stopping threads took: 0,0000450 seconds
2018-05-29T07:41:26.897+0200: 3,379: Total time for which application threads were stopped: 0,0005159 seconds, Stopping threads took: 0,0000439 seconds
2018-05-29T07:41:27.005+0200: 3,487: Total time for which application threads were stopped: 0,0006717 seconds, Stopping threads took: 0,0000785 seconds
{Heap before GC invocations=7 (full 1):
 par new generation   total 109248K, used 103052K [0x00000000e0000000, 0x00000000e8000000, 0x00000000e8000000)
  eden space 87424K, 100% used [0x00000000e0000000, 0x00000000e5560000, 0x00000000e5560000)
  from space 21824K,  71% used [0x00000000e6ab0000, 0x00000000e79f32c0, 0x00000000e8000000)
  to   space 21824K,   0% used [0x00000000e5560000, 0x00000000e5560000, 0x00000000e6ab0000)
 concurrent mark-sweep generation total 393216K, used 0K [0x00000000e8000000, 0x0000000100000000, 0x0000000100000000)
 Metaspace       used 28037K, capacity 28654K, committed 28796K, reserved 1075200K
  class space    used 3226K, capacity 3424K, committed 3452K, reserved 1048576K
2018-05-29T07:41:27.156+0200: 3,639: [GC (Allocation Failure) 2018-05-29T07:41:27.156+0200: 3,639: [ParNew
Desired survivor size 20112992 bytes, new threshold 8 (max 8)
- age   1:   12476952 bytes,   12476952 total
- age   2:    2277408 bytes,   14754360 total
- age   4:     158752 bytes,   14913112 total
- age   5:     185992 bytes,   15099104 total
- age   6:     276552 bytes,   15375656 total
- age   7:     932200 bytes,   16307856 total
- age   8:    5993768 bytes,   22301624 total
: 103052K->21824K(109248K), 0,0263288 secs] 103052K->23257K(502464K), 0,0264211 secs] [Times: user=0,09 sys=0,00, real=0,03 secs] 
Heap after GC invocations=8 (full 1):
 par new generation   total 109248K, used 21824K [0x00000000e0000000, 0x00000000e8000000, 0x00000000e8000000)
  eden space 87424K,   0% used [0x00000000e0000000, 0x00000000e0000000, 0x00000000e5560000)
  from space 21824K, 100% used [0x00000000e5560000, 0x00000000e6ab0000, 0x00000000e6ab0000)
  to   space 21824K,   0% used [0x00000000e6ab0000, 0x00000000e6ab0000, 0x00000000e8000000)
 concurrent mark-sweep generation total 393216K, used 1433K [0x00000000e8000000, 0x0000000100000000, 0x0000000100000000)
 Metaspace       used 28037K, capacity 28654K, committed 28796K, reserved 1075200K
  class space    used 3226K, capacity 3424K, committed 3452K, reserved 1048576K
}
2018-05-29T07:41:27.183+0200: 3,665: Total time for which application threads were stopped: 0,0273269 seconds, Stopping threads took: 0,0006354 seconds
2018-05-29T07:41:27.289+0200: 3,772: Total time for which application threads were stopped: 0,0001853 seconds, Stopping threads took: 0,0000587 seconds
{Heap before GC invocations=8 (full 1):
 par new generation   total 109248K, used 109248K [0x00000000e0000000, 0x00000000e8000000, 0x00000000e8000000)
  eden space 87424K, 100% used [0x00000000e0000000, 0x00000000e5560000, 0x00000000e5560000)
  from space 21824K, 100% used [0x00000000e5560000, 0x00000000e6ab0000, 0x00000000e6ab0000)
  to   space 21824K,   0% used [0x00000000e6ab0000, 0x00000000e6ab0000, 0x00000000e8000000)
 concurrent mark-sweep generation total 393216K, used 1626K [0x00000000e8000000, 0x0000000100000000, 0x0000000100000000)
 Metaspace       used 28088K, capacity 28746K, committed 29052K, reserved 1075200K
  class space    used 3229K, capacity 3430K, committed 3452K, reserved 1048576K
2018-05-29T07:41:27.293+0200: 3,775: [GC (GCLocker Initiated GC) 2018-05-29T07:41:27.293+0200: 3,776: [ParNew
Desired survivor size 20112992 bytes, new threshold 8 (max 8)
- age   1:    1367648 bytes,    1367648 total
- age   2:   11632464 bytes,   13000112 total
- age   3:    2277368 bytes,   15277480 total
- age   5:     158752 bytes,   15436232 total
- age   6:     185888 bytes,   15622120 total
- age   7:     276552 bytes,   15898672 total
- age   8:     932200 bytes,   16830872 total
: 109248K->21799K(109248K), 0,0447313 secs] 110874K->29351K(502464K), 0,0448482 secs] [Times: user=0,13 sys=0,02, real=0,05 secs] 
Heap after GC invocations=9 (full 1):
 par new generation   total 109248K, used 21799K [0x00000000e0000000, 0x00000000e8000000, 0x00000000e8000000)
  eden space 87424K,   0% used [0x00000000e0000000, 0x00000000e0000000, 0x00000000e5560000)
  from space 21824K,  99% used [0x00000000e6ab0000, 0x00000000e7ff9f60, 0x00000000e8000000)
  to   space 21824K,   0% used [0x00000000e5560000, 0x00000000e5560000, 0x00000000e6ab0000)
 concurrent mark-sweep generation total 393216K, used 7552K [0x00000000e8000000, 0x0000000100000000, 0x0000000100000000)
 Metaspace       used 28088K, capacity 28746K, committed 29052K, reserved 1075200K
  class space    used 3229K, capacity 3430K, committed 3452K, reserved 1048576K
}
2018-05-29T07:41:27.338+0200: 3,820: Total time for which application threads were stopped: 0,0477999 seconds, Stopping threads took: 0,0027816 seconds
2018-05-29T07:41:27.576+0200: 4,058: Total time for which application threads were stopped: 0,0023337 seconds, Stopping threads took: 0,0002439 seconds
{Heap before GC invocations=9 (full 1):
 par new generation   total 109248K, used 109223K [0x00000000e0000000, 0x00000000e8000000, 0x00000000e8000000)
  eden space 87424K, 100% used [0x00000000e0000000, 0x00000000e5560000, 0x00000000e5560000)
  from space 21824K,  99% used [0x00000000e6ab0000, 0x00000000e7ff9f60, 0x00000000e8000000)
  to   space 21824K,   0% used [0x00000000e5560000, 0x00000000e5560000, 0x00000000e6ab0000)
 concurrent mark-sweep generation total 393216K, used 7552K [0x00000000e8000000, 0x0000000100000000, 0x0000000100000000)
 Metaspace       used 28189K, capacity 28820K, committed 29052K, reserved 1075200K
  class space    used 3230K, capacity 3431K, committed 3452K, reserved 1048576K
2018-05-29T07:41:27.644+0200: 4,127: [GC (Allocation Failure) 2018-05-29T07:41:27.644+0200: 4,127: [ParNew
Desired survivor size 20112992 bytes, new threshold 8 (max 8)
- age   1:     906824 bytes,     906824 total
- age   2:     231400 bytes,    1138224 total
- age   3:   11618040 bytes,   12756264 total
- age   4:    2277368 bytes,   15033632 total
- age   6:     158752 bytes,   15192384 total
- age   7:     185784 bytes,   15378168 total
- age   8:     276552 bytes,   15654720 total
: 109223K->21047K(109248K), 0,0306952 secs] 116775K->29641K(502464K), 0,0307896 secs] [Times: user=0,10 sys=0,00, real=0,03 secs] 
Heap after GC invocations=10 (full 1):
 par new generation   total 109248K, used 21047K [0x00000000e0000000, 0x00000000e8000000, 0x00000000e8000000)
  eden space 87424K,   0% used [0x00000000e0000000, 0x00000000e0000000, 0x00000000e5560000)
  from space 21824K,  96% used [0x00000000e5560000, 0x00000000e69edd00, 0x00000000e6ab0000)
  to   space 21824K,   0% used [0x00000000e6ab0000, 0x00000000e6ab0000, 0x00000000e8000000)
 concurrent mark-sweep generation total 393216K, used 8594K [0x00000000e8000000, 0x0000000100000000, 0x0000000100000000)
 Metaspace       used 28189K, capacity 28820K, committed 29052K, reserved 1075200K
  class space    used 3230K, capacity 3431K, committed 3452K, reserved 1048576K
}
2018-05-29T07:41:27.675+0200: 4,157: Total time for which application threads were stopped: 0,0333543 seconds, Stopping threads took: 0,0023028 seconds
2018-05-29T07:41:27.676+0200: 4,158: Total time for which application threads were stopped: 0,0001663 seconds, Stopping threads took: 0,0000725 seconds
2018-05-29T07:41:27.713+0200: 4,196: Total time for which application threads were stopped: 0,0071376 seconds, Stopping threads took: 0,0069727 seconds
2018-05-29T07:41:27.719+0200: 4,201: Total time for which application threads were stopped: 0,0001752 seconds, Stopping threads took: 0,0000735 seconds
2018-05-29T07:41:27.773+0200: 4,256: Total time for which application threads were stopped: 0,0033812 seconds, Stopping threads took: 0,0031891 seconds
2018-05-29T07:41:27.794+0200: 4,276: Total time for which application threads were stopped: 0,0001750 seconds, Stopping threads took: 0,0000605 seconds
2018-05-29T07:41:27.794+0200: 4,276: Total time for which application threads were stopped: 0,0001235 seconds, Stopping threads took: 0,0000484 seconds
2018-05-29T07:41:27.797+0200: 4,280: Total time for which application threads were stopped: 0,0016308 seconds, Stopping threads took: 0,0015054 seconds
2018-05-29T07:41:27.851+0200: 4,334: Total time for which application threads were stopped: 0,0001415 seconds, Stopping threads took: 0,0000558 seconds
2018-05-29T07:41:27.852+0200: 4,335: Total time for which application threads were stopped: 0,0009162 seconds, Stopping threads took: 0,0008720 seconds
2018-05-29T07:41:27.853+0200: 4,335: Total time for which application threads were stopped: 0,0000721 seconds, Stopping threads took: 0,0000244 seconds
2018-05-29T07:41:28.853+0200: 5,335: Total time for which application threads were stopped: 0,0000754 seconds, Stopping threads took: 0,0000167 seconds
2018-05-29T07:41:29.527+0200: 6,009: Total time for which application threads were stopped: 0,0002928 seconds, Stopping threads took: 0,0001019 seconds
2018-05-29T07:41:29.533+0200: 6,016: Total time for which application threads were stopped: 0,0000838 seconds, Stopping threads took: 0,0000193 seconds
2018-05-29T07:41:29.566+0200: 6,048: Total time for which application threads were stopped: 0,0004952 seconds, Stopping threads took: 0,0000212 seconds
2018-05-29T07:41:29.612+0200: 6,095: Total time for which application threads were stopped: 0,0001007 seconds, Stopping threads took: 0,0000210 seconds
2018-05-29T07:41:29.613+0200: 6,096: Total time for which application threads were stopped: 0,0000885 seconds, Stopping threads took: 0,0000196 seconds
2018-05-29T07:41:29.651+0200: 6,133: Total time for which application threads were stopped: 0,0001036 seconds, Stopping threads took: 0,0000233 seconds
2018-05-29T07:41:29.660+0200: 6,143: Total time for which application threads were stopped: 0,0006582 seconds, Stopping threads took: 0,0001383 seconds
2018-05-29T07:41:29.678+0200: 6,160: Total time for which application threads were stopped: 0,0001718 seconds, Stopping threads took: 0,0000519 seconds
2018-05-29T07:41:29.679+0200: 6,162: Total time for which application threads were stopped: 0,0001436 seconds, Stopping threads took: 0,0000766 seconds
2018-05-29T07:41:29.845+0200: 6,328: Total time for which application threads were stopped: 0,0007454 seconds, Stopping threads took: 0,0001710 seconds
2018-05-29T07:41:29.849+0200: 6,332: Total time for which application threads were stopped: 0,0001489 seconds, Stopping threads took: 0,0000622 seconds
2018-05-29T07:41:30.750+0200: 7,232: Total time for which application threads were stopped: 0,0000921 seconds, Stopping threads took: 0,0000158 seconds
2018-05-29T07:41:30.750+0200: 7,233: Total time for which application threads were stopped: 0,0000963 seconds, Stopping threads took: 0,0000359 seconds
2018-05-29T07:41:30.757+0200: 7,239: Total time for which application threads were stopped: 0,0000874 seconds, Stopping threads took: 0,0000308 seconds
2018-05-29T07:41:30.758+0200: 7,240: Total time for which application threads were stopped: 0,0000619 seconds, Stopping threads took: 0,0000195 seconds
2018-05-29T07:41:31.759+0200: 8,241: Total time for which application threads were stopped: 0,0007138 seconds, Stopping threads took: 0,0001857 seconds
2018-05-29T07:41:32.760+0200: 9,242: Total time for which application threads were stopped: 0,0006046 seconds, Stopping threads took: 0,0001615 seconds
2018-05-29T07:41:33.340+0200: 9,822: Total time for which application threads were stopped: 0,0007972 seconds, Stopping threads took: 0,0002783 seconds
2018-05-29T07:41:33.340+0200: 9,823: Total time for which application threads were stopped: 0,0002422 seconds, Stopping threads took: 0,0000687 seconds
2018-05-29T07:41:33.341+0200: 9,824: Total time for which application threads were stopped: 0,0001352 seconds, Stopping threads took: 0,0000525 seconds
2018-05-29T07:41:34.342+0200: 10,824: Total time for which application threads were stopped: 0,0001483 seconds, Stopping threads took: 0,0000279 seconds
2018-05-29T07:41:35.342+0200: 11,824: Total time for which application threads were stopped: 0,0000839 seconds, Stopping threads took: 0,0000178 seconds
2018-05-29T07:41:36.343+0200: 12,825: Total time for which application threads were stopped: 0,0005250 seconds, Stopping threads took: 0,0001407 seconds
2018-05-29T07:41:37.343+0200: 13,825: Total time for which application threads were stopped: 0,0000841 seconds, Stopping threads took: 0,0000212 seconds
2018-05-29T07:41:38.343+0200: 14,825: Total time for which application threads were stopped: 0,0000872 seconds, Stopping threads took: 0,0000220 seconds
2018-05-29T07:41:39.343+0200: 15,825: Total time for which application threads were stopped: 0,0000857 seconds, Stopping threads took: 0,0000184 seconds
2018-05-29T07:41:39.825+0200: 16,308: Total time for which application threads were stopped: 0,0000885 seconds, Stopping threads took: 0,0000151 seconds
2018-05-29T07:41:39.826+0200: 16,308: Total time for which application threads were stopped: 0,0000528 seconds, Stopping threads took: 0,0000134 seconds
2018-05-29T07:41:39.826+0200: 16,308: Total time for which application threads were stopped: 0,0000714 seconds, Stopping threads took: 0,0000161 seconds
2018-05-29T07:41:39.826+0200: 16,308: Total time for which application threads were stopped: 0,0000495 seconds, Stopping threads took: 0,0000110 seconds
2018-05-29T07:41:39.826+0200: 16,309: Total time for which application threads were stopped: 0,0000407 seconds, Stopping threads took: 0,0000131 seconds
2018-05-29T07:41:40.826+0200: 17,309: Total time for which application threads were stopped: 0,0001182 seconds, Stopping threads took: 0,0000214 seconds
2018-05-29T07:41:41.552+0200: 18,034: Total time for which application threads were stopped: 0,0001192 seconds, Stopping threads took: 0,0000236 seconds
2018-05-29T07:41:41.552+0200: 18,034: Total time for which application threads were stopped: 0,0000612 seconds, Stopping threads took: 0,0000100 seconds
2018-05-29T07:41:42.552+0200: 19,035: Total time for which application threads were stopped: 0,0000900 seconds, Stopping threads took: 0,0000211 seconds
2018-05-29T07:41:43.552+0200: 20,035: Total time for which application threads were stopped: 0,0001197 seconds, Stopping threads took: 0,0000366 seconds
2018-05-29T07:41:48.201+0200: 24,683: Total time for which application threads were stopped: 0,0001039 seconds, Stopping threads took: 0,0000227 seconds
2018-05-29T07:41:48.212+0200: 24,695: Total time for which application threads were stopped: 0,0001537 seconds, Stopping threads took: 0,0000346 seconds
2018-05-29T07:41:52.213+0200: 28,695: Total time for which application threads were stopped: 0,0001116 seconds, Stopping threads took: 0,0000281 seconds
2018-05-29T07:41:53.213+0200: 29,695: Total time for which application threads were stopped: 0,0000865 seconds, Stopping threads took: 0,0000292 seconds
2018-05-29T07:41:54.213+0200: 30,696: Total time for which application threads were stopped: 0,0000817 seconds, Stopping threads took: 0,0000216 seconds
2018-05-29T07:41:55.214+0200: 31,696: Total time for which application threads were stopped: 0,0004413 seconds, Stopping threads took: 0,0001112 seconds
2018-05-29T07:41:56.214+0200: 32,696: Total time for which application threads were stopped: 0,0001229 seconds, Stopping threads took: 0,0000427 seconds
2018-05-29T07:41:57.214+0200: 33,697: Total time for which application threads were stopped: 0,0000770 seconds, Stopping threads took: 0,0000175 seconds
2018-05-29T07:41:58.214+0200: 34,697: Total time for which application threads were stopped: 0,0000846 seconds, Stopping threads took: 0,0000209 seconds
2018-05-29T07:41:59.215+0200: 35,697: Total time for which application threads were stopped: 0,0000867 seconds, Stopping threads took: 0,0000232 seconds
2018-05-29T07:42:00.215+0200: 36,697: Total time for which application threads were stopped: 0,0000824 seconds, Stopping threads took: 0,0000202 seconds
2018-05-29T07:42:01.215+0200: 37,698: Total time for which application threads were stopped: 0,0004165 seconds, Stopping threads took: 0,0001311 seconds
2018-05-29T07:42:02.215+0200: 38,698: Total time for which application threads were stopped: 0,0001097 seconds, Stopping threads took: 0,0000250 seconds
2018-05-29T07:42:03.216+0200: 39,698: Total time for which application threads were stopped: 0,0000786 seconds, Stopping threads took: 0,0000214 seconds
2018-05-29T07:42:04.216+0200: 40,698: Total time for which application threads were stopped: 0,0000930 seconds, Stopping threads took: 0,0000190 seconds
2018-05-29T07:42:05.216+0200: 41,699: Total time for which application threads were stopped: 0,0002245 seconds, Stopping threads took: 0,0000482 seconds
2018-05-29T07:42:07.216+0200: 43,699: Total time for which application threads were stopped: 0,0000844 seconds, Stopping threads took: 0,0000206 seconds
2018-05-29T07:42:09.217+0200: 45,699: Total time for which application threads were stopped: 0,0000793 seconds, Stopping threads took: 0,0000171 seconds
2018-05-29T07:42:10.217+0200: 46,700: Total time for which application threads were stopped: 0,0005246 seconds, Stopping threads took: 0,0002255 seconds
2018-05-29T07:42:11.218+0200: 47,700: Total time for which application threads were stopped: 0,0000858 seconds, Stopping threads took: 0,0000184 seconds
2018-05-29T07:42:12.351+0200: 48,834: Total time for which application threads were stopped: 0,0000841 seconds, Stopping threads took: 0,0000215 seconds
2018-05-29T07:42:15.462+0200: 51,944: Total time for which application threads were stopped: 0,0000837 seconds, Stopping threads took: 0,0000252 seconds
2018-05-29T07:42:15.463+0200: 51,945: Total time for which application threads were stopped: 0,0001283 seconds, Stopping threads took: 0,0000459 seconds
2018-05-29T07:42:15.463+0200: 51,945: Total time for which application threads were stopped: 0,0000537 seconds, Stopping threads took: 0,0000164 seconds
2018-05-29T07:42:18.463+0200: 54,945: Total time for which application threads were stopped: 0,0000864 seconds, Stopping threads took: 0,0000180 seconds
2018-05-29T07:42:20.463+0200: 56,946: Total time for which application threads were stopped: 0,0000881 seconds, Stopping threads took: 0,0000226 seconds
2018-05-29T07:42:21.464+0200: 57,946: Total time for which application threads were stopped: 0,0003124 seconds, Stopping threads took: 0,0001575 seconds
2018-05-29T07:42:23.465+0200: 59,947: Total time for which application threads were stopped: 0,0006826 seconds, Stopping threads took: 0,0001417 seconds
2018-05-29T07:42:24.465+0200: 60,948: Total time for which application threads were stopped: 0,0000845 seconds, Stopping threads took: 0,0000187 seconds
2018-05-29T07:42:25.465+0200: 61,948: Total time for which application threads were stopped: 0,0000836 seconds, Stopping threads took: 0,0000214 seconds
2018-05-29T07:42:27.466+0200: 63,948: Total time for which application threads were stopped: 0,0000950 seconds, Stopping threads took: 0,0000341 seconds
2018-05-29T07:42:29.466+0200: 65,948: Total time for which application threads were stopped: 0,0000756 seconds, Stopping threads took: 0,0000184 seconds
2018-05-29T07:42:32.467+0200: 68,949: Total time for which application threads were stopped: 0,0004113 seconds, Stopping threads took: 0,0001066 seconds
2018-05-29T07:42:33.467+0200: 69,949: Total time for which application threads were stopped: 0,0000806 seconds, Stopping threads took: 0,0000188 seconds
2018-05-29T07:42:43.468+0200: 79,950: Total time for which application threads were stopped: 0,0001012 seconds, Stopping threads took: 0,0000275 seconds
2018-05-29T07:42:51.469+0200: 87,951: Total time for which application threads were stopped: 0,0001126 seconds, Stopping threads took: 0,0000378 seconds
2018-05-29T07:42:54.471+0200: 90,953: Total time for which application threads were stopped: 0,0001377 seconds, Stopping threads took: 0,0000332 seconds
2018-05-29T07:42:55.472+0200: 91,954: Total time for which application threads were stopped: 0,0006146 seconds, Stopping threads took: 0,0001350 seconds
2018-05-29T07:42:56.472+0200: 92,954: Total time for which application threads were stopped: 0,0000771 seconds, Stopping threads took: 0,0000178 seconds
2018-05-29T07:42:58.472+0200: 94,955: Total time for which application threads were stopped: 0,0001278 seconds, Stopping threads took: 0,0000275 seconds
2018-05-29T07:42:59.472+0200: 95,955: Total time for which application threads were stopped: 0,0000945 seconds, Stopping threads took: 0,0000250 seconds
2018-05-29T07:43:00.473+0200: 96,955: Total time for which application threads were stopped: 0,0001069 seconds, Stopping threads took: 0,0000197 seconds
2018-05-29T07:43:01.473+0200: 97,955: Total time for which application threads were stopped: 0,0001458 seconds, Stopping threads took: 0,0000348 seconds
2018-05-29T07:43:02.473+0200: 98,955: Total time for which application threads were stopped: 0,0004597 seconds, Stopping threads took: 0,0000624 seconds
2018-05-29T07:43:03.474+0200: 99,956: Total time for which application threads were stopped: 0,0000846 seconds, Stopping threads took: 0,0000242 seconds
2018-05-29T07:43:06.474+0200: 102,956: Total time for which application threads were stopped: 0,0002759 seconds, Stopping threads took: 0,0000714 seconds
2018-05-29T07:43:09.475+0200: 105,957: Total time for which application threads were stopped: 0,0005876 seconds, Stopping threads took: 0,0001333 seconds
2018-05-29T07:43:14.476+0200: 110,958: Total time for which application threads were stopped: 0,0002307 seconds, Stopping threads took: 0,0000441 seconds
2018-05-29T07:43:16.476+0200: 112,958: Total time for which application threads were stopped: 0,0001853 seconds, Stopping threads took: 0,0000514 seconds
2018-05-29T07:43:17.477+0200: 113,959: Total time for which application threads were stopped: 0,0007659 seconds, Stopping threads took: 0,0001367 seconds
2018-05-29T07:43:18.477+0200: 114,960: Total time for which application threads were stopped: 0,0001032 seconds, Stopping threads took: 0,0000221 seconds
2018-05-29T07:43:19.477+0200: 115,960: Total time for which application threads were stopped: 0,0000780 seconds, Stopping threads took: 0,0000205 seconds
2018-05-29T07:43:21.478+0200: 117,960: Total time for which application threads were stopped: 0,0001002 seconds, Stopping threads took: 0,0000233 seconds
2018-05-29T07:43:22.478+0200: 118,960: Total time for which application threads were stopped: 0,0001224 seconds, Stopping threads took: 0,0000268 seconds
2018-05-29T07:43:23.444+0200: 119,927: Total time for which application threads were stopped: 0,0001540 seconds, Stopping threads took: 0,0000272 seconds
2018-05-29T07:43:24.445+0200: 120,927: Total time for which application threads were stopped: 0,0000972 seconds, Stopping threads took: 0,0000240 seconds
2018-05-29T07:43:25.445+0200: 121,927: Total time for which application threads were stopped: 0,0002793 seconds, Stopping threads took: 0,0000544 seconds
2018-05-29T07:43:26.142+0200: 122,624: Total time for which application threads were stopped: 0,0001191 seconds, Stopping threads took: 0,0000270 seconds
2018-05-29T07:43:27.142+0200: 123,624: Total time for which application threads were stopped: 0,0001328 seconds, Stopping threads took: 0,0000268 seconds
2018-05-29T07:43:37.798+0200: 134,280: Total time for which application threads were stopped: 0,0001237 seconds, Stopping threads took: 0,0000279 seconds
2018-05-29T07:43:38.798+0200: 135,281: Total time for which application threads were stopped: 0,0000870 seconds, Stopping threads took: 0,0000194 seconds
2018-05-29T07:43:39.720+0200: 136,202: Total time for which application threads were stopped: 0,0001037 seconds, Stopping threads took: 0,0000178 seconds
2018-05-29T07:43:42.720+0200: 139,203: Total time for which application threads were stopped: 0,0004164 seconds, Stopping threads took: 0,0001108 seconds
2018-05-29T07:43:44.721+0200: 141,203: Total time for which application threads were stopped: 0,0000954 seconds, Stopping threads took: 0,0000209 seconds
2018-05-29T07:43:45.721+0200: 142,203: Total time for which application threads were stopped: 0,0000887 seconds, Stopping threads took: 0,0000228 seconds
2018-05-29T07:43:49.721+0200: 146,204: Total time for which application threads were stopped: 0,0001639 seconds, Stopping threads took: 0,0000792 seconds
2018-05-29T07:43:50.722+0200: 147,204: Total time for which application threads were stopped: 0,0000965 seconds, Stopping threads took: 0,0000210 seconds
2018-05-29T07:43:56.722+0200: 153,205: Total time for which application threads were stopped: 0,0001296 seconds, Stopping threads took: 0,0000475 seconds
2018-05-29T07:43:57.694+0200: 154,176: Total time for which application threads were stopped: 0,0001124 seconds, Stopping threads took: 0,0000227 seconds
2018-05-29T07:43:58.694+0200: 155,177: Total time for which application threads were stopped: 0,0003099 seconds, Stopping threads took: 0,0000772 seconds
2018-05-29T07:43:59.695+0200: 156,177: Total time for which application threads were stopped: 0,0001135 seconds, Stopping threads took: 0,0000252 seconds
2018-05-29T07:44:00.695+0200: 157,177: Total time for which application threads were stopped: 0,0001066 seconds, Stopping threads took: 0,0000255 seconds
2018-05-29T07:44:01.695+0200: 158,178: Total time for which application threads were stopped: 0,0000846 seconds, Stopping threads took: 0,0000171 seconds
2018-05-29T07:44:03.696+0200: 160,178: Total time for which application threads were stopped: 0,0001018 seconds, Stopping threads took: 0,0000211 seconds
2018-05-29T07:44:04.696+0200: 161,178: Total time for which application threads were stopped: 0,0000988 seconds, Stopping threads took: 0,0000204 seconds
2018-05-29T07:44:05.696+0200: 162,178: Total time for which application threads were stopped: 0,0001108 seconds, Stopping threads took: 0,0000238 seconds
2018-05-29T07:44:06.696+0200: 163,179: Total time for which application threads were stopped: 0,0002462 seconds, Stopping threads took: 0,0000570 seconds
2018-05-29T07:44:07.697+0200: 164,179: Total time for which application threads were stopped: 0,0001288 seconds, Stopping threads took: 0,0000336 seconds
2018-05-29T07:44:09.697+0200: 166,179: Total time for which application threads were stopped: 0,0000908 seconds, Stopping threads took: 0,0000190 seconds
2018-05-29T07:44:11.697+0200: 168,179: Total time for which application threads were stopped: 0,0001066 seconds, Stopping threads took: 0,0000238 seconds
2018-05-29T07:44:13.697+0200: 170,180: Total time for which application threads were stopped: 0,0000895 seconds, Stopping threads took: 0,0000167 seconds
2018-05-29T07:44:13.956+0200: 170,438: Total time for which application threads were stopped: 0,0001759 seconds, Stopping threads took: 0,0000288 seconds
2018-05-29T07:44:15.956+0200: 172,439: Total time for which application threads were stopped: 0,0004346 seconds, Stopping threads took: 0,0001261 seconds
2018-05-29T07:44:21.957+0200: 178,440: Total time for which application threads were stopped: 0,0001488 seconds, Stopping threads took: 0,0000368 seconds
2018-05-29T07:44:27.958+0200: 184,441: Total time for which application threads were stopped: 0,0001466 seconds, Stopping threads took: 0,0000355 seconds
2018-05-29T07:44:36.960+0200: 193,442: Total time for which application threads were stopped: 0,0001018 seconds, Stopping threads took: 0,0000246 seconds
2018-05-29T07:44:37.759+0200: 194,241: Total time for which application threads were stopped: 0,0005465 seconds, Stopping threads took: 0,0001007 seconds
2018-05-29T07:44:37.760+0200: 194,242: Total time for which application threads were stopped: 0,0003350 seconds, Stopping threads took: 0,0000511 seconds
2018-05-29T07:44:37.760+0200: 194,243: Total time for which application threads were stopped: 0,0002700 seconds, Stopping threads took: 0,0000473 seconds
2018-05-29T07:44:37.760+0200: 194,243: Total time for which application threads were stopped: 0,0001661 seconds, Stopping threads took: 0,0000237 seconds
2018-05-29T07:44:37.761+0200: 194,243: Total time for which application threads were stopped: 0,0000839 seconds, Stopping threads took: 0,0000441 seconds
2018-05-29T07:44:37.761+0200: 194,243: Total time for which application threads were stopped: 0,0000450 seconds, Stopping threads took: 0,0000074 seconds
2018-05-29T07:44:37.761+0200: 194,243: Total time for which application threads were stopped: 0,0000350 seconds, Stopping threads took: 0,0000062 seconds
2018-05-29T07:44:37.761+0200: 194,243: Total time for which application threads were stopped: 0,0000356 seconds, Stopping threads took: 0,0000061 seconds
2018-05-29T07:44:37.761+0200: 194,244: Total time for which application threads were stopped: 0,0001090 seconds, Stopping threads took: 0,0000061 seconds
2018-05-29T07:44:37.761+0200: 194,244: Total time for which application threads were stopped: 0,0000404 seconds, Stopping threads took: 0,0000063 seconds
2018-05-29T07:44:37.761+0200: 194,244: Total time for which application threads were stopped: 0,0000390 seconds, Stopping threads took: 0,0000078 seconds
2018-05-29T07:44:37.762+0200: 194,244: Total time for which application threads were stopped: 0,0000878 seconds, Stopping threads took: 0,0000074 seconds
{Heap before GC invocations=10 (full 1):
 par new generation   total 109248K, used 108471K [0x00000000e0000000, 0x00000000e8000000, 0x00000000e8000000)
  eden space 87424K, 100% used [0x00000000e0000000, 0x00000000e5560000, 0x00000000e5560000)
  from space 21824K,  96% used [0x00000000e5560000, 0x00000000e69edd00, 0x00000000e6ab0000)
  to   space 21824K,   0% used [0x00000000e6ab0000, 0x00000000e6ab0000, 0x00000000e8000000)
 concurrent mark-sweep generation total 393216K, used 8594K [0x00000000e8000000, 0x0000000100000000, 0x0000000100000000)
 Metaspace       used 30535K, capacity 31248K, committed 31484K, reserved 1077248K
  class space    used 3447K, capacity 3773K, committed 3836K, reserved 1048576K
2018-05-29T07:44:38.104+0200: 194,587: [GC (Allocation Failure) 2018-05-29T07:44:38.104+0200: 194,587: [ParNew
Desired survivor size 20112992 bytes, new threshold 4 (max 8)
- age   1:    7077160 bytes,    7077160 total
- age   2:     891768 bytes,    7968928 total
- age   3:     226928 bytes,    8195856 total
- age   4:   11936024 bytes,   20131880 total
- age   5:    1956224 bytes,   22088104 total
- age   7:     108832 bytes,   22196936 total
- age   8:     150656 bytes,   22347592 total
: 108471K->21824K(109248K), 0,0349862 secs] 117065K->34837K(502464K), 0,0350666 secs] [Times: user=0,09 sys=0,01, real=0,04 secs] 
Heap after GC invocations=11 (full 1):
 par new generation   total 109248K, used 21824K [0x00000000e0000000, 0x00000000e8000000, 0x00000000e8000000)
  eden space 87424K,   0% used [0x00000000e0000000, 0x00000000e0000000, 0x00000000e5560000)
  from space 21824K, 100% used [0x00000000e6ab0000, 0x00000000e8000000, 0x00000000e8000000)
  to   space 21824K,   0% used [0x00000000e5560000, 0x00000000e5560000, 0x00000000e6ab0000)
 concurrent mark-sweep generation total 393216K, used 13013K [0x00000000e8000000, 0x0000000100000000, 0x0000000100000000)
 Metaspace       used 30535K, capacity 31248K, committed 31484K, reserved 1077248K
  class space    used 3447K, capacity 3773K, committed 3836K, reserved 1048576K
}
2018-05-29T07:44:38.139+0200: 194,622: Total time for which application threads were stopped: 0,0352699 seconds, Stopping threads took: 0,0000177 seconds
2018-05-29T07:44:38.142+0200: 194,624: Total time for which application threads were stopped: 0,0001258 seconds, Stopping threads took: 0,0000343 seconds
2018-05-29T07:44:38.142+0200: 194,624: Total time for which application threads were stopped: 0,0000579 seconds, Stopping threads took: 0,0000128 seconds
2018-05-29T07:44:39.142+0200: 195,625: Total time for which application threads were stopped: 0,0001632 seconds, Stopping threads took: 0,0000533 seconds
2018-05-29T07:44:39.650+0200: 196,132: Total time for which application threads were stopped: 0,0001787 seconds, Stopping threads took: 0,0000475 seconds
2018-05-29T07:44:39.863+0200: 196,346: Total time for which application threads were stopped: 0,0001685 seconds, Stopping threads took: 0,0000275 seconds
2018-05-29T07:44:39.864+0200: 196,346: Total time for which application threads were stopped: 0,0001056 seconds, Stopping threads took: 0,0000141 seconds
2018-05-29T07:44:39.864+0200: 196,346: Total time for which application threads were stopped: 0,0000667 seconds, Stopping threads took: 0,0000202 seconds
2018-05-29T07:44:39.864+0200: 196,346: Total time for which application threads were stopped: 0,0000644 seconds, Stopping threads took: 0,0000077 seconds
2018-05-29T07:44:39.864+0200: 196,346: Total time for which application threads were stopped: 0,0000599 seconds, Stopping threads took: 0,0000074 seconds
2018-05-29T07:44:39.865+0200: 196,347: Total time for which application threads were stopped: 0,0000845 seconds, Stopping threads took: 0,0000228 seconds
2018-05-29T07:44:39.865+0200: 196,347: Total time for which application threads were stopped: 0,0000670 seconds, Stopping threads took: 0,0000191 seconds
2018-05-29T07:44:39.865+0200: 196,347: Total time for which application threads were stopped: 0,0000658 seconds, Stopping threads took: 0,0000159 seconds
2018-05-29T07:44:39.865+0200: 196,347: Total time for which application threads were stopped: 0,0000659 seconds, Stopping threads took: 0,0000094 seconds
2018-05-29T07:44:39.865+0200: 196,347: Total time for which application threads were stopped: 0,0000523 seconds, Stopping threads took: 0,0000094 seconds
2018-05-29T07:44:39.865+0200: 196,348: Total time for which application threads were stopped: 0,0000760 seconds, Stopping threads took: 0,0000191 seconds
2018-05-29T07:44:39.865+0200: 196,348: Total time for which application threads were stopped: 0,0000571 seconds, Stopping threads took: 0,0000092 seconds
2018-05-29T07:44:39.866+0200: 196,348: Total time for which application threads were stopped: 0,0000528 seconds, Stopping threads took: 0,0000099 seconds
2018-05-29T07:44:39.866+0200: 196,348: Total time for which application threads were stopped: 0,0000549 seconds, Stopping threads took: 0,0000093 seconds
2018-05-29T07:44:39.866+0200: 196,348: Total time for which application threads were stopped: 0,0000561 seconds, Stopping threads took: 0,0000117 seconds
2018-05-29T07:44:39.866+0200: 196,348: Total time for which application threads were stopped: 0,0000542 seconds, Stopping threads took: 0,0000096 seconds
2018-05-29T07:44:39.866+0200: 196,348: Total time for which application threads were stopped: 0,0000542 seconds, Stopping threads took: 0,0000096 seconds
2018-05-29T07:44:39.866+0200: 196,348: Total time for which application threads were stopped: 0,0000530 seconds, Stopping threads took: 0,0000100 seconds
2018-05-29T07:44:39.866+0200: 196,349: Total time for which application threads were stopped: 0,0000711 seconds, Stopping threads took: 0,0000127 seconds
2018-05-29T07:44:39.867+0200: 196,349: Total time for which application threads were stopped: 0,0000539 seconds, Stopping threads took: 0,0000101 seconds
2018-05-29T07:44:39.867+0200: 196,349: Total time for which application threads were stopped: 0,0000691 seconds, Stopping threads took: 0,0000109 seconds
2018-05-29T07:44:39.867+0200: 196,349: Total time for which application threads were stopped: 0,0000693 seconds, Stopping threads took: 0,0000125 seconds
2018-05-29T07:44:39.867+0200: 196,349: Total time for which application threads were stopped: 0,0000666 seconds, Stopping threads took: 0,0000179 seconds
2018-05-29T07:44:39.867+0200: 196,349: Total time for which application threads were stopped: 0,0000510 seconds, Stopping threads took: 0,0000097 seconds
2018-05-29T07:44:39.867+0200: 196,349: Total time for which application threads were stopped: 0,0000524 seconds, Stopping threads took: 0,0000093 seconds
2018-05-29T07:44:39.867+0200: 196,350: Total time for which application threads were stopped: 0,0000569 seconds, Stopping threads took: 0,0000099 seconds
2018-05-29T07:44:39.868+0200: 196,350: Total time for which application threads were stopped: 0,0000820 seconds, Stopping threads took: 0,0000201 seconds
2018-05-29T07:44:39.868+0200: 196,350: Total time for which application threads were stopped: 0,0003613 seconds, Stopping threads took: 0,0000130 seconds
2018-05-29T07:44:39.868+0200: 196,351: Total time for which application threads were stopped: 0,0001001 seconds, Stopping threads took: 0,0000154 seconds
2018-05-29T07:44:39.869+0200: 196,352: Total time for which application threads were stopped: 0,0002969 seconds, Stopping threads took: 0,0001722 seconds
2018-05-29T07:44:39.871+0200: 196,353: Total time for which application threads were stopped: 0,0005291 seconds, Stopping threads took: 0,0001079 seconds
2018-05-29T07:44:39.872+0200: 196,354: Total time for which application threads were stopped: 0,0003876 seconds, Stopping threads took: 0,0000810 seconds
2018-05-29T07:44:39.872+0200: 196,355: Total time for which application threads were stopped: 0,0002479 seconds, Stopping threads took: 0,0000422 seconds
2018-05-29T07:44:39.873+0200: 196,355: Total time for which application threads were stopped: 0,0003141 seconds, Stopping threads took: 0,0001175 seconds
2018-05-29T07:44:39.873+0200: 196,356: Total time for which application threads were stopped: 0,0002638 seconds, Stopping threads took: 0,0000656 seconds
2018-05-29T07:44:39.874+0200: 196,356: Total time for which application threads were stopped: 0,0000601 seconds, Stopping threads took: 0,0000152 seconds
2018-05-29T07:44:39.874+0200: 196,356: Total time for which application threads were stopped: 0,0000428 seconds, Stopping threads took: 0,0000116 seconds
2018-05-29T07:44:39.874+0200: 196,356: Total time for which application threads were stopped: 0,0000703 seconds, Stopping threads took: 0,0000175 seconds
2018-05-29T07:44:39.874+0200: 196,357: Total time for which application threads were stopped: 0,0000640 seconds, Stopping threads took: 0,0000205 seconds
2018-05-29T07:44:39.875+0200: 196,358: Total time for which application threads were stopped: 0,0002066 seconds, Stopping threads took: 0,0000335 seconds
2018-05-29T07:44:40.876+0200: 197,358: Total time for which application threads were stopped: 0,0001365 seconds, Stopping threads took: 0,0000190 seconds
2018-05-29T07:44:41.876+0200: 198,358: Total time for which application threads were stopped: 0,0002522 seconds, Stopping threads took: 0,0000516 seconds
2018-05-29T07:44:42.876+0200: 199,358: Total time for which application threads were stopped: 0,0001080 seconds, Stopping threads took: 0,0000246 seconds
2018-05-29T07:44:43.876+0200: 200,359: Total time for which application threads were stopped: 0,0001414 seconds, Stopping threads took: 0,0000303 seconds
{Heap before GC invocations=11 (full 1):
 par new generation   total 109248K, used 109248K [0x00000000e0000000, 0x00000000e8000000, 0x00000000e8000000)
  eden space 87424K, 100% used [0x00000000e0000000, 0x00000000e5560000, 0x00000000e5560000)
  from space 21824K, 100% used [0x00000000e6ab0000, 0x00000000e8000000, 0x00000000e8000000)
  to   space 21824K,   0% used [0x00000000e5560000, 0x00000000e5560000, 0x00000000e6ab0000)
 concurrent mark-sweep generation total 393216K, used 13013K [0x00000000e8000000, 0x0000000100000000, 0x0000000100000000)
 Metaspace       used 30958K, capacity 31730K, committed 31996K, reserved 1077248K
  class space    used 3454K, capacity 3807K, committed 3836K, reserved 1048576K
2018-05-29T07:44:44.799+0200: 201,282: [GC (Allocation Failure) 2018-05-29T07:44:44.799+0200: 201,282: [ParNew
Desired survivor size 20112992 bytes, new threshold 8 (max 8)
- age   1:     970488 bytes,     970488 total
- age   2:    7022728 bytes,    7993216 total
- age   3:     891768 bytes,    8884984 total
- age   4:     226928 bytes,    9111912 total
: 109248K->18993K(109248K), 0,0634026 secs] 122261K->44588K(502464K), 0,0635409 secs] [Times: user=0,08 sys=0,02, real=0,06 secs] 
Heap after GC invocations=12 (full 1):
 par new generation   total 109248K, used 18993K [0x00000000e0000000, 0x00000000e8000000, 0x00000000e8000000)
  eden space 87424K,   0% used [0x00000000e0000000, 0x00000000e0000000, 0x00000000e5560000)
  from space 21824K,  87% used [0x00000000e5560000, 0x00000000e67ec5c0, 0x00000000e6ab0000)
  to   space 21824K,   0% used [0x00000000e6ab0000, 0x00000000e6ab0000, 0x00000000e8000000)
 concurrent mark-sweep generation total 393216K, used 25594K [0x00000000e8000000, 0x0000000100000000, 0x0000000100000000)
 Metaspace       used 30958K, capacity 31730K, committed 31996K, reserved 1077248K
  class space    used 3454K, capacity 3807K, committed 3836K, reserved 1048576K
}
2018-05-29T07:44:44.863+0200: 201,345: Total time for which application threads were stopped: 0,0637847 seconds, Stopping threads took: 0,0000226 seconds
2018-05-29T07:44:45.863+0200: 202,346: Total time for which application threads were stopped: 0,0002143 seconds, Stopping threads took: 0,0000521 seconds
2018-05-29T07:44:46.863+0200: 203,346: Total time for which application threads were stopped: 0,0001421 seconds, Stopping threads took: 0,0000418 seconds
2018-05-29T07:44:47.864+0200: 204,346: Total time for which application threads were stopped: 0,0001433 seconds, Stopping threads took: 0,0000269 seconds
2018-05-29T07:44:49.113+0200: 205,596: Total time for which application threads were stopped: 0,0019036 seconds, Stopping threads took: 0,0000309 seconds
2018-05-29T07:44:49.121+0200: 205,604: Total time for which application threads were stopped: 0,0002186 seconds, Stopping threads took: 0,0000794 seconds
2018-05-29T07:44:49.181+0200: 205,664: Total time for which application threads were stopped: 0,0002144 seconds, Stopping threads took: 0,0000523 seconds
2018-05-29T07:44:49.182+0200: 205,664: Total time for which application threads were stopped: 0,0001347 seconds, Stopping threads took: 0,0000485 seconds
2018-05-29T07:44:49.185+0200: 205,667: Total time for which application threads were stopped: 0,0001522 seconds, Stopping threads took: 0,0000488 seconds
2018-05-29T07:44:49.185+0200: 205,667: Total time for which application threads were stopped: 0,0000934 seconds, Stopping threads took: 0,0000249 seconds
2018-05-29T07:44:49.185+0200: 205,668: Total time for which application threads were stopped: 0,0000771 seconds, Stopping threads took: 0,0000292 seconds
2018-05-29T07:44:49.185+0200: 205,668: Total time for which application threads were stopped: 0,0000618 seconds, Stopping threads took: 0,0000202 seconds
2018-05-29T07:44:49.186+0200: 205,668: Total time for which application threads were stopped: 0,0000768 seconds, Stopping threads took: 0,0000227 seconds
2018-05-29T07:44:49.186+0200: 205,668: Total time for which application threads were stopped: 0,0000946 seconds, Stopping threads took: 0,0000343 seconds
2018-05-29T07:44:49.187+0200: 205,669: Total time for which application threads were stopped: 0,0005877 seconds, Stopping threads took: 0,0004903 seconds
2018-05-29T07:44:49.187+0200: 205,669: Total time for which application threads were stopped: 0,0000822 seconds, Stopping threads took: 0,0000234 seconds
2018-05-29T07:44:49.187+0200: 205,669: Total time for which application threads were stopped: 0,0000782 seconds, Stopping threads took: 0,0000345 seconds
2018-05-29T07:44:49.187+0200: 205,669: Total time for which application threads were stopped: 0,0000831 seconds, Stopping threads took: 0,0000442 seconds
2018-05-29T07:44:49.187+0200: 205,669: Total time for which application threads were stopped: 0,0000657 seconds, Stopping threads took: 0,0000242 seconds
2018-05-29T07:44:49.187+0200: 205,670: Total time for which application threads were stopped: 0,0000696 seconds, Stopping threads took: 0,0000256 seconds
2018-05-29T07:44:49.187+0200: 205,670: Total time for which application threads were stopped: 0,0000827 seconds, Stopping threads took: 0,0000365 seconds
2018-05-29T07:44:49.195+0200: 205,677: Total time for which application threads were stopped: 0,0001381 seconds, Stopping threads took: 0,0000432 seconds
2018-05-29T07:44:49.195+0200: 205,677: Total time for which application threads were stopped: 0,0000929 seconds, Stopping threads took: 0,0000217 seconds
2018-05-29T07:44:49.195+0200: 205,677: Total time for which application threads were stopped: 0,0000941 seconds, Stopping threads took: 0,0000433 seconds
2018-05-29T07:44:49.196+0200: 205,678: Total time for which application threads were stopped: 0,0002174 seconds, Stopping threads took: 0,0000673 seconds
2018-05-29T07:44:49.196+0200: 205,679: Total time for which application threads were stopped: 0,0001618 seconds, Stopping threads took: 0,0000429 seconds
2018-05-29T07:44:49.197+0200: 205,679: Total time for which application threads were stopped: 0,0001061 seconds, Stopping threads took: 0,0000413 seconds
2018-05-29T07:44:49.197+0200: 205,679: Total time for which application threads were stopped: 0,0001282 seconds, Stopping threads took: 0,0000592 seconds
2018-05-29T07:44:49.197+0200: 205,679: Total time for which application threads were stopped: 0,0001249 seconds, Stopping threads took: 0,0000507 seconds
2018-05-29T07:44:49.197+0200: 205,679: Total time for which application threads were stopped: 0,0000803 seconds, Stopping threads took: 0,0000219 seconds
2018-05-29T07:44:49.198+0200: 205,680: Total time for which application threads were stopped: 0,0001164 seconds, Stopping threads took: 0,0000391 seconds
2018-05-29T07:44:49.198+0200: 205,680: Total time for which application threads were stopped: 0,0000819 seconds, Stopping threads took: 0,0000256 seconds
2018-05-29T07:44:49.198+0200: 205,680: Total time for which application threads were stopped: 0,0000902 seconds, Stopping threads took: 0,0000377 seconds
2018-05-29T07:44:49.198+0200: 205,680: Total time for which application threads were stopped: 0,0000578 seconds, Stopping threads took: 0,0000079 seconds
2018-05-29T07:44:49.198+0200: 205,681: Total time for which application threads were stopped: 0,0000766 seconds, Stopping threads took: 0,0000292 seconds
2018-05-29T07:44:49.199+0200: 205,682: Total time for which application threads were stopped: 0,0001900 seconds, Stopping threads took: 0,0000693 seconds
2018-05-29T07:44:49.200+0200: 205,682: Total time for which application threads were stopped: 0,0001052 seconds, Stopping threads took: 0,0000368 seconds
2018-05-29T07:44:49.200+0200: 205,682: Total time for which application threads were stopped: 0,0000628 seconds, Stopping threads took: 0,0000127 seconds
2018-05-29T07:44:49.200+0200: 205,682: Total time for which application threads were stopped: 0,0001066 seconds, Stopping threads took: 0,0000358 seconds
2018-05-29T07:44:49.200+0200: 205,682: Total time for which application threads were stopped: 0,0000885 seconds, Stopping threads took: 0,0000373 seconds
2018-05-29T07:44:49.202+0200: 205,684: Total time for which application threads were stopped: 0,0002536 seconds, Stopping threads took: 0,0000478 seconds
2018-05-29T07:44:49.205+0200: 205,688: Total time for which application threads were stopped: 0,0001153 seconds, Stopping threads took: 0,0000183 seconds
2018-05-29T07:44:49.205+0200: 205,688: Total time for which application threads were stopped: 0,0000477 seconds, Stopping threads took: 0,0000113 seconds
2018-05-29T07:44:49.206+0200: 205,688: Total time for which application threads were stopped: 0,0000937 seconds, Stopping threads took: 0,0000334 seconds
2018-05-29T07:44:49.208+0200: 205,691: Total time for which application threads were stopped: 0,0007159 seconds, Stopping threads took: 0,0003506 seconds
2018-05-29T07:44:49.210+0200: 205,692: Total time for which application threads were stopped: 0,0003840 seconds, Stopping threads took: 0,0001004 seconds
2018-05-29T07:44:49.210+0200: 205,692: Total time for which application threads were stopped: 0,0002661 seconds, Stopping threads took: 0,0000675 seconds
2018-05-29T07:44:49.214+0200: 205,696: Total time for which application threads were stopped: 0,0002002 seconds, Stopping threads took: 0,0000427 seconds
2018-05-29T07:44:49.214+0200: 205,696: Total time for which application threads were stopped: 0,0000696 seconds, Stopping threads took: 0,0000112 seconds
2018-05-29T07:44:49.214+0200: 205,696: Total time for which application threads were stopped: 0,0000526 seconds, Stopping threads took: 0,0000113 seconds
2018-05-29T07:44:49.215+0200: 205,698: Total time for which application threads were stopped: 0,0001039 seconds, Stopping threads took: 0,0000166 seconds
2018-05-29T07:44:49.215+0200: 205,698: Total time for which application threads were stopped: 0,0000456 seconds, Stopping threads took: 0,0000075 seconds
2018-05-29T07:44:49.215+0200: 205,698: Total time for which application threads were stopped: 0,0000837 seconds, Stopping threads took: 0,0000471 seconds
2018-05-29T07:44:49.215+0200: 205,698: Total time for which application threads were stopped: 0,0000509 seconds, Stopping threads took: 0,0000202 seconds
2018-05-29T07:44:49.216+0200: 205,698: Total time for which application threads were stopped: 0,0000481 seconds, Stopping threads took: 0,0000180 seconds
2018-05-29T07:44:49.216+0200: 205,698: Total time for which application threads were stopped: 0,0000673 seconds, Stopping threads took: 0,0000193 seconds
2018-05-29T07:44:49.216+0200: 205,698: Total time for which application threads were stopped: 0,0000497 seconds, Stopping threads took: 0,0000188 seconds
2018-05-29T07:44:49.216+0200: 205,698: Total time for which application threads were stopped: 0,0000497 seconds, Stopping threads took: 0,0000157 seconds
2018-05-29T07:44:49.216+0200: 205,698: Total time for which application threads were stopped: 0,0000526 seconds, Stopping threads took: 0,0000211 seconds
2018-05-29T07:44:49.216+0200: 205,699: Total time for which application threads were stopped: 0,0000654 seconds, Stopping threads took: 0,0000292 seconds
2018-05-29T07:44:49.216+0200: 205,699: Total time for which application threads were stopped: 0,0000525 seconds, Stopping threads took: 0,0000182 seconds
2018-05-29T07:44:49.216+0200: 205,699: Total time for which application threads were stopped: 0,0000482 seconds, Stopping threads took: 0,0000161 seconds
2018-05-29T07:44:49.216+0200: 205,699: Total time for which application threads were stopped: 0,0000507 seconds, Stopping threads took: 0,0000157 seconds
2018-05-29T07:44:49.217+0200: 205,699: Total time for which application threads were stopped: 0,0000653 seconds, Stopping threads took: 0,0000229 seconds
2018-05-29T07:44:49.217+0200: 205,699: Total time for which application threads were stopped: 0,0001474 seconds, Stopping threads took: 0,0000197 seconds
2018-05-29T07:44:49.221+0200: 205,703: Total time for which application threads were stopped: 0,0002377 seconds, Stopping threads took: 0,0001363 seconds
Heap
 par new generation   total 109248K, used 77716K [0x00000000e0000000, 0x00000000e8000000, 0x00000000e8000000)
  eden space 87424K,  67% used [0x00000000e0000000, 0x00000000e3958dd8, 0x00000000e5560000)
  from space 21824K,  87% used [0x00000000e5560000, 0x00000000e67ec5c0, 0x00000000e6ab0000)
  to   space 21824K,   0% used [0x00000000e6ab0000, 0x00000000e6ab0000, 0x00000000e8000000)
 concurrent mark-sweep generation total 393216K, used 25594K [0x00000000e8000000, 0x0000000100000000, 0x0000000100000000)
 Metaspace       used 31184K, capacity 31942K, committed 32252K, reserved 1077248K
  class space    used 3470K, capacity 3809K, committed 3836K, reserved 1048576K
