OpenJDK 64-Bit Server VM (25.171-b11) for linux-amd64 JRE (1.8.0_171-8u171-b11-0ubuntu0.16.04.1-b11), built on Apr 27 2018 17:19:03 by "buildd" with gcc 5.4.0 20160609
Memory: 4k page, physical 7867600k(1024960k free), swap 8076284k(8076284k free)
CommandLine flags: -XX:CMSInitiatingOccupancyFraction=50 -XX:CMSMaxAbortablePrecleanTime=6000 -XX:+CMSParallelRemarkEnabled -XX:+CMSScavengeBeforeRemark -XX:ConcGCThreads=4 -XX:InitialHeapSize=536870912 -XX:MaxHeapSize=536870912 -XX:MaxTenuringThreshold=8 -XX:NewRatio=3 -XX:OldPLABSize=16 -XX:OnOutOfMemoryError=/home/gurnoor/workspace/QTM/solr/bin/oom_solr.sh 8983 /home/gurnoor/workspace/QTM/solr/server/logs -XX:ParallelGCThreads=4 -XX:+ParallelRefProcEnabled -XX:PretenureSizeThreshold=67108864 -XX:+PrintGC -XX:+PrintGCApplicationStoppedTime -XX:+PrintGCDateStamps -XX:+PrintGCDetails -XX:+PrintGCTimeStamps -XX:+PrintHeapAtGC -XX:+PrintTenuringDistribution -XX:SurvivorRatio=4 -XX:TargetSurvivorRatio=90 -XX:ThreadStackSize=256 -XX:+UseCMSInitiatingOccupancyOnly -XX:+UseCompressedClassPointers -XX:+UseCompressedOops -XX:+UseConcMarkSweepGC -XX:+UseParNewGC 
2018-06-19T11:45:30.386+0200: 0,113: Total time for which application threads were stopped: 0,0000643 seconds, Stopping threads took: 0,0000091 seconds
2018-06-19T11:45:30.453+0200: 0,181: Total time for which application threads were stopped: 0,0001107 seconds, Stopping threads took: 0,0000184 seconds
2018-06-19T11:45:30.463+0200: 0,190: Total time for which application threads were stopped: 0,0000877 seconds, Stopping threads took: 0,0000226 seconds
2018-06-19T11:45:30.581+0200: 0,309: Total time for which application threads were stopped: 0,0001408 seconds, Stopping threads took: 0,0000229 seconds
2018-06-19T11:45:30.737+0200: 0,465: Total time for which application threads were stopped: 0,0001280 seconds, Stopping threads took: 0,0000148 seconds
2018-06-19T11:45:30.786+0200: 0,514: Total time for which application threads were stopped: 0,0001657 seconds, Stopping threads took: 0,0000205 seconds
2018-06-19T11:45:30.806+0200: 0,534: Total time for which application threads were stopped: 0,0001937 seconds, Stopping threads took: 0,0000228 seconds
2018-06-19T11:45:31.001+0200: 0,729: Total time for which application threads were stopped: 0,0001974 seconds, Stopping threads took: 0,0000225 seconds
2018-06-19T11:45:31.142+0200: 0,870: Total time for which application threads were stopped: 0,0002367 seconds, Stopping threads took: 0,0000214 seconds
2018-06-19T11:45:31.162+0200: 0,890: Total time for which application threads were stopped: 0,0001907 seconds, Stopping threads took: 0,0000193 seconds
2018-06-19T11:45:31.182+0200: 0,910: Total time for which application threads were stopped: 0,0002568 seconds, Stopping threads took: 0,0000310 seconds
2018-06-19T11:45:31.183+0200: 0,911: Total time for which application threads were stopped: 0,0002122 seconds, Stopping threads took: 0,0000301 seconds
2018-06-19T11:45:31.196+0200: 0,924: Total time for which application threads were stopped: 0,0002542 seconds, Stopping threads took: 0,0000316 seconds
2018-06-19T11:45:31.265+0200: 0,993: Total time for which application threads were stopped: 0,0002346 seconds, Stopping threads took: 0,0000272 seconds
{Heap before GC invocations=0 (full 0):
 par new generation   total 109248K, used 87424K [0x00000000e0000000, 0x00000000e8000000, 0x00000000e8000000)
  eden space 87424K, 100% used [0x00000000e0000000, 0x00000000e5560000, 0x00000000e5560000)
  from space 21824K,   0% used [0x00000000e5560000, 0x00000000e5560000, 0x00000000e6ab0000)
  to   space 21824K,   0% used [0x00000000e6ab0000, 0x00000000e6ab0000, 0x00000000e8000000)
 concurrent mark-sweep generation total 393216K, used 0K [0x00000000e8000000, 0x0000000100000000, 0x0000000100000000)
 Metaspace       used 17338K, capacity 17640K, committed 17792K, reserved 1064960K
  class space    used 1974K, capacity 2134K, committed 2176K, reserved 1048576K
2018-06-19T11:45:31.430+0200: 1,158: [GC (Allocation Failure) 2018-06-19T11:45:31.430+0200: 1,158: [ParNew
Desired survivor size 20112992 bytes, new threshold 8 (max 8)
- age   1:   10578208 bytes,   10578208 total
: 87424K->10430K(109248K), 0,0097985 secs] 87424K->10430K(502464K), 0,0098777 secs] [Times: user=0,03 sys=0,00, real=0,01 secs] 
Heap after GC invocations=1 (full 0):
 par new generation   total 109248K, used 10430K [0x00000000e0000000, 0x00000000e8000000, 0x00000000e8000000)
  eden space 87424K,   0% used [0x00000000e0000000, 0x00000000e0000000, 0x00000000e5560000)
  from space 21824K,  47% used [0x00000000e6ab0000, 0x00000000e74dfa78, 0x00000000e8000000)
  to   space 21824K,   0% used [0x00000000e5560000, 0x00000000e5560000, 0x00000000e6ab0000)
 concurrent mark-sweep generation total 393216K, used 0K [0x00000000e8000000, 0x0000000100000000, 0x0000000100000000)
 Metaspace       used 17338K, capacity 17640K, committed 17792K, reserved 1064960K
  class space    used 1974K, capacity 2134K, committed 2176K, reserved 1048576K
}
2018-06-19T11:45:31.440+0200: 1,168: Total time for which application threads were stopped: 0,0100473 seconds, Stopping threads took: 0,0000226 seconds
2018-06-19T11:45:31.445+0200: 1,173: Total time for which application threads were stopped: 0,0002500 seconds, Stopping threads took: 0,0000338 seconds
2018-06-19T11:45:31.804+0200: 1,531: Total time for which application threads were stopped: 0,0003851 seconds, Stopping threads took: 0,0000679 seconds
{Heap before GC invocations=1 (full 0):
 par new generation   total 109248K, used 97854K [0x00000000e0000000, 0x00000000e8000000, 0x00000000e8000000)
  eden space 87424K, 100% used [0x00000000e0000000, 0x00000000e5560000, 0x00000000e5560000)
  from space 21824K,  47% used [0x00000000e6ab0000, 0x00000000e74dfa78, 0x00000000e8000000)
  to   space 21824K,   0% used [0x00000000e5560000, 0x00000000e5560000, 0x00000000e6ab0000)
 concurrent mark-sweep generation total 393216K, used 0K [0x00000000e8000000, 0x0000000100000000, 0x0000000100000000)
 Metaspace       used 20090K, capacity 20438K, committed 20736K, reserved 1067008K
  class space    used 2300K, capacity 2473K, committed 2560K, reserved 1048576K
2018-06-19T11:45:31.852+0200: 1,580: [GC (Allocation Failure) 2018-06-19T11:45:31.852+0200: 1,580: [ParNew
Desired survivor size 20112992 bytes, new threshold 8 (max 8)
- age   1:    4216288 bytes,    4216288 total
- age   2:    5359872 bytes,    9576160 total
: 97854K->11738K(109248K), 0,0180098 secs] 97854K->11738K(502464K), 0,0180840 secs] [Times: user=0,04 sys=0,00, real=0,01 secs] 
Heap after GC invocations=2 (full 0):
 par new generation   total 109248K, used 11738K [0x00000000e0000000, 0x00000000e8000000, 0x00000000e8000000)
  eden space 87424K,   0% used [0x00000000e0000000, 0x00000000e0000000, 0x00000000e5560000)
  from space 21824K,  53% used [0x00000000e5560000, 0x00000000e60d68f0, 0x00000000e6ab0000)
  to   space 21824K,   0% used [0x00000000e6ab0000, 0x00000000e6ab0000, 0x00000000e8000000)
 concurrent mark-sweep generation total 393216K, used 0K [0x00000000e8000000, 0x0000000100000000, 0x0000000100000000)
 Metaspace       used 20090K, capacity 20438K, committed 20736K, reserved 1067008K
  class space    used 2300K, capacity 2473K, committed 2560K, reserved 1048576K
}
2018-06-19T11:45:31.870+0200: 1,598: Total time for which application threads were stopped: 0,0190534 seconds, Stopping threads took: 0,0007845 seconds
2018-06-19T11:45:31.889+0200: 1,617: Total time for which application threads were stopped: 0,0019846 seconds, Stopping threads took: 0,0016075 seconds
2018-06-19T11:45:31.932+0200: 1,659: Total time for which application threads were stopped: 0,0003629 seconds, Stopping threads took: 0,0000316 seconds
2018-06-19T11:45:32.047+0200: 1,775: Total time for which application threads were stopped: 0,0002110 seconds, Stopping threads took: 0,0000579 seconds
{Heap before GC invocations=2 (full 0):
 par new generation   total 109248K, used 99162K [0x00000000e0000000, 0x00000000e8000000, 0x00000000e8000000)
  eden space 87424K, 100% used [0x00000000e0000000, 0x00000000e5560000, 0x00000000e5560000)
  from space 21824K,  53% used [0x00000000e5560000, 0x00000000e60d68f0, 0x00000000e6ab0000)
  to   space 21824K,   0% used [0x00000000e6ab0000, 0x00000000e6ab0000, 0x00000000e8000000)
 concurrent mark-sweep generation total 393216K, used 0K [0x00000000e8000000, 0x0000000100000000, 0x0000000100000000)
 Metaspace       used 21006K, capacity 21360K, committed 21628K, reserved 1069056K
  class space    used 2423K, capacity 2592K, committed 2684K, reserved 1048576K
2018-06-19T11:45:32.080+0200: 1,808: [GC (Allocation Failure) 2018-06-19T11:45:32.080+0200: 1,808: [ParNew
Desired survivor size 20112992 bytes, new threshold 8 (max 8)
- age   1:    2365880 bytes,    2365880 total
- age   2:    1568688 bytes,    3934568 total
- age   3:    5359232 bytes,    9293800 total
: 99162K->13036K(109248K), 0,0109346 secs] 99162K->13036K(502464K), 0,0110111 secs] [Times: user=0,04 sys=0,00, real=0,01 secs] 
Heap after GC invocations=3 (full 0):
 par new generation   total 109248K, used 13036K [0x00000000e0000000, 0x00000000e8000000, 0x00000000e8000000)
  eden space 87424K,   0% used [0x00000000e0000000, 0x00000000e0000000, 0x00000000e5560000)
  from space 21824K,  59% used [0x00000000e6ab0000, 0x00000000e776b050, 0x00000000e8000000)
  to   space 21824K,   0% used [0x00000000e5560000, 0x00000000e5560000, 0x00000000e6ab0000)
 concurrent mark-sweep generation total 393216K, used 0K [0x00000000e8000000, 0x0000000100000000, 0x0000000100000000)
 Metaspace       used 21006K, capacity 21360K, committed 21628K, reserved 1069056K
  class space    used 2423K, capacity 2592K, committed 2684K, reserved 1048576K
}
2018-06-19T11:45:32.091+0200: 1,819: Total time for which application threads were stopped: 0,0114620 seconds, Stopping threads took: 0,0002748 seconds
2018-06-19T11:45:32.105+0200: 1,833: [GC (CMS Initial Mark) [1 CMS-initial-mark: 0K(393216K)] 28222K(502464K), 0,0069067 secs] [Times: user=0,02 sys=0,00, real=0,01 secs] 
2018-06-19T11:45:32.112+0200: 1,840: Total time for which application threads were stopped: 0,0080301 seconds, Stopping threads took: 0,0009968 seconds
2018-06-19T11:45:32.112+0200: 1,840: [CMS-concurrent-mark-start]
2018-06-19T11:45:32.112+0200: 1,840: [CMS-concurrent-mark: 0,000/0,000 secs] [Times: user=0,00 sys=0,00, real=0,00 secs] 
2018-06-19T11:45:32.112+0200: 1,840: [CMS-concurrent-preclean-start]
2018-06-19T11:45:32.114+0200: 1,841: [CMS-concurrent-preclean: 0,001/0,001 secs] [Times: user=0,01 sys=0,00, real=0,00 secs] 
2018-06-19T11:45:32.114+0200: 1,841: [CMS-concurrent-abortable-preclean-start]
2018-06-19T11:45:32.188+0200: 1,916: Total time for which application threads were stopped: 0,0001579 seconds, Stopping threads took: 0,0000609 seconds
{Heap before GC invocations=3 (full 1):
 par new generation   total 109248K, used 100460K [0x00000000e0000000, 0x00000000e8000000, 0x00000000e8000000)
  eden space 87424K, 100% used [0x00000000e0000000, 0x00000000e5560000, 0x00000000e5560000)
  from space 21824K,  59% used [0x00000000e6ab0000, 0x00000000e776b050, 0x00000000e8000000)
  to   space 21824K,   0% used [0x00000000e5560000, 0x00000000e5560000, 0x00000000e6ab0000)
 concurrent mark-sweep generation total 393216K, used 0K [0x00000000e8000000, 0x0000000100000000, 0x0000000100000000)
 Metaspace       used 21286K, capacity 21647K, committed 21884K, reserved 1069056K
  class space    used 2455K, capacity 2611K, committed 2684K, reserved 1048576K
2018-06-19T11:45:32.216+0200: 1,944: [GC (Allocation Failure) 2018-06-19T11:45:32.216+0200: 1,944: [ParNew
Desired survivor size 20112992 bytes, new threshold 8 (max 8)
- age   1:     895264 bytes,     895264 total
- age   2:    1490952 bytes,    2386216 total
- age   3:    1563080 bytes,    3949296 total
- age   4:    5359328 bytes,    9308624 total
: 100460K->11152K(109248K), 0,0121211 secs] 100460K->11152K(502464K), 0,0121868 secs] [Times: user=0,05 sys=0,00, real=0,01 secs] 
Heap after GC invocations=4 (full 1):
 par new generation   total 109248K, used 11152K [0x00000000e0000000, 0x00000000e8000000, 0x00000000e8000000)
  eden space 87424K,   0% used [0x00000000e0000000, 0x00000000e0000000, 0x00000000e5560000)
  from space 21824K,  51% used [0x00000000e5560000, 0x00000000e6044140, 0x00000000e6ab0000)
  to   space 21824K,   0% used [0x00000000e6ab0000, 0x00000000e6ab0000, 0x00000000e8000000)
 concurrent mark-sweep generation total 393216K, used 0K [0x00000000e8000000, 0x0000000100000000, 0x0000000100000000)
 Metaspace       used 21286K, capacity 21647K, committed 21884K, reserved 1069056K
  class space    used 2455K, capacity 2611K, committed 2684K, reserved 1048576K
}
2018-06-19T11:45:32.228+0200: 1,956: Total time for which application threads were stopped: 0,0146388 seconds, Stopping threads took: 0,0023214 seconds
{Heap before GC invocations=4 (full 1):
 par new generation   total 109248K, used 98576K [0x00000000e0000000, 0x00000000e8000000, 0x00000000e8000000)
  eden space 87424K, 100% used [0x00000000e0000000, 0x00000000e5560000, 0x00000000e5560000)
  from space 21824K,  51% used [0x00000000e5560000, 0x00000000e6044140, 0x00000000e6ab0000)
  to   space 21824K,   0% used [0x00000000e6ab0000, 0x00000000e6ab0000, 0x00000000e8000000)
 concurrent mark-sweep generation total 393216K, used 0K [0x00000000e8000000, 0x0000000100000000, 0x0000000100000000)
 Metaspace       used 21453K, capacity 21877K, committed 21960K, reserved 1069056K
  class space    used 2474K, capacity 2644K, committed 2684K, reserved 1048576K
2018-06-19T11:45:32.332+0200: 2,060: [GC (Allocation Failure) 2018-06-19T11:45:32.332+0200: 2,060: [ParNew
Desired survivor size 20112992 bytes, new threshold 8 (max 8)
- age   1:     749552 bytes,     749552 total
- age   2:     188784 bytes,     938336 total
- age   3:    1490848 bytes,    2429184 total
- age   4:    1562968 bytes,    3992152 total
- age   5:    5359344 bytes,    9351496 total
: 98576K->12317K(109248K), 0,0087377 secs] 98576K->12317K(502464K), 0,0088081 secs] [Times: user=0,03 sys=0,00, real=0,00 secs] 
Heap after GC invocations=5 (full 1):
 par new generation   total 109248K, used 12317K [0x00000000e0000000, 0x00000000e8000000, 0x00000000e8000000)
  eden space 87424K,   0% used [0x00000000e0000000, 0x00000000e0000000, 0x00000000e5560000)
  from space 21824K,  56% used [0x00000000e6ab0000, 0x00000000e76b7710, 0x00000000e8000000)
  to   space 21824K,   0% used [0x00000000e5560000, 0x00000000e5560000, 0x00000000e6ab0000)
 concurrent mark-sweep generation total 393216K, used 0K [0x00000000e8000000, 0x0000000100000000, 0x0000000100000000)
 Metaspace       used 21453K, capacity 21877K, committed 21960K, reserved 1069056K
  class space    used 2474K, capacity 2644K, committed 2684K, reserved 1048576K
}
2018-06-19T11:45:32.341+0200: 2,069: Total time for which application threads were stopped: 0,0101968 seconds, Stopping threads took: 0,0012266 seconds
2018-06-19T11:45:32.341+0200: 2,069: [CMS-concurrent-abortable-preclean: 0,193/0,227 secs] [Times: user=0,87 sys=0,00, real=0,22 secs] 
2018-06-19T11:45:32.341+0200: 2,069: [GC (CMS Final Remark) [YG occupancy: 13583 K (109248 K)]{Heap before GC invocations=5 (full 1):
 par new generation   total 109248K, used 13583K [0x00000000e0000000, 0x00000000e8000000, 0x00000000e8000000)
  eden space 87424K,   1% used [0x00000000e0000000, 0x00000000e013c610, 0x00000000e5560000)
  from space 21824K,  56% used [0x00000000e6ab0000, 0x00000000e76b7710, 0x00000000e8000000)
  to   space 21824K,   0% used [0x00000000e5560000, 0x00000000e5560000, 0x00000000e6ab0000)
 concurrent mark-sweep generation total 393216K, used 0K [0x00000000e8000000, 0x0000000100000000, 0x0000000100000000)
 Metaspace       used 21453K, capacity 21877K, committed 21960K, reserved 1069056K
  class space    used 2474K, capacity 2644K, committed 2684K, reserved 1048576K
2018-06-19T11:45:32.341+0200: 2,069: [GC (CMS Final Remark) 2018-06-19T11:45:32.341+0200: 2,069: [ParNew
Desired survivor size 20112992 bytes, new threshold 8 (max 8)
- age   1:      32976 bytes,      32976 total
- age   2:     749552 bytes,     782528 total
- age   3:     188784 bytes,     971312 total
- age   4:    1490968 bytes,    2462280 total
- age   5:    1562968 bytes,    4025248 total
- age   6:    5359496 bytes,    9384744 total
: 13583K->12324K(109248K), 0,0092224 secs] 13583K->12324K(502464K), 0,0092626 secs] [Times: user=0,03 sys=0,00, real=0,01 secs] 
Heap after GC invocations=6 (full 1):
 par new generation   total 109248K, used 12324K [0x00000000e0000000, 0x00000000e8000000, 0x00000000e8000000)
  eden space 87424K,   0% used [0x00000000e0000000, 0x00000000e0000000, 0x00000000e5560000)
  from space 21824K,  56% used [0x00000000e5560000, 0x00000000e61691c8, 0x00000000e6ab0000)
  to   space 21824K,   0% used [0x00000000e6ab0000, 0x00000000e6ab0000, 0x00000000e8000000)
 concurrent mark-sweep generation total 393216K, used 0K [0x00000000e8000000, 0x0000000100000000, 0x0000000100000000)
 Metaspace       used 21453K, capacity 21877K, committed 21960K, reserved 1069056K
  class space    used 2474K, capacity 2644K, committed 2684K, reserved 1048576K
}
2018-06-19T11:45:32.350+0200: 2,078: [Rescan (parallel) , 0,0032016 secs]2018-06-19T11:45:32.354+0200: 2,081: [weak refs processing, 0,0009267 secs]2018-06-19T11:45:32.355+0200: 2,082: [class unloading, 0,0030034 secs]2018-06-19T11:45:32.358+0200: 2,085: [scrub symbol table, 0,0029881 secs]2018-06-19T11:45:32.361+0200: 2,088: [scrub string table, 0,0003823 secs][1 CMS-remark: 0K(393216K)] 12324K(502464K), 0,0204829 secs] [Times: user=0,05 sys=0,00, real=0,02 secs] 
2018-06-19T11:45:32.362+0200: 2,089: Total time for which application threads were stopped: 0,0206077 seconds, Stopping threads took: 0,0000356 seconds
2018-06-19T11:45:32.362+0200: 2,089: [CMS-concurrent-sweep-start]
2018-06-19T11:45:32.362+0200: 2,089: [CMS-concurrent-sweep: 0,000/0,000 secs] [Times: user=0,00 sys=0,00, real=0,00 secs] 
2018-06-19T11:45:32.362+0200: 2,089: [CMS-concurrent-reset-start]
2018-06-19T11:45:32.365+0200: 2,093: [CMS-concurrent-reset: 0,003/0,003 secs] [Times: user=0,01 sys=0,01, real=0,01 secs] 
2018-06-19T11:45:32.395+0200: 2,122: Total time for which application threads were stopped: 0,0003592 seconds, Stopping threads took: 0,0000255 seconds
2018-06-19T11:45:32.600+0200: 2,328: Total time for which application threads were stopped: 0,0017232 seconds, Stopping threads took: 0,0012734 seconds
2018-06-19T11:45:32.634+0200: 2,362: Total time for which application threads were stopped: 0,0004251 seconds, Stopping threads took: 0,0000703 seconds
2018-06-19T11:45:32.649+0200: 2,376: Total time for which application threads were stopped: 0,0004124 seconds, Stopping threads took: 0,0000680 seconds
{Heap before GC invocations=6 (full 1):
 par new generation   total 109248K, used 99748K [0x00000000e0000000, 0x00000000e8000000, 0x00000000e8000000)
  eden space 87424K, 100% used [0x00000000e0000000, 0x00000000e5560000, 0x00000000e5560000)
  from space 21824K,  56% used [0x00000000e5560000, 0x00000000e61691c8, 0x00000000e6ab0000)
  to   space 21824K,   0% used [0x00000000e6ab0000, 0x00000000e6ab0000, 0x00000000e8000000)
 concurrent mark-sweep generation total 393216K, used 0K [0x00000000e8000000, 0x0000000100000000, 0x0000000100000000)
 Metaspace       used 24966K, capacity 25409K, committed 25724K, reserved 1071104K
  class space    used 2916K, capacity 3116K, committed 3196K, reserved 1048576K
2018-06-19T11:45:32.902+0200: 2,629: [GC (Allocation Failure) 2018-06-19T11:45:32.902+0200: 2,629: [ParNew
Desired survivor size 20112992 bytes, new threshold 8 (max 8)
- age   1:    5276648 bytes,    5276648 total
- age   3:     107320 bytes,    5383968 total
- age   4:     182160 bytes,    5566128 total
- age   5:     319512 bytes,    5885640 total
- age   6:    1540888 bytes,    7426528 total
- age   7:    5353632 bytes,   12780160 total
: 99748K->15619K(109248K), 0,0233799 secs] 99748K->15619K(502464K), 0,0234644 secs] [Times: user=0,08 sys=0,00, real=0,03 secs] 
Heap after GC invocations=7 (full 1):
 par new generation   total 109248K, used 15619K [0x00000000e0000000, 0x00000000e8000000, 0x00000000e8000000)
  eden space 87424K,   0% used [0x00000000e0000000, 0x00000000e0000000, 0x00000000e5560000)
  from space 21824K,  71% used [0x00000000e6ab0000, 0x00000000e79f0e68, 0x00000000e8000000)
  to   space 21824K,   0% used [0x00000000e5560000, 0x00000000e5560000, 0x00000000e6ab0000)
 concurrent mark-sweep generation total 393216K, used 0K [0x00000000e8000000, 0x0000000100000000, 0x0000000100000000)
 Metaspace       used 24966K, capacity 25409K, committed 25724K, reserved 1071104K
  class space    used 2916K, capacity 3116K, committed 3196K, reserved 1048576K
}
2018-06-19T11:45:32.925+0200: 2,653: Total time for which application threads were stopped: 0,0238195 seconds, Stopping threads took: 0,0000750 seconds
2018-06-19T11:45:33.079+0200: 2,806: Total time for which application threads were stopped: 0,0004285 seconds, Stopping threads took: 0,0000310 seconds
2018-06-19T11:45:33.094+0200: 2,822: Total time for which application threads were stopped: 0,0006052 seconds, Stopping threads took: 0,0000649 seconds
2018-06-19T11:45:33.165+0200: 2,893: Total time for which application threads were stopped: 0,0004665 seconds, Stopping threads took: 0,0000420 seconds
2018-06-19T11:45:33.294+0200: 3,021: Total time for which application threads were stopped: 0,0005723 seconds, Stopping threads took: 0,0000690 seconds
{Heap before GC invocations=7 (full 1):
 par new generation   total 109248K, used 103043K [0x00000000e0000000, 0x00000000e8000000, 0x00000000e8000000)
  eden space 87424K, 100% used [0x00000000e0000000, 0x00000000e5560000, 0x00000000e5560000)
  from space 21824K,  71% used [0x00000000e6ab0000, 0x00000000e79f0e68, 0x00000000e8000000)
  to   space 21824K,   0% used [0x00000000e5560000, 0x00000000e5560000, 0x00000000e6ab0000)
 concurrent mark-sweep generation total 393216K, used 0K [0x00000000e8000000, 0x0000000100000000, 0x0000000100000000)
 Metaspace       used 27993K, capacity 28599K, committed 28796K, reserved 1075200K
  class space    used 3230K, capacity 3431K, committed 3452K, reserved 1048576K
2018-06-19T11:45:33.394+0200: 3,121: [GC (Allocation Failure) 2018-06-19T11:45:33.394+0200: 3,121: [ParNew
Desired survivor size 20112992 bytes, new threshold 8 (max 8)
- age   1:   12560112 bytes,   12560112 total
- age   2:    2205992 bytes,   14766104 total
- age   4:     106840 bytes,   14872944 total
- age   5:     181376 bytes,   15054320 total
- age   6:     316800 bytes,   15371120 total
- age   7:    1529064 bytes,   16900184 total
- age   8:    5285616 bytes,   22185800 total
: 103043K->21824K(109248K), 0,0379291 secs] 103043K->23830K(502464K), 0,0380522 secs] [Times: user=0,13 sys=0,01, real=0,03 secs] 
Heap after GC invocations=8 (full 1):
 par new generation   total 109248K, used 21824K [0x00000000e0000000, 0x00000000e8000000, 0x00000000e8000000)
  eden space 87424K,   0% used [0x00000000e0000000, 0x00000000e0000000, 0x00000000e5560000)
  from space 21824K, 100% used [0x00000000e5560000, 0x00000000e6ab0000, 0x00000000e6ab0000)
  to   space 21824K,   0% used [0x00000000e6ab0000, 0x00000000e6ab0000, 0x00000000e8000000)
 concurrent mark-sweep generation total 393216K, used 2006K [0x00000000e8000000, 0x0000000100000000, 0x0000000100000000)
 Metaspace       used 27993K, capacity 28599K, committed 28796K, reserved 1075200K
  class space    used 3230K, capacity 3431K, committed 3452K, reserved 1048576K
}
2018-06-19T11:45:33.432+0200: 3,160: Total time for which application threads were stopped: 0,0383473 seconds, Stopping threads took: 0,0000724 seconds
{Heap before GC invocations=8 (full 1):
 par new generation   total 109248K, used 109248K [0x00000000e0000000, 0x00000000e8000000, 0x00000000e8000000)
  eden space 87424K, 100% used [0x00000000e0000000, 0x00000000e5560000, 0x00000000e5560000)
  from space 21824K, 100% used [0x00000000e5560000, 0x00000000e6ab0000, 0x00000000e6ab0000)
  to   space 21824K,   0% used [0x00000000e6ab0000, 0x00000000e6ab0000, 0x00000000e8000000)
 concurrent mark-sweep generation total 393216K, used 2006K [0x00000000e8000000, 0x0000000100000000, 0x0000000100000000)
 Metaspace       used 28032K, capacity 28605K, committed 28796K, reserved 1075200K
  class space    used 3230K, capacity 3432K, committed 3452K, reserved 1048576K
2018-06-19T11:45:33.540+0200: 3,267: [GC (Allocation Failure) 2018-06-19T11:45:33.540+0200: 3,267: [ParNew
Desired survivor size 20112992 bytes, new threshold 8 (max 8)
- age   1:    1534000 bytes,    1534000 total
- age   2:    9403328 bytes,   10937328 total
- age   3:    2084352 bytes,   13021680 total
- age   5:     103992 bytes,   13125672 total
- age   6:     176856 bytes,   13302528 total
- age   7:     282704 bytes,   13585232 total
- age   8:    1468696 bytes,   15053928 total
: 109248K->21824K(109248K), 0,0720571 secs] 111254K->31434K(502464K), 0,0721791 secs] [Times: user=0,22 sys=0,01, real=0,08 secs] 
Heap after GC invocations=9 (full 1):
 par new generation   total 109248K, used 21824K [0x00000000e0000000, 0x00000000e8000000, 0x00000000e8000000)
  eden space 87424K,   0% used [0x00000000e0000000, 0x00000000e0000000, 0x00000000e5560000)
  from space 21824K, 100% used [0x00000000e6ab0000, 0x00000000e8000000, 0x00000000e8000000)
  to   space 21824K,   0% used [0x00000000e5560000, 0x00000000e5560000, 0x00000000e6ab0000)
 concurrent mark-sweep generation total 393216K, used 9610K [0x00000000e8000000, 0x0000000100000000, 0x0000000100000000)
 Metaspace       used 28032K, capacity 28605K, committed 28796K, reserved 1075200K
  class space    used 3230K, capacity 3432K, committed 3452K, reserved 1048576K
}
2018-06-19T11:45:33.612+0200: 3,340: Total time for which application threads were stopped: 0,0724691 seconds, Stopping threads took: 0,0000715 seconds
{Heap before GC invocations=9 (full 1):
 par new generation   total 109248K, used 109248K [0x00000000e0000000, 0x00000000e8000000, 0x00000000e8000000)
  eden space 87424K, 100% used [0x00000000e0000000, 0x00000000e5560000, 0x00000000e5560000)
  from space 21824K, 100% used [0x00000000e6ab0000, 0x00000000e8000000, 0x00000000e8000000)
  to   space 21824K,   0% used [0x00000000e5560000, 0x00000000e5560000, 0x00000000e6ab0000)
 concurrent mark-sweep generation total 393216K, used 9610K [0x00000000e8000000, 0x0000000100000000, 0x0000000100000000)
 Metaspace       used 28091K, capacity 28759K, committed 29052K, reserved 1075200K
  class space    used 3233K, capacity 3437K, committed 3452K, reserved 1048576K
2018-06-19T11:45:33.743+0200: 3,470: [GC (Allocation Failure) 2018-06-19T11:45:33.743+0200: 3,470: [ParNew
Desired survivor size 20112992 bytes, new threshold 8 (max 8)
- age   1:     767400 bytes,     767400 total
- age   2:     151880 bytes,     919280 total
- age   3:    9403328 bytes,   10322608 total
- age   4:    2084352 bytes,   12406960 total
- age   6:     103992 bytes,   12510952 total
- age   7:     176752 bytes,   12687704 total
- age   8:     282704 bytes,   12970408 total
: 109248K->16917K(109248K), 0,0142891 secs] 118858K->27972K(502464K), 0,0143619 secs] [Times: user=0,05 sys=0,00, real=0,02 secs] 
Heap after GC invocations=10 (full 1):
 par new generation   total 109248K, used 16917K [0x00000000e0000000, 0x00000000e8000000, 0x00000000e8000000)
  eden space 87424K,   0% used [0x00000000e0000000, 0x00000000e0000000, 0x00000000e5560000)
  from space 21824K,  77% used [0x00000000e5560000, 0x00000000e65e5450, 0x00000000e6ab0000)
  to   space 21824K,   0% used [0x00000000e6ab0000, 0x00000000e6ab0000, 0x00000000e8000000)
 concurrent mark-sweep generation total 393216K, used 11055K [0x00000000e8000000, 0x0000000100000000, 0x0000000100000000)
 Metaspace       used 28091K, capacity 28759K, committed 29052K, reserved 1075200K
  class space    used 3233K, capacity 3437K, committed 3452K, reserved 1048576K
}
2018-06-19T11:45:33.757+0200: 3,485: Total time for which application threads were stopped: 0,0146154 seconds, Stopping threads took: 0,0000544 seconds
2018-06-19T11:45:34.332+0200: 4,059: Total time for which application threads were stopped: 0,0004414 seconds, Stopping threads took: 0,0000236 seconds
2018-06-19T11:45:41.449+0200: 11,176: Total time for which application threads were stopped: 0,0001002 seconds, Stopping threads took: 0,0000336 seconds
2018-06-19T11:45:41.459+0200: 11,186: Total time for which application threads were stopped: 0,0001238 seconds, Stopping threads took: 0,0000270 seconds
2018-06-19T11:45:41.502+0200: 11,230: Total time for which application threads were stopped: 0,0012174 seconds, Stopping threads took: 0,0000893 seconds
2018-06-19T11:45:41.539+0200: 11,267: Total time for which application threads were stopped: 0,0000956 seconds, Stopping threads took: 0,0000229 seconds
2018-06-19T11:45:41.539+0200: 11,267: Total time for which application threads were stopped: 0,0000365 seconds, Stopping threads took: 0,0000072 seconds
2018-06-19T11:45:41.577+0200: 11,305: Total time for which application threads were stopped: 0,0004273 seconds, Stopping threads took: 0,0000178 seconds
2018-06-19T11:45:41.780+0200: 11,508: Total time for which application threads were stopped: 0,0002416 seconds, Stopping threads took: 0,0000634 seconds
2018-06-19T11:45:41.809+0200: 11,537: Total time for which application threads were stopped: 0,0007270 seconds, Stopping threads took: 0,0006248 seconds
2018-06-19T11:45:41.811+0200: 11,538: Total time for which application threads were stopped: 0,0001358 seconds, Stopping threads took: 0,0000564 seconds
2018-06-19T11:45:41.812+0200: 11,540: Total time for which application threads were stopped: 0,0001594 seconds, Stopping threads took: 0,0000513 seconds
2018-06-19T11:45:41.812+0200: 11,540: Total time for which application threads were stopped: 0,0000642 seconds, Stopping threads took: 0,0000186 seconds
2018-06-19T11:45:41.825+0200: 11,553: Total time for which application threads were stopped: 0,0007702 seconds, Stopping threads took: 0,0002165 seconds
2018-06-19T11:45:41.826+0200: 11,554: Total time for which application threads were stopped: 0,0003441 seconds, Stopping threads took: 0,0000912 seconds
2018-06-19T11:45:41.826+0200: 11,554: Total time for which application threads were stopped: 0,0002727 seconds, Stopping threads took: 0,0000732 seconds
2018-06-19T11:45:41.827+0200: 11,555: Total time for which application threads were stopped: 0,0001249 seconds, Stopping threads took: 0,0000571 seconds
2018-06-19T11:45:41.970+0200: 11,698: Total time for which application threads were stopped: 0,0005882 seconds, Stopping threads took: 0,0000446 seconds
2018-06-19T11:45:41.972+0200: 11,699: Total time for which application threads were stopped: 0,0005049 seconds, Stopping threads took: 0,0000359 seconds
2018-06-19T11:45:42.403+0200: 12,130: Total time for which application threads were stopped: 0,0002225 seconds, Stopping threads took: 0,0000569 seconds
{Heap before GC invocations=10 (full 1):
 par new generation   total 109248K, used 104341K [0x00000000e0000000, 0x00000000e8000000, 0x00000000e8000000)
  eden space 87424K, 100% used [0x00000000e0000000, 0x00000000e5560000, 0x00000000e5560000)
  from space 21824K,  77% used [0x00000000e5560000, 0x00000000e65e5450, 0x00000000e6ab0000)
  to   space 21824K,   0% used [0x00000000e6ab0000, 0x00000000e6ab0000, 0x00000000e8000000)
 concurrent mark-sweep generation total 393216K, used 11055K [0x00000000e8000000, 0x0000000100000000, 0x0000000100000000)
 Metaspace       used 30414K, capacity 31069K, committed 31484K, reserved 1077248K
  class space    used 3492K, capacity 3710K, committed 3836K, reserved 1048576K
2018-06-19T11:45:42.516+0200: 12,244: [GC (Allocation Failure) 2018-06-19T11:45:42.516+0200: 12,244: [ParNew
Desired survivor size 20112992 bytes, new threshold 5 (max 8)
- age   1:    7333256 bytes,    7333256 total
- age   2:     603136 bytes,    7936392 total
- age   3:     129624 bytes,    8066016 total
- age   4:   11313800 bytes,   19379816 total
- age   5:    1931952 bytes,   21311768 total
- age   7:      87424 bytes,   21399192 total
- age   8:     163280 bytes,   21562472 total
: 104341K->21824K(109248K), 0,0307330 secs] 115396K->33944K(502464K), 0,0308204 secs] [Times: user=0,08 sys=0,00, real=0,03 secs] 
Heap after GC invocations=11 (full 1):
 par new generation   total 109248K, used 21824K [0x00000000e0000000, 0x00000000e8000000, 0x00000000e8000000)
  eden space 87424K,   0% used [0x00000000e0000000, 0x00000000e0000000, 0x00000000e5560000)
  from space 21824K, 100% used [0x00000000e6ab0000, 0x00000000e8000000, 0x00000000e8000000)
  to   space 21824K,   0% used [0x00000000e5560000, 0x00000000e5560000, 0x00000000e6ab0000)
 concurrent mark-sweep generation total 393216K, used 12120K [0x00000000e8000000, 0x0000000100000000, 0x0000000100000000)
 Metaspace       used 30414K, capacity 31069K, committed 31484K, reserved 1077248K
  class space    used 3492K, capacity 3710K, committed 3836K, reserved 1048576K
}
2018-06-19T11:45:42.547+0200: 12,275: Total time for which application threads were stopped: 0,0311483 seconds, Stopping threads took: 0,0000772 seconds
2018-06-19T11:45:42.759+0200: 12,487: Total time for which application threads were stopped: 0,0001666 seconds, Stopping threads took: 0,0000350 seconds
2018-06-19T11:45:42.759+0200: 12,487: Total time for which application threads were stopped: 0,0000809 seconds, Stopping threads took: 0,0000137 seconds
2018-06-19T11:45:42.771+0200: 12,499: Total time for which application threads were stopped: 0,0003483 seconds, Stopping threads took: 0,0001412 seconds
2018-06-19T11:45:42.833+0200: 12,561: Total time for which application threads were stopped: 0,0001712 seconds, Stopping threads took: 0,0000567 seconds
2018-06-19T11:45:43.032+0200: 12,759: Total time for which application threads were stopped: 0,0004449 seconds, Stopping threads took: 0,0003012 seconds
2018-06-19T11:45:43.032+0200: 12,760: Total time for which application threads were stopped: 0,0000936 seconds, Stopping threads took: 0,0000310 seconds
2018-06-19T11:45:43.032+0200: 12,760: Total time for which application threads were stopped: 0,0000690 seconds, Stopping threads took: 0,0000236 seconds
2018-06-19T11:45:43.043+0200: 12,771: Total time for which application threads were stopped: 0,0006905 seconds, Stopping threads took: 0,0005604 seconds
2018-06-19T11:45:43.060+0200: 12,788: Total time for which application threads were stopped: 0,0046683 seconds, Stopping threads took: 0,0045683 seconds
2018-06-19T11:45:43.060+0200: 12,788: Total time for which application threads were stopped: 0,0000669 seconds, Stopping threads took: 0,0000323 seconds
2018-06-19T11:45:43.060+0200: 12,788: Total time for which application threads were stopped: 0,0000541 seconds, Stopping threads took: 0,0000121 seconds
2018-06-19T11:45:43.060+0200: 12,788: Total time for which application threads were stopped: 0,0000638 seconds, Stopping threads took: 0,0000328 seconds
2018-06-19T11:45:43.084+0200: 12,812: Total time for which application threads were stopped: 0,0027404 seconds, Stopping threads took: 0,0024408 seconds
2018-06-19T11:45:43.085+0200: 12,813: Total time for which application threads were stopped: 0,0001867 seconds, Stopping threads took: 0,0000366 seconds
2018-06-19T11:45:43.149+0200: 12,877: Total time for which application threads were stopped: 0,0034009 seconds, Stopping threads took: 0,0024280 seconds
2018-06-19T11:45:43.150+0200: 12,878: Total time for which application threads were stopped: 0,0001468 seconds, Stopping threads took: 0,0000400 seconds
{Heap before GC invocations=11 (full 1):
 par new generation   total 109248K, used 109248K [0x00000000e0000000, 0x00000000e8000000, 0x00000000e8000000)
  eden space 87424K, 100% used [0x00000000e0000000, 0x00000000e5560000, 0x00000000e5560000)
  from space 21824K, 100% used [0x00000000e6ab0000, 0x00000000e8000000, 0x00000000e8000000)
  to   space 21824K,   0% used [0x00000000e5560000, 0x00000000e5560000, 0x00000000e6ab0000)
 concurrent mark-sweep generation total 393216K, used 12120K [0x00000000e8000000, 0x0000000100000000, 0x0000000100000000)
 Metaspace       used 30662K, capacity 31389K, committed 31740K, reserved 1077248K
  class space    used 3506K, capacity 3710K, committed 3836K, reserved 1048576K
2018-06-19T11:45:43.183+0200: 12,910: [GC (Allocation Failure) 2018-06-19T11:45:43.183+0200: 12,911: [ParNew
Desired survivor size 20112992 bytes, new threshold 8 (max 8)
- age   1:    1814736 bytes,    1814736 total
- age   2:    6017392 bytes,    7832128 total
- age   3:     603136 bytes,    8435264 total
- age   4:     129624 bytes,    8564888 total
- age   5:    9084424 bytes,   17649312 total
: 109248K->21824K(109248K), 0,0342456 secs] 121368K->36257K(502464K), 0,0343375 secs] [Times: user=0,10 sys=0,01, real=0,04 secs] 
Heap after GC invocations=12 (full 1):
 par new generation   total 109248K, used 21824K [0x00000000e0000000, 0x00000000e8000000, 0x00000000e8000000)
  eden space 87424K,   0% used [0x00000000e0000000, 0x00000000e0000000, 0x00000000e5560000)
  from space 21824K, 100% used [0x00000000e5560000, 0x00000000e6ab0000, 0x00000000e6ab0000)
  to   space 21824K,   0% used [0x00000000e6ab0000, 0x00000000e6ab0000, 0x00000000e8000000)
 concurrent mark-sweep generation total 393216K, used 14433K [0x00000000e8000000, 0x0000000100000000, 0x0000000100000000)
 Metaspace       used 30662K, capacity 31389K, committed 31740K, reserved 1077248K
  class space    used 3506K, capacity 3710K, committed 3836K, reserved 1048576K
}
2018-06-19T11:45:43.217+0200: 12,945: Total time for which application threads were stopped: 0,0346540 seconds, Stopping threads took: 0,0001095 seconds
2018-06-19T11:45:43.308+0200: 13,036: Total time for which application threads were stopped: 0,0002064 seconds, Stopping threads took: 0,0000278 seconds
2018-06-19T11:45:43.312+0200: 13,040: Total time for which application threads were stopped: 0,0001678 seconds, Stopping threads took: 0,0000373 seconds
2018-06-19T11:45:43.322+0200: 13,050: Total time for which application threads were stopped: 0,0001381 seconds, Stopping threads took: 0,0000312 seconds
{Heap before GC invocations=12 (full 1):
 par new generation   total 109248K, used 109248K [0x00000000e0000000, 0x00000000e8000000, 0x00000000e8000000)
  eden space 87424K, 100% used [0x00000000e0000000, 0x00000000e5560000, 0x00000000e5560000)
  from space 21824K, 100% used [0x00000000e5560000, 0x00000000e6ab0000, 0x00000000e6ab0000)
  to   space 21824K,   0% used [0x00000000e6ab0000, 0x00000000e6ab0000, 0x00000000e8000000)
 concurrent mark-sweep generation total 393216K, used 14433K [0x00000000e8000000, 0x0000000100000000, 0x0000000100000000)
 Metaspace       used 30743K, capacity 31485K, committed 31740K, reserved 1077248K
  class space    used 3513K, capacity 3742K, committed 3836K, reserved 1048576K
2018-06-19T11:45:43.497+0200: 13,225: [GC (Allocation Failure) 2018-06-19T11:45:43.497+0200: 13,225: [ParNew
Desired survivor size 20112992 bytes, new threshold 8 (max 8)
- age   1:    1517392 bytes,    1517392 total
- age   2:     704072 bytes,    2221464 total
- age   3:    5478752 bytes,    7700216 total
- age   4:     603136 bytes,    8303352 total
- age   5:     129624 bytes,    8432976 total
- age   6:    9084400 bytes,   17517376 total
: 109248K->21824K(109248K), 0,0704190 secs] 123681K->36257K(502464K), 0,0708257 secs] [Times: user=0,10 sys=0,00, real=0,07 secs] 
Heap after GC invocations=13 (full 1):
 par new generation   total 109248K, used 21824K [0x00000000e0000000, 0x00000000e8000000, 0x00000000e8000000)
  eden space 87424K,   0% used [0x00000000e0000000, 0x00000000e0000000, 0x00000000e5560000)
  from space 21824K, 100% used [0x00000000e6ab0000, 0x00000000e8000000, 0x00000000e8000000)
  to   space 21824K,   0% used [0x00000000e5560000, 0x00000000e5560000, 0x00000000e6ab0000)
 concurrent mark-sweep generation total 393216K, used 14433K [0x00000000e8000000, 0x0000000100000000, 0x0000000100000000)
 Metaspace       used 30743K, capacity 31485K, committed 31740K, reserved 1077248K
  class space    used 3513K, capacity 3742K, committed 3836K, reserved 1048576K
}
2018-06-19T11:45:43.568+0200: 13,296: Total time for which application threads were stopped: 0,0713567 seconds, Stopping threads took: 0,0000366 seconds
{Heap before GC invocations=13 (full 1):
 par new generation   total 109248K, used 109245K [0x00000000e0000000, 0x00000000e8000000, 0x00000000e8000000)
  eden space 87424K,  99% used [0x00000000e0000000, 0x00000000e555f690, 0x00000000e5560000)
  from space 21824K, 100% used [0x00000000e6ab0000, 0x00000000e8000000, 0x00000000e8000000)
  to   space 21824K,   0% used [0x00000000e5560000, 0x00000000e5560000, 0x00000000e6ab0000)
 concurrent mark-sweep generation total 393216K, used 14433K [0x00000000e8000000, 0x0000000100000000, 0x0000000100000000)
 Metaspace       used 30747K, capacity 31485K, committed 31740K, reserved 1077248K
  class space    used 3514K, capacity 3742K, committed 3836K, reserved 1048576K
2018-06-19T11:45:43.890+0200: 13,617: [GC (Allocation Failure) 2018-06-19T11:45:43.890+0200: 13,617: [ParNew
Desired survivor size 20112992 bytes, new threshold 8 (max 8)
- age   1:    1523280 bytes,    1523280 total
- age   2:    1065840 bytes,    2589120 total
- age   3:     652096 bytes,    3241216 total
- age   4:    5057528 bytes,    8298744 total
- age   5:     602112 bytes,    8900856 total
- age   6:     129624 bytes,    9030480 total
- age   7:    8856968 bytes,   17887448 total
: 109245K->21824K(109248K), 0,0647487 secs] 123679K->37072K(502464K), 0,0648689 secs] [Times: user=0,09 sys=0,01, real=0,07 secs] 
Heap after GC invocations=14 (full 1):
 par new generation   total 109248K, used 21824K [0x00000000e0000000, 0x00000000e8000000, 0x00000000e8000000)
  eden space 87424K,   0% used [0x00000000e0000000, 0x00000000e0000000, 0x00000000e5560000)
  from space 21824K, 100% used [0x00000000e5560000, 0x00000000e6ab0000, 0x00000000e6ab0000)
  to   space 21824K,   0% used [0x00000000e6ab0000, 0x00000000e6ab0000, 0x00000000e8000000)
 concurrent mark-sweep generation total 393216K, used 15248K [0x00000000e8000000, 0x0000000100000000, 0x0000000100000000)
 Metaspace       used 30747K, capacity 31485K, committed 31740K, reserved 1077248K
  class space    used 3514K, capacity 3742K, committed 3836K, reserved 1048576K
}
2018-06-19T11:45:43.955+0200: 13,682: Total time for which application threads were stopped: 0,0651388 seconds, Stopping threads took: 0,0000355 seconds
2018-06-19T11:45:44.032+0200: 13,760: Total time for which application threads were stopped: 0,0111861 seconds, Stopping threads took: 0,0109780 seconds
2018-06-19T11:45:44.038+0200: 13,765: Total time for which application threads were stopped: 0,0001648 seconds, Stopping threads took: 0,0000629 seconds
2018-06-19T11:45:44.052+0200: 13,780: Total time for which application threads were stopped: 0,0114189 seconds, Stopping threads took: 0,0059735 seconds
2018-06-19T11:45:44.061+0200: 13,788: Total time for which application threads were stopped: 0,0001280 seconds, Stopping threads took: 0,0000373 seconds
2018-06-19T11:45:44.150+0200: 13,877: Total time for which application threads were stopped: 0,0003187 seconds, Stopping threads took: 0,0001171 seconds
2018-06-19T11:45:44.222+0200: 13,950: Total time for which application threads were stopped: 0,0096330 seconds, Stopping threads took: 0,0094891 seconds
2018-06-19T11:45:44.229+0200: 13,956: Total time for which application threads were stopped: 0,0001716 seconds, Stopping threads took: 0,0000473 seconds
2018-06-19T11:45:44.232+0200: 13,960: Total time for which application threads were stopped: 0,0001388 seconds, Stopping threads took: 0,0000230 seconds
{Heap before GC invocations=14 (full 1):
 par new generation   total 109248K, used 109248K [0x00000000e0000000, 0x00000000e8000000, 0x00000000e8000000)
  eden space 87424K, 100% used [0x00000000e0000000, 0x00000000e5560000, 0x00000000e5560000)
  from space 21824K, 100% used [0x00000000e5560000, 0x00000000e6ab0000, 0x00000000e6ab0000)
  to   space 21824K,   0% used [0x00000000e6ab0000, 0x00000000e6ab0000, 0x00000000e8000000)
 concurrent mark-sweep generation total 393216K, used 15248K [0x00000000e8000000, 0x0000000100000000, 0x0000000100000000)
 Metaspace       used 30773K, capacity 31485K, committed 31740K, reserved 1077248K
  class space    used 3514K, capacity 3742K, committed 3836K, reserved 1048576K
2018-06-19T11:45:44.261+0200: 13,989: [GC (Allocation Failure) 2018-06-19T11:45:44.262+0200: 13,989: [ParNew
Desired survivor size 20112992 bytes, new threshold 8 (max 8)
- age   1:    1544352 bytes,    1544352 total
- age   2:    1390176 bytes,    2934528 total
- age   3:     999208 bytes,    3933736 total
- age   4:     569016 bytes,    4502752 total
- age   5:    4899792 bytes,    9402544 total
- age   6:     602112 bytes,   10004656 total
- age   7:     129624 bytes,   10134280 total
- age   8:    8856968 bytes,   18991248 total
: 109248K->21824K(109248K), 0,0501596 secs] 124496K->37226K(502464K), 0,0504589 secs] [Times: user=0,10 sys=0,00, real=0,06 secs] 
Heap after GC invocations=15 (full 1):
 par new generation   total 109248K, used 21824K [0x00000000e0000000, 0x00000000e8000000, 0x00000000e8000000)
  eden space 87424K,   0% used [0x00000000e0000000, 0x00000000e0000000, 0x00000000e5560000)
  from space 21824K, 100% used [0x00000000e6ab0000, 0x00000000e8000000, 0x00000000e8000000)
  to   space 21824K,   0% used [0x00000000e5560000, 0x00000000e5560000, 0x00000000e6ab0000)
 concurrent mark-sweep generation total 393216K, used 15402K [0x00000000e8000000, 0x0000000100000000, 0x0000000100000000)
 Metaspace       used 30773K, capacity 31485K, committed 31740K, reserved 1077248K
  class space    used 3514K, capacity 3742K, committed 3836K, reserved 1048576K
}
2018-06-19T11:45:44.312+0200: 14,040: Total time for which application threads were stopped: 0,0510498 seconds, Stopping threads took: 0,0000979 seconds
{Heap before GC invocations=15 (full 1):
 par new generation   total 109248K, used 109248K [0x00000000e0000000, 0x00000000e8000000, 0x00000000e8000000)
  eden space 87424K, 100% used [0x00000000e0000000, 0x00000000e5560000, 0x00000000e5560000)
  from space 21824K, 100% used [0x00000000e6ab0000, 0x00000000e8000000, 0x00000000e8000000)
  to   space 21824K,   0% used [0x00000000e5560000, 0x00000000e5560000, 0x00000000e6ab0000)
 concurrent mark-sweep generation total 393216K, used 15402K [0x00000000e8000000, 0x0000000100000000, 0x0000000100000000)
 Metaspace       used 30802K, capacity 31549K, committed 31740K, reserved 1077248K
  class space    used 3514K, capacity 3742K, committed 3836K, reserved 1048576K
2018-06-19T11:45:44.520+0200: 14,248: [GC (Allocation Failure) 2018-06-19T11:45:44.520+0200: 14,248: [ParNew
Desired survivor size 20112992 bytes, new threshold 8 (max 8)
- age   1:    1539592 bytes,    1539592 total
- age   2:     932608 bytes,    2472200 total
- age   3:     136000 bytes,    2608200 total
- age   4:     252488 bytes,    2860688 total
- age   5:     145448 bytes,    3006136 total
- age   6:    4899472 bytes,    7905608 total
- age   7:     602112 bytes,    8507720 total
- age   8:     129624 bytes,    8637344 total
: 109248K->18243K(109248K), 0,0505391 secs] 124650K->43270K(502464K), 0,0506394 secs] [Times: user=0,15 sys=0,00, real=0,05 secs] 
Heap after GC invocations=16 (full 1):
 par new generation   total 109248K, used 18243K [0x00000000e0000000, 0x00000000e8000000, 0x00000000e8000000)
  eden space 87424K,   0% used [0x00000000e0000000, 0x00000000e0000000, 0x00000000e5560000)
  from space 21824K,  83% used [0x00000000e5560000, 0x00000000e6730fe0, 0x00000000e6ab0000)
  to   space 21824K,   0% used [0x00000000e6ab0000, 0x00000000e6ab0000, 0x00000000e8000000)
 concurrent mark-sweep generation total 393216K, used 25026K [0x00000000e8000000, 0x0000000100000000, 0x0000000100000000)
 Metaspace       used 30802K, capacity 31549K, committed 31740K, reserved 1077248K
  class space    used 3514K, capacity 3742K, committed 3836K, reserved 1048576K
}
2018-06-19T11:45:44.571+0200: 14,299: Total time for which application threads were stopped: 0,0509837 seconds, Stopping threads took: 0,0000513 seconds
{Heap before GC invocations=16 (full 1):
 par new generation   total 109248K, used 105667K [0x00000000e0000000, 0x00000000e8000000, 0x00000000e8000000)
  eden space 87424K, 100% used [0x00000000e0000000, 0x00000000e5560000, 0x00000000e5560000)
  from space 21824K,  83% used [0x00000000e5560000, 0x00000000e6730fe0, 0x00000000e6ab0000)
  to   space 21824K,   0% used [0x00000000e6ab0000, 0x00000000e6ab0000, 0x00000000e8000000)
 concurrent mark-sweep generation total 393216K, used 25026K [0x00000000e8000000, 0x0000000100000000, 0x0000000100000000)
 Metaspace       used 30803K, capacity 31549K, committed 31740K, reserved 1077248K
  class space    used 3514K, capacity 3742K, committed 3836K, reserved 1048576K
2018-06-19T11:45:44.688+0200: 14,416: [GC (Allocation Failure) 2018-06-19T11:45:44.688+0200: 14,416: [ParNew
Desired survivor size 20112992 bytes, new threshold 8 (max 8)
- age   1:    1694920 bytes,    1694920 total
- age   2:    1065488 bytes,    2760408 total
- age   3:     932480 bytes,    3692888 total
- age   4:     136000 bytes,    3828888 total
- age   5:     252488 bytes,    4081376 total
- age   6:     145448 bytes,    4226824 total
- age   7:    4898928 bytes,    9125752 total
- age   8:     602112 bytes,    9727864 total
: 105667K->14076K(109248K), 0,0225651 secs] 130694K->39232K(502464K), 0,0227684 secs] [Times: user=0,06 sys=0,00, real=0,02 secs] 
Heap after GC invocations=17 (full 1):
 par new generation   total 109248K, used 14076K [0x00000000e0000000, 0x00000000e8000000, 0x00000000e8000000)
  eden space 87424K,   0% used [0x00000000e0000000, 0x00000000e0000000, 0x00000000e5560000)
  from space 21824K,  64% used [0x00000000e6ab0000, 0x00000000e786f2d8, 0x00000000e8000000)
  to   space 21824K,   0% used [0x00000000e5560000, 0x00000000e5560000, 0x00000000e6ab0000)
 concurrent mark-sweep generation total 393216K, used 25155K [0x00000000e8000000, 0x0000000100000000, 0x0000000100000000)
 Metaspace       used 30803K, capacity 31549K, committed 31740K, reserved 1077248K
  class space    used 3514K, capacity 3742K, committed 3836K, reserved 1048576K
}
2018-06-19T11:45:44.711+0200: 14,438: Total time for which application threads were stopped: 0,0230819 seconds, Stopping threads took: 0,0000608 seconds
{Heap before GC invocations=17 (full 1):
 par new generation   total 109248K, used 101500K [0x00000000e0000000, 0x00000000e8000000, 0x00000000e8000000)
  eden space 87424K, 100% used [0x00000000e0000000, 0x00000000e5560000, 0x00000000e5560000)
  from space 21824K,  64% used [0x00000000e6ab0000, 0x00000000e786f2d8, 0x00000000e8000000)
  to   space 21824K,   0% used [0x00000000e5560000, 0x00000000e5560000, 0x00000000e6ab0000)
 concurrent mark-sweep generation total 393216K, used 25155K [0x00000000e8000000, 0x0000000100000000, 0x0000000100000000)
 Metaspace       used 30812K, capacity 31549K, committed 31740K, reserved 1077248K
  class space    used 3514K, capacity 3742K, committed 3836K, reserved 1048576K
2018-06-19T11:45:44.840+0200: 14,568: [GC (Allocation Failure) 2018-06-19T11:45:44.840+0200: 14,568: [ParNew
Desired survivor size 20112992 bytes, new threshold 8 (max 8)
- age   1:    1722456 bytes,    1722456 total
- age   2:    1074328 bytes,    2796784 total
- age   3:    1065464 bytes,    3862248 total
- age   4:     932480 bytes,    4794728 total
- age   5:     136000 bytes,    4930728 total
- age   6:     252488 bytes,    5183216 total
- age   7:     145400 bytes,    5328616 total
- age   8:    4898608 bytes,   10227224 total
: 101500K->11254K(109248K), 0,0125443 secs] 126656K->37001K(502464K), 0,0126317 secs] [Times: user=0,04 sys=0,00, real=0,02 secs] 
Heap after GC invocations=18 (full 1):
 par new generation   total 109248K, used 11254K [0x00000000e0000000, 0x00000000e8000000, 0x00000000e8000000)
  eden space 87424K,   0% used [0x00000000e0000000, 0x00000000e0000000, 0x00000000e5560000)
  from space 21824K,  51% used [0x00000000e5560000, 0x00000000e605da90, 0x00000000e6ab0000)
  to   space 21824K,   0% used [0x00000000e6ab0000, 0x00000000e6ab0000, 0x00000000e8000000)
 concurrent mark-sweep generation total 393216K, used 25746K [0x00000000e8000000, 0x0000000100000000, 0x0000000100000000)
 Metaspace       used 30812K, capacity 31549K, committed 31740K, reserved 1077248K
  class space    used 3514K, capacity 3742K, committed 3836K, reserved 1048576K
}
2018-06-19T11:45:44.853+0200: 14,580: Total time for which application threads were stopped: 0,0129265 seconds, Stopping threads took: 0,0000727 seconds
{Heap before GC invocations=18 (full 1):
 par new generation   total 109248K, used 98678K [0x00000000e0000000, 0x00000000e8000000, 0x00000000e8000000)
  eden space 87424K, 100% used [0x00000000e0000000, 0x00000000e5560000, 0x00000000e5560000)
  from space 21824K,  51% used [0x00000000e5560000, 0x00000000e605da90, 0x00000000e6ab0000)
  to   space 21824K,   0% used [0x00000000e6ab0000, 0x00000000e6ab0000, 0x00000000e8000000)
 concurrent mark-sweep generation total 393216K, used 25746K [0x00000000e8000000, 0x0000000100000000, 0x0000000100000000)
 Metaspace       used 30828K, capacity 31549K, committed 31740K, reserved 1077248K
  class space    used 3514K, capacity 3742K, committed 3836K, reserved 1048576K
2018-06-19T11:45:44.990+0200: 14,718: [GC (Allocation Failure) 2018-06-19T11:45:44.990+0200: 14,718: [ParNew
Desired survivor size 20112992 bytes, new threshold 8 (max 8)
- age   1:    1900256 bytes,    1900256 total
- age   2:    1085752 bytes,    2986008 total
- age   3:     975952 bytes,    3961960 total
- age   4:    1065464 bytes,    5027424 total
- age   5:     932480 bytes,    5959904 total
- age   6:     136000 bytes,    6095904 total
- age   7:     252440 bytes,    6348344 total
- age   8:     145096 bytes,    6493440 total
: 98678K->13111K(109248K), 0,0317473 secs] 124425K->43666K(502464K), 0,0318532 secs] [Times: user=0,07 sys=0,01, real=0,03 secs] 
Heap after GC invocations=19 (full 1):
 par new generation   total 109248K, used 13111K [0x00000000e0000000, 0x00000000e8000000, 0x00000000e8000000)
  eden space 87424K,   0% used [0x00000000e0000000, 0x00000000e0000000, 0x00000000e5560000)
  from space 21824K,  60% used [0x00000000e6ab0000, 0x00000000e777df20, 0x00000000e8000000)
  to   space 21824K,   0% used [0x00000000e5560000, 0x00000000e5560000, 0x00000000e6ab0000)
 concurrent mark-sweep generation total 393216K, used 30555K [0x00000000e8000000, 0x0000000100000000, 0x0000000100000000)
 Metaspace       used 30828K, capacity 31549K, committed 31740K, reserved 1077248K
  class space    used 3514K, capacity 3742K, committed 3836K, reserved 1048576K
}
2018-06-19T11:45:45.022+0200: 14,750: Total time for which application threads were stopped: 0,0321222 seconds, Stopping threads took: 0,0000572 seconds
2018-06-19T11:45:45.029+0200: 14,756: Total time for which application threads were stopped: 0,0001313 seconds, Stopping threads took: 0,0000327 seconds
2018-06-19T11:45:45.062+0200: 14,789: Total time for which application threads were stopped: 0,0001512 seconds, Stopping threads took: 0,0000545 seconds
2018-06-19T11:45:45.067+0200: 14,795: Total time for which application threads were stopped: 0,0001571 seconds, Stopping threads took: 0,0000626 seconds
2018-06-19T11:45:45.068+0200: 14,795: Total time for which application threads were stopped: 0,0001118 seconds, Stopping threads took: 0,0000399 seconds
2018-06-19T11:45:45.075+0200: 14,803: Total time for which application threads were stopped: 0,0001862 seconds, Stopping threads took: 0,0000840 seconds
2018-06-19T11:45:45.078+0200: 14,806: Total time for which application threads were stopped: 0,0001985 seconds, Stopping threads took: 0,0000737 seconds
2018-06-19T11:45:45.084+0200: 14,811: Total time for which application threads were stopped: 0,0001524 seconds, Stopping threads took: 0,0000616 seconds
{Heap before GC invocations=19 (full 1):
 par new generation   total 109248K, used 100535K [0x00000000e0000000, 0x00000000e8000000, 0x00000000e8000000)
  eden space 87424K, 100% used [0x00000000e0000000, 0x00000000e5560000, 0x00000000e5560000)
  from space 21824K,  60% used [0x00000000e6ab0000, 0x00000000e777df20, 0x00000000e8000000)
  to   space 21824K,   0% used [0x00000000e5560000, 0x00000000e5560000, 0x00000000e6ab0000)
 concurrent mark-sweep generation total 393216K, used 30555K [0x00000000e8000000, 0x0000000100000000, 0x0000000100000000)
 Metaspace       used 30863K, capacity 31613K, committed 31996K, reserved 1077248K
  class space    used 3514K, capacity 3742K, committed 3836K, reserved 1048576K
2018-06-19T11:45:45.158+0200: 14,886: [GC (Allocation Failure) 2018-06-19T11:45:45.158+0200: 14,886: [ParNew
Desired survivor size 20112992 bytes, new threshold 8 (max 8)
- age   1:    1722336 bytes,    1722336 total
- age   2:    1781872 bytes,    3504208 total
- age   3:    1028752 bytes,    4532960 total
- age   4:     919120 bytes,    5452080 total
- age   5:     998392 bytes,    6450472 total
- age   6:     831872 bytes,    7282344 total
- age   7:     135952 bytes,    7418296 total
- age   8:     252224 bytes,    7670520 total
: 100535K->10122K(109248K), 0,0217243 secs] 131090K->40819K(502464K), 0,0218226 secs] [Times: user=0,05 sys=0,00, real=0,02 secs] 
Heap after GC invocations=20 (full 1):
 par new generation   total 109248K, used 10122K [0x00000000e0000000, 0x00000000e8000000, 0x00000000e8000000)
  eden space 87424K,   0% used [0x00000000e0000000, 0x00000000e0000000, 0x00000000e5560000)
  from space 21824K,  46% used [0x00000000e5560000, 0x00000000e5f42b60, 0x00000000e6ab0000)
  to   space 21824K,   0% used [0x00000000e6ab0000, 0x00000000e6ab0000, 0x00000000e8000000)
 concurrent mark-sweep generation total 393216K, used 30696K [0x00000000e8000000, 0x0000000100000000, 0x0000000100000000)
 Metaspace       used 30863K, capacity 31613K, committed 31996K, reserved 1077248K
  class space    used 3514K, capacity 3742K, committed 3836K, reserved 1048576K
}
2018-06-19T11:45:45.180+0200: 14,907: Total time for which application threads were stopped: 0,0221318 seconds, Stopping threads took: 0,0000754 seconds
{Heap before GC invocations=20 (full 1):
 par new generation   total 109248K, used 97546K [0x00000000e0000000, 0x00000000e8000000, 0x00000000e8000000)
  eden space 87424K, 100% used [0x00000000e0000000, 0x00000000e5560000, 0x00000000e5560000)
  from space 21824K,  46% used [0x00000000e5560000, 0x00000000e5f42b60, 0x00000000e6ab0000)
  to   space 21824K,   0% used [0x00000000e6ab0000, 0x00000000e6ab0000, 0x00000000e8000000)
 concurrent mark-sweep generation total 393216K, used 30696K [0x00000000e8000000, 0x0000000100000000, 0x0000000100000000)
 Metaspace       used 30882K, capacity 31613K, committed 31996K, reserved 1077248K
  class space    used 3514K, capacity 3742K, committed 3836K, reserved 1048576K
2018-06-19T11:45:45.296+0200: 15,024: [GC (Allocation Failure) 2018-06-19T11:45:45.296+0200: 15,024: [ParNew
Desired survivor size 20112992 bytes, new threshold 8 (max 8)
- age   1:    1546368 bytes,    1546368 total
- age   2:    1385432 bytes,    2931800 total
- age   3:     380304 bytes,    3312104 total
- age   4:     356600 bytes,    3668704 total
- age   5:     410344 bytes,    4079048 total
- age   6:     597624 bytes,    4676672 total
- age   7:     403880 bytes,    5080552 total
- age   8:     135520 bytes,    5216072 total
: 97546K->7305K(109248K), 0,0184787 secs] 128243K->38248K(502464K), 0,0185661 secs] [Times: user=0,05 sys=0,01, real=0,02 secs] 
Heap after GC invocations=21 (full 1):
 par new generation   total 109248K, used 7305K [0x00000000e0000000, 0x00000000e8000000, 0x00000000e8000000)
  eden space 87424K,   0% used [0x00000000e0000000, 0x00000000e0000000, 0x00000000e5560000)
  from space 21824K,  33% used [0x00000000e6ab0000, 0x00000000e71d24c0, 0x00000000e8000000)
  to   space 21824K,   0% used [0x00000000e5560000, 0x00000000e5560000, 0x00000000e6ab0000)
 concurrent mark-sweep generation total 393216K, used 30943K [0x00000000e8000000, 0x0000000100000000, 0x0000000100000000)
 Metaspace       used 30882K, capacity 31613K, committed 31996K, reserved 1077248K
  class space    used 3514K, capacity 3742K, committed 3836K, reserved 1048576K
}
2018-06-19T11:45:45.315+0200: 15,042: Total time for which application threads were stopped: 0,0216862 seconds, Stopping threads took: 0,0028940 seconds
{Heap before GC invocations=21 (full 1):
 par new generation   total 109248K, used 94729K [0x00000000e0000000, 0x00000000e8000000, 0x00000000e8000000)
  eden space 87424K, 100% used [0x00000000e0000000, 0x00000000e5560000, 0x00000000e5560000)
  from space 21824K,  33% used [0x00000000e6ab0000, 0x00000000e71d24c0, 0x00000000e8000000)
  to   space 21824K,   0% used [0x00000000e5560000, 0x00000000e5560000, 0x00000000e6ab0000)
 concurrent mark-sweep generation total 393216K, used 30943K [0x00000000e8000000, 0x0000000100000000, 0x0000000100000000)
 Metaspace       used 30901K, capacity 31619K, committed 31996K, reserved 1077248K
  class space    used 3515K, capacity 3743K, committed 3836K, reserved 1048576K
2018-06-19T11:45:45.429+0200: 15,157: [GC (Allocation Failure) 2018-06-19T11:45:45.430+0200: 15,157: [ParNew
Desired survivor size 20112992 bytes, new threshold 8 (max 8)
- age   1:    1772568 bytes,    1772568 total
- age   2:    1114296 bytes,    2886864 total
- age   3:    1086352 bytes,    3973216 total
- age   4:     105784 bytes,    4079000 total
- age   5:      81216 bytes,    4160216 total
- age   6:     102872 bytes,    4263088 total
- age   7:     325512 bytes,    4588600 total
- age   8:     200968 bytes,    4789568 total
: 94729K->6352K(109248K), 0,0064107 secs] 125672K->37428K(502464K), 0,0065151 secs] [Times: user=0,02 sys=0,01, real=0,01 secs] 
Heap after GC invocations=22 (full 1):
 par new generation   total 109248K, used 6352K [0x00000000e0000000, 0x00000000e8000000, 0x00000000e8000000)
  eden space 87424K,   0% used [0x00000000e0000000, 0x00000000e0000000, 0x00000000e5560000)
  from space 21824K,  29% used [0x00000000e5560000, 0x00000000e5b94218, 0x00000000e6ab0000)
  to   space 21824K,   0% used [0x00000000e6ab0000, 0x00000000e6ab0000, 0x00000000e8000000)
 concurrent mark-sweep generation total 393216K, used 31075K [0x00000000e8000000, 0x0000000100000000, 0x0000000100000000)
 Metaspace       used 30901K, capacity 31619K, committed 31996K, reserved 1077248K
  class space    used 3515K, capacity 3743K, committed 3836K, reserved 1048576K
}
2018-06-19T11:45:45.436+0200: 15,164: Total time for which application threads were stopped: 0,0067527 seconds, Stopping threads took: 0,0000356 seconds
{Heap before GC invocations=22 (full 1):
 par new generation   total 109248K, used 93776K [0x00000000e0000000, 0x00000000e8000000, 0x00000000e8000000)
  eden space 87424K, 100% used [0x00000000e0000000, 0x00000000e5560000, 0x00000000e5560000)
  from space 21824K,  29% used [0x00000000e5560000, 0x00000000e5b94218, 0x00000000e6ab0000)
  to   space 21824K,   0% used [0x00000000e6ab0000, 0x00000000e6ab0000, 0x00000000e8000000)
 concurrent mark-sweep generation total 393216K, used 31075K [0x00000000e8000000, 0x0000000100000000, 0x0000000100000000)
 Metaspace       used 30907K, capacity 31619K, committed 31996K, reserved 1077248K
  class space    used 3515K, capacity 3743K, committed 3836K, reserved 1048576K
2018-06-19T11:45:45.544+0200: 15,272: [GC (Allocation Failure) 2018-06-19T11:45:45.544+0200: 15,272: [ParNew
Desired survivor size 20112992 bytes, new threshold 8 (max 8)
- age   1:    1964096 bytes,    1964096 total
- age   2:    1018992 bytes,    2983088 total
- age   3:    1113336 bytes,    4096424 total
- age   4:    1084696 bytes,    5181120 total
- age   5:     105784 bytes,    5286904 total
- age   6:      81216 bytes,    5368120 total
- age   7:     102824 bytes,    5470944 total
- age   8:     324376 bytes,    5795320 total
: 93776K->7499K(109248K), 0,0185203 secs] 124852K->38771K(502464K), 0,0186192 secs] [Times: user=0,06 sys=0,00, real=0,01 secs] 
Heap after GC invocations=23 (full 1):
 par new generation   total 109248K, used 7499K [0x00000000e0000000, 0x00000000e8000000, 0x00000000e8000000)
  eden space 87424K,   0% used [0x00000000e0000000, 0x00000000e0000000, 0x00000000e5560000)
  from space 21824K,  34% used [0x00000000e6ab0000, 0x00000000e7202e00, 0x00000000e8000000)
  to   space 21824K,   0% used [0x00000000e5560000, 0x00000000e5560000, 0x00000000e6ab0000)
 concurrent mark-sweep generation total 393216K, used 31272K [0x00000000e8000000, 0x0000000100000000, 0x0000000100000000)
 Metaspace       used 30907K, capacity 31619K, committed 31996K, reserved 1077248K
  class space    used 3515K, capacity 3743K, committed 3836K, reserved 1048576K
}
2018-06-19T11:45:45.563+0200: 15,291: Total time for which application threads were stopped: 0,0188910 seconds, Stopping threads took: 0,0000387 seconds
{Heap before GC invocations=23 (full 1):
 par new generation   total 109248K, used 94923K [0x00000000e0000000, 0x00000000e8000000, 0x00000000e8000000)
  eden space 87424K, 100% used [0x00000000e0000000, 0x00000000e5560000, 0x00000000e5560000)
  from space 21824K,  34% used [0x00000000e6ab0000, 0x00000000e7202e00, 0x00000000e8000000)
  to   space 21824K,   0% used [0x00000000e5560000, 0x00000000e5560000, 0x00000000e6ab0000)
 concurrent mark-sweep generation total 393216K, used 31272K [0x00000000e8000000, 0x0000000100000000, 0x0000000100000000)
 Metaspace       used 30929K, capacity 31619K, committed 31996K, reserved 1077248K
  class space    used 3515K, capacity 3743K, committed 3836K, reserved 1048576K
2018-06-19T11:45:45.676+0200: 15,404: [GC (Allocation Failure) 2018-06-19T11:45:45.676+0200: 15,404: [ParNew
Desired survivor size 20112992 bytes, new threshold 8 (max 8)
- age   1:    1661480 bytes,    1661480 total
- age   2:    1284288 bytes,    2945768 total
- age   3:    1018968 bytes,    3964736 total
- age   4:    1113336 bytes,    5078072 total
- age   5:    1084696 bytes,    6162768 total
- age   6:     105784 bytes,    6268552 total
- age   7:      81168 bytes,    6349720 total
- age   8:     102592 bytes,    6452312 total
: 94923K->7393K(109248K), 0,0193225 secs] 126195K->38982K(502464K), 0,0194342 secs] [Times: user=0,08 sys=0,00, real=0,02 secs] 
Heap after GC invocations=24 (full 1):
 par new generation   total 109248K, used 7393K [0x00000000e0000000, 0x00000000e8000000, 0x00000000e8000000)
  eden space 87424K,   0% used [0x00000000e0000000, 0x00000000e0000000, 0x00000000e5560000)
  from space 21824K,  33% used [0x00000000e5560000, 0x00000000e5c98688, 0x00000000e6ab0000)
  to   space 21824K,   0% used [0x00000000e6ab0000, 0x00000000e6ab0000, 0x00000000e8000000)
 concurrent mark-sweep generation total 393216K, used 31589K [0x00000000e8000000, 0x0000000100000000, 0x0000000100000000)
 Metaspace       used 30929K, capacity 31619K, committed 31996K, reserved 1077248K
  class space    used 3515K, capacity 3743K, committed 3836K, reserved 1048576K
}
2018-06-19T11:45:45.696+0200: 15,423: Total time for which application threads were stopped: 0,0209902 seconds, Stopping threads took: 0,0012902 seconds
{Heap before GC invocations=24 (full 1):
 par new generation   total 109248K, used 94817K [0x00000000e0000000, 0x00000000e8000000, 0x00000000e8000000)
  eden space 87424K, 100% used [0x00000000e0000000, 0x00000000e5560000, 0x00000000e5560000)
  from space 21824K,  33% used [0x00000000e5560000, 0x00000000e5c98688, 0x00000000e6ab0000)
  to   space 21824K,   0% used [0x00000000e6ab0000, 0x00000000e6ab0000, 0x00000000e8000000)
 concurrent mark-sweep generation total 393216K, used 31589K [0x00000000e8000000, 0x0000000100000000, 0x0000000100000000)
 Metaspace       used 30931K, capacity 31619K, committed 31996K, reserved 1077248K
  class space    used 3515K, capacity 3743K, committed 3836K, reserved 1048576K
2018-06-19T11:45:45.823+0200: 15,551: [GC (Allocation Failure) 2018-06-19T11:45:45.823+0200: 15,551: [ParNew
Desired survivor size 20112992 bytes, new threshold 8 (max 8)
- age   1:    2026920 bytes,    2026920 total
- age   2:     890680 bytes,    2917600 total
- age   3:    1282784 bytes,    4200384 total
- age   4:     920616 bytes,    5121000 total
- age   5:    1113336 bytes,    6234336 total
- age   6:    1083800 bytes,    7318136 total
- age   7:     105736 bytes,    7423872 total
- age   8:      80936 bytes,    7504808 total
: 94817K->8096K(109248K), 0,0230452 secs] 126406K->39786K(502464K), 0,0231926 secs] [Times: user=0,06 sys=0,00, real=0,03 secs] 
Heap after GC invocations=25 (full 1):
 par new generation   total 109248K, used 8096K [0x00000000e0000000, 0x00000000e8000000, 0x00000000e8000000)
  eden space 87424K,   0% used [0x00000000e0000000, 0x00000000e0000000, 0x00000000e5560000)
  from space 21824K,  37% used [0x00000000e6ab0000, 0x00000000e72983d0, 0x00000000e8000000)
  to   space 21824K,   0% used [0x00000000e5560000, 0x00000000e5560000, 0x00000000e6ab0000)
 concurrent mark-sweep generation total 393216K, used 31689K [0x00000000e8000000, 0x0000000100000000, 0x0000000100000000)
 Metaspace       used 30931K, capacity 31619K, committed 31996K, reserved 1077248K
  class space    used 3515K, capacity 3743K, committed 3836K, reserved 1048576K
}
2018-06-19T11:45:45.846+0200: 15,574: Total time for which application threads were stopped: 0,0235277 seconds, Stopping threads took: 0,0000611 seconds
{Heap before GC invocations=25 (full 1):
 par new generation   total 109248K, used 95520K [0x00000000e0000000, 0x00000000e8000000, 0x00000000e8000000)
  eden space 87424K,  99% used [0x00000000e0000000, 0x00000000e555fd50, 0x00000000e5560000)
  from space 21824K,  37% used [0x00000000e6ab0000, 0x00000000e72983d0, 0x00000000e8000000)
  to   space 21824K,   0% used [0x00000000e5560000, 0x00000000e5560000, 0x00000000e6ab0000)
 concurrent mark-sweep generation total 393216K, used 31689K [0x00000000e8000000, 0x0000000100000000, 0x0000000100000000)
 Metaspace       used 30935K, capacity 31619K, committed 31996K, reserved 1077248K
  class space    used 3515K, capacity 3743K, committed 3836K, reserved 1048576K
2018-06-19T11:45:45.958+0200: 15,685: [GC (Allocation Failure) 2018-06-19T11:45:45.958+0200: 15,685: [ParNew
Desired survivor size 20112992 bytes, new threshold 8 (max 8)
- age   1:    1970688 bytes,    1970688 total
- age   2:    1056520 bytes,    3027208 total
- age   3:     890440 bytes,    3917648 total
- age   4:    1282784 bytes,    5200432 total
- age   5:     920616 bytes,    6121048 total
- age   6:    1113336 bytes,    7234384 total
- age   7:    1083752 bytes,    8318136 total
- age   8:     105504 bytes,    8423640 total
: 95520K->11980K(109248K), 0,0324091 secs] 127209K->43749K(502464K), 0,0325348 secs] [Times: user=0,09 sys=0,00, real=0,03 secs] 
Heap after GC invocations=26 (full 1):
 par new generation   total 109248K, used 11980K [0x00000000e0000000, 0x00000000e8000000, 0x00000000e8000000)
  eden space 87424K,   0% used [0x00000000e0000000, 0x00000000e0000000, 0x00000000e5560000)
  from space 21824K,  54% used [0x00000000e5560000, 0x00000000e6113350, 0x00000000e6ab0000)
  to   space 21824K,   0% used [0x00000000e6ab0000, 0x00000000e6ab0000, 0x00000000e8000000)
 concurrent mark-sweep generation total 393216K, used 31768K [0x00000000e8000000, 0x0000000100000000, 0x0000000100000000)
 Metaspace       used 30935K, capacity 31619K, committed 31996K, reserved 1077248K
  class space    used 3515K, capacity 3743K, committed 3836K, reserved 1048576K
}
2018-06-19T11:45:45.990+0200: 15,718: Total time for which application threads were stopped: 0,0328724 seconds, Stopping threads took: 0,0000715 seconds
{Heap before GC invocations=26 (full 1):
 par new generation   total 109248K, used 99404K [0x00000000e0000000, 0x00000000e8000000, 0x00000000e8000000)
  eden space 87424K, 100% used [0x00000000e0000000, 0x00000000e5560000, 0x00000000e5560000)
  from space 21824K,  54% used [0x00000000e5560000, 0x00000000e6113350, 0x00000000e6ab0000)
  to   space 21824K,   0% used [0x00000000e6ab0000, 0x00000000e6ab0000, 0x00000000e8000000)
 concurrent mark-sweep generation total 393216K, used 31768K [0x00000000e8000000, 0x0000000100000000, 0x0000000100000000)
 Metaspace       used 30942K, capacity 31619K, committed 31996K, reserved 1077248K
  class space    used 3515K, capacity 3743K, committed 3836K, reserved 1048576K
2018-06-19T11:45:46.108+0200: 15,836: [GC (Allocation Failure) 2018-06-19T11:45:46.108+0200: 15,836: [ParNew
Desired survivor size 20112992 bytes, new threshold 8 (max 8)
- age   1:    1927240 bytes,    1927240 total
- age   2:    1412544 bytes,    3339784 total
- age   3:    1056496 bytes,    4396280 total
- age   4:     890440 bytes,    5286720 total
- age   5:    1282784 bytes,    6569504 total
- age   6:     920616 bytes,    7490120 total
- age   7:    1112960 bytes,    8603080 total
- age   8:    1083392 bytes,    9686472 total
: 99404K->11990K(109248K), 0,0284878 secs] 131173K->43862K(502464K), 0,0285864 secs] [Times: user=0,08 sys=0,00, real=0,03 secs] 
Heap after GC invocations=27 (full 1):
 par new generation   total 109248K, used 11990K [0x00000000e0000000, 0x00000000e8000000, 0x00000000e8000000)
  eden space 87424K,   0% used [0x00000000e0000000, 0x00000000e0000000, 0x00000000e5560000)
  from space 21824K,  54% used [0x00000000e6ab0000, 0x00000000e7665bc0, 0x00000000e8000000)
  to   space 21824K,   0% used [0x00000000e5560000, 0x00000000e5560000, 0x00000000e6ab0000)
 concurrent mark-sweep generation total 393216K, used 31871K [0x00000000e8000000, 0x0000000100000000, 0x0000000100000000)
 Metaspace       used 30942K, capacity 31619K, committed 31996K, reserved 1077248K
  class space    used 3515K, capacity 3743K, committed 3836K, reserved 1048576K
}
2018-06-19T11:45:46.137+0200: 15,864: Total time for which application threads were stopped: 0,0289098 seconds, Stopping threads took: 0,0000732 seconds
2018-06-19T11:45:46.143+0200: 15,871: Total time for which application threads were stopped: 0,0001429 seconds, Stopping threads took: 0,0000479 seconds
2018-06-19T11:45:46.143+0200: 15,871: Total time for which application threads were stopped: 0,0001169 seconds, Stopping threads took: 0,0000358 seconds
2018-06-19T11:45:46.158+0200: 15,886: Total time for which application threads were stopped: 0,0071340 seconds, Stopping threads took: 0,0064099 seconds
2018-06-19T11:45:46.160+0200: 15,888: Total time for which application threads were stopped: 0,0004628 seconds, Stopping threads took: 0,0001249 seconds
2018-06-19T11:45:46.163+0200: 15,891: Total time for which application threads were stopped: 0,0001583 seconds, Stopping threads took: 0,0000593 seconds
2018-06-19T11:45:46.168+0200: 15,896: Total time for which application threads were stopped: 0,0019826 seconds, Stopping threads took: 0,0018727 seconds
2018-06-19T11:45:46.170+0200: 15,897: Total time for which application threads were stopped: 0,0001550 seconds, Stopping threads took: 0,0000576 seconds
{Heap before GC invocations=27 (full 1):
 par new generation   total 109248K, used 99414K [0x00000000e0000000, 0x00000000e8000000, 0x00000000e8000000)
  eden space 87424K, 100% used [0x00000000e0000000, 0x00000000e5560000, 0x00000000e5560000)
  from space 21824K,  54% used [0x00000000e6ab0000, 0x00000000e7665bc0, 0x00000000e8000000)
  to   space 21824K,   0% used [0x00000000e5560000, 0x00000000e5560000, 0x00000000e6ab0000)
 concurrent mark-sweep generation total 393216K, used 31871K [0x00000000e8000000, 0x0000000100000000, 0x0000000100000000)
 Metaspace       used 30945K, capacity 31619K, committed 31996K, reserved 1077248K
  class space    used 3515K, capacity 3743K, committed 3836K, reserved 1048576K
2018-06-19T11:45:46.302+0200: 16,030: [GC (Allocation Failure) 2018-06-19T11:45:46.302+0200: 16,030: [ParNew
Desired survivor size 20112992 bytes, new threshold 8 (max 8)
- age   1:    1679984 bytes,    1679984 total
- age   2:    1621648 bytes,    3301632 total
- age   3:    1354488 bytes,    4656120 total
- age   4:     999280 bytes,    5655400 total
- age   5:     833272 bytes,    6488672 total
- age   6:    1225808 bytes,    7714480 total
- age   7:     864464 bytes,    8578944 total
- age   8:    1068528 bytes,    9647472 total
: 99414K->14514K(109248K), 0,0218664 secs] 131286K->47330K(502464K), 0,0220105 secs] [Times: user=0,06 sys=0,00, real=0,03 secs] 
Heap after GC invocations=28 (full 1):
 par new generation   total 109248K, used 14514K [0x00000000e0000000, 0x00000000e8000000, 0x00000000e8000000)
  eden space 87424K,   0% used [0x00000000e0000000, 0x00000000e0000000, 0x00000000e5560000)
  from space 21824K,  66% used [0x00000000e5560000, 0x00000000e638c808, 0x00000000e6ab0000)
  to   space 21824K,   0% used [0x00000000e6ab0000, 0x00000000e6ab0000, 0x00000000e8000000)
 concurrent mark-sweep generation total 393216K, used 32816K [0x00000000e8000000, 0x0000000100000000, 0x0000000100000000)
 Metaspace       used 30945K, capacity 31619K, committed 31996K, reserved 1077248K
  class space    used 3515K, capacity 3743K, committed 3836K, reserved 1048576K
}
2018-06-19T11:45:46.325+0200: 16,052: Total time for which application threads were stopped: 0,0223461 seconds, Stopping threads took: 0,0000659 seconds
{Heap before GC invocations=28 (full 1):
 par new generation   total 109248K, used 101938K [0x00000000e0000000, 0x00000000e8000000, 0x00000000e8000000)
  eden space 87424K, 100% used [0x00000000e0000000, 0x00000000e5560000, 0x00000000e5560000)
  from space 21824K,  66% used [0x00000000e5560000, 0x00000000e638c808, 0x00000000e6ab0000)
  to   space 21824K,   0% used [0x00000000e6ab0000, 0x00000000e6ab0000, 0x00000000e8000000)
 concurrent mark-sweep generation total 393216K, used 32816K [0x00000000e8000000, 0x0000000100000000, 0x0000000100000000)
 Metaspace       used 30959K, capacity 31689K, committed 31996K, reserved 1077248K
  class space    used 3515K, capacity 3744K, committed 3836K, reserved 1048576K
2018-06-19T11:45:46.456+0200: 16,184: [GC (Allocation Failure) 2018-06-19T11:45:46.456+0200: 16,184: [ParNew
Desired survivor size 20112992 bytes, new threshold 8 (max 8)
- age   1:    1462232 bytes,    1462232 total
- age   2:    1210544 bytes,    2672776 total
- age   3:    1588864 bytes,    4261640 total
- age   4:    1354488 bytes,    5616128 total
- age   5:     999280 bytes,    6615408 total
- age   6:     833272 bytes,    7448680 total
- age   7:    1225760 bytes,    8674440 total
- age   8:     864232 bytes,    9538672 total
: 101938K->12157K(109248K), 0,0217023 secs] 134754K->46024K(502464K), 0,0218053 secs] [Times: user=0,07 sys=0,00, real=0,02 secs] 
Heap after GC invocations=29 (full 1):
 par new generation   total 109248K, used 12157K [0x00000000e0000000, 0x00000000e8000000, 0x00000000e8000000)
  eden space 87424K,   0% used [0x00000000e0000000, 0x00000000e0000000, 0x00000000e5560000)
  from space 21824K,  55% used [0x00000000e6ab0000, 0x00000000e768f440, 0x00000000e8000000)
  to   space 21824K,   0% used [0x00000000e5560000, 0x00000000e5560000, 0x00000000e6ab0000)
 concurrent mark-sweep generation total 393216K, used 33867K [0x00000000e8000000, 0x0000000100000000, 0x0000000100000000)
 Metaspace       used 30959K, capacity 31689K, committed 31996K, reserved 1077248K
  class space    used 3515K, capacity 3744K, committed 3836K, reserved 1048576K
}
2018-06-19T11:45:46.478+0200: 16,206: Total time for which application threads were stopped: 0,0247848 seconds, Stopping threads took: 0,0027289 seconds
{Heap before GC invocations=29 (full 1):
 par new generation   total 109248K, used 99581K [0x00000000e0000000, 0x00000000e8000000, 0x00000000e8000000)
  eden space 87424K, 100% used [0x00000000e0000000, 0x00000000e5560000, 0x00000000e5560000)
  from space 21824K,  55% used [0x00000000e6ab0000, 0x00000000e768f440, 0x00000000e8000000)
  to   space 21824K,   0% used [0x00000000e5560000, 0x00000000e5560000, 0x00000000e6ab0000)
 concurrent mark-sweep generation total 393216K, used 33867K [0x00000000e8000000, 0x0000000100000000, 0x0000000100000000)
 Metaspace       used 30963K, capacity 31689K, committed 31996K, reserved 1077248K
  class space    used 3515K, capacity 3744K, committed 3836K, reserved 1048576K
2018-06-19T11:45:46.610+0200: 16,338: [GC (Allocation Failure) 2018-06-19T11:45:46.610+0200: 16,338: [ParNew
Desired survivor size 20112992 bytes, new threshold 8 (max 8)
- age   1:    1190144 bytes,    1190144 total
- age   2:     969232 bytes,    2159376 total
- age   3:    1210544 bytes,    3369920 total
- age   4:    1588832 bytes,    4958752 total
- age   5:    1354488 bytes,    6313240 total
- age   6:     999280 bytes,    7312520 total
- age   7:     833272 bytes,    8145792 total
- age   8:    1225760 bytes,    9371552 total
: 99581K->10346K(109248K), 0,0222331 secs] 133448K->45067K(502464K), 0,0223083 secs] [Times: user=0,05 sys=0,00, real=0,03 secs] 
Heap after GC invocations=30 (full 1):
 par new generation   total 109248K, used 10346K [0x00000000e0000000, 0x00000000e8000000, 0x00000000e8000000)
  eden space 87424K,   0% used [0x00000000e0000000, 0x00000000e0000000, 0x00000000e5560000)
  from space 21824K,  47% used [0x00000000e5560000, 0x00000000e5f7a918, 0x00000000e6ab0000)
  to   space 21824K,   0% used [0x00000000e6ab0000, 0x00000000e6ab0000, 0x00000000e8000000)
 concurrent mark-sweep generation total 393216K, used 34721K [0x00000000e8000000, 0x0000000100000000, 0x0000000100000000)
 Metaspace       used 30963K, capacity 31689K, committed 31996K, reserved 1077248K
  class space    used 3515K, capacity 3744K, committed 3836K, reserved 1048576K
}
2018-06-19T11:45:46.632+0200: 16,360: Total time for which application threads were stopped: 0,0226108 seconds, Stopping threads took: 0,0000805 seconds
2018-06-19T11:45:46.707+0200: 16,435: Total time for which application threads were stopped: 0,0001287 seconds, Stopping threads took: 0,0000387 seconds
2018-06-19T11:45:46.711+0200: 16,438: Total time for which application threads were stopped: 0,0002790 seconds, Stopping threads took: 0,0001393 seconds
{Heap before GC invocations=30 (full 1):
 par new generation   total 109248K, used 97770K [0x00000000e0000000, 0x00000000e8000000, 0x00000000e8000000)
  eden space 87424K, 100% used [0x00000000e0000000, 0x00000000e5560000, 0x00000000e5560000)
  from space 21824K,  47% used [0x00000000e5560000, 0x00000000e5f7a918, 0x00000000e6ab0000)
  to   space 21824K,   0% used [0x00000000e6ab0000, 0x00000000e6ab0000, 0x00000000e8000000)
 concurrent mark-sweep generation total 393216K, used 34721K [0x00000000e8000000, 0x0000000100000000, 0x0000000100000000)
 Metaspace       used 30977K, capacity 31689K, committed 31996K, reserved 1077248K
  class space    used 3515K, capacity 3744K, committed 3836K, reserved 1048576K
2018-06-19T11:45:46.776+0200: 16,504: [GC (Allocation Failure) 2018-06-19T11:45:46.776+0200: 16,504: [ParNew
Desired survivor size 20112992 bytes, new threshold 8 (max 8)
- age   1:    1594064 bytes,    1594064 total
- age   2:     701240 bytes,    2295304 total
- age   3:     925624 bytes,    3220928 total
- age   4:     818296 bytes,    4039224 total
- age   5:    1562328 bytes,    5601552 total
- age   6:    1202688 bytes,    6804240 total
- age   7:     848800 bytes,    7653040 total
- age   8:     682848 bytes,    8335888 total
: 97770K->10016K(109248K), 0,0220468 secs] 132491K->45792K(502464K), 0,0223170 secs] [Times: user=0,06 sys=0,00, real=0,02 secs] 
Heap after GC invocations=31 (full 1):
 par new generation   total 109248K, used 10016K [0x00000000e0000000, 0x00000000e8000000, 0x00000000e8000000)
  eden space 87424K,   0% used [0x00000000e0000000, 0x00000000e0000000, 0x00000000e5560000)
  from space 21824K,  45% used [0x00000000e6ab0000, 0x00000000e74783d0, 0x00000000e8000000)
  to   space 21824K,   0% used [0x00000000e5560000, 0x00000000e5560000, 0x00000000e6ab0000)
 concurrent mark-sweep generation total 393216K, used 35775K [0x00000000e8000000, 0x0000000100000000, 0x0000000100000000)
 Metaspace       used 30977K, capacity 31689K, committed 31996K, reserved 1077248K
  class space    used 3515K, capacity 3744K, committed 3836K, reserved 1048576K
}
2018-06-19T11:45:46.799+0200: 16,527: Total time for which application threads were stopped: 0,0228826 seconds, Stopping threads took: 0,0000325 seconds
2018-06-19T11:45:46.879+0200: 16,607: Total time for which application threads were stopped: 0,0001335 seconds, Stopping threads took: 0,0000286 seconds
2018-06-19T11:45:46.883+0200: 16,611: Total time for which application threads were stopped: 0,0001349 seconds, Stopping threads took: 0,0000357 seconds
2018-06-19T11:45:46.884+0200: 16,612: Total time for which application threads were stopped: 0,0003013 seconds, Stopping threads took: 0,0000376 seconds
2018-06-19T11:45:47.027+0200: 16,755: Total time for which application threads were stopped: 0,0001344 seconds, Stopping threads took: 0,0000302 seconds
2018-06-19T11:45:47.027+0200: 16,755: Total time for which application threads were stopped: 0,0000638 seconds, Stopping threads took: 0,0000148 seconds
2018-06-19T11:45:47.027+0200: 16,755: Total time for which application threads were stopped: 0,0000586 seconds, Stopping threads took: 0,0000135 seconds
2018-06-19T11:45:47.027+0200: 16,755: Total time for which application threads were stopped: 0,0000492 seconds, Stopping threads took: 0,0000117 seconds
2018-06-19T11:45:47.087+0200: 16,815: Total time for which application threads were stopped: 0,0001579 seconds, Stopping threads took: 0,0000615 seconds
2018-06-19T11:45:47.089+0200: 16,816: Total time for which application threads were stopped: 0,0001359 seconds, Stopping threads took: 0,0000538 seconds
2018-06-19T11:45:47.101+0200: 16,829: Total time for which application threads were stopped: 0,0001432 seconds, Stopping threads took: 0,0000346 seconds
2018-06-19T11:45:47.104+0200: 16,831: Total time for which application threads were stopped: 0,0001440 seconds, Stopping threads took: 0,0000487 seconds
2018-06-19T11:45:47.105+0200: 16,833: Total time for which application threads were stopped: 0,0001089 seconds, Stopping threads took: 0,0000340 seconds
2018-06-19T11:45:47.108+0200: 16,835: Total time for which application threads were stopped: 0,0006784 seconds, Stopping threads took: 0,0000835 seconds
2018-06-19T11:45:47.640+0200: 17,368: Total time for which application threads were stopped: 0,0001282 seconds, Stopping threads took: 0,0000308 seconds
2018-06-19T11:45:47.640+0200: 17,368: Total time for which application threads were stopped: 0,0000558 seconds, Stopping threads took: 0,0000137 seconds
2018-06-19T11:45:47.640+0200: 17,368: Total time for which application threads were stopped: 0,0000536 seconds, Stopping threads took: 0,0000162 seconds
2018-06-19T11:45:47.641+0200: 17,368: Total time for which application threads were stopped: 0,0000491 seconds, Stopping threads took: 0,0000109 seconds
2018-06-19T11:45:47.662+0200: 17,390: Total time for which application threads were stopped: 0,0007397 seconds, Stopping threads took: 0,0002130 seconds
2018-06-19T11:45:47.679+0200: 17,407: Total time for which application threads were stopped: 0,0001478 seconds, Stopping threads took: 0,0000358 seconds
2018-06-19T11:45:47.680+0200: 17,407: Total time for which application threads were stopped: 0,0000765 seconds, Stopping threads took: 0,0000176 seconds
2018-06-19T11:45:47.680+0200: 17,407: Total time for which application threads were stopped: 0,0000685 seconds, Stopping threads took: 0,0000237 seconds
2018-06-19T11:45:47.680+0200: 17,408: Total time for which application threads were stopped: 0,0001511 seconds, Stopping threads took: 0,0000272 seconds
2018-06-19T11:45:48.680+0200: 18,408: Total time for which application threads were stopped: 0,0001030 seconds, Stopping threads took: 0,0000221 seconds
2018-06-19T11:45:56.233+0200: 25,960: Total time for which application threads were stopped: 0,0005282 seconds, Stopping threads took: 0,0000183 seconds
2018-06-19T11:45:56.234+0200: 25,961: Total time for which application threads were stopped: 0,0005546 seconds, Stopping threads took: 0,0000122 seconds
2018-06-19T11:45:56.238+0200: 25,966: Total time for which application threads were stopped: 0,0001297 seconds, Stopping threads took: 0,0000610 seconds
2018-06-19T11:45:56.245+0200: 25,972: Total time for which application threads were stopped: 0,0001663 seconds, Stopping threads took: 0,0000674 seconds
2018-06-19T11:45:56.248+0200: 25,975: Total time for which application threads were stopped: 0,0018650 seconds, Stopping threads took: 0,0017877 seconds
2018-06-19T11:45:56.248+0200: 25,975: Total time for which application threads were stopped: 0,0000663 seconds, Stopping threads took: 0,0000303 seconds
2018-06-19T11:45:56.252+0200: 25,980: Total time for which application threads were stopped: 0,0034714 seconds, Stopping threads took: 0,0033919 seconds
2018-06-19T11:45:56.257+0200: 25,985: Total time for which application threads were stopped: 0,0002429 seconds, Stopping threads took: 0,0001534 seconds
2018-06-19T11:45:56.268+0200: 25,996: Total time for which application threads were stopped: 0,0003131 seconds, Stopping threads took: 0,0001561 seconds
2018-06-19T11:45:56.268+0200: 25,996: Total time for which application threads were stopped: 0,0000845 seconds, Stopping threads took: 0,0000207 seconds
2018-06-19T11:45:56.269+0200: 25,996: Total time for which application threads were stopped: 0,0000912 seconds, Stopping threads took: 0,0000404 seconds
2018-06-19T11:45:56.269+0200: 25,996: Total time for which application threads were stopped: 0,0000889 seconds, Stopping threads took: 0,0000447 seconds
2018-06-19T11:45:56.269+0200: 25,996: Total time for which application threads were stopped: 0,0000785 seconds, Stopping threads took: 0,0000287 seconds
2018-06-19T11:45:56.269+0200: 25,997: Total time for which application threads were stopped: 0,0000711 seconds, Stopping threads took: 0,0000303 seconds
2018-06-19T11:45:56.269+0200: 25,997: Total time for which application threads were stopped: 0,0000509 seconds, Stopping threads took: 0,0000074 seconds
2018-06-19T11:45:56.269+0200: 25,997: Total time for which application threads were stopped: 0,0005553 seconds, Stopping threads took: 0,0004981 seconds
2018-06-19T11:45:56.270+0200: 25,997: Total time for which application threads were stopped: 0,0000887 seconds, Stopping threads took: 0,0000410 seconds
2018-06-19T11:45:56.270+0200: 25,997: Total time for which application threads were stopped: 0,0000516 seconds, Stopping threads took: 0,0000111 seconds
2018-06-19T11:45:56.270+0200: 25,998: Total time for which application threads were stopped: 0,0001920 seconds, Stopping threads took: 0,0000098 seconds
2018-06-19T11:45:56.276+0200: 26,004: Total time for which application threads were stopped: 0,0001776 seconds, Stopping threads took: 0,0000512 seconds
2018-06-19T11:45:56.277+0200: 26,005: Total time for which application threads were stopped: 0,0007231 seconds, Stopping threads took: 0,0005979 seconds
2018-06-19T11:45:56.280+0200: 26,008: Total time for which application threads were stopped: 0,0001735 seconds, Stopping threads took: 0,0000586 seconds
2018-06-19T11:45:56.284+0200: 26,012: Total time for which application threads were stopped: 0,0001401 seconds, Stopping threads took: 0,0000421 seconds
Heap
 par new generation   total 109248K, used 68804K [0x00000000e0000000, 0x00000000e8000000, 0x00000000e8000000)
  eden space 87424K,  67% used [0x00000000e0000000, 0x00000000e3968de0, 0x00000000e5560000)
  from space 21824K,  45% used [0x00000000e6ab0000, 0x00000000e74783d0, 0x00000000e8000000)
  to   space 21824K,   0% used [0x00000000e5560000, 0x00000000e5560000, 0x00000000e6ab0000)
 concurrent mark-sweep generation total 393216K, used 35775K [0x00000000e8000000, 0x0000000100000000, 0x0000000100000000)
 Metaspace       used 31122K, capacity 31829K, committed 31996K, reserved 1077248K
  class space    used 3527K, capacity 3746K, committed 3836K, reserved 1048576K
