OpenJDK 64-Bit Server VM (25.171-b11) for linux-amd64 JRE (1.8.0_171-8u171-b11-0ubuntu0.16.04.1-b11), built on Apr 27 2018 17:19:03 by "buildd" with gcc 5.4.0 20160609
Memory: 4k page, physical 7867608k(1759460k free), swap 8076284k(8076284k free)
CommandLine flags: -XX:CMSInitiatingOccupancyFraction=50 -XX:CMSMaxAbortablePrecleanTime=6000 -XX:+CMSParallelRemarkEnabled -XX:+CMSScavengeBeforeRemark -XX:ConcGCThreads=4 -XX:InitialHeapSize=536870912 -XX:MaxHeapSize=536870912 -XX:MaxTenuringThreshold=8 -XX:NewRatio=3 -XX:OldPLABSize=16 -XX:OnOutOfMemoryError=/home/gurnoor/workspace/QTM/solr/bin/oom_solr.sh 8983 /home/gurnoor/workspace/QTM/solr/server/logs -XX:ParallelGCThreads=4 -XX:+ParallelRefProcEnabled -XX:PretenureSizeThreshold=67108864 -XX:+PrintGC -XX:+PrintGCApplicationStoppedTime -XX:+PrintGCDateStamps -XX:+PrintGCDetails -XX:+PrintGCTimeStamps -XX:+PrintHeapAtGC -XX:+PrintTenuringDistribution -XX:SurvivorRatio=4 -XX:TargetSurvivorRatio=90 -XX:ThreadStackSize=256 -XX:+UseCMSInitiatingOccupancyOnly -XX:+UseCompressedClassPointers -XX:+UseCompressedOops -XX:+UseConcMarkSweepGC -XX:+UseParNewGC 
2018-05-31T10:15:36.637+0200: 0,425: Total time for which application threads were stopped: 0,0001802 seconds, Stopping threads took: 0,0000278 seconds
2018-05-31T10:15:36.927+0200: 0,715: Total time for which application threads were stopped: 0,0002370 seconds, Stopping threads took: 0,0000537 seconds
2018-05-31T10:15:36.971+0200: 0,759: Total time for which application threads were stopped: 0,0001223 seconds, Stopping threads took: 0,0000202 seconds
2018-05-31T10:15:37.475+0200: 1,263: Total time for which application threads were stopped: 0,0002296 seconds, Stopping threads took: 0,0000209 seconds
2018-05-31T10:15:37.869+0200: 1,656: Total time for which application threads were stopped: 0,0003486 seconds, Stopping threads took: 0,0000319 seconds
2018-05-31T10:15:37.997+0200: 1,784: Total time for which application threads were stopped: 0,0002102 seconds, Stopping threads took: 0,0000340 seconds
2018-05-31T10:15:38.072+0200: 1,860: Total time for which application threads were stopped: 0,0002466 seconds, Stopping threads took: 0,0000338 seconds
2018-05-31T10:15:38.762+0200: 2,550: Total time for which application threads were stopped: 0,0002816 seconds, Stopping threads took: 0,0000350 seconds
2018-05-31T10:15:39.265+0200: 3,052: Total time for which application threads were stopped: 0,0010103 seconds, Stopping threads took: 0,0000398 seconds
2018-05-31T10:15:39.349+0200: 3,136: Total time for which application threads were stopped: 0,0002817 seconds, Stopping threads took: 0,0000330 seconds
2018-05-31T10:15:39.447+0200: 3,234: Total time for which application threads were stopped: 0,0004091 seconds, Stopping threads took: 0,0000410 seconds
2018-05-31T10:15:39.449+0200: 3,236: Total time for which application threads were stopped: 0,0003209 seconds, Stopping threads took: 0,0000547 seconds
2018-05-31T10:15:39.501+0200: 3,288: Total time for which application threads were stopped: 0,0002778 seconds, Stopping threads took: 0,0000237 seconds
2018-05-31T10:15:39.708+0200: 3,495: Total time for which application threads were stopped: 0,0003208 seconds, Stopping threads took: 0,0000377 seconds
2018-05-31T10:15:40.121+0200: 3,908: Total time for which application threads were stopped: 0,0005717 seconds, Stopping threads took: 0,0002291 seconds
{Heap before GC invocations=0 (full 0):
 par new generation   total 109248K, used 87424K [0x00000000e0000000, 0x00000000e8000000, 0x00000000e8000000)
  eden space 87424K, 100% used [0x00000000e0000000, 0x00000000e5560000, 0x00000000e5560000)
  from space 21824K,   0% used [0x00000000e5560000, 0x00000000e5560000, 0x00000000e6ab0000)
  to   space 21824K,   0% used [0x00000000e6ab0000, 0x00000000e6ab0000, 0x00000000e8000000)
 concurrent mark-sweep generation total 393216K, used 0K [0x00000000e8000000, 0x0000000100000000, 0x0000000100000000)
 Metaspace       used 18286K, capacity 18600K, committed 18944K, reserved 1067008K
  class space    used 2063K, capacity 2198K, committed 2304K, reserved 1048576K
2018-05-31T10:15:40.338+0200: 4,125: [GC (Allocation Failure) 2018-05-31T10:15:40.338+0200: 4,125: [ParNew
Desired survivor size 20112992 bytes, new threshold 8 (max 8)
- age   1:   12757304 bytes,   12757304 total
: 87424K->12578K(109248K), 0,0288146 secs] 87424K->12578K(502464K), 0,0288835 secs] [Times: user=0,05 sys=0,01, real=0,03 secs] 
Heap after GC invocations=1 (full 0):
 par new generation   total 109248K, used 12578K [0x00000000e0000000, 0x00000000e8000000, 0x00000000e8000000)
  eden space 87424K,   0% used [0x00000000e0000000, 0x00000000e0000000, 0x00000000e5560000)
  from space 21824K,  57% used [0x00000000e6ab0000, 0x00000000e76f8a10, 0x00000000e8000000)
  to   space 21824K,   0% used [0x00000000e5560000, 0x00000000e5560000, 0x00000000e6ab0000)
 concurrent mark-sweep generation total 393216K, used 0K [0x00000000e8000000, 0x0000000100000000, 0x0000000100000000)
 Metaspace       used 18286K, capacity 18600K, committed 18944K, reserved 1067008K
  class space    used 2063K, capacity 2198K, committed 2304K, reserved 1048576K
}
2018-05-31T10:15:40.367+0200: 4,154: Total time for which application threads were stopped: 0,0291989 seconds, Stopping threads took: 0,0000220 seconds
2018-05-31T10:15:40.381+0200: 4,168: Total time for which application threads were stopped: 0,0002856 seconds, Stopping threads took: 0,0000576 seconds
2018-05-31T10:15:40.383+0200: 4,170: Total time for which application threads were stopped: 0,0001662 seconds, Stopping threads took: 0,0000649 seconds
2018-05-31T10:15:40.383+0200: 4,170: Total time for which application threads were stopped: 0,0001460 seconds, Stopping threads took: 0,0000466 seconds
2018-05-31T10:15:40.383+0200: 4,171: Total time for which application threads were stopped: 0,0001025 seconds, Stopping threads took: 0,0000443 seconds
2018-05-31T10:15:40.385+0200: 4,172: Total time for which application threads were stopped: 0,0001001 seconds, Stopping threads took: 0,0000378 seconds
2018-05-31T10:15:40.385+0200: 4,172: Total time for which application threads were stopped: 0,0000659 seconds, Stopping threads took: 0,0000237 seconds
2018-05-31T10:15:40.385+0200: 4,172: Total time for which application threads were stopped: 0,0000657 seconds, Stopping threads took: 0,0000217 seconds
2018-05-31T10:15:40.393+0200: 4,180: Total time for which application threads were stopped: 0,0001901 seconds, Stopping threads took: 0,0000321 seconds
2018-05-31T10:15:40.394+0200: 4,181: Total time for which application threads were stopped: 0,0001443 seconds, Stopping threads took: 0,0000582 seconds
2018-05-31T10:15:40.394+0200: 4,181: Total time for which application threads were stopped: 0,0001126 seconds, Stopping threads took: 0,0000295 seconds
2018-05-31T10:15:40.397+0200: 4,184: Total time for which application threads were stopped: 0,0028233 seconds, Stopping threads took: 0,0027355 seconds
2018-05-31T10:15:40.397+0200: 4,184: Total time for which application threads were stopped: 0,0000977 seconds, Stopping threads took: 0,0000361 seconds
2018-05-31T10:15:40.436+0200: 4,223: Total time for which application threads were stopped: 0,0001314 seconds, Stopping threads took: 0,0000399 seconds
2018-05-31T10:15:40.436+0200: 4,223: Total time for which application threads were stopped: 0,0001135 seconds, Stopping threads took: 0,0000450 seconds
2018-05-31T10:15:40.436+0200: 4,223: Total time for which application threads were stopped: 0,0000624 seconds, Stopping threads took: 0,0000201 seconds
2018-05-31T10:15:40.436+0200: 4,223: Total time for which application threads were stopped: 0,0000869 seconds, Stopping threads took: 0,0000384 seconds
2018-05-31T10:15:40.437+0200: 4,224: Total time for which application threads were stopped: 0,0001182 seconds, Stopping threads took: 0,0000469 seconds
2018-05-31T10:15:40.437+0200: 4,224: Total time for which application threads were stopped: 0,0000618 seconds, Stopping threads took: 0,0000138 seconds
2018-05-31T10:15:40.437+0200: 4,224: Total time for which application threads were stopped: 0,0000725 seconds, Stopping threads took: 0,0000316 seconds
2018-05-31T10:15:40.438+0200: 4,225: Total time for which application threads were stopped: 0,0001854 seconds, Stopping threads took: 0,0001010 seconds
2018-05-31T10:15:40.438+0200: 4,225: Total time for which application threads were stopped: 0,0001780 seconds, Stopping threads took: 0,0000662 seconds
2018-05-31T10:15:40.439+0200: 4,226: Total time for which application threads were stopped: 0,0001887 seconds, Stopping threads took: 0,0000718 seconds
2018-05-31T10:15:40.439+0200: 4,226: Total time for which application threads were stopped: 0,0001156 seconds, Stopping threads took: 0,0000458 seconds
2018-05-31T10:15:40.439+0200: 4,227: Total time for which application threads were stopped: 0,0000911 seconds, Stopping threads took: 0,0000319 seconds
2018-05-31T10:15:40.440+0200: 4,227: Total time for which application threads were stopped: 0,0000634 seconds, Stopping threads took: 0,0000214 seconds
2018-05-31T10:15:40.496+0200: 4,283: Total time for which application threads were stopped: 0,0003174 seconds, Stopping threads took: 0,0002391 seconds
2018-05-31T10:15:40.496+0200: 4,283: Total time for which application threads were stopped: 0,0000812 seconds, Stopping threads took: 0,0000152 seconds
2018-05-31T10:15:40.497+0200: 4,284: Total time for which application threads were stopped: 0,0002574 seconds, Stopping threads took: 0,0000350 seconds
2018-05-31T10:15:40.499+0200: 4,286: Total time for which application threads were stopped: 0,0001647 seconds, Stopping threads took: 0,0000874 seconds
2018-05-31T10:15:40.499+0200: 4,286: Total time for which application threads were stopped: 0,0000909 seconds, Stopping threads took: 0,0000237 seconds
2018-05-31T10:15:40.501+0200: 4,288: Total time for which application threads were stopped: 0,0017792 seconds, Stopping threads took: 0,0017118 seconds
2018-05-31T10:15:40.501+0200: 4,288: Total time for which application threads were stopped: 0,0000795 seconds, Stopping threads took: 0,0000189 seconds
2018-05-31T10:15:40.504+0200: 4,292: Total time for which application threads were stopped: 0,0008170 seconds, Stopping threads took: 0,0006519 seconds
2018-05-31T10:15:40.505+0200: 4,292: Total time for which application threads were stopped: 0,0001681 seconds, Stopping threads took: 0,0000387 seconds
2018-05-31T10:15:40.505+0200: 4,293: Total time for which application threads were stopped: 0,0001990 seconds, Stopping threads took: 0,0000639 seconds
2018-05-31T10:15:40.506+0200: 4,293: Total time for which application threads were stopped: 0,0001298 seconds, Stopping threads took: 0,0000354 seconds
2018-05-31T10:15:40.507+0200: 4,294: Total time for which application threads were stopped: 0,0001752 seconds, Stopping threads took: 0,0000450 seconds
2018-05-31T10:15:40.508+0200: 4,295: Total time for which application threads were stopped: 0,0012779 seconds, Stopping threads took: 0,0000658 seconds
2018-05-31T10:15:40.512+0200: 4,299: Total time for which application threads were stopped: 0,0003519 seconds, Stopping threads took: 0,0001464 seconds
2018-05-31T10:15:40.512+0200: 4,300: Total time for which application threads were stopped: 0,0001295 seconds, Stopping threads took: 0,0000394 seconds
2018-05-31T10:15:40.514+0200: 4,302: Total time for which application threads were stopped: 0,0000825 seconds, Stopping threads took: 0,0000339 seconds
2018-05-31T10:15:40.516+0200: 4,303: Total time for which application threads were stopped: 0,0001313 seconds, Stopping threads took: 0,0000622 seconds
2018-05-31T10:15:40.516+0200: 4,303: Total time for which application threads were stopped: 0,0001150 seconds, Stopping threads took: 0,0000332 seconds
2018-05-31T10:15:40.516+0200: 4,303: Total time for which application threads were stopped: 0,0000599 seconds, Stopping threads took: 0,0000126 seconds
2018-05-31T10:15:40.516+0200: 4,303: Total time for which application threads were stopped: 0,0000547 seconds, Stopping threads took: 0,0000233 seconds
2018-05-31T10:15:40.516+0200: 4,303: Total time for which application threads were stopped: 0,0000787 seconds, Stopping threads took: 0,0000400 seconds
2018-05-31T10:15:40.516+0200: 4,303: Total time for which application threads were stopped: 0,0000564 seconds, Stopping threads took: 0,0000217 seconds
2018-05-31T10:15:40.516+0200: 4,304: Total time for which application threads were stopped: 0,0000632 seconds, Stopping threads took: 0,0000312 seconds
2018-05-31T10:15:40.516+0200: 4,304: Total time for which application threads were stopped: 0,0000557 seconds, Stopping threads took: 0,0000103 seconds
2018-05-31T10:15:40.517+0200: 4,304: Total time for which application threads were stopped: 0,0000701 seconds, Stopping threads took: 0,0000138 seconds
2018-05-31T10:15:40.517+0200: 4,304: Total time for which application threads were stopped: 0,0000636 seconds, Stopping threads took: 0,0000115 seconds
2018-05-31T10:15:40.517+0200: 4,304: Total time for which application threads were stopped: 0,0000568 seconds, Stopping threads took: 0,0000108 seconds
2018-05-31T10:15:40.517+0200: 4,304: Total time for which application threads were stopped: 0,0000636 seconds, Stopping threads took: 0,0000240 seconds
2018-05-31T10:15:40.517+0200: 4,304: Total time for which application threads were stopped: 0,0000576 seconds, Stopping threads took: 0,0000254 seconds
2018-05-31T10:15:40.517+0200: 4,304: Total time for which application threads were stopped: 0,0000591 seconds, Stopping threads took: 0,0000182 seconds
2018-05-31T10:15:40.518+0200: 4,305: Total time for which application threads were stopped: 0,0000602 seconds, Stopping threads took: 0,0000275 seconds
2018-05-31T10:15:40.518+0200: 4,305: Total time for which application threads were stopped: 0,0001466 seconds, Stopping threads took: 0,0000129 seconds
2018-05-31T10:15:40.519+0200: 4,306: Total time for which application threads were stopped: 0,0000930 seconds, Stopping threads took: 0,0000251 seconds
2018-05-31T10:15:40.549+0200: 4,336: Total time for which application threads were stopped: 0,0000979 seconds, Stopping threads took: 0,0000318 seconds
2018-05-31T10:15:40.551+0200: 4,338: Total time for which application threads were stopped: 0,0001076 seconds, Stopping threads took: 0,0000469 seconds
2018-05-31T10:15:40.580+0200: 4,367: Total time for which application threads were stopped: 0,0040046 seconds, Stopping threads took: 0,0037261 seconds
2018-05-31T10:15:40.581+0200: 4,368: Total time for which application threads were stopped: 0,0001783 seconds, Stopping threads took: 0,0000782 seconds
2018-05-31T10:15:40.581+0200: 4,368: Total time for which application threads were stopped: 0,0001878 seconds, Stopping threads took: 0,0001053 seconds
2018-05-31T10:15:40.581+0200: 4,369: Total time for which application threads were stopped: 0,0000540 seconds, Stopping threads took: 0,0000171 seconds
2018-05-31T10:15:40.581+0200: 4,369: Total time for which application threads were stopped: 0,0000486 seconds, Stopping threads took: 0,0000125 seconds
2018-05-31T10:15:40.582+0200: 4,369: Total time for which application threads were stopped: 0,0000845 seconds, Stopping threads took: 0,0000449 seconds
2018-05-31T10:15:40.585+0200: 4,372: Total time for which application threads were stopped: 0,0001180 seconds, Stopping threads took: 0,0000445 seconds
2018-05-31T10:15:40.585+0200: 4,372: Total time for which application threads were stopped: 0,0001015 seconds, Stopping threads took: 0,0000494 seconds
2018-05-31T10:15:40.589+0200: 4,376: Total time for which application threads were stopped: 0,0023033 seconds, Stopping threads took: 0,0022259 seconds
2018-05-31T10:15:40.593+0200: 4,381: Total time for which application threads were stopped: 0,0001402 seconds, Stopping threads took: 0,0000304 seconds
2018-05-31T10:15:40.594+0200: 4,381: Total time for which application threads were stopped: 0,0001157 seconds, Stopping threads took: 0,0000376 seconds
2018-05-31T10:15:40.594+0200: 4,381: Total time for which application threads were stopped: 0,0000820 seconds, Stopping threads took: 0,0000134 seconds
2018-05-31T10:15:40.594+0200: 4,381: Total time for which application threads were stopped: 0,0000723 seconds, Stopping threads took: 0,0000124 seconds
2018-05-31T10:15:40.594+0200: 4,381: Total time for which application threads were stopped: 0,0001867 seconds, Stopping threads took: 0,0000275 seconds
2018-05-31T10:15:40.607+0200: 4,394: Total time for which application threads were stopped: 0,0002009 seconds, Stopping threads took: 0,0000696 seconds
2018-05-31T10:15:40.608+0200: 4,395: Total time for which application threads were stopped: 0,0001876 seconds, Stopping threads took: 0,0000435 seconds
2018-05-31T10:15:40.717+0200: 4,504: Total time for which application threads were stopped: 0,0120214 seconds, Stopping threads took: 0,0118818 seconds
2018-05-31T10:15:40.861+0200: 4,648: Total time for which application threads were stopped: 0,0001446 seconds, Stopping threads took: 0,0000322 seconds
2018-05-31T10:15:40.868+0200: 4,655: Total time for which application threads were stopped: 0,0004387 seconds, Stopping threads took: 0,0000674 seconds
2018-05-31T10:15:40.979+0200: 4,766: Total time for which application threads were stopped: 0,0001734 seconds, Stopping threads took: 0,0000450 seconds
2018-05-31T10:15:40.982+0200: 4,769: Total time for which application threads were stopped: 0,0003619 seconds, Stopping threads took: 0,0000685 seconds
{Heap before GC invocations=1 (full 0):
 par new generation   total 109248K, used 100002K [0x00000000e0000000, 0x00000000e8000000, 0x00000000e8000000)
  eden space 87424K, 100% used [0x00000000e0000000, 0x00000000e5560000, 0x00000000e5560000)
  from space 21824K,  57% used [0x00000000e6ab0000, 0x00000000e76f8a10, 0x00000000e8000000)
  to   space 21824K,   0% used [0x00000000e5560000, 0x00000000e5560000, 0x00000000e6ab0000)
 concurrent mark-sweep generation total 393216K, used 0K [0x00000000e8000000, 0x0000000100000000, 0x0000000100000000)
 Metaspace       used 20095K, capacity 20482K, committed 20736K, reserved 1067008K
  class space    used 2295K, capacity 2465K, committed 2560K, reserved 1048576K
2018-05-31T10:15:40.992+0200: 4,779: [GC (Allocation Failure) 2018-05-31T10:15:40.992+0200: 4,779: [ParNew
Desired survivor size 20112992 bytes, new threshold 8 (max 8)
- age   1:    2637568 bytes,    2637568 total
- age   2:    6517104 bytes,    9154672 total
: 100002K->11795K(109248K), 0,0292299 secs] 100002K->11795K(502464K), 0,0293946 secs] [Times: user=0,06 sys=0,01, real=0,03 secs] 
Heap after GC invocations=2 (full 0):
 par new generation   total 109248K, used 11795K [0x00000000e0000000, 0x00000000e8000000, 0x00000000e8000000)
  eden space 87424K,   0% used [0x00000000e0000000, 0x00000000e0000000, 0x00000000e5560000)
  from space 21824K,  54% used [0x00000000e5560000, 0x00000000e60e4eb0, 0x00000000e6ab0000)
  to   space 21824K,   0% used [0x00000000e6ab0000, 0x00000000e6ab0000, 0x00000000e8000000)
 concurrent mark-sweep generation total 393216K, used 0K [0x00000000e8000000, 0x0000000100000000, 0x0000000100000000)
 Metaspace       used 20095K, capacity 20482K, committed 20736K, reserved 1067008K
  class space    used 2295K, capacity 2465K, committed 2560K, reserved 1048576K
}
2018-05-31T10:15:41.021+0200: 4,808: Total time for which application threads were stopped: 0,0297399 seconds, Stopping threads took: 0,0000897 seconds
2018-05-31T10:15:41.094+0200: 4,881: Total time for which application threads were stopped: 0,0004603 seconds, Stopping threads took: 0,0000726 seconds
2018-05-31T10:15:41.116+0200: 4,903: Total time for which application threads were stopped: 0,0000980 seconds, Stopping threads took: 0,0000270 seconds
2018-05-31T10:15:41.205+0200: 4,993: Total time for which application threads were stopped: 0,0002156 seconds, Stopping threads took: 0,0000750 seconds
2018-05-31T10:15:41.295+0200: 5,082: Total time for which application threads were stopped: 0,0002030 seconds, Stopping threads took: 0,0000433 seconds
{Heap before GC invocations=2 (full 0):
 par new generation   total 109248K, used 99219K [0x00000000e0000000, 0x00000000e8000000, 0x00000000e8000000)
  eden space 87424K, 100% used [0x00000000e0000000, 0x00000000e5560000, 0x00000000e5560000)
  from space 21824K,  54% used [0x00000000e5560000, 0x00000000e60e4eb0, 0x00000000e6ab0000)
  to   space 21824K,   0% used [0x00000000e6ab0000, 0x00000000e6ab0000, 0x00000000e8000000)
 concurrent mark-sweep generation total 393216K, used 0K [0x00000000e8000000, 0x0000000100000000, 0x0000000100000000)
 Metaspace       used 21048K, capacity 21404K, committed 21628K, reserved 1069056K
  class space    used 2422K, capacity 2584K, committed 2684K, reserved 1048576K
2018-05-31T10:15:41.390+0200: 5,177: [GC (Allocation Failure) 2018-05-31T10:15:41.390+0200: 5,177: [ParNew
Desired survivor size 20112992 bytes, new threshold 8 (max 8)
- age   1:    2101720 bytes,    2101720 total
- age   2:     472640 bytes,    2574360 total
- age   3:    6506312 bytes,    9080672 total
: 99219K->10636K(109248K), 0,0226614 secs] 99219K->10636K(502464K), 0,0228933 secs] [Times: user=0,05 sys=0,00, real=0,02 secs] 
Heap after GC invocations=3 (full 0):
 par new generation   total 109248K, used 10636K [0x00000000e0000000, 0x00000000e8000000, 0x00000000e8000000)
  eden space 87424K,   0% used [0x00000000e0000000, 0x00000000e0000000, 0x00000000e5560000)
  from space 21824K,  48% used [0x00000000e6ab0000, 0x00000000e75133c0, 0x00000000e8000000)
  to   space 21824K,   0% used [0x00000000e5560000, 0x00000000e5560000, 0x00000000e6ab0000)
 concurrent mark-sweep generation total 393216K, used 0K [0x00000000e8000000, 0x0000000100000000, 0x0000000100000000)
 Metaspace       used 21048K, capacity 21404K, committed 21628K, reserved 1069056K
  class space    used 2422K, capacity 2584K, committed 2684K, reserved 1048576K
}
2018-05-31T10:15:41.413+0200: 5,200: Total time for which application threads were stopped: 0,0231789 seconds, Stopping threads took: 0,0000652 seconds
2018-05-31T10:15:41.418+0200: 5,206: [GC (CMS Initial Mark) [1 CMS-initial-mark: 0K(393216K)] 12083K(502464K), 0,0053440 secs] [Times: user=0,01 sys=0,00, real=0,00 secs] 
2018-05-31T10:15:41.424+0200: 5,211: Total time for which application threads were stopped: 0,0072255 seconds, Stopping threads took: 0,0017104 seconds
2018-05-31T10:15:41.424+0200: 5,211: [CMS-concurrent-mark-start]
2018-05-31T10:15:41.432+0200: 5,219: [CMS-concurrent-mark: 0,008/0,008 secs] [Times: user=0,03 sys=0,00, real=0,01 secs] 
2018-05-31T10:15:41.432+0200: 5,219: [CMS-concurrent-preclean-start]
2018-05-31T10:15:41.434+0200: 5,221: [CMS-concurrent-preclean: 0,001/0,001 secs] [Times: user=0,00 sys=0,00, real=0,00 secs] 
2018-05-31T10:15:41.434+0200: 5,221: [CMS-concurrent-abortable-preclean-start]
2018-05-31T10:15:41.436+0200: 5,223: Total time for which application threads were stopped: 0,0002056 seconds, Stopping threads took: 0,0000637 seconds
2018-05-31T10:15:41.473+0200: 5,260: Total time for which application threads were stopped: 0,0039664 seconds, Stopping threads took: 0,0038424 seconds
2018-05-31T10:15:41.509+0200: 5,296: Total time for which application threads were stopped: 0,0004362 seconds, Stopping threads took: 0,0003428 seconds
{Heap before GC invocations=3 (full 1):
 par new generation   total 109248K, used 98060K [0x00000000e0000000, 0x00000000e8000000, 0x00000000e8000000)
  eden space 87424K, 100% used [0x00000000e0000000, 0x00000000e5560000, 0x00000000e5560000)
  from space 21824K,  48% used [0x00000000e6ab0000, 0x00000000e75133c0, 0x00000000e8000000)
  to   space 21824K,   0% used [0x00000000e5560000, 0x00000000e5560000, 0x00000000e6ab0000)
 concurrent mark-sweep generation total 393216K, used 0K [0x00000000e8000000, 0x0000000100000000, 0x0000000100000000)
 Metaspace       used 21295K, capacity 21685K, committed 21884K, reserved 1069056K
  class space    used 2447K, capacity 2600K, committed 2684K, reserved 1048576K
2018-05-31T10:15:41.640+0200: 5,428: [GC (Allocation Failure) 2018-05-31T10:15:41.641+0200: 5,428: [ParNew2018-05-31T10:15:41.648+0200: 5,435: [CMS-concurrent-abortable-preclean: 0,110/0,214 secs] [Times: user=0,53 sys=0,02, real=0,22 secs] 

Desired survivor size 20112992 bytes, new threshold 8 (max 8)
- age   1:    1083720 bytes,    1083720 total
- age   2:    1450984 bytes,    2534704 total
- age   3:     469968 bytes,    3004672 total
- age   4:    6506472 bytes,    9511144 total
: 98060K->13965K(109248K), 0,0371521 secs] 98060K->13965K(502464K), 0,0372468 secs] [Times: user=0,04 sys=0,00, real=0,04 secs] 
Heap after GC invocations=4 (full 1):
 par new generation   total 109248K, used 13965K [0x00000000e0000000, 0x00000000e8000000, 0x00000000e8000000)
  eden space 87424K,   0% used [0x00000000e0000000, 0x00000000e0000000, 0x00000000e5560000)
  from space 21824K,  63% used [0x00000000e5560000, 0x00000000e63037b8, 0x00000000e6ab0000)
  to   space 21824K,   0% used [0x00000000e6ab0000, 0x00000000e6ab0000, 0x00000000e8000000)
 concurrent mark-sweep generation total 393216K, used 0K [0x00000000e8000000, 0x0000000100000000, 0x0000000100000000)
 Metaspace       used 21295K, capacity 21685K, committed 21884K, reserved 1069056K
  class space    used 2447K, capacity 2600K, committed 2684K, reserved 1048576K
}
2018-05-31T10:15:41.678+0200: 5,465: Total time for which application threads were stopped: 0,0439710 seconds, Stopping threads took: 0,0064991 seconds
2018-05-31T10:15:41.695+0200: 5,482: [GC (CMS Final Remark) [YG occupancy: 18925 K (109248 K)]{Heap before GC invocations=4 (full 1):
 par new generation   total 109248K, used 18925K [0x00000000e0000000, 0x00000000e8000000, 0x00000000e8000000)
  eden space 87424K,   5% used [0x00000000e0000000, 0x00000000e04d8010, 0x00000000e5560000)
  from space 21824K,  63% used [0x00000000e5560000, 0x00000000e63037b8, 0x00000000e6ab0000)
  to   space 21824K,   0% used [0x00000000e6ab0000, 0x00000000e6ab0000, 0x00000000e8000000)
 concurrent mark-sweep generation total 393216K, used 0K [0x00000000e8000000, 0x0000000100000000, 0x0000000100000000)
 Metaspace       used 21304K, capacity 21685K, committed 21884K, reserved 1069056K
  class space    used 2448K, capacity 2600K, committed 2684K, reserved 1048576K
2018-05-31T10:15:41.695+0200: 5,483: [GC (CMS Final Remark) 2018-05-31T10:15:41.695+0200: 5,483: [ParNew
Desired survivor size 20112992 bytes, new threshold 8 (max 8)
- age   1:     651504 bytes,     651504 total
- age   2:     387520 bytes,    1039024 total
- age   3:    1450808 bytes,    2489832 total
- age   4:     469936 bytes,    2959768 total
- age   5:    6506312 bytes,    9466080 total
: 18925K->10792K(109248K), 0,0330040 secs] 18925K->10792K(502464K), 0,0330575 secs] [Times: user=0,05 sys=0,00, real=0,04 secs] 
Heap after GC invocations=5 (full 1):
 par new generation   total 109248K, used 10792K [0x00000000e0000000, 0x00000000e8000000, 0x00000000e8000000)
  eden space 87424K,   0% used [0x00000000e0000000, 0x00000000e0000000, 0x00000000e5560000)
  from space 21824K,  49% used [0x00000000e6ab0000, 0x00000000e753a390, 0x00000000e8000000)
  to   space 21824K,   0% used [0x00000000e5560000, 0x00000000e5560000, 0x00000000e6ab0000)
 concurrent mark-sweep generation total 393216K, used 0K [0x00000000e8000000, 0x0000000100000000, 0x0000000100000000)
 Metaspace       used 21304K, capacity 21685K, committed 21884K, reserved 1069056K
  class space    used 2448K, capacity 2600K, committed 2684K, reserved 1048576K
}
2018-05-31T10:15:41.728+0200: 5,516: [Rescan (parallel) , 0,0095557 secs]2018-05-31T10:15:41.738+0200: 5,525: [weak refs processing, 0,0112652 secs]2018-05-31T10:15:41.749+0200: 5,537: [class unloading, 0,0050313 secs]2018-05-31T10:15:41.754+0200: 5,542: [scrub symbol table, 0,0087950 secs]2018-05-31T10:15:41.763+0200: 5,550: [scrub string table, 0,0005038 secs][1 CMS-remark: 0K(393216K)] 10792K(502464K), 0,0693065 secs] [Times: user=0,10 sys=0,00, real=0,08 secs] 
2018-05-31T10:15:41.765+0200: 5,552: Total time for which application threads were stopped: 0,0760090 seconds, Stopping threads took: 0,0065631 seconds
2018-05-31T10:15:41.765+0200: 5,552: [CMS-concurrent-sweep-start]
2018-05-31T10:15:41.765+0200: 5,552: [CMS-concurrent-sweep: 0,000/0,000 secs] [Times: user=0,00 sys=0,00, real=0,00 secs] 
2018-05-31T10:15:41.765+0200: 5,552: [CMS-concurrent-reset-start]
2018-05-31T10:15:41.768+0200: 5,555: [CMS-concurrent-reset: 0,003/0,003 secs] [Times: user=0,01 sys=0,00, real=0,00 secs] 
{Heap before GC invocations=5 (full 1):
 par new generation   total 109248K, used 98216K [0x00000000e0000000, 0x00000000e8000000, 0x00000000e8000000)
  eden space 87424K, 100% used [0x00000000e0000000, 0x00000000e5560000, 0x00000000e5560000)
  from space 21824K,  49% used [0x00000000e6ab0000, 0x00000000e753a390, 0x00000000e8000000)
  to   space 21824K,   0% used [0x00000000e5560000, 0x00000000e5560000, 0x00000000e6ab0000)
 concurrent mark-sweep generation total 393216K, used 0K [0x00000000e8000000, 0x0000000100000000, 0x0000000100000000)
 Metaspace       used 21557K, capacity 21953K, committed 22140K, reserved 1069056K
  class space    used 2485K, capacity 2666K, committed 2684K, reserved 1048576K
2018-05-31T10:15:41.973+0200: 5,760: [GC (Allocation Failure) 2018-05-31T10:15:41.973+0200: 5,760: [ParNew
Desired survivor size 20112992 bytes, new threshold 8 (max 8)
- age   1:     425712 bytes,     425712 total
- age   2:       6592 bytes,     432304 total
- age   3:     186240 bytes,     618544 total
- age   4:     673856 bytes,    1292400 total
- age   5:     465392 bytes,    1757792 total
- age   6:    6506296 bytes,    8264088 total
: 98216K->12018K(109248K), 0,0493650 secs] 98216K->12018K(502464K), 0,0494570 secs] [Times: user=0,05 sys=0,00, real=0,05 secs] 
Heap after GC invocations=6 (full 1):
 par new generation   total 109248K, used 12018K [0x00000000e0000000, 0x00000000e8000000, 0x00000000e8000000)
  eden space 87424K,   0% used [0x00000000e0000000, 0x00000000e0000000, 0x00000000e5560000)
  from space 21824K,  55% used [0x00000000e5560000, 0x00000000e611cb00, 0x00000000e6ab0000)
  to   space 21824K,   0% used [0x00000000e6ab0000, 0x00000000e6ab0000, 0x00000000e8000000)
 concurrent mark-sweep generation total 393216K, used 0K [0x00000000e8000000, 0x0000000100000000, 0x0000000100000000)
 Metaspace       used 21557K, capacity 21953K, committed 22140K, reserved 1069056K
  class space    used 2485K, capacity 2666K, committed 2684K, reserved 1048576K
}
2018-05-31T10:15:42.022+0200: 5,810: Total time for which application threads were stopped: 0,0575371 seconds, Stopping threads took: 0,0078858 seconds
2018-05-31T10:15:42.037+0200: 5,824: Total time for which application threads were stopped: 0,0001242 seconds, Stopping threads took: 0,0000462 seconds
2018-05-31T10:15:42.040+0200: 5,827: Total time for which application threads were stopped: 0,0001589 seconds, Stopping threads took: 0,0000690 seconds
2018-05-31T10:15:42.065+0200: 5,852: Total time for which application threads were stopped: 0,0003939 seconds, Stopping threads took: 0,0000458 seconds
2018-05-31T10:15:42.389+0200: 6,176: Total time for which application threads were stopped: 0,0001889 seconds, Stopping threads took: 0,0000504 seconds
2018-05-31T10:15:42.393+0200: 6,180: Total time for which application threads were stopped: 0,0001521 seconds, Stopping threads took: 0,0000390 seconds
2018-05-31T10:15:42.501+0200: 6,288: Total time for which application threads were stopped: 0,0061559 seconds, Stopping threads took: 0,0060150 seconds
2018-05-31T10:15:42.578+0200: 6,365: Total time for which application threads were stopped: 0,0136770 seconds, Stopping threads took: 0,0135291 seconds
2018-05-31T10:15:42.653+0200: 6,440: Total time for which application threads were stopped: 0,0001114 seconds, Stopping threads took: 0,0000401 seconds
2018-05-31T10:15:42.674+0200: 6,461: Total time for which application threads were stopped: 0,0005453 seconds, Stopping threads took: 0,0000542 seconds
2018-05-31T10:15:42.678+0200: 6,465: Total time for which application threads were stopped: 0,0001722 seconds, Stopping threads took: 0,0000523 seconds
2018-05-31T10:15:42.678+0200: 6,465: Total time for which application threads were stopped: 0,0001200 seconds, Stopping threads took: 0,0000322 seconds
2018-05-31T10:15:42.708+0200: 6,495: Total time for which application threads were stopped: 0,0005114 seconds, Stopping threads took: 0,0000474 seconds
2018-05-31T10:15:42.762+0200: 6,549: Total time for which application threads were stopped: 0,0001582 seconds, Stopping threads took: 0,0000496 seconds
2018-05-31T10:15:42.762+0200: 6,549: Total time for which application threads were stopped: 0,0001071 seconds, Stopping threads took: 0,0000555 seconds
2018-05-31T10:15:42.763+0200: 6,550: Total time for which application threads were stopped: 0,0001392 seconds, Stopping threads took: 0,0000708 seconds
2018-05-31T10:15:42.797+0200: 6,584: Total time for which application threads were stopped: 0,0017015 seconds, Stopping threads took: 0,0001641 seconds
2018-05-31T10:15:42.802+0200: 6,589: Total time for which application threads were stopped: 0,0001164 seconds, Stopping threads took: 0,0000547 seconds
2018-05-31T10:15:42.810+0200: 6,597: Total time for which application threads were stopped: 0,0001493 seconds, Stopping threads took: 0,0000588 seconds
2018-05-31T10:15:42.825+0200: 6,612: Total time for which application threads were stopped: 0,0025749 seconds, Stopping threads took: 0,0024177 seconds
2018-05-31T10:15:42.843+0200: 6,630: Total time for which application threads were stopped: 0,0001135 seconds, Stopping threads took: 0,0000383 seconds
2018-05-31T10:15:43.068+0200: 6,856: Total time for which application threads were stopped: 0,0001867 seconds, Stopping threads took: 0,0000541 seconds
2018-05-31T10:15:43.113+0200: 6,900: Total time for which application threads were stopped: 0,0026761 seconds, Stopping threads took: 0,0025681 seconds
2018-05-31T10:15:43.124+0200: 6,912: Total time for which application threads were stopped: 0,0079514 seconds, Stopping threads took: 0,0077415 seconds
2018-05-31T10:15:43.154+0200: 6,941: Total time for which application threads were stopped: 0,0001558 seconds, Stopping threads took: 0,0000482 seconds
2018-05-31T10:15:43.155+0200: 6,943: Total time for which application threads were stopped: 0,0001182 seconds, Stopping threads took: 0,0000425 seconds
2018-05-31T10:15:43.386+0200: 7,174: Total time for which application threads were stopped: 0,0001871 seconds, Stopping threads took: 0,0000591 seconds
2018-05-31T10:15:43.406+0200: 7,193: Total time for which application threads were stopped: 0,0002992 seconds, Stopping threads took: 0,0000985 seconds
2018-05-31T10:15:43.445+0200: 7,232: Total time for which application threads were stopped: 0,0116306 seconds, Stopping threads took: 0,0114106 seconds
2018-05-31T10:15:43.445+0200: 7,232: Total time for which application threads were stopped: 0,0001346 seconds, Stopping threads took: 0,0000241 seconds
2018-05-31T10:15:43.457+0200: 7,244: Total time for which application threads were stopped: 0,0027845 seconds, Stopping threads took: 0,0022323 seconds
2018-05-31T10:15:43.490+0200: 7,277: Total time for which application threads were stopped: 0,0038950 seconds, Stopping threads took: 0,0037170 seconds
2018-05-31T10:15:43.512+0200: 7,299: Total time for which application threads were stopped: 0,0001900 seconds, Stopping threads took: 0,0000536 seconds
2018-05-31T10:15:43.572+0200: 7,359: Total time for which application threads were stopped: 0,0072951 seconds, Stopping threads took: 0,0069276 seconds
2018-05-31T10:15:43.681+0200: 7,468: Total time for which application threads were stopped: 0,0044152 seconds, Stopping threads took: 0,0039367 seconds
2018-05-31T10:15:43.701+0200: 7,488: Total time for which application threads were stopped: 0,0008345 seconds, Stopping threads took: 0,0003382 seconds
2018-05-31T10:15:43.713+0200: 7,500: Total time for which application threads were stopped: 0,0048841 seconds, Stopping threads took: 0,0047718 seconds
2018-05-31T10:15:43.752+0200: 7,539: Total time for which application threads were stopped: 0,0005176 seconds, Stopping threads took: 0,0000508 seconds
{Heap before GC invocations=6 (full 1):
 par new generation   total 109248K, used 99442K [0x00000000e0000000, 0x00000000e8000000, 0x00000000e8000000)
  eden space 87424K, 100% used [0x00000000e0000000, 0x00000000e5560000, 0x00000000e5560000)
  from space 21824K,  55% used [0x00000000e5560000, 0x00000000e611cb00, 0x00000000e6ab0000)
  to   space 21824K,   0% used [0x00000000e6ab0000, 0x00000000e6ab0000, 0x00000000e8000000)
 concurrent mark-sweep generation total 393216K, used 0K [0x00000000e8000000, 0x0000000100000000, 0x0000000100000000)
 Metaspace       used 26262K, capacity 26853K, committed 27132K, reserved 1073152K
  class space    used 3017K, capacity 3216K, committed 3324K, reserved 1048576K
2018-05-31T10:15:43.761+0200: 7,548: [GC (Allocation Failure) 2018-05-31T10:15:43.761+0200: 7,548: [ParNew
Desired survivor size 20112992 bytes, new threshold 8 (max 8)
- age   1:   12368688 bytes,   12368688 total
- age   2:     190288 bytes,   12558976 total
- age   3:       6592 bytes,   12565568 total
- age   4:     183024 bytes,   12748592 total
- age   5:     275568 bytes,   13024160 total
- age   6:     441184 bytes,   13465344 total
- age   7:    6498952 bytes,   19964296 total
: 99442K->21631K(109248K), 0,0976214 secs] 99442K->21631K(502464K), 0,0978908 secs] [Times: user=0,14 sys=0,02, real=0,10 secs] 
Heap after GC invocations=7 (full 1):
 par new generation   total 109248K, used 21631K [0x00000000e0000000, 0x00000000e8000000, 0x00000000e8000000)
  eden space 87424K,   0% used [0x00000000e0000000, 0x00000000e0000000, 0x00000000e5560000)
  from space 21824K,  99% used [0x00000000e6ab0000, 0x00000000e7fcfe18, 0x00000000e8000000)
  to   space 21824K,   0% used [0x00000000e5560000, 0x00000000e5560000, 0x00000000e6ab0000)
 concurrent mark-sweep generation total 393216K, used 0K [0x00000000e8000000, 0x0000000100000000, 0x0000000100000000)
 Metaspace       used 26262K, capacity 26853K, committed 27132K, reserved 1073152K
  class space    used 3017K, capacity 3216K, committed 3324K, reserved 1048576K
}
2018-05-31T10:15:43.859+0200: 7,646: Total time for which application threads were stopped: 0,1044045 seconds, Stopping threads took: 0,0061271 seconds
2018-05-31T10:15:43.974+0200: 7,761: Total time for which application threads were stopped: 0,0014490 seconds, Stopping threads took: 0,0012804 seconds
2018-05-31T10:15:43.987+0200: 7,774: Total time for which application threads were stopped: 0,0013993 seconds, Stopping threads took: 0,0000491 seconds
2018-05-31T10:15:43.992+0200: 7,779: Total time for which application threads were stopped: 0,0001532 seconds, Stopping threads took: 0,0000374 seconds
2018-05-31T10:15:43.996+0200: 7,783: Total time for which application threads were stopped: 0,0002811 seconds, Stopping threads took: 0,0001726 seconds
2018-05-31T10:15:44.022+0200: 7,810: Total time for which application threads were stopped: 0,0008330 seconds, Stopping threads took: 0,0005902 seconds
2018-05-31T10:15:44.049+0200: 7,836: Total time for which application threads were stopped: 0,0001744 seconds, Stopping threads took: 0,0000432 seconds
2018-05-31T10:15:44.053+0200: 7,840: Total time for which application threads were stopped: 0,0001701 seconds, Stopping threads took: 0,0000621 seconds
2018-05-31T10:15:44.074+0200: 7,862: Total time for which application threads were stopped: 0,0065057 seconds, Stopping threads took: 0,0063778 seconds
2018-05-31T10:15:44.129+0200: 7,916: Total time for which application threads were stopped: 0,0002649 seconds, Stopping threads took: 0,0001115 seconds
2018-05-31T10:15:44.144+0200: 7,931: Total time for which application threads were stopped: 0,0002396 seconds, Stopping threads took: 0,0001191 seconds
2018-05-31T10:15:44.156+0200: 7,943: Total time for which application threads were stopped: 0,0052385 seconds, Stopping threads took: 0,0051023 seconds
2018-05-31T10:15:44.217+0200: 8,004: Total time for which application threads were stopped: 0,0124492 seconds, Stopping threads took: 0,0118193 seconds
2018-05-31T10:15:44.310+0200: 8,097: Total time for which application threads were stopped: 0,0054788 seconds, Stopping threads took: 0,0053006 seconds
{Heap before GC invocations=7 (full 1):
 par new generation   total 109248K, used 109055K [0x00000000e0000000, 0x00000000e8000000, 0x00000000e8000000)
  eden space 87424K, 100% used [0x00000000e0000000, 0x00000000e5560000, 0x00000000e5560000)
  from space 21824K,  99% used [0x00000000e6ab0000, 0x00000000e7fcfe18, 0x00000000e8000000)
  to   space 21824K,   0% used [0x00000000e5560000, 0x00000000e5560000, 0x00000000e6ab0000)
 concurrent mark-sweep generation total 393216K, used 0K [0x00000000e8000000, 0x0000000100000000, 0x0000000100000000)
 Metaspace       used 28011K, capacity 28623K, committed 28796K, reserved 1075200K
  class space    used 3219K, capacity 3415K, committed 3452K, reserved 1048576K
2018-05-31T10:15:44.481+0200: 8,268: [GC (Allocation Failure) 2018-05-31T10:15:44.481+0200: 8,268: [ParNew
Desired survivor size 20112992 bytes, new threshold 8 (max 8)
- age   1:    6812848 bytes,    6812848 total
- age   2:    7851312 bytes,   14664160 total
- age   3:     190288 bytes,   14854448 total
- age   4:       6592 bytes,   14861040 total
- age   5:     182848 bytes,   15043888 total
- age   6:     275248 bytes,   15319136 total
- age   7:     432352 bytes,   15751488 total
- age   8:    6492008 bytes,   22243496 total
: 109055K->21824K(109248K), 0,0877426 secs] 109055K->23338K(502464K), 0,0878795 secs] [Times: user=0,13 sys=0,02, real=0,09 secs] 
Heap after GC invocations=8 (full 1):
 par new generation   total 109248K, used 21824K [0x00000000e0000000, 0x00000000e8000000, 0x00000000e8000000)
  eden space 87424K,   0% used [0x00000000e0000000, 0x00000000e0000000, 0x00000000e5560000)
  from space 21824K, 100% used [0x00000000e5560000, 0x00000000e6ab0000, 0x00000000e6ab0000)
  to   space 21824K,   0% used [0x00000000e6ab0000, 0x00000000e6ab0000, 0x00000000e8000000)
 concurrent mark-sweep generation total 393216K, used 1514K [0x00000000e8000000, 0x0000000100000000, 0x0000000100000000)
 Metaspace       used 28011K, capacity 28623K, committed 28796K, reserved 1075200K
  class space    used 3219K, capacity 3415K, committed 3452K, reserved 1048576K
}
2018-05-31T10:15:44.569+0200: 8,356: Total time for which application threads were stopped: 0,0895773 seconds, Stopping threads took: 0,0014441 seconds
2018-05-31T10:15:44.597+0200: 8,384: Total time for which application threads were stopped: 0,0126716 seconds, Stopping threads took: 0,0124077 seconds
2018-05-31T10:15:44.598+0200: 8,385: Total time for which application threads were stopped: 0,0001462 seconds, Stopping threads took: 0,0000274 seconds
2018-05-31T10:15:44.598+0200: 8,385: Total time for which application threads were stopped: 0,0001280 seconds, Stopping threads took: 0,0000113 seconds
2018-05-31T10:15:44.598+0200: 8,385: Total time for which application threads were stopped: 0,0000806 seconds, Stopping threads took: 0,0000089 seconds
{Heap before GC invocations=8 (full 1):
 par new generation   total 109248K, used 109248K [0x00000000e0000000, 0x00000000e8000000, 0x00000000e8000000)
  eden space 87424K, 100% used [0x00000000e0000000, 0x00000000e5560000, 0x00000000e5560000)
  from space 21824K, 100% used [0x00000000e5560000, 0x00000000e6ab0000, 0x00000000e6ab0000)
  to   space 21824K,   0% used [0x00000000e6ab0000, 0x00000000e6ab0000, 0x00000000e8000000)
 concurrent mark-sweep generation total 393216K, used 1514K [0x00000000e8000000, 0x0000000100000000, 0x0000000100000000)
 Metaspace       used 28060K, capacity 28719K, committed 29052K, reserved 1075200K
  class space    used 3223K, capacity 3421K, committed 3452K, reserved 1048576K
2018-05-31T10:15:44.780+0200: 8,567: [GC (Allocation Failure) 2018-05-31T10:15:44.780+0200: 8,567: [ParNew
Desired survivor size 20112992 bytes, new threshold 8 (max 8)
- age   1:     839144 bytes,     839144 total
- age   2:    6190824 bytes,    7029968 total
- age   3:    6920872 bytes,   13950840 total
- age   4:     135960 bytes,   14086800 total
- age   5:       4416 bytes,   14091216 total
- age   6:     142960 bytes,   14234176 total
- age   7:     223120 bytes,   14457296 total
- age   8:     390560 bytes,   14847856 total
: 109248K->21824K(109248K), 0,1157693 secs] 110762K->31476K(502464K), 0,1158675 secs] [Times: user=0,18 sys=0,01, real=0,11 secs] 
Heap after GC invocations=9 (full 1):
 par new generation   total 109248K, used 21824K [0x00000000e0000000, 0x00000000e8000000, 0x00000000e8000000)
  eden space 87424K,   0% used [0x00000000e0000000, 0x00000000e0000000, 0x00000000e5560000)
  from space 21824K, 100% used [0x00000000e6ab0000, 0x00000000e8000000, 0x00000000e8000000)
  to   space 21824K,   0% used [0x00000000e5560000, 0x00000000e5560000, 0x00000000e6ab0000)
 concurrent mark-sweep generation total 393216K, used 9652K [0x00000000e8000000, 0x0000000100000000, 0x0000000100000000)
 Metaspace       used 28060K, capacity 28719K, committed 29052K, reserved 1075200K
  class space    used 3223K, capacity 3421K, committed 3452K, reserved 1048576K
}
2018-05-31T10:15:44.896+0200: 8,683: Total time for which application threads were stopped: 0,1161563 seconds, Stopping threads took: 0,0000798 seconds
2018-05-31T10:15:45.201+0200: 8,988: Total time for which application threads were stopped: 0,0071318 seconds, Stopping threads took: 0,0062126 seconds
2018-05-31T10:15:45.231+0200: 9,018: Total time for which application threads were stopped: 0,0001911 seconds, Stopping threads took: 0,0000834 seconds
2018-05-31T10:15:45.257+0200: 9,044: Total time for which application threads were stopped: 0,0001426 seconds, Stopping threads took: 0,0000329 seconds
2018-05-31T10:15:45.290+0200: 9,077: Total time for which application threads were stopped: 0,0005320 seconds, Stopping threads took: 0,0003371 seconds
{Heap before GC invocations=9 (full 1):
 par new generation   total 109248K, used 109248K [0x00000000e0000000, 0x00000000e8000000, 0x00000000e8000000)
  eden space 87424K, 100% used [0x00000000e0000000, 0x00000000e5560000, 0x00000000e5560000)
  from space 21824K, 100% used [0x00000000e6ab0000, 0x00000000e8000000, 0x00000000e8000000)
  to   space 21824K,   0% used [0x00000000e5560000, 0x00000000e5560000, 0x00000000e6ab0000)
 concurrent mark-sweep generation total 393216K, used 9652K [0x00000000e8000000, 0x0000000100000000, 0x0000000100000000)
 Metaspace       used 28305K, capacity 29007K, committed 29308K, reserved 1075200K
  class space    used 3234K, capacity 3433K, committed 3452K, reserved 1048576K
2018-05-31T10:15:45.320+0200: 9,107: [GC (Allocation Failure) 2018-05-31T10:15:45.320+0200: 9,107: [ParNew
Desired survivor size 20112992 bytes, new threshold 8 (max 8)
- age   1:    5288064 bytes,    5288064 total
- age   2:     105568 bytes,    5393632 total
- age   3:    5639976 bytes,   11033608 total
- age   4:    6920640 bytes,   17954248 total
- age   5:     135960 bytes,   18090208 total
- age   6:       4416 bytes,   18094624 total
- age   7:     142960 bytes,   18237584 total
- age   8:     223120 bytes,   18460704 total
: 109248K->20376K(109248K), 0,0265771 secs] 118900K->30420K(502464K), 0,0266926 secs] [Times: user=0,09 sys=0,00, real=0,03 secs] 
Heap after GC invocations=10 (full 1):
 par new generation   total 109248K, used 20376K [0x00000000e0000000, 0x00000000e8000000, 0x00000000e8000000)
  eden space 87424K,   0% used [0x00000000e0000000, 0x00000000e0000000, 0x00000000e5560000)
  from space 21824K,  93% used [0x00000000e5560000, 0x00000000e69461d0, 0x00000000e6ab0000)
  to   space 21824K,   0% used [0x00000000e6ab0000, 0x00000000e6ab0000, 0x00000000e8000000)
 concurrent mark-sweep generation total 393216K, used 10043K [0x00000000e8000000, 0x0000000100000000, 0x0000000100000000)
 Metaspace       used 28305K, capacity 29007K, committed 29308K, reserved 1075200K
  class space    used 3234K, capacity 3433K, committed 3452K, reserved 1048576K
}
2018-05-31T10:15:45.347+0200: 9,134: Total time for which application threads were stopped: 0,0269562 seconds, Stopping threads took: 0,0000724 seconds
2018-05-31T10:15:45.347+0200: 9,134: Total time for which application threads were stopped: 0,0000977 seconds, Stopping threads took: 0,0000395 seconds
2018-05-31T10:15:46.347+0200: 10,135: Total time for which application threads were stopped: 0,0001270 seconds, Stopping threads took: 0,0000267 seconds
2018-05-31T10:15:47.131+0200: 10,918: Total time for which application threads were stopped: 0,0004069 seconds, Stopping threads took: 0,0000175 seconds
2018-05-31T10:15:47.132+0200: 10,919: Total time for which application threads were stopped: 0,0003916 seconds, Stopping threads took: 0,0000136 seconds
2018-05-31T10:15:47.151+0200: 10,938: Total time for which application threads were stopped: 0,0040706 seconds, Stopping threads took: 0,0039581 seconds
2018-05-31T10:15:47.153+0200: 10,940: Total time for which application threads were stopped: 0,0001052 seconds, Stopping threads took: 0,0000273 seconds
2018-05-31T10:15:47.154+0200: 10,941: Total time for which application threads were stopped: 0,0001866 seconds, Stopping threads took: 0,0001008 seconds
2018-05-31T10:15:47.162+0200: 10,949: Total time for which application threads were stopped: 0,0000958 seconds, Stopping threads took: 0,0000185 seconds
2018-05-31T10:15:47.162+0200: 10,949: Total time for which application threads were stopped: 0,0001505 seconds, Stopping threads took: 0,0000857 seconds
2018-05-31T10:15:47.163+0200: 10,950: Total time for which application threads were stopped: 0,0001142 seconds, Stopping threads took: 0,0000216 seconds
2018-05-31T10:15:47.163+0200: 10,950: Total time for which application threads were stopped: 0,0000874 seconds, Stopping threads took: 0,0000201 seconds
2018-05-31T10:15:47.165+0200: 10,952: Total time for which application threads were stopped: 0,0001377 seconds, Stopping threads took: 0,0000722 seconds
2018-05-31T10:15:47.165+0200: 10,952: Total time for which application threads were stopped: 0,0000508 seconds, Stopping threads took: 0,0000175 seconds
2018-05-31T10:15:47.165+0200: 10,952: Total time for which application threads were stopped: 0,0000767 seconds, Stopping threads took: 0,0000260 seconds
2018-05-31T10:15:47.165+0200: 10,953: Total time for which application threads were stopped: 0,0001669 seconds, Stopping threads took: 0,0000444 seconds
2018-05-31T10:15:47.166+0200: 10,953: Total time for which application threads were stopped: 0,0001789 seconds, Stopping threads took: 0,0000603 seconds
2018-05-31T10:15:47.167+0200: 10,954: Total time for which application threads were stopped: 0,0001612 seconds, Stopping threads took: 0,0000466 seconds
2018-05-31T10:15:47.167+0200: 10,954: Total time for which application threads were stopped: 0,0001249 seconds, Stopping threads took: 0,0000322 seconds
2018-05-31T10:15:47.167+0200: 10,955: Total time for which application threads were stopped: 0,0001316 seconds, Stopping threads took: 0,0000478 seconds
2018-05-31T10:15:47.168+0200: 10,955: Total time for which application threads were stopped: 0,0001165 seconds, Stopping threads took: 0,0000684 seconds
2018-05-31T10:15:47.169+0200: 10,956: Total time for which application threads were stopped: 0,0000682 seconds, Stopping threads took: 0,0000247 seconds
2018-05-31T10:15:47.169+0200: 10,956: Total time for which application threads were stopped: 0,0000933 seconds, Stopping threads took: 0,0000347 seconds
2018-05-31T10:15:47.169+0200: 10,956: Total time for which application threads were stopped: 0,0000495 seconds, Stopping threads took: 0,0000239 seconds
2018-05-31T10:15:47.169+0200: 10,956: Total time for which application threads were stopped: 0,0000591 seconds, Stopping threads took: 0,0000285 seconds
2018-05-31T10:15:47.169+0200: 10,956: Total time for which application threads were stopped: 0,0000471 seconds, Stopping threads took: 0,0000211 seconds
2018-05-31T10:15:47.169+0200: 10,956: Total time for which application threads were stopped: 0,0000514 seconds, Stopping threads took: 0,0000260 seconds
2018-05-31T10:15:47.169+0200: 10,956: Total time for which application threads were stopped: 0,0000577 seconds, Stopping threads took: 0,0000317 seconds
2018-05-31T10:15:47.169+0200: 10,956: Total time for which application threads were stopped: 0,0000801 seconds, Stopping threads took: 0,0000303 seconds
2018-05-31T10:15:47.174+0200: 10,961: Total time for which application threads were stopped: 0,0000909 seconds, Stopping threads took: 0,0000252 seconds
2018-05-31T10:15:47.174+0200: 10,961: Total time for which application threads were stopped: 0,0000486 seconds, Stopping threads took: 0,0000116 seconds
2018-05-31T10:15:47.179+0200: 10,966: Total time for which application threads were stopped: 0,0001030 seconds, Stopping threads took: 0,0000320 seconds
2018-05-31T10:15:47.179+0200: 10,967: Total time for which application threads were stopped: 0,0000561 seconds, Stopping threads took: 0,0000121 seconds
2018-05-31T10:15:47.180+0200: 10,967: Total time for which application threads were stopped: 0,0000644 seconds, Stopping threads took: 0,0000240 seconds
2018-05-31T10:15:47.180+0200: 10,967: Total time for which application threads were stopped: 0,0000590 seconds, Stopping threads took: 0,0000242 seconds
2018-05-31T10:15:47.184+0200: 10,971: Total time for which application threads were stopped: 0,0001097 seconds, Stopping threads took: 0,0000314 seconds
2018-05-31T10:15:47.186+0200: 10,973: Total time for which application threads were stopped: 0,0006340 seconds, Stopping threads took: 0,0005451 seconds
2018-05-31T10:15:47.193+0200: 10,980: Total time for which application threads were stopped: 0,0005773 seconds, Stopping threads took: 0,0001457 seconds
2018-05-31T10:15:47.194+0200: 10,981: Total time for which application threads were stopped: 0,0005170 seconds, Stopping threads took: 0,0001840 seconds
2018-05-31T10:15:47.195+0200: 10,982: Total time for which application threads were stopped: 0,0003979 seconds, Stopping threads took: 0,0001169 seconds
2018-05-31T10:15:47.196+0200: 10,983: Total time for which application threads were stopped: 0,0003886 seconds, Stopping threads took: 0,0001018 seconds
2018-05-31T10:15:47.197+0200: 10,984: Total time for which application threads were stopped: 0,0001616 seconds, Stopping threads took: 0,0001115 seconds
2018-05-31T10:15:47.197+0200: 10,984: Total time for which application threads were stopped: 0,0001437 seconds, Stopping threads took: 0,0000471 seconds
2018-05-31T10:15:47.197+0200: 10,984: Total time for which application threads were stopped: 0,0000865 seconds, Stopping threads took: 0,0000362 seconds
2018-05-31T10:15:47.198+0200: 10,985: Total time for which application threads were stopped: 0,0002423 seconds, Stopping threads took: 0,0001146 seconds
2018-05-31T10:15:47.199+0200: 10,986: Total time for which application threads were stopped: 0,0001024 seconds, Stopping threads took: 0,0000430 seconds
2018-05-31T10:15:47.200+0200: 10,987: Total time for which application threads were stopped: 0,0001410 seconds, Stopping threads took: 0,0000919 seconds
2018-05-31T10:15:47.202+0200: 10,989: Total time for which application threads were stopped: 0,0001130 seconds, Stopping threads took: 0,0000423 seconds
2018-05-31T10:15:47.202+0200: 10,989: Total time for which application threads were stopped: 0,0000759 seconds, Stopping threads took: 0,0000353 seconds
2018-05-31T10:15:47.202+0200: 10,989: Total time for which application threads were stopped: 0,0000935 seconds, Stopping threads took: 0,0000526 seconds
2018-05-31T10:15:47.202+0200: 10,989: Total time for which application threads were stopped: 0,0000619 seconds, Stopping threads took: 0,0000211 seconds
2018-05-31T10:15:47.203+0200: 10,990: Total time for which application threads were stopped: 0,0002230 seconds, Stopping threads took: 0,0000931 seconds
2018-05-31T10:15:47.206+0200: 10,993: Total time for which application threads were stopped: 0,0001218 seconds, Stopping threads took: 0,0000390 seconds
2018-05-31T10:15:47.207+0200: 10,995: Total time for which application threads were stopped: 0,0001133 seconds, Stopping threads took: 0,0000410 seconds
2018-05-31T10:15:47.209+0200: 10,996: Total time for which application threads were stopped: 0,0000989 seconds, Stopping threads took: 0,0000460 seconds
2018-05-31T10:15:47.209+0200: 10,996: Total time for which application threads were stopped: 0,0000725 seconds, Stopping threads took: 0,0000327 seconds
2018-05-31T10:15:47.209+0200: 10,997: Total time for which application threads were stopped: 0,0000716 seconds, Stopping threads took: 0,0000295 seconds
2018-05-31T10:15:47.210+0200: 10,997: Total time for which application threads were stopped: 0,0000600 seconds, Stopping threads took: 0,0000130 seconds
2018-05-31T10:15:47.210+0200: 10,997: Total time for which application threads were stopped: 0,0000642 seconds, Stopping threads took: 0,0000365 seconds
2018-05-31T10:15:47.213+0200: 11,000: Total time for which application threads were stopped: 0,0003296 seconds, Stopping threads took: 0,0000477 seconds
2018-05-31T10:15:47.215+0200: 11,002: Total time for which application threads were stopped: 0,0001381 seconds, Stopping threads took: 0,0000701 seconds
2018-05-31T10:15:47.215+0200: 11,002: Total time for which application threads were stopped: 0,0000472 seconds, Stopping threads took: 0,0000149 seconds
2018-05-31T10:15:47.216+0200: 11,003: Total time for which application threads were stopped: 0,0001251 seconds, Stopping threads took: 0,0000751 seconds
2018-05-31T10:15:47.216+0200: 11,003: Total time for which application threads were stopped: 0,0000491 seconds, Stopping threads took: 0,0000204 seconds
2018-05-31T10:15:47.216+0200: 11,003: Total time for which application threads were stopped: 0,0000496 seconds, Stopping threads took: 0,0000255 seconds
2018-05-31T10:15:47.223+0200: 11,010: Total time for which application threads were stopped: 0,0000982 seconds, Stopping threads took: 0,0000281 seconds
2018-05-31T10:15:47.226+0200: 11,013: Total time for which application threads were stopped: 0,0019396 seconds, Stopping threads took: 0,0018756 seconds
2018-05-31T10:15:47.226+0200: 11,013: Total time for which application threads were stopped: 0,0000660 seconds, Stopping threads took: 0,0000264 seconds
2018-05-31T10:15:47.226+0200: 11,013: Total time for which application threads were stopped: 0,0001753 seconds, Stopping threads took: 0,0000221 seconds
2018-05-31T10:15:47.228+0200: 11,015: Total time for which application threads were stopped: 0,0001431 seconds, Stopping threads took: 0,0000518 seconds
2018-05-31T10:15:47.238+0200: 11,025: Total time for which application threads were stopped: 0,0001524 seconds, Stopping threads took: 0,0000567 seconds
2018-05-31T10:15:47.241+0200: 11,028: Total time for which application threads were stopped: 0,0001888 seconds, Stopping threads took: 0,0000648 seconds
Heap
 par new generation   total 109248K, used 41086K [0x00000000e0000000, 0x00000000e8000000, 0x00000000e8000000)
  eden space 87424K,  23% used [0x00000000e0000000, 0x00000000e14396c0, 0x00000000e5560000)
  from space 21824K,  93% used [0x00000000e5560000, 0x00000000e69461d0, 0x00000000e6ab0000)
  to   space 21824K,   0% used [0x00000000e6ab0000, 0x00000000e6ab0000, 0x00000000e8000000)
 concurrent mark-sweep generation total 393216K, used 10043K [0x00000000e8000000, 0x0000000100000000, 0x0000000100000000)
 Metaspace       used 28510K, capacity 29091K, committed 29308K, reserved 1075200K
  class space    used 3252K, capacity 3435K, committed 3452K, reserved 1048576K
