OpenJDK 64-Bit Server VM (25.171-b11) for linux-amd64 JRE (1.8.0_171-8u171-b11-0ubuntu0.16.04.1-b11), built on Apr 27 2018 17:19:03 by "buildd" with gcc 5.4.0 20160609
Memory: 4k page, physical 7867600k(2944160k free), swap 8076284k(8076284k free)
CommandLine flags: -XX:CMSInitiatingOccupancyFraction=50 -XX:CMSMaxAbortablePrecleanTime=6000 -XX:+CMSParallelRemarkEnabled -XX:+CMSScavengeBeforeRemark -XX:ConcGCThreads=4 -XX:InitialHeapSize=536870912 -XX:MaxHeapSize=536870912 -XX:MaxTenuringThreshold=8 -XX:NewRatio=3 -XX:OldPLABSize=16 -XX:OnOutOfMemoryError=/home/gurnoor/workspace/QTM/solr/bin/oom_solr.sh 8983 /home/gurnoor/workspace/QTM/solr/server/logs -XX:ParallelGCThreads=4 -XX:+ParallelRefProcEnabled -XX:PretenureSizeThreshold=67108864 -XX:+PrintGC -XX:+PrintGCApplicationStoppedTime -XX:+PrintGCDateStamps -XX:+PrintGCDetails -XX:+PrintGCTimeStamps -XX:+PrintHeapAtGC -XX:+PrintTenuringDistribution -XX:SurvivorRatio=4 -XX:TargetSurvivorRatio=90 -XX:ThreadStackSize=256 -XX:+UseCMSInitiatingOccupancyOnly -XX:+UseCompressedClassPointers -XX:+UseCompressedOops -XX:+UseConcMarkSweepGC -XX:+UseParNewGC 
2018-06-19T11:08:54.096+0200: 0,120: Total time for which application threads were stopped: 0,0000683 seconds, Stopping threads took: 0,0000133 seconds
2018-06-19T11:08:54.169+0200: 0,193: Total time for which application threads were stopped: 0,0000917 seconds, Stopping threads took: 0,0000142 seconds
2018-06-19T11:08:54.179+0200: 0,203: Total time for which application threads were stopped: 0,0000870 seconds, Stopping threads took: 0,0000225 seconds
2018-06-19T11:08:54.313+0200: 0,337: Total time for which application threads were stopped: 0,0001434 seconds, Stopping threads took: 0,0000189 seconds
2018-06-19T11:08:54.475+0200: 0,499: Total time for which application threads were stopped: 0,0001551 seconds, Stopping threads took: 0,0000213 seconds
2018-06-19T11:08:54.526+0200: 0,550: Total time for which application threads were stopped: 0,0002215 seconds, Stopping threads took: 0,0000457 seconds
2018-06-19T11:08:54.539+0200: 0,563: Total time for which application threads were stopped: 0,0001914 seconds, Stopping threads took: 0,0000308 seconds
2018-06-19T11:08:54.756+0200: 0,780: Total time for which application threads were stopped: 0,0001803 seconds, Stopping threads took: 0,0000123 seconds
2018-06-19T11:08:54.954+0200: 0,978: Total time for which application threads were stopped: 0,0002921 seconds, Stopping threads took: 0,0000291 seconds
2018-06-19T11:08:54.980+0200: 1,004: Total time for which application threads were stopped: 0,0001835 seconds, Stopping threads took: 0,0000141 seconds
2018-06-19T11:08:55.014+0200: 1,038: Total time for which application threads were stopped: 0,0002981 seconds, Stopping threads took: 0,0000439 seconds
2018-06-19T11:08:55.015+0200: 1,039: Total time for which application threads were stopped: 0,0002885 seconds, Stopping threads took: 0,0000320 seconds
2018-06-19T11:08:55.039+0200: 1,063: Total time for which application threads were stopped: 0,0002167 seconds, Stopping threads took: 0,0000175 seconds
2018-06-19T11:08:55.109+0200: 1,133: Total time for which application threads were stopped: 0,0002326 seconds, Stopping threads took: 0,0000254 seconds
2018-06-19T11:08:55.317+0200: 1,341: Total time for which application threads were stopped: 0,0004469 seconds, Stopping threads took: 0,0000629 seconds
{Heap before GC invocations=0 (full 0):
 par new generation   total 109248K, used 87424K [0x00000000e0000000, 0x00000000e8000000, 0x00000000e8000000)
  eden space 87424K, 100% used [0x00000000e0000000, 0x00000000e5560000, 0x00000000e5560000)
  from space 21824K,   0% used [0x00000000e5560000, 0x00000000e5560000, 0x00000000e6ab0000)
  to   space 21824K,   0% used [0x00000000e6ab0000, 0x00000000e6ab0000, 0x00000000e8000000)
 concurrent mark-sweep generation total 393216K, used 0K [0x00000000e8000000, 0x0000000100000000, 0x0000000100000000)
 Metaspace       used 18084K, capacity 18408K, committed 18688K, reserved 1064960K
  class space    used 2039K, capacity 2198K, committed 2304K, reserved 1048576K
2018-06-19T11:08:55.419+0200: 1,443: [GC (Allocation Failure) 2018-06-19T11:08:55.419+0200: 1,443: [ParNew
Desired survivor size 20112992 bytes, new threshold 8 (max 8)
- age   1:   12431048 bytes,   12431048 total
: 87424K->12244K(109248K), 0,0166182 secs] 87424K->12244K(502464K), 0,0166876 secs] [Times: user=0,05 sys=0,00, real=0,02 secs] 
Heap after GC invocations=1 (full 0):
 par new generation   total 109248K, used 12244K [0x00000000e0000000, 0x00000000e8000000, 0x00000000e8000000)
  eden space 87424K,   0% used [0x00000000e0000000, 0x00000000e0000000, 0x00000000e5560000)
  from space 21824K,  56% used [0x00000000e6ab0000, 0x00000000e76a53b8, 0x00000000e8000000)
  to   space 21824K,   0% used [0x00000000e5560000, 0x00000000e5560000, 0x00000000e6ab0000)
 concurrent mark-sweep generation total 393216K, used 0K [0x00000000e8000000, 0x0000000100000000, 0x0000000100000000)
 Metaspace       used 18084K, capacity 18408K, committed 18688K, reserved 1064960K
  class space    used 2039K, capacity 2198K, committed 2304K, reserved 1048576K
}
2018-06-19T11:08:55.436+0200: 1,460: Total time for which application threads were stopped: 0,0182620 seconds, Stopping threads took: 0,0012842 seconds
2018-06-19T11:08:55.905+0200: 1,929: Total time for which application threads were stopped: 0,0007917 seconds, Stopping threads took: 0,0004457 seconds
2018-06-19T11:08:56.043+0200: 2,067: Total time for which application threads were stopped: 0,0026726 seconds, Stopping threads took: 0,0022919 seconds
{Heap before GC invocations=1 (full 0):
 par new generation   total 109248K, used 99668K [0x00000000e0000000, 0x00000000e8000000, 0x00000000e8000000)
  eden space 87424K, 100% used [0x00000000e0000000, 0x00000000e5560000, 0x00000000e5560000)
  from space 21824K,  56% used [0x00000000e6ab0000, 0x00000000e76a53b8, 0x00000000e8000000)
  to   space 21824K,   0% used [0x00000000e5560000, 0x00000000e5560000, 0x00000000e6ab0000)
 concurrent mark-sweep generation total 393216K, used 0K [0x00000000e8000000, 0x0000000100000000, 0x0000000100000000)
 Metaspace       used 20126K, capacity 20492K, committed 20736K, reserved 1067008K
  class space    used 2300K, capacity 2468K, committed 2560K, reserved 1048576K
2018-06-19T11:08:56.053+0200: 2,077: [GC (Allocation Failure) 2018-06-19T11:08:56.053+0200: 2,077: [ParNew
Desired survivor size 20112992 bytes, new threshold 8 (max 8)
- age   1:    2969136 bytes,    2969136 total
- age   2:    6463968 bytes,    9433104 total
: 99668K->15341K(109248K), 0,0516598 secs] 99668K->15341K(502464K), 0,0517492 secs] [Times: user=0,07 sys=0,00, real=0,05 secs] 
Heap after GC invocations=2 (full 0):
 par new generation   total 109248K, used 15341K [0x00000000e0000000, 0x00000000e8000000, 0x00000000e8000000)
  eden space 87424K,   0% used [0x00000000e0000000, 0x00000000e0000000, 0x00000000e5560000)
  from space 21824K,  70% used [0x00000000e5560000, 0x00000000e645b640, 0x00000000e6ab0000)
  to   space 21824K,   0% used [0x00000000e6ab0000, 0x00000000e6ab0000, 0x00000000e8000000)
 concurrent mark-sweep generation total 393216K, used 0K [0x00000000e8000000, 0x0000000100000000, 0x0000000100000000)
 Metaspace       used 20126K, capacity 20492K, committed 20736K, reserved 1067008K
  class space    used 2300K, capacity 2468K, committed 2560K, reserved 1048576K
}
2018-06-19T11:08:56.105+0200: 2,129: Total time for which application threads were stopped: 0,0520378 seconds, Stopping threads took: 0,0001008 seconds
2018-06-19T11:08:56.149+0200: 2,173: Total time for which application threads were stopped: 0,0039908 seconds, Stopping threads took: 0,0035781 seconds
2018-06-19T11:08:56.333+0200: 2,357: Total time for which application threads were stopped: 0,0003006 seconds, Stopping threads took: 0,0000931 seconds
{Heap before GC invocations=2 (full 0):
 par new generation   total 109248K, used 102765K [0x00000000e0000000, 0x00000000e8000000, 0x00000000e8000000)
  eden space 87424K, 100% used [0x00000000e0000000, 0x00000000e5560000, 0x00000000e5560000)
  from space 21824K,  70% used [0x00000000e5560000, 0x00000000e645b640, 0x00000000e6ab0000)
  to   space 21824K,   0% used [0x00000000e6ab0000, 0x00000000e6ab0000, 0x00000000e8000000)
 concurrent mark-sweep generation total 393216K, used 0K [0x00000000e8000000, 0x0000000100000000, 0x0000000100000000)
 Metaspace       used 21038K, capacity 21350K, committed 21628K, reserved 1069056K
  class space    used 2425K, capacity 2587K, committed 2684K, reserved 1048576K
2018-06-19T11:08:56.403+0200: 2,427: [GC (Allocation Failure) 2018-06-19T11:08:56.403+0200: 2,427: [ParNew
Desired survivor size 20112992 bytes, new threshold 8 (max 8)
- age   1:    2082080 bytes,    2082080 total
- age   2:     522872 bytes,    2604952 total
- age   3:    6460536 bytes,    9065488 total
: 102765K->10551K(109248K), 0,0182736 secs] 102765K->10551K(502464K), 0,0183764 secs] [Times: user=0,05 sys=0,00, real=0,02 secs] 
Heap after GC invocations=3 (full 0):
 par new generation   total 109248K, used 10551K [0x00000000e0000000, 0x00000000e8000000, 0x00000000e8000000)
  eden space 87424K,   0% used [0x00000000e0000000, 0x00000000e0000000, 0x00000000e5560000)
  from space 21824K,  48% used [0x00000000e6ab0000, 0x00000000e74fdee0, 0x00000000e8000000)
  to   space 21824K,   0% used [0x00000000e5560000, 0x00000000e5560000, 0x00000000e6ab0000)
 concurrent mark-sweep generation total 393216K, used 0K [0x00000000e8000000, 0x0000000100000000, 0x0000000100000000)
 Metaspace       used 21038K, capacity 21350K, committed 21628K, reserved 1069056K
  class space    used 2425K, capacity 2587K, committed 2684K, reserved 1048576K
}
2018-06-19T11:08:56.421+0200: 2,446: Total time for which application threads were stopped: 0,0200936 seconds, Stopping threads took: 0,0014972 seconds
2018-06-19T11:08:56.422+0200: 2,447: [GC (CMS Initial Mark) [1 CMS-initial-mark: 0K(393216K)] 11239K(502464K), 0,0052180 secs] [Times: user=0,02 sys=0,00, real=0,01 secs] 
2018-06-19T11:08:56.428+0200: 2,452: Total time for which application threads were stopped: 0,0058199 seconds, Stopping threads took: 0,0004679 seconds
2018-06-19T11:08:56.428+0200: 2,452: [CMS-concurrent-mark-start]
2018-06-19T11:08:56.430+0200: 2,454: [CMS-concurrent-mark: 0,001/0,001 secs] [Times: user=0,00 sys=0,00, real=0,00 secs] 
2018-06-19T11:08:56.430+0200: 2,454: [CMS-concurrent-preclean-start]
2018-06-19T11:08:56.431+0200: 2,455: [CMS-concurrent-preclean: 0,001/0,001 secs] [Times: user=0,01 sys=0,00, real=0,00 secs] 
2018-06-19T11:08:56.431+0200: 2,455: [CMS-concurrent-abortable-preclean-start]
2018-06-19T11:08:56.503+0200: 2,527: Total time for which application threads were stopped: 0,0001856 seconds, Stopping threads took: 0,0000633 seconds
2018-06-19T11:08:56.683+0200: 2,707: [CMS-concurrent-abortable-preclean: 0,152/0,252 secs] [Times: user=0,66 sys=0,01, real=0,25 secs] 
2018-06-19T11:08:56.684+0200: 2,708: [GC (CMS Final Remark) [YG occupancy: 96395 K (109248 K)]{Heap before GC invocations=3 (full 1):
 par new generation   total 109248K, used 96395K [0x00000000e0000000, 0x00000000e8000000, 0x00000000e8000000)
  eden space 87424K,  98% used [0x00000000e0000000, 0x00000000e53d4d78, 0x00000000e5560000)
  from space 21824K,  48% used [0x00000000e6ab0000, 0x00000000e74fdee0, 0x00000000e8000000)
  to   space 21824K,   0% used [0x00000000e5560000, 0x00000000e5560000, 0x00000000e6ab0000)
 concurrent mark-sweep generation total 393216K, used 0K [0x00000000e8000000, 0x0000000100000000, 0x0000000100000000)
 Metaspace       used 21316K, capacity 21690K, committed 21884K, reserved 1069056K
  class space    used 2452K, capacity 2602K, committed 2684K, reserved 1048576K
2018-06-19T11:08:56.684+0200: 2,708: [GC (CMS Final Remark) 2018-06-19T11:08:56.684+0200: 2,708: [ParNew
Desired survivor size 20112992 bytes, new threshold 8 (max 8)
- age   1:    1469240 bytes,    1469240 total
- age   2:    1439632 bytes,    2908872 total
- age   3:     520696 bytes,    3429568 total
- age   4:    6460432 bytes,    9890000 total
: 96395K->13466K(109248K), 0,0301251 secs] 96395K->13466K(502464K), 0,0302736 secs] [Times: user=0,06 sys=0,00, real=0,03 secs] 
Heap after GC invocations=4 (full 1):
 par new generation   total 109248K, used 13466K [0x00000000e0000000, 0x00000000e8000000, 0x00000000e8000000)
  eden space 87424K,   0% used [0x00000000e0000000, 0x00000000e0000000, 0x00000000e5560000)
  from space 21824K,  61% used [0x00000000e5560000, 0x00000000e6286820, 0x00000000e6ab0000)
  to   space 21824K,   0% used [0x00000000e6ab0000, 0x00000000e6ab0000, 0x00000000e8000000)
 concurrent mark-sweep generation total 393216K, used 0K [0x00000000e8000000, 0x0000000100000000, 0x0000000100000000)
 Metaspace       used 21316K, capacity 21690K, committed 21884K, reserved 1069056K
  class space    used 2452K, capacity 2602K, committed 2684K, reserved 1048576K
}
2018-06-19T11:08:56.714+0200: 2,738: [Rescan (parallel) , 0,0081188 secs]2018-06-19T11:08:56.722+0200: 2,746: [weak refs processing, 0,0070221 secs]2018-06-19T11:08:56.729+0200: 2,753: [class unloading, 0,0033153 secs]2018-06-19T11:08:56.733+0200: 2,757: [scrub symbol table, 0,0040068 secs]2018-06-19T11:08:56.737+0200: 2,761: [scrub string table, 0,0004033 secs][1 CMS-remark: 0K(393216K)] 13466K(502464K), 0,0539670 secs] [Times: user=0,10 sys=0,00, real=0,06 secs] 
2018-06-19T11:08:56.738+0200: 2,762: Total time for which application threads were stopped: 0,0546804 seconds, Stopping threads took: 0,0005711 seconds
2018-06-19T11:08:56.738+0200: 2,762: [CMS-concurrent-sweep-start]
2018-06-19T11:08:56.738+0200: 2,762: [CMS-concurrent-sweep: 0,000/0,000 secs] [Times: user=0,00 sys=0,00, real=0,00 secs] 
2018-06-19T11:08:56.738+0200: 2,762: [CMS-concurrent-reset-start]
2018-06-19T11:08:56.741+0200: 2,765: [CMS-concurrent-reset: 0,003/0,003 secs] [Times: user=0,01 sys=0,01, real=0,00 secs] 
{Heap before GC invocations=4 (full 1):
 par new generation   total 109248K, used 100890K [0x00000000e0000000, 0x00000000e8000000, 0x00000000e8000000)
  eden space 87424K, 100% used [0x00000000e0000000, 0x00000000e5560000, 0x00000000e5560000)
  from space 21824K,  61% used [0x00000000e5560000, 0x00000000e6286820, 0x00000000e6ab0000)
  to   space 21824K,   0% used [0x00000000e6ab0000, 0x00000000e6ab0000, 0x00000000e8000000)
 concurrent mark-sweep generation total 393216K, used 0K [0x00000000e8000000, 0x0000000100000000, 0x0000000100000000)
 Metaspace       used 21509K, capacity 21868K, committed 22140K, reserved 1069056K
  class space    used 2475K, capacity 2637K, committed 2684K, reserved 1048576K
2018-06-19T11:08:56.875+0200: 2,899: [GC (Allocation Failure) 2018-06-19T11:08:56.875+0200: 2,899: [ParNew
Desired survivor size 20112992 bytes, new threshold 8 (max 8)
- age   1:     765936 bytes,     765936 total
- age   2:     183544 bytes,     949480 total
- age   3:    1438304 bytes,    2387784 total
- age   4:     518696 bytes,    2906480 total
- age   5:    6460840 bytes,    9367320 total
: 100890K->12477K(109248K), 0,0096773 secs] 100890K->12477K(502464K), 0,0097391 secs] [Times: user=0,03 sys=0,00, real=0,01 secs] 
Heap after GC invocations=5 (full 1):
 par new generation   total 109248K, used 12477K [0x00000000e0000000, 0x00000000e8000000, 0x00000000e8000000)
  eden space 87424K,   0% used [0x00000000e0000000, 0x00000000e0000000, 0x00000000e5560000)
  from space 21824K,  57% used [0x00000000e6ab0000, 0x00000000e76df610, 0x00000000e8000000)
  to   space 21824K,   0% used [0x00000000e5560000, 0x00000000e5560000, 0x00000000e6ab0000)
 concurrent mark-sweep generation total 393216K, used 0K [0x00000000e8000000, 0x0000000100000000, 0x0000000100000000)
 Metaspace       used 21509K, capacity 21868K, committed 22140K, reserved 1069056K
  class space    used 2475K, capacity 2637K, committed 2684K, reserved 1048576K
}
2018-06-19T11:08:56.884+0200: 2,908: Total time for which application threads were stopped: 0,0099448 seconds, Stopping threads took: 0,0000464 seconds
2018-06-19T11:08:56.908+0200: 2,932: Total time for which application threads were stopped: 0,0003366 seconds, Stopping threads took: 0,0000210 seconds
2018-06-19T11:08:57.148+0200: 3,172: Total time for which application threads were stopped: 0,0005087 seconds, Stopping threads took: 0,0000252 seconds
2018-06-19T11:08:57.160+0200: 3,185: Total time for which application threads were stopped: 0,0004301 seconds, Stopping threads took: 0,0000273 seconds
{Heap before GC invocations=5 (full 1):
 par new generation   total 109248K, used 99718K [0x00000000e0000000, 0x00000000e8000000, 0x00000000e8000000)
  eden space 87424K,  99% used [0x00000000e0000000, 0x00000000e5532228, 0x00000000e5560000)
  from space 21824K,  57% used [0x00000000e6ab0000, 0x00000000e76df610, 0x00000000e8000000)
  to   space 21824K,   0% used [0x00000000e5560000, 0x00000000e5560000, 0x00000000e6ab0000)
 concurrent mark-sweep generation total 393216K, used 0K [0x00000000e8000000, 0x0000000100000000, 0x0000000100000000)
 Metaspace       used 25533K, capacity 26086K, committed 26236K, reserved 1073152K
  class space    used 2952K, capacity 3154K, committed 3196K, reserved 1048576K
2018-06-19T11:08:57.556+0200: 3,580: [GC (Allocation Failure) 2018-06-19T11:08:57.556+0200: 3,580: [ParNew
Desired survivor size 20112992 bytes, new threshold 8 (max 8)
- age   1:   10136744 bytes,   10136744 total
- age   2:     150064 bytes,   10286808 total
- age   3:     180120 bytes,   10466928 total
- age   4:     267328 bytes,   10734256 total
- age   5:     496712 bytes,   11230968 total
- age   6:    6453440 bytes,   17684408 total
: 99718K->20470K(109248K), 0,0267195 secs] 99718K->20470K(502464K), 0,0269165 secs] [Times: user=0,09 sys=0,01, real=0,02 secs] 
Heap after GC invocations=6 (full 1):
 par new generation   total 109248K, used 20470K [0x00000000e0000000, 0x00000000e8000000, 0x00000000e8000000)
  eden space 87424K,   0% used [0x00000000e0000000, 0x00000000e0000000, 0x00000000e5560000)
  from space 21824K,  93% used [0x00000000e5560000, 0x00000000e695db28, 0x00000000e6ab0000)
  to   space 21824K,   0% used [0x00000000e6ab0000, 0x00000000e6ab0000, 0x00000000e8000000)
 concurrent mark-sweep generation total 393216K, used 0K [0x00000000e8000000, 0x0000000100000000, 0x0000000100000000)
 Metaspace       used 25533K, capacity 26086K, committed 26236K, reserved 1073152K
  class space    used 2952K, capacity 3154K, committed 3196K, reserved 1048576K
}
2018-06-19T11:08:57.583+0200: 3,607: Total time for which application threads were stopped: 0,0321222 seconds, Stopping threads took: 0,0044732 seconds
2018-06-19T11:08:57.623+0200: 3,647: Total time for which application threads were stopped: 0,0004700 seconds, Stopping threads took: 0,0000518 seconds
2018-06-19T11:08:57.682+0200: 3,706: Total time for which application threads were stopped: 0,0004465 seconds, Stopping threads took: 0,0000261 seconds
2018-06-19T11:08:57.699+0200: 3,723: Total time for which application threads were stopped: 0,0004280 seconds, Stopping threads took: 0,0000266 seconds
2018-06-19T11:08:57.799+0200: 3,823: Total time for which application threads were stopped: 0,0027386 seconds, Stopping threads took: 0,0023019 seconds
2018-06-19T11:08:57.931+0200: 3,955: Total time for which application threads were stopped: 0,0057548 seconds, Stopping threads took: 0,0050371 seconds
2018-06-19T11:08:58.036+0200: 4,060: Total time for which application threads were stopped: 0,0006812 seconds, Stopping threads took: 0,0002081 seconds
{Heap before GC invocations=6 (full 1):
 par new generation   total 109248K, used 107894K [0x00000000e0000000, 0x00000000e8000000, 0x00000000e8000000)
  eden space 87424K, 100% used [0x00000000e0000000, 0x00000000e5560000, 0x00000000e5560000)
  from space 21824K,  93% used [0x00000000e5560000, 0x00000000e695db28, 0x00000000e6ab0000)
  to   space 21824K,   0% used [0x00000000e6ab0000, 0x00000000e6ab0000, 0x00000000e8000000)
 concurrent mark-sweep generation total 393216K, used 0K [0x00000000e8000000, 0x0000000100000000, 0x0000000100000000)
 Metaspace       used 28072K, capacity 28692K, committed 29052K, reserved 1075200K
  class space    used 3225K, capacity 3419K, committed 3452K, reserved 1048576K
2018-06-19T11:08:58.086+0200: 4,110: [GC (Allocation Failure) 2018-06-19T11:08:58.086+0200: 4,110: [ParNew
Desired survivor size 20112992 bytes, new threshold 7 (max 8)
- age   1:    8199768 bytes,    8199768 total
- age   2:    6608392 bytes,   14808160 total
- age   3:     150064 bytes,   14958224 total
- age   4:     179944 bytes,   15138168 total
- age   5:     267056 bytes,   15405224 total
- age   6:     488240 bytes,   15893464 total
- age   7:    6446808 bytes,   22340272 total
: 107894K->21824K(109248K), 0,0223045 secs] 107894K->23205K(502464K), 0,0223841 secs] [Times: user=0,08 sys=0,01, real=0,03 secs] 
Heap after GC invocations=7 (full 1):
 par new generation   total 109248K, used 21824K [0x00000000e0000000, 0x00000000e8000000, 0x00000000e8000000)
  eden space 87424K,   0% used [0x00000000e0000000, 0x00000000e0000000, 0x00000000e5560000)
  from space 21824K, 100% used [0x00000000e6ab0000, 0x00000000e8000000, 0x00000000e8000000)
  to   space 21824K,   0% used [0x00000000e5560000, 0x00000000e5560000, 0x00000000e6ab0000)
 concurrent mark-sweep generation total 393216K, used 1381K [0x00000000e8000000, 0x0000000100000000, 0x0000000100000000)
 Metaspace       used 28072K, capacity 28692K, committed 29052K, reserved 1075200K
  class space    used 3225K, capacity 3419K, committed 3452K, reserved 1048576K
}
2018-06-19T11:08:58.109+0200: 4,133: Total time for which application threads were stopped: 0,0226033 seconds, Stopping threads took: 0,0000616 seconds
{Heap before GC invocations=7 (full 1):
 par new generation   total 109248K, used 109248K [0x00000000e0000000, 0x00000000e8000000, 0x00000000e8000000)
  eden space 87424K, 100% used [0x00000000e0000000, 0x00000000e5560000, 0x00000000e5560000)
  from space 21824K, 100% used [0x00000000e6ab0000, 0x00000000e8000000, 0x00000000e8000000)
  to   space 21824K,   0% used [0x00000000e5560000, 0x00000000e5560000, 0x00000000e6ab0000)
 concurrent mark-sweep generation total 393216K, used 1381K [0x00000000e8000000, 0x0000000100000000, 0x0000000100000000)
 Metaspace       used 28124K, capacity 28720K, committed 29052K, reserved 1075200K
  class space    used 3228K, capacity 3424K, committed 3452K, reserved 1048576K
2018-06-19T11:08:58.180+0200: 4,204: [GC (Allocation Failure) 2018-06-19T11:08:58.180+0200: 4,204: [ParNew
Desired survivor size 20112992 bytes, new threshold 8 (max 8)
- age   1:    1280608 bytes,    1280608 total
- age   2:    6891624 bytes,    8172232 total
- age   3:    6607544 bytes,   14779776 total
- age   4:     150064 bytes,   14929840 total
- age   5:     179736 bytes,   15109576 total
- age   6:     267056 bytes,   15376632 total
- age   7:     488008 bytes,   15864640 total
: 109248K->21824K(109248K), 0,0600054 secs] 110629K->30494K(502464K), 0,0600734 secs] [Times: user=0,16 sys=0,02, real=0,06 secs] 
Heap after GC invocations=8 (full 1):
 par new generation   total 109248K, used 21824K [0x00000000e0000000, 0x00000000e8000000, 0x00000000e8000000)
  eden space 87424K,   0% used [0x00000000e0000000, 0x00000000e0000000, 0x00000000e5560000)
  from space 21824K, 100% used [0x00000000e5560000, 0x00000000e6ab0000, 0x00000000e6ab0000)
  to   space 21824K,   0% used [0x00000000e6ab0000, 0x00000000e6ab0000, 0x00000000e8000000)
 concurrent mark-sweep generation total 393216K, used 8670K [0x00000000e8000000, 0x0000000100000000, 0x0000000100000000)
 Metaspace       used 28124K, capacity 28720K, committed 29052K, reserved 1075200K
  class space    used 3228K, capacity 3424K, committed 3452K, reserved 1048576K
}
2018-06-19T11:08:58.240+0200: 4,264: Total time for which application threads were stopped: 0,0603391 seconds, Stopping threads took: 0,0000686 seconds
2018-06-19T11:08:58.431+0200: 4,455: Total time for which application threads were stopped: 0,0001980 seconds, Stopping threads took: 0,0000490 seconds
2018-06-19T11:08:58.434+0200: 4,458: Total time for which application threads were stopped: 0,0001664 seconds, Stopping threads took: 0,0000693 seconds
2018-06-19T11:08:58.437+0200: 4,461: Total time for which application threads were stopped: 0,0002103 seconds, Stopping threads took: 0,0001108 seconds
2018-06-19T11:08:58.443+0200: 4,467: Total time for which application threads were stopped: 0,0040840 seconds, Stopping threads took: 0,0039824 seconds
2018-06-19T11:08:58.460+0200: 4,485: Total time for which application threads were stopped: 0,0001840 seconds, Stopping threads took: 0,0000857 seconds
2018-06-19T11:08:58.461+0200: 4,485: Total time for which application threads were stopped: 0,0001760 seconds, Stopping threads took: 0,0000731 seconds
{Heap before GC invocations=8 (full 1):
 par new generation   total 109248K, used 109248K [0x00000000e0000000, 0x00000000e8000000, 0x00000000e8000000)
  eden space 87424K, 100% used [0x00000000e0000000, 0x00000000e5560000, 0x00000000e5560000)
  from space 21824K, 100% used [0x00000000e5560000, 0x00000000e6ab0000, 0x00000000e6ab0000)
  to   space 21824K,   0% used [0x00000000e6ab0000, 0x00000000e6ab0000, 0x00000000e8000000)
 concurrent mark-sweep generation total 393216K, used 8670K [0x00000000e8000000, 0x0000000100000000, 0x0000000100000000)
 Metaspace       used 28295K, capacity 28954K, committed 29052K, reserved 1075200K
  class space    used 3239K, capacity 3438K, committed 3452K, reserved 1048576K
2018-06-19T11:08:58.463+0200: 4,487: [GC (Allocation Failure) 2018-06-19T11:08:58.463+0200: 4,487: [ParNew
Desired survivor size 20112992 bytes, new threshold 8 (max 8)
- age   1:    1755328 bytes,    1755328 total
- age   2:     161816 bytes,    1917144 total
- age   3:    6887752 bytes,    8804896 total
- age   4:    6607312 bytes,   15412208 total
- age   5:     150064 bytes,   15562272 total
- age   6:     179736 bytes,   15742008 total
- age   7:     267056 bytes,   16009064 total
- age   8:     488008 bytes,   16497072 total
: 109248K->21824K(109248K), 0,0234295 secs] 117918K->30494K(502464K), 0,0235217 secs] [Times: user=0,09 sys=0,00, real=0,02 secs] 
Heap after GC invocations=9 (full 1):
 par new generation   total 109248K, used 21824K [0x00000000e0000000, 0x00000000e8000000, 0x00000000e8000000)
  eden space 87424K,   0% used [0x00000000e0000000, 0x00000000e0000000, 0x00000000e5560000)
  from space 21824K, 100% used [0x00000000e6ab0000, 0x00000000e8000000, 0x00000000e8000000)
  to   space 21824K,   0% used [0x00000000e5560000, 0x00000000e5560000, 0x00000000e6ab0000)
 concurrent mark-sweep generation total 393216K, used 8670K [0x00000000e8000000, 0x0000000100000000, 0x0000000100000000)
 Metaspace       used 28295K, capacity 28954K, committed 29052K, reserved 1075200K
  class space    used 3239K, capacity 3438K, committed 3452K, reserved 1048576K
}
2018-06-19T11:08:58.487+0200: 4,511: Total time for which application threads were stopped: 0,0248843 seconds, Stopping threads took: 0,0011955 seconds
2018-06-19T11:08:58.512+0200: 4,536: Total time for which application threads were stopped: 0,0002460 seconds, Stopping threads took: 0,0000787 seconds
2018-06-19T11:08:58.512+0200: 4,536: Total time for which application threads were stopped: 0,0000951 seconds, Stopping threads took: 0,0000351 seconds
2018-06-19T11:08:58.512+0200: 4,536: Total time for which application threads were stopped: 0,0000768 seconds, Stopping threads took: 0,0000264 seconds
2018-06-19T11:08:58.515+0200: 4,539: Total time for which application threads were stopped: 0,0029069 seconds, Stopping threads took: 0,0027783 seconds
2018-06-19T11:08:58.565+0200: 4,589: Total time for which application threads were stopped: 0,0001632 seconds, Stopping threads took: 0,0000558 seconds
2018-06-19T11:08:58.565+0200: 4,589: Total time for which application threads were stopped: 0,0000799 seconds, Stopping threads took: 0,0000258 seconds
2018-06-19T11:08:58.565+0200: 4,589: Total time for which application threads were stopped: 0,0000667 seconds, Stopping threads took: 0,0000274 seconds
2018-06-19T11:08:59.565+0200: 5,589: Total time for which application threads were stopped: 0,0000952 seconds, Stopping threads took: 0,0000266 seconds
2018-06-19T11:09:02.191+0200: 8,215: Total time for which application threads were stopped: 0,0001108 seconds, Stopping threads took: 0,0000285 seconds
2018-06-19T11:09:02.191+0200: 8,215: Total time for which application threads were stopped: 0,0004367 seconds, Stopping threads took: 0,0003808 seconds
2018-06-19T11:09:02.197+0200: 8,221: Total time for which application threads were stopped: 0,0001233 seconds, Stopping threads took: 0,0000427 seconds
2018-06-19T11:09:02.199+0200: 8,223: Total time for which application threads were stopped: 0,0001475 seconds, Stopping threads took: 0,0000711 seconds
2018-06-19T11:09:02.204+0200: 8,228: Total time for which application threads were stopped: 0,0001404 seconds, Stopping threads took: 0,0000528 seconds
2018-06-19T11:09:02.208+0200: 8,232: Total time for which application threads were stopped: 0,0001684 seconds, Stopping threads took: 0,0000764 seconds
2018-06-19T11:09:02.209+0200: 8,233: Total time for which application threads were stopped: 0,0001532 seconds, Stopping threads took: 0,0000681 seconds
2018-06-19T11:09:02.209+0200: 8,233: Total time for which application threads were stopped: 0,0001162 seconds, Stopping threads took: 0,0000528 seconds
2018-06-19T11:09:02.210+0200: 8,234: Total time for which application threads were stopped: 0,0001537 seconds, Stopping threads took: 0,0000385 seconds
2018-06-19T11:09:02.215+0200: 8,239: Total time for which application threads were stopped: 0,0007124 seconds, Stopping threads took: 0,0002222 seconds
2018-06-19T11:09:02.224+0200: 8,248: Total time for which application threads were stopped: 0,0001539 seconds, Stopping threads took: 0,0000727 seconds
2018-06-19T11:09:02.229+0200: 8,253: Total time for which application threads were stopped: 0,0001110 seconds, Stopping threads took: 0,0000385 seconds
2018-06-19T11:09:02.235+0200: 8,259: Total time for which application threads were stopped: 0,0004793 seconds, Stopping threads took: 0,0000888 seconds
2018-06-19T11:09:02.245+0200: 8,269: Total time for which application threads were stopped: 0,0004191 seconds, Stopping threads took: 0,0000140 seconds
2018-06-19T11:09:02.249+0200: 8,273: Total time for which application threads were stopped: 0,0001542 seconds, Stopping threads took: 0,0000807 seconds
2018-06-19T11:09:02.250+0200: 8,274: Total time for which application threads were stopped: 0,0001469 seconds, Stopping threads took: 0,0000549 seconds
2018-06-19T11:09:02.252+0200: 8,276: Total time for which application threads were stopped: 0,0004662 seconds, Stopping threads took: 0,0001179 seconds
2018-06-19T11:09:02.254+0200: 8,278: Total time for which application threads were stopped: 0,0003399 seconds, Stopping threads took: 0,0000681 seconds
2018-06-19T11:09:02.256+0200: 8,280: Total time for which application threads were stopped: 0,0002012 seconds, Stopping threads took: 0,0000662 seconds
2018-06-19T11:09:02.261+0200: 8,285: Total time for which application threads were stopped: 0,0001008 seconds, Stopping threads took: 0,0000300 seconds
2018-06-19T11:09:02.262+0200: 8,287: Total time for which application threads were stopped: 0,0001213 seconds, Stopping threads took: 0,0000447 seconds
2018-06-19T11:09:02.268+0200: 8,292: Total time for which application threads were stopped: 0,0001047 seconds, Stopping threads took: 0,0000266 seconds
2018-06-19T11:09:02.268+0200: 8,292: Total time for which application threads were stopped: 0,0001546 seconds, Stopping threads took: 0,0000930 seconds
2018-06-19T11:09:02.275+0200: 8,299: Total time for which application threads were stopped: 0,0001384 seconds, Stopping threads took: 0,0000715 seconds
2018-06-19T11:09:02.309+0200: 8,333: Total time for which application threads were stopped: 0,0001403 seconds, Stopping threads took: 0,0000384 seconds
2018-06-19T11:09:02.327+0200: 8,351: Total time for which application threads were stopped: 0,0001265 seconds, Stopping threads took: 0,0000390 seconds
2018-06-19T11:09:02.327+0200: 8,351: Total time for which application threads were stopped: 0,0000698 seconds, Stopping threads took: 0,0000123 seconds
2018-06-19T11:09:02.329+0200: 8,353: Total time for which application threads were stopped: 0,0001516 seconds, Stopping threads took: 0,0000571 seconds
2018-06-19T11:09:02.330+0200: 8,354: Total time for which application threads were stopped: 0,0001489 seconds, Stopping threads took: 0,0000592 seconds
2018-06-19T11:09:02.332+0200: 8,356: Total time for which application threads were stopped: 0,0001622 seconds, Stopping threads took: 0,0000417 seconds
2018-06-19T11:09:02.335+0200: 8,360: Total time for which application threads were stopped: 0,0007330 seconds, Stopping threads took: 0,0005846 seconds
2018-06-19T11:09:02.337+0200: 8,361: Total time for which application threads were stopped: 0,0001175 seconds, Stopping threads took: 0,0000463 seconds
2018-06-19T11:09:02.337+0200: 8,361: Total time for which application threads were stopped: 0,0001162 seconds, Stopping threads took: 0,0000669 seconds
2018-06-19T11:09:02.342+0200: 8,366: Total time for which application threads were stopped: 0,0003807 seconds, Stopping threads took: 0,0002422 seconds
2018-06-19T11:09:02.346+0200: 8,370: Total time for which application threads were stopped: 0,0013867 seconds, Stopping threads took: 0,0012487 seconds
2018-06-19T11:09:02.346+0200: 8,370: Total time for which application threads were stopped: 0,0001212 seconds, Stopping threads took: 0,0000153 seconds
2018-06-19T11:09:02.355+0200: 8,379: Total time for which application threads were stopped: 0,0001171 seconds, Stopping threads took: 0,0000234 seconds
2018-06-19T11:09:02.359+0200: 8,383: Total time for which application threads were stopped: 0,0001747 seconds, Stopping threads took: 0,0000783 seconds
2018-06-19T11:09:02.361+0200: 8,385: Total time for which application threads were stopped: 0,0003415 seconds, Stopping threads took: 0,0000648 seconds
2018-06-19T11:09:02.366+0200: 8,390: Total time for which application threads were stopped: 0,0003284 seconds, Stopping threads took: 0,0002173 seconds
2018-06-19T11:09:02.368+0200: 8,392: Total time for which application threads were stopped: 0,0001778 seconds, Stopping threads took: 0,0000278 seconds
2018-06-19T11:09:02.368+0200: 8,392: Total time for which application threads were stopped: 0,0000890 seconds, Stopping threads took: 0,0000146 seconds
2018-06-19T11:09:02.394+0200: 8,418: Total time for which application threads were stopped: 0,0001645 seconds, Stopping threads took: 0,0000408 seconds
2018-06-19T11:09:02.395+0200: 8,419: Total time for which application threads were stopped: 0,0001423 seconds, Stopping threads took: 0,0000499 seconds
2018-06-19T11:09:02.403+0200: 8,427: Total time for which application threads were stopped: 0,0001610 seconds, Stopping threads took: 0,0000338 seconds
2018-06-19T11:09:02.404+0200: 8,428: Total time for which application threads were stopped: 0,0001652 seconds, Stopping threads took: 0,0000301 seconds
2018-06-19T11:09:02.413+0200: 8,437: Total time for which application threads were stopped: 0,0011647 seconds, Stopping threads took: 0,0006987 seconds
2018-06-19T11:09:02.425+0200: 8,449: Total time for which application threads were stopped: 0,0014114 seconds, Stopping threads took: 0,0012758 seconds
2018-06-19T11:09:02.463+0200: 8,487: Total time for which application threads were stopped: 0,0002161 seconds, Stopping threads took: 0,0000872 seconds
2018-06-19T11:09:02.464+0200: 8,488: Total time for which application threads were stopped: 0,0001699 seconds, Stopping threads took: 0,0000693 seconds
2018-06-19T11:09:02.802+0200: 8,826: Total time for which application threads were stopped: 0,0001578 seconds, Stopping threads took: 0,0000315 seconds
2018-06-19T11:09:02.803+0200: 8,827: Total time for which application threads were stopped: 0,0001515 seconds, Stopping threads took: 0,0000308 seconds
2018-06-19T11:09:02.803+0200: 8,828: Total time for which application threads were stopped: 0,0000769 seconds, Stopping threads took: 0,0000155 seconds
2018-06-19T11:09:02.804+0200: 8,828: Total time for which application threads were stopped: 0,0000541 seconds, Stopping threads took: 0,0000080 seconds
2018-06-19T11:09:02.804+0200: 8,828: Total time for which application threads were stopped: 0,0000487 seconds, Stopping threads took: 0,0000073 seconds
2018-06-19T11:09:02.804+0200: 8,828: Total time for which application threads were stopped: 0,0000516 seconds, Stopping threads took: 0,0000128 seconds
2018-06-19T11:09:02.804+0200: 8,828: Total time for which application threads were stopped: 0,0000456 seconds, Stopping threads took: 0,0000072 seconds
2018-06-19T11:09:02.804+0200: 8,828: Total time for which application threads were stopped: 0,0000460 seconds, Stopping threads took: 0,0000069 seconds
2018-06-19T11:09:02.804+0200: 8,828: Total time for which application threads were stopped: 0,0000454 seconds, Stopping threads took: 0,0000071 seconds
2018-06-19T11:09:02.808+0200: 8,832: Total time for which application threads were stopped: 0,0008330 seconds, Stopping threads took: 0,0007193 seconds
2018-06-19T11:09:02.808+0200: 8,832: Total time for which application threads were stopped: 0,0000548 seconds, Stopping threads took: 0,0000088 seconds
2018-06-19T11:09:02.826+0200: 8,850: Total time for which application threads were stopped: 0,0000887 seconds, Stopping threads took: 0,0000183 seconds
2018-06-19T11:09:02.826+0200: 8,850: Total time for which application threads were stopped: 0,0000604 seconds, Stopping threads took: 0,0000138 seconds
2018-06-19T11:09:02.826+0200: 8,850: Total time for which application threads were stopped: 0,0000422 seconds, Stopping threads took: 0,0000077 seconds
2018-06-19T11:09:02.826+0200: 8,850: Total time for which application threads were stopped: 0,0000412 seconds, Stopping threads took: 0,0000067 seconds
2018-06-19T11:09:02.826+0200: 8,850: Total time for which application threads were stopped: 0,0000421 seconds, Stopping threads took: 0,0000074 seconds
2018-06-19T11:09:02.826+0200: 8,850: Total time for which application threads were stopped: 0,0001650 seconds, Stopping threads took: 0,0000074 seconds
2018-06-19T11:09:03.377+0200: 9,401: Total time for which application threads were stopped: 0,0006650 seconds, Stopping threads took: 0,0000579 seconds
2018-06-19T11:09:03.378+0200: 9,402: Total time for which application threads were stopped: 0,0005021 seconds, Stopping threads took: 0,0000160 seconds
2018-06-19T11:09:03.386+0200: 9,410: Total time for which application threads were stopped: 0,0007816 seconds, Stopping threads took: 0,0006524 seconds
2018-06-19T11:09:03.404+0200: 9,428: Total time for which application threads were stopped: 0,0003603 seconds, Stopping threads took: 0,0002113 seconds
2018-06-19T11:09:03.405+0200: 9,429: Total time for which application threads were stopped: 0,0007615 seconds, Stopping threads took: 0,0006368 seconds
2018-06-19T11:09:03.408+0200: 9,432: Total time for which application threads were stopped: 0,0001622 seconds, Stopping threads took: 0,0000467 seconds
2018-06-19T11:09:03.448+0200: 9,472: Total time for which application threads were stopped: 0,0001193 seconds, Stopping threads took: 0,0000305 seconds
2018-06-19T11:09:03.448+0200: 9,472: Total time for which application threads were stopped: 0,0000659 seconds, Stopping threads took: 0,0000161 seconds
2018-06-19T11:09:03.448+0200: 9,472: Total time for which application threads were stopped: 0,0000433 seconds, Stopping threads took: 0,0000124 seconds
2018-06-19T11:09:03.448+0200: 9,472: Total time for which application threads were stopped: 0,0000879 seconds, Stopping threads took: 0,0000587 seconds
2018-06-19T11:09:03.448+0200: 9,472: Total time for which application threads were stopped: 0,0000384 seconds, Stopping threads took: 0,0000138 seconds
2018-06-19T11:09:03.449+0200: 9,473: Total time for which application threads were stopped: 0,0001197 seconds, Stopping threads took: 0,0000527 seconds
2018-06-19T11:09:03.449+0200: 9,473: Total time for which application threads were stopped: 0,0000584 seconds, Stopping threads took: 0,0000238 seconds
2018-06-19T11:09:03.449+0200: 9,473: Total time for which application threads were stopped: 0,0000412 seconds, Stopping threads took: 0,0000103 seconds
2018-06-19T11:09:03.449+0200: 9,473: Total time for which application threads were stopped: 0,0000505 seconds, Stopping threads took: 0,0000204 seconds
2018-06-19T11:09:03.449+0200: 9,474: Total time for which application threads were stopped: 0,0000453 seconds, Stopping threads took: 0,0000184 seconds
2018-06-19T11:09:03.450+0200: 9,474: Total time for which application threads were stopped: 0,0000462 seconds, Stopping threads took: 0,0000199 seconds
2018-06-19T11:09:03.450+0200: 9,474: Total time for which application threads were stopped: 0,0000448 seconds, Stopping threads took: 0,0000198 seconds
2018-06-19T11:09:03.450+0200: 9,474: Total time for which application threads were stopped: 0,0000431 seconds, Stopping threads took: 0,0000178 seconds
2018-06-19T11:09:03.450+0200: 9,475: Total time for which application threads were stopped: 0,0000999 seconds, Stopping threads took: 0,0000367 seconds
2018-06-19T11:09:03.451+0200: 9,475: Total time for which application threads were stopped: 0,0000510 seconds, Stopping threads took: 0,0000184 seconds
2018-06-19T11:09:03.452+0200: 9,476: Total time for which application threads were stopped: 0,0001133 seconds, Stopping threads took: 0,0000279 seconds
2018-06-19T11:09:03.452+0200: 9,476: Total time for which application threads were stopped: 0,0000535 seconds, Stopping threads took: 0,0000141 seconds
2018-06-19T11:09:03.454+0200: 9,478: Total time for which application threads were stopped: 0,0001123 seconds, Stopping threads took: 0,0000277 seconds
2018-06-19T11:09:03.454+0200: 9,478: Total time for which application threads were stopped: 0,0000660 seconds, Stopping threads took: 0,0000290 seconds
2018-06-19T11:09:04.454+0200: 10,478: Total time for which application threads were stopped: 0,0000912 seconds, Stopping threads took: 0,0000218 seconds
2018-06-19T11:09:05.727+0200: 11,751: Total time for which application threads were stopped: 0,0002244 seconds, Stopping threads took: 0,0000388 seconds
2018-06-19T11:09:05.727+0200: 11,751: Total time for which application threads were stopped: 0,0001244 seconds, Stopping threads took: 0,0000137 seconds
2018-06-19T11:09:05.727+0200: 11,751: Total time for which application threads were stopped: 0,0000959 seconds, Stopping threads took: 0,0000222 seconds
2018-06-19T11:09:05.727+0200: 11,751: Total time for which application threads were stopped: 0,0000725 seconds, Stopping threads took: 0,0000129 seconds
2018-06-19T11:09:05.735+0200: 11,759: Total time for which application threads were stopped: 0,0007523 seconds, Stopping threads took: 0,0006052 seconds
2018-06-19T11:09:05.737+0200: 11,761: Total time for which application threads were stopped: 0,0001681 seconds, Stopping threads took: 0,0000583 seconds
2018-06-19T11:09:05.737+0200: 11,761: Total time for which application threads were stopped: 0,0001433 seconds, Stopping threads took: 0,0000521 seconds
2018-06-19T11:09:05.737+0200: 11,761: Total time for which application threads were stopped: 0,0000656 seconds, Stopping threads took: 0,0000194 seconds
2018-06-19T11:09:09.379+0200: 15,403: Total time for which application threads were stopped: 0,0001534 seconds, Stopping threads took: 0,0000227 seconds
2018-06-19T11:09:09.380+0200: 15,404: Total time for which application threads were stopped: 0,0000780 seconds, Stopping threads took: 0,0000096 seconds
2018-06-19T11:09:09.384+0200: 15,408: Total time for which application threads were stopped: 0,0001322 seconds, Stopping threads took: 0,0000298 seconds
2018-06-19T11:09:09.384+0200: 15,408: Total time for which application threads were stopped: 0,0000559 seconds, Stopping threads took: 0,0000179 seconds
2018-06-19T11:09:11.385+0200: 17,409: Total time for which application threads were stopped: 0,0000910 seconds, Stopping threads took: 0,0000193 seconds
2018-06-19T11:10:05.737+0200: 71,761: Total time for which application threads were stopped: 0,0000933 seconds, Stopping threads took: 0,0000215 seconds
2018-06-19T11:10:09.385+0200: 75,409: Total time for which application threads were stopped: 0,0000952 seconds, Stopping threads took: 0,0000226 seconds
2018-06-19T11:10:15.386+0200: 81,410: Total time for which application threads were stopped: 0,0001402 seconds, Stopping threads took: 0,0000365 seconds
2018-06-19T11:10:20.386+0200: 86,411: Total time for which application threads were stopped: 0,0001730 seconds, Stopping threads took: 0,0000427 seconds
2018-06-19T11:10:46.390+0200: 112,414: Total time for which application threads were stopped: 0,0000934 seconds, Stopping threads took: 0,0000182 seconds
2018-06-19T11:12:07.318+0200: 192,425: Total time for which application threads were stopped: 0,0001145 seconds, Stopping threads took: 0,0000468 seconds
2018-06-19T11:12:11.318+0200: 196,425: Total time for which application threads were stopped: 0,0000831 seconds, Stopping threads took: 0,0000191 seconds
2018-06-19T11:12:20.319+0200: 205,426: Total time for which application threads were stopped: 0,0001094 seconds, Stopping threads took: 0,0000213 seconds
2018-06-19T11:14:32.337+0200: 337,444: Total time for which application threads were stopped: 0,0000975 seconds, Stopping threads took: 0,0000364 seconds
2018-06-19T11:16:49.027+0200: 474,134: Total time for which application threads were stopped: 0,0004511 seconds, Stopping threads took: 0,0000210 seconds
2018-06-19T11:16:49.028+0200: 474,135: Total time for which application threads were stopped: 0,0004468 seconds, Stopping threads took: 0,0000114 seconds
2018-06-19T11:16:49.032+0200: 474,139: Total time for which application threads were stopped: 0,0001273 seconds, Stopping threads took: 0,0000338 seconds
2018-06-19T11:16:49.048+0200: 474,155: Total time for which application threads were stopped: 0,0009478 seconds, Stopping threads took: 0,0008472 seconds
2018-06-19T11:16:49.052+0200: 474,159: Total time for which application threads were stopped: 0,0003683 seconds, Stopping threads took: 0,0002799 seconds
2018-06-19T11:16:49.054+0200: 474,161: Total time for which application threads were stopped: 0,0001020 seconds, Stopping threads took: 0,0000327 seconds
2018-06-19T11:16:49.059+0200: 474,166: Total time for which application threads were stopped: 0,0008847 seconds, Stopping threads took: 0,0008091 seconds
2018-06-19T11:16:49.059+0200: 474,166: Total time for which application threads were stopped: 0,0001004 seconds, Stopping threads took: 0,0000361 seconds
2018-06-19T11:16:49.060+0200: 474,167: Total time for which application threads were stopped: 0,0001134 seconds, Stopping threads took: 0,0000464 seconds
2018-06-19T11:16:49.060+0200: 474,167: Total time for which application threads were stopped: 0,0000744 seconds, Stopping threads took: 0,0000221 seconds
2018-06-19T11:16:49.060+0200: 474,167: Total time for which application threads were stopped: 0,0000638 seconds, Stopping threads took: 0,0000219 seconds
2018-06-19T11:16:49.060+0200: 474,167: Total time for which application threads were stopped: 0,0000853 seconds, Stopping threads took: 0,0000205 seconds
2018-06-19T11:16:49.060+0200: 474,167: Total time for which application threads were stopped: 0,0000550 seconds, Stopping threads took: 0,0000113 seconds
2018-06-19T11:16:49.060+0200: 474,167: Total time for which application threads were stopped: 0,0000571 seconds, Stopping threads took: 0,0000100 seconds
2018-06-19T11:16:49.060+0200: 474,167: Total time for which application threads were stopped: 0,0000511 seconds, Stopping threads took: 0,0000106 seconds
2018-06-19T11:16:49.060+0200: 474,167: Total time for which application threads were stopped: 0,0000514 seconds, Stopping threads took: 0,0000099 seconds
2018-06-19T11:16:49.060+0200: 474,167: Total time for which application threads were stopped: 0,0000501 seconds, Stopping threads took: 0,0000181 seconds
2018-06-19T11:16:49.060+0200: 474,167: Total time for which application threads were stopped: 0,0000605 seconds, Stopping threads took: 0,0000232 seconds
2018-06-19T11:16:49.061+0200: 474,168: Total time for which application threads were stopped: 0,0000746 seconds, Stopping threads took: 0,0000471 seconds
2018-06-19T11:16:49.061+0200: 474,168: Total time for which application threads were stopped: 0,0004412 seconds, Stopping threads took: 0,0004143 seconds
2018-06-19T11:16:49.061+0200: 474,168: Total time for which application threads were stopped: 0,0000351 seconds, Stopping threads took: 0,0000097 seconds
2018-06-19T11:16:49.061+0200: 474,168: Total time for which application threads were stopped: 0,0000593 seconds, Stopping threads took: 0,0000308 seconds
2018-06-19T11:16:49.061+0200: 474,168: Total time for which application threads were stopped: 0,0000808 seconds, Stopping threads took: 0,0000379 seconds
2018-06-19T11:16:49.061+0200: 474,168: Total time for which application threads were stopped: 0,0000611 seconds, Stopping threads took: 0,0000296 seconds
2018-06-19T11:16:49.063+0200: 474,170: Total time for which application threads were stopped: 0,0001365 seconds, Stopping threads took: 0,0000261 seconds
2018-06-19T11:16:49.063+0200: 474,170: Total time for which application threads were stopped: 0,0001157 seconds, Stopping threads took: 0,0000539 seconds
2018-06-19T11:16:49.064+0200: 474,171: Total time for which application threads were stopped: 0,0001034 seconds, Stopping threads took: 0,0000342 seconds
2018-06-19T11:16:49.064+0200: 474,171: Total time for which application threads were stopped: 0,0003829 seconds, Stopping threads took: 0,0003157 seconds
2018-06-19T11:16:49.064+0200: 474,171: Total time for which application threads were stopped: 0,0001017 seconds, Stopping threads took: 0,0000373 seconds
2018-06-19T11:16:49.065+0200: 474,172: Total time for which application threads were stopped: 0,0001057 seconds, Stopping threads took: 0,0000457 seconds
2018-06-19T11:16:49.065+0200: 474,172: Total time for which application threads were stopped: 0,0000738 seconds, Stopping threads took: 0,0000329 seconds
2018-06-19T11:16:49.065+0200: 474,172: Total time for which application threads were stopped: 0,0000854 seconds, Stopping threads took: 0,0000515 seconds
2018-06-19T11:16:49.065+0200: 474,172: Total time for which application threads were stopped: 0,0000909 seconds, Stopping threads took: 0,0000489 seconds
2018-06-19T11:16:49.068+0200: 474,175: Total time for which application threads were stopped: 0,0024679 seconds, Stopping threads took: 0,0023995 seconds
2018-06-19T11:16:49.068+0200: 474,175: Total time for which application threads were stopped: 0,0000697 seconds, Stopping threads took: 0,0000325 seconds
2018-06-19T11:16:49.068+0200: 474,175: Total time for which application threads were stopped: 0,0000764 seconds, Stopping threads took: 0,0000314 seconds
2018-06-19T11:16:49.068+0200: 474,175: Total time for which application threads were stopped: 0,0000399 seconds, Stopping threads took: 0,0000136 seconds
2018-06-19T11:16:49.068+0200: 474,175: Total time for which application threads were stopped: 0,0000933 seconds, Stopping threads took: 0,0000521 seconds
2018-06-19T11:16:49.072+0200: 474,179: Total time for which application threads were stopped: 0,0001001 seconds, Stopping threads took: 0,0000455 seconds
2018-06-19T11:16:49.074+0200: 474,181: Total time for which application threads were stopped: 0,0001072 seconds, Stopping threads took: 0,0000233 seconds
2018-06-19T11:16:49.074+0200: 474,181: Total time for which application threads were stopped: 0,0000718 seconds, Stopping threads took: 0,0000271 seconds
2018-06-19T11:16:49.074+0200: 474,181: Total time for which application threads were stopped: 0,0000504 seconds, Stopping threads took: 0,0000185 seconds
2018-06-19T11:16:49.075+0200: 474,182: Total time for which application threads were stopped: 0,0000917 seconds, Stopping threads took: 0,0000297 seconds
2018-06-19T11:16:49.075+0200: 474,182: Total time for which application threads were stopped: 0,0000613 seconds, Stopping threads took: 0,0000290 seconds
2018-06-19T11:16:49.075+0200: 474,182: Total time for which application threads were stopped: 0,0000456 seconds, Stopping threads took: 0,0000207 seconds
2018-06-19T11:16:49.075+0200: 474,182: Total time for which application threads were stopped: 0,0000648 seconds, Stopping threads took: 0,0000155 seconds
2018-06-19T11:16:49.076+0200: 474,183: Total time for which application threads were stopped: 0,0000555 seconds, Stopping threads took: 0,0000139 seconds
2018-06-19T11:16:49.076+0200: 474,183: Total time for which application threads were stopped: 0,0000699 seconds, Stopping threads took: 0,0000306 seconds
2018-06-19T11:16:49.076+0200: 474,184: Total time for which application threads were stopped: 0,0000575 seconds, Stopping threads took: 0,0000285 seconds
2018-06-19T11:16:49.080+0200: 474,187: Total time for which application threads were stopped: 0,0000862 seconds, Stopping threads took: 0,0000260 seconds
2018-06-19T11:16:49.080+0200: 474,187: Total time for which application threads were stopped: 0,0000680 seconds, Stopping threads took: 0,0000277 seconds
2018-06-19T11:16:49.080+0200: 474,187: Total time for which application threads were stopped: 0,0000611 seconds, Stopping threads took: 0,0000246 seconds
2018-06-19T11:16:49.081+0200: 474,188: Total time for which application threads were stopped: 0,0000607 seconds, Stopping threads took: 0,0000275 seconds
2018-06-19T11:16:49.081+0200: 474,188: Total time for which application threads were stopped: 0,0000600 seconds, Stopping threads took: 0,0000273 seconds
2018-06-19T11:16:49.081+0200: 474,188: Total time for which application threads were stopped: 0,0000473 seconds, Stopping threads took: 0,0000126 seconds
2018-06-19T11:16:49.081+0200: 474,188: Total time for which application threads were stopped: 0,0000706 seconds, Stopping threads took: 0,0000340 seconds
2018-06-19T11:16:49.081+0200: 474,188: Total time for which application threads were stopped: 0,0000559 seconds, Stopping threads took: 0,0000243 seconds
2018-06-19T11:16:49.081+0200: 474,188: Total time for which application threads were stopped: 0,0000596 seconds, Stopping threads took: 0,0000269 seconds
2018-06-19T11:16:49.082+0200: 474,189: Total time for which application threads were stopped: 0,0000590 seconds, Stopping threads took: 0,0000221 seconds
2018-06-19T11:16:49.082+0200: 474,189: Total time for which application threads were stopped: 0,0000942 seconds, Stopping threads took: 0,0000359 seconds
2018-06-19T11:16:49.082+0200: 474,189: Total time for which application threads were stopped: 0,0000760 seconds, Stopping threads took: 0,0000230 seconds
2018-06-19T11:16:49.082+0200: 474,189: Total time for which application threads were stopped: 0,0000831 seconds, Stopping threads took: 0,0000350 seconds
2018-06-19T11:16:49.082+0200: 474,189: Total time for which application threads were stopped: 0,0000370 seconds, Stopping threads took: 0,0000092 seconds
2018-06-19T11:16:49.082+0200: 474,189: Total time for which application threads were stopped: 0,0000337 seconds, Stopping threads took: 0,0000082 seconds
2018-06-19T11:16:49.083+0200: 474,190: Total time for which application threads were stopped: 0,0001638 seconds, Stopping threads took: 0,0000165 seconds
2018-06-19T11:16:49.084+0200: 474,191: Total time for which application threads were stopped: 0,0001676 seconds, Stopping threads took: 0,0000521 seconds
2018-06-19T11:16:49.090+0200: 474,197: Total time for which application threads were stopped: 0,0001228 seconds, Stopping threads took: 0,0000387 seconds
Heap
 par new generation   total 109248K, used 62867K [0x00000000e0000000, 0x00000000e8000000, 0x00000000e8000000)
  eden space 87424K,  46% used [0x00000000e0000000, 0x00000000e2814d90, 0x00000000e5560000)
  from space 21824K, 100% used [0x00000000e6ab0000, 0x00000000e8000000, 0x00000000e8000000)
  to   space 21824K,   0% used [0x00000000e5560000, 0x00000000e5560000, 0x00000000e6ab0000)
 concurrent mark-sweep generation total 393216K, used 8670K [0x00000000e8000000, 0x0000000100000000, 0x0000000100000000)
 Metaspace       used 30438K, capacity 31190K, committed 31356K, reserved 1077248K
  class space    used 3470K, capacity 3684K, committed 3708K, reserved 1048576K
