OpenJDK 64-Bit Server VM (25.171-b11) for linux-amd64 JRE (1.8.0_171-8u171-b11-0ubuntu0.16.04.1-b11), built on Apr 27 2018 17:19:03 by "buildd" with gcc 5.4.0 20160609
Memory: 4k page, physical 7867600k(2701484k free), swap 8076284k(8076284k free)
CommandLine flags: -XX:CMSInitiatingOccupancyFraction=50 -XX:CMSMaxAbortablePrecleanTime=6000 -XX:+CMSParallelRemarkEnabled -XX:+CMSScavengeBeforeRemark -XX:ConcGCThreads=4 -XX:InitialHeapSize=536870912 -XX:MaxHeapSize=536870912 -XX:MaxTenuringThreshold=8 -XX:NewRatio=3 -XX:OldPLABSize=16 -XX:OnOutOfMemoryError=/home/gurnoor/workspace/QTM/solr/bin/oom_solr.sh 8983 /home/gurnoor/workspace/QTM/solr/server/logs -XX:ParallelGCThreads=4 -XX:+ParallelRefProcEnabled -XX:PretenureSizeThreshold=67108864 -XX:+PrintGC -XX:+PrintGCApplicationStoppedTime -XX:+PrintGCDateStamps -XX:+PrintGCDetails -XX:+PrintGCTimeStamps -XX:+PrintHeapAtGC -XX:+PrintTenuringDistribution -XX:SurvivorRatio=4 -XX:TargetSurvivorRatio=90 -XX:ThreadStackSize=256 -XX:+UseCMSInitiatingOccupancyOnly -XX:+UseCompressedClassPointers -XX:+UseCompressedOops -XX:+UseConcMarkSweepGC -XX:+UseParNewGC 
2018-06-25T10:37:20.531+0200: 0,122: Total time for which application threads were stopped: 0,0000760 seconds, Stopping threads took: 0,0000168 seconds
2018-06-25T10:37:20.596+0200: 0,187: Total time for which application threads were stopped: 0,0001621 seconds, Stopping threads took: 0,0000195 seconds
2018-06-25T10:37:20.609+0200: 0,200: Total time for which application threads were stopped: 0,0000865 seconds, Stopping threads took: 0,0000192 seconds
2018-06-25T10:37:21.180+0200: 0,771: Total time for which application threads were stopped: 0,0001826 seconds, Stopping threads took: 0,0000166 seconds
2018-06-25T10:37:21.248+0200: 0,839: Total time for which application threads were stopped: 0,0001876 seconds, Stopping threads took: 0,0000267 seconds
2018-06-25T10:37:21.266+0200: 0,857: Total time for which application threads were stopped: 0,0004546 seconds, Stopping threads took: 0,0000962 seconds
2018-06-25T10:37:21.479+0200: 1,070: Total time for which application threads were stopped: 0,0002073 seconds, Stopping threads took: 0,0000177 seconds
2018-06-25T10:37:21.638+0200: 1,229: Total time for which application threads were stopped: 0,0002452 seconds, Stopping threads took: 0,0000321 seconds
2018-06-25T10:37:21.659+0200: 1,250: Total time for which application threads were stopped: 0,0001877 seconds, Stopping threads took: 0,0000178 seconds
2018-06-25T10:37:21.683+0200: 1,274: Total time for which application threads were stopped: 0,0002194 seconds, Stopping threads took: 0,0000237 seconds
2018-06-25T10:37:21.685+0200: 1,276: Total time for which application threads were stopped: 0,0002470 seconds, Stopping threads took: 0,0000210 seconds
2018-06-25T10:37:21.697+0200: 1,288: Total time for which application threads were stopped: 0,0002346 seconds, Stopping threads took: 0,0000242 seconds
2018-06-25T10:37:21.763+0200: 1,354: Total time for which application threads were stopped: 0,0002243 seconds, Stopping threads took: 0,0000201 seconds
2018-06-25T10:37:21.910+0200: 1,501: Total time for which application threads were stopped: 0,0003310 seconds, Stopping threads took: 0,0000666 seconds
{Heap before GC invocations=0 (full 0):
 par new generation   total 109248K, used 87424K [0x00000000e0000000, 0x00000000e8000000, 0x00000000e8000000)
  eden space 87424K, 100% used [0x00000000e0000000, 0x00000000e5560000, 0x00000000e5560000)
  from space 21824K,   0% used [0x00000000e5560000, 0x00000000e5560000, 0x00000000e6ab0000)
  to   space 21824K,   0% used [0x00000000e6ab0000, 0x00000000e6ab0000, 0x00000000e8000000)
 concurrent mark-sweep generation total 393216K, used 0K [0x00000000e8000000, 0x0000000100000000, 0x0000000100000000)
 Metaspace       used 18268K, capacity 18600K, committed 18944K, reserved 1067008K
  class space    used 2063K, capacity 2198K, committed 2304K, reserved 1048576K
2018-06-25T10:37:21.995+0200: 1,586: [GC (Allocation Failure) 2018-06-25T10:37:21.995+0200: 1,586: [ParNew
Desired survivor size 20112992 bytes, new threshold 8 (max 8)
- age   1:   12521504 bytes,   12521504 total
: 87424K->12343K(109248K), 0,0108002 secs] 87424K->12343K(502464K), 0,0108998 secs] [Times: user=0,03 sys=0,01, real=0,01 secs] 
Heap after GC invocations=1 (full 0):
 par new generation   total 109248K, used 12343K [0x00000000e0000000, 0x00000000e8000000, 0x00000000e8000000)
  eden space 87424K,   0% used [0x00000000e0000000, 0x00000000e0000000, 0x00000000e5560000)
  from space 21824K,  56% used [0x00000000e6ab0000, 0x00000000e76bde50, 0x00000000e8000000)
  to   space 21824K,   0% used [0x00000000e5560000, 0x00000000e5560000, 0x00000000e6ab0000)
 concurrent mark-sweep generation total 393216K, used 0K [0x00000000e8000000, 0x0000000100000000, 0x0000000100000000)
 Metaspace       used 18268K, capacity 18600K, committed 18944K, reserved 1067008K
  class space    used 2063K, capacity 2198K, committed 2304K, reserved 1048576K
}
2018-06-25T10:37:22.006+0200: 1,597: Total time for which application threads were stopped: 0,0133932 seconds, Stopping threads took: 0,0023043 seconds
2018-06-25T10:37:22.242+0200: 1,833: Total time for which application threads were stopped: 0,0003984 seconds, Stopping threads took: 0,0000634 seconds
2018-06-25T10:37:22.277+0200: 1,868: Total time for which application threads were stopped: 0,0004630 seconds, Stopping threads took: 0,0001935 seconds
{Heap before GC invocations=1 (full 0):
 par new generation   total 109248K, used 99767K [0x00000000e0000000, 0x00000000e8000000, 0x00000000e8000000)
  eden space 87424K, 100% used [0x00000000e0000000, 0x00000000e5560000, 0x00000000e5560000)
  from space 21824K,  56% used [0x00000000e6ab0000, 0x00000000e76bde50, 0x00000000e8000000)
  to   space 21824K,   0% used [0x00000000e5560000, 0x00000000e5560000, 0x00000000e6ab0000)
 concurrent mark-sweep generation total 393216K, used 0K [0x00000000e8000000, 0x0000000100000000, 0x0000000100000000)
 Metaspace       used 20130K, capacity 20496K, committed 20736K, reserved 1067008K
  class space    used 2302K, capacity 2470K, committed 2560K, reserved 1048576K
2018-06-25T10:37:22.300+0200: 1,891: [GC (Allocation Failure) 2018-06-25T10:37:22.300+0200: 1,891: [ParNew
Desired survivor size 20112992 bytes, new threshold 8 (max 8)
- age   1:    2809232 bytes,    2809232 total
- age   2:    6468808 bytes,    9278040 total
: 99767K->13615K(109248K), 0,0085955 secs] 99767K->13615K(502464K), 0,0086686 secs] [Times: user=0,04 sys=0,00, real=0,01 secs] 
Heap after GC invocations=2 (full 0):
 par new generation   total 109248K, used 13615K [0x00000000e0000000, 0x00000000e8000000, 0x00000000e8000000)
  eden space 87424K,   0% used [0x00000000e0000000, 0x00000000e0000000, 0x00000000e5560000)
  from space 21824K,  62% used [0x00000000e5560000, 0x00000000e62abea0, 0x00000000e6ab0000)
  to   space 21824K,   0% used [0x00000000e6ab0000, 0x00000000e6ab0000, 0x00000000e8000000)
 concurrent mark-sweep generation total 393216K, used 0K [0x00000000e8000000, 0x0000000100000000, 0x0000000100000000)
 Metaspace       used 20130K, capacity 20496K, committed 20736K, reserved 1067008K
  class space    used 2302K, capacity 2470K, committed 2560K, reserved 1048576K
}
2018-06-25T10:37:22.309+0200: 1,899: Total time for which application threads were stopped: 0,0089001 seconds, Stopping threads took: 0,0000840 seconds
2018-06-25T10:37:22.341+0200: 1,932: Total time for which application threads were stopped: 0,0048187 seconds, Stopping threads took: 0,0045193 seconds
2018-06-25T10:37:22.460+0200: 2,050: Total time for which application threads were stopped: 0,0002283 seconds, Stopping threads took: 0,0000827 seconds
{Heap before GC invocations=2 (full 0):
 par new generation   total 109248K, used 101039K [0x00000000e0000000, 0x00000000e8000000, 0x00000000e8000000)
  eden space 87424K, 100% used [0x00000000e0000000, 0x00000000e5560000, 0x00000000e5560000)
  from space 21824K,  62% used [0x00000000e5560000, 0x00000000e62abea0, 0x00000000e6ab0000)
  to   space 21824K,   0% used [0x00000000e6ab0000, 0x00000000e6ab0000, 0x00000000e8000000)
 concurrent mark-sweep generation total 393216K, used 0K [0x00000000e8000000, 0x0000000100000000, 0x0000000100000000)
 Metaspace       used 21067K, capacity 21418K, committed 21628K, reserved 1069056K
  class space    used 2426K, capacity 2589K, committed 2684K, reserved 1048576K
2018-06-25T10:37:22.514+0200: 2,105: [GC (Allocation Failure) 2018-06-25T10:37:22.514+0200: 2,105: [ParNew
Desired survivor size 20112992 bytes, new threshold 8 (max 8)
- age   1:    2061408 bytes,    2061408 total
- age   2:     518984 bytes,    2580392 total
- age   3:    6467736 bytes,    9048128 total
: 101039K->11578K(109248K), 0,0148432 secs] 101039K->11578K(502464K), 0,0149398 secs] [Times: user=0,06 sys=0,00, real=0,02 secs] 
Heap after GC invocations=3 (full 0):
 par new generation   total 109248K, used 11578K [0x00000000e0000000, 0x00000000e8000000, 0x00000000e8000000)
  eden space 87424K,   0% used [0x00000000e0000000, 0x00000000e0000000, 0x00000000e5560000)
  from space 21824K,  53% used [0x00000000e6ab0000, 0x00000000e75fe810, 0x00000000e8000000)
  to   space 21824K,   0% used [0x00000000e5560000, 0x00000000e5560000, 0x00000000e6ab0000)
 concurrent mark-sweep generation total 393216K, used 0K [0x00000000e8000000, 0x0000000100000000, 0x0000000100000000)
 Metaspace       used 21067K, capacity 21418K, committed 21628K, reserved 1069056K
  class space    used 2426K, capacity 2589K, committed 2684K, reserved 1048576K
}
2018-06-25T10:37:22.529+0200: 2,120: Total time for which application threads were stopped: 0,0152384 seconds, Stopping threads took: 0,0001009 seconds
2018-06-25T10:37:22.529+0200: 2,120: [GC (CMS Initial Mark) [1 CMS-initial-mark: 0K(393216K)] 12298K(502464K), 0,0044724 secs] [Times: user=0,01 sys=0,00, real=0,00 secs] 
2018-06-25T10:37:22.533+0200: 2,124: Total time for which application threads were stopped: 0,0046241 seconds, Stopping threads took: 0,0000534 seconds
2018-06-25T10:37:22.536+0200: 2,127: [CMS-concurrent-mark-start]
2018-06-25T10:37:22.546+0200: 2,137: [CMS-concurrent-mark: 0,010/0,010 secs] [Times: user=0,04 sys=0,00, real=0,00 secs] 
2018-06-25T10:37:22.546+0200: 2,137: [CMS-concurrent-preclean-start]
2018-06-25T10:37:22.548+0200: 2,139: [CMS-concurrent-preclean: 0,001/0,001 secs] [Times: user=0,01 sys=0,00, real=0,00 secs] 
2018-06-25T10:37:22.548+0200: 2,139: [CMS-concurrent-abortable-preclean-start]
2018-06-25T10:37:22.554+0200: 2,145: Total time for which application threads were stopped: 0,0001520 seconds, Stopping threads took: 0,0000486 seconds
{Heap before GC invocations=3 (full 1):
 par new generation   total 109248K, used 99002K [0x00000000e0000000, 0x00000000e8000000, 0x00000000e8000000)
  eden space 87424K, 100% used [0x00000000e0000000, 0x00000000e5560000, 0x00000000e5560000)
  from space 21824K,  53% used [0x00000000e6ab0000, 0x00000000e75fe810, 0x00000000e8000000)
  to   space 21824K,   0% used [0x00000000e5560000, 0x00000000e5560000, 0x00000000e6ab0000)
 concurrent mark-sweep generation total 393216K, used 0K [0x00000000e8000000, 0x0000000100000000, 0x0000000100000000)
 Metaspace       used 21337K, capacity 21700K, committed 21884K, reserved 1069056K
  class space    used 2453K, capacity 2605K, committed 2684K, reserved 1048576K
2018-06-25T10:37:22.667+0200: 2,258: [GC (Allocation Failure) 2018-06-25T10:37:22.667+0200: 2,258: [ParNew
Desired survivor size 20112992 bytes, new threshold 8 (max 8)
- age   1:    1441640 bytes,    1441640 total
- age   2:    1453176 bytes,    2894816 total
- age   3:     516760 bytes,    3411576 total
- age   4:    6467832 bytes,    9879408 total
: 99002K->12006K(109248K), 0,0101263 secs] 99002K->12006K(502464K), 0,0102153 secs] [Times: user=0,04 sys=0,00, real=0,02 secs] 
Heap after GC invocations=4 (full 1):
 par new generation   total 109248K, used 12006K [0x00000000e0000000, 0x00000000e8000000, 0x00000000e8000000)
  eden space 87424K,   0% used [0x00000000e0000000, 0x00000000e0000000, 0x00000000e5560000)
  from space 21824K,  55% used [0x00000000e5560000, 0x00000000e6119a00, 0x00000000e6ab0000)
  to   space 21824K,   0% used [0x00000000e6ab0000, 0x00000000e6ab0000, 0x00000000e8000000)
 concurrent mark-sweep generation total 393216K, used 0K [0x00000000e8000000, 0x0000000100000000, 0x0000000100000000)
 Metaspace       used 21337K, capacity 21700K, committed 21884K, reserved 1069056K
  class space    used 2453K, capacity 2605K, committed 2684K, reserved 1048576K
}
2018-06-25T10:37:22.678+0200: 2,269: Total time for which application threads were stopped: 0,0105049 seconds, Stopping threads took: 0,0000863 seconds
{Heap before GC invocations=4 (full 1):
 par new generation   total 109248K, used 99430K [0x00000000e0000000, 0x00000000e8000000, 0x00000000e8000000)
  eden space 87424K, 100% used [0x00000000e0000000, 0x00000000e5560000, 0x00000000e5560000)
  from space 21824K,  55% used [0x00000000e5560000, 0x00000000e6119a00, 0x00000000e6ab0000)
  to   space 21824K,   0% used [0x00000000e6ab0000, 0x00000000e6ab0000, 0x00000000e8000000)
 concurrent mark-sweep generation total 393216K, used 0K [0x00000000e8000000, 0x0000000100000000, 0x0000000100000000)
 Metaspace       used 21568K, capacity 21878K, committed 21960K, reserved 1069056K
  class space    used 2485K, capacity 2640K, committed 2684K, reserved 1048576K
2018-06-25T10:37:22.777+0200: 2,368: [GC (Allocation Failure) 2018-06-25T10:37:22.777+0200: 2,368: [ParNew
Desired survivor size 20112992 bytes, new threshold 8 (max 8)
- age   1:     408272 bytes,     408272 total
- age   2:     191528 bytes,     599800 total
- age   3:    1062544 bytes,    1662344 total
- age   4:     512776 bytes,    2175120 total
- age   5:    6467680 bytes,    8642800 total
: 99430K->12490K(109248K), 0,0091967 secs] 99430K->12490K(502464K), 0,0092784 secs] [Times: user=0,03 sys=0,00, real=0,00 secs] 
Heap after GC invocations=5 (full 1):
 par new generation   total 109248K, used 12490K [0x00000000e0000000, 0x00000000e8000000, 0x00000000e8000000)
  eden space 87424K,   0% used [0x00000000e0000000, 0x00000000e0000000, 0x00000000e5560000)
  from space 21824K,  57% used [0x00000000e6ab0000, 0x00000000e76e2bb0, 0x00000000e8000000)
  to   space 21824K,   0% used [0x00000000e5560000, 0x00000000e5560000, 0x00000000e6ab0000)
 concurrent mark-sweep generation total 393216K, used 0K [0x00000000e8000000, 0x0000000100000000, 0x0000000100000000)
 Metaspace       used 21568K, capacity 21878K, committed 21960K, reserved 1069056K
  class space    used 2485K, capacity 2640K, committed 2684K, reserved 1048576K
}
2018-06-25T10:37:22.786+0200: 2,377: Total time for which application threads were stopped: 0,0095845 seconds, Stopping threads took: 0,0001223 seconds
2018-06-25T10:37:22.786+0200: 2,377: [CMS-concurrent-abortable-preclean: 0,151/0,239 secs] [Times: user=0,86 sys=0,00, real=0,24 secs] 
2018-06-25T10:37:22.788+0200: 2,379: [GC (CMS Final Remark) [YG occupancy: 13152 K (109248 K)]{Heap before GC invocations=5 (full 1):
 par new generation   total 109248K, used 13152K [0x00000000e0000000, 0x00000000e8000000, 0x00000000e8000000)
  eden space 87424K,   0% used [0x00000000e0000000, 0x00000000e00a5648, 0x00000000e5560000)
  from space 21824K,  57% used [0x00000000e6ab0000, 0x00000000e76e2bb0, 0x00000000e8000000)
  to   space 21824K,   0% used [0x00000000e5560000, 0x00000000e5560000, 0x00000000e6ab0000)
 concurrent mark-sweep generation total 393216K, used 0K [0x00000000e8000000, 0x0000000100000000, 0x0000000100000000)
 Metaspace       used 21568K, capacity 21878K, committed 21960K, reserved 1069056K
  class space    used 2485K, capacity 2640K, committed 2684K, reserved 1048576K
2018-06-25T10:37:22.788+0200: 2,379: [GC (CMS Final Remark) 2018-06-25T10:37:22.788+0200: 2,379: [ParNew
Desired survivor size 20112992 bytes, new threshold 8 (max 8)
- age   1:     116840 bytes,     116840 total
- age   2:     394448 bytes,     511288 total
- age   3:     191528 bytes,     702816 total
- age   4:    1062584 bytes,    1765400 total
- age   5:     512776 bytes,    2278176 total
- age   6:    6467912 bytes,    8746088 total
: 13152K->10493K(109248K), 0,0107666 secs] 13152K->10493K(502464K), 0,0108194 secs] [Times: user=0,04 sys=0,01, real=0,01 secs] 
Heap after GC invocations=6 (full 1):
 par new generation   total 109248K, used 10493K [0x00000000e0000000, 0x00000000e8000000, 0x00000000e8000000)
  eden space 87424K,   0% used [0x00000000e0000000, 0x00000000e0000000, 0x00000000e5560000)
  from space 21824K,  48% used [0x00000000e5560000, 0x00000000e5f9f700, 0x00000000e6ab0000)
  to   space 21824K,   0% used [0x00000000e6ab0000, 0x00000000e6ab0000, 0x00000000e8000000)
 concurrent mark-sweep generation total 393216K, used 0K [0x00000000e8000000, 0x0000000100000000, 0x0000000100000000)
 Metaspace       used 21568K, capacity 21878K, committed 21960K, reserved 1069056K
  class space    used 2485K, capacity 2640K, committed 2684K, reserved 1048576K
}
2018-06-25T10:37:22.799+0200: 2,390: [Rescan (parallel) , 0,0031897 secs]2018-06-25T10:37:22.803+0200: 2,393: [weak refs processing, 0,0010462 secs]2018-06-25T10:37:22.804+0200: 2,395: [class unloading, 0,0031180 secs]2018-06-25T10:37:22.807+0200: 2,398: [scrub symbol table, 0,0033254 secs]2018-06-25T10:37:22.810+0200: 2,401: [scrub string table, 0,0003633 secs][1 CMS-remark: 0K(393216K)] 10493K(502464K), 0,0225659 secs] [Times: user=0,06 sys=0,01, real=0,02 secs] 
2018-06-25T10:37:22.811+0200: 2,402: Total time for which application threads were stopped: 0,0246957 seconds, Stopping threads took: 0,0020323 seconds
2018-06-25T10:37:22.811+0200: 2,402: [CMS-concurrent-sweep-start]
2018-06-25T10:37:22.811+0200: 2,402: [CMS-concurrent-sweep: 0,000/0,000 secs] [Times: user=0,00 sys=0,00, real=0,00 secs] 
2018-06-25T10:37:22.811+0200: 2,402: [CMS-concurrent-reset-start]
2018-06-25T10:37:22.815+0200: 2,406: [CMS-concurrent-reset: 0,003/0,003 secs] [Times: user=0,01 sys=0,00, real=0,00 secs] 
2018-06-25T10:37:22.831+0200: 2,421: Total time for which application threads were stopped: 0,0003031 seconds, Stopping threads took: 0,0000210 seconds
2018-06-25T10:37:23.061+0200: 2,652: Total time for which application threads were stopped: 0,0004965 seconds, Stopping threads took: 0,0000510 seconds
2018-06-25T10:37:23.075+0200: 2,666: Total time for which application threads were stopped: 0,0004007 seconds, Stopping threads took: 0,0000238 seconds
2018-06-25T10:37:23.106+0200: 2,697: Total time for which application threads were stopped: 0,0004824 seconds, Stopping threads took: 0,0000235 seconds
{Heap before GC invocations=6 (full 1):
 par new generation   total 109248K, used 97917K [0x00000000e0000000, 0x00000000e8000000, 0x00000000e8000000)
  eden space 87424K, 100% used [0x00000000e0000000, 0x00000000e5560000, 0x00000000e5560000)
  from space 21824K,  48% used [0x00000000e5560000, 0x00000000e5f9f700, 0x00000000e6ab0000)
  to   space 21824K,   0% used [0x00000000e6ab0000, 0x00000000e6ab0000, 0x00000000e8000000)
 concurrent mark-sweep generation total 393216K, used 0K [0x00000000e8000000, 0x0000000100000000, 0x0000000100000000)
 Metaspace       used 25527K, capacity 26034K, committed 26236K, reserved 1073152K
  class space    used 2955K, capacity 3158K, committed 3196K, reserved 1048576K
2018-06-25T10:37:23.383+0200: 2,974: [GC (Allocation Failure) 2018-06-25T10:37:23.383+0200: 2,974: [ParNew
Desired survivor size 20112992 bytes, new threshold 8 (max 8)
- age   1:    9543312 bytes,    9543312 total
- age   3:     174240 bytes,    9717552 total
- age   4:     188376 bytes,    9905928 total
- age   5:     278544 bytes,   10184472 total
- age   6:     492720 bytes,   10677192 total
- age   7:    6460384 bytes,   17137576 total
: 97917K->21222K(109248K), 0,0176798 secs] 97917K->21222K(502464K), 0,0177587 secs] [Times: user=0,07 sys=0,00, real=0,02 secs] 
Heap after GC invocations=7 (full 1):
 par new generation   total 109248K, used 21222K [0x00000000e0000000, 0x00000000e8000000, 0x00000000e8000000)
  eden space 87424K,   0% used [0x00000000e0000000, 0x00000000e0000000, 0x00000000e5560000)
  from space 21824K,  97% used [0x00000000e6ab0000, 0x00000000e7f69a70, 0x00000000e8000000)
  to   space 21824K,   0% used [0x00000000e5560000, 0x00000000e5560000, 0x00000000e6ab0000)
 concurrent mark-sweep generation total 393216K, used 0K [0x00000000e8000000, 0x0000000100000000, 0x0000000100000000)
 Metaspace       used 25527K, capacity 26034K, committed 26236K, reserved 1073152K
  class space    used 2955K, capacity 3158K, committed 3196K, reserved 1048576K
}
2018-06-25T10:37:23.401+0200: 2,992: Total time for which application threads were stopped: 0,0181383 seconds, Stopping threads took: 0,0001654 seconds
2018-06-25T10:37:23.488+0200: 3,079: Total time for which application threads were stopped: 0,0004347 seconds, Stopping threads took: 0,0000317 seconds
2018-06-25T10:37:23.509+0200: 3,100: Total time for which application threads were stopped: 0,0004545 seconds, Stopping threads took: 0,0000623 seconds
2018-06-25T10:37:23.567+0200: 3,158: Total time for which application threads were stopped: 0,0005924 seconds, Stopping threads took: 0,0000617 seconds
2018-06-25T10:37:23.697+0200: 3,288: Total time for which application threads were stopped: 0,0022661 seconds, Stopping threads took: 0,0016223 seconds
{Heap before GC invocations=7 (full 1):
 par new generation   total 109248K, used 108646K [0x00000000e0000000, 0x00000000e8000000, 0x00000000e8000000)
  eden space 87424K, 100% used [0x00000000e0000000, 0x00000000e5560000, 0x00000000e5560000)
  from space 21824K,  97% used [0x00000000e6ab0000, 0x00000000e7f69a70, 0x00000000e8000000)
  to   space 21824K,   0% used [0x00000000e5560000, 0x00000000e5560000, 0x00000000e6ab0000)
 concurrent mark-sweep generation total 393216K, used 0K [0x00000000e8000000, 0x0000000100000000, 0x0000000100000000)
 Metaspace       used 27870K, capacity 28420K, committed 28796K, reserved 1075200K
  class space    used 3210K, capacity 3391K, committed 3452K, reserved 1048576K
2018-06-25T10:37:23.830+0200: 3,420: [GC (Allocation Failure) 2018-06-25T10:37:23.830+0200: 3,420: [ParNew
Desired survivor size 20112992 bytes, new threshold 8 (max 8)
- age   1:    8337104 bytes,    8337104 total
- age   2:    5962136 bytes,   14299240 total
- age   4:     174208 bytes,   14473448 total
- age   5:     188200 bytes,   14661648 total
- age   6:     278304 bytes,   14939952 total
- age   7:     484696 bytes,   15424648 total
- age   8:    6451856 bytes,   21876504 total
: 108646K->21824K(109248K), 0,0348310 secs] 108646K->23048K(502464K), 0,0349255 secs] [Times: user=0,12 sys=0,01, real=0,03 secs] 
Heap after GC invocations=8 (full 1):
 par new generation   total 109248K, used 21824K [0x00000000e0000000, 0x00000000e8000000, 0x00000000e8000000)
  eden space 87424K,   0% used [0x00000000e0000000, 0x00000000e0000000, 0x00000000e5560000)
  from space 21824K, 100% used [0x00000000e5560000, 0x00000000e6ab0000, 0x00000000e6ab0000)
  to   space 21824K,   0% used [0x00000000e6ab0000, 0x00000000e6ab0000, 0x00000000e8000000)
 concurrent mark-sweep generation total 393216K, used 1224K [0x00000000e8000000, 0x0000000100000000, 0x0000000100000000)
 Metaspace       used 27870K, capacity 28420K, committed 28796K, reserved 1075200K
  class space    used 3210K, capacity 3391K, committed 3452K, reserved 1048576K
}
2018-06-25T10:37:23.865+0200: 3,455: Total time for which application threads were stopped: 0,0352122 seconds, Stopping threads took: 0,0000284 seconds
{Heap before GC invocations=8 (full 1):
 par new generation   total 109248K, used 109248K [0x00000000e0000000, 0x00000000e8000000, 0x00000000e8000000)
  eden space 87424K, 100% used [0x00000000e0000000, 0x00000000e5560000, 0x00000000e5560000)
  from space 21824K, 100% used [0x00000000e5560000, 0x00000000e6ab0000, 0x00000000e6ab0000)
  to   space 21824K,   0% used [0x00000000e6ab0000, 0x00000000e6ab0000, 0x00000000e8000000)
 concurrent mark-sweep generation total 393216K, used 1224K [0x00000000e8000000, 0x0000000100000000, 0x0000000100000000)
 Metaspace       used 27899K, capacity 28484K, committed 28796K, reserved 1075200K
  class space    used 3210K, capacity 3391K, committed 3452K, reserved 1048576K
2018-06-25T10:37:23.937+0200: 3,527: [GC (Allocation Failure) 2018-06-25T10:37:23.937+0200: 3,528: [ParNew
Desired survivor size 20112992 bytes, new threshold 8 (max 8)
- age   1:    1476856 bytes,    1476856 total
- age   2:    7085824 bytes,    8562680 total
- age   3:    5962096 bytes,   14524776 total
- age   5:     174208 bytes,   14698984 total
- age   6:     188200 bytes,   14887184 total
- age   7:     278304 bytes,   15165488 total
- age   8:     484696 bytes,   15650184 total
: 109248K->21824K(109248K), 0,0468625 secs] 110472K->29424K(502464K), 0,0469490 secs] [Times: user=0,16 sys=0,00, real=0,04 secs] 
Heap after GC invocations=9 (full 1):
 par new generation   total 109248K, used 21824K [0x00000000e0000000, 0x00000000e8000000, 0x00000000e8000000)
  eden space 87424K,   0% used [0x00000000e0000000, 0x00000000e0000000, 0x00000000e5560000)
  from space 21824K, 100% used [0x00000000e6ab0000, 0x00000000e8000000, 0x00000000e8000000)
  to   space 21824K,   0% used [0x00000000e5560000, 0x00000000e5560000, 0x00000000e6ab0000)
 concurrent mark-sweep generation total 393216K, used 7600K [0x00000000e8000000, 0x0000000100000000, 0x0000000100000000)
 Metaspace       used 27899K, capacity 28484K, committed 28796K, reserved 1075200K
  class space    used 3210K, capacity 3391K, committed 3452K, reserved 1048576K
}
2018-06-25T10:37:23.984+0200: 3,574: Total time for which application threads were stopped: 0,0509958 seconds, Stopping threads took: 0,0038256 seconds
{Heap before GC invocations=9 (full 1):
 par new generation   total 109248K, used 109248K [0x00000000e0000000, 0x00000000e8000000, 0x00000000e8000000)
  eden space 87424K, 100% used [0x00000000e0000000, 0x00000000e5560000, 0x00000000e5560000)
  from space 21824K, 100% used [0x00000000e6ab0000, 0x00000000e8000000, 0x00000000e8000000)
  to   space 21824K,   0% used [0x00000000e5560000, 0x00000000e5560000, 0x00000000e6ab0000)
 concurrent mark-sweep generation total 393216K, used 7600K [0x00000000e8000000, 0x0000000100000000, 0x0000000100000000)
 Metaspace       used 27950K, capacity 28586K, committed 28796K, reserved 1075200K
  class space    used 3214K, capacity 3399K, committed 3452K, reserved 1048576K
2018-06-25T10:37:24.078+0200: 3,669: [GC (Allocation Failure) 2018-06-25T10:37:24.078+0200: 3,669: [ParNew
Desired survivor size 20112992 bytes, new threshold 8 (max 8)
- age   1:     654672 bytes,     654672 total
- age   2:    1345192 bytes,    1999864 total
- age   3:    7085824 bytes,    9085688 total
- age   4:    5962096 bytes,   15047784 total
- age   6:     174208 bytes,   15221992 total
- age   7:     187992 bytes,   15409984 total
- age   8:     278304 bytes,   15688288 total
: 109248K->18623K(109248K), 0,0374334 secs] 116848K->26709K(502464K), 0,0375294 secs] [Times: user=0,08 sys=0,01, real=0,03 secs] 
Heap after GC invocations=10 (full 1):
 par new generation   total 109248K, used 18623K [0x00000000e0000000, 0x00000000e8000000, 0x00000000e8000000)
  eden space 87424K,   0% used [0x00000000e0000000, 0x00000000e0000000, 0x00000000e5560000)
  from space 21824K,  85% used [0x00000000e5560000, 0x00000000e678fe70, 0x00000000e6ab0000)
  to   space 21824K,   0% used [0x00000000e6ab0000, 0x00000000e6ab0000, 0x00000000e8000000)
 concurrent mark-sweep generation total 393216K, used 8085K [0x00000000e8000000, 0x0000000100000000, 0x0000000100000000)
 Metaspace       used 27950K, capacity 28586K, committed 28796K, reserved 1075200K
  class space    used 3214K, capacity 3399K, committed 3452K, reserved 1048576K
}
2018-06-25T10:37:24.115+0200: 3,706: Total time for which application threads were stopped: 0,0378535 seconds, Stopping threads took: 0,0000928 seconds
{Heap before GC invocations=10 (full 1):
 par new generation   total 109248K, used 106047K [0x00000000e0000000, 0x00000000e8000000, 0x00000000e8000000)
  eden space 87424K,  99% used [0x00000000e0000000, 0x00000000e555fe10, 0x00000000e5560000)
  from space 21824K,  85% used [0x00000000e5560000, 0x00000000e678fe70, 0x00000000e6ab0000)
  to   space 21824K,   0% used [0x00000000e6ab0000, 0x00000000e6ab0000, 0x00000000e8000000)
 concurrent mark-sweep generation total 393216K, used 8085K [0x00000000e8000000, 0x0000000100000000, 0x0000000100000000)
 Metaspace       used 27985K, capacity 28596K, committed 28796K, reserved 1075200K
  class space    used 3215K, capacity 3400K, committed 3452K, reserved 1048576K
2018-06-25T10:37:24.272+0200: 3,863: [GC (Allocation Failure) 2018-06-25T10:37:24.272+0200: 3,863: [ParNew
Desired survivor size 20112992 bytes, new threshold 8 (max 8)
- age   1:     388392 bytes,     388392 total
- age   2:     137888 bytes,     526280 total
- age   3:     575032 bytes,    1101312 total
- age   4:    7079888 bytes,    8181200 total
- age   5:    5962040 bytes,   14143240 total
- age   7:     174208 bytes,   14317448 total
- age   8:     187888 bytes,   14505336 total
: 106047K->21226K(109248K), 0,0660874 secs] 114133K->29590K(502464K), 0,0662052 secs] [Times: user=0,10 sys=0,01, real=0,07 secs] 
Heap after GC invocations=11 (full 1):
 par new generation   total 109248K, used 21226K [0x00000000e0000000, 0x00000000e8000000, 0x00000000e8000000)
  eden space 87424K,   0% used [0x00000000e0000000, 0x00000000e0000000, 0x00000000e5560000)
  from space 21824K,  97% used [0x00000000e6ab0000, 0x00000000e7f6aa00, 0x00000000e8000000)
  to   space 21824K,   0% used [0x00000000e5560000, 0x00000000e5560000, 0x00000000e6ab0000)
 concurrent mark-sweep generation total 393216K, used 8364K [0x00000000e8000000, 0x0000000100000000, 0x0000000100000000)
 Metaspace       used 27985K, capacity 28596K, committed 28796K, reserved 1075200K
  class space    used 3215K, capacity 3400K, committed 3452K, reserved 1048576K
}
2018-06-25T10:37:24.339+0200: 3,929: Total time for which application threads were stopped: 0,0737800 seconds, Stopping threads took: 0,0073211 seconds
2018-06-25T10:37:24.475+0200: 4,066: Total time for which application threads were stopped: 0,0092107 seconds, Stopping threads took: 0,0085138 seconds
2018-06-25T10:37:24.592+0200: 4,183: Total time for which application threads were stopped: 0,0152506 seconds, Stopping threads took: 0,0150598 seconds
2018-06-25T10:37:24.613+0200: 4,204: Total time for which application threads were stopped: 0,0001860 seconds, Stopping threads took: 0,0000631 seconds
2018-06-25T10:37:24.667+0200: 4,258: Total time for which application threads were stopped: 0,0062847 seconds, Stopping threads took: 0,0061119 seconds
2018-06-25T10:37:24.685+0200: 4,276: Total time for which application threads were stopped: 0,0001779 seconds, Stopping threads took: 0,0000466 seconds
2018-06-25T10:37:24.690+0200: 4,281: Total time for which application threads were stopped: 0,0002476 seconds, Stopping threads took: 0,0001141 seconds
2018-06-25T10:37:24.728+0200: 4,319: Total time for which application threads were stopped: 0,0087877 seconds, Stopping threads took: 0,0086155 seconds
2018-06-25T10:37:24.732+0200: 4,323: Total time for which application threads were stopped: 0,0043384 seconds, Stopping threads took: 0,0042256 seconds
2018-06-25T10:37:24.733+0200: 4,324: Total time for which application threads were stopped: 0,0000721 seconds, Stopping threads took: 0,0000185 seconds
2018-06-25T10:37:24.809+0200: 4,399: Total time for which application threads were stopped: 0,0121577 seconds, Stopping threads took: 0,0120251 seconds
2018-06-25T10:37:24.809+0200: 4,400: Total time for which application threads were stopped: 0,0006284 seconds, Stopping threads took: 0,0005377 seconds
2018-06-25T10:37:24.809+0200: 4,400: Total time for which application threads were stopped: 0,0000718 seconds, Stopping threads took: 0,0000210 seconds
2018-06-25T10:37:24.926+0200: 4,516: Total time for which application threads were stopped: 0,0001449 seconds, Stopping threads took: 0,0000362 seconds
2018-06-25T10:37:24.937+0200: 4,527: Total time for which application threads were stopped: 0,0001227 seconds, Stopping threads took: 0,0000296 seconds
2018-06-25T10:37:24.937+0200: 4,528: Total time for which application threads were stopped: 0,0000865 seconds, Stopping threads took: 0,0000251 seconds
2018-06-25T10:37:34.993+0200: 14,584: Total time for which application threads were stopped: 0,0000759 seconds, Stopping threads took: 0,0000176 seconds
2018-06-25T10:37:34.999+0200: 14,590: Total time for which application threads were stopped: 0,0001108 seconds, Stopping threads took: 0,0000438 seconds
2018-06-25T10:37:35.027+0200: 14,618: Total time for which application threads were stopped: 0,0005088 seconds, Stopping threads took: 0,0000358 seconds
2018-06-25T10:37:35.048+0200: 14,639: Total time for which application threads were stopped: 0,0001257 seconds, Stopping threads took: 0,0000360 seconds
2018-06-25T10:37:35.048+0200: 14,639: Total time for which application threads were stopped: 0,0000647 seconds, Stopping threads took: 0,0000140 seconds
2018-06-25T10:37:35.088+0200: 14,679: Total time for which application threads were stopped: 0,0005732 seconds, Stopping threads took: 0,0000299 seconds
2018-06-25T10:37:35.220+0200: 14,811: Total time for which application threads were stopped: 0,0001811 seconds, Stopping threads took: 0,0000402 seconds
2018-06-25T10:37:35.242+0200: 14,832: Total time for which application threads were stopped: 0,0001478 seconds, Stopping threads took: 0,0000653 seconds
2018-06-25T10:37:35.242+0200: 14,833: Total time for which application threads were stopped: 0,0000942 seconds, Stopping threads took: 0,0000504 seconds
2018-06-25T10:37:35.242+0200: 14,833: Total time for which application threads were stopped: 0,0000625 seconds, Stopping threads took: 0,0000325 seconds
2018-06-25T10:37:35.242+0200: 14,833: Total time for which application threads were stopped: 0,0000615 seconds, Stopping threads took: 0,0000229 seconds
2018-06-25T10:37:35.243+0200: 14,834: Total time for which application threads were stopped: 0,0001237 seconds, Stopping threads took: 0,0000438 seconds
2018-06-25T10:37:35.243+0200: 14,834: Total time for which application threads were stopped: 0,0000824 seconds, Stopping threads took: 0,0000306 seconds
2018-06-25T10:37:35.243+0200: 14,834: Total time for which application threads were stopped: 0,0000693 seconds, Stopping threads took: 0,0000250 seconds
2018-06-25T10:37:35.250+0200: 14,841: Total time for which application threads were stopped: 0,0001493 seconds, Stopping threads took: 0,0000682 seconds
2018-06-25T10:37:35.327+0200: 14,918: Total time for which application threads were stopped: 0,0004645 seconds, Stopping threads took: 0,0000268 seconds
2018-06-25T10:37:35.329+0200: 14,919: Total time for which application threads were stopped: 0,0004844 seconds, Stopping threads took: 0,0000275 seconds
{Heap before GC invocations=11 (full 1):
 par new generation   total 109248K, used 108650K [0x00000000e0000000, 0x00000000e8000000, 0x00000000e8000000)
  eden space 87424K, 100% used [0x00000000e0000000, 0x00000000e5560000, 0x00000000e5560000)
  from space 21824K,  97% used [0x00000000e6ab0000, 0x00000000e7f6aa00, 0x00000000e8000000)
  to   space 21824K,   0% used [0x00000000e5560000, 0x00000000e5560000, 0x00000000e6ab0000)
 concurrent mark-sweep generation total 393216K, used 8364K [0x00000000e8000000, 0x0000000100000000, 0x0000000100000000)
 Metaspace       used 30417K, capacity 31130K, committed 31484K, reserved 1077248K
  class space    used 3493K, capacity 3709K, committed 3836K, reserved 1048576K
2018-06-25T10:37:35.527+0200: 15,118: [GC (Allocation Failure) 2018-06-25T10:37:35.527+0200: 15,118: [ParNew
Desired survivor size 20112992 bytes, new threshold 6 (max 8)
- age   1:    9923320 bytes,    9923320 total
- age   2:     130184 bytes,   10053504 total
- age   3:      93232 bytes,   10146736 total
- age   4:     141912 bytes,   10288648 total
- age   5:    8203584 bytes,   18492232 total
- age   6:    3714720 bytes,   22206952 total
- age   8:     104664 bytes,   22311616 total
: 108650K->21824K(109248K), 0,0271058 secs] 117014K->36159K(502464K), 0,0271895 secs] [Times: user=0,10 sys=0,00, real=0,03 secs] 
Heap after GC invocations=12 (full 1):
 par new generation   total 109248K, used 21824K [0x00000000e0000000, 0x00000000e8000000, 0x00000000e8000000)
  eden space 87424K,   0% used [0x00000000e0000000, 0x00000000e0000000, 0x00000000e5560000)
  from space 21824K, 100% used [0x00000000e5560000, 0x00000000e6ab0000, 0x00000000e6ab0000)
  to   space 21824K,   0% used [0x00000000e6ab0000, 0x00000000e6ab0000, 0x00000000e8000000)
 concurrent mark-sweep generation total 393216K, used 14335K [0x00000000e8000000, 0x0000000100000000, 0x0000000100000000)
 Metaspace       used 30417K, capacity 31130K, committed 31484K, reserved 1077248K
  class space    used 3493K, capacity 3709K, committed 3836K, reserved 1048576K
}
2018-06-25T10:37:35.555+0200: 15,146: Total time for which application threads were stopped: 0,0274519 seconds, Stopping threads took: 0,0000245 seconds
2018-06-25T10:37:35.556+0200: 15,146: Total time for which application threads were stopped: 0,0001152 seconds, Stopping threads took: 0,0000603 seconds
2018-06-25T10:37:35.556+0200: 15,147: Total time for which application threads were stopped: 0,0001304 seconds, Stopping threads took: 0,0000711 seconds
2018-06-25T10:37:35.557+0200: 15,147: Total time for which application threads were stopped: 0,0000559 seconds, Stopping threads took: 0,0000278 seconds
2018-06-25T10:37:35.973+0200: 15,564: Total time for which application threads were stopped: 0,0002755 seconds, Stopping threads took: 0,0000696 seconds
2018-06-25T10:37:35.975+0200: 15,566: Total time for which application threads were stopped: 0,0001102 seconds, Stopping threads took: 0,0000205 seconds
2018-06-25T10:37:36.001+0200: 15,591: Total time for which application threads were stopped: 0,0107375 seconds, Stopping threads took: 0,0106113 seconds
2018-06-25T10:37:36.013+0200: 15,604: Total time for which application threads were stopped: 0,0001487 seconds, Stopping threads took: 0,0000480 seconds
2018-06-25T10:37:36.127+0200: 15,718: Total time for which application threads were stopped: 0,0001782 seconds, Stopping threads took: 0,0000454 seconds
2018-06-25T10:37:36.127+0200: 15,718: Total time for which application threads were stopped: 0,0002730 seconds, Stopping threads took: 0,0000356 seconds
2018-06-25T10:37:36.127+0200: 15,718: Total time for which application threads were stopped: 0,0000823 seconds, Stopping threads took: 0,0000246 seconds
{Heap before GC invocations=12 (full 1):
 par new generation   total 109248K, used 109248K [0x00000000e0000000, 0x00000000e8000000, 0x00000000e8000000)
  eden space 87424K, 100% used [0x00000000e0000000, 0x00000000e5560000, 0x00000000e5560000)
  from space 21824K, 100% used [0x00000000e5560000, 0x00000000e6ab0000, 0x00000000e6ab0000)
  to   space 21824K,   0% used [0x00000000e6ab0000, 0x00000000e6ab0000, 0x00000000e8000000)
 concurrent mark-sweep generation total 393216K, used 14335K [0x00000000e8000000, 0x0000000100000000, 0x0000000100000000)
 Metaspace       used 30656K, capacity 31322K, committed 31740K, reserved 1077248K
  class space    used 3494K, capacity 3709K, committed 3836K, reserved 1048576K
2018-06-25T10:37:36.152+0200: 15,743: [GC (Allocation Failure) 2018-06-25T10:37:36.152+0200: 15,743: [ParNew
Desired survivor size 20112992 bytes, new threshold 8 (max 8)
- age   1:    1227496 bytes,    1227496 total
- age   2:    9678576 bytes,   10906072 total
- age   3:     130184 bytes,   11036256 total
- age   4:      93232 bytes,   11129488 total
- age   5:     141912 bytes,   11271400 total
- age   6:    5975304 bytes,   17246704 total
: 109248K->21824K(109248K), 0,0433159 secs] 123583K->40263K(502464K), 0,0435413 secs] [Times: user=0,11 sys=0,01, real=0,04 secs] 
Heap after GC invocations=13 (full 1):
 par new generation   total 109248K, used 21824K [0x00000000e0000000, 0x00000000e8000000, 0x00000000e8000000)
  eden space 87424K,   0% used [0x00000000e0000000, 0x00000000e0000000, 0x00000000e5560000)
  from space 21824K, 100% used [0x00000000e6ab0000, 0x00000000e8000000, 0x00000000e8000000)
  to   space 21824K,   0% used [0x00000000e5560000, 0x00000000e5560000, 0x00000000e6ab0000)
 concurrent mark-sweep generation total 393216K, used 18439K [0x00000000e8000000, 0x0000000100000000, 0x0000000100000000)
 Metaspace       used 30656K, capacity 31322K, committed 31740K, reserved 1077248K
  class space    used 3494K, capacity 3709K, committed 3836K, reserved 1048576K
}
2018-06-25T10:37:36.196+0200: 15,786: Total time for which application threads were stopped: 0,0439546 seconds, Stopping threads took: 0,0000630 seconds
2018-06-25T10:37:36.426+0200: 16,017: Total time for which application threads were stopped: 0,0005432 seconds, Stopping threads took: 0,0001052 seconds
2018-06-25T10:37:36.428+0200: 16,019: Total time for which application threads were stopped: 0,0001386 seconds, Stopping threads took: 0,0000452 seconds
2018-06-25T10:37:36.428+0200: 16,019: Total time for which application threads were stopped: 0,0000864 seconds, Stopping threads took: 0,0000387 seconds
2018-06-25T10:37:36.428+0200: 16,019: Total time for which application threads were stopped: 0,0000610 seconds, Stopping threads took: 0,0000156 seconds
2018-06-25T10:37:36.428+0200: 16,019: Total time for which application threads were stopped: 0,0000864 seconds, Stopping threads took: 0,0000344 seconds
2018-06-25T10:37:36.435+0200: 16,026: Total time for which application threads were stopped: 0,0001529 seconds, Stopping threads took: 0,0000538 seconds
2018-06-25T10:37:36.450+0200: 16,041: Total time for which application threads were stopped: 0,0012881 seconds, Stopping threads took: 0,0011810 seconds
{Heap before GC invocations=13 (full 1):
 par new generation   total 109248K, used 109248K [0x00000000e0000000, 0x00000000e8000000, 0x00000000e8000000)
  eden space 87424K, 100% used [0x00000000e0000000, 0x00000000e5560000, 0x00000000e5560000)
  from space 21824K, 100% used [0x00000000e6ab0000, 0x00000000e8000000, 0x00000000e8000000)
  to   space 21824K,   0% used [0x00000000e5560000, 0x00000000e5560000, 0x00000000e6ab0000)
 concurrent mark-sweep generation total 393216K, used 18439K [0x00000000e8000000, 0x0000000100000000, 0x0000000100000000)
 Metaspace       used 30786K, capacity 31514K, committed 31740K, reserved 1077248K
  class space    used 3506K, capacity 3709K, committed 3836K, reserved 1048576K
2018-06-25T10:37:36.621+0200: 16,212: [GC (Allocation Failure) 2018-06-25T10:37:36.621+0200: 16,212: [ParNew
Desired survivor size 20112992 bytes, new threshold 8 (max 8)
- age   1:    1803400 bytes,    1803400 total
- age   2:     895456 bytes,    2698856 total
- age   3:    9597984 bytes,   12296840 total
- age   4:     130184 bytes,   12427024 total
- age   5:      93232 bytes,   12520256 total
- age   6:     141912 bytes,   12662168 total
- age   7:    5975304 bytes,   18637472 total
: 109248K->21824K(109248K), 0,0353462 secs] 127687K->40291K(502464K), 0,0354565 secs] [Times: user=0,07 sys=0,00, real=0,03 secs] 
Heap after GC invocations=14 (full 1):
 par new generation   total 109248K, used 21824K [0x00000000e0000000, 0x00000000e8000000, 0x00000000e8000000)
  eden space 87424K,   0% used [0x00000000e0000000, 0x00000000e0000000, 0x00000000e5560000)
  from space 21824K, 100% used [0x00000000e5560000, 0x00000000e6ab0000, 0x00000000e6ab0000)
  to   space 21824K,   0% used [0x00000000e6ab0000, 0x00000000e6ab0000, 0x00000000e8000000)
 concurrent mark-sweep generation total 393216K, used 18467K [0x00000000e8000000, 0x0000000100000000, 0x0000000100000000)
 Metaspace       used 30786K, capacity 31514K, committed 31740K, reserved 1077248K
  class space    used 3506K, capacity 3709K, committed 3836K, reserved 1048576K
}
2018-06-25T10:37:36.656+0200: 16,247: Total time for which application threads were stopped: 0,0358145 seconds, Stopping threads took: 0,0001264 seconds
2018-06-25T10:37:36.697+0200: 16,287: Total time for which application threads were stopped: 0,0130457 seconds, Stopping threads took: 0,0128722 seconds
2018-06-25T10:37:36.720+0200: 16,311: Total time for which application threads were stopped: 0,0155705 seconds, Stopping threads took: 0,0154028 seconds
2018-06-25T10:37:36.834+0200: 16,425: Total time for which application threads were stopped: 0,0002128 seconds, Stopping threads took: 0,0000656 seconds
2018-06-25T10:37:36.838+0200: 16,429: Total time for which application threads were stopped: 0,0001766 seconds, Stopping threads took: 0,0000512 seconds
2018-06-25T10:37:36.842+0200: 16,433: Total time for which application threads were stopped: 0,0001673 seconds, Stopping threads took: 0,0000540 seconds
{Heap before GC invocations=14 (full 1):
 par new generation   total 109248K, used 109244K [0x00000000e0000000, 0x00000000e8000000, 0x00000000e8000000)
  eden space 87424K,  99% used [0x00000000e0000000, 0x00000000e555f2b8, 0x00000000e5560000)
  from space 21824K, 100% used [0x00000000e5560000, 0x00000000e6ab0000, 0x00000000e6ab0000)
  to   space 21824K,   0% used [0x00000000e6ab0000, 0x00000000e6ab0000, 0x00000000e8000000)
 concurrent mark-sweep generation total 393216K, used 18467K [0x00000000e8000000, 0x0000000100000000, 0x0000000100000000)
 Metaspace       used 30906K, capacity 31680K, committed 31996K, reserved 1077248K
  class space    used 3516K, capacity 3742K, committed 3836K, reserved 1048576K
2018-06-25T10:37:36.939+0200: 16,530: [GC (Allocation Failure) 2018-06-25T10:37:36.939+0200: 16,530: [ParNew
Desired survivor size 20112992 bytes, new threshold 8 (max 8)
- age   1:    1497616 bytes,    1497616 total
- age   2:     782160 bytes,    2279776 total
- age   3:     122960 bytes,    2402736 total
- age   4:    9016752 bytes,   11419488 total
- age   5:     122128 bytes,   11541616 total
- age   6:      93232 bytes,   11634848 total
- age   7:     138904 bytes,   11773752 total
- age   8:    5972912 bytes,   17746664 total
: 109244K->21824K(109248K), 0,0234003 secs] 127711K->40575K(502464K), 0,0235175 secs] [Times: user=0,06 sys=0,00, real=0,02 secs] 
Heap after GC invocations=15 (full 1):
 par new generation   total 109248K, used 21824K [0x00000000e0000000, 0x00000000e8000000, 0x00000000e8000000)
  eden space 87424K,   0% used [0x00000000e0000000, 0x00000000e0000000, 0x00000000e5560000)
  from space 21824K, 100% used [0x00000000e6ab0000, 0x00000000e8000000, 0x00000000e8000000)
  to   space 21824K,   0% used [0x00000000e5560000, 0x00000000e5560000, 0x00000000e6ab0000)
 concurrent mark-sweep generation total 393216K, used 18751K [0x00000000e8000000, 0x0000000100000000, 0x0000000100000000)
 Metaspace       used 30906K, capacity 31680K, committed 31996K, reserved 1077248K
  class space    used 3516K, capacity 3742K, committed 3836K, reserved 1048576K
}
2018-06-25T10:37:36.963+0200: 16,554: Total time for which application threads were stopped: 0,0238306 seconds, Stopping threads took: 0,0000621 seconds
{Heap before GC invocations=15 (full 1):
 par new generation   total 109248K, used 109248K [0x00000000e0000000, 0x00000000e8000000, 0x00000000e8000000)
  eden space 87424K, 100% used [0x00000000e0000000, 0x00000000e5560000, 0x00000000e5560000)
  from space 21824K, 100% used [0x00000000e6ab0000, 0x00000000e8000000, 0x00000000e8000000)
  to   space 21824K,   0% used [0x00000000e5560000, 0x00000000e5560000, 0x00000000e6ab0000)
 concurrent mark-sweep generation total 393216K, used 18751K [0x00000000e8000000, 0x0000000100000000, 0x0000000100000000)
 Metaspace       used 30910K, capacity 31680K, committed 31996K, reserved 1077248K
  class space    used 3516K, capacity 3742K, committed 3836K, reserved 1048576K
2018-06-25T10:37:37.211+0200: 16,801: [GC (Allocation Failure) 2018-06-25T10:37:37.211+0200: 16,802: [ParNew
Desired survivor size 20112992 bytes, new threshold 8 (max 8)
- age   1:    1471584 bytes,    1471584 total
- age   2:    1067512 bytes,    2539096 total
- age   3:     782080 bytes,    3321176 total
- age   4:     122960 bytes,    3444136 total
- age   5:    9015776 bytes,   12459912 total
- age   6:     122128 bytes,   12582040 total
- age   7:      93232 bytes,   12675272 total
- age   8:     138904 bytes,   12814176 total
: 109248K->21305K(109248K), 0,0931636 secs] 127999K->46103K(502464K), 0,0935436 secs] [Times: user=0,11 sys=0,01, real=0,09 secs] 
Heap after GC invocations=16 (full 1):
 par new generation   total 109248K, used 21305K [0x00000000e0000000, 0x00000000e8000000, 0x00000000e8000000)
  eden space 87424K,   0% used [0x00000000e0000000, 0x00000000e0000000, 0x00000000e5560000)
  from space 21824K,  97% used [0x00000000e5560000, 0x00000000e6a2e590, 0x00000000e6ab0000)
  to   space 21824K,   0% used [0x00000000e6ab0000, 0x00000000e6ab0000, 0x00000000e8000000)
 concurrent mark-sweep generation total 393216K, used 24798K [0x00000000e8000000, 0x0000000100000000, 0x0000000100000000)
 Metaspace       used 30910K, capacity 31680K, committed 31996K, reserved 1077248K
  class space    used 3516K, capacity 3742K, committed 3836K, reserved 1048576K
}
2018-06-25T10:37:37.305+0200: 16,896: Total time for which application threads were stopped: 0,0943299 seconds, Stopping threads took: 0,0000299 seconds
2018-06-25T10:37:37.403+0200: 16,994: Total time for which application threads were stopped: 0,0048534 seconds, Stopping threads took: 0,0046726 seconds
2018-06-25T10:37:37.433+0200: 17,024: Total time for which application threads were stopped: 0,0208229 seconds, Stopping threads took: 0,0206977 seconds
2018-06-25T10:37:37.438+0200: 17,029: Total time for which application threads were stopped: 0,0001656 seconds, Stopping threads took: 0,0000540 seconds
2018-06-25T10:37:37.439+0200: 17,030: Total time for which application threads were stopped: 0,0001186 seconds, Stopping threads took: 0,0000269 seconds
{Heap before GC invocations=16 (full 1):
 par new generation   total 109248K, used 108729K [0x00000000e0000000, 0x00000000e8000000, 0x00000000e8000000)
  eden space 87424K, 100% used [0x00000000e0000000, 0x00000000e5560000, 0x00000000e5560000)
  from space 21824K,  97% used [0x00000000e5560000, 0x00000000e6a2e590, 0x00000000e6ab0000)
  to   space 21824K,   0% used [0x00000000e6ab0000, 0x00000000e6ab0000, 0x00000000e8000000)
 concurrent mark-sweep generation total 393216K, used 24798K [0x00000000e8000000, 0x0000000100000000, 0x0000000100000000)
 Metaspace       used 30925K, capacity 31680K, committed 31996K, reserved 1077248K
  class space    used 3516K, capacity 3742K, committed 3836K, reserved 1048576K
2018-06-25T10:37:37.561+0200: 17,152: [GC (Allocation Failure) 2018-06-25T10:37:37.562+0200: 17,153: [ParNew
Desired survivor size 20112992 bytes, new threshold 8 (max 8)
- age   1:    1677496 bytes,    1677496 total
- age   2:    1360704 bytes,    3038200 total
- age   3:    1016888 bytes,    4055088 total
- age   4:     680696 bytes,    4735784 total
- age   5:     122960 bytes,    4858744 total
- age   6:    9015504 bytes,   13874248 total
- age   7:     122128 bytes,   13996376 total
- age   8:      93232 bytes,   14089608 total
: 108729K->18473K(109248K), 0,0335928 secs] 133527K->43409K(502464K), 0,0339767 secs] [Times: user=0,12 sys=0,00, real=0,03 secs] 
Heap after GC invocations=17 (full 1):
 par new generation   total 109248K, used 18473K [0x00000000e0000000, 0x00000000e8000000, 0x00000000e8000000)
  eden space 87424K,   0% used [0x00000000e0000000, 0x00000000e0000000, 0x00000000e5560000)
  from space 21824K,  84% used [0x00000000e6ab0000, 0x00000000e7cba750, 0x00000000e8000000)
  to   space 21824K,   0% used [0x00000000e5560000, 0x00000000e5560000, 0x00000000e6ab0000)
 concurrent mark-sweep generation total 393216K, used 24935K [0x00000000e8000000, 0x0000000100000000, 0x0000000100000000)
 Metaspace       used 30925K, capacity 31680K, committed 31996K, reserved 1077248K
  class space    used 3516K, capacity 3742K, committed 3836K, reserved 1048576K
}
2018-06-25T10:37:37.595+0200: 17,186: Total time for which application threads were stopped: 0,0393088 seconds, Stopping threads took: 0,0043917 seconds
2018-06-25T10:37:37.660+0200: 17,251: Total time for which application threads were stopped: 0,0002061 seconds, Stopping threads took: 0,0000738 seconds
2018-06-25T10:37:37.662+0200: 17,253: Total time for which application threads were stopped: 0,0001361 seconds, Stopping threads took: 0,0000305 seconds
2018-06-25T10:37:37.727+0200: 17,317: Total time for which application threads were stopped: 0,0001751 seconds, Stopping threads took: 0,0000297 seconds
{Heap before GC invocations=17 (full 1):
 par new generation   total 109248K, used 105875K [0x00000000e0000000, 0x00000000e8000000, 0x00000000e8000000)
  eden space 87424K,  99% used [0x00000000e0000000, 0x00000000e555a7c0, 0x00000000e5560000)
  from space 21824K,  84% used [0x00000000e6ab0000, 0x00000000e7cba750, 0x00000000e8000000)
  to   space 21824K,   0% used [0x00000000e5560000, 0x00000000e5560000, 0x00000000e6ab0000)
 concurrent mark-sweep generation total 393216K, used 24935K [0x00000000e8000000, 0x0000000100000000, 0x0000000100000000)
 Metaspace       used 30949K, capacity 31680K, committed 31996K, reserved 1077248K
  class space    used 3516K, capacity 3742K, committed 3836K, reserved 1048576K
2018-06-25T10:37:37.840+0200: 17,431: [GC (Allocation Failure) 2018-06-25T10:37:37.840+0200: 17,431: [ParNew
Desired survivor size 20112992 bytes, new threshold 8 (max 8)
- age   1:    1472616 bytes,    1472616 total
- age   2:     972696 bytes,    2445312 total
- age   3:     109336 bytes,    2554648 total
- age   4:     327296 bytes,    2881944 total
- age   5:     181200 bytes,    3063144 total
- age   6:     122912 bytes,    3186056 total
- age   7:    9015240 bytes,   12201296 total
- age   8:     122128 bytes,   12323424 total
: 105875K->15766K(109248K), 0,0272609 secs] 130811K->40794K(502464K), 0,0273867 secs] [Times: user=0,08 sys=0,00, real=0,02 secs] 
Heap after GC invocations=18 (full 1):
 par new generation   total 109248K, used 15766K [0x00000000e0000000, 0x00000000e8000000, 0x00000000e8000000)
  eden space 87424K,   0% used [0x00000000e0000000, 0x00000000e0000000, 0x00000000e5560000)
  from space 21824K,  72% used [0x00000000e5560000, 0x00000000e64c5868, 0x00000000e6ab0000)
  to   space 21824K,   0% used [0x00000000e6ab0000, 0x00000000e6ab0000, 0x00000000e8000000)
 concurrent mark-sweep generation total 393216K, used 25028K [0x00000000e8000000, 0x0000000100000000, 0x0000000100000000)
 Metaspace       used 30949K, capacity 31680K, committed 31996K, reserved 1077248K
  class space    used 3516K, capacity 3742K, committed 3836K, reserved 1048576K
}
2018-06-25T10:37:37.867+0200: 17,458: Total time for which application threads were stopped: 0,0277663 seconds, Stopping threads took: 0,0001072 seconds
{Heap before GC invocations=18 (full 1):
 par new generation   total 109248K, used 103190K [0x00000000e0000000, 0x00000000e8000000, 0x00000000e8000000)
  eden space 87424K, 100% used [0x00000000e0000000, 0x00000000e5560000, 0x00000000e5560000)
  from space 21824K,  72% used [0x00000000e5560000, 0x00000000e64c5868, 0x00000000e6ab0000)
  to   space 21824K,   0% used [0x00000000e6ab0000, 0x00000000e6ab0000, 0x00000000e8000000)
 concurrent mark-sweep generation total 393216K, used 25028K [0x00000000e8000000, 0x0000000100000000, 0x0000000100000000)
 Metaspace       used 30953K, capacity 31680K, committed 31996K, reserved 1077248K
  class space    used 3516K, capacity 3742K, committed 3836K, reserved 1048576K
2018-06-25T10:37:38.215+0200: 17,806: [GC (Allocation Failure) 2018-06-25T10:37:38.215+0200: 17,806: [ParNew
Desired survivor size 20112992 bytes, new threshold 8 (max 8)
- age   1:    1709624 bytes,    1709624 total
- age   2:     975280 bytes,    2684904 total
- age   3:     972456 bytes,    3657360 total
- age   4:     109336 bytes,    3766696 total
- age   5:     326480 bytes,    4093176 total
- age   6:     181136 bytes,    4274312 total
- age   7:     122912 bytes,    4397224 total
- age   8:    9015224 bytes,   13412448 total
: 103190K->15917K(109248K), 0,0182190 secs] 128218K->41067K(502464K), 0,0182985 secs] [Times: user=0,05 sys=0,00, real=0,02 secs] 
Heap after GC invocations=19 (full 1):
 par new generation   total 109248K, used 15917K [0x00000000e0000000, 0x00000000e8000000, 0x00000000e8000000)
  eden space 87424K,   0% used [0x00000000e0000000, 0x00000000e0000000, 0x00000000e5560000)
  from space 21824K,  72% used [0x00000000e6ab0000, 0x00000000e7a3b6f0, 0x00000000e8000000)
  to   space 21824K,   0% used [0x00000000e5560000, 0x00000000e5560000, 0x00000000e6ab0000)
 concurrent mark-sweep generation total 393216K, used 25149K [0x00000000e8000000, 0x0000000100000000, 0x0000000100000000)
 Metaspace       used 30953K, capacity 31680K, committed 31996K, reserved 1077248K
  class space    used 3516K, capacity 3742K, committed 3836K, reserved 1048576K
}
2018-06-25T10:37:38.233+0200: 17,824: Total time for which application threads were stopped: 0,0185302 seconds, Stopping threads took: 0,0000418 seconds
{Heap before GC invocations=19 (full 1):
 par new generation   total 109248K, used 103341K [0x00000000e0000000, 0x00000000e8000000, 0x00000000e8000000)
  eden space 87424K, 100% used [0x00000000e0000000, 0x00000000e5560000, 0x00000000e5560000)
  from space 21824K,  72% used [0x00000000e6ab0000, 0x00000000e7a3b6f0, 0x00000000e8000000)
  to   space 21824K,   0% used [0x00000000e5560000, 0x00000000e5560000, 0x00000000e6ab0000)
 concurrent mark-sweep generation total 393216K, used 25149K [0x00000000e8000000, 0x0000000100000000, 0x0000000100000000)
 Metaspace       used 30958K, capacity 31680K, committed 31996K, reserved 1077248K
  class space    used 3516K, capacity 3742K, committed 3836K, reserved 1048576K
2018-06-25T10:37:38.365+0200: 17,956: [GC (Allocation Failure) 2018-06-25T10:37:38.365+0200: 17,956: [ParNew
Desired survivor size 20112992 bytes, new threshold 8 (max 8)
- age   1:    1904288 bytes,    1904288 total
- age   2:    1032832 bytes,    2937120 total
- age   3:     974240 bytes,    3911360 total
- age   4:     972456 bytes,    4883816 total
- age   5:     109336 bytes,    4993152 total
- age   6:     326480 bytes,    5319632 total
- age   7:     181088 bytes,    5500720 total
- age   8:     122504 bytes,    5623224 total
: 103341K->13996K(109248K), 0,0275030 secs] 128491K->48626K(502464K), 0,0276029 secs] [Times: user=0,08 sys=0,00, real=0,03 secs] 
Heap after GC invocations=20 (full 1):
 par new generation   total 109248K, used 13996K [0x00000000e0000000, 0x00000000e8000000, 0x00000000e8000000)
  eden space 87424K,   0% used [0x00000000e0000000, 0x00000000e0000000, 0x00000000e5560000)
  from space 21824K,  64% used [0x00000000e5560000, 0x00000000e630b100, 0x00000000e6ab0000)
  to   space 21824K,   0% used [0x00000000e6ab0000, 0x00000000e6ab0000, 0x00000000e8000000)
 concurrent mark-sweep generation total 393216K, used 34630K [0x00000000e8000000, 0x0000000100000000, 0x0000000100000000)
 Metaspace       used 30958K, capacity 31680K, committed 31996K, reserved 1077248K
  class space    used 3516K, capacity 3742K, committed 3836K, reserved 1048576K
}
2018-06-25T10:37:38.393+0200: 17,984: Total time for which application threads were stopped: 0,0278692 seconds, Stopping threads took: 0,0000711 seconds
2018-06-25T10:37:38.401+0200: 17,992: Total time for which application threads were stopped: 0,0005930 seconds, Stopping threads took: 0,0004683 seconds
2018-06-25T10:37:38.401+0200: 17,992: Total time for which application threads were stopped: 0,0001603 seconds, Stopping threads took: 0,0000463 seconds
2018-06-25T10:37:38.439+0200: 18,030: Total time for which application threads were stopped: 0,0068647 seconds, Stopping threads took: 0,0065338 seconds
2018-06-25T10:37:38.460+0200: 18,051: Total time for which application threads were stopped: 0,0003819 seconds, Stopping threads took: 0,0002938 seconds
2018-06-25T10:37:38.476+0200: 18,067: Total time for which application threads were stopped: 0,0030318 seconds, Stopping threads took: 0,0029219 seconds
2018-06-25T10:37:38.534+0200: 18,125: Total time for which application threads were stopped: 0,0001967 seconds, Stopping threads took: 0,0000904 seconds
2018-06-25T10:37:38.538+0200: 18,129: Total time for which application threads were stopped: 0,0007443 seconds, Stopping threads took: 0,0004560 seconds
2018-06-25T10:37:38.541+0200: 18,132: Total time for which application threads were stopped: 0,0001755 seconds, Stopping threads took: 0,0000561 seconds
{Heap before GC invocations=20 (full 1):
 par new generation   total 109248K, used 101420K [0x00000000e0000000, 0x00000000e8000000, 0x00000000e8000000)
  eden space 87424K, 100% used [0x00000000e0000000, 0x00000000e5560000, 0x00000000e5560000)
  from space 21824K,  64% used [0x00000000e5560000, 0x00000000e630b100, 0x00000000e6ab0000)
  to   space 21824K,   0% used [0x00000000e6ab0000, 0x00000000e6ab0000, 0x00000000e8000000)
 concurrent mark-sweep generation total 393216K, used 34630K [0x00000000e8000000, 0x0000000100000000, 0x0000000100000000)
 Metaspace       used 30981K, capacity 31680K, committed 31996K, reserved 1077248K
  class space    used 3516K, capacity 3742K, committed 3836K, reserved 1048576K
2018-06-25T10:37:38.645+0200: 18,235: [GC (Allocation Failure) 2018-06-25T10:37:38.645+0200: 18,236: [ParNew
Desired survivor size 20112992 bytes, new threshold 8 (max 8)
- age   1:    1719184 bytes,    1719184 total
- age   2:    1783576 bytes,    3502760 total
- age   3:     976600 bytes,    4479360 total
- age   4:     923176 bytes,    5402536 total
- age   5:     858536 bytes,    6261072 total
- age   6:     109336 bytes,    6370408 total
- age   7:     326400 bytes,    6696808 total
- age   8:     180680 bytes,    6877488 total
: 101420K->9057K(109248K), 0,0222062 secs] 136050K->43807K(502464K), 0,0223339 secs] [Times: user=0,07 sys=0,00, real=0,02 secs] 
Heap after GC invocations=21 (full 1):
 par new generation   total 109248K, used 9057K [0x00000000e0000000, 0x00000000e8000000, 0x00000000e8000000)
  eden space 87424K,   0% used [0x00000000e0000000, 0x00000000e0000000, 0x00000000e5560000)
  from space 21824K,  41% used [0x00000000e6ab0000, 0x00000000e7388560, 0x00000000e8000000)
  to   space 21824K,   0% used [0x00000000e5560000, 0x00000000e5560000, 0x00000000e6ab0000)
 concurrent mark-sweep generation total 393216K, used 34749K [0x00000000e8000000, 0x0000000100000000, 0x0000000100000000)
 Metaspace       used 30981K, capacity 31680K, committed 31996K, reserved 1077248K
  class space    used 3516K, capacity 3742K, committed 3836K, reserved 1048576K
}
2018-06-25T10:37:38.667+0200: 18,258: Total time for which application threads were stopped: 0,0234063 seconds, Stopping threads took: 0,0008263 seconds
{Heap before GC invocations=21 (full 1):
 par new generation   total 109248K, used 96481K [0x00000000e0000000, 0x00000000e8000000, 0x00000000e8000000)
  eden space 87424K, 100% used [0x00000000e0000000, 0x00000000e5560000, 0x00000000e5560000)
  from space 21824K,  41% used [0x00000000e6ab0000, 0x00000000e7388560, 0x00000000e8000000)
  to   space 21824K,   0% used [0x00000000e5560000, 0x00000000e5560000, 0x00000000e6ab0000)
 concurrent mark-sweep generation total 393216K, used 34749K [0x00000000e8000000, 0x0000000100000000, 0x0000000100000000)
 Metaspace       used 31029K, capacity 31744K, committed 31996K, reserved 1077248K
  class space    used 3516K, capacity 3742K, committed 3836K, reserved 1048576K
2018-06-25T10:37:38.853+0200: 18,443: [GC (Allocation Failure) 2018-06-25T10:37:38.853+0200: 18,443: [ParNew
Desired survivor size 20112992 bytes, new threshold 8 (max 8)
- age   1:    1556432 bytes,    1556432 total
- age   2:    1302776 bytes,    2859208 total
- age   3:     352072 bytes,    3211280 total
- age   4:     437800 bytes,    3649080 total
- age   5:     564456 bytes,    4213536 total
- age   6:     396968 bytes,    4610504 total
- age   7:     109288 bytes,    4719792 total
- age   8:     325992 bytes,    5045784 total
: 96481K->6848K(109248K), 0,0159492 secs] 131231K->41775K(502464K), 0,0160220 secs] [Times: user=0,03 sys=0,00, real=0,02 secs] 
Heap after GC invocations=22 (full 1):
 par new generation   total 109248K, used 6848K [0x00000000e0000000, 0x00000000e8000000, 0x00000000e8000000)
  eden space 87424K,   0% used [0x00000000e0000000, 0x00000000e0000000, 0x00000000e5560000)
  from space 21824K,  31% used [0x00000000e5560000, 0x00000000e5c102c0, 0x00000000e6ab0000)
  to   space 21824K,   0% used [0x00000000e6ab0000, 0x00000000e6ab0000, 0x00000000e8000000)
 concurrent mark-sweep generation total 393216K, used 34926K [0x00000000e8000000, 0x0000000100000000, 0x0000000100000000)
 Metaspace       used 31029K, capacity 31744K, committed 31996K, reserved 1077248K
  class space    used 3516K, capacity 3742K, committed 3836K, reserved 1048576K
}
2018-06-25T10:37:38.869+0200: 18,460: Total time for which application threads were stopped: 0,0230270 seconds, Stopping threads took: 0,0068149 seconds
{Heap before GC invocations=22 (full 1):
 par new generation   total 109248K, used 94272K [0x00000000e0000000, 0x00000000e8000000, 0x00000000e8000000)
  eden space 87424K, 100% used [0x00000000e0000000, 0x00000000e5560000, 0x00000000e5560000)
  from space 21824K,  31% used [0x00000000e5560000, 0x00000000e5c102c0, 0x00000000e6ab0000)
  to   space 21824K,   0% used [0x00000000e6ab0000, 0x00000000e6ab0000, 0x00000000e8000000)
 concurrent mark-sweep generation total 393216K, used 34926K [0x00000000e8000000, 0x0000000100000000, 0x0000000100000000)
 Metaspace       used 31039K, capacity 31808K, committed 31996K, reserved 1077248K
  class space    used 3516K, capacity 3742K, committed 3836K, reserved 1048576K
2018-06-25T10:37:39.025+0200: 18,616: [GC (Allocation Failure) 2018-06-25T10:37:39.025+0200: 18,616: [ParNew
Desired survivor size 20112992 bytes, new threshold 8 (max 8)
- age   1:    1754752 bytes,    1754752 total
- age   2:    1135616 bytes,    2890368 total
- age   3:    1025128 bytes,    3915496 total
- age   4:      79704 bytes,    3995200 total
- age   5:     133344 bytes,    4128544 total
- age   6:     306312 bytes,    4434856 total
- age   7:     193200 bytes,    4628056 total
- age   8:     108848 bytes,    4736904 total
: 94272K->6083K(109248K), 0,0112505 secs] 129199K->41329K(502464K), 0,0115792 secs] [Times: user=0,03 sys=0,01, real=0,02 secs] 
Heap after GC invocations=23 (full 1):
 par new generation   total 109248K, used 6083K [0x00000000e0000000, 0x00000000e8000000, 0x00000000e8000000)
  eden space 87424K,   0% used [0x00000000e0000000, 0x00000000e0000000, 0x00000000e5560000)
  from space 21824K,  27% used [0x00000000e6ab0000, 0x00000000e70a0f28, 0x00000000e8000000)
  to   space 21824K,   0% used [0x00000000e5560000, 0x00000000e5560000, 0x00000000e6ab0000)
 concurrent mark-sweep generation total 393216K, used 35245K [0x00000000e8000000, 0x0000000100000000, 0x0000000100000000)
 Metaspace       used 31039K, capacity 31808K, committed 31996K, reserved 1077248K
  class space    used 3516K, capacity 3742K, committed 3836K, reserved 1048576K
}
2018-06-25T10:37:39.037+0200: 18,628: Total time for which application threads were stopped: 0,0122522 seconds, Stopping threads took: 0,0000354 seconds
{Heap before GC invocations=23 (full 1):
 par new generation   total 109248K, used 93499K [0x00000000e0000000, 0x00000000e8000000, 0x00000000e8000000)
  eden space 87424K,  99% used [0x00000000e0000000, 0x00000000e555dd88, 0x00000000e5560000)
  from space 21824K,  27% used [0x00000000e6ab0000, 0x00000000e70a0f28, 0x00000000e8000000)
  to   space 21824K,   0% used [0x00000000e5560000, 0x00000000e5560000, 0x00000000e6ab0000)
 concurrent mark-sweep generation total 393216K, used 35245K [0x00000000e8000000, 0x0000000100000000, 0x0000000100000000)
 Metaspace       used 31056K, capacity 31808K, committed 31996K, reserved 1077248K
  class space    used 3516K, capacity 3742K, committed 3836K, reserved 1048576K
2018-06-25T10:37:39.203+0200: 18,794: [GC (Allocation Failure) 2018-06-25T10:37:39.204+0200: 18,794: [ParNew
Desired survivor size 20112992 bytes, new threshold 8 (max 8)
- age   1:    1939512 bytes,    1939512 total
- age   2:     999240 bytes,    2938752 total
- age   3:    1135568 bytes,    4074320 total
- age   4:    1025128 bytes,    5099448 total
- age   5:      79704 bytes,    5179152 total
- age   6:     133288 bytes,    5312440 total
- age   7:     305448 bytes,    5617888 total
- age   8:     192760 bytes,    5810648 total
: 93499K->7231K(109248K), 0,0228209 secs] 128744K->42583K(502464K), 0,0231145 secs] [Times: user=0,05 sys=0,01, real=0,02 secs] 
Heap after GC invocations=24 (full 1):
 par new generation   total 109248K, used 7231K [0x00000000e0000000, 0x00000000e8000000, 0x00000000e8000000)
  eden space 87424K,   0% used [0x00000000e0000000, 0x00000000e0000000, 0x00000000e5560000)
  from space 21824K,  33% used [0x00000000e5560000, 0x00000000e5c6ffe0, 0x00000000e6ab0000)
  to   space 21824K,   0% used [0x00000000e6ab0000, 0x00000000e6ab0000, 0x00000000e8000000)
 concurrent mark-sweep generation total 393216K, used 35351K [0x00000000e8000000, 0x0000000100000000, 0x0000000100000000)
 Metaspace       used 31056K, capacity 31808K, committed 31996K, reserved 1077248K
  class space    used 3516K, capacity 3742K, committed 3836K, reserved 1048576K
}
2018-06-25T10:37:39.227+0200: 18,818: Total time for which application threads were stopped: 0,0237102 seconds, Stopping threads took: 0,0000939 seconds
{Heap before GC invocations=24 (full 1):
 par new generation   total 109248K, used 94655K [0x00000000e0000000, 0x00000000e8000000, 0x00000000e8000000)
  eden space 87424K, 100% used [0x00000000e0000000, 0x00000000e5560000, 0x00000000e5560000)
  from space 21824K,  33% used [0x00000000e5560000, 0x00000000e5c6ffe0, 0x00000000e6ab0000)
  to   space 21824K,   0% used [0x00000000e6ab0000, 0x00000000e6ab0000, 0x00000000e8000000)
 concurrent mark-sweep generation total 393216K, used 35351K [0x00000000e8000000, 0x0000000100000000, 0x0000000100000000)
 Metaspace       used 31059K, capacity 31808K, committed 31996K, reserved 1077248K
  class space    used 3516K, capacity 3742K, committed 3836K, reserved 1048576K
2018-06-25T10:37:39.352+0200: 18,942: [GC (Allocation Failure) 2018-06-25T10:37:39.352+0200: 18,943: [ParNew
Desired survivor size 20112992 bytes, new threshold 8 (max 8)
- age   1:    1700288 bytes,    1700288 total
- age   2:    1320080 bytes,    3020368 total
- age   3:    1001040 bytes,    4021408 total
- age   4:    1136648 bytes,    5158056 total
- age   5:    1026736 bytes,    6184792 total
- age   6:      79704 bytes,    6264496 total
- age   7:     133240 bytes,    6397736 total
- age   8:     305216 bytes,    6702952 total
: 94655K->8502K(109248K), 0,0320830 secs] 130007K->44042K(502464K), 0,0322729 secs] [Times: user=0,08 sys=0,00, real=0,03 secs] 
Heap after GC invocations=25 (full 1):
 par new generation   total 109248K, used 8502K [0x00000000e0000000, 0x00000000e8000000, 0x00000000e8000000)
  eden space 87424K,   0% used [0x00000000e0000000, 0x00000000e0000000, 0x00000000e5560000)
  from space 21824K,  38% used [0x00000000e6ab0000, 0x00000000e72fd9b8, 0x00000000e8000000)
  to   space 21824K,   0% used [0x00000000e5560000, 0x00000000e5560000, 0x00000000e6ab0000)
 concurrent mark-sweep generation total 393216K, used 35540K [0x00000000e8000000, 0x0000000100000000, 0x0000000100000000)
 Metaspace       used 31059K, capacity 31808K, committed 31996K, reserved 1077248K
  class space    used 3516K, capacity 3742K, committed 3836K, reserved 1048576K
}
2018-06-25T10:37:39.384+0200: 18,975: Total time for which application threads were stopped: 0,0326499 seconds, Stopping threads took: 0,0000403 seconds
2018-06-25T10:37:39.414+0200: 19,005: Total time for which application threads were stopped: 0,0065939 seconds, Stopping threads took: 0,0064273 seconds
2018-06-25T10:37:39.418+0200: 19,008: Total time for which application threads were stopped: 0,0007397 seconds, Stopping threads took: 0,0000519 seconds
2018-06-25T10:37:39.478+0200: 19,069: Total time for which application threads were stopped: 0,0065343 seconds, Stopping threads took: 0,0060916 seconds
2018-06-25T10:37:39.478+0200: 19,069: Total time for which application threads were stopped: 0,0001762 seconds, Stopping threads took: 0,0001144 seconds
2018-06-25T10:37:39.481+0200: 19,072: Total time for which application threads were stopped: 0,0001411 seconds, Stopping threads took: 0,0000359 seconds
2018-06-25T10:37:39.482+0200: 19,072: Total time for which application threads were stopped: 0,0001406 seconds, Stopping threads took: 0,0000343 seconds
2018-06-25T10:37:39.600+0200: 19,191: Total time for which application threads were stopped: 0,0078676 seconds, Stopping threads took: 0,0071048 seconds
2018-06-25T10:37:39.604+0200: 19,195: Total time for which application threads were stopped: 0,0003039 seconds, Stopping threads took: 0,0000969 seconds
2018-06-25T10:37:39.611+0200: 19,202: Total time for which application threads were stopped: 0,0025979 seconds, Stopping threads took: 0,0023013 seconds
{Heap before GC invocations=25 (full 1):
 par new generation   total 109248K, used 95926K [0x00000000e0000000, 0x00000000e8000000, 0x00000000e8000000)
  eden space 87424K, 100% used [0x00000000e0000000, 0x00000000e5560000, 0x00000000e5560000)
  from space 21824K,  38% used [0x00000000e6ab0000, 0x00000000e72fd9b8, 0x00000000e8000000)
  to   space 21824K,   0% used [0x00000000e5560000, 0x00000000e5560000, 0x00000000e6ab0000)
 concurrent mark-sweep generation total 393216K, used 35540K [0x00000000e8000000, 0x0000000100000000, 0x0000000100000000)
 Metaspace       used 31067K, capacity 31808K, committed 31996K, reserved 1077248K
  class space    used 3516K, capacity 3742K, committed 3836K, reserved 1048576K
2018-06-25T10:37:39.614+0200: 19,205: [GC (Allocation Failure) 2018-06-25T10:37:39.614+0200: 19,205: [ParNew
Desired survivor size 20112992 bytes, new threshold 8 (max 8)
- age   1:    1699040 bytes,    1699040 total
- age   2:    1573024 bytes,    3272064 total
- age   3:    1293704 bytes,    4565768 total
- age   4:     942584 bytes,    5508352 total
- age   5:    1090728 bytes,    6599080 total
- age   6:     901408 bytes,    7500488 total
- age   7:      79656 bytes,    7580144 total
- age   8:     132632 bytes,    7712776 total
: 95926K->9161K(109248K), 0,0208469 secs] 131466K->44999K(502464K), 0,0209721 secs] [Times: user=0,07 sys=0,00, real=0,02 secs] 
Heap after GC invocations=26 (full 1):
 par new generation   total 109248K, used 9161K [0x00000000e0000000, 0x00000000e8000000, 0x00000000e8000000)
  eden space 87424K,   0% used [0x00000000e0000000, 0x00000000e0000000, 0x00000000e5560000)
  from space 21824K,  41% used [0x00000000e5560000, 0x00000000e5e52410, 0x00000000e6ab0000)
  to   space 21824K,   0% used [0x00000000e6ab0000, 0x00000000e6ab0000, 0x00000000e8000000)
 concurrent mark-sweep generation total 393216K, used 35838K [0x00000000e8000000, 0x0000000100000000, 0x0000000100000000)
 Metaspace       used 31067K, capacity 31808K, committed 31996K, reserved 1077248K
  class space    used 3516K, capacity 3742K, committed 3836K, reserved 1048576K
}
2018-06-25T10:37:39.635+0200: 19,226: Total time for which application threads were stopped: 0,0212625 seconds, Stopping threads took: 0,0000611 seconds
{Heap before GC invocations=26 (full 1):
 par new generation   total 109248K, used 96585K [0x00000000e0000000, 0x00000000e8000000, 0x00000000e8000000)
  eden space 87424K, 100% used [0x00000000e0000000, 0x00000000e5560000, 0x00000000e5560000)
  from space 21824K,  41% used [0x00000000e5560000, 0x00000000e5e52410, 0x00000000e6ab0000)
  to   space 21824K,   0% used [0x00000000e6ab0000, 0x00000000e6ab0000, 0x00000000e8000000)
 concurrent mark-sweep generation total 393216K, used 35838K [0x00000000e8000000, 0x0000000100000000, 0x0000000100000000)
 Metaspace       used 31076K, capacity 31808K, committed 31996K, reserved 1077248K
  class space    used 3516K, capacity 3742K, committed 3836K, reserved 1048576K
2018-06-25T10:37:39.764+0200: 19,355: [GC (Allocation Failure) 2018-06-25T10:37:39.764+0200: 19,355: [ParNew
Desired survivor size 20112992 bytes, new threshold 8 (max 8)
- age   1:    1360496 bytes,    1360496 total
- age   2:    1390064 bytes,    2750560 total
- age   3:    1540240 bytes,    4290800 total
- age   4:    1260920 bytes,    5551720 total
- age   5:     942584 bytes,    6494304 total
- age   6:    1090728 bytes,    7585032 total
- age   7:     901360 bytes,    8486392 total
- age   8:      79424 bytes,    8565816 total
: 96585K->13034K(109248K), 0,0343567 secs] 132423K->49002K(502464K), 0,0346870 secs] [Times: user=0,08 sys=0,00, real=0,04 secs] 
Heap after GC invocations=27 (full 1):
 par new generation   total 109248K, used 13034K [0x00000000e0000000, 0x00000000e8000000, 0x00000000e8000000)
  eden space 87424K,   0% used [0x00000000e0000000, 0x00000000e0000000, 0x00000000e5560000)
  from space 21824K,  59% used [0x00000000e6ab0000, 0x00000000e776a900, 0x00000000e8000000)
  to   space 21824K,   0% used [0x00000000e5560000, 0x00000000e5560000, 0x00000000e6ab0000)
 concurrent mark-sweep generation total 393216K, used 35968K [0x00000000e8000000, 0x0000000100000000, 0x0000000100000000)
 Metaspace       used 31076K, capacity 31808K, committed 31996K, reserved 1077248K
  class space    used 3516K, capacity 3742K, committed 3836K, reserved 1048576K
}
2018-06-25T10:37:39.799+0200: 19,390: Total time for which application threads were stopped: 0,0352930 seconds, Stopping threads took: 0,0000487 seconds
{Heap before GC invocations=27 (full 1):
 par new generation   total 109248K, used 100435K [0x00000000e0000000, 0x00000000e8000000, 0x00000000e8000000)
  eden space 87424K,  99% used [0x00000000e0000000, 0x00000000e555a5a8, 0x00000000e5560000)
  from space 21824K,  59% used [0x00000000e6ab0000, 0x00000000e776a900, 0x00000000e8000000)
  to   space 21824K,   0% used [0x00000000e5560000, 0x00000000e5560000, 0x00000000e6ab0000)
 concurrent mark-sweep generation total 393216K, used 35968K [0x00000000e8000000, 0x0000000100000000, 0x0000000100000000)
 Metaspace       used 31086K, capacity 31808K, committed 31996K, reserved 1077248K
  class space    used 3516K, capacity 3742K, committed 3836K, reserved 1048576K
2018-06-25T10:37:39.977+0200: 19,567: [GC (Allocation Failure) 2018-06-25T10:37:39.977+0200: 19,568: [ParNew
Desired survivor size 20112992 bytes, new threshold 8 (max 8)
- age   1:    1865024 bytes,    1865024 total
- age   2:     903944 bytes,    2768968 total
- age   3:    1048296 bytes,    3817264 total
- age   4:      77600 bytes,    3894864 total
- age   5:      82408 bytes,    3977272 total
- age   6:      80840 bytes,    4058112 total
- age   7:     505552 bytes,    4563664 total
- age   8:      90584 bytes,    4654248 total
: 100435K->6510K(109248K), 0,0237645 secs] 136403K->42555K(502464K), 0,0238743 secs] [Times: user=0,06 sys=0,00, real=0,02 secs] 
Heap after GC invocations=28 (full 1):
 par new generation   total 109248K, used 6510K [0x00000000e0000000, 0x00000000e8000000, 0x00000000e8000000)
  eden space 87424K,   0% used [0x00000000e0000000, 0x00000000e0000000, 0x00000000e5560000)
  from space 21824K,  29% used [0x00000000e5560000, 0x00000000e5bbb870, 0x00000000e6ab0000)
  to   space 21824K,   0% used [0x00000000e6ab0000, 0x00000000e6ab0000, 0x00000000e8000000)
 concurrent mark-sweep generation total 393216K, used 36045K [0x00000000e8000000, 0x0000000100000000, 0x0000000100000000)
 Metaspace       used 31086K, capacity 31808K, committed 31996K, reserved 1077248K
  class space    used 3516K, capacity 3742K, committed 3836K, reserved 1048576K
}
2018-06-25T10:37:40.000+0200: 19,591: Total time for which application threads were stopped: 0,0241788 seconds, Stopping threads took: 0,0000883 seconds
{Heap before GC invocations=28 (full 1):
 par new generation   total 109248K, used 93924K [0x00000000e0000000, 0x00000000e8000000, 0x00000000e8000000)
  eden space 87424K,  99% used [0x00000000e0000000, 0x00000000e555d968, 0x00000000e5560000)
  from space 21824K,  29% used [0x00000000e5560000, 0x00000000e5bbb870, 0x00000000e6ab0000)
  to   space 21824K,   0% used [0x00000000e6ab0000, 0x00000000e6ab0000, 0x00000000e8000000)
 concurrent mark-sweep generation total 393216K, used 36045K [0x00000000e8000000, 0x0000000100000000, 0x0000000100000000)
 Metaspace       used 31088K, capacity 31808K, committed 31996K, reserved 1077248K
  class space    used 3516K, capacity 3742K, committed 3836K, reserved 1048576K
2018-06-25T10:37:40.155+0200: 19,745: [GC (Allocation Failure) 2018-06-25T10:37:40.155+0200: 19,745: [ParNew
Desired survivor size 20112992 bytes, new threshold 8 (max 8)
- age   1:    1711136 bytes,    1711136 total
- age   2:    1286392 bytes,    2997528 total
- age   3:     901616 bytes,    3899144 total
- age   4:    1045440 bytes,    4944584 total
- age   5:      77600 bytes,    5022184 total
- age   6:      82352 bytes,    5104536 total
- age   7:      79976 bytes,    5184512 total
- age   8:     505320 bytes,    5689832 total
: 93924K->5913K(109248K), 0,0200292 secs] 129970K->42047K(502464K), 0,0201161 secs] [Times: user=0,04 sys=0,00, real=0,02 secs] 
Heap after GC invocations=29 (full 1):
 par new generation   total 109248K, used 5913K [0x00000000e0000000, 0x00000000e8000000, 0x00000000e8000000)
  eden space 87424K,   0% used [0x00000000e0000000, 0x00000000e0000000, 0x00000000e5560000)
  from space 21824K,  27% used [0x00000000e6ab0000, 0x00000000e7076568, 0x00000000e8000000)
  to   space 21824K,   0% used [0x00000000e5560000, 0x00000000e5560000, 0x00000000e6ab0000)
 concurrent mark-sweep generation total 393216K, used 36134K [0x00000000e8000000, 0x0000000100000000, 0x0000000100000000)
 Metaspace       used 31088K, capacity 31808K, committed 31996K, reserved 1077248K
  class space    used 3516K, capacity 3742K, committed 3836K, reserved 1048576K
}
2018-06-25T10:37:40.175+0200: 19,766: Total time for which application threads were stopped: 0,0203600 seconds, Stopping threads took: 0,0000659 seconds
{Heap before GC invocations=29 (full 1):
 par new generation   total 109248K, used 93337K [0x00000000e0000000, 0x00000000e8000000, 0x00000000e8000000)
  eden space 87424K, 100% used [0x00000000e0000000, 0x00000000e5560000, 0x00000000e5560000)
  from space 21824K,  27% used [0x00000000e6ab0000, 0x00000000e7076568, 0x00000000e8000000)
  to   space 21824K,   0% used [0x00000000e5560000, 0x00000000e5560000, 0x00000000e6ab0000)
 concurrent mark-sweep generation total 393216K, used 36134K [0x00000000e8000000, 0x0000000100000000, 0x0000000100000000)
 Metaspace       used 31088K, capacity 31808K, committed 31996K, reserved 1077248K
  class space    used 3516K, capacity 3742K, committed 3836K, reserved 1048576K
2018-06-25T10:37:40.285+0200: 19,875: [GC (Allocation Failure) 2018-06-25T10:37:40.285+0200: 19,876: [ParNew
Desired survivor size 20112992 bytes, new threshold 8 (max 8)
- age   1:    1821664 bytes,    1821664 total
- age   2:    1064608 bytes,    2886272 total
- age   3:    1188040 bytes,    4074312 total
- age   4:     901664 bytes,    4975976 total
- age   5:    1045464 bytes,    6021440 total
- age   6:      77600 bytes,    6099040 total
- age   7:      82304 bytes,    6181344 total
- age   8:      79744 bytes,    6261088 total
: 93337K->8442K(109248K), 0,0123017 secs] 129471K->45070K(502464K), 0,0124322 secs] [Times: user=0,05 sys=0,00, real=0,02 secs] 
Heap after GC invocations=30 (full 1):
 par new generation   total 109248K, used 8442K [0x00000000e0000000, 0x00000000e8000000, 0x00000000e8000000)
  eden space 87424K,   0% used [0x00000000e0000000, 0x00000000e0000000, 0x00000000e5560000)
  from space 21824K,  38% used [0x00000000e5560000, 0x00000000e5d9ead8, 0x00000000e6ab0000)
  to   space 21824K,   0% used [0x00000000e6ab0000, 0x00000000e6ab0000, 0x00000000e8000000)
 concurrent mark-sweep generation total 393216K, used 36627K [0x00000000e8000000, 0x0000000100000000, 0x0000000100000000)
 Metaspace       used 31088K, capacity 31808K, committed 31996K, reserved 1077248K
  class space    used 3516K, capacity 3742K, committed 3836K, reserved 1048576K
}
2018-06-25T10:37:40.297+0200: 19,888: Total time for which application threads were stopped: 0,0126963 seconds, Stopping threads took: 0,0000340 seconds
{Heap before GC invocations=30 (full 1):
 par new generation   total 109248K, used 95866K [0x00000000e0000000, 0x00000000e8000000, 0x00000000e8000000)
  eden space 87424K, 100% used [0x00000000e0000000, 0x00000000e5560000, 0x00000000e5560000)
  from space 21824K,  38% used [0x00000000e5560000, 0x00000000e5d9ead8, 0x00000000e6ab0000)
  to   space 21824K,   0% used [0x00000000e6ab0000, 0x00000000e6ab0000, 0x00000000e8000000)
 concurrent mark-sweep generation total 393216K, used 36627K [0x00000000e8000000, 0x0000000100000000, 0x0000000100000000)
 Metaspace       used 31093K, capacity 31814K, committed 31996K, reserved 1077248K
  class space    used 3517K, capacity 3743K, committed 3836K, reserved 1048576K
2018-06-25T10:37:40.408+0200: 19,998: [GC (Allocation Failure) 2018-06-25T10:37:40.408+0200: 19,999: [ParNew
Desired survivor size 20112992 bytes, new threshold 8 (max 8)
- age   1:    1962328 bytes,    1962328 total
- age   2:    1056984 bytes,    3019312 total
- age   3:    1064464 bytes,    4083776 total
- age   4:    1091200 bytes,    5174976 total
- age   5:     902912 bytes,    6077888 total
- age   6:    1046904 bytes,    7124792 total
- age   7:      77552 bytes,    7202344 total
- age   8:      82072 bytes,    7284416 total
: 95866K->8747K(109248K), 0,0090029 secs] 132494K->45452K(502464K), 0,0092816 secs] [Times: user=0,02 sys=0,00, real=0,02 secs] 
Heap after GC invocations=31 (full 1):
 par new generation   total 109248K, used 8747K [0x00000000e0000000, 0x00000000e8000000, 0x00000000e8000000)
  eden space 87424K,   0% used [0x00000000e0000000, 0x00000000e0000000, 0x00000000e5560000)
  from space 21824K,  40% used [0x00000000e6ab0000, 0x00000000e733ad10, 0x00000000e8000000)
  to   space 21824K,   0% used [0x00000000e5560000, 0x00000000e5560000, 0x00000000e6ab0000)
 concurrent mark-sweep generation total 393216K, used 36705K [0x00000000e8000000, 0x0000000100000000, 0x0000000100000000)
 Metaspace       used 31093K, capacity 31814K, committed 31996K, reserved 1077248K
  class space    used 3517K, capacity 3743K, committed 3836K, reserved 1048576K
}
2018-06-25T10:37:40.417+0200: 20,008: Total time for which application threads were stopped: 0,0103637 seconds, Stopping threads took: 0,0002086 seconds
2018-06-25T10:37:40.457+0200: 20,048: Total time for which application threads were stopped: 0,0001700 seconds, Stopping threads took: 0,0000368 seconds
2018-06-25T10:37:40.463+0200: 20,054: Total time for which application threads were stopped: 0,0001050 seconds, Stopping threads took: 0,0000341 seconds
2018-06-25T10:37:40.464+0200: 20,055: Total time for which application threads were stopped: 0,0002291 seconds, Stopping threads took: 0,0000336 seconds
2018-06-25T10:37:40.470+0200: 20,061: Total time for which application threads were stopped: 0,0001465 seconds, Stopping threads took: 0,0000564 seconds
{Heap before GC invocations=31 (full 1):
 par new generation   total 109248K, used 96171K [0x00000000e0000000, 0x00000000e8000000, 0x00000000e8000000)
  eden space 87424K, 100% used [0x00000000e0000000, 0x00000000e5560000, 0x00000000e5560000)
  from space 21824K,  40% used [0x00000000e6ab0000, 0x00000000e733ad10, 0x00000000e8000000)
  to   space 21824K,   0% used [0x00000000e5560000, 0x00000000e5560000, 0x00000000e6ab0000)
 concurrent mark-sweep generation total 393216K, used 36705K [0x00000000e8000000, 0x0000000100000000, 0x0000000100000000)
 Metaspace       used 31098K, capacity 31814K, committed 31996K, reserved 1077248K
  class space    used 3517K, capacity 3743K, committed 3836K, reserved 1048576K
2018-06-25T10:37:40.519+0200: 20,110: [GC (Allocation Failure) 2018-06-25T10:37:40.520+0200: 20,110: [ParNew
Desired survivor size 20112992 bytes, new threshold 8 (max 8)
- age   1:    1682288 bytes,    1682288 total
- age   2:    1826064 bytes,    3508352 total
- age   3:     998160 bytes,    4506512 total
- age   4:    1005400 bytes,    5511912 total
- age   5:    1035264 bytes,    6547176 total
- age   6:     858776 bytes,    7405952 total
- age   7:     919168 bytes,    8325120 total
- age   8:      77320 bytes,    8402440 total
: 96171K->10849K(109248K), 0,0161502 secs] 132876K->47635K(502464K), 0,0162430 secs] [Times: user=0,06 sys=0,00, real=0,01 secs] 
Heap after GC invocations=32 (full 1):
 par new generation   total 109248K, used 10849K [0x00000000e0000000, 0x00000000e8000000, 0x00000000e8000000)
  eden space 87424K,   0% used [0x00000000e0000000, 0x00000000e0000000, 0x00000000e5560000)
  from space 21824K,  49% used [0x00000000e5560000, 0x00000000e5ff86e8, 0x00000000e6ab0000)
  to   space 21824K,   0% used [0x00000000e6ab0000, 0x00000000e6ab0000, 0x00000000e8000000)
 concurrent mark-sweep generation total 393216K, used 36785K [0x00000000e8000000, 0x0000000100000000, 0x0000000100000000)
 Metaspace       used 31098K, capacity 31814K, committed 31996K, reserved 1077248K
  class space    used 3517K, capacity 3743K, committed 3836K, reserved 1048576K
}
2018-06-25T10:37:40.536+0200: 20,127: Total time for which application threads were stopped: 0,0164760 seconds, Stopping threads took: 0,0000592 seconds
2018-06-25T10:37:40.553+0200: 20,143: Total time for which application threads were stopped: 0,0031649 seconds, Stopping threads took: 0,0030541 seconds
2018-06-25T10:37:40.555+0200: 20,146: Total time for which application threads were stopped: 0,0001665 seconds, Stopping threads took: 0,0000624 seconds
2018-06-25T10:37:40.685+0200: 20,276: Total time for which application threads were stopped: 0,0001436 seconds, Stopping threads took: 0,0000519 seconds
2018-06-25T10:37:40.710+0200: 20,301: Total time for which application threads were stopped: 0,0001471 seconds, Stopping threads took: 0,0000485 seconds
2018-06-25T10:37:40.741+0200: 20,332: Total time for which application threads were stopped: 0,0001648 seconds, Stopping threads took: 0,0000569 seconds
2018-06-25T10:37:40.741+0200: 20,332: Total time for which application threads were stopped: 0,0000999 seconds, Stopping threads took: 0,0000352 seconds
2018-06-25T10:37:40.741+0200: 20,332: Total time for which application threads were stopped: 0,0000873 seconds, Stopping threads took: 0,0000331 seconds
2018-06-25T10:37:40.742+0200: 20,332: Total time for which application threads were stopped: 0,0000903 seconds, Stopping threads took: 0,0000409 seconds
2018-06-25T10:37:40.743+0200: 20,334: Total time for which application threads were stopped: 0,0001318 seconds, Stopping threads took: 0,0000443 seconds
2018-06-25T10:37:40.744+0200: 20,335: Total time for which application threads were stopped: 0,0002328 seconds, Stopping threads took: 0,0000622 seconds
2018-06-25T10:37:40.744+0200: 20,335: Total time for which application threads were stopped: 0,0001584 seconds, Stopping threads took: 0,0000430 seconds
2018-06-25T10:37:40.745+0200: 20,336: Total time for which application threads were stopped: 0,0001060 seconds, Stopping threads took: 0,0000309 seconds
2018-06-25T10:37:40.745+0200: 20,336: Total time for which application threads were stopped: 0,0000896 seconds, Stopping threads took: 0,0000393 seconds
2018-06-25T10:37:40.745+0200: 20,336: Total time for which application threads were stopped: 0,0001105 seconds, Stopping threads took: 0,0000463 seconds
2018-06-25T10:37:40.771+0200: 20,362: Total time for which application threads were stopped: 0,0001803 seconds, Stopping threads took: 0,0000643 seconds
2018-06-25T10:37:40.772+0200: 20,362: Total time for which application threads were stopped: 0,0000913 seconds, Stopping threads took: 0,0000290 seconds
2018-06-25T10:37:40.772+0200: 20,363: Total time for which application threads were stopped: 0,0000871 seconds, Stopping threads took: 0,0000251 seconds
2018-06-25T10:37:40.772+0200: 20,363: Total time for which application threads were stopped: 0,0000781 seconds, Stopping threads took: 0,0000245 seconds
2018-06-25T10:37:40.772+0200: 20,363: Total time for which application threads were stopped: 0,0000747 seconds, Stopping threads took: 0,0000281 seconds
2018-06-25T10:37:40.772+0200: 20,363: Total time for which application threads were stopped: 0,0000750 seconds, Stopping threads took: 0,0000242 seconds
2018-06-25T10:37:40.772+0200: 20,363: Total time for which application threads were stopped: 0,0000731 seconds, Stopping threads took: 0,0000232 seconds
2018-06-25T10:37:40.772+0200: 20,363: Total time for which application threads were stopped: 0,0001083 seconds, Stopping threads took: 0,0000231 seconds
2018-06-25T10:37:40.772+0200: 20,363: Total time for which application threads were stopped: 0,0000877 seconds, Stopping threads took: 0,0000363 seconds
2018-06-25T10:37:40.773+0200: 20,363: Total time for which application threads were stopped: 0,0000744 seconds, Stopping threads took: 0,0000230 seconds
2018-06-25T10:37:40.773+0200: 20,364: Total time for which application threads were stopped: 0,0000720 seconds, Stopping threads took: 0,0000228 seconds
2018-06-25T10:37:40.773+0200: 20,364: Total time for which application threads were stopped: 0,0000777 seconds, Stopping threads took: 0,0000304 seconds
2018-06-25T10:37:40.773+0200: 20,364: Total time for which application threads were stopped: 0,0002308 seconds, Stopping threads took: 0,0000268 seconds
2018-06-25T10:37:40.786+0200: 20,377: Total time for which application threads were stopped: 0,0001767 seconds, Stopping threads took: 0,0000602 seconds
2018-06-25T10:37:40.787+0200: 20,378: Total time for which application threads were stopped: 0,0001366 seconds, Stopping threads took: 0,0000497 seconds
2018-06-25T10:37:40.787+0200: 20,378: Total time for which application threads were stopped: 0,0000924 seconds, Stopping threads took: 0,0000283 seconds
2018-06-25T10:37:40.788+0200: 20,378: Total time for which application threads were stopped: 0,0000823 seconds, Stopping threads took: 0,0000275 seconds
2018-06-25T10:37:40.790+0200: 20,380: Total time for which application threads were stopped: 0,0001445 seconds, Stopping threads took: 0,0000515 seconds
2018-06-25T10:37:40.792+0200: 20,383: Total time for which application threads were stopped: 0,0001341 seconds, Stopping threads took: 0,0000495 seconds
2018-06-25T10:37:40.794+0200: 20,385: Total time for which application threads were stopped: 0,0001538 seconds, Stopping threads took: 0,0000514 seconds
2018-06-25T10:37:40.794+0200: 20,385: Total time for which application threads were stopped: 0,0001159 seconds, Stopping threads took: 0,0000402 seconds
2018-06-25T10:37:40.799+0200: 20,390: Total time for which application threads were stopped: 0,0008540 seconds, Stopping threads took: 0,0002590 seconds
2018-06-25T10:37:40.801+0200: 20,392: Total time for which application threads were stopped: 0,0001347 seconds, Stopping threads took: 0,0000456 seconds
2018-06-25T10:37:40.801+0200: 20,392: Total time for which application threads were stopped: 0,0001110 seconds, Stopping threads took: 0,0000518 seconds
2018-06-25T10:37:40.803+0200: 20,394: Total time for which application threads were stopped: 0,0001268 seconds, Stopping threads took: 0,0000453 seconds
2018-06-25T10:37:40.805+0200: 20,395: Total time for which application threads were stopped: 0,0001100 seconds, Stopping threads took: 0,0000320 seconds
2018-06-25T10:37:40.805+0200: 20,396: Total time for which application threads were stopped: 0,0001167 seconds, Stopping threads took: 0,0000290 seconds
2018-06-25T10:37:40.806+0200: 20,397: Total time for which application threads were stopped: 0,0001975 seconds, Stopping threads took: 0,0000534 seconds
2018-06-25T10:37:40.814+0200: 20,404: Total time for which application threads were stopped: 0,0001227 seconds, Stopping threads took: 0,0000317 seconds
2018-06-25T10:37:40.815+0200: 20,406: Total time for which application threads were stopped: 0,0001060 seconds, Stopping threads took: 0,0000260 seconds
2018-06-25T10:37:40.816+0200: 20,407: Total time for which application threads were stopped: 0,0001616 seconds, Stopping threads took: 0,0000412 seconds
2018-06-25T10:37:40.816+0200: 20,407: Total time for which application threads were stopped: 0,0002680 seconds, Stopping threads took: 0,0000284 seconds
2018-06-25T10:37:41.388+0200: 20,979: Total time for which application threads were stopped: 0,0001174 seconds, Stopping threads took: 0,0000346 seconds
2018-06-25T10:37:41.389+0200: 20,979: Total time for which application threads were stopped: 0,0000443 seconds, Stopping threads took: 0,0000101 seconds
2018-06-25T10:37:41.389+0200: 20,980: Total time for which application threads were stopped: 0,0000348 seconds, Stopping threads took: 0,0000089 seconds
2018-06-25T10:37:41.389+0200: 20,980: Total time for which application threads were stopped: 0,0000329 seconds, Stopping threads took: 0,0000085 seconds
2018-06-25T10:37:41.389+0200: 20,980: Total time for which application threads were stopped: 0,0000371 seconds, Stopping threads took: 0,0000089 seconds
2018-06-25T10:37:41.392+0200: 20,983: Total time for which application threads were stopped: 0,0001307 seconds, Stopping threads took: 0,0000467 seconds
2018-06-25T10:37:41.395+0200: 20,986: Total time for which application threads were stopped: 0,0001758 seconds, Stopping threads took: 0,0000424 seconds
2018-06-25T10:37:41.395+0200: 20,986: Total time for which application threads were stopped: 0,0000622 seconds, Stopping threads took: 0,0000141 seconds
2018-06-25T10:37:41.395+0200: 20,986: Total time for which application threads were stopped: 0,0000384 seconds, Stopping threads took: 0,0000080 seconds
2018-06-25T10:37:41.396+0200: 20,987: Total time for which application threads were stopped: 0,0000499 seconds, Stopping threads took: 0,0000105 seconds
2018-06-25T10:37:42.396+0200: 21,987: Total time for which application threads were stopped: 0,0000869 seconds, Stopping threads took: 0,0000257 seconds
2018-06-25T10:37:48.771+0200: 28,362: Total time for which application threads were stopped: 0,0001336 seconds, Stopping threads took: 0,0000259 seconds
2018-06-25T10:37:48.771+0200: 28,362: Total time for which application threads were stopped: 0,0001106 seconds, Stopping threads took: 0,0000229 seconds
2018-06-25T10:37:48.772+0200: 28,363: Total time for which application threads were stopped: 0,0001252 seconds, Stopping threads took: 0,0000326 seconds
2018-06-25T10:37:48.773+0200: 28,364: Total time for which application threads were stopped: 0,0004557 seconds, Stopping threads took: 0,0000717 seconds
2018-06-25T10:37:48.777+0200: 28,367: Total time for which application threads were stopped: 0,0001555 seconds, Stopping threads took: 0,0000637 seconds
2018-06-25T10:37:49.637+0200: 29,228: Total time for which application threads were stopped: 0,0001932 seconds, Stopping threads took: 0,0000633 seconds
2018-06-25T10:37:49.688+0200: 29,278: Total time for which application threads were stopped: 0,0006076 seconds, Stopping threads took: 0,0000367 seconds
2018-06-25T10:37:49.692+0200: 29,283: Total time for which application threads were stopped: 0,0006607 seconds, Stopping threads took: 0,0000431 seconds
2018-06-25T10:37:49.707+0200: 29,298: Total time for which application threads were stopped: 0,0003344 seconds, Stopping threads took: 0,0002298 seconds
2018-06-25T10:37:49.707+0200: 29,298: Total time for which application threads were stopped: 0,0000843 seconds, Stopping threads took: 0,0000314 seconds
2018-06-25T10:37:49.708+0200: 29,299: Total time for which application threads were stopped: 0,0013416 seconds, Stopping threads took: 0,0012511 seconds
2018-06-25T10:37:49.709+0200: 29,300: Total time for which application threads were stopped: 0,0004750 seconds, Stopping threads took: 0,0003749 seconds
2018-06-25T10:37:49.711+0200: 29,301: Total time for which application threads were stopped: 0,0011233 seconds, Stopping threads took: 0,0010296 seconds
2018-06-25T10:37:49.713+0200: 29,304: Total time for which application threads were stopped: 0,0001527 seconds, Stopping threads took: 0,0000765 seconds
2018-06-25T10:37:49.714+0200: 29,304: Total time for which application threads were stopped: 0,0001665 seconds, Stopping threads took: 0,0001194 seconds
2018-06-25T10:37:49.715+0200: 29,305: Total time for which application threads were stopped: 0,0001590 seconds, Stopping threads took: 0,0000830 seconds
2018-06-25T10:37:49.719+0200: 29,310: Total time for which application threads were stopped: 0,0001548 seconds, Stopping threads took: 0,0000464 seconds
2018-06-25T10:37:49.722+0200: 29,313: Total time for which application threads were stopped: 0,0021090 seconds, Stopping threads took: 0,0020139 seconds
2018-06-25T10:37:49.725+0200: 29,316: Total time for which application threads were stopped: 0,0001455 seconds, Stopping threads took: 0,0000722 seconds
2018-06-25T10:37:49.726+0200: 29,317: Total time for which application threads were stopped: 0,0001285 seconds, Stopping threads took: 0,0000252 seconds
2018-06-25T10:37:49.727+0200: 29,318: Total time for which application threads were stopped: 0,0000637 seconds, Stopping threads took: 0,0000121 seconds
2018-06-25T10:37:49.727+0200: 29,318: Total time for which application threads were stopped: 0,0000593 seconds, Stopping threads took: 0,0000170 seconds
2018-06-25T10:37:49.727+0200: 29,318: Total time for which application threads were stopped: 0,0000604 seconds, Stopping threads took: 0,0000116 seconds
2018-06-25T10:37:49.728+0200: 29,318: Total time for which application threads were stopped: 0,0000828 seconds, Stopping threads took: 0,0000200 seconds
2018-06-25T10:37:49.728+0200: 29,319: Total time for which application threads were stopped: 0,0000522 seconds, Stopping threads took: 0,0000114 seconds
2018-06-25T10:37:49.728+0200: 29,319: Total time for which application threads were stopped: 0,0000516 seconds, Stopping threads took: 0,0000108 seconds
2018-06-25T10:37:49.728+0200: 29,319: Total time for which application threads were stopped: 0,0000517 seconds, Stopping threads took: 0,0000109 seconds
2018-06-25T10:37:49.728+0200: 29,319: Total time for which application threads were stopped: 0,0000502 seconds, Stopping threads took: 0,0000112 seconds
2018-06-25T10:37:49.728+0200: 29,319: Total time for which application threads were stopped: 0,0002277 seconds, Stopping threads took: 0,0000185 seconds
2018-06-25T10:37:49.729+0200: 29,320: Total time for which application threads were stopped: 0,0001178 seconds, Stopping threads took: 0,0000482 seconds
2018-06-25T10:37:49.729+0200: 29,320: Total time for which application threads were stopped: 0,0000756 seconds, Stopping threads took: 0,0000276 seconds
2018-06-25T10:37:49.729+0200: 29,320: Total time for which application threads were stopped: 0,0000734 seconds, Stopping threads took: 0,0000250 seconds
2018-06-25T10:37:49.730+0200: 29,320: Total time for which application threads were stopped: 0,0000616 seconds, Stopping threads took: 0,0000158 seconds
2018-06-25T10:37:49.730+0200: 29,321: Total time for which application threads were stopped: 0,0000760 seconds, Stopping threads took: 0,0000275 seconds
2018-06-25T10:37:49.730+0200: 29,321: Total time for which application threads were stopped: 0,0000567 seconds, Stopping threads took: 0,0000128 seconds
2018-06-25T10:37:49.730+0200: 29,321: Total time for which application threads were stopped: 0,0000705 seconds, Stopping threads took: 0,0000233 seconds
2018-06-25T10:37:49.730+0200: 29,321: Total time for which application threads were stopped: 0,0000585 seconds, Stopping threads took: 0,0000148 seconds
2018-06-25T10:37:49.731+0200: 29,322: Total time for which application threads were stopped: 0,0001189 seconds, Stopping threads took: 0,0000349 seconds
2018-06-25T10:37:49.731+0200: 29,322: Total time for which application threads were stopped: 0,0001408 seconds, Stopping threads took: 0,0000912 seconds
2018-06-25T10:37:49.735+0200: 29,325: Total time for which application threads were stopped: 0,0001318 seconds, Stopping threads took: 0,0000387 seconds
2018-06-25T10:37:49.735+0200: 29,326: Total time for which application threads were stopped: 0,0000706 seconds, Stopping threads took: 0,0000200 seconds
2018-06-25T10:37:49.738+0200: 29,329: Total time for which application threads were stopped: 0,0000994 seconds, Stopping threads took: 0,0000295 seconds
2018-06-25T10:37:49.738+0200: 29,329: Total time for which application threads were stopped: 0,0000417 seconds, Stopping threads took: 0,0000085 seconds
2018-06-25T10:37:50.738+0200: 30,329: Total time for which application threads were stopped: 0,0001016 seconds, Stopping threads took: 0,0000212 seconds
2018-06-25T10:37:52.569+0200: 32,159: Total time for which application threads were stopped: 0,0001944 seconds, Stopping threads took: 0,0000615 seconds
2018-06-25T10:37:52.569+0200: 32,160: Total time for which application threads were stopped: 0,0000825 seconds, Stopping threads took: 0,0000175 seconds
2018-06-25T10:37:52.585+0200: 32,175: Total time for which application threads were stopped: 0,0006690 seconds, Stopping threads took: 0,0005728 seconds
2018-06-25T10:37:52.585+0200: 32,176: Total time for which application threads were stopped: 0,0000525 seconds, Stopping threads took: 0,0000190 seconds
2018-06-25T10:37:52.593+0200: 32,184: Total time for which application threads were stopped: 0,0023986 seconds, Stopping threads took: 0,0019728 seconds
2018-06-25T10:37:52.593+0200: 32,184: Total time for which application threads were stopped: 0,0000877 seconds, Stopping threads took: 0,0000175 seconds
2018-06-25T10:37:52.617+0200: 32,208: Total time for which application threads were stopped: 0,0001308 seconds, Stopping threads took: 0,0000252 seconds
2018-06-25T10:37:52.617+0200: 32,208: Total time for which application threads were stopped: 0,0000632 seconds, Stopping threads took: 0,0000211 seconds
2018-06-25T10:38:19.284+0200: 58,875: Total time for which application threads were stopped: 0,0001823 seconds, Stopping threads took: 0,0000576 seconds
2018-06-25T10:38:19.284+0200: 58,875: Total time for which application threads were stopped: 0,0001666 seconds, Stopping threads took: 0,0000860 seconds
2018-06-25T10:38:19.289+0200: 58,880: Total time for which application threads were stopped: 0,0002530 seconds, Stopping threads took: 0,0001187 seconds
2018-06-25T10:38:19.289+0200: 58,880: Total time for which application threads were stopped: 0,0000797 seconds, Stopping threads took: 0,0000120 seconds
2018-06-25T10:38:20.289+0200: 59,880: Total time for which application threads were stopped: 0,0000911 seconds, Stopping threads took: 0,0000232 seconds
2018-06-25T10:38:20.654+0200: 60,245: Total time for which application threads were stopped: 0,0001744 seconds, Stopping threads took: 0,0000874 seconds
2018-06-25T10:38:20.654+0200: 60,245: Total time for which application threads were stopped: 0,0000701 seconds, Stopping threads took: 0,0000277 seconds
2018-06-25T10:38:20.673+0200: 60,264: Total time for which application threads were stopped: 0,0071236 seconds, Stopping threads took: 0,0069608 seconds
2018-06-25T10:38:20.673+0200: 60,264: Total time for which application threads were stopped: 0,0000801 seconds, Stopping threads took: 0,0000109 seconds
{Heap before GC invocations=32 (full 1):
 par new generation   total 109248K, used 98273K [0x00000000e0000000, 0x00000000e8000000, 0x00000000e8000000)
  eden space 87424K, 100% used [0x00000000e0000000, 0x00000000e5560000, 0x00000000e5560000)
  from space 21824K,  49% used [0x00000000e5560000, 0x00000000e5ff86e8, 0x00000000e6ab0000)
  to   space 21824K,   0% used [0x00000000e6ab0000, 0x00000000e6ab0000, 0x00000000e8000000)
 concurrent mark-sweep generation total 393216K, used 36785K [0x00000000e8000000, 0x0000000100000000, 0x0000000100000000)
 Metaspace       used 32094K, capacity 32848K, committed 33020K, reserved 1079296K
  class space    used 3608K, capacity 3826K, committed 3836K, reserved 1048576K
2018-06-25T10:38:20.673+0200: 60,264: [GC (Allocation Failure) 2018-06-25T10:38:20.673+0200: 60,264: [ParNew
Desired survivor size 20112992 bytes, new threshold 8 (max 8)
- age   1:    1313072 bytes,    1313072 total
- age   2:      80928 bytes,    1394000 total
- age   3:     103816 bytes,    1497816 total
- age   4:      80456 bytes,    1578272 total
- age   5:      85720 bytes,    1663992 total
- age   6:     351960 bytes,    2015952 total
- age   7:     275208 bytes,    2291160 total
- age   8:      84416 bytes,    2375576 total
: 98273K->4627K(109248K), 0,0340862 secs] 135059K->41488K(502464K), 0,0343910 secs] [Times: user=0,04 sys=0,00, real=0,03 secs] 
Heap after GC invocations=33 (full 1):
 par new generation   total 109248K, used 4627K [0x00000000e0000000, 0x00000000e8000000, 0x00000000e8000000)
  eden space 87424K,   0% used [0x00000000e0000000, 0x00000000e0000000, 0x00000000e5560000)
  from space 21824K,  21% used [0x00000000e6ab0000, 0x00000000e6f34c00, 0x00000000e8000000)
  to   space 21824K,   0% used [0x00000000e5560000, 0x00000000e5560000, 0x00000000e6ab0000)
 concurrent mark-sweep generation total 393216K, used 36861K [0x00000000e8000000, 0x0000000100000000, 0x0000000100000000)
 Metaspace       used 32094K, capacity 32848K, committed 33020K, reserved 1079296K
  class space    used 3608K, capacity 3826K, committed 3836K, reserved 1048576K
}
2018-06-25T10:38:20.708+0200: 60,299: Total time for which application threads were stopped: 0,0347738 seconds, Stopping threads took: 0,0000237 seconds
2018-06-25T10:38:20.749+0200: 60,340: Total time for which application threads were stopped: 0,0001624 seconds, Stopping threads took: 0,0000570 seconds
2018-06-25T10:38:20.750+0200: 60,341: Total time for which application threads were stopped: 0,0001302 seconds, Stopping threads took: 0,0000298 seconds
2018-06-25T10:38:20.753+0200: 60,344: Total time for which application threads were stopped: 0,0004368 seconds, Stopping threads took: 0,0001011 seconds
2018-06-25T10:38:20.758+0200: 60,349: Total time for which application threads were stopped: 0,0001763 seconds, Stopping threads took: 0,0000881 seconds
2018-06-25T10:38:20.758+0200: 60,349: Total time for which application threads were stopped: 0,0002345 seconds, Stopping threads took: 0,0000441 seconds
2018-06-25T10:38:20.776+0200: 60,367: Total time for which application threads were stopped: 0,0001638 seconds, Stopping threads took: 0,0000238 seconds
2018-06-25T10:38:20.777+0200: 60,368: Total time for which application threads were stopped: 0,0004050 seconds, Stopping threads took: 0,0000575 seconds
2018-06-25T10:38:20.783+0200: 60,374: Total time for which application threads were stopped: 0,0001298 seconds, Stopping threads took: 0,0000434 seconds
2018-06-25T10:38:20.783+0200: 60,374: Total time for which application threads were stopped: 0,0000621 seconds, Stopping threads took: 0,0000187 seconds
2018-06-25T10:38:21.784+0200: 61,375: Total time for which application threads were stopped: 0,0001101 seconds, Stopping threads took: 0,0000264 seconds
2018-06-25T10:38:22.011+0200: 61,602: Total time for which application threads were stopped: 0,0001306 seconds, Stopping threads took: 0,0000443 seconds
2018-06-25T10:38:22.012+0200: 61,603: Total time for which application threads were stopped: 0,0001645 seconds, Stopping threads took: 0,0000707 seconds
2018-06-25T10:38:22.013+0200: 61,604: Total time for which application threads were stopped: 0,0001458 seconds, Stopping threads took: 0,0000826 seconds
2018-06-25T10:38:22.013+0200: 61,604: Total time for which application threads were stopped: 0,0000829 seconds, Stopping threads took: 0,0000392 seconds
2018-06-25T10:38:22.023+0200: 61,614: Total time for which application threads were stopped: 0,0000838 seconds, Stopping threads took: 0,0000197 seconds
2018-06-25T10:38:22.023+0200: 61,614: Total time for which application threads were stopped: 0,0000404 seconds, Stopping threads took: 0,0000081 seconds
2018-06-25T10:38:22.023+0200: 61,614: Total time for which application threads were stopped: 0,0000530 seconds, Stopping threads took: 0,0000269 seconds
2018-06-25T10:38:22.023+0200: 61,614: Total time for which application threads were stopped: 0,0000393 seconds, Stopping threads took: 0,0000130 seconds
2018-06-25T10:38:22.023+0200: 61,614: Total time for which application threads were stopped: 0,0000474 seconds, Stopping threads took: 0,0000209 seconds
2018-06-25T10:38:22.024+0200: 61,615: Total time for which application threads were stopped: 0,0000929 seconds, Stopping threads took: 0,0000369 seconds
2018-06-25T10:38:22.024+0200: 61,615: Total time for which application threads were stopped: 0,0000487 seconds, Stopping threads took: 0,0000140 seconds
2018-06-25T10:38:22.026+0200: 61,617: Total time for which application threads were stopped: 0,0002099 seconds, Stopping threads took: 0,0000743 seconds
2018-06-25T10:38:22.026+0200: 61,617: Total time for which application threads were stopped: 0,0000670 seconds, Stopping threads took: 0,0000191 seconds
2018-06-25T10:38:22.034+0200: 61,624: Total time for which application threads were stopped: 0,0006618 seconds, Stopping threads took: 0,0005693 seconds
2018-06-25T10:38:22.034+0200: 61,625: Total time for which application threads were stopped: 0,0001024 seconds, Stopping threads took: 0,0000213 seconds
2018-06-25T10:38:23.034+0200: 62,625: Total time for which application threads were stopped: 0,0001107 seconds, Stopping threads took: 0,0000288 seconds
2018-06-25T10:38:24.076+0200: 63,667: Total time for which application threads were stopped: 0,0007388 seconds, Stopping threads took: 0,0003393 seconds
2018-06-25T10:38:24.076+0200: 63,667: Total time for which application threads were stopped: 0,0004105 seconds, Stopping threads took: 0,0000927 seconds
2018-06-25T10:38:24.078+0200: 63,669: Total time for which application threads were stopped: 0,0001311 seconds, Stopping threads took: 0,0000606 seconds
2018-06-25T10:38:24.078+0200: 63,669: Total time for which application threads were stopped: 0,0000740 seconds, Stopping threads took: 0,0000285 seconds
2018-06-25T10:38:24.091+0200: 63,681: Total time for which application threads were stopped: 0,0007818 seconds, Stopping threads took: 0,0006197 seconds
2018-06-25T10:38:24.091+0200: 63,682: Total time for which application threads were stopped: 0,0000746 seconds, Stopping threads took: 0,0000128 seconds
2018-06-25T10:38:24.094+0200: 63,685: Total time for which application threads were stopped: 0,0001402 seconds, Stopping threads took: 0,0000427 seconds
2018-06-25T10:38:24.094+0200: 63,685: Total time for which application threads were stopped: 0,0000951 seconds, Stopping threads took: 0,0000260 seconds
2018-06-25T10:38:24.094+0200: 63,685: Total time for which application threads were stopped: 0,0000589 seconds, Stopping threads took: 0,0000178 seconds
2018-06-25T10:38:24.112+0200: 63,703: Total time for which application threads were stopped: 0,0001900 seconds, Stopping threads took: 0,0000453 seconds
2018-06-25T10:38:24.112+0200: 63,703: Total time for which application threads were stopped: 0,0000827 seconds, Stopping threads took: 0,0000154 seconds
2018-06-25T10:38:25.814+0200: 65,405: Total time for which application threads were stopped: 0,0001454 seconds, Stopping threads took: 0,0000261 seconds
2018-06-25T10:38:25.814+0200: 65,405: Total time for which application threads were stopped: 0,0001157 seconds, Stopping threads took: 0,0000217 seconds
2018-06-25T10:38:25.816+0200: 65,407: Total time for which application threads were stopped: 0,0002687 seconds, Stopping threads took: 0,0000431 seconds
2018-06-25T10:38:25.816+0200: 65,407: Total time for which application threads were stopped: 0,0001866 seconds, Stopping threads took: 0,0000290 seconds
2018-06-25T10:38:25.818+0200: 65,409: Total time for which application threads were stopped: 0,0002470 seconds, Stopping threads took: 0,0000380 seconds
2018-06-25T10:38:27.034+0200: 66,625: Total time for which application threads were stopped: 0,0001412 seconds, Stopping threads took: 0,0000261 seconds
2018-06-25T10:38:27.034+0200: 66,625: Total time for which application threads were stopped: 0,0000800 seconds, Stopping threads took: 0,0000124 seconds
2018-06-25T10:38:27.038+0200: 66,629: Total time for which application threads were stopped: 0,0001062 seconds, Stopping threads took: 0,0000227 seconds
2018-06-25T10:38:27.039+0200: 66,630: Total time for which application threads were stopped: 0,0005368 seconds, Stopping threads took: 0,0004286 seconds
2018-06-25T10:38:28.039+0200: 67,630: Total time for which application threads were stopped: 0,0000793 seconds, Stopping threads took: 0,0000200 seconds
2018-06-25T10:38:28.246+0200: 67,837: Total time for which application threads were stopped: 0,0020397 seconds, Stopping threads took: 0,0018917 seconds
2018-06-25T10:38:28.247+0200: 67,837: Total time for which application threads were stopped: 0,0001159 seconds, Stopping threads took: 0,0000235 seconds
2018-06-25T10:38:28.257+0200: 67,848: Total time for which application threads were stopped: 0,0002720 seconds, Stopping threads took: 0,0001513 seconds
2018-06-25T10:38:28.257+0200: 67,848: Total time for which application threads were stopped: 0,0000634 seconds, Stopping threads took: 0,0000094 seconds
2018-06-25T10:38:29.258+0200: 68,849: Total time for which application threads were stopped: 0,0000900 seconds, Stopping threads took: 0,0000203 seconds
2018-06-25T10:38:29.774+0200: 69,365: Total time for which application threads were stopped: 0,0004252 seconds, Stopping threads took: 0,0000428 seconds
2018-06-25T10:38:29.775+0200: 69,366: Total time for which application threads were stopped: 0,0007952 seconds, Stopping threads took: 0,0000846 seconds
2018-06-25T10:38:29.788+0200: 69,379: Total time for which application threads were stopped: 0,0001479 seconds, Stopping threads took: 0,0000324 seconds
2018-06-25T10:38:29.789+0200: 69,379: Total time for which application threads were stopped: 0,0000618 seconds, Stopping threads took: 0,0000101 seconds
2018-06-25T10:38:29.830+0200: 69,421: Total time for which application threads were stopped: 0,0053832 seconds, Stopping threads took: 0,0051281 seconds
2018-06-25T10:38:29.831+0200: 69,422: Total time for which application threads were stopped: 0,0007205 seconds, Stopping threads took: 0,0005718 seconds
2018-06-25T10:38:29.835+0200: 69,426: Total time for which application threads were stopped: 0,0002681 seconds, Stopping threads took: 0,0001039 seconds
2018-06-25T10:38:29.840+0200: 69,430: Total time for which application threads were stopped: 0,0006416 seconds, Stopping threads took: 0,0001059 seconds
2018-06-25T10:38:29.860+0200: 69,451: Total time for which application threads were stopped: 0,0021739 seconds, Stopping threads took: 0,0017398 seconds
2018-06-25T10:38:29.861+0200: 69,452: Total time for which application threads were stopped: 0,0004343 seconds, Stopping threads took: 0,0000641 seconds
2018-06-25T10:38:30.675+0200: 70,266: Total time for which application threads were stopped: 0,0001869 seconds, Stopping threads took: 0,0000367 seconds
2018-06-25T10:38:30.675+0200: 70,266: Total time for which application threads were stopped: 0,0000748 seconds, Stopping threads took: 0,0000139 seconds
2018-06-25T10:38:30.685+0200: 70,276: Total time for which application threads were stopped: 0,0012729 seconds, Stopping threads took: 0,0005711 seconds
2018-06-25T10:38:30.686+0200: 70,277: Total time for which application threads were stopped: 0,0008762 seconds, Stopping threads took: 0,0002168 seconds
2018-06-25T10:38:31.617+0200: 71,208: Total time for which application threads were stopped: 0,0001260 seconds, Stopping threads took: 0,0000338 seconds
2018-06-25T10:38:31.618+0200: 71,208: Total time for which application threads were stopped: 0,0000800 seconds, Stopping threads took: 0,0000139 seconds
2018-06-25T10:38:31.619+0200: 71,210: Total time for which application threads were stopped: 0,0001718 seconds, Stopping threads took: 0,0000547 seconds
2018-06-25T10:38:31.620+0200: 71,211: Total time for which application threads were stopped: 0,0001479 seconds, Stopping threads took: 0,0000417 seconds
2018-06-25T10:38:32.860+0200: 72,451: Total time for which application threads were stopped: 0,0003173 seconds, Stopping threads took: 0,0002039 seconds
2018-06-25T10:38:32.860+0200: 72,451: Total time for which application threads were stopped: 0,0001037 seconds, Stopping threads took: 0,0000096 seconds
2018-06-25T10:38:32.861+0200: 72,452: Total time for which application threads were stopped: 0,0001097 seconds, Stopping threads took: 0,0000183 seconds
2018-06-25T10:38:32.861+0200: 72,452: Total time for which application threads were stopped: 0,0000931 seconds, Stopping threads took: 0,0000154 seconds
2018-06-25T10:38:32.863+0200: 72,454: Total time for which application threads were stopped: 0,0001919 seconds, Stopping threads took: 0,0000632 seconds
2018-06-25T10:38:32.863+0200: 72,454: Total time for which application threads were stopped: 0,0001121 seconds, Stopping threads took: 0,0000357 seconds
2018-06-25T10:38:32.871+0200: 72,462: Total time for which application threads were stopped: 0,0021789 seconds, Stopping threads took: 0,0020946 seconds
2018-06-25T10:38:32.872+0200: 72,463: Total time for which application threads were stopped: 0,0001184 seconds, Stopping threads took: 0,0000542 seconds
2018-06-25T10:38:34.188+0200: 73,779: Total time for which application threads were stopped: 0,0001606 seconds, Stopping threads took: 0,0000264 seconds
2018-06-25T10:38:34.188+0200: 73,779: Total time for which application threads were stopped: 0,0001831 seconds, Stopping threads took: 0,0000363 seconds
2018-06-25T10:38:34.191+0200: 73,782: Total time for which application threads were stopped: 0,0001625 seconds, Stopping threads took: 0,0000552 seconds
2018-06-25T10:38:34.191+0200: 73,782: Total time for which application threads were stopped: 0,0001105 seconds, Stopping threads took: 0,0000341 seconds
2018-06-25T10:38:34.285+0200: 73,876: Total time for which application threads were stopped: 0,0009170 seconds, Stopping threads took: 0,0002520 seconds
2018-06-25T10:38:34.286+0200: 73,877: Total time for which application threads were stopped: 0,0005074 seconds, Stopping threads took: 0,0000745 seconds
2018-06-25T10:38:34.290+0200: 73,881: Total time for which application threads were stopped: 0,0003819 seconds, Stopping threads took: 0,0000733 seconds
2018-06-25T10:38:34.291+0200: 73,882: Total time for which application threads were stopped: 0,0003661 seconds, Stopping threads took: 0,0000294 seconds
2018-06-25T10:38:34.291+0200: 73,882: Total time for which application threads were stopped: 0,0003252 seconds, Stopping threads took: 0,0000255 seconds
2018-06-25T10:38:36.291+0200: 75,882: Total time for which application threads were stopped: 0,0000922 seconds, Stopping threads took: 0,0000238 seconds
2018-06-25T10:38:38.875+0200: 78,466: Total time for which application threads were stopped: 0,0021464 seconds, Stopping threads took: 0,0019993 seconds
2018-06-25T10:38:38.875+0200: 78,466: Total time for which application threads were stopped: 0,0001203 seconds, Stopping threads took: 0,0000199 seconds
2018-06-25T10:38:38.876+0200: 78,466: Total time for which application threads were stopped: 0,0000924 seconds, Stopping threads took: 0,0000128 seconds
2018-06-25T10:38:38.886+0200: 78,476: Total time for which application threads were stopped: 0,0028402 seconds, Stopping threads took: 0,0023715 seconds
2018-06-25T10:38:38.887+0200: 78,478: Total time for which application threads were stopped: 0,0007111 seconds, Stopping threads took: 0,0001031 seconds
2018-06-25T10:38:38.887+0200: 78,478: Total time for which application threads were stopped: 0,0003526 seconds, Stopping threads took: 0,0000416 seconds
2018-06-25T10:38:39.840+0200: 79,431: Total time for which application threads were stopped: 0,0009574 seconds, Stopping threads took: 0,0003502 seconds
2018-06-25T10:38:39.842+0200: 79,433: Total time for which application threads were stopped: 0,0015395 seconds, Stopping threads took: 0,0009829 seconds
2018-06-25T10:38:39.843+0200: 79,434: Total time for which application threads were stopped: 0,0004447 seconds, Stopping threads took: 0,0000617 seconds
2018-06-25T10:38:40.843+0200: 80,434: Total time for which application threads were stopped: 0,0000867 seconds, Stopping threads took: 0,0000201 seconds
2018-06-25T10:38:44.844+0200: 84,435: Total time for which application threads were stopped: 0,0000797 seconds, Stopping threads took: 0,0000205 seconds
2018-06-25T10:39:02.198+0200: 101,789: Total time for which application threads were stopped: 0,0006863 seconds, Stopping threads took: 0,0000282 seconds
2018-06-25T10:39:03.198+0200: 102,789: Total time for which application threads were stopped: 0,0001000 seconds, Stopping threads took: 0,0000280 seconds
2018-06-25T10:39:04.198+0200: 103,789: Total time for which application threads were stopped: 0,0000975 seconds, Stopping threads took: 0,0000268 seconds
2018-06-25T10:39:34.850+0200: 134,441: Total time for which application threads were stopped: 0,0001162 seconds, Stopping threads took: 0,0000404 seconds
2018-06-25T10:39:39.851+0200: 139,442: Total time for which application threads were stopped: 0,0002007 seconds, Stopping threads took: 0,0000521 seconds
2018-06-25T10:39:39.854+0200: 139,445: Total time for which application threads were stopped: 0,0001907 seconds, Stopping threads took: 0,0000459 seconds
2018-06-25T10:39:40.854+0200: 140,445: Total time for which application threads were stopped: 0,0001957 seconds, Stopping threads took: 0,0000671 seconds
2018-06-25T10:39:46.855+0200: 146,446: Total time for which application threads were stopped: 0,0000961 seconds, Stopping threads took: 0,0000221 seconds
2018-06-25T10:39:48.499+0200: 148,090: Total time for which application threads were stopped: 0,0001711 seconds, Stopping threads took: 0,0000387 seconds
2018-06-25T10:39:48.511+0200: 148,102: Total time for which application threads were stopped: 0,0003595 seconds, Stopping threads took: 0,0002414 seconds
2018-06-25T10:39:48.529+0200: 148,120: Total time for which application threads were stopped: 0,0001108 seconds, Stopping threads took: 0,0000311 seconds
2018-06-25T10:39:48.529+0200: 148,120: Total time for which application threads were stopped: 0,0000691 seconds, Stopping threads took: 0,0000295 seconds
2018-06-25T10:39:48.529+0200: 148,120: Total time for which application threads were stopped: 0,0000629 seconds, Stopping threads took: 0,0000279 seconds
2018-06-25T10:39:52.530+0200: 152,121: Total time for which application threads were stopped: 0,0000958 seconds, Stopping threads took: 0,0000239 seconds
2018-06-25T10:39:59.531+0200: 159,122: Total time for which application threads were stopped: 0,0000911 seconds, Stopping threads took: 0,0000201 seconds
2018-06-25T10:40:03.490+0200: 163,081: Total time for which application threads were stopped: 0,0000827 seconds, Stopping threads took: 0,0000174 seconds
2018-06-25T10:40:03.490+0200: 163,081: Total time for which application threads were stopped: 0,0000470 seconds, Stopping threads took: 0,0000157 seconds
2018-06-25T10:40:03.668+0200: 163,258: Total time for which application threads were stopped: 0,0001050 seconds, Stopping threads took: 0,0000246 seconds
2018-06-25T10:40:03.668+0200: 163,259: Total time for which application threads were stopped: 0,0000806 seconds, Stopping threads took: 0,0000419 seconds
2018-06-25T10:40:03.669+0200: 163,260: Total time for which application threads were stopped: 0,0001196 seconds, Stopping threads took: 0,0000453 seconds
2018-06-25T10:40:03.669+0200: 163,260: Total time for which application threads were stopped: 0,0000563 seconds, Stopping threads took: 0,0000128 seconds
2018-06-25T10:40:03.669+0200: 163,260: Total time for which application threads were stopped: 0,0000685 seconds, Stopping threads took: 0,0000280 seconds
2018-06-25T10:40:04.669+0200: 164,260: Total time for which application threads were stopped: 0,0000895 seconds, Stopping threads took: 0,0000205 seconds
2018-06-25T10:40:21.672+0200: 181,262: Total time for which application threads were stopped: 0,0001080 seconds, Stopping threads took: 0,0000244 seconds
2018-06-25T10:40:29.672+0200: 189,263: Total time for which application threads were stopped: 0,0001069 seconds, Stopping threads took: 0,0000266 seconds
2018-06-25T10:40:34.673+0200: 194,264: Total time for which application threads were stopped: 0,0000878 seconds, Stopping threads took: 0,0000200 seconds
2018-06-25T10:41:11.679+0200: 231,270: Total time for which application threads were stopped: 0,0001007 seconds, Stopping threads took: 0,0000350 seconds
2018-06-25T10:41:21.505+0200: 241,095: Total time for which application threads were stopped: 0,0001209 seconds, Stopping threads took: 0,0000258 seconds
2018-06-25T10:41:32.506+0200: 252,097: Total time for which application threads were stopped: 0,0002521 seconds, Stopping threads took: 0,0000807 seconds
2018-06-25T10:42:42.517+0200: 322,108: Total time for which application threads were stopped: 0,0001394 seconds, Stopping threads took: 0,0000363 seconds
2018-06-25T10:44:48.534+0200: 448,125: Total time for which application threads were stopped: 0,0001468 seconds, Stopping threads took: 0,0000410 seconds
2018-06-25T10:44:48.596+0200: 448,187: Total time for which application threads were stopped: 0,0000951 seconds, Stopping threads took: 0,0000209 seconds
2018-06-25T10:44:48.597+0200: 448,188: Total time for which application threads were stopped: 0,0001782 seconds, Stopping threads took: 0,0001054 seconds
2018-06-25T10:45:23.056+0200: 482,647: Total time for which application threads were stopped: 0,0001282 seconds, Stopping threads took: 0,0000442 seconds
2018-06-25T10:45:24.056+0200: 483,647: Total time for which application threads were stopped: 0,0001079 seconds, Stopping threads took: 0,0000241 seconds
2018-06-25T10:45:41.059+0200: 500,650: Total time for which application threads were stopped: 0,0006795 seconds, Stopping threads took: 0,0001708 seconds
2018-06-25T10:45:46.059+0200: 505,650: Total time for which application threads were stopped: 0,0001520 seconds, Stopping threads took: 0,0000295 seconds
2018-06-25T10:53:16.907+0200: 956,498: Total time for which application threads were stopped: 0,0001293 seconds, Stopping threads took: 0,0000453 seconds
2018-06-25T10:53:16.907+0200: 956,498: Total time for which application threads were stopped: 0,0000722 seconds, Stopping threads took: 0,0000146 seconds
2018-06-25T10:53:16.908+0200: 956,499: Total time for which application threads were stopped: 0,0001146 seconds, Stopping threads took: 0,0000277 seconds
2018-06-25T10:53:34.910+0200: 974,501: Total time for which application threads were stopped: 0,0000878 seconds, Stopping threads took: 0,0000206 seconds
2018-06-25T10:53:55.913+0200: 995,503: Total time for which application threads were stopped: 0,0001265 seconds, Stopping threads took: 0,0000476 seconds
2018-06-25T10:54:25.812+0200: 1025,403: Total time for which application threads were stopped: 0,0002525 seconds, Stopping threads took: 0,0000639 seconds
2018-06-25T10:54:26.812+0200: 1026,403: Total time for which application threads were stopped: 0,0001269 seconds, Stopping threads took: 0,0000315 seconds
2018-06-25T10:54:29.813+0200: 1029,404: Total time for which application threads were stopped: 0,0000938 seconds, Stopping threads took: 0,0000237 seconds
2018-06-25T11:03:45.884+0200: 1585,475: Total time for which application threads were stopped: 0,0001441 seconds, Stopping threads took: 0,0000423 seconds
2018-06-25T11:05:44.901+0200: 1704,492: Total time for which application threads were stopped: 0,0003004 seconds, Stopping threads took: 0,0001139 seconds
2018-06-25T11:06:06.904+0200: 1726,495: Total time for which application threads were stopped: 0,0001594 seconds, Stopping threads took: 0,0000757 seconds
2018-06-25T11:23:52.051+0200: 2791,642: Total time for which application threads were stopped: 0,0001048 seconds, Stopping threads took: 0,0000390 seconds
2018-06-25T11:30:42.107+0200: 3201,698: Total time for which application threads were stopped: 0,0001102 seconds, Stopping threads took: 0,0000391 seconds
2018-06-25T11:37:47.163+0200: 3626,754: Total time for which application threads were stopped: 0,0001749 seconds, Stopping threads took: 0,0000608 seconds
2018-06-25T11:40:25.186+0200: 3784,777: Total time for which application threads were stopped: 0,0001075 seconds, Stopping threads took: 0,0000390 seconds
2018-06-25T11:49:12.267+0200: 4311,858: Total time for which application threads were stopped: 0,0000993 seconds, Stopping threads took: 0,0000374 seconds
2018-06-25T11:56:52.340+0200: 4771,931: Total time for which application threads were stopped: 0,0002316 seconds, Stopping threads took: 0,0000694 seconds
2018-06-25T12:21:21.552+0200: 6241,142: Total time for which application threads were stopped: 0,0001455 seconds, Stopping threads took: 0,0000522 seconds
2018-06-25T12:22:09.558+0200: 6289,149: Total time for which application threads were stopped: 0,0001335 seconds, Stopping threads took: 0,0000351 seconds
2018-06-25T12:26:21.593+0200: 6541,184: Total time for which application threads were stopped: 0,0001067 seconds, Stopping threads took: 0,0000362 seconds
2018-06-25T12:27:40.602+0200: 6620,193: Total time for which application threads were stopped: 0,0001251 seconds, Stopping threads took: 0,0000482 seconds
2018-06-25T12:27:48.603+0200: 6628,194: Total time for which application threads were stopped: 0,0001210 seconds, Stopping threads took: 0,0000350 seconds
2018-06-25T12:27:49.603+0200: 6629,194: Total time for which application threads were stopped: 0,0000968 seconds, Stopping threads took: 0,0000243 seconds
2018-06-25T12:28:38.608+0200: 6678,199: Total time for which application threads were stopped: 0,0001190 seconds, Stopping threads took: 0,0000409 seconds
2018-06-25T12:28:39.608+0200: 6679,199: Total time for which application threads were stopped: 0,0001172 seconds, Stopping threads took: 0,0000213 seconds
2018-06-25T12:28:43.107+0200: 6682,698: Total time for which application threads were stopped: 0,0001657 seconds, Stopping threads took: 0,0000321 seconds
2018-06-25T12:28:43.113+0200: 6682,704: Total time for which application threads were stopped: 0,0006526 seconds, Stopping threads took: 0,0004561 seconds
2018-06-25T12:28:44.113+0200: 6683,704: Total time for which application threads were stopped: 0,0001250 seconds, Stopping threads took: 0,0000301 seconds
2018-06-25T12:28:46.114+0200: 6685,705: Total time for which application threads were stopped: 0,0002009 seconds, Stopping threads took: 0,0000403 seconds
2018-06-25T12:28:58.105+0200: 6697,696: Total time for which application threads were stopped: 0,0002037 seconds, Stopping threads took: 0,0000882 seconds
2018-06-25T12:28:58.202+0200: 6697,792: Total time for which application threads were stopped: 0,0001558 seconds, Stopping threads took: 0,0000642 seconds
2018-06-25T12:28:58.202+0200: 6697,793: Total time for which application threads were stopped: 0,0001104 seconds, Stopping threads took: 0,0000583 seconds
2018-06-25T12:28:58.202+0200: 6697,793: Total time for which application threads were stopped: 0,0000424 seconds, Stopping threads took: 0,0000109 seconds
2018-06-25T12:29:45.664+0200: 6745,255: Total time for which application threads were stopped: 0,0002802 seconds, Stopping threads took: 0,0000986 seconds
2018-06-25T12:29:45.675+0200: 6745,266: Total time for which application threads were stopped: 0,0002027 seconds, Stopping threads took: 0,0000456 seconds
2018-06-25T12:39:18.903+0200: 7318,494: Total time for which application threads were stopped: 0,0006424 seconds, Stopping threads took: 0,0000280 seconds
2018-06-25T12:39:18.904+0200: 7318,495: Total time for which application threads were stopped: 0,0006577 seconds, Stopping threads took: 0,0000249 seconds
2018-06-25T12:39:18.909+0200: 7318,500: Total time for which application threads were stopped: 0,0001252 seconds, Stopping threads took: 0,0000348 seconds
2018-06-25T12:39:18.917+0200: 7318,507: Total time for which application threads were stopped: 0,0038952 seconds, Stopping threads took: 0,0038081 seconds
2018-06-25T12:39:18.917+0200: 7318,508: Total time for which application threads were stopped: 0,0000976 seconds, Stopping threads took: 0,0000411 seconds
2018-06-25T12:39:18.918+0200: 7318,509: Total time for which application threads were stopped: 0,0001111 seconds, Stopping threads took: 0,0000346 seconds
2018-06-25T12:39:18.930+0200: 7318,521: Total time for which application threads were stopped: 0,0002079 seconds, Stopping threads took: 0,0000565 seconds
2018-06-25T12:39:18.933+0200: 7318,524: Total time for which application threads were stopped: 0,0001251 seconds, Stopping threads took: 0,0000395 seconds
2018-06-25T12:39:18.935+0200: 7318,526: Total time for which application threads were stopped: 0,0022180 seconds, Stopping threads took: 0,0021559 seconds
2018-06-25T12:39:18.937+0200: 7318,528: Total time for which application threads were stopped: 0,0001532 seconds, Stopping threads took: 0,0000868 seconds
2018-06-25T12:39:18.937+0200: 7318,528: Total time for which application threads were stopped: 0,0001357 seconds, Stopping threads took: 0,0000764 seconds
2018-06-25T12:39:18.938+0200: 7318,528: Total time for which application threads were stopped: 0,0002093 seconds, Stopping threads took: 0,0000603 seconds
2018-06-25T12:39:18.938+0200: 7318,529: Total time for which application threads were stopped: 0,0000605 seconds, Stopping threads took: 0,0000311 seconds
2018-06-25T12:39:18.938+0200: 7318,529: Total time for which application threads were stopped: 0,0000751 seconds, Stopping threads took: 0,0000424 seconds
2018-06-25T12:39:18.938+0200: 7318,529: Total time for which application threads were stopped: 0,0000955 seconds, Stopping threads took: 0,0000388 seconds
2018-06-25T12:39:18.938+0200: 7318,529: Total time for which application threads were stopped: 0,0000683 seconds, Stopping threads took: 0,0000299 seconds
2018-06-25T12:39:18.939+0200: 7318,530: Total time for which application threads were stopped: 0,0000905 seconds, Stopping threads took: 0,0000430 seconds
2018-06-25T12:39:18.941+0200: 7318,531: Total time for which application threads were stopped: 0,0001105 seconds, Stopping threads took: 0,0000199 seconds
2018-06-25T12:39:18.941+0200: 7318,532: Total time for which application threads were stopped: 0,0000585 seconds, Stopping threads took: 0,0000172 seconds
2018-06-25T12:39:18.943+0200: 7318,534: Total time for which application threads were stopped: 0,0025252 seconds, Stopping threads took: 0,0024544 seconds
2018-06-25T12:39:18.944+0200: 7318,535: Total time for which application threads were stopped: 0,0001066 seconds, Stopping threads took: 0,0000472 seconds
2018-06-25T12:39:18.944+0200: 7318,535: Total time for which application threads were stopped: 0,0000687 seconds, Stopping threads took: 0,0000205 seconds
2018-06-25T12:39:18.944+0200: 7318,535: Total time for which application threads were stopped: 0,0000756 seconds, Stopping threads took: 0,0000396 seconds
2018-06-25T12:39:18.945+0200: 7318,535: Total time for which application threads were stopped: 0,0000666 seconds, Stopping threads took: 0,0000318 seconds
2018-06-25T12:39:18.945+0200: 7318,536: Total time for which application threads were stopped: 0,0000986 seconds, Stopping threads took: 0,0000554 seconds
2018-06-25T12:39:18.948+0200: 7318,539: Total time for which application threads were stopped: 0,0000947 seconds, Stopping threads took: 0,0000181 seconds
2018-06-25T12:39:18.948+0200: 7318,539: Total time for which application threads were stopped: 0,0000624 seconds, Stopping threads took: 0,0000275 seconds
2018-06-25T12:39:18.948+0200: 7318,539: Total time for which application threads were stopped: 0,0000604 seconds, Stopping threads took: 0,0000189 seconds
2018-06-25T12:39:18.948+0200: 7318,539: Total time for which application threads were stopped: 0,0000599 seconds, Stopping threads took: 0,0000314 seconds
2018-06-25T12:39:18.948+0200: 7318,539: Total time for which application threads were stopped: 0,0000371 seconds, Stopping threads took: 0,0000096 seconds
2018-06-25T12:39:18.948+0200: 7318,539: Total time for which application threads were stopped: 0,0000463 seconds, Stopping threads took: 0,0000177 seconds
2018-06-25T12:39:18.949+0200: 7318,539: Total time for which application threads were stopped: 0,0000460 seconds, Stopping threads took: 0,0000215 seconds
2018-06-25T12:39:18.949+0200: 7318,539: Total time for which application threads were stopped: 0,0000296 seconds, Stopping threads took: 0,0000077 seconds
2018-06-25T12:39:18.949+0200: 7318,540: Total time for which application threads were stopped: 0,0000548 seconds, Stopping threads took: 0,0000309 seconds
2018-06-25T12:39:18.949+0200: 7318,540: Total time for which application threads were stopped: 0,0000453 seconds, Stopping threads took: 0,0000214 seconds
2018-06-25T12:39:18.949+0200: 7318,540: Total time for which application threads were stopped: 0,0000486 seconds, Stopping threads took: 0,0000229 seconds
2018-06-25T12:39:18.949+0200: 7318,540: Total time for which application threads were stopped: 0,0000535 seconds, Stopping threads took: 0,0000249 seconds
2018-06-25T12:39:18.949+0200: 7318,540: Total time for which application threads were stopped: 0,0000472 seconds, Stopping threads took: 0,0000189 seconds
2018-06-25T12:39:18.950+0200: 7318,541: Total time for which application threads were stopped: 0,0000933 seconds, Stopping threads took: 0,0000321 seconds
2018-06-25T12:39:18.950+0200: 7318,541: Total time for which application threads were stopped: 0,0001511 seconds, Stopping threads took: 0,0000207 seconds
2018-06-25T12:39:18.951+0200: 7318,542: Total time for which application threads were stopped: 0,0000804 seconds, Stopping threads took: 0,0000343 seconds
2018-06-25T12:39:18.951+0200: 7318,542: Total time for which application threads were stopped: 0,0000463 seconds, Stopping threads took: 0,0000159 seconds
2018-06-25T12:39:18.951+0200: 7318,542: Total time for which application threads were stopped: 0,0000349 seconds, Stopping threads took: 0,0000099 seconds
2018-06-25T12:39:18.953+0200: 7318,544: Total time for which application threads were stopped: 0,0001775 seconds, Stopping threads took: 0,0000259 seconds
2018-06-25T12:39:18.958+0200: 7318,549: Total time for which application threads were stopped: 0,0001191 seconds, Stopping threads took: 0,0000585 seconds
2018-06-25T12:39:18.959+0200: 7318,550: Total time for which application threads were stopped: 0,0001003 seconds, Stopping threads took: 0,0000403 seconds
2018-06-25T12:39:18.959+0200: 7318,550: Total time for which application threads were stopped: 0,0002165 seconds, Stopping threads took: 0,0001740 seconds
2018-06-25T12:39:18.959+0200: 7318,550: Total time for which application threads were stopped: 0,0003959 seconds, Stopping threads took: 0,0003257 seconds
2018-06-25T12:39:18.960+0200: 7318,551: Total time for which application threads were stopped: 0,0000863 seconds, Stopping threads took: 0,0000181 seconds
2018-06-25T12:39:18.968+0200: 7318,559: Total time for which application threads were stopped: 0,0001295 seconds, Stopping threads took: 0,0000480 seconds
2018-06-25T12:39:18.968+0200: 7318,559: Total time for which application threads were stopped: 0,0001050 seconds, Stopping threads took: 0,0000268 seconds
Heap
 par new generation   total 109248K, used 48009K [0x00000000e0000000, 0x00000000e8000000, 0x00000000e8000000)
  eden space 87424K,  49% used [0x00000000e0000000, 0x00000000e2a5da60, 0x00000000e5560000)
  from space 21824K,  21% used [0x00000000e6ab0000, 0x00000000e6f34c00, 0x00000000e8000000)
  to   space 21824K,   0% used [0x00000000e5560000, 0x00000000e5560000, 0x00000000e6ab0000)
 concurrent mark-sweep generation total 393216K, used 36861K [0x00000000e8000000, 0x0000000100000000, 0x0000000100000000)
 Metaspace       used 33059K, capacity 33840K, committed 33916K, reserved 1079296K
  class space    used 3671K, capacity 3909K, committed 3964K, reserved 1048576K
