OpenJDK 64-Bit Server VM (25.171-b11) for linux-amd64 JRE (1.8.0_171-8u171-b11-0ubuntu0.16.04.1-b11), built on Apr 27 2018 17:19:03 by "buildd" with gcc 5.4.0 20160609
Memory: 4k page, physical 7867600k(1161448k free), swap 8076284k(8076284k free)
CommandLine flags: -XX:CMSInitiatingOccupancyFraction=50 -XX:CMSMaxAbortablePrecleanTime=6000 -XX:+CMSParallelRemarkEnabled -XX:+CMSScavengeBeforeRemark -XX:ConcGCThreads=4 -XX:InitialHeapSize=536870912 -XX:MaxHeapSize=536870912 -XX:MaxTenuringThreshold=8 -XX:NewRatio=3 -XX:OldPLABSize=16 -XX:OnOutOfMemoryError=/home/gurnoor/workspace/QTM/solr/bin/oom_solr.sh 8983 /home/gurnoor/workspace/QTM/solr/server/logs -XX:ParallelGCThreads=4 -XX:+ParallelRefProcEnabled -XX:PretenureSizeThreshold=67108864 -XX:+PrintGC -XX:+PrintGCApplicationStoppedTime -XX:+PrintGCDateStamps -XX:+PrintGCDetails -XX:+PrintGCTimeStamps -XX:+PrintHeapAtGC -XX:+PrintTenuringDistribution -XX:SurvivorRatio=4 -XX:TargetSurvivorRatio=90 -XX:ThreadStackSize=256 -XX:+UseCMSInitiatingOccupancyOnly -XX:+UseCompressedClassPointers -XX:+UseCompressedOops -XX:+UseConcMarkSweepGC -XX:+UseParNewGC 
2018-06-19T11:25:47.715+0200: 0,124: Total time for which application threads were stopped: 0,0000764 seconds, Stopping threads took: 0,0000174 seconds
2018-06-19T11:25:47.780+0200: 0,190: Total time for which application threads were stopped: 0,0001317 seconds, Stopping threads took: 0,0000197 seconds
2018-06-19T11:25:47.793+0200: 0,202: Total time for which application threads were stopped: 0,0000857 seconds, Stopping threads took: 0,0000130 seconds
2018-06-19T11:25:47.920+0200: 0,329: Total time for which application threads were stopped: 0,0001867 seconds, Stopping threads took: 0,0000233 seconds
2018-06-19T11:25:48.083+0200: 0,493: Total time for which application threads were stopped: 0,0001430 seconds, Stopping threads took: 0,0000177 seconds
2018-06-19T11:25:48.134+0200: 0,543: Total time for which application threads were stopped: 0,0001829 seconds, Stopping threads took: 0,0000206 seconds
2018-06-19T11:25:48.154+0200: 0,563: Total time for which application threads were stopped: 0,0002018 seconds, Stopping threads took: 0,0000227 seconds
2018-06-19T11:25:48.343+0200: 0,753: Total time for which application threads were stopped: 0,0001903 seconds, Stopping threads took: 0,0000172 seconds
2018-06-19T11:25:48.489+0200: 0,899: Total time for which application threads were stopped: 0,0002973 seconds, Stopping threads took: 0,0000259 seconds
2018-06-19T11:25:48.508+0200: 0,917: Total time for which application threads were stopped: 0,0001978 seconds, Stopping threads took: 0,0000190 seconds
2018-06-19T11:25:48.531+0200: 0,940: Total time for which application threads were stopped: 0,0002524 seconds, Stopping threads took: 0,0000287 seconds
2018-06-19T11:25:48.532+0200: 0,941: Total time for which application threads were stopped: 0,0002039 seconds, Stopping threads took: 0,0000192 seconds
2018-06-19T11:25:48.545+0200: 0,955: Total time for which application threads were stopped: 0,0002588 seconds, Stopping threads took: 0,0000249 seconds
2018-06-19T11:25:48.612+0200: 1,021: Total time for which application threads were stopped: 0,0002886 seconds, Stopping threads took: 0,0000278 seconds
2018-06-19T11:25:48.764+0200: 1,174: Total time for which application threads were stopped: 0,0003143 seconds, Stopping threads took: 0,0000790 seconds
{Heap before GC invocations=0 (full 0):
 par new generation   total 109248K, used 87424K [0x00000000e0000000, 0x00000000e8000000, 0x00000000e8000000)
  eden space 87424K, 100% used [0x00000000e0000000, 0x00000000e5560000, 0x00000000e5560000)
  from space 21824K,   0% used [0x00000000e5560000, 0x00000000e5560000, 0x00000000e6ab0000)
  to   space 21824K,   0% used [0x00000000e6ab0000, 0x00000000e6ab0000, 0x00000000e8000000)
 concurrent mark-sweep generation total 393216K, used 0K [0x00000000e8000000, 0x0000000100000000, 0x0000000100000000)
 Metaspace       used 17835K, capacity 18184K, committed 18304K, reserved 1064960K
  class space    used 2026K, capacity 2166K, committed 2176K, reserved 1048576K
2018-06-19T11:25:48.792+0200: 1,201: [GC (Allocation Failure) 2018-06-19T11:25:48.792+0200: 1,201: [ParNew
Desired survivor size 20112992 bytes, new threshold 8 (max 8)
- age   1:   11419288 bytes,   11419288 total
: 87424K->11261K(109248K), 0,0102340 secs] 87424K->11261K(502464K), 0,0102965 secs] [Times: user=0,04 sys=0,00, real=0,01 secs] 
Heap after GC invocations=1 (full 0):
 par new generation   total 109248K, used 11261K [0x00000000e0000000, 0x00000000e8000000, 0x00000000e8000000)
  eden space 87424K,   0% used [0x00000000e0000000, 0x00000000e0000000, 0x00000000e5560000)
  from space 21824K,  51% used [0x00000000e6ab0000, 0x00000000e75af5a8, 0x00000000e8000000)
  to   space 21824K,   0% used [0x00000000e5560000, 0x00000000e5560000, 0x00000000e6ab0000)
 concurrent mark-sweep generation total 393216K, used 0K [0x00000000e8000000, 0x0000000100000000, 0x0000000100000000)
 Metaspace       used 17835K, capacity 18184K, committed 18304K, reserved 1064960K
  class space    used 2026K, capacity 2166K, committed 2176K, reserved 1048576K
}
2018-06-19T11:25:48.802+0200: 1,211: Total time for which application threads were stopped: 0,0113814 seconds, Stopping threads took: 0,0009015 seconds
2018-06-19T11:25:49.116+0200: 1,525: Total time for which application threads were stopped: 0,0004966 seconds, Stopping threads took: 0,0001289 seconds
{Heap before GC invocations=1 (full 0):
 par new generation   total 109248K, used 98685K [0x00000000e0000000, 0x00000000e8000000, 0x00000000e8000000)
  eden space 87424K, 100% used [0x00000000e0000000, 0x00000000e5560000, 0x00000000e5560000)
  from space 21824K,  51% used [0x00000000e6ab0000, 0x00000000e75af5a8, 0x00000000e8000000)
  to   space 21824K,   0% used [0x00000000e5560000, 0x00000000e5560000, 0x00000000e6ab0000)
 concurrent mark-sweep generation total 393216K, used 0K [0x00000000e8000000, 0x0000000100000000, 0x0000000100000000)
 Metaspace       used 20101K, capacity 20444K, committed 20736K, reserved 1067008K
  class space    used 2302K, capacity 2474K, committed 2560K, reserved 1048576K
2018-06-19T11:25:49.172+0200: 1,582: [GC (Allocation Failure) 2018-06-19T11:25:49.173+0200: 1,582: [ParNew
Desired survivor size 20112992 bytes, new threshold 8 (max 8)
- age   1:    3496080 bytes,    3496080 total
- age   2:    5899792 bytes,    9395872 total
: 98685K->12513K(109248K), 0,0176975 secs] 98685K->12513K(502464K), 0,0177768 secs] [Times: user=0,05 sys=0,00, real=0,01 secs] 
Heap after GC invocations=2 (full 0):
 par new generation   total 109248K, used 12513K [0x00000000e0000000, 0x00000000e8000000, 0x00000000e8000000)
  eden space 87424K,   0% used [0x00000000e0000000, 0x00000000e0000000, 0x00000000e5560000)
  from space 21824K,  57% used [0x00000000e5560000, 0x00000000e61985f0, 0x00000000e6ab0000)
  to   space 21824K,   0% used [0x00000000e6ab0000, 0x00000000e6ab0000, 0x00000000e8000000)
 concurrent mark-sweep generation total 393216K, used 0K [0x00000000e8000000, 0x0000000100000000, 0x0000000100000000)
 Metaspace       used 20101K, capacity 20444K, committed 20736K, reserved 1067008K
  class space    used 2302K, capacity 2474K, committed 2560K, reserved 1048576K
}
2018-06-19T11:25:49.190+0200: 1,600: Total time for which application threads were stopped: 0,0180588 seconds, Stopping threads took: 0,0000742 seconds
2018-06-19T11:25:49.204+0200: 1,613: Total time for which application threads were stopped: 0,0031500 seconds, Stopping threads took: 0,0028736 seconds
2018-06-19T11:25:49.243+0200: 1,653: Total time for which application threads were stopped: 0,0003591 seconds, Stopping threads took: 0,0000796 seconds
2018-06-19T11:25:49.361+0200: 1,770: Total time for which application threads were stopped: 0,0002547 seconds, Stopping threads took: 0,0000811 seconds
{Heap before GC invocations=2 (full 0):
 par new generation   total 109248K, used 99937K [0x00000000e0000000, 0x00000000e8000000, 0x00000000e8000000)
  eden space 87424K, 100% used [0x00000000e0000000, 0x00000000e5560000, 0x00000000e5560000)
  from space 21824K,  57% used [0x00000000e5560000, 0x00000000e61985f0, 0x00000000e6ab0000)
  to   space 21824K,   0% used [0x00000000e6ab0000, 0x00000000e6ab0000, 0x00000000e8000000)
 concurrent mark-sweep generation total 393216K, used 0K [0x00000000e8000000, 0x0000000100000000, 0x0000000100000000)
 Metaspace       used 21017K, capacity 21372K, committed 21628K, reserved 1069056K
  class space    used 2425K, capacity 2594K, committed 2684K, reserved 1048576K
2018-06-19T11:25:49.419+0200: 1,828: [GC (Allocation Failure) 2018-06-19T11:25:49.419+0200: 1,828: [ParNew
Desired survivor size 20112992 bytes, new threshold 8 (max 8)
- age   1:    2031120 bytes,    2031120 total
- age   2:    1076072 bytes,    3107192 total
- age   3:    5897896 bytes,    9005088 total
: 99937K->13071K(109248K), 0,0144942 secs] 99937K->13071K(502464K), 0,0145763 secs] [Times: user=0,06 sys=0,00, real=0,02 secs] 
Heap after GC invocations=3 (full 0):
 par new generation   total 109248K, used 13071K [0x00000000e0000000, 0x00000000e8000000, 0x00000000e8000000)
  eden space 87424K,   0% used [0x00000000e0000000, 0x00000000e0000000, 0x00000000e5560000)
  from space 21824K,  59% used [0x00000000e6ab0000, 0x00000000e7773d00, 0x00000000e8000000)
  to   space 21824K,   0% used [0x00000000e5560000, 0x00000000e5560000, 0x00000000e6ab0000)
 concurrent mark-sweep generation total 393216K, used 0K [0x00000000e8000000, 0x0000000100000000, 0x0000000100000000)
 Metaspace       used 21017K, capacity 21372K, committed 21628K, reserved 1069056K
  class space    used 2425K, capacity 2594K, committed 2684K, reserved 1048576K
}
2018-06-19T11:25:49.433+0200: 1,843: Total time for which application threads were stopped: 0,0147653 seconds, Stopping threads took: 0,0000278 seconds
2018-06-19T11:25:49.434+0200: 1,843: [GC (CMS Initial Mark) [1 CMS-initial-mark: 0K(393216K)] 13087K(502464K), 0,0049284 secs] [Times: user=0,01 sys=0,00, real=0,00 secs] 
2018-06-19T11:25:49.439+0200: 1,848: Total time for which application threads were stopped: 0,0051134 seconds, Stopping threads took: 0,0000700 seconds
2018-06-19T11:25:49.439+0200: 1,848: [CMS-concurrent-mark-start]
2018-06-19T11:25:49.439+0200: 1,848: [CMS-concurrent-mark: 0,001/0,001 secs] [Times: user=0,00 sys=0,00, real=0,00 secs] 
2018-06-19T11:25:49.439+0200: 1,849: [CMS-concurrent-preclean-start]
2018-06-19T11:25:49.441+0200: 1,850: [CMS-concurrent-preclean: 0,001/0,001 secs] [Times: user=0,01 sys=0,00, real=0,00 secs] 
2018-06-19T11:25:49.441+0200: 1,850: [CMS-concurrent-abortable-preclean-start]
2018-06-19T11:25:49.460+0200: 1,869: Total time for which application threads were stopped: 0,0003606 seconds, Stopping threads took: 0,0002640 seconds
{Heap before GC invocations=3 (full 1):
 par new generation   total 109248K, used 100474K [0x00000000e0000000, 0x00000000e8000000, 0x00000000e8000000)
  eden space 87424K,  99% used [0x00000000e0000000, 0x00000000e555aec8, 0x00000000e5560000)
  from space 21824K,  59% used [0x00000000e6ab0000, 0x00000000e7773d00, 0x00000000e8000000)
  to   space 21824K,   0% used [0x00000000e5560000, 0x00000000e5560000, 0x00000000e6ab0000)
 concurrent mark-sweep generation total 393216K, used 0K [0x00000000e8000000, 0x0000000100000000, 0x0000000100000000)
 Metaspace       used 21314K, capacity 21724K, committed 21884K, reserved 1069056K
  class space    used 2456K, capacity 2611K, committed 2684K, reserved 1048576K
2018-06-19T11:25:49.556+0200: 1,965: [GC (Allocation Failure) 2018-06-19T11:25:49.556+0200: 1,965: [ParNew
Desired survivor size 20112992 bytes, new threshold 8 (max 8)
- age   1:    1790248 bytes,    1790248 total
- age   2:    1447928 bytes,    3238176 total
- age   3:    1070528 bytes,    4308704 total
- age   4:    5897896 bytes,   10206600 total
: 100474K->13814K(109248K), 0,0112898 secs] 100474K->13814K(502464K), 0,0113629 secs] [Times: user=0,03 sys=0,00, real=0,01 secs] 
Heap after GC invocations=4 (full 1):
 par new generation   total 109248K, used 13814K [0x00000000e0000000, 0x00000000e8000000, 0x00000000e8000000)
  eden space 87424K,   0% used [0x00000000e0000000, 0x00000000e0000000, 0x00000000e5560000)
  from space 21824K,  63% used [0x00000000e5560000, 0x00000000e62dda80, 0x00000000e6ab0000)
  to   space 21824K,   0% used [0x00000000e6ab0000, 0x00000000e6ab0000, 0x00000000e8000000)
 concurrent mark-sweep generation total 393216K, used 0K [0x00000000e8000000, 0x0000000100000000, 0x0000000100000000)
 Metaspace       used 21314K, capacity 21724K, committed 21884K, reserved 1069056K
  class space    used 2456K, capacity 2611K, committed 2684K, reserved 1048576K
}
2018-06-19T11:25:49.567+0200: 1,977: Total time for which application threads were stopped: 0,0131484 seconds, Stopping threads took: 0,0016075 seconds
2018-06-19T11:25:49.567+0200: 1,977: [CMS-concurrent-abortable-preclean: 0,064/0,127 secs] [Times: user=0,46 sys=0,01, real=0,13 secs] 
2018-06-19T11:25:49.574+0200: 1,983: [GC (CMS Final Remark) [YG occupancy: 14532 K (109248 K)]{Heap before GC invocations=4 (full 1):
 par new generation   total 109248K, used 14532K [0x00000000e0000000, 0x00000000e8000000, 0x00000000e8000000)
  eden space 87424K,   0% used [0x00000000e0000000, 0x00000000e00b3700, 0x00000000e5560000)
  from space 21824K,  63% used [0x00000000e5560000, 0x00000000e62dda80, 0x00000000e6ab0000)
  to   space 21824K,   0% used [0x00000000e6ab0000, 0x00000000e6ab0000, 0x00000000e8000000)
 concurrent mark-sweep generation total 393216K, used 0K [0x00000000e8000000, 0x0000000100000000, 0x0000000100000000)
 Metaspace       used 21314K, capacity 21724K, committed 21884K, reserved 1069056K
  class space    used 2456K, capacity 2611K, committed 2684K, reserved 1048576K
2018-06-19T11:25:49.574+0200: 1,983: [GC (CMS Final Remark) 2018-06-19T11:25:49.574+0200: 1,983: [ParNew
Desired survivor size 20112992 bytes, new threshold 8 (max 8)
- age   1:      56496 bytes,      56496 total
- age   2:    1544808 bytes,    1601304 total
- age   3:    1447768 bytes,    3049072 total
- age   4:    1070528 bytes,    4119600 total
- age   5:    5897896 bytes,   10017496 total
: 14532K->13444K(109248K), 0,0138583 secs] 14532K->13444K(502464K), 0,0139049 secs] [Times: user=0,04 sys=0,00, real=0,01 secs] 
Heap after GC invocations=5 (full 1):
 par new generation   total 109248K, used 13444K [0x00000000e0000000, 0x00000000e8000000, 0x00000000e8000000)
  eden space 87424K,   0% used [0x00000000e0000000, 0x00000000e0000000, 0x00000000e5560000)
  from space 21824K,  61% used [0x00000000e6ab0000, 0x00000000e77d1250, 0x00000000e8000000)
  to   space 21824K,   0% used [0x00000000e5560000, 0x00000000e5560000, 0x00000000e6ab0000)
 concurrent mark-sweep generation total 393216K, used 0K [0x00000000e8000000, 0x0000000100000000, 0x0000000100000000)
 Metaspace       used 21314K, capacity 21724K, committed 21884K, reserved 1069056K
  class space    used 2456K, capacity 2611K, committed 2684K, reserved 1048576K
}
2018-06-19T11:25:49.588+0200: 1,997: [Rescan (parallel) , 0,0037072 secs]2018-06-19T11:25:49.592+0200: 2,001: [weak refs processing, 0,0012457 secs]2018-06-19T11:25:49.593+0200: 2,002: [class unloading, 0,0030286 secs]2018-06-19T11:25:49.596+0200: 2,005: [scrub symbol table, 0,0025861 secs]2018-06-19T11:25:49.598+0200: 2,008: [scrub string table, 0,0003833 secs][1 CMS-remark: 0K(393216K)] 13444K(502464K), 0,0255906 secs] [Times: user=0,05 sys=0,00, real=0,02 secs] 
2018-06-19T11:25:49.599+0200: 2,009: Total time for which application threads were stopped: 0,0317294 seconds, Stopping threads took: 0,0060442 seconds
2018-06-19T11:25:49.599+0200: 2,009: [CMS-concurrent-sweep-start]
2018-06-19T11:25:49.600+0200: 2,009: [CMS-concurrent-sweep: 0,000/0,000 secs] [Times: user=0,00 sys=0,00, real=0,00 secs] 
2018-06-19T11:25:49.600+0200: 2,009: [CMS-concurrent-reset-start]
2018-06-19T11:25:49.609+0200: 2,018: [CMS-concurrent-reset: 0,009/0,009 secs] [Times: user=0,03 sys=0,01, real=0,01 secs] 
{Heap before GC invocations=5 (full 1):
 par new generation   total 109248K, used 100868K [0x00000000e0000000, 0x00000000e8000000, 0x00000000e8000000)
  eden space 87424K, 100% used [0x00000000e0000000, 0x00000000e5560000, 0x00000000e5560000)
  from space 21824K,  61% used [0x00000000e6ab0000, 0x00000000e77d1250, 0x00000000e8000000)
  to   space 21824K,   0% used [0x00000000e5560000, 0x00000000e5560000, 0x00000000e6ab0000)
 concurrent mark-sweep generation total 393216K, used 0K [0x00000000e8000000, 0x0000000100000000, 0x0000000100000000)
 Metaspace       used 21452K, capacity 21832K, committed 21884K, reserved 1069056K
  class space    used 2477K, capacity 2645K, committed 2684K, reserved 1048576K
2018-06-19T11:25:49.689+0200: 2,098: [GC (Allocation Failure) 2018-06-19T11:25:49.689+0200: 2,098: [ParNew
Desired survivor size 20112992 bytes, new threshold 8 (max 8)
- age   1:     496416 bytes,     496416 total
- age   3:     185832 bytes,     682248 total
- age   4:    1447344 bytes,    2129592 total
- age   5:    1068544 bytes,    3198136 total
- age   6:    5898288 bytes,    9096424 total
: 100868K->11004K(109248K), 0,0133687 secs] 100868K->11004K(502464K), 0,0134553 secs] [Times: user=0,04 sys=0,00, real=0,01 secs] 
Heap after GC invocations=6 (full 1):
 par new generation   total 109248K, used 11004K [0x00000000e0000000, 0x00000000e8000000, 0x00000000e8000000)
  eden space 87424K,   0% used [0x00000000e0000000, 0x00000000e0000000, 0x00000000e5560000)
  from space 21824K,  50% used [0x00000000e5560000, 0x00000000e601f0c0, 0x00000000e6ab0000)
  to   space 21824K,   0% used [0x00000000e6ab0000, 0x00000000e6ab0000, 0x00000000e8000000)
 concurrent mark-sweep generation total 393216K, used 0K [0x00000000e8000000, 0x0000000100000000, 0x0000000100000000)
 Metaspace       used 21452K, capacity 21832K, committed 21884K, reserved 1069056K
  class space    used 2477K, capacity 2645K, committed 2684K, reserved 1048576K
}
2018-06-19T11:25:49.702+0200: 2,111: Total time for which application threads were stopped: 0,0138056 seconds, Stopping threads took: 0,0001563 seconds
2018-06-19T11:25:49.752+0200: 2,161: Total time for which application threads were stopped: 0,0004443 seconds, Stopping threads took: 0,0000430 seconds
2018-06-19T11:25:50.001+0200: 2,411: Total time for which application threads were stopped: 0,0004961 seconds, Stopping threads took: 0,0000509 seconds
2018-06-19T11:25:50.016+0200: 2,426: Total time for which application threads were stopped: 0,0004442 seconds, Stopping threads took: 0,0000426 seconds
{Heap before GC invocations=6 (full 1):
 par new generation   total 109248K, used 98428K [0x00000000e0000000, 0x00000000e8000000, 0x00000000e8000000)
  eden space 87424K, 100% used [0x00000000e0000000, 0x00000000e5560000, 0x00000000e5560000)
  from space 21824K,  50% used [0x00000000e5560000, 0x00000000e601f0c0, 0x00000000e6ab0000)
  to   space 21824K,   0% used [0x00000000e6ab0000, 0x00000000e6ab0000, 0x00000000e8000000)
 concurrent mark-sweep generation total 393216K, used 0K [0x00000000e8000000, 0x0000000100000000, 0x0000000100000000)
 Metaspace       used 25331K, capacity 25890K, committed 25980K, reserved 1073152K
  class space    used 2942K, capacity 3130K, committed 3196K, reserved 1048576K
2018-06-19T11:25:50.328+0200: 2,737: [GC (Allocation Failure) 2018-06-19T11:25:50.328+0200: 2,738: [ParNew
Desired survivor size 20112992 bytes, new threshold 8 (max 8)
- age   1:    5633464 bytes,    5633464 total
- age   2:     131704 bytes,    5765168 total
- age   4:     179696 bytes,    5944864 total
- age   5:     276320 bytes,    6221184 total
- age   6:    1048576 bytes,    7269760 total
- age   7:    5890944 bytes,   13160704 total
: 98428K->17740K(109248K), 0,0199549 secs] 98428K->17740K(502464K), 0,0200519 secs] [Times: user=0,07 sys=0,00, real=0,02 secs] 
Heap after GC invocations=7 (full 1):
 par new generation   total 109248K, used 17740K [0x00000000e0000000, 0x00000000e8000000, 0x00000000e8000000)
  eden space 87424K,   0% used [0x00000000e0000000, 0x00000000e0000000, 0x00000000e5560000)
  from space 21824K,  81% used [0x00000000e6ab0000, 0x00000000e7c03398, 0x00000000e8000000)
  to   space 21824K,   0% used [0x00000000e5560000, 0x00000000e5560000, 0x00000000e6ab0000)
 concurrent mark-sweep generation total 393216K, used 0K [0x00000000e8000000, 0x0000000100000000, 0x0000000100000000)
 Metaspace       used 25331K, capacity 25890K, committed 25980K, reserved 1073152K
  class space    used 2942K, capacity 3130K, committed 3196K, reserved 1048576K
}
2018-06-19T11:25:50.348+0200: 2,758: Total time for which application threads were stopped: 0,0227628 seconds, Stopping threads took: 0,0023836 seconds
2018-06-19T11:25:50.474+0200: 2,883: Total time for which application threads were stopped: 0,0005361 seconds, Stopping threads took: 0,0000497 seconds
2018-06-19T11:25:50.493+0200: 2,902: Total time for which application threads were stopped: 0,0005779 seconds, Stopping threads took: 0,0000472 seconds
2018-06-19T11:25:50.550+0200: 2,959: Total time for which application threads were stopped: 0,0005272 seconds, Stopping threads took: 0,0001528 seconds
2018-06-19T11:25:50.665+0200: 3,074: Total time for which application threads were stopped: 0,0049461 seconds, Stopping threads took: 0,0042904 seconds
{Heap before GC invocations=7 (full 1):
 par new generation   total 109248K, used 105164K [0x00000000e0000000, 0x00000000e8000000, 0x00000000e8000000)
  eden space 87424K, 100% used [0x00000000e0000000, 0x00000000e5560000, 0x00000000e5560000)
  from space 21824K,  81% used [0x00000000e6ab0000, 0x00000000e7c03398, 0x00000000e8000000)
  to   space 21824K,   0% used [0x00000000e5560000, 0x00000000e5560000, 0x00000000e6ab0000)
 concurrent mark-sweep generation total 393216K, used 0K [0x00000000e8000000, 0x0000000100000000, 0x0000000100000000)
 Metaspace       used 28043K, capacity 28586K, committed 28796K, reserved 1075200K
  class space    used 3229K, capacity 3426K, committed 3452K, reserved 1048576K
2018-06-19T11:25:50.834+0200: 3,243: [GC (Allocation Failure) 2018-06-19T11:25:50.834+0200: 3,244: [ParNew
Desired survivor size 20112992 bytes, new threshold 8 (max 8)
- age   1:   12476224 bytes,   12476224 total
- age   2:    2296072 bytes,   14772296 total
- age   3:     131704 bytes,   14904000 total
- age   5:     179480 bytes,   15083480 total
- age   6:     276032 bytes,   15359512 total
- age   7:    1040064 bytes,   16399576 total
- age   8:    5884240 bytes,   22283816 total
: 105164K->21824K(109248K), 0,0318595 secs] 105164K->23414K(502464K), 0,0319518 secs] [Times: user=0,11 sys=0,00, real=0,03 secs] 
Heap after GC invocations=8 (full 1):
 par new generation   total 109248K, used 21824K [0x00000000e0000000, 0x00000000e8000000, 0x00000000e8000000)
  eden space 87424K,   0% used [0x00000000e0000000, 0x00000000e0000000, 0x00000000e5560000)
  from space 21824K, 100% used [0x00000000e5560000, 0x00000000e6ab0000, 0x00000000e6ab0000)
  to   space 21824K,   0% used [0x00000000e6ab0000, 0x00000000e6ab0000, 0x00000000e8000000)
 concurrent mark-sweep generation total 393216K, used 1590K [0x00000000e8000000, 0x0000000100000000, 0x0000000100000000)
 Metaspace       used 28043K, capacity 28586K, committed 28796K, reserved 1075200K
  class space    used 3229K, capacity 3426K, committed 3452K, reserved 1048576K
}
2018-06-19T11:25:50.866+0200: 3,275: Total time for which application threads were stopped: 0,0322420 seconds, Stopping threads took: 0,0000624 seconds
{Heap before GC invocations=8 (full 1):
 par new generation   total 109248K, used 109248K [0x00000000e0000000, 0x00000000e8000000, 0x00000000e8000000)
  eden space 87424K, 100% used [0x00000000e0000000, 0x00000000e5560000, 0x00000000e5560000)
  from space 21824K, 100% used [0x00000000e5560000, 0x00000000e6ab0000, 0x00000000e6ab0000)
  to   space 21824K,   0% used [0x00000000e6ab0000, 0x00000000e6ab0000, 0x00000000e8000000)
 concurrent mark-sweep generation total 393216K, used 1590K [0x00000000e8000000, 0x0000000100000000, 0x0000000100000000)
 Metaspace       used 28107K, capacity 28742K, committed 29052K, reserved 1075200K
  class space    used 3232K, capacity 3431K, committed 3452K, reserved 1048576K
2018-06-19T11:25:50.935+0200: 3,344: [GC (Allocation Failure) 2018-06-19T11:25:50.935+0200: 3,344: [ParNew
Desired survivor size 20112992 bytes, new threshold 8 (max 8)
- age   1:    1249512 bytes,    1249512 total
- age   2:   11468880 bytes,   12718392 total
- age   3:    2296056 bytes,   15014448 total
- age   4:     131704 bytes,   15146152 total
- age   6:     179376 bytes,   15325528 total
- age   7:     276032 bytes,   15601560 total
- age   8:    1040064 bytes,   16641624 total
: 109248K->21824K(109248K), 0,0810241 secs] 110838K->29232K(502464K), 0,0811249 secs] [Times: user=0,28 sys=0,03, real=0,08 secs] 
Heap after GC invocations=9 (full 1):
 par new generation   total 109248K, used 21824K [0x00000000e0000000, 0x00000000e8000000, 0x00000000e8000000)
  eden space 87424K,   0% used [0x00000000e0000000, 0x00000000e0000000, 0x00000000e5560000)
  from space 21824K, 100% used [0x00000000e6ab0000, 0x00000000e8000000, 0x00000000e8000000)
  to   space 21824K,   0% used [0x00000000e5560000, 0x00000000e5560000, 0x00000000e6ab0000)
 concurrent mark-sweep generation total 393216K, used 7408K [0x00000000e8000000, 0x0000000100000000, 0x0000000100000000)
 Metaspace       used 28107K, capacity 28742K, committed 29052K, reserved 1075200K
  class space    used 3232K, capacity 3431K, committed 3452K, reserved 1048576K
}
2018-06-19T11:25:51.016+0200: 3,425: Total time for which application threads were stopped: 0,0814293 seconds, Stopping threads took: 0,0000853 seconds
{Heap before GC invocations=9 (full 1):
 par new generation   total 109248K, used 109248K [0x00000000e0000000, 0x00000000e8000000, 0x00000000e8000000)
  eden space 87424K, 100% used [0x00000000e0000000, 0x00000000e5560000, 0x00000000e5560000)
  from space 21824K, 100% used [0x00000000e6ab0000, 0x00000000e8000000, 0x00000000e8000000)
  to   space 21824K,   0% used [0x00000000e5560000, 0x00000000e5560000, 0x00000000e6ab0000)
 concurrent mark-sweep generation total 393216K, used 7408K [0x00000000e8000000, 0x0000000100000000, 0x0000000100000000)
 Metaspace       used 28155K, capacity 28752K, committed 29052K, reserved 1075200K
  class space    used 3233K, capacity 3433K, committed 3452K, reserved 1048576K
2018-06-19T11:25:51.122+0200: 3,531: [GC (Allocation Failure) 2018-06-19T11:25:51.122+0200: 3,531: [ParNew
Desired survivor size 20112992 bytes, new threshold 8 (max 8)
- age   1:     999784 bytes,     999784 total
- age   2:     152744 bytes,    1152528 total
- age   3:   11468856 bytes,   12621384 total
- age   4:    2295976 bytes,   14917360 total
- age   5:     131704 bytes,   15049064 total
- age   7:     179272 bytes,   15228336 total
- age   8:     276032 bytes,   15504368 total
: 109248K->21824K(109248K), 0,0295817 secs] 116656K->30261K(502464K), 0,0296615 secs] [Times: user=0,11 sys=0,01, real=0,03 secs] 
Heap after GC invocations=10 (full 1):
 par new generation   total 109248K, used 21824K [0x00000000e0000000, 0x00000000e8000000, 0x00000000e8000000)
  eden space 87424K,   0% used [0x00000000e0000000, 0x00000000e0000000, 0x00000000e5560000)
  from space 21824K, 100% used [0x00000000e5560000, 0x00000000e6ab0000, 0x00000000e6ab0000)
  to   space 21824K,   0% used [0x00000000e6ab0000, 0x00000000e6ab0000, 0x00000000e8000000)
 concurrent mark-sweep generation total 393216K, used 8437K [0x00000000e8000000, 0x0000000100000000, 0x0000000100000000)
 Metaspace       used 28155K, capacity 28752K, committed 29052K, reserved 1075200K
  class space    used 3233K, capacity 3433K, committed 3452K, reserved 1048576K
}
2018-06-19T11:25:51.151+0200: 3,561: Total time for which application threads were stopped: 0,0299916 seconds, Stopping threads took: 0,0001104 seconds
2018-06-19T11:25:51.649+0200: 4,058: Total time for which application threads were stopped: 0,0004241 seconds, Stopping threads took: 0,0000240 seconds
2018-06-19T11:26:05.053+0200: 17,462: Total time for which application threads were stopped: 0,0000811 seconds, Stopping threads took: 0,0000283 seconds
2018-06-19T11:26:05.056+0200: 17,466: Total time for which application threads were stopped: 0,0000781 seconds, Stopping threads took: 0,0000214 seconds
2018-06-19T11:26:05.080+0200: 17,489: Total time for which application threads were stopped: 0,0004332 seconds, Stopping threads took: 0,0000228 seconds
2018-06-19T11:26:05.095+0200: 17,504: Total time for which application threads were stopped: 0,0001047 seconds, Stopping threads took: 0,0000296 seconds
2018-06-19T11:26:05.095+0200: 17,504: Total time for which application threads were stopped: 0,0001641 seconds, Stopping threads took: 0,0001036 seconds
2018-06-19T11:26:05.152+0200: 17,561: Total time for which application threads were stopped: 0,0001370 seconds, Stopping threads took: 0,0000428 seconds
2018-06-19T11:26:06.152+0200: 18,561: Total time for which application threads were stopped: 0,0001040 seconds, Stopping threads took: 0,0000365 seconds
2018-06-19T11:26:14.153+0200: 26,562: Total time for which application threads were stopped: 0,0001099 seconds, Stopping threads took: 0,0000386 seconds
2018-06-19T11:26:24.154+0200: 36,564: Total time for which application threads were stopped: 0,0000787 seconds, Stopping threads took: 0,0000209 seconds
2018-06-19T11:28:45.173+0200: 177,582: Total time for which application threads were stopped: 0,0001077 seconds, Stopping threads took: 0,0000407 seconds
2018-06-19T11:29:42.246+0200: 234,656: Total time for which application threads were stopped: 0,0000921 seconds, Stopping threads took: 0,0000306 seconds
2018-06-19T11:29:42.247+0200: 234,656: Total time for which application threads were stopped: 0,0000645 seconds, Stopping threads took: 0,0000323 seconds
2018-06-19T11:29:42.250+0200: 234,659: Total time for which application threads were stopped: 0,0001142 seconds, Stopping threads took: 0,0000329 seconds
2018-06-19T11:29:42.250+0200: 234,660: Total time for which application threads were stopped: 0,0001067 seconds, Stopping threads took: 0,0000415 seconds
2018-06-19T11:30:17.256+0200: 269,665: Total time for which application threads were stopped: 0,0001492 seconds, Stopping threads took: 0,0000577 seconds
2018-06-19T11:31:10.844+0200: 323,254: Total time for which application threads were stopped: 0,0000888 seconds, Stopping threads took: 0,0000302 seconds
2018-06-19T11:31:10.845+0200: 323,254: Total time for which application threads were stopped: 0,0000538 seconds, Stopping threads took: 0,0000111 seconds
2018-06-19T11:31:10.847+0200: 323,257: Total time for which application threads were stopped: 0,0001348 seconds, Stopping threads took: 0,0000326 seconds
2018-06-19T11:32:48.712+0200: 421,122: Total time for which application threads were stopped: 0,0001136 seconds, Stopping threads took: 0,0000360 seconds
2018-06-19T11:32:48.712+0200: 421,122: Total time for which application threads were stopped: 0,0000914 seconds, Stopping threads took: 0,0000249 seconds
2018-06-19T11:32:48.784+0200: 421,193: Total time for which application threads were stopped: 0,0001896 seconds, Stopping threads took: 0,0000267 seconds
2018-06-19T11:32:48.850+0200: 421,259: Total time for which application threads were stopped: 0,0001668 seconds, Stopping threads took: 0,0000382 seconds
2018-06-19T11:32:48.878+0200: 421,288: Total time for which application threads were stopped: 0,0001895 seconds, Stopping threads took: 0,0000391 seconds
2018-06-19T11:33:54.681+0200: 487,090: Total time for which application threads were stopped: 0,0001199 seconds, Stopping threads took: 0,0000404 seconds
2018-06-19T11:33:54.681+0200: 487,090: Total time for which application threads were stopped: 0,0000916 seconds, Stopping threads took: 0,0000500 seconds
2018-06-19T11:33:54.708+0200: 487,117: Total time for which application threads were stopped: 0,0001249 seconds, Stopping threads took: 0,0000326 seconds
2018-06-19T11:33:54.710+0200: 487,119: Total time for which application threads were stopped: 0,0001147 seconds, Stopping threads took: 0,0000309 seconds
2018-06-19T11:33:54.718+0200: 487,128: Total time for which application threads were stopped: 0,0000951 seconds, Stopping threads took: 0,0000236 seconds
2018-06-19T11:33:54.774+0200: 487,184: Total time for which application threads were stopped: 0,0002721 seconds, Stopping threads took: 0,0000726 seconds
2018-06-19T11:33:54.775+0200: 487,184: Total time for which application threads were stopped: 0,0000912 seconds, Stopping threads took: 0,0000244 seconds
2018-06-19T11:35:01.755+0200: 554,164: Total time for which application threads were stopped: 0,0000881 seconds, Stopping threads took: 0,0000252 seconds
2018-06-19T11:35:01.755+0200: 554,164: Total time for which application threads were stopped: 0,0000514 seconds, Stopping threads took: 0,0000195 seconds
2018-06-19T11:35:10.194+0200: 562,603: Total time for which application threads were stopped: 0,0000924 seconds, Stopping threads took: 0,0000170 seconds
2018-06-19T11:35:10.205+0200: 562,614: Total time for which application threads were stopped: 0,0001642 seconds, Stopping threads took: 0,0000628 seconds
2018-06-19T11:35:10.206+0200: 562,615: Total time for which application threads were stopped: 0,0001332 seconds, Stopping threads took: 0,0000465 seconds
2018-06-19T11:35:10.223+0200: 562,632: Total time for which application threads were stopped: 0,0006831 seconds, Stopping threads took: 0,0002575 seconds
2018-06-19T11:39:48.706+0200: 841,115: Total time for which application threads were stopped: 0,0004805 seconds, Stopping threads took: 0,0000167 seconds
2018-06-19T11:39:48.707+0200: 841,116: Total time for which application threads were stopped: 0,0004658 seconds, Stopping threads took: 0,0000220 seconds
2018-06-19T11:39:48.711+0200: 841,120: Total time for which application threads were stopped: 0,0001003 seconds, Stopping threads took: 0,0000368 seconds
2018-06-19T11:39:48.711+0200: 841,120: Total time for which application threads were stopped: 0,0000554 seconds, Stopping threads took: 0,0000256 seconds
2018-06-19T11:39:48.724+0200: 841,133: Total time for which application threads were stopped: 0,0007022 seconds, Stopping threads took: 0,0005914 seconds
2018-06-19T11:39:48.740+0200: 841,150: Total time for which application threads were stopped: 0,0001772 seconds, Stopping threads took: 0,0000607 seconds
2018-06-19T11:39:48.744+0200: 841,153: Total time for which application threads were stopped: 0,0019779 seconds, Stopping threads took: 0,0018787 seconds
2018-06-19T11:39:48.746+0200: 841,156: Total time for which application threads were stopped: 0,0001437 seconds, Stopping threads took: 0,0000466 seconds
2018-06-19T11:39:48.753+0200: 841,163: Total time for which application threads were stopped: 0,0001284 seconds, Stopping threads took: 0,0000346 seconds
2018-06-19T11:39:48.754+0200: 841,163: Total time for which application threads were stopped: 0,0001646 seconds, Stopping threads took: 0,0000635 seconds
2018-06-19T11:39:48.756+0200: 841,165: Total time for which application threads were stopped: 0,0001472 seconds, Stopping threads took: 0,0000272 seconds
Heap
 par new generation   total 109248K, used 73312K [0x00000000e0000000, 0x00000000e8000000, 0x00000000e8000000)
  eden space 87424K,  58% used [0x00000000e0000000, 0x00000000e3248040, 0x00000000e5560000)
  from space 21824K, 100% used [0x00000000e5560000, 0x00000000e6ab0000, 0x00000000e6ab0000)
  to   space 21824K,   0% used [0x00000000e6ab0000, 0x00000000e6ab0000, 0x00000000e8000000)
 concurrent mark-sweep generation total 393216K, used 8437K [0x00000000e8000000, 0x0000000100000000, 0x0000000100000000)
 Metaspace       used 29888K, capacity 30568K, committed 30844K, reserved 1077248K
  class space    used 3449K, capacity 3674K, committed 3708K, reserved 1048576K
