OpenJDK 64-Bit Server VM (25.171-b11) for linux-amd64 JRE (1.8.0_171-8u171-b11-0ubuntu0.16.04.1-b11), built on Apr 27 2018 17:19:03 by "buildd" with gcc 5.4.0 20160609
Memory: 4k page, physical 7867600k(960460k free), swap 8076284k(8001476k free)
CommandLine flags: -XX:CMSInitiatingOccupancyFraction=50 -XX:CMSMaxAbortablePrecleanTime=6000 -XX:+CMSParallelRemarkEnabled -XX:+CMSScavengeBeforeRemark -XX:ConcGCThreads=4 -XX:InitialHeapSize=536870912 -XX:MaxHeapSize=536870912 -XX:MaxTenuringThreshold=8 -XX:NewRatio=3 -XX:OldPLABSize=16 -XX:OnOutOfMemoryError=/home/gurnoor/workspace/QTM/solr/bin/oom_solr.sh 8983 /home/gurnoor/workspace/QTM/solr/server/logs -XX:ParallelGCThreads=4 -XX:+ParallelRefProcEnabled -XX:PretenureSizeThreshold=67108864 -XX:+PrintGC -XX:+PrintGCApplicationStoppedTime -XX:+PrintGCDateStamps -XX:+PrintGCDetails -XX:+PrintGCTimeStamps -XX:+PrintHeapAtGC -XX:+PrintTenuringDistribution -XX:SurvivorRatio=4 -XX:TargetSurvivorRatio=90 -XX:ThreadStackSize=256 -XX:+UseCMSInitiatingOccupancyOnly -XX:+UseCompressedClassPointers -XX:+UseCompressedOops -XX:+UseConcMarkSweepGC -XX:+UseParNewGC 
2018-06-19T14:44:40.193+0200: 0,189: Total time for which application threads were stopped: 0,0001113 seconds, Stopping threads took: 0,0000203 seconds
2018-06-19T14:44:40.304+0200: 0,300: Total time for which application threads were stopped: 0,0009494 seconds, Stopping threads took: 0,0001889 seconds
2018-06-19T14:44:40.331+0200: 0,328: Total time for which application threads were stopped: 0,0002015 seconds, Stopping threads took: 0,0000165 seconds
2018-06-19T14:44:40.494+0200: 0,490: Total time for which application threads were stopped: 0,0001473 seconds, Stopping threads took: 0,0000208 seconds
2018-06-19T14:44:40.819+0200: 0,815: Total time for which application threads were stopped: 0,0001540 seconds, Stopping threads took: 0,0000133 seconds
2018-06-19T14:44:40.931+0200: 0,927: Total time for which application threads were stopped: 0,0005791 seconds, Stopping threads took: 0,0000870 seconds
2018-06-19T14:44:40.967+0200: 0,963: Total time for which application threads were stopped: 0,0002650 seconds, Stopping threads took: 0,0000544 seconds
2018-06-19T14:44:41.408+0200: 1,405: Total time for which application threads were stopped: 0,0002544 seconds, Stopping threads took: 0,0000156 seconds
2018-06-19T14:44:41.702+0200: 1,699: Total time for which application threads were stopped: 0,0002969 seconds, Stopping threads took: 0,0000409 seconds
2018-06-19T14:44:41.737+0200: 1,733: Total time for which application threads were stopped: 0,0002059 seconds, Stopping threads took: 0,0000274 seconds
2018-06-19T14:44:41.784+0200: 1,780: Total time for which application threads were stopped: 0,0003086 seconds, Stopping threads took: 0,0000784 seconds
2018-06-19T14:44:41.785+0200: 1,782: Total time for which application threads were stopped: 0,0002115 seconds, Stopping threads took: 0,0000193 seconds
2018-06-19T14:44:41.813+0200: 1,810: Total time for which application threads were stopped: 0,0004810 seconds, Stopping threads took: 0,0000536 seconds
2018-06-19T14:44:41.936+0200: 1,933: Total time for which application threads were stopped: 0,0013730 seconds, Stopping threads took: 0,0001259 seconds
2018-06-19T14:44:42.281+0200: 2,278: Total time for which application threads were stopped: 0,0008334 seconds, Stopping threads took: 0,0001717 seconds
{Heap before GC invocations=0 (full 0):
 par new generation   total 109248K, used 87424K [0x00000000e0000000, 0x00000000e8000000, 0x00000000e8000000)
  eden space 87424K, 100% used [0x00000000e0000000, 0x00000000e5560000, 0x00000000e5560000)
  from space 21824K,   0% used [0x00000000e5560000, 0x00000000e5560000, 0x00000000e6ab0000)
  to   space 21824K,   0% used [0x00000000e6ab0000, 0x00000000e6ab0000, 0x00000000e8000000)
 concurrent mark-sweep generation total 393216K, used 0K [0x00000000e8000000, 0x0000000100000000, 0x0000000100000000)
 Metaspace       used 18129K, capacity 18472K, committed 18688K, reserved 1064960K
  class space    used 2047K, capacity 2198K, committed 2304K, reserved 1048576K
2018-06-19T14:44:42.443+0200: 2,440: [GC (Allocation Failure) 2018-06-19T14:44:42.443+0200: 2,440: [ParNew
Desired survivor size 20112992 bytes, new threshold 8 (max 8)
- age   1:   12513952 bytes,   12513952 total
: 87424K->12342K(109248K), 0,0318023 secs] 87424K->12342K(502464K), 0,0321565 secs] [Times: user=0,07 sys=0,00, real=0,03 secs] 
Heap after GC invocations=1 (full 0):
 par new generation   total 109248K, used 12342K [0x00000000e0000000, 0x00000000e8000000, 0x00000000e8000000)
  eden space 87424K,   0% used [0x00000000e0000000, 0x00000000e0000000, 0x00000000e5560000)
  from space 21824K,  56% used [0x00000000e6ab0000, 0x00000000e76bdba0, 0x00000000e8000000)
  to   space 21824K,   0% used [0x00000000e5560000, 0x00000000e5560000, 0x00000000e6ab0000)
 concurrent mark-sweep generation total 393216K, used 0K [0x00000000e8000000, 0x0000000100000000, 0x0000000100000000)
 Metaspace       used 18129K, capacity 18472K, committed 18688K, reserved 1064960K
  class space    used 2047K, capacity 2198K, committed 2304K, reserved 1048576K
}
2018-06-19T14:44:42.475+0200: 2,472: Total time for which application threads were stopped: 0,0336367 seconds, Stopping threads took: 0,0002995 seconds
2018-06-19T14:44:42.851+0200: 2,848: Total time for which application threads were stopped: 0,0004371 seconds, Stopping threads took: 0,0000439 seconds
2018-06-19T14:44:42.915+0200: 2,911: Total time for which application threads were stopped: 0,0006457 seconds, Stopping threads took: 0,0002570 seconds
{Heap before GC invocations=1 (full 0):
 par new generation   total 109248K, used 99766K [0x00000000e0000000, 0x00000000e8000000, 0x00000000e8000000)
  eden space 87424K, 100% used [0x00000000e0000000, 0x00000000e5560000, 0x00000000e5560000)
  from space 21824K,  56% used [0x00000000e6ab0000, 0x00000000e76bdba0, 0x00000000e8000000)
  to   space 21824K,   0% used [0x00000000e5560000, 0x00000000e5560000, 0x00000000e6ab0000)
 concurrent mark-sweep generation total 393216K, used 0K [0x00000000e8000000, 0x0000000100000000, 0x0000000100000000)
 Metaspace       used 20107K, capacity 20488K, committed 20736K, reserved 1067008K
  class space    used 2298K, capacity 2466K, committed 2560K, reserved 1048576K
2018-06-19T14:44:42.931+0200: 2,927: [GC (Allocation Failure) 2018-06-19T14:44:42.931+0200: 2,927: [ParNew
Desired survivor size 20112992 bytes, new threshold 8 (max 8)
- age   1:    2707448 bytes,    2707448 total
- age   2:    6476504 bytes,    9183952 total
: 99766K->13519K(109248K), 0,0132320 secs] 99766K->13519K(502464K), 0,0133131 secs] [Times: user=0,05 sys=0,00, real=0,01 secs] 
Heap after GC invocations=2 (full 0):
 par new generation   total 109248K, used 13519K [0x00000000e0000000, 0x00000000e8000000, 0x00000000e8000000)
  eden space 87424K,   0% used [0x00000000e0000000, 0x00000000e0000000, 0x00000000e5560000)
  from space 21824K,  61% used [0x00000000e5560000, 0x00000000e6293fd0, 0x00000000e6ab0000)
  to   space 21824K,   0% used [0x00000000e6ab0000, 0x00000000e6ab0000, 0x00000000e8000000)
 concurrent mark-sweep generation total 393216K, used 0K [0x00000000e8000000, 0x0000000100000000, 0x0000000100000000)
 Metaspace       used 20107K, capacity 20488K, committed 20736K, reserved 1067008K
  class space    used 2298K, capacity 2466K, committed 2560K, reserved 1048576K
}
2018-06-19T14:44:42.944+0200: 2,941: Total time for which application threads were stopped: 0,0134845 seconds, Stopping threads took: 0,0000277 seconds
2018-06-19T14:44:42.975+0200: 2,972: Total time for which application threads were stopped: 0,0025208 seconds, Stopping threads took: 0,0021595 seconds
2018-06-19T14:44:43.087+0200: 3,083: Total time for which application threads were stopped: 0,0014002 seconds, Stopping threads took: 0,0012025 seconds
{Heap before GC invocations=2 (full 0):
 par new generation   total 109248K, used 100943K [0x00000000e0000000, 0x00000000e8000000, 0x00000000e8000000)
  eden space 87424K, 100% used [0x00000000e0000000, 0x00000000e5560000, 0x00000000e5560000)
  from space 21824K,  61% used [0x00000000e5560000, 0x00000000e6293fd0, 0x00000000e6ab0000)
  to   space 21824K,   0% used [0x00000000e6ab0000, 0x00000000e6ab0000, 0x00000000e8000000)
 concurrent mark-sweep generation total 393216K, used 0K [0x00000000e8000000, 0x0000000100000000, 0x0000000100000000)
 Metaspace       used 21029K, capacity 21346K, committed 21628K, reserved 1069056K
  class space    used 2425K, capacity 2585K, committed 2684K, reserved 1048576K
2018-06-19T14:44:43.143+0200: 3,139: [GC (Allocation Failure) 2018-06-19T14:44:43.143+0200: 3,139: [ParNew
Desired survivor size 20112992 bytes, new threshold 8 (max 8)
- age   1:    2023920 bytes,    2023920 total
- age   2:     512320 bytes,    2536240 total
- age   3:    6472216 bytes,    9008456 total
: 100943K->10433K(109248K), 0,0183628 secs] 100943K->10433K(502464K), 0,0184574 secs] [Times: user=0,05 sys=0,01, real=0,02 secs] 
Heap after GC invocations=3 (full 0):
 par new generation   total 109248K, used 10433K [0x00000000e0000000, 0x00000000e8000000, 0x00000000e8000000)
  eden space 87424K,   0% used [0x00000000e0000000, 0x00000000e0000000, 0x00000000e5560000)
  from space 21824K,  47% used [0x00000000e6ab0000, 0x00000000e74e0700, 0x00000000e8000000)
  to   space 21824K,   0% used [0x00000000e5560000, 0x00000000e5560000, 0x00000000e6ab0000)
 concurrent mark-sweep generation total 393216K, used 0K [0x00000000e8000000, 0x0000000100000000, 0x0000000100000000)
 Metaspace       used 21029K, capacity 21346K, committed 21628K, reserved 1069056K
  class space    used 2425K, capacity 2585K, committed 2684K, reserved 1048576K
}
2018-06-19T14:44:43.161+0200: 3,158: Total time for which application threads were stopped: 0,0187339 seconds, Stopping threads took: 0,0001380 seconds
2018-06-19T14:44:43.162+0200: 3,158: [GC (CMS Initial Mark) [1 CMS-initial-mark: 0K(393216K)] 11182K(502464K), 0,0081247 secs] [Times: user=0,01 sys=0,00, real=0,01 secs] 
2018-06-19T14:44:43.170+0200: 3,167: Total time for which application threads were stopped: 0,0086680 seconds, Stopping threads took: 0,0001539 seconds
2018-06-19T14:44:43.171+0200: 3,168: [CMS-concurrent-mark-start]
2018-06-19T14:44:43.172+0200: 3,168: [CMS-concurrent-mark: 0,000/0,000 secs] [Times: user=0,00 sys=0,00, real=0,00 secs] 
2018-06-19T14:44:43.172+0200: 3,168: [CMS-concurrent-preclean-start]
2018-06-19T14:44:43.173+0200: 3,170: [CMS-concurrent-preclean: 0,002/0,002 secs] [Times: user=0,01 sys=0,00, real=0,00 secs] 
2018-06-19T14:44:43.173+0200: 3,170: [CMS-concurrent-abortable-preclean-start]
2018-06-19T14:44:43.210+0200: 3,207: Total time for which application threads were stopped: 0,0010968 seconds, Stopping threads took: 0,0009855 seconds
{Heap before GC invocations=3 (full 1):
 par new generation   total 109248K, used 97857K [0x00000000e0000000, 0x00000000e8000000, 0x00000000e8000000)
  eden space 87424K, 100% used [0x00000000e0000000, 0x00000000e5560000, 0x00000000e5560000)
  from space 21824K,  47% used [0x00000000e6ab0000, 0x00000000e74e0700, 0x00000000e8000000)
  to   space 21824K,   0% used [0x00000000e5560000, 0x00000000e5560000, 0x00000000e6ab0000)
 concurrent mark-sweep generation total 393216K, used 0K [0x00000000e8000000, 0x0000000100000000, 0x0000000100000000)
 Metaspace       used 21289K, capacity 21686K, committed 21884K, reserved 1069056K
  class space    used 2450K, capacity 2600K, committed 2684K, reserved 1048576K
2018-06-19T14:44:43.358+0200: 3,354: [GC (Allocation Failure) 2018-06-19T14:44:43.358+0200: 3,354: [ParNew2018-06-19T14:44:43.369+0200: 3,365: [CMS-concurrent-abortable-preclean: 0,094/0,195 secs] [Times: user=0,62 sys=0,00, real=0,19 secs] 

Desired survivor size 20112992 bytes, new threshold 8 (max 8)
- age   1:     714736 bytes,     714736 total
- age   2:    1441920 bytes,    2156656 total
- age   3:     510064 bytes,    2666720 total
- age   4:    6472368 bytes,    9139088 total
: 97857K->11462K(109248K), 0,0152220 secs] 97857K->11462K(502464K), 0,0152834 secs] [Times: user=0,05 sys=0,00, real=0,02 secs] 
Heap after GC invocations=4 (full 1):
 par new generation   total 109248K, used 11462K [0x00000000e0000000, 0x00000000e8000000, 0x00000000e8000000)
  eden space 87424K,   0% used [0x00000000e0000000, 0x00000000e0000000, 0x00000000e5560000)
  from space 21824K,  52% used [0x00000000e5560000, 0x00000000e6091810, 0x00000000e6ab0000)
  to   space 21824K,   0% used [0x00000000e6ab0000, 0x00000000e6ab0000, 0x00000000e8000000)
 concurrent mark-sweep generation total 393216K, used 0K [0x00000000e8000000, 0x0000000100000000, 0x0000000100000000)
 Metaspace       used 21289K, capacity 21686K, committed 21884K, reserved 1069056K
  class space    used 2450K, capacity 2600K, committed 2684K, reserved 1048576K
}
2018-06-19T14:44:43.373+0200: 3,369: Total time for which application threads were stopped: 0,0156165 seconds, Stopping threads took: 0,0001835 seconds
2018-06-19T14:44:43.387+0200: 3,383: [GC (CMS Final Remark) [YG occupancy: 19969 K (109248 K)]{Heap before GC invocations=4 (full 1):
 par new generation   total 109248K, used 19969K [0x00000000e0000000, 0x00000000e8000000, 0x00000000e8000000)
  eden space 87424K,   9% used [0x00000000e0000000, 0x00000000e084ebf8, 0x00000000e5560000)
  from space 21824K,  52% used [0x00000000e5560000, 0x00000000e6091810, 0x00000000e6ab0000)
  to   space 21824K,   0% used [0x00000000e6ab0000, 0x00000000e6ab0000, 0x00000000e8000000)
 concurrent mark-sweep generation total 393216K, used 0K [0x00000000e8000000, 0x0000000100000000, 0x0000000100000000)
 Metaspace       used 21303K, capacity 21718K, committed 21884K, reserved 1069056K
  class space    used 2452K, capacity 2632K, committed 2684K, reserved 1048576K
2018-06-19T14:44:43.387+0200: 3,383: [GC (CMS Final Remark) 2018-06-19T14:44:43.387+0200: 3,383: [ParNew
Desired survivor size 20112992 bytes, new threshold 8 (max 8)
- age   1:     315584 bytes,     315584 total
- age   2:     192488 bytes,     508072 total
- age   3:    1441864 bytes,    1949936 total
- age   4:     510032 bytes,    2459968 total
- age   5:    6472328 bytes,    8932296 total
: 19969K->10754K(109248K), 0,0094495 secs] 19969K->10754K(502464K), 0,0095017 secs] [Times: user=0,03 sys=0,00, real=0,01 secs] 
Heap after GC invocations=5 (full 1):
 par new generation   total 109248K, used 10754K [0x00000000e0000000, 0x00000000e8000000, 0x00000000e8000000)
  eden space 87424K,   0% used [0x00000000e0000000, 0x00000000e0000000, 0x00000000e5560000)
  from space 21824K,  49% used [0x00000000e6ab0000, 0x00000000e7530b60, 0x00000000e8000000)
  to   space 21824K,   0% used [0x00000000e5560000, 0x00000000e5560000, 0x00000000e6ab0000)
 concurrent mark-sweep generation total 393216K, used 0K [0x00000000e8000000, 0x0000000100000000, 0x0000000100000000)
 Metaspace       used 21303K, capacity 21718K, committed 21884K, reserved 1069056K
  class space    used 2452K, capacity 2632K, committed 2684K, reserved 1048576K
}
2018-06-19T14:44:43.397+0200: 3,393: [Rescan (parallel) , 0,0060203 secs]2018-06-19T14:44:43.403+0200: 3,399: [weak refs processing, 0,0008636 secs]2018-06-19T14:44:43.403+0200: 3,400: [class unloading, 0,0029908 secs]2018-06-19T14:44:43.406+0200: 3,403: [scrub symbol table, 0,0028055 secs]2018-06-19T14:44:43.409+0200: 3,406: [scrub string table, 0,0003736 secs][1 CMS-remark: 0K(393216K)] 10754K(502464K), 0,0232970 secs] [Times: user=0,06 sys=0,00, real=0,02 secs] 
2018-06-19T14:44:43.410+0200: 3,407: Total time for which application threads were stopped: 0,0265220 seconds, Stopping threads took: 0,0031290 seconds
2018-06-19T14:44:43.410+0200: 3,407: [CMS-concurrent-sweep-start]
2018-06-19T14:44:43.410+0200: 3,407: [CMS-concurrent-sweep: 0,000/0,000 secs] [Times: user=0,00 sys=0,00, real=0,00 secs] 
2018-06-19T14:44:43.410+0200: 3,407: [CMS-concurrent-reset-start]
2018-06-19T14:44:43.414+0200: 3,411: [CMS-concurrent-reset: 0,004/0,004 secs] [Times: user=0,01 sys=0,00, real=0,01 secs] 
2018-06-19T14:44:43.517+0200: 3,513: Total time for which application threads were stopped: 0,0004743 seconds, Stopping threads took: 0,0000342 seconds
{Heap before GC invocations=5 (full 1):
 par new generation   total 109248K, used 98178K [0x00000000e0000000, 0x00000000e8000000, 0x00000000e8000000)
  eden space 87424K, 100% used [0x00000000e0000000, 0x00000000e5560000, 0x00000000e5560000)
  from space 21824K,  49% used [0x00000000e6ab0000, 0x00000000e7530b60, 0x00000000e8000000)
  to   space 21824K,   0% used [0x00000000e5560000, 0x00000000e5560000, 0x00000000e6ab0000)
 concurrent mark-sweep generation total 393216K, used 0K [0x00000000e8000000, 0x0000000100000000, 0x0000000100000000)
 Metaspace       used 22199K, capacity 22536K, committed 22780K, reserved 1069056K
  class space    used 2574K, capacity 2733K, committed 2812K, reserved 1048576K
2018-06-19T14:44:43.594+0200: 3,590: [GC (Allocation Failure) 2018-06-19T14:44:43.594+0200: 3,590: [ParNew
Desired survivor size 20112992 bytes, new threshold 8 (max 8)
- age   1:    1262352 bytes,    1262352 total
- age   2:       8448 bytes,    1270800 total
- age   3:     191064 bytes,    1461864 total
- age   4:     274856 bytes,    1736720 total
- age   5:     508048 bytes,    2244768 total
- age   6:    6472248 bytes,    8717016 total
: 98178K->10866K(109248K), 0,0093362 secs] 98178K->10866K(502464K), 0,0094078 secs] [Times: user=0,03 sys=0,00, real=0,01 secs] 
Heap after GC invocations=6 (full 1):
 par new generation   total 109248K, used 10866K [0x00000000e0000000, 0x00000000e8000000, 0x00000000e8000000)
  eden space 87424K,   0% used [0x00000000e0000000, 0x00000000e0000000, 0x00000000e5560000)
  from space 21824K,  49% used [0x00000000e5560000, 0x00000000e5ffc900, 0x00000000e6ab0000)
  to   space 21824K,   0% used [0x00000000e6ab0000, 0x00000000e6ab0000, 0x00000000e8000000)
 concurrent mark-sweep generation total 393216K, used 0K [0x00000000e8000000, 0x0000000100000000, 0x0000000100000000)
 Metaspace       used 22199K, capacity 22536K, committed 22780K, reserved 1069056K
  class space    used 2574K, capacity 2733K, committed 2812K, reserved 1048576K
}
2018-06-19T14:44:43.603+0200: 3,600: Total time for which application threads were stopped: 0,0095635 seconds, Stopping threads took: 0,0000145 seconds
2018-06-19T14:44:43.769+0200: 3,766: Total time for which application threads were stopped: 0,0005158 seconds, Stopping threads took: 0,0000629 seconds
2018-06-19T14:44:43.786+0200: 3,783: Total time for which application threads were stopped: 0,0021471 seconds, Stopping threads took: 0,0017697 seconds
2018-06-19T14:44:44.092+0200: 4,089: Total time for which application threads were stopped: 0,0005898 seconds, Stopping threads took: 0,0000665 seconds
2018-06-19T14:44:44.099+0200: 4,095: Total time for which application threads were stopped: 0,0001970 seconds, Stopping threads took: 0,0000761 seconds
2018-06-19T14:44:44.099+0200: 4,096: Total time for which application threads were stopped: 0,0001018 seconds, Stopping threads took: 0,0000511 seconds
2018-06-19T14:44:44.113+0200: 4,110: Total time for which application threads were stopped: 0,0003190 seconds, Stopping threads took: 0,0000786 seconds
2018-06-19T14:44:44.118+0200: 4,114: Total time for which application threads were stopped: 0,0011311 seconds, Stopping threads took: 0,0010284 seconds
2018-06-19T14:44:44.118+0200: 4,115: Total time for which application threads were stopped: 0,0001399 seconds, Stopping threads took: 0,0000620 seconds
2018-06-19T14:44:44.120+0200: 4,117: Total time for which application threads were stopped: 0,0004733 seconds, Stopping threads took: 0,0002864 seconds
2018-06-19T14:44:44.120+0200: 4,117: Total time for which application threads were stopped: 0,0001585 seconds, Stopping threads took: 0,0000436 seconds
2018-06-19T14:44:44.121+0200: 4,117: Total time for which application threads were stopped: 0,0001357 seconds, Stopping threads took: 0,0000221 seconds
2018-06-19T14:44:44.121+0200: 4,118: Total time for which application threads were stopped: 0,0001802 seconds, Stopping threads took: 0,0000517 seconds
2018-06-19T14:44:44.123+0200: 4,119: Total time for which application threads were stopped: 0,0009759 seconds, Stopping threads took: 0,0008506 seconds
2018-06-19T14:44:44.123+0200: 4,119: Total time for which application threads were stopped: 0,0001002 seconds, Stopping threads took: 0,0000231 seconds
2018-06-19T14:44:44.123+0200: 4,119: Total time for which application threads were stopped: 0,0001022 seconds, Stopping threads took: 0,0000322 seconds
2018-06-19T14:44:44.124+0200: 4,120: Total time for which application threads were stopped: 0,0001555 seconds, Stopping threads took: 0,0000457 seconds
2018-06-19T14:44:44.124+0200: 4,120: Total time for which application threads were stopped: 0,0001111 seconds, Stopping threads took: 0,0000280 seconds
2018-06-19T14:44:44.126+0200: 4,122: Total time for which application threads were stopped: 0,0017963 seconds, Stopping threads took: 0,0016180 seconds
2018-06-19T14:44:44.127+0200: 4,123: Total time for which application threads were stopped: 0,0001880 seconds, Stopping threads took: 0,0000501 seconds
2018-06-19T14:44:44.127+0200: 4,124: Total time for which application threads were stopped: 0,0001030 seconds, Stopping threads took: 0,0000333 seconds
2018-06-19T14:44:44.128+0200: 4,125: Total time for which application threads were stopped: 0,0009775 seconds, Stopping threads took: 0,0008755 seconds
2018-06-19T14:44:44.129+0200: 4,125: Total time for which application threads were stopped: 0,0001261 seconds, Stopping threads took: 0,0000231 seconds
2018-06-19T14:44:44.129+0200: 4,125: Total time for which application threads were stopped: 0,0001195 seconds, Stopping threads took: 0,0000196 seconds
2018-06-19T14:44:44.129+0200: 4,125: Total time for which application threads were stopped: 0,0001240 seconds, Stopping threads took: 0,0000443 seconds
2018-06-19T14:44:44.129+0200: 4,126: Total time for which application threads were stopped: 0,0002347 seconds, Stopping threads took: 0,0000190 seconds
2018-06-19T14:44:44.130+0200: 4,126: Total time for which application threads were stopped: 0,0000753 seconds, Stopping threads took: 0,0000160 seconds
2018-06-19T14:44:44.130+0200: 4,126: Total time for which application threads were stopped: 0,0000682 seconds, Stopping threads took: 0,0000128 seconds
2018-06-19T14:44:44.130+0200: 4,126: Total time for which application threads were stopped: 0,0000683 seconds, Stopping threads took: 0,0000122 seconds
2018-06-19T14:44:44.130+0200: 4,127: Total time for which application threads were stopped: 0,0000663 seconds, Stopping threads took: 0,0000120 seconds
2018-06-19T14:44:44.130+0200: 4,127: Total time for which application threads were stopped: 0,0000650 seconds, Stopping threads took: 0,0000114 seconds
2018-06-19T14:44:44.130+0200: 4,127: Total time for which application threads were stopped: 0,0000648 seconds, Stopping threads took: 0,0000118 seconds
2018-06-19T14:44:44.130+0200: 4,127: Total time for which application threads were stopped: 0,0000681 seconds, Stopping threads took: 0,0000157 seconds
2018-06-19T14:44:44.132+0200: 4,128: Total time for which application threads were stopped: 0,0001829 seconds, Stopping threads took: 0,0000541 seconds
2018-06-19T14:44:44.132+0200: 4,128: Total time for which application threads were stopped: 0,0001930 seconds, Stopping threads took: 0,0000488 seconds
2018-06-19T14:44:44.132+0200: 4,129: Total time for which application threads were stopped: 0,0001777 seconds, Stopping threads took: 0,0000512 seconds
2018-06-19T14:44:44.135+0200: 4,131: Total time for which application threads were stopped: 0,0001830 seconds, Stopping threads took: 0,0000376 seconds
2018-06-19T14:44:44.136+0200: 4,132: Total time for which application threads were stopped: 0,0005913 seconds, Stopping threads took: 0,0005003 seconds
2018-06-19T14:44:44.138+0200: 4,135: Total time for which application threads were stopped: 0,0002092 seconds, Stopping threads took: 0,0000557 seconds
2018-06-19T14:44:44.138+0200: 4,135: Total time for which application threads were stopped: 0,0001135 seconds, Stopping threads took: 0,0000190 seconds
2018-06-19T14:44:44.138+0200: 4,135: Total time for which application threads were stopped: 0,0001048 seconds, Stopping threads took: 0,0000171 seconds
2018-06-19T14:44:44.139+0200: 4,135: Total time for which application threads were stopped: 0,0000868 seconds, Stopping threads took: 0,0000139 seconds
2018-06-19T14:44:44.140+0200: 4,136: Total time for which application threads were stopped: 0,0002138 seconds, Stopping threads took: 0,0000674 seconds
2018-06-19T14:44:44.140+0200: 4,137: Total time for which application threads were stopped: 0,0001507 seconds, Stopping threads took: 0,0000683 seconds
2018-06-19T14:44:44.141+0200: 4,137: Total time for which application threads were stopped: 0,0003548 seconds, Stopping threads took: 0,0002676 seconds
2018-06-19T14:44:44.141+0200: 4,137: Total time for which application threads were stopped: 0,0000882 seconds, Stopping threads took: 0,0000178 seconds
2018-06-19T14:44:44.141+0200: 4,137: Total time for which application threads were stopped: 0,0001074 seconds, Stopping threads took: 0,0000148 seconds
2018-06-19T14:44:44.141+0200: 4,138: Total time for which application threads were stopped: 0,0000943 seconds, Stopping threads took: 0,0000180 seconds
2018-06-19T14:44:44.141+0200: 4,138: Total time for which application threads were stopped: 0,0000653 seconds, Stopping threads took: 0,0000141 seconds
2018-06-19T14:44:44.142+0200: 4,138: Total time for which application threads were stopped: 0,0001617 seconds, Stopping threads took: 0,0000632 seconds
2018-06-19T14:44:44.142+0200: 4,138: Total time for which application threads were stopped: 0,0000857 seconds, Stopping threads took: 0,0000193 seconds
2018-06-19T14:44:44.142+0200: 4,139: Total time for which application threads were stopped: 0,0004226 seconds, Stopping threads took: 0,0000168 seconds
2018-06-19T14:44:44.146+0200: 4,143: Total time for which application threads were stopped: 0,0003960 seconds, Stopping threads took: 0,0000274 seconds
2018-06-19T14:44:44.148+0200: 4,144: Total time for which application threads were stopped: 0,0001741 seconds, Stopping threads took: 0,0000653 seconds
2018-06-19T14:44:44.148+0200: 4,145: Total time for which application threads were stopped: 0,0001625 seconds, Stopping threads took: 0,0000534 seconds
2018-06-19T14:44:44.166+0200: 4,163: Total time for which application threads were stopped: 0,0006981 seconds, Stopping threads took: 0,0005679 seconds
2018-06-19T14:44:44.181+0200: 4,177: Total time for which application threads were stopped: 0,0001750 seconds, Stopping threads took: 0,0000495 seconds
2018-06-19T14:44:44.186+0200: 4,183: Total time for which application threads were stopped: 0,0002154 seconds, Stopping threads took: 0,0000789 seconds
2018-06-19T14:44:44.189+0200: 4,186: Total time for which application threads were stopped: 0,0001867 seconds, Stopping threads took: 0,0000405 seconds
2018-06-19T14:44:44.202+0200: 4,199: Total time for which application threads were stopped: 0,0001910 seconds, Stopping threads took: 0,0000738 seconds
2018-06-19T14:44:44.209+0200: 4,206: Total time for which application threads were stopped: 0,0001613 seconds, Stopping threads took: 0,0000470 seconds
2018-06-19T14:44:44.243+0200: 4,239: Total time for which application threads were stopped: 0,0001504 seconds, Stopping threads took: 0,0000361 seconds
2018-06-19T14:44:44.246+0200: 4,243: Total time for which application threads were stopped: 0,0002196 seconds, Stopping threads took: 0,0001006 seconds
2018-06-19T14:44:44.254+0200: 4,251: Total time for which application threads were stopped: 0,0001608 seconds, Stopping threads took: 0,0000405 seconds
2018-06-19T14:44:44.294+0200: 4,291: Total time for which application threads were stopped: 0,0025836 seconds, Stopping threads took: 0,0019144 seconds
2018-06-19T14:44:44.301+0200: 4,297: Total time for which application threads were stopped: 0,0004594 seconds, Stopping threads took: 0,0000476 seconds
2018-06-19T14:44:44.319+0200: 4,316: Total time for which application threads were stopped: 0,0005726 seconds, Stopping threads took: 0,0000391 seconds
2018-06-19T14:44:44.320+0200: 4,316: Total time for which application threads were stopped: 0,0001294 seconds, Stopping threads took: 0,0000343 seconds
{Heap before GC invocations=6 (full 1):
 par new generation   total 109248K, used 98290K [0x00000000e0000000, 0x00000000e8000000, 0x00000000e8000000)
  eden space 87424K, 100% used [0x00000000e0000000, 0x00000000e5560000, 0x00000000e5560000)
  from space 21824K,  49% used [0x00000000e5560000, 0x00000000e5ffc900, 0x00000000e6ab0000)
  to   space 21824K,   0% used [0x00000000e6ab0000, 0x00000000e6ab0000, 0x00000000e8000000)
 concurrent mark-sweep generation total 393216K, used 0K [0x00000000e8000000, 0x0000000100000000, 0x0000000100000000)
 Metaspace       used 26279K, capacity 26870K, committed 27132K, reserved 1073152K
  class space    used 3027K, capacity 3222K, committed 3324K, reserved 1048576K
2018-06-19T14:44:44.326+0200: 4,322: [GC (Allocation Failure) 2018-06-19T14:44:44.326+0200: 4,322: [ParNew
Desired survivor size 20112992 bytes, new threshold 7 (max 8)
- age   1:   12747680 bytes,   12747680 total
- age   2:     352648 bytes,   13100328 total
- age   3:       8400 bytes,   13108728 total
- age   4:     187928 bytes,   13296656 total
- age   5:     268400 bytes,   13565056 total
- age   6:     485824 bytes,   14050880 total
- age   7:    6465144 bytes,   20516024 total
: 98290K->21766K(109248K), 0,0237136 secs] 98290K->21766K(502464K), 0,0238208 secs] [Times: user=0,08 sys=0,00, real=0,02 secs] 
Heap after GC invocations=7 (full 1):
 par new generation   total 109248K, used 21766K [0x00000000e0000000, 0x00000000e8000000, 0x00000000e8000000)
  eden space 87424K,   0% used [0x00000000e0000000, 0x00000000e0000000, 0x00000000e5560000)
  from space 21824K,  99% used [0x00000000e6ab0000, 0x00000000e7ff1a80, 0x00000000e8000000)
  to   space 21824K,   0% used [0x00000000e5560000, 0x00000000e5560000, 0x00000000e6ab0000)
 concurrent mark-sweep generation total 393216K, used 0K [0x00000000e8000000, 0x0000000100000000, 0x0000000100000000)
 Metaspace       used 26279K, capacity 26870K, committed 27132K, reserved 1073152K
  class space    used 3027K, capacity 3222K, committed 3324K, reserved 1048576K
}
2018-06-19T14:44:44.350+0200: 4,346: Total time for which application threads were stopped: 0,0241110 seconds, Stopping threads took: 0,0000752 seconds
2018-06-19T14:44:44.427+0200: 4,424: Total time for which application threads were stopped: 0,0103162 seconds, Stopping threads took: 0,0097641 seconds
2018-06-19T14:44:44.433+0200: 4,429: Total time for which application threads were stopped: 0,0002694 seconds, Stopping threads took: 0,0001733 seconds
2018-06-19T14:44:44.433+0200: 4,430: Total time for which application threads were stopped: 0,0001303 seconds, Stopping threads took: 0,0000563 seconds
2018-06-19T14:44:44.458+0200: 4,454: Total time for which application threads were stopped: 0,0002111 seconds, Stopping threads took: 0,0001050 seconds
2018-06-19T14:44:44.467+0200: 4,463: Total time for which application threads were stopped: 0,0032283 seconds, Stopping threads took: 0,0030830 seconds
2018-06-19T14:44:44.471+0200: 4,468: Total time for which application threads were stopped: 0,0001787 seconds, Stopping threads took: 0,0000561 seconds
2018-06-19T14:44:44.471+0200: 4,468: Total time for which application threads were stopped: 0,0000958 seconds, Stopping threads took: 0,0000247 seconds
2018-06-19T14:44:44.472+0200: 4,468: Total time for which application threads were stopped: 0,0000766 seconds, Stopping threads took: 0,0000208 seconds
2018-06-19T14:44:44.472+0200: 4,468: Total time for which application threads were stopped: 0,0000871 seconds, Stopping threads took: 0,0000239 seconds
2018-06-19T14:44:44.472+0200: 4,468: Total time for which application threads were stopped: 0,0000918 seconds, Stopping threads took: 0,0000312 seconds
2018-06-19T14:44:44.472+0200: 4,469: Total time for which application threads were stopped: 0,0001020 seconds, Stopping threads took: 0,0000250 seconds
2018-06-19T14:44:44.472+0200: 4,469: Total time for which application threads were stopped: 0,0000839 seconds, Stopping threads took: 0,0000216 seconds
2018-06-19T14:44:44.473+0200: 4,469: Total time for which application threads were stopped: 0,0002743 seconds, Stopping threads took: 0,0000208 seconds
2018-06-19T14:44:44.480+0200: 4,476: Total time for which application threads were stopped: 0,0001629 seconds, Stopping threads took: 0,0000537 seconds
2018-06-19T14:44:44.514+0200: 4,511: Total time for which application threads were stopped: 0,0006987 seconds, Stopping threads took: 0,0004993 seconds
2018-06-19T14:44:44.526+0200: 4,522: Total time for which application threads were stopped: 0,0006982 seconds, Stopping threads took: 0,0005513 seconds
2018-06-19T14:44:44.578+0200: 4,574: Total time for which application threads were stopped: 0,0011002 seconds, Stopping threads took: 0,0005369 seconds
{Heap before GC invocations=7 (full 1):
 par new generation   total 109248K, used 109190K [0x00000000e0000000, 0x00000000e8000000, 0x00000000e8000000)
  eden space 87424K, 100% used [0x00000000e0000000, 0x00000000e5560000, 0x00000000e5560000)
  from space 21824K,  99% used [0x00000000e6ab0000, 0x00000000e7ff1a80, 0x00000000e8000000)
  to   space 21824K,   0% used [0x00000000e5560000, 0x00000000e5560000, 0x00000000e6ab0000)
 concurrent mark-sweep generation total 393216K, used 0K [0x00000000e8000000, 0x0000000100000000, 0x0000000100000000)
 Metaspace       used 28024K, capacity 28580K, committed 28796K, reserved 1075200K
  class space    used 3225K, capacity 3421K, committed 3452K, reserved 1048576K
2018-06-19T14:44:44.729+0200: 4,726: [GC (Allocation Failure) 2018-06-19T14:44:44.729+0200: 4,726: [ParNew
Desired survivor size 20112992 bytes, new threshold 8 (max 8)
- age   1:    6536408 bytes,    6536408 total
- age   2:    9222704 bytes,   15759112 total
- age   3:     351888 bytes,   16111000 total
- age   4:       8400 bytes,   16119400 total
- age   5:     187752 bytes,   16307152 total
- age   6:     268128 bytes,   16575280 total
- age   7:     477744 bytes,   17053024 total
: 109190K->21824K(109248K), 0,0762161 secs] 109190K->28783K(502464K), 0,0762824 secs] [Times: user=0,22 sys=0,01, real=0,08 secs] 
Heap after GC invocations=8 (full 1):
 par new generation   total 109248K, used 21824K [0x00000000e0000000, 0x00000000e8000000, 0x00000000e8000000)
  eden space 87424K,   0% used [0x00000000e0000000, 0x00000000e0000000, 0x00000000e5560000)
  from space 21824K, 100% used [0x00000000e5560000, 0x00000000e6ab0000, 0x00000000e6ab0000)
  to   space 21824K,   0% used [0x00000000e6ab0000, 0x00000000e6ab0000, 0x00000000e8000000)
 concurrent mark-sweep generation total 393216K, used 6959K [0x00000000e8000000, 0x0000000100000000, 0x0000000100000000)
 Metaspace       used 28024K, capacity 28580K, committed 28796K, reserved 1075200K
  class space    used 3225K, capacity 3421K, committed 3452K, reserved 1048576K
}
2018-06-19T14:44:44.806+0200: 4,802: Total time for which application threads were stopped: 0,0766672 seconds, Stopping threads took: 0,0000674 seconds
2018-06-19T14:44:44.812+0200: 4,808: Total time for which application threads were stopped: 0,0002635 seconds, Stopping threads took: 0,0001176 seconds
2018-06-19T14:44:44.813+0200: 4,810: Total time for which application threads were stopped: 0,0014341 seconds, Stopping threads took: 0,0013178 seconds
2018-06-19T14:44:44.815+0200: 4,811: Total time for which application threads were stopped: 0,0007368 seconds, Stopping threads took: 0,0005795 seconds
{Heap before GC invocations=8 (full 1):
 par new generation   total 109248K, used 109233K [0x00000000e0000000, 0x00000000e8000000, 0x00000000e8000000)
  eden space 87424K,  99% used [0x00000000e0000000, 0x00000000e555c6e0, 0x00000000e5560000)
  from space 21824K, 100% used [0x00000000e5560000, 0x00000000e6ab0000, 0x00000000e6ab0000)
  to   space 21824K,   0% used [0x00000000e6ab0000, 0x00000000e6ab0000, 0x00000000e8000000)
 concurrent mark-sweep generation total 393216K, used 6959K [0x00000000e8000000, 0x0000000100000000, 0x0000000100000000)
 Metaspace       used 28063K, capacity 28666K, committed 28796K, reserved 1075200K
  class space    used 3227K, capacity 3425K, committed 3452K, reserved 1048576K
2018-06-19T14:44:44.891+0200: 4,887: [GC (Allocation Failure) 2018-06-19T14:44:44.891+0200: 4,888: [ParNew
Desired survivor size 20112992 bytes, new threshold 8 (max 8)
- age   1:     578416 bytes,     578416 total
- age   2:    4991328 bytes,    5569744 total
- age   3:    9220112 bytes,   14789856 total
- age   4:     351888 bytes,   15141744 total
- age   5:       8400 bytes,   15150144 total
- age   6:     187544 bytes,   15337688 total
- age   7:     268128 bytes,   15605816 total
- age   8:     477720 bytes,   16083536 total
: 109233K->21824K(109248K), 0,0217776 secs] 116192K->28783K(502464K), 0,0218782 secs] [Times: user=0,08 sys=0,00, real=0,02 secs] 
Heap after GC invocations=9 (full 1):
 par new generation   total 109248K, used 21824K [0x00000000e0000000, 0x00000000e8000000, 0x00000000e8000000)
  eden space 87424K,   0% used [0x00000000e0000000, 0x00000000e0000000, 0x00000000e5560000)
  from space 21824K, 100% used [0x00000000e6ab0000, 0x00000000e8000000, 0x00000000e8000000)
  to   space 21824K,   0% used [0x00000000e5560000, 0x00000000e5560000, 0x00000000e6ab0000)
 concurrent mark-sweep generation total 393216K, used 6959K [0x00000000e8000000, 0x0000000100000000, 0x0000000100000000)
 Metaspace       used 28063K, capacity 28666K, committed 28796K, reserved 1075200K
  class space    used 3227K, capacity 3425K, committed 3452K, reserved 1048576K
}
2018-06-19T14:44:44.913+0200: 4,909: Total time for which application threads were stopped: 0,0250000 seconds, Stopping threads took: 0,0029291 seconds
2018-06-19T14:44:45.067+0200: 5,063: Total time for which application threads were stopped: 0,0002234 seconds, Stopping threads took: 0,0001219 seconds
2018-06-19T14:44:45.090+0200: 5,087: Total time for which application threads were stopped: 0,0002633 seconds, Stopping threads took: 0,0001314 seconds
2018-06-19T14:44:45.107+0200: 5,103: Total time for which application threads were stopped: 0,0065353 seconds, Stopping threads took: 0,0023981 seconds
2018-06-19T14:44:45.166+0200: 5,162: Total time for which application threads were stopped: 0,0209706 seconds, Stopping threads took: 0,0208233 seconds
2018-06-19T14:44:45.193+0200: 5,190: Total time for which application threads were stopped: 0,0001694 seconds, Stopping threads took: 0,0000507 seconds
2018-06-19T14:44:45.196+0200: 5,193: Total time for which application threads were stopped: 0,0023826 seconds, Stopping threads took: 0,0022992 seconds
2018-06-19T14:44:45.227+0200: 5,223: Total time for which application threads were stopped: 0,0006327 seconds, Stopping threads took: 0,0004660 seconds
{Heap before GC invocations=9 (full 1):
 par new generation   total 109248K, used 109248K [0x00000000e0000000, 0x00000000e8000000, 0x00000000e8000000)
  eden space 87424K, 100% used [0x00000000e0000000, 0x00000000e5560000, 0x00000000e5560000)
  from space 21824K, 100% used [0x00000000e6ab0000, 0x00000000e8000000, 0x00000000e8000000)
  to   space 21824K,   0% used [0x00000000e5560000, 0x00000000e5560000, 0x00000000e6ab0000)
 concurrent mark-sweep generation total 393216K, used 6959K [0x00000000e8000000, 0x0000000100000000, 0x0000000100000000)
 Metaspace       used 28290K, capacity 28968K, committed 29052K, reserved 1075200K
  class space    used 3238K, capacity 3439K, committed 3452K, reserved 1048576K
2018-06-19T14:44:45.263+0200: 5,260: [GC (Allocation Failure) 2018-06-19T14:44:45.263+0200: 5,260: [ParNew
Desired survivor size 20112992 bytes, new threshold 8 (max 8)
- age   1:    5521720 bytes,    5521720 total
- age   2:      91224 bytes,    5612944 total
- age   3:    4443472 bytes,   10056416 total
- age   4:    9010976 bytes,   19067392 total
- age   5:     351888 bytes,   19419280 total
- age   6:       8400 bytes,   19427680 total
- age   7:     187544 bytes,   19615224 total
- age   8:     268128 bytes,   19883352 total
: 109248K->21824K(109248K), 0,0378365 secs] 116207K->29501K(502464K), 0,0379033 secs] [Times: user=0,14 sys=0,01, real=0,03 secs] 
Heap after GC invocations=10 (full 1):
 par new generation   total 109248K, used 21824K [0x00000000e0000000, 0x00000000e8000000, 0x00000000e8000000)
  eden space 87424K,   0% used [0x00000000e0000000, 0x00000000e0000000, 0x00000000e5560000)
  from space 21824K, 100% used [0x00000000e5560000, 0x00000000e6ab0000, 0x00000000e6ab0000)
  to   space 21824K,   0% used [0x00000000e6ab0000, 0x00000000e6ab0000, 0x00000000e8000000)
 concurrent mark-sweep generation total 393216K, used 7677K [0x00000000e8000000, 0x0000000100000000, 0x0000000100000000)
 Metaspace       used 28290K, capacity 28968K, committed 29052K, reserved 1075200K
  class space    used 3238K, capacity 3439K, committed 3452K, reserved 1048576K
}
2018-06-19T14:44:45.301+0200: 5,298: Total time for which application threads were stopped: 0,0381494 seconds, Stopping threads took: 0,0000582 seconds
2018-06-19T14:44:45.306+0200: 5,303: Total time for which application threads were stopped: 0,0001271 seconds, Stopping threads took: 0,0000522 seconds
2018-06-19T14:44:45.307+0200: 5,304: Total time for which application threads were stopped: 0,0006241 seconds, Stopping threads took: 0,0005712 seconds
2018-06-19T14:44:46.307+0200: 6,304: Total time for which application threads were stopped: 0,0001102 seconds, Stopping threads took: 0,0000220 seconds
2018-06-19T14:44:48.880+0200: 8,876: Total time for which application threads were stopped: 0,0016259 seconds, Stopping threads took: 0,0000950 seconds
2018-06-19T14:44:49.745+0200: 9,741: Total time for which application threads were stopped: 0,0006729 seconds, Stopping threads took: 0,0000590 seconds
2018-06-19T14:44:49.746+0200: 9,742: Total time for which application threads were stopped: 0,0004612 seconds, Stopping threads took: 0,0000216 seconds
2018-06-19T14:44:49.751+0200: 9,747: Total time for which application threads were stopped: 0,0039253 seconds, Stopping threads took: 0,0038370 seconds
2018-06-19T14:44:49.751+0200: 9,748: Total time for which application threads were stopped: 0,0001428 seconds, Stopping threads took: 0,0000696 seconds
2018-06-19T14:44:49.752+0200: 9,748: Total time for which application threads were stopped: 0,0001244 seconds, Stopping threads took: 0,0000475 seconds
2018-06-19T14:44:49.753+0200: 9,749: Total time for which application threads were stopped: 0,0001195 seconds, Stopping threads took: 0,0000336 seconds
2018-06-19T14:44:49.753+0200: 9,749: Total time for which application threads were stopped: 0,0000747 seconds, Stopping threads took: 0,0000225 seconds
2018-06-19T14:44:50.753+0200: 10,749: Total time for which application threads were stopped: 0,0000865 seconds, Stopping threads took: 0,0000201 seconds
2018-06-19T14:44:52.753+0200: 12,750: Total time for which application threads were stopped: 0,0000788 seconds, Stopping threads took: 0,0000192 seconds
2018-06-19T14:44:53.588+0200: 13,584: Total time for which application threads were stopped: 0,0005765 seconds, Stopping threads took: 0,0005068 seconds
2018-06-19T14:44:53.590+0200: 13,587: Total time for which application threads were stopped: 0,0001026 seconds, Stopping threads took: 0,0000302 seconds
2018-06-19T14:44:54.590+0200: 14,587: Total time for which application threads were stopped: 0,0000918 seconds, Stopping threads took: 0,0000250 seconds
2018-06-19T14:44:55.591+0200: 15,587: Total time for which application threads were stopped: 0,0000798 seconds, Stopping threads took: 0,0000190 seconds
2018-06-19T14:44:56.591+0200: 16,587: Total time for which application threads were stopped: 0,0001260 seconds, Stopping threads took: 0,0000188 seconds
2018-06-19T14:45:29.994+0200: 49,991: Total time for which application threads were stopped: 0,0001339 seconds, Stopping threads took: 0,0000320 seconds
{Heap before GC invocations=10 (full 1):
 par new generation   total 109248K, used 109248K [0x00000000e0000000, 0x00000000e8000000, 0x00000000e8000000)
  eden space 87424K, 100% used [0x00000000e0000000, 0x00000000e5560000, 0x00000000e5560000)
  from space 21824K, 100% used [0x00000000e5560000, 0x00000000e6ab0000, 0x00000000e6ab0000)
  to   space 21824K,   0% used [0x00000000e6ab0000, 0x00000000e6ab0000, 0x00000000e8000000)
 concurrent mark-sweep generation total 393216K, used 7677K [0x00000000e8000000, 0x0000000100000000, 0x0000000100000000)
 Metaspace       used 30064K, capacity 30768K, committed 31100K, reserved 1077248K
  class space    used 3444K, capacity 3651K, committed 3708K, reserved 1048576K
2018-06-19T14:45:30.171+0200: 50,168: [GC (Allocation Failure) 2018-06-19T14:45:30.171+0200: 50,168: [ParNew
Desired survivor size 20112992 bytes, new threshold 5 (max 8)
- age   1:    2214104 bytes,    2214104 total
- age   2:    5495144 bytes,    7709248 total
- age   3:      91136 bytes,    7800384 total
- age   4:    4434304 bytes,   12234688 total
- age   5:    8709256 bytes,   20943944 total
- age   6:     277120 bytes,   21221064 total
- age   7:       8072 bytes,   21229136 total
- age   8:     154032 bytes,   21383168 total
: 109248K->21824K(109248K), 0,0302840 secs] 116925K->30250K(502464K), 0,0303622 secs] [Times: user=0,09 sys=0,01, real=0,02 secs] 
Heap after GC invocations=11 (full 1):
 par new generation   total 109248K, used 21824K [0x00000000e0000000, 0x00000000e8000000, 0x00000000e8000000)
  eden space 87424K,   0% used [0x00000000e0000000, 0x00000000e0000000, 0x00000000e5560000)
  from space 21824K, 100% used [0x00000000e6ab0000, 0x00000000e8000000, 0x00000000e8000000)
  to   space 21824K,   0% used [0x00000000e5560000, 0x00000000e5560000, 0x00000000e6ab0000)
 concurrent mark-sweep generation total 393216K, used 8426K [0x00000000e8000000, 0x0000000100000000, 0x0000000100000000)
 Metaspace       used 30064K, capacity 30768K, committed 31100K, reserved 1077248K
  class space    used 3444K, capacity 3651K, committed 3708K, reserved 1048576K
}
2018-06-19T14:45:30.202+0200: 50,198: Total time for which application threads were stopped: 0,0306368 seconds, Stopping threads took: 0,0000327 seconds
2018-06-19T14:45:30.340+0200: 50,337: Total time for which application threads were stopped: 0,0002210 seconds, Stopping threads took: 0,0000682 seconds
2018-06-19T14:45:30.352+0200: 50,348: Total time for which application threads were stopped: 0,0001848 seconds, Stopping threads took: 0,0000653 seconds
2018-06-19T14:45:30.354+0200: 50,351: Total time for which application threads were stopped: 0,0001169 seconds, Stopping threads took: 0,0000324 seconds
2018-06-19T14:45:30.354+0200: 50,351: Total time for which application threads were stopped: 0,0000836 seconds, Stopping threads took: 0,0000233 seconds
2018-06-19T14:45:30.355+0200: 50,351: Total time for which application threads were stopped: 0,0000757 seconds, Stopping threads took: 0,0000190 seconds
2018-06-19T14:45:30.355+0200: 50,352: Total time for which application threads were stopped: 0,0000901 seconds, Stopping threads took: 0,0000319 seconds
2018-06-19T14:45:30.355+0200: 50,352: Total time for which application threads were stopped: 0,0001355 seconds, Stopping threads took: 0,0000940 seconds
2018-06-19T14:45:30.355+0200: 50,352: Total time for which application threads were stopped: 0,0000612 seconds, Stopping threads took: 0,0000257 seconds
2018-06-19T14:45:30.356+0200: 50,352: Total time for which application threads were stopped: 0,0000622 seconds, Stopping threads took: 0,0000279 seconds
2018-06-19T14:45:30.356+0200: 50,352: Total time for which application threads were stopped: 0,0000615 seconds, Stopping threads took: 0,0000263 seconds
2018-06-19T14:45:30.356+0200: 50,352: Total time for which application threads were stopped: 0,0000514 seconds, Stopping threads took: 0,0000228 seconds
2018-06-19T14:45:30.356+0200: 50,352: Total time for which application threads were stopped: 0,0000596 seconds, Stopping threads took: 0,0000285 seconds
2018-06-19T14:45:30.356+0200: 50,353: Total time for which application threads were stopped: 0,0000610 seconds, Stopping threads took: 0,0000220 seconds
2018-06-19T14:45:30.356+0200: 50,353: Total time for which application threads were stopped: 0,0000467 seconds, Stopping threads took: 0,0000208 seconds
2018-06-19T14:45:30.356+0200: 50,353: Total time for which application threads were stopped: 0,0000526 seconds, Stopping threads took: 0,0000244 seconds
2018-06-19T14:45:30.356+0200: 50,353: Total time for which application threads were stopped: 0,0000517 seconds, Stopping threads took: 0,0000234 seconds
2018-06-19T14:45:30.359+0200: 50,355: Total time for which application threads were stopped: 0,0023636 seconds, Stopping threads took: 0,0022646 seconds
2018-06-19T14:45:30.363+0200: 50,360: Total time for which application threads were stopped: 0,0002815 seconds, Stopping threads took: 0,0002157 seconds
2018-06-19T14:45:30.363+0200: 50,360: Total time for which application threads were stopped: 0,0000513 seconds, Stopping threads took: 0,0000137 seconds
2018-06-19T14:45:30.363+0200: 50,360: Total time for which application threads were stopped: 0,0000570 seconds, Stopping threads took: 0,0000304 seconds
2018-06-19T14:45:30.363+0200: 50,360: Total time for which application threads were stopped: 0,0000558 seconds, Stopping threads took: 0,0000316 seconds
2018-06-19T14:45:30.363+0200: 50,360: Total time for which application threads were stopped: 0,0000732 seconds, Stopping threads took: 0,0000185 seconds
2018-06-19T14:45:30.373+0200: 50,369: Total time for which application threads were stopped: 0,0001850 seconds, Stopping threads took: 0,0000896 seconds
2018-06-19T14:45:30.373+0200: 50,369: Total time for which application threads were stopped: 0,0000846 seconds, Stopping threads took: 0,0000421 seconds
2018-06-19T14:45:30.373+0200: 50,370: Total time for which application threads were stopped: 0,0000730 seconds, Stopping threads took: 0,0000244 seconds
2018-06-19T14:45:30.385+0200: 50,382: Total time for which application threads were stopped: 0,0006024 seconds, Stopping threads took: 0,0001652 seconds
2018-06-19T14:45:30.386+0200: 50,383: Total time for which application threads were stopped: 0,0002413 seconds, Stopping threads took: 0,0000771 seconds
2018-06-19T14:45:30.386+0200: 50,383: Total time for which application threads were stopped: 0,0000432 seconds, Stopping threads took: 0,0000147 seconds
2018-06-19T14:45:30.386+0200: 50,383: Total time for which application threads were stopped: 0,0000354 seconds, Stopping threads took: 0,0000111 seconds
2018-06-19T14:45:30.386+0200: 50,383: Total time for which application threads were stopped: 0,0001032 seconds, Stopping threads took: 0,0000783 seconds
2018-06-19T14:45:30.386+0200: 50,383: Total time for which application threads were stopped: 0,0000513 seconds, Stopping threads took: 0,0000280 seconds
2018-06-19T14:45:30.387+0200: 50,383: Total time for which application threads were stopped: 0,0000348 seconds, Stopping threads took: 0,0000124 seconds
2018-06-19T14:45:30.387+0200: 50,383: Total time for which application threads were stopped: 0,0000446 seconds, Stopping threads took: 0,0000211 seconds
2018-06-19T14:45:30.387+0200: 50,383: Total time for which application threads were stopped: 0,0000712 seconds, Stopping threads took: 0,0000374 seconds
2018-06-19T14:45:30.387+0200: 50,383: Total time for which application threads were stopped: 0,0000978 seconds, Stopping threads took: 0,0000285 seconds
2018-06-19T14:45:30.387+0200: 50,384: Total time for which application threads were stopped: 0,0001020 seconds, Stopping threads took: 0,0000529 seconds
2018-06-19T14:45:30.387+0200: 50,384: Total time for which application threads were stopped: 0,0000548 seconds, Stopping threads took: 0,0000278 seconds
2018-06-19T14:45:30.388+0200: 50,384: Total time for which application threads were stopped: 0,0000415 seconds, Stopping threads took: 0,0000170 seconds
2018-06-19T14:45:30.388+0200: 50,384: Total time for which application threads were stopped: 0,0000575 seconds, Stopping threads took: 0,0000337 seconds
2018-06-19T14:45:30.388+0200: 50,384: Total time for which application threads were stopped: 0,0000426 seconds, Stopping threads took: 0,0000193 seconds
2018-06-19T14:45:30.388+0200: 50,384: Total time for which application threads were stopped: 0,0000405 seconds, Stopping threads took: 0,0000169 seconds
2018-06-19T14:45:30.388+0200: 50,384: Total time for which application threads were stopped: 0,0000479 seconds, Stopping threads took: 0,0000248 seconds
2018-06-19T14:45:30.388+0200: 50,384: Total time for which application threads were stopped: 0,0000484 seconds, Stopping threads took: 0,0000243 seconds
2018-06-19T14:45:30.388+0200: 50,384: Total time for which application threads were stopped: 0,0000538 seconds, Stopping threads took: 0,0000267 seconds
2018-06-19T14:45:30.388+0200: 50,385: Total time for which application threads were stopped: 0,0001348 seconds, Stopping threads took: 0,0000145 seconds
2018-06-19T14:45:30.396+0200: 50,393: Total time for which application threads were stopped: 0,0001281 seconds, Stopping threads took: 0,0000460 seconds
2018-06-19T14:45:30.396+0200: 50,393: Total time for which application threads were stopped: 0,0000720 seconds, Stopping threads took: 0,0000302 seconds
2018-06-19T14:45:30.423+0200: 50,420: Total time for which application threads were stopped: 0,0001385 seconds, Stopping threads took: 0,0000510 seconds
2018-06-19T14:45:30.424+0200: 50,420: Total time for which application threads were stopped: 0,0000610 seconds, Stopping threads took: 0,0000294 seconds
2018-06-19T14:45:30.424+0200: 50,420: Total time for which application threads were stopped: 0,0000563 seconds, Stopping threads took: 0,0000217 seconds
2018-06-19T14:45:30.424+0200: 50,420: Total time for which application threads were stopped: 0,0000593 seconds, Stopping threads took: 0,0000265 seconds
2018-06-19T14:45:30.424+0200: 50,421: Total time for which application threads were stopped: 0,0000720 seconds, Stopping threads took: 0,0000276 seconds
2018-06-19T14:45:30.424+0200: 50,421: Total time for which application threads were stopped: 0,0000579 seconds, Stopping threads took: 0,0000293 seconds
2018-06-19T14:45:30.425+0200: 50,421: Total time for which application threads were stopped: 0,0000982 seconds, Stopping threads took: 0,0000346 seconds
2018-06-19T14:45:30.425+0200: 50,421: Total time for which application threads were stopped: 0,0000702 seconds, Stopping threads took: 0,0000285 seconds
2018-06-19T14:45:30.425+0200: 50,422: Total time for which application threads were stopped: 0,0000942 seconds, Stopping threads took: 0,0000354 seconds
2018-06-19T14:45:30.425+0200: 50,422: Total time for which application threads were stopped: 0,0000707 seconds, Stopping threads took: 0,0000295 seconds
2018-06-19T14:45:30.426+0200: 50,422: Total time for which application threads were stopped: 0,0000822 seconds, Stopping threads took: 0,0000278 seconds
2018-06-19T14:45:30.426+0200: 50,422: Total time for which application threads were stopped: 0,0000669 seconds, Stopping threads took: 0,0000236 seconds
2018-06-19T14:45:30.426+0200: 50,423: Total time for which application threads were stopped: 0,0000829 seconds, Stopping threads took: 0,0000326 seconds
2018-06-19T14:45:30.426+0200: 50,423: Total time for which application threads were stopped: 0,0001954 seconds, Stopping threads took: 0,0000284 seconds
2018-06-19T14:45:31.427+0200: 51,423: Total time for which application threads were stopped: 0,0000979 seconds, Stopping threads took: 0,0000190 seconds
2018-06-19T14:45:31.451+0200: 51,448: Total time for which application threads were stopped: 0,0001235 seconds, Stopping threads took: 0,0000377 seconds
2018-06-19T14:45:31.451+0200: 51,448: Total time for which application threads were stopped: 0,0000777 seconds, Stopping threads took: 0,0000162 seconds
2018-06-19T14:45:31.452+0200: 51,449: Total time for which application threads were stopped: 0,0001395 seconds, Stopping threads took: 0,0000515 seconds
2018-06-19T14:45:31.452+0200: 51,449: Total time for which application threads were stopped: 0,0000655 seconds, Stopping threads took: 0,0000143 seconds
2018-06-19T14:45:31.453+0200: 51,449: Total time for which application threads were stopped: 0,0000720 seconds, Stopping threads took: 0,0000241 seconds
2018-06-19T14:45:31.454+0200: 51,450: Total time for which application threads were stopped: 0,0001377 seconds, Stopping threads took: 0,0000525 seconds
2018-06-19T14:45:31.454+0200: 51,450: Total time for which application threads were stopped: 0,0000820 seconds, Stopping threads took: 0,0000340 seconds
2018-06-19T14:45:31.454+0200: 51,450: Total time for which application threads were stopped: 0,0000689 seconds, Stopping threads took: 0,0000260 seconds
2018-06-19T14:45:31.454+0200: 51,450: Total time for which application threads were stopped: 0,0000539 seconds, Stopping threads took: 0,0000170 seconds
2018-06-19T14:45:31.454+0200: 51,451: Total time for which application threads were stopped: 0,0000691 seconds, Stopping threads took: 0,0000260 seconds
2018-06-19T14:45:31.454+0200: 51,451: Total time for which application threads were stopped: 0,0000594 seconds, Stopping threads took: 0,0000255 seconds
2018-06-19T14:45:31.454+0200: 51,451: Total time for which application threads were stopped: 0,0000561 seconds, Stopping threads took: 0,0000212 seconds
2018-06-19T14:45:31.455+0200: 51,451: Total time for which application threads were stopped: 0,0000958 seconds, Stopping threads took: 0,0000495 seconds
2018-06-19T14:45:31.458+0200: 51,454: Total time for which application threads were stopped: 0,0001069 seconds, Stopping threads took: 0,0000287 seconds
2018-06-19T14:45:31.458+0200: 51,455: Total time for which application threads were stopped: 0,0000455 seconds, Stopping threads took: 0,0000147 seconds
2018-06-19T14:45:31.460+0200: 51,457: Total time for which application threads were stopped: 0,0001629 seconds, Stopping threads took: 0,0000497 seconds
2018-06-19T14:45:31.462+0200: 51,459: Total time for which application threads were stopped: 0,0019272 seconds, Stopping threads took: 0,0018314 seconds
2018-06-19T14:45:31.463+0200: 51,460: Total time for which application threads were stopped: 0,0001031 seconds, Stopping threads took: 0,0000261 seconds
2018-06-19T14:45:31.466+0200: 51,462: Total time for which application threads were stopped: 0,0001747 seconds, Stopping threads took: 0,0000736 seconds
2018-06-19T14:45:31.467+0200: 51,464: Total time for which application threads were stopped: 0,0001243 seconds, Stopping threads took: 0,0000277 seconds
2018-06-19T14:45:31.468+0200: 51,465: Total time for which application threads were stopped: 0,0000767 seconds, Stopping threads took: 0,0000241 seconds
2018-06-19T14:45:31.474+0200: 51,470: Total time for which application threads were stopped: 0,0001397 seconds, Stopping threads took: 0,0000560 seconds
2018-06-19T14:45:31.475+0200: 51,471: Total time for which application threads were stopped: 0,0001577 seconds, Stopping threads took: 0,0000560 seconds
2018-06-19T14:45:31.479+0200: 51,475: Total time for which application threads were stopped: 0,0001313 seconds, Stopping threads took: 0,0000480 seconds
2018-06-19T14:45:31.479+0200: 51,475: Total time for which application threads were stopped: 0,0000743 seconds, Stopping threads took: 0,0000157 seconds
2018-06-19T14:45:32.479+0200: 52,476: Total time for which application threads were stopped: 0,0003762 seconds, Stopping threads took: 0,0001328 seconds
2018-06-19T14:45:36.436+0200: 56,432: Total time for which application threads were stopped: 0,0000914 seconds, Stopping threads took: 0,0000196 seconds
2018-06-19T14:45:36.437+0200: 56,433: Total time for which application threads were stopped: 0,0000782 seconds, Stopping threads took: 0,0000139 seconds
2018-06-19T14:45:37.282+0200: 57,278: Total time for which application threads were stopped: 0,0002544 seconds, Stopping threads took: 0,0000791 seconds
2018-06-19T14:45:38.282+0200: 58,279: Total time for which application threads were stopped: 0,0001740 seconds, Stopping threads took: 0,0000799 seconds
2018-06-19T14:45:39.189+0200: 59,186: Total time for which application threads were stopped: 0,0001479 seconds, Stopping threads took: 0,0000361 seconds
2018-06-19T14:45:39.190+0200: 59,186: Total time for which application threads were stopped: 0,0001635 seconds, Stopping threads took: 0,0000573 seconds
2018-06-19T14:45:39.190+0200: 59,187: Total time for which application threads were stopped: 0,0001079 seconds, Stopping threads took: 0,0000191 seconds
2018-06-19T14:45:39.190+0200: 59,187: Total time for which application threads were stopped: 0,0001010 seconds, Stopping threads took: 0,0000252 seconds
2018-06-19T14:45:39.191+0200: 59,187: Total time for which application threads were stopped: 0,0002601 seconds, Stopping threads took: 0,0000400 seconds
2018-06-19T14:45:39.195+0200: 59,192: Total time for which application threads were stopped: 0,0001296 seconds, Stopping threads took: 0,0000290 seconds
2018-06-19T14:45:39.196+0200: 59,192: Total time for which application threads were stopped: 0,0000728 seconds, Stopping threads took: 0,0000160 seconds
2018-06-19T14:45:39.201+0200: 59,197: Total time for which application threads were stopped: 0,0001580 seconds, Stopping threads took: 0,0000639 seconds
2018-06-19T14:45:39.201+0200: 59,197: Total time for which application threads were stopped: 0,0000879 seconds, Stopping threads took: 0,0000206 seconds
2018-06-19T14:45:40.202+0200: 60,198: Total time for which application threads were stopped: 0,0003928 seconds, Stopping threads took: 0,0001067 seconds
2018-06-19T14:45:42.202+0200: 62,198: Total time for which application threads were stopped: 0,0000788 seconds, Stopping threads took: 0,0000182 seconds
2018-06-19T14:45:49.481+0200: 69,478: Total time for which application threads were stopped: 0,0005295 seconds, Stopping threads took: 0,0000228 seconds
2018-06-19T14:45:49.491+0200: 69,487: Total time for which application threads were stopped: 0,0001101 seconds, Stopping threads took: 0,0000299 seconds
2018-06-19T14:45:49.491+0200: 69,487: Total time for which application threads were stopped: 0,0000864 seconds, Stopping threads took: 0,0000192 seconds
2018-06-19T14:45:49.491+0200: 69,488: Total time for which application threads were stopped: 0,0000721 seconds, Stopping threads took: 0,0000159 seconds
2018-06-19T14:45:49.493+0200: 69,489: Total time for which application threads were stopped: 0,0004746 seconds, Stopping threads took: 0,0001234 seconds
2018-06-19T14:45:49.493+0200: 69,490: Total time for which application threads were stopped: 0,0001189 seconds, Stopping threads took: 0,0000366 seconds
2018-06-19T14:45:49.493+0200: 69,490: Total time for which application threads were stopped: 0,0001326 seconds, Stopping threads took: 0,0000677 seconds
2018-06-19T14:45:49.502+0200: 69,499: Total time for which application threads were stopped: 0,0001495 seconds, Stopping threads took: 0,0000576 seconds
2018-06-19T14:45:49.505+0200: 69,501: Total time for which application threads were stopped: 0,0001293 seconds, Stopping threads took: 0,0000505 seconds
2018-06-19T14:45:49.505+0200: 69,501: Total time for which application threads were stopped: 0,0000945 seconds, Stopping threads took: 0,0000319 seconds
2018-06-19T14:45:49.505+0200: 69,502: Total time for which application threads were stopped: 0,0000782 seconds, Stopping threads took: 0,0000251 seconds
2018-06-19T14:45:49.505+0200: 69,502: Total time for which application threads were stopped: 0,0000621 seconds, Stopping threads took: 0,0000135 seconds
2018-06-19T14:45:49.505+0200: 69,502: Total time for which application threads were stopped: 0,0000799 seconds, Stopping threads took: 0,0000289 seconds
2018-06-19T14:45:49.505+0200: 69,502: Total time for which application threads were stopped: 0,0000726 seconds, Stopping threads took: 0,0000278 seconds
2018-06-19T14:45:49.506+0200: 69,502: Total time for which application threads were stopped: 0,0000688 seconds, Stopping threads took: 0,0000238 seconds
2018-06-19T14:45:49.695+0200: 69,692: Total time for which application threads were stopped: 0,0002878 seconds, Stopping threads took: 0,0000762 seconds
2018-06-19T14:45:49.696+0200: 69,692: Total time for which application threads were stopped: 0,0000875 seconds, Stopping threads took: 0,0000244 seconds
2018-06-19T14:45:49.696+0200: 69,692: Total time for which application threads were stopped: 0,0000703 seconds, Stopping threads took: 0,0000210 seconds
2018-06-19T14:45:49.696+0200: 69,693: Total time for which application threads were stopped: 0,0000678 seconds, Stopping threads took: 0,0000151 seconds
2018-06-19T14:45:49.721+0200: 69,717: Total time for which application threads were stopped: 0,0001635 seconds, Stopping threads took: 0,0000389 seconds
2018-06-19T14:45:49.721+0200: 69,718: Total time for which application threads were stopped: 0,0001544 seconds, Stopping threads took: 0,0000608 seconds
2018-06-19T14:45:49.721+0200: 69,718: Total time for which application threads were stopped: 0,0003369 seconds, Stopping threads took: 0,0002541 seconds
2018-06-19T14:45:49.728+0200: 69,724: Total time for which application threads were stopped: 0,0001622 seconds, Stopping threads took: 0,0000497 seconds
2018-06-19T14:45:49.728+0200: 69,725: Total time for which application threads were stopped: 0,0000918 seconds, Stopping threads took: 0,0000376 seconds
2018-06-19T14:45:49.728+0200: 69,725: Total time for which application threads were stopped: 0,0000542 seconds, Stopping threads took: 0,0000118 seconds
2018-06-19T14:45:49.728+0200: 69,725: Total time for which application threads were stopped: 0,0000713 seconds, Stopping threads took: 0,0000093 seconds
2018-06-19T14:45:49.728+0200: 69,725: Total time for which application threads were stopped: 0,0000420 seconds, Stopping threads took: 0,0000086 seconds
2018-06-19T14:45:49.729+0200: 69,725: Total time for which application threads were stopped: 0,0000437 seconds, Stopping threads took: 0,0000092 seconds
2018-06-19T14:45:49.729+0200: 69,725: Total time for which application threads were stopped: 0,0000552 seconds, Stopping threads took: 0,0000071 seconds
2018-06-19T14:45:49.729+0200: 69,726: Total time for which application threads were stopped: 0,0000427 seconds, Stopping threads took: 0,0000104 seconds
2018-06-19T14:45:49.729+0200: 69,726: Total time for which application threads were stopped: 0,0000421 seconds, Stopping threads took: 0,0000110 seconds
2018-06-19T14:45:49.729+0200: 69,726: Total time for which application threads were stopped: 0,0000710 seconds, Stopping threads took: 0,0000382 seconds
2018-06-19T14:45:49.729+0200: 69,726: Total time for which application threads were stopped: 0,0000408 seconds, Stopping threads took: 0,0000137 seconds
2018-06-19T14:45:49.730+0200: 69,726: Total time for which application threads were stopped: 0,0000560 seconds, Stopping threads took: 0,0000206 seconds
2018-06-19T14:45:49.730+0200: 69,726: Total time for which application threads were stopped: 0,0000515 seconds, Stopping threads took: 0,0000208 seconds
2018-06-19T14:45:49.730+0200: 69,727: Total time for which application threads were stopped: 0,0000567 seconds, Stopping threads took: 0,0000231 seconds
2018-06-19T14:45:49.730+0200: 69,727: Total time for which application threads were stopped: 0,0000539 seconds, Stopping threads took: 0,0000229 seconds
2018-06-19T14:45:49.752+0200: 69,749: Total time for which application threads were stopped: 0,0002727 seconds, Stopping threads took: 0,0000524 seconds
2018-06-19T14:45:49.835+0200: 69,831: Total time for which application threads were stopped: 0,0001769 seconds, Stopping threads took: 0,0000716 seconds
2018-06-19T14:45:49.864+0200: 69,860: Total time for which application threads were stopped: 0,0000888 seconds, Stopping threads took: 0,0000183 seconds
2018-06-19T14:45:49.883+0200: 69,880: Total time for which application threads were stopped: 0,0004538 seconds, Stopping threads took: 0,0000197 seconds
2018-06-19T14:45:49.884+0200: 69,881: Total time for which application threads were stopped: 0,0004626 seconds, Stopping threads took: 0,0000141 seconds
2018-06-19T14:45:49.899+0200: 69,896: Total time for which application threads were stopped: 0,0002351 seconds, Stopping threads took: 0,0000471 seconds
2018-06-19T14:45:49.900+0200: 69,897: Total time for which application threads were stopped: 0,0001259 seconds, Stopping threads took: 0,0000535 seconds
2018-06-19T14:45:49.901+0200: 69,898: Total time for which application threads were stopped: 0,0001153 seconds, Stopping threads took: 0,0000494 seconds
2018-06-19T14:45:49.902+0200: 69,899: Total time for which application threads were stopped: 0,0001039 seconds, Stopping threads took: 0,0000452 seconds
2018-06-19T14:45:49.903+0200: 69,900: Total time for which application threads were stopped: 0,0001159 seconds, Stopping threads took: 0,0000341 seconds
2018-06-19T14:45:49.908+0200: 69,905: Total time for which application threads were stopped: 0,0001300 seconds, Stopping threads took: 0,0000538 seconds
2018-06-19T14:45:49.911+0200: 69,908: Total time for which application threads were stopped: 0,0003109 seconds, Stopping threads took: 0,0000918 seconds
2018-06-19T14:45:49.913+0200: 69,910: Total time for which application threads were stopped: 0,0001253 seconds, Stopping threads took: 0,0000482 seconds
2018-06-19T14:45:49.914+0200: 69,911: Total time for which application threads were stopped: 0,0001019 seconds, Stopping threads took: 0,0000420 seconds
2018-06-19T14:45:49.922+0200: 69,918: Total time for which application threads were stopped: 0,0001538 seconds, Stopping threads took: 0,0000287 seconds
2018-06-19T14:45:49.927+0200: 69,923: Total time for which application threads were stopped: 0,0002606 seconds, Stopping threads took: 0,0001613 seconds
2018-06-19T14:45:49.931+0200: 69,927: Total time for which application threads were stopped: 0,0003209 seconds, Stopping threads took: 0,0001471 seconds
2018-06-19T14:45:49.933+0200: 69,929: Total time for which application threads were stopped: 0,0001061 seconds, Stopping threads took: 0,0000414 seconds
2018-06-19T14:45:49.934+0200: 69,931: Total time for which application threads were stopped: 0,0001029 seconds, Stopping threads took: 0,0000387 seconds
2018-06-19T14:45:49.935+0200: 69,932: Total time for which application threads were stopped: 0,0000904 seconds, Stopping threads took: 0,0000275 seconds
2018-06-19T14:45:49.938+0200: 69,935: Total time for which application threads were stopped: 0,0002552 seconds, Stopping threads took: 0,0000798 seconds
2018-06-19T14:45:49.943+0200: 69,940: Total time for which application threads were stopped: 0,0009179 seconds, Stopping threads took: 0,0004456 seconds
2018-06-19T14:45:49.948+0200: 69,944: Total time for which application threads were stopped: 0,0001636 seconds, Stopping threads took: 0,0000522 seconds
2018-06-19T14:45:49.949+0200: 69,946: Total time for which application threads were stopped: 0,0004352 seconds, Stopping threads took: 0,0002088 seconds
{Heap before GC invocations=11 (full 1):
 par new generation   total 109248K, used 109248K [0x00000000e0000000, 0x00000000e8000000, 0x00000000e8000000)
  eden space 87424K, 100% used [0x00000000e0000000, 0x00000000e5560000, 0x00000000e5560000)
  from space 21824K, 100% used [0x00000000e6ab0000, 0x00000000e8000000, 0x00000000e8000000)
  to   space 21824K,   0% used [0x00000000e5560000, 0x00000000e5560000, 0x00000000e6ab0000)
 concurrent mark-sweep generation total 393216K, used 8426K [0x00000000e8000000, 0x0000000100000000, 0x0000000100000000)
 Metaspace       used 31365K, capacity 32106K, committed 32252K, reserved 1077248K
  class space    used 3577K, capacity 3791K, committed 3836K, reserved 1048576K
2018-06-19T14:45:50.194+0200: 70,190: [GC (Allocation Failure) 2018-06-19T14:45:50.194+0200: 70,190: [ParNew
Desired survivor size 20112992 bytes, new threshold 8 (max 8)
- age   1:    3660552 bytes,    3660552 total
- age   2:    1365944 bytes,    5026496 total
- age   3:    5002488 bytes,   10028984 total
- age   4:      91136 bytes,   10120120 total
- age   5:    4160880 bytes,   14281000 total
: 109248K->21824K(109248K), 0,0510528 secs] 117674K->39101K(502464K), 0,0513855 secs] [Times: user=0,10 sys=0,01, real=0,05 secs] 
Heap after GC invocations=12 (full 1):
 par new generation   total 109248K, used 21824K [0x00000000e0000000, 0x00000000e8000000, 0x00000000e8000000)
  eden space 87424K,   0% used [0x00000000e0000000, 0x00000000e0000000, 0x00000000e5560000)
  from space 21824K, 100% used [0x00000000e5560000, 0x00000000e6ab0000, 0x00000000e6ab0000)
  to   space 21824K,   0% used [0x00000000e6ab0000, 0x00000000e6ab0000, 0x00000000e8000000)
 concurrent mark-sweep generation total 393216K, used 17277K [0x00000000e8000000, 0x0000000100000000, 0x0000000100000000)
 Metaspace       used 31365K, capacity 32106K, committed 32252K, reserved 1077248K
  class space    used 3577K, capacity 3791K, committed 3836K, reserved 1048576K
}
2018-06-19T14:45:50.245+0200: 70,242: Total time for which application threads were stopped: 0,0523744 seconds, Stopping threads took: 0,0002079 seconds
2018-06-19T14:45:50.246+0200: 70,242: Total time for which application threads were stopped: 0,0001494 seconds, Stopping threads took: 0,0000571 seconds
2018-06-19T14:45:50.714+0200: 70,711: Total time for which application threads were stopped: 0,0002461 seconds, Stopping threads took: 0,0000323 seconds
2018-06-19T14:45:50.790+0200: 70,786: Total time for which application threads were stopped: 0,0001353 seconds, Stopping threads took: 0,0000284 seconds
2018-06-19T14:45:50.790+0200: 70,786: Total time for which application threads were stopped: 0,0000911 seconds, Stopping threads took: 0,0000217 seconds
2018-06-19T14:45:50.790+0200: 70,787: Total time for which application threads were stopped: 0,0000731 seconds, Stopping threads took: 0,0000180 seconds
2018-06-19T14:45:50.790+0200: 70,787: Total time for which application threads were stopped: 0,0000534 seconds, Stopping threads took: 0,0000120 seconds
2018-06-19T14:45:50.815+0200: 70,812: Total time for which application threads were stopped: 0,0006718 seconds, Stopping threads took: 0,0000937 seconds
2018-06-19T14:45:50.830+0200: 70,827: Total time for which application threads were stopped: 0,0002040 seconds, Stopping threads took: 0,0000706 seconds
{Heap before GC invocations=12 (full 1):
 par new generation   total 109248K, used 109248K [0x00000000e0000000, 0x00000000e8000000, 0x00000000e8000000)
  eden space 87424K, 100% used [0x00000000e0000000, 0x00000000e5560000, 0x00000000e5560000)
  from space 21824K, 100% used [0x00000000e5560000, 0x00000000e6ab0000, 0x00000000e6ab0000)
  to   space 21824K,   0% used [0x00000000e6ab0000, 0x00000000e6ab0000, 0x00000000e8000000)
 concurrent mark-sweep generation total 393216K, used 17277K [0x00000000e8000000, 0x0000000100000000, 0x0000000100000000)
 Metaspace       used 31666K, capacity 32362K, committed 32508K, reserved 1077248K
  class space    used 3578K, capacity 3791K, committed 3836K, reserved 1048576K
2018-06-19T14:45:50.885+0200: 70,881: [GC (Allocation Failure) 2018-06-19T14:45:50.885+0200: 70,882: [ParNew
Desired survivor size 20112992 bytes, new threshold 8 (max 8)
- age   1:    1228048 bytes,    1228048 total
- age   2:    2917072 bytes,    4145120 total
- age   3:    1365776 bytes,    5510896 total
- age   4:    5002488 bytes,   10513384 total
- age   5:      91136 bytes,   10604520 total
- age   6:    4160064 bytes,   14764584 total
: 109248K->18812K(109248K), 0,0526367 secs] 126525K->36090K(502464K), 0,0529869 secs] [Times: user=0,12 sys=0,00, real=0,05 secs] 
Heap after GC invocations=13 (full 1):
 par new generation   total 109248K, used 18812K [0x00000000e0000000, 0x00000000e8000000, 0x00000000e8000000)
  eden space 87424K,   0% used [0x00000000e0000000, 0x00000000e0000000, 0x00000000e5560000)
  from space 21824K,  86% used [0x00000000e6ab0000, 0x00000000e7d0f250, 0x00000000e8000000)
  to   space 21824K,   0% used [0x00000000e5560000, 0x00000000e5560000, 0x00000000e6ab0000)
 concurrent mark-sweep generation total 393216K, used 17277K [0x00000000e8000000, 0x0000000100000000, 0x0000000100000000)
 Metaspace       used 31666K, capacity 32362K, committed 32508K, reserved 1077248K
  class space    used 3578K, capacity 3791K, committed 3836K, reserved 1048576K
}
2018-06-19T14:45:50.938+0200: 70,935: Total time for which application threads were stopped: 0,0533137 seconds, Stopping threads took: 0,0000579 seconds
2018-06-19T14:45:50.940+0200: 70,936: Total time for which application threads were stopped: 0,0001707 seconds, Stopping threads took: 0,0000627 seconds
2018-06-19T14:45:50.947+0200: 70,943: Total time for which application threads were stopped: 0,0015227 seconds, Stopping threads took: 0,0014070 seconds
2018-06-19T14:45:50.952+0200: 70,948: Total time for which application threads were stopped: 0,0009436 seconds, Stopping threads took: 0,0008196 seconds
2018-06-19T14:45:51.012+0200: 71,008: Total time for which application threads were stopped: 0,0069092 seconds, Stopping threads took: 0,0064687 seconds
2018-06-19T14:45:51.030+0200: 71,026: Total time for which application threads were stopped: 0,0064360 seconds, Stopping threads took: 0,0061055 seconds
2018-06-19T14:45:51.037+0200: 71,033: Total time for which application threads were stopped: 0,0022362 seconds, Stopping threads took: 0,0021281 seconds
2018-06-19T14:45:51.259+0200: 71,255: Total time for which application threads were stopped: 0,0002216 seconds, Stopping threads took: 0,0000547 seconds
2018-06-19T14:45:51.312+0200: 71,308: Total time for which application threads were stopped: 0,0001421 seconds, Stopping threads took: 0,0000363 seconds
2018-06-19T14:45:51.322+0200: 71,319: Total time for which application threads were stopped: 0,0001422 seconds, Stopping threads took: 0,0000337 seconds
2018-06-19T14:45:51.342+0200: 71,339: Total time for which application threads were stopped: 0,0013424 seconds, Stopping threads took: 0,0002370 seconds
{Heap before GC invocations=13 (full 1):
 par new generation   total 109248K, used 106236K [0x00000000e0000000, 0x00000000e8000000, 0x00000000e8000000)
  eden space 87424K, 100% used [0x00000000e0000000, 0x00000000e5560000, 0x00000000e5560000)
  from space 21824K,  86% used [0x00000000e6ab0000, 0x00000000e7d0f250, 0x00000000e8000000)
  to   space 21824K,   0% used [0x00000000e5560000, 0x00000000e5560000, 0x00000000e6ab0000)
 concurrent mark-sweep generation total 393216K, used 17277K [0x00000000e8000000, 0x0000000100000000, 0x0000000100000000)
 Metaspace       used 31902K, capacity 32714K, committed 32764K, reserved 1079296K
  class space    used 3599K, capacity 3823K, committed 3836K, reserved 1048576K
2018-06-19T14:45:51.491+0200: 71,487: [GC (Allocation Failure) 2018-06-19T14:45:51.491+0200: 71,487: [ParNew
Desired survivor size 20112992 bytes, new threshold 8 (max 8)
- age   1:    1668096 bytes,    1668096 total
- age   2:     147440 bytes,    1815536 total
- age   3:    2576568 bytes,    4392104 total
- age   4:    1365424 bytes,    5757528 total
- age   5:    5002488 bytes,   10760016 total
- age   6:      91136 bytes,   10851152 total
- age   7:    4160064 bytes,   15011216 total
: 106236K->18852K(109248K), 0,0285486 secs] 123514K->36129K(502464K), 0,0286674 secs] [Times: user=0,06 sys=0,00, real=0,02 secs] 
Heap after GC invocations=14 (full 1):
 par new generation   total 109248K, used 18852K [0x00000000e0000000, 0x00000000e8000000, 0x00000000e8000000)
  eden space 87424K,   0% used [0x00000000e0000000, 0x00000000e0000000, 0x00000000e5560000)
  from space 21824K,  86% used [0x00000000e5560000, 0x00000000e67c9160, 0x00000000e6ab0000)
  to   space 21824K,   0% used [0x00000000e6ab0000, 0x00000000e6ab0000, 0x00000000e8000000)
 concurrent mark-sweep generation total 393216K, used 17277K [0x00000000e8000000, 0x0000000100000000, 0x0000000100000000)
 Metaspace       used 31902K, capacity 32714K, committed 32764K, reserved 1079296K
  class space    used 3599K, capacity 3823K, committed 3836K, reserved 1048576K
}
2018-06-19T14:45:51.520+0200: 71,516: Total time for which application threads were stopped: 0,0289182 seconds, Stopping threads took: 0,0000328 seconds
{Heap before GC invocations=14 (full 1):
 par new generation   total 109248K, used 106276K [0x00000000e0000000, 0x00000000e8000000, 0x00000000e8000000)
  eden space 87424K, 100% used [0x00000000e0000000, 0x00000000e5560000, 0x00000000e5560000)
  from space 21824K,  86% used [0x00000000e5560000, 0x00000000e67c9160, 0x00000000e6ab0000)
  to   space 21824K,   0% used [0x00000000e6ab0000, 0x00000000e6ab0000, 0x00000000e8000000)
 concurrent mark-sweep generation total 393216K, used 17277K [0x00000000e8000000, 0x0000000100000000, 0x0000000100000000)
 Metaspace       used 31903K, capacity 32714K, committed 32764K, reserved 1079296K
  class space    used 3599K, capacity 3823K, committed 3836K, reserved 1048576K
2018-06-19T14:45:51.805+0200: 71,802: [GC (Allocation Failure) 2018-06-19T14:45:51.805+0200: 71,802: [ParNew
Desired survivor size 20112992 bytes, new threshold 8 (max 8)
- age   1:    1366504 bytes,    1366504 total
- age   2:    1232208 bytes,    2598712 total
- age   3:     147416 bytes,    2746128 total
- age   4:    2548384 bytes,    5294512 total
- age   5:    1365288 bytes,    6659800 total
- age   6:    5002488 bytes,   11662288 total
- age   7:      91136 bytes,   11753424 total
- age   8:    4160064 bytes,   15913488 total
: 106276K->18048K(109248K), 0,0416827 secs] 123553K->35325K(502464K), 0,0417927 secs] [Times: user=0,08 sys=0,00, real=0,04 secs] 
Heap after GC invocations=15 (full 1):
 par new generation   total 109248K, used 18048K [0x00000000e0000000, 0x00000000e8000000, 0x00000000e8000000)
  eden space 87424K,   0% used [0x00000000e0000000, 0x00000000e0000000, 0x00000000e5560000)
  from space 21824K,  82% used [0x00000000e6ab0000, 0x00000000e7c50120, 0x00000000e8000000)
  to   space 21824K,   0% used [0x00000000e5560000, 0x00000000e5560000, 0x00000000e6ab0000)
 concurrent mark-sweep generation total 393216K, used 17277K [0x00000000e8000000, 0x0000000100000000, 0x0000000100000000)
 Metaspace       used 31903K, capacity 32714K, committed 32764K, reserved 1079296K
  class space    used 3599K, capacity 3823K, committed 3836K, reserved 1048576K
}
2018-06-19T14:45:51.847+0200: 71,844: Total time for which application threads were stopped: 0,0420596 seconds, Stopping threads took: 0,0000441 seconds
2018-06-19T14:45:51.981+0200: 71,977: Total time for which application threads were stopped: 0,0001781 seconds, Stopping threads took: 0,0000509 seconds
2018-06-19T14:45:51.984+0200: 71,980: Total time for which application threads were stopped: 0,0001311 seconds, Stopping threads took: 0,0000429 seconds
2018-06-19T14:45:51.985+0200: 71,981: Total time for which application threads were stopped: 0,0001663 seconds, Stopping threads took: 0,0000579 seconds
{Heap before GC invocations=15 (full 1):
 par new generation   total 109248K, used 105472K [0x00000000e0000000, 0x00000000e8000000, 0x00000000e8000000)
  eden space 87424K, 100% used [0x00000000e0000000, 0x00000000e5560000, 0x00000000e5560000)
  from space 21824K,  82% used [0x00000000e6ab0000, 0x00000000e7c50120, 0x00000000e8000000)
  to   space 21824K,   0% used [0x00000000e5560000, 0x00000000e5560000, 0x00000000e6ab0000)
 concurrent mark-sweep generation total 393216K, used 17277K [0x00000000e8000000, 0x0000000100000000, 0x0000000100000000)
 Metaspace       used 31929K, capacity 32714K, committed 32764K, reserved 1079296K
  class space    used 3599K, capacity 3823K, committed 3836K, reserved 1048576K
2018-06-19T14:45:52.220+0200: 72,216: [GC (Allocation Failure) 2018-06-19T14:45:52.220+0200: 72,216: [ParNew
Desired survivor size 20112992 bytes, new threshold 8 (max 8)
- age   1:    1913744 bytes,    1913744 total
- age   2:     961376 bytes,    2875120 total
- age   3:    1109408 bytes,    3984528 total
- age   4:     147384 bytes,    4131912 total
- age   5:    2524136 bytes,    6656048 total
- age   6:    1364840 bytes,    8020888 total
- age   7:    5002488 bytes,   13023376 total
- age   8:      91136 bytes,   13114512 total
: 105472K->17415K(109248K), 0,0629177 secs] 122749K->38771K(502464K), 0,0630540 secs] [Times: user=0,12 sys=0,01, real=0,07 secs] 
Heap after GC invocations=16 (full 1):
 par new generation   total 109248K, used 17415K [0x00000000e0000000, 0x00000000e8000000, 0x00000000e8000000)
  eden space 87424K,   0% used [0x00000000e0000000, 0x00000000e0000000, 0x00000000e5560000)
  from space 21824K,  79% used [0x00000000e5560000, 0x00000000e6661fc0, 0x00000000e6ab0000)
  to   space 21824K,   0% used [0x00000000e6ab0000, 0x00000000e6ab0000, 0x00000000e8000000)
 concurrent mark-sweep generation total 393216K, used 21355K [0x00000000e8000000, 0x0000000100000000, 0x0000000100000000)
 Metaspace       used 31929K, capacity 32714K, committed 32764K, reserved 1079296K
  class space    used 3599K, capacity 3823K, committed 3836K, reserved 1048576K
}
2018-06-19T14:45:52.283+0200: 72,279: Total time for which application threads were stopped: 0,0634216 seconds, Stopping threads took: 0,0000673 seconds
2018-06-19T14:45:52.463+0200: 72,459: Total time for which application threads were stopped: 0,0127855 seconds, Stopping threads took: 0,0126183 seconds
2018-06-19T14:45:52.467+0200: 72,463: Total time for which application threads were stopped: 0,0001712 seconds, Stopping threads took: 0,0000533 seconds
2018-06-19T14:45:52.480+0200: 72,476: Total time for which application threads were stopped: 0,0009355 seconds, Stopping threads took: 0,0003095 seconds
{Heap before GC invocations=16 (full 1):
 par new generation   total 109248K, used 104839K [0x00000000e0000000, 0x00000000e8000000, 0x00000000e8000000)
  eden space 87424K, 100% used [0x00000000e0000000, 0x00000000e5560000, 0x00000000e5560000)
  from space 21824K,  79% used [0x00000000e5560000, 0x00000000e6661fc0, 0x00000000e6ab0000)
  to   space 21824K,   0% used [0x00000000e6ab0000, 0x00000000e6ab0000, 0x00000000e8000000)
 concurrent mark-sweep generation total 393216K, used 21355K [0x00000000e8000000, 0x0000000100000000, 0x0000000100000000)
 Metaspace       used 31946K, capacity 32714K, committed 32764K, reserved 1079296K
  class space    used 3599K, capacity 3823K, committed 3836K, reserved 1048576K
2018-06-19T14:45:52.632+0200: 72,629: [GC (Allocation Failure) 2018-06-19T14:45:52.632+0200: 72,629: [ParNew
Desired survivor size 20112992 bytes, new threshold 8 (max 8)
- age   1:    1406712 bytes,    1406712 total
- age   2:     972576 bytes,    2379288 total
- age   3:     131520 bytes,    2510808 total
- age   4:     313456 bytes,    2824264 total
- age   5:     147216 bytes,    2971480 total
- age   6:    2497720 bytes,    5469200 total
- age   7:    1364624 bytes,    6833824 total
- age   8:    5002488 bytes,   11836312 total
: 104839K->15666K(109248K), 0,0617254 secs] 126195K->37113K(502464K), 0,0621106 secs] [Times: user=0,17 sys=0,00, real=0,06 secs] 
Heap after GC invocations=17 (full 1):
 par new generation   total 109248K, used 15666K [0x00000000e0000000, 0x00000000e8000000, 0x00000000e8000000)
  eden space 87424K,   0% used [0x00000000e0000000, 0x00000000e0000000, 0x00000000e5560000)
  from space 21824K,  71% used [0x00000000e6ab0000, 0x00000000e79fcad0, 0x00000000e8000000)
  to   space 21824K,   0% used [0x00000000e5560000, 0x00000000e5560000, 0x00000000e6ab0000)
 concurrent mark-sweep generation total 393216K, used 21446K [0x00000000e8000000, 0x0000000100000000, 0x0000000100000000)
 Metaspace       used 31946K, capacity 32714K, committed 32764K, reserved 1079296K
  class space    used 3599K, capacity 3823K, committed 3836K, reserved 1048576K
}
2018-06-19T14:45:52.695+0200: 72,691: Total time for which application threads were stopped: 0,0626706 seconds, Stopping threads took: 0,0000340 seconds
{Heap before GC invocations=17 (full 1):
 par new generation   total 109248K, used 103090K [0x00000000e0000000, 0x00000000e8000000, 0x00000000e8000000)
  eden space 87424K, 100% used [0x00000000e0000000, 0x00000000e5560000, 0x00000000e5560000)
  from space 21824K,  71% used [0x00000000e6ab0000, 0x00000000e79fcad0, 0x00000000e8000000)
  to   space 21824K,   0% used [0x00000000e5560000, 0x00000000e5560000, 0x00000000e6ab0000)
 concurrent mark-sweep generation total 393216K, used 21446K [0x00000000e8000000, 0x0000000100000000, 0x0000000100000000)
 Metaspace       used 31961K, capacity 32714K, committed 32764K, reserved 1079296K
  class space    used 3599K, capacity 3823K, committed 3836K, reserved 1048576K
2018-06-19T14:45:52.893+0200: 72,889: [GC (Allocation Failure) 2018-06-19T14:45:52.893+0200: 72,890: [ParNew
Desired survivor size 20112992 bytes, new threshold 8 (max 8)
- age   1:    1425568 bytes,    1425568 total
- age   2:    1030712 bytes,    2456280 total
- age   3:     971624 bytes,    3427904 total
- age   4:     131520 bytes,    3559424 total
- age   5:     312640 bytes,    3872064 total
- age   6:     147216 bytes,    4019280 total
- age   7:    2471024 bytes,    6490304 total
- age   8:    1364488 bytes,    7854792 total
: 103090K->10788K(109248K), 0,0282127 secs] 124537K->37494K(502464K), 0,0283185 secs] [Times: user=0,07 sys=0,01, real=0,02 secs] 
Heap after GC invocations=18 (full 1):
 par new generation   total 109248K, used 10788K [0x00000000e0000000, 0x00000000e8000000, 0x00000000e8000000)
  eden space 87424K,   0% used [0x00000000e0000000, 0x00000000e0000000, 0x00000000e5560000)
  from space 21824K,  49% used [0x00000000e5560000, 0x00000000e5fe9290, 0x00000000e6ab0000)
  to   space 21824K,   0% used [0x00000000e6ab0000, 0x00000000e6ab0000, 0x00000000e8000000)
 concurrent mark-sweep generation total 393216K, used 26705K [0x00000000e8000000, 0x0000000100000000, 0x0000000100000000)
 Metaspace       used 31961K, capacity 32714K, committed 32764K, reserved 1079296K
  class space    used 3599K, capacity 3823K, committed 3836K, reserved 1048576K
}
2018-06-19T14:45:52.921+0200: 72,918: Total time for which application threads were stopped: 0,0286014 seconds, Stopping threads took: 0,0000314 seconds
2018-06-19T14:45:53.006+0200: 73,003: Total time for which application threads were stopped: 0,0001349 seconds, Stopping threads took: 0,0000341 seconds
2018-06-19T14:45:53.008+0200: 73,005: Total time for which application threads were stopped: 0,0001318 seconds, Stopping threads took: 0,0000354 seconds
2018-06-19T14:45:53.009+0200: 73,006: Total time for which application threads were stopped: 0,0001488 seconds, Stopping threads took: 0,0000775 seconds
2018-06-19T14:45:53.076+0200: 73,073: Total time for which application threads were stopped: 0,0001993 seconds, Stopping threads took: 0,0000526 seconds
2018-06-19T14:45:53.077+0200: 73,073: Total time for which application threads were stopped: 0,0001382 seconds, Stopping threads took: 0,0000204 seconds
2018-06-19T14:45:53.077+0200: 73,074: Total time for which application threads were stopped: 0,0001054 seconds, Stopping threads took: 0,0000351 seconds
2018-06-19T14:45:53.077+0200: 73,074: Total time for which application threads were stopped: 0,0001032 seconds, Stopping threads took: 0,0000306 seconds
2018-06-19T14:45:53.079+0200: 73,075: Total time for which application threads were stopped: 0,0015528 seconds, Stopping threads took: 0,0014744 seconds
2018-06-19T14:45:53.079+0200: 73,076: Total time for which application threads were stopped: 0,0001590 seconds, Stopping threads took: 0,0000610 seconds
2018-06-19T14:45:53.080+0200: 73,076: Total time for which application threads were stopped: 0,0000940 seconds, Stopping threads took: 0,0000280 seconds
2018-06-19T14:45:53.080+0200: 73,076: Total time for which application threads were stopped: 0,0001740 seconds, Stopping threads took: 0,0000267 seconds
2018-06-19T14:45:53.085+0200: 73,081: Total time for which application threads were stopped: 0,0001493 seconds, Stopping threads took: 0,0000566 seconds
2018-06-19T14:45:53.085+0200: 73,081: Total time for which application threads were stopped: 0,0000788 seconds, Stopping threads took: 0,0000302 seconds
2018-06-19T14:45:53.088+0200: 73,085: Total time for which application threads were stopped: 0,0001262 seconds, Stopping threads took: 0,0000463 seconds
2018-06-19T14:45:53.088+0200: 73,085: Total time for which application threads were stopped: 0,0000922 seconds, Stopping threads took: 0,0000313 seconds
2018-06-19T14:45:53.089+0200: 73,085: Total time for which application threads were stopped: 0,0000796 seconds, Stopping threads took: 0,0000288 seconds
2018-06-19T14:45:53.089+0200: 73,085: Total time for which application threads were stopped: 0,0000722 seconds, Stopping threads took: 0,0000226 seconds
2018-06-19T14:45:53.123+0200: 73,120: Total time for which application threads were stopped: 0,0001709 seconds, Stopping threads took: 0,0000616 seconds
{Heap before GC invocations=18 (full 1):
 par new generation   total 109248K, used 98212K [0x00000000e0000000, 0x00000000e8000000, 0x00000000e8000000)
  eden space 87424K, 100% used [0x00000000e0000000, 0x00000000e5560000, 0x00000000e5560000)
  from space 21824K,  49% used [0x00000000e5560000, 0x00000000e5fe9290, 0x00000000e6ab0000)
  to   space 21824K,   0% used [0x00000000e6ab0000, 0x00000000e6ab0000, 0x00000000e8000000)
 concurrent mark-sweep generation total 393216K, used 26705K [0x00000000e8000000, 0x0000000100000000, 0x0000000100000000)
 Metaspace       used 31996K, capacity 32778K, committed 33020K, reserved 1079296K
  class space    used 3599K, capacity 3823K, committed 3836K, reserved 1048576K
2018-06-19T14:45:53.125+0200: 73,122: [GC (Allocation Failure) 2018-06-19T14:45:53.125+0200: 73,122: [ParNew
Desired survivor size 20112992 bytes, new threshold 8 (max 8)
- age   1:    1086448 bytes,    1086448 total
- age   2:     144360 bytes,    1230808 total
- age   3:     186840 bytes,    1417648 total
- age   4:     349848 bytes,    1767496 total
- age   5:     131520 bytes,    1899016 total
- age   6:     312136 bytes,    2211152 total
- age   7:     147168 bytes,    2358320 total
- age   8:    2449536 bytes,    4807856 total
: 98212K->7731K(109248K), 0,0195984 secs] 124918K->35779K(502464K), 0,0196806 secs] [Times: user=0,04 sys=0,01, real=0,02 secs] 
Heap after GC invocations=19 (full 1):
 par new generation   total 109248K, used 7731K [0x00000000e0000000, 0x00000000e8000000, 0x00000000e8000000)
  eden space 87424K,   0% used [0x00000000e0000000, 0x00000000e0000000, 0x00000000e5560000)
  from space 21824K,  35% used [0x00000000e6ab0000, 0x00000000e723cc40, 0x00000000e8000000)
  to   space 21824K,   0% used [0x00000000e5560000, 0x00000000e5560000, 0x00000000e6ab0000)
 concurrent mark-sweep generation total 393216K, used 28048K [0x00000000e8000000, 0x0000000100000000, 0x0000000100000000)
 Metaspace       used 31996K, capacity 32778K, committed 33020K, reserved 1079296K
  class space    used 3599K, capacity 3823K, committed 3836K, reserved 1048576K
}
2018-06-19T14:45:53.145+0200: 73,142: Total time for which application threads were stopped: 0,0199859 seconds, Stopping threads took: 0,0000402 seconds
2018-06-19T14:45:53.146+0200: 73,143: Total time for which application threads were stopped: 0,0001352 seconds, Stopping threads took: 0,0000356 seconds
2018-06-19T14:45:53.150+0200: 73,146: Total time for which application threads were stopped: 0,0001593 seconds, Stopping threads took: 0,0000530 seconds
{Heap before GC invocations=19 (full 1):
 par new generation   total 109248K, used 95155K [0x00000000e0000000, 0x00000000e8000000, 0x00000000e8000000)
  eden space 87424K, 100% used [0x00000000e0000000, 0x00000000e5560000, 0x00000000e5560000)
  from space 21824K,  35% used [0x00000000e6ab0000, 0x00000000e723cc40, 0x00000000e8000000)
  to   space 21824K,   0% used [0x00000000e5560000, 0x00000000e5560000, 0x00000000e6ab0000)
 concurrent mark-sweep generation total 393216K, used 28048K [0x00000000e8000000, 0x0000000100000000, 0x0000000100000000)
 Metaspace       used 32015K, capacity 32848K, committed 33020K, reserved 1079296K
  class space    used 3600K, capacity 3824K, committed 3836K, reserved 1048576K
2018-06-19T14:45:53.269+0200: 73,265: [GC (Allocation Failure) 2018-06-19T14:45:53.269+0200: 73,266: [ParNew
Desired survivor size 20112992 bytes, new threshold 8 (max 8)
- age   1:    1267560 bytes,    1267560 total
- age   2:     939808 bytes,    2207368 total
- age   3:     144312 bytes,    2351680 total
- age   4:     186024 bytes,    2537704 total
- age   5:     349848 bytes,    2887552 total
- age   6:     131520 bytes,    3019072 total
- age   7:     312088 bytes,    3331160 total
- age   8:     146832 bytes,    3477992 total
: 95155K->4556K(109248K), 0,0526460 secs] 123203K->34997K(502464K), 0,0527487 secs] [Times: user=0,15 sys=0,00, real=0,05 secs] 
Heap after GC invocations=20 (full 1):
 par new generation   total 109248K, used 4556K [0x00000000e0000000, 0x00000000e8000000, 0x00000000e8000000)
  eden space 87424K,   0% used [0x00000000e0000000, 0x00000000e0000000, 0x00000000e5560000)
  from space 21824K,  20% used [0x00000000e5560000, 0x00000000e59d31c0, 0x00000000e6ab0000)
  to   space 21824K,   0% used [0x00000000e6ab0000, 0x00000000e6ab0000, 0x00000000e8000000)
 concurrent mark-sweep generation total 393216K, used 30441K [0x00000000e8000000, 0x0000000100000000, 0x0000000100000000)
 Metaspace       used 32015K, capacity 32848K, committed 33020K, reserved 1079296K
  class space    used 3600K, capacity 3824K, committed 3836K, reserved 1048576K
}
2018-06-19T14:45:53.322+0200: 73,318: Total time for which application threads were stopped: 0,0530662 seconds, Stopping threads took: 0,0000572 seconds
{Heap before GC invocations=20 (full 1):
 par new generation   total 109248K, used 91971K [0x00000000e0000000, 0x00000000e8000000, 0x00000000e8000000)
  eden space 87424K,  99% used [0x00000000e0000000, 0x00000000e555db38, 0x00000000e5560000)
  from space 21824K,  20% used [0x00000000e5560000, 0x00000000e59d31c0, 0x00000000e6ab0000)
  to   space 21824K,   0% used [0x00000000e6ab0000, 0x00000000e6ab0000, 0x00000000e8000000)
 concurrent mark-sweep generation total 393216K, used 30441K [0x00000000e8000000, 0x0000000100000000, 0x0000000100000000)
 Metaspace       used 32020K, capacity 32848K, committed 33020K, reserved 1079296K
  class space    used 3600K, capacity 3824K, committed 3836K, reserved 1048576K
2018-06-19T14:45:53.455+0200: 73,451: [GC (Allocation Failure) 2018-06-19T14:45:53.455+0200: 73,451: [ParNew
Desired survivor size 20112992 bytes, new threshold 8 (max 8)
- age   1:    1468584 bytes,    1468584 total
- age   2:     883176 bytes,    2351760 total
- age   3:     939952 bytes,    3291712 total
- age   4:     144312 bytes,    3436024 total
- age   5:     186024 bytes,    3622048 total
- age   6:     349848 bytes,    3971896 total
- age   7:     131472 bytes,    4103368 total
- age   8:     311784 bytes,    4415152 total
: 91971K->4608K(109248K), 0,0103005 secs] 122412K->35192K(502464K), 0,0104068 secs] [Times: user=0,04 sys=0,00, real=0,01 secs] 
Heap after GC invocations=21 (full 1):
 par new generation   total 109248K, used 4608K [0x00000000e0000000, 0x00000000e8000000, 0x00000000e8000000)
  eden space 87424K,   0% used [0x00000000e0000000, 0x00000000e0000000, 0x00000000e5560000)
  from space 21824K,  21% used [0x00000000e6ab0000, 0x00000000e6f30030, 0x00000000e8000000)
  to   space 21824K,   0% used [0x00000000e5560000, 0x00000000e5560000, 0x00000000e6ab0000)
 concurrent mark-sweep generation total 393216K, used 30584K [0x00000000e8000000, 0x0000000100000000, 0x0000000100000000)
 Metaspace       used 32020K, capacity 32848K, committed 33020K, reserved 1079296K
  class space    used 3600K, capacity 3824K, committed 3836K, reserved 1048576K
}
2018-06-19T14:45:53.465+0200: 73,462: Total time for which application threads were stopped: 0,0106739 seconds, Stopping threads took: 0,0000738 seconds
{Heap before GC invocations=21 (full 1):
 par new generation   total 109248K, used 92032K [0x00000000e0000000, 0x00000000e8000000, 0x00000000e8000000)
  eden space 87424K, 100% used [0x00000000e0000000, 0x00000000e5560000, 0x00000000e5560000)
  from space 21824K,  21% used [0x00000000e6ab0000, 0x00000000e6f30030, 0x00000000e8000000)
  to   space 21824K,   0% used [0x00000000e5560000, 0x00000000e5560000, 0x00000000e6ab0000)
 concurrent mark-sweep generation total 393216K, used 30584K [0x00000000e8000000, 0x0000000100000000, 0x0000000100000000)
 Metaspace       used 32028K, capacity 32848K, committed 33020K, reserved 1079296K
  class space    used 3600K, capacity 3824K, committed 3836K, reserved 1048576K
2018-06-19T14:45:53.579+0200: 73,575: [GC (Allocation Failure) 2018-06-19T14:45:53.579+0200: 73,575: [ParNew
Desired survivor size 20112992 bytes, new threshold 8 (max 8)
- age   1:    1448400 bytes,    1448400 total
- age   2:    1085280 bytes,    2533680 total
- age   3:     883296 bytes,    3416976 total
- age   4:     939928 bytes,    4356904 total
- age   5:     144312 bytes,    4501216 total
- age   6:     186024 bytes,    4687240 total
- age   7:     349800 bytes,    5037040 total
- age   8:     131168 bytes,    5168208 total
: 92032K->7385K(109248K), 0,0120423 secs] 122616K->38275K(502464K), 0,0121161 secs] [Times: user=0,04 sys=0,00, real=0,02 secs] 
Heap after GC invocations=22 (full 1):
 par new generation   total 109248K, used 7385K [0x00000000e0000000, 0x00000000e8000000, 0x00000000e8000000)
  eden space 87424K,   0% used [0x00000000e0000000, 0x00000000e0000000, 0x00000000e5560000)
  from space 21824K,  33% used [0x00000000e5560000, 0x00000000e5c964c0, 0x00000000e6ab0000)
  to   space 21824K,   0% used [0x00000000e6ab0000, 0x00000000e6ab0000, 0x00000000e8000000)
 concurrent mark-sweep generation total 393216K, used 30889K [0x00000000e8000000, 0x0000000100000000, 0x0000000100000000)
 Metaspace       used 32028K, capacity 32848K, committed 33020K, reserved 1079296K
  class space    used 3600K, capacity 3824K, committed 3836K, reserved 1048576K
}
2018-06-19T14:45:53.591+0200: 73,588: Total time for which application threads were stopped: 0,0123539 seconds, Stopping threads took: 0,0000382 seconds
{Heap before GC invocations=22 (full 1):
 par new generation   total 109248K, used 94809K [0x00000000e0000000, 0x00000000e8000000, 0x00000000e8000000)
  eden space 87424K, 100% used [0x00000000e0000000, 0x00000000e5560000, 0x00000000e5560000)
  from space 21824K,  33% used [0x00000000e5560000, 0x00000000e5c964c0, 0x00000000e6ab0000)
  to   space 21824K,   0% used [0x00000000e6ab0000, 0x00000000e6ab0000, 0x00000000e8000000)
 concurrent mark-sweep generation total 393216K, used 30889K [0x00000000e8000000, 0x0000000100000000, 0x0000000100000000)
 Metaspace       used 32037K, capacity 32848K, committed 33020K, reserved 1079296K
  class space    used 3600K, capacity 3824K, committed 3836K, reserved 1048576K
2018-06-19T14:45:53.702+0200: 73,699: [GC (Allocation Failure) 2018-06-19T14:45:53.702+0200: 73,699: [ParNew
Desired survivor size 20112992 bytes, new threshold 8 (max 8)
- age   1:    1846096 bytes,    1846096 total
- age   2:     986232 bytes,    2832328 total
- age   3:     920880 bytes,    3753208 total
- age   4:     882720 bytes,    4635928 total
- age   5:     939784 bytes,    5575712 total
- age   6:     144312 bytes,    5720024 total
- age   7:     185976 bytes,    5906000 total
- age   8:     349464 bytes,    6255464 total
: 94809K->7740K(109248K), 0,0145015 secs] 125699K->38758K(502464K), 0,0147534 secs] [Times: user=0,04 sys=0,00, real=0,02 secs] 
Heap after GC invocations=23 (full 1):
 par new generation   total 109248K, used 7740K [0x00000000e0000000, 0x00000000e8000000, 0x00000000e8000000)
  eden space 87424K,   0% used [0x00000000e0000000, 0x00000000e0000000, 0x00000000e5560000)
  from space 21824K,  35% used [0x00000000e6ab0000, 0x00000000e723f1e8, 0x00000000e8000000)
  to   space 21824K,   0% used [0x00000000e5560000, 0x00000000e5560000, 0x00000000e6ab0000)
 concurrent mark-sweep generation total 393216K, used 31018K [0x00000000e8000000, 0x0000000100000000, 0x0000000100000000)
 Metaspace       used 32037K, capacity 32848K, committed 33020K, reserved 1079296K
  class space    used 3600K, capacity 3824K, committed 3836K, reserved 1048576K
}
2018-06-19T14:45:53.717+0200: 73,714: Total time for which application threads were stopped: 0,0152141 seconds, Stopping threads took: 0,0000516 seconds
{Heap before GC invocations=23 (full 1):
 par new generation   total 109248K, used 95164K [0x00000000e0000000, 0x00000000e8000000, 0x00000000e8000000)
  eden space 87424K, 100% used [0x00000000e0000000, 0x00000000e5560000, 0x00000000e5560000)
  from space 21824K,  35% used [0x00000000e6ab0000, 0x00000000e723f1e8, 0x00000000e8000000)
  to   space 21824K,   0% used [0x00000000e5560000, 0x00000000e5560000, 0x00000000e6ab0000)
 concurrent mark-sweep generation total 393216K, used 31018K [0x00000000e8000000, 0x0000000100000000, 0x0000000100000000)
 Metaspace       used 32077K, capacity 32848K, committed 33020K, reserved 1079296K
  class space    used 3600K, capacity 3824K, committed 3836K, reserved 1048576K
2018-06-19T14:45:53.798+0200: 73,794: [GC (Allocation Failure) 2018-06-19T14:45:53.798+0200: 73,794: [ParNew
Desired survivor size 20112992 bytes, new threshold 8 (max 8)
- age   1:    1804336 bytes,    1804336 total
- age   2:    1216128 bytes,    3020464 total
- age   3:     889416 bytes,    3909880 total
- age   4:     922080 bytes,    4831960 total
- age   5:     884304 bytes,    5716264 total
- age   6:     940264 bytes,    6656528 total
- age   7:     144264 bytes,    6800792 total
- age   8:     185640 bytes,    6986432 total
: 95164K->9249K(109248K), 0,0155828 secs] 126182K->40608K(502464K), 0,0156641 secs] [Times: user=0,04 sys=0,01, real=0,02 secs] 
Heap after GC invocations=24 (full 1):
 par new generation   total 109248K, used 9249K [0x00000000e0000000, 0x00000000e8000000, 0x00000000e8000000)
  eden space 87424K,   0% used [0x00000000e0000000, 0x00000000e0000000, 0x00000000e5560000)
  from space 21824K,  42% used [0x00000000e5560000, 0x00000000e5e68568, 0x00000000e6ab0000)
  to   space 21824K,   0% used [0x00000000e6ab0000, 0x00000000e6ab0000, 0x00000000e8000000)
 concurrent mark-sweep generation total 393216K, used 31359K [0x00000000e8000000, 0x0000000100000000, 0x0000000100000000)
 Metaspace       used 32077K, capacity 32848K, committed 33020K, reserved 1079296K
  class space    used 3600K, capacity 3824K, committed 3836K, reserved 1048576K
}
2018-06-19T14:45:53.814+0200: 73,810: Total time for which application threads were stopped: 0,0158748 seconds, Stopping threads took: 0,0000456 seconds
{Heap before GC invocations=24 (full 1):
 par new generation   total 109248K, used 96673K [0x00000000e0000000, 0x00000000e8000000, 0x00000000e8000000)
  eden space 87424K, 100% used [0x00000000e0000000, 0x00000000e5560000, 0x00000000e5560000)
  from space 21824K,  42% used [0x00000000e5560000, 0x00000000e5e68568, 0x00000000e6ab0000)
  to   space 21824K,   0% used [0x00000000e6ab0000, 0x00000000e6ab0000, 0x00000000e8000000)
 concurrent mark-sweep generation total 393216K, used 31359K [0x00000000e8000000, 0x0000000100000000, 0x0000000100000000)
 Metaspace       used 32079K, capacity 32848K, committed 33020K, reserved 1079296K
  class space    used 3600K, capacity 3824K, committed 3836K, reserved 1048576K
2018-06-19T14:45:53.912+0200: 73,909: [GC (Allocation Failure) 2018-06-19T14:45:53.912+0200: 73,909: [ParNew
Desired survivor size 20112992 bytes, new threshold 8 (max 8)
- age   1:    1838304 bytes,    1838304 total
- age   2:    1087768 bytes,    2926072 total
- age   3:    1214648 bytes,    4140720 total
- age   4:     890184 bytes,    5030904 total
- age   5:     922848 bytes,    5953752 total
- age   6:     884688 bytes,    6838440 total
- age   7:     940376 bytes,    7778816 total
- age   8:     143664 bytes,    7922480 total
: 96673K->8718K(109248K), 0,0138060 secs] 128032K->40259K(502464K), 0,0140728 secs] [Times: user=0,05 sys=0,00, real=0,01 secs] 
Heap after GC invocations=25 (full 1):
 par new generation   total 109248K, used 8718K [0x00000000e0000000, 0x00000000e8000000, 0x00000000e8000000)
  eden space 87424K,   0% used [0x00000000e0000000, 0x00000000e0000000, 0x00000000e5560000)
  from space 21824K,  39% used [0x00000000e6ab0000, 0x00000000e7333a70, 0x00000000e8000000)
  to   space 21824K,   0% used [0x00000000e5560000, 0x00000000e5560000, 0x00000000e6ab0000)
 concurrent mark-sweep generation total 393216K, used 31541K [0x00000000e8000000, 0x0000000100000000, 0x0000000100000000)
 Metaspace       used 32079K, capacity 32848K, committed 33020K, reserved 1079296K
  class space    used 3600K, capacity 3824K, committed 3836K, reserved 1048576K
}
2018-06-19T14:45:53.926+0200: 73,923: Total time for which application threads were stopped: 0,0145077 seconds, Stopping threads took: 0,0000388 seconds
2018-06-19T14:45:54.052+0200: 74,049: Total time for which application threads were stopped: 0,0003345 seconds, Stopping threads took: 0,0001999 seconds
2018-06-19T14:45:54.055+0200: 74,051: Total time for which application threads were stopped: 0,0002452 seconds, Stopping threads took: 0,0001325 seconds
2018-06-19T14:45:54.083+0200: 74,079: Total time for which application threads were stopped: 0,0046446 seconds, Stopping threads took: 0,0045248 seconds
2018-06-19T14:45:54.091+0200: 74,087: Total time for which application threads were stopped: 0,0033634 seconds, Stopping threads took: 0,0032410 seconds
2018-06-19T14:45:54.093+0200: 74,089: Total time for which application threads were stopped: 0,0007725 seconds, Stopping threads took: 0,0006243 seconds
2018-06-19T14:45:54.101+0200: 74,098: Total time for which application threads were stopped: 0,0012336 seconds, Stopping threads took: 0,0011165 seconds
{Heap before GC invocations=25 (full 1):
 par new generation   total 109248K, used 96120K [0x00000000e0000000, 0x00000000e8000000, 0x00000000e8000000)
  eden space 87424K,  99% used [0x00000000e0000000, 0x00000000e555a900, 0x00000000e5560000)
  from space 21824K,  39% used [0x00000000e6ab0000, 0x00000000e7333a70, 0x00000000e8000000)
  to   space 21824K,   0% used [0x00000000e5560000, 0x00000000e5560000, 0x00000000e6ab0000)
 concurrent mark-sweep generation total 393216K, used 31541K [0x00000000e8000000, 0x0000000100000000, 0x0000000100000000)
 Metaspace       used 32092K, capacity 32848K, committed 33020K, reserved 1079296K
  class space    used 3600K, capacity 3824K, committed 3836K, reserved 1048576K
2018-06-19T14:45:54.113+0200: 74,110: [GC (Allocation Failure) 2018-06-19T14:45:54.113+0200: 74,110: [ParNew
Desired survivor size 20112992 bytes, new threshold 8 (max 8)
- age   1:    3111712 bytes,    3111712 total
- age   2:     854568 bytes,    3966280 total
- age   3:    1028680 bytes,    4994960 total
- age   4:     828400 bytes,    5823360 total
- age   5:     831120 bytes,    6654480 total
- age   6:     864168 bytes,    7518648 total
- age   7:     826080 bytes,    8344728 total
- age   8:     850528 bytes,    9195256 total
: 96120K->10135K(109248K), 0,0166028 secs] 127661K->41816K(502464K), 0,0171299 secs] [Times: user=0,05 sys=0,00, real=0,01 secs] 
Heap after GC invocations=26 (full 1):
 par new generation   total 109248K, used 10135K [0x00000000e0000000, 0x00000000e8000000, 0x00000000e8000000)
  eden space 87424K,   0% used [0x00000000e0000000, 0x00000000e0000000, 0x00000000e5560000)
  from space 21824K,  46% used [0x00000000e5560000, 0x00000000e5f45dd0, 0x00000000e6ab0000)
  to   space 21824K,   0% used [0x00000000e6ab0000, 0x00000000e6ab0000, 0x00000000e8000000)
 concurrent mark-sweep generation total 393216K, used 31681K [0x00000000e8000000, 0x0000000100000000, 0x0000000100000000)
 Metaspace       used 32092K, capacity 32848K, committed 33020K, reserved 1079296K
  class space    used 3600K, capacity 3824K, committed 3836K, reserved 1048576K
}
2018-06-19T14:45:54.131+0200: 74,127: Total time for which application threads were stopped: 0,0285277 seconds, Stopping threads took: 0,0098952 seconds
{Heap before GC invocations=26 (full 1):
 par new generation   total 109248K, used 97559K [0x00000000e0000000, 0x00000000e8000000, 0x00000000e8000000)
  eden space 87424K, 100% used [0x00000000e0000000, 0x00000000e5560000, 0x00000000e5560000)
  from space 21824K,  46% used [0x00000000e5560000, 0x00000000e5f45dd0, 0x00000000e6ab0000)
  to   space 21824K,   0% used [0x00000000e6ab0000, 0x00000000e6ab0000, 0x00000000e8000000)
 concurrent mark-sweep generation total 393216K, used 31681K [0x00000000e8000000, 0x0000000100000000, 0x0000000100000000)
 Metaspace       used 32100K, capacity 32848K, committed 33020K, reserved 1079296K
  class space    used 3600K, capacity 3824K, committed 3836K, reserved 1048576K
2018-06-19T14:45:54.248+0200: 74,245: [GC (Allocation Failure) 2018-06-19T14:45:54.248+0200: 74,245: [ParNew
Desired survivor size 20112992 bytes, new threshold 8 (max 8)
- age   1:    1068400 bytes,    1068400 total
- age   2:    2945480 bytes,    4013880 total
- age   3:     854520 bytes,    4868400 total
- age   4:    1028680 bytes,    5897080 total
- age   5:     828400 bytes,    6725480 total
- age   6:     831120 bytes,    7556600 total
- age   7:     864120 bytes,    8420720 total
- age   8:     825848 bytes,    9246568 total
: 97559K->12636K(109248K), 0,0085663 secs] 129240K->45150K(502464K), 0,0086901 secs] [Times: user=0,04 sys=0,00, real=0,01 secs] 
Heap after GC invocations=27 (full 1):
 par new generation   total 109248K, used 12636K [0x00000000e0000000, 0x00000000e8000000, 0x00000000e8000000)
  eden space 87424K,   0% used [0x00000000e0000000, 0x00000000e0000000, 0x00000000e5560000)
  from space 21824K,  57% used [0x00000000e6ab0000, 0x00000000e7707060, 0x00000000e8000000)
  to   space 21824K,   0% used [0x00000000e5560000, 0x00000000e5560000, 0x00000000e6ab0000)
 concurrent mark-sweep generation total 393216K, used 32514K [0x00000000e8000000, 0x0000000100000000, 0x0000000100000000)
 Metaspace       used 32100K, capacity 32848K, committed 33020K, reserved 1079296K
  class space    used 3600K, capacity 3824K, committed 3836K, reserved 1048576K
}
2018-06-19T14:45:54.257+0200: 74,253: Total time for which application threads were stopped: 0,0089966 seconds, Stopping threads took: 0,0000811 seconds
{Heap before GC invocations=27 (full 1):
 par new generation   total 109248K, used 100060K [0x00000000e0000000, 0x00000000e8000000, 0x00000000e8000000)
  eden space 87424K, 100% used [0x00000000e0000000, 0x00000000e5560000, 0x00000000e5560000)
  from space 21824K,  57% used [0x00000000e6ab0000, 0x00000000e7707060, 0x00000000e8000000)
  to   space 21824K,   0% used [0x00000000e5560000, 0x00000000e5560000, 0x00000000e6ab0000)
 concurrent mark-sweep generation total 393216K, used 32514K [0x00000000e8000000, 0x0000000100000000, 0x0000000100000000)
 Metaspace       used 32107K, capacity 32848K, committed 33020K, reserved 1079296K
  class space    used 3600K, capacity 3824K, committed 3836K, reserved 1048576K
2018-06-19T14:45:54.360+0200: 74,357: [GC (Allocation Failure) 2018-06-19T14:45:54.361+0200: 74,357: [ParNew
Desired survivor size 20112992 bytes, new threshold 8 (max 8)
- age   1:    1152768 bytes,    1152768 total
- age   2:     763680 bytes,    1916448 total
- age   3:    2945368 bytes,    4861816 total
- age   4:     854520 bytes,    5716336 total
- age   5:    1028680 bytes,    6745016 total
- age   6:     828400 bytes,    7573416 total
- age   7:     831072 bytes,    8404488 total
- age   8:     863888 bytes,    9268376 total
: 100060K->10984K(109248K), 0,0165778 secs] 132574K->44315K(502464K), 0,0166935 secs] [Times: user=0,07 sys=0,00, real=0,02 secs] 
Heap after GC invocations=28 (full 1):
 par new generation   total 109248K, used 10984K [0x00000000e0000000, 0x00000000e8000000, 0x00000000e8000000)
  eden space 87424K,   0% used [0x00000000e0000000, 0x00000000e0000000, 0x00000000e5560000)
  from space 21824K,  50% used [0x00000000e5560000, 0x00000000e601a1c0, 0x00000000e6ab0000)
  to   space 21824K,   0% used [0x00000000e6ab0000, 0x00000000e6ab0000, 0x00000000e8000000)
 concurrent mark-sweep generation total 393216K, used 33330K [0x00000000e8000000, 0x0000000100000000, 0x0000000100000000)
 Metaspace       used 32107K, capacity 32848K, committed 33020K, reserved 1079296K
  class space    used 3600K, capacity 3824K, committed 3836K, reserved 1048576K
}
2018-06-19T14:45:54.377+0200: 74,374: Total time for which application threads were stopped: 0,0170558 seconds, Stopping threads took: 0,0000806 seconds
2018-06-19T14:45:54.456+0200: 74,452: Total time for which application threads were stopped: 0,0001478 seconds, Stopping threads took: 0,0000297 seconds
2018-06-19T14:45:54.459+0200: 74,456: Total time for which application threads were stopped: 0,0030991 seconds, Stopping threads took: 0,0029833 seconds
2018-06-19T14:45:54.463+0200: 74,459: Total time for which application threads were stopped: 0,0001452 seconds, Stopping threads took: 0,0000511 seconds
2018-06-19T14:45:54.463+0200: 74,460: Total time for which application threads were stopped: 0,0000685 seconds, Stopping threads took: 0,0000249 seconds
2018-06-19T14:45:54.463+0200: 74,460: Total time for which application threads were stopped: 0,0000616 seconds, Stopping threads took: 0,0000232 seconds
2018-06-19T14:45:54.463+0200: 74,460: Total time for which application threads were stopped: 0,0000559 seconds, Stopping threads took: 0,0000199 seconds
2018-06-19T14:45:54.463+0200: 74,460: Total time for which application threads were stopped: 0,0000559 seconds, Stopping threads took: 0,0000202 seconds
2018-06-19T14:45:54.463+0200: 74,460: Total time for which application threads were stopped: 0,0000597 seconds, Stopping threads took: 0,0000233 seconds
2018-06-19T14:45:54.464+0200: 74,460: Total time for which application threads were stopped: 0,0000618 seconds, Stopping threads took: 0,0000234 seconds
2018-06-19T14:45:54.464+0200: 74,460: Total time for which application threads were stopped: 0,0000661 seconds, Stopping threads took: 0,0000242 seconds
2018-06-19T14:45:54.464+0200: 74,460: Total time for which application threads were stopped: 0,0002079 seconds, Stopping threads took: 0,0000291 seconds
{Heap before GC invocations=28 (full 1):
 par new generation   total 109248K, used 98408K [0x00000000e0000000, 0x00000000e8000000, 0x00000000e8000000)
  eden space 87424K, 100% used [0x00000000e0000000, 0x00000000e5560000, 0x00000000e5560000)
  from space 21824K,  50% used [0x00000000e5560000, 0x00000000e601a1c0, 0x00000000e6ab0000)
  to   space 21824K,   0% used [0x00000000e6ab0000, 0x00000000e6ab0000, 0x00000000e8000000)
 concurrent mark-sweep generation total 393216K, used 33330K [0x00000000e8000000, 0x0000000100000000, 0x0000000100000000)
 Metaspace       used 32113K, capacity 32848K, committed 33020K, reserved 1079296K
  class space    used 3600K, capacity 3824K, committed 3836K, reserved 1048576K
2018-06-19T14:45:54.486+0200: 74,483: [GC (Allocation Failure) 2018-06-19T14:45:54.487+0200: 74,483: [ParNew
Desired survivor size 20112992 bytes, new threshold 8 (max 8)
- age   1:    1443144 bytes,    1443144 total
- age   2:     756104 bytes,    2199248 total
- age   3:     687112 bytes,    2886360 total
- age   4:    2526776 bytes,    5413136 total
- age   5:     692488 bytes,    6105624 total
- age   6:     861480 bytes,    6967104 total
- age   7:     666776 bytes,    7633880 total
- age   8:     668504 bytes,    8302384 total
: 98408K->14282K(109248K), 0,0179014 secs] 131739K->48296K(502464K), 0,0180127 secs] [Times: user=0,06 sys=0,01, real=0,02 secs] 
Heap after GC invocations=29 (full 1):
 par new generation   total 109248K, used 14282K [0x00000000e0000000, 0x00000000e8000000, 0x00000000e8000000)
  eden space 87424K,   0% used [0x00000000e0000000, 0x00000000e0000000, 0x00000000e5560000)
  from space 21824K,  65% used [0x00000000e6ab0000, 0x00000000e78a2a10, 0x00000000e8000000)
  to   space 21824K,   0% used [0x00000000e5560000, 0x00000000e5560000, 0x00000000e6ab0000)
 concurrent mark-sweep generation total 393216K, used 34014K [0x00000000e8000000, 0x0000000100000000, 0x0000000100000000)
 Metaspace       used 32113K, capacity 32848K, committed 33020K, reserved 1079296K
  class space    used 3600K, capacity 3824K, committed 3836K, reserved 1048576K
}
2018-06-19T14:45:54.505+0200: 74,501: Total time for which application threads were stopped: 0,0182412 seconds, Stopping threads took: 0,0000314 seconds
{Heap before GC invocations=29 (full 1):
 par new generation   total 109248K, used 101706K [0x00000000e0000000, 0x00000000e8000000, 0x00000000e8000000)
  eden space 87424K, 100% used [0x00000000e0000000, 0x00000000e5560000, 0x00000000e5560000)
  from space 21824K,  65% used [0x00000000e6ab0000, 0x00000000e78a2a10, 0x00000000e8000000)
  to   space 21824K,   0% used [0x00000000e5560000, 0x00000000e5560000, 0x00000000e6ab0000)
 concurrent mark-sweep generation total 393216K, used 34014K [0x00000000e8000000, 0x0000000100000000, 0x0000000100000000)
 Metaspace       used 32115K, capacity 32848K, committed 33020K, reserved 1079296K
  class space    used 3600K, capacity 3824K, committed 3836K, reserved 1048576K
2018-06-19T14:45:54.612+0200: 74,609: [GC (Allocation Failure) 2018-06-19T14:45:54.613+0200: 74,609: [ParNew
Desired survivor size 20112992 bytes, new threshold 8 (max 8)
- age   1:    1593560 bytes,    1593560 total
- age   2:    1047296 bytes,    2640856 total
- age   3:     659192 bytes,    3300048 total
- age   4:     689008 bytes,    3989056 total
- age   5:    2527232 bytes,    6516288 total
- age   6:     692488 bytes,    7208776 total
- age   7:     861432 bytes,    8070208 total
- age   8:     666544 bytes,    8736752 total
: 101706K->11313K(109248K), 0,0329147 secs] 135720K->45981K(502464K), 0,0330069 secs] [Times: user=0,10 sys=0,00, real=0,03 secs] 
Heap after GC invocations=30 (full 1):
 par new generation   total 109248K, used 11313K [0x00000000e0000000, 0x00000000e8000000, 0x00000000e8000000)
  eden space 87424K,   0% used [0x00000000e0000000, 0x00000000e0000000, 0x00000000e5560000)
  from space 21824K,  51% used [0x00000000e5560000, 0x00000000e606c428, 0x00000000e6ab0000)
  to   space 21824K,   0% used [0x00000000e6ab0000, 0x00000000e6ab0000, 0x00000000e8000000)
 concurrent mark-sweep generation total 393216K, used 34668K [0x00000000e8000000, 0x0000000100000000, 0x0000000100000000)
 Metaspace       used 32115K, capacity 32848K, committed 33020K, reserved 1079296K
  class space    used 3600K, capacity 3824K, committed 3836K, reserved 1048576K
}
2018-06-19T14:45:54.646+0200: 74,642: Total time for which application threads were stopped: 0,0332516 seconds, Stopping threads took: 0,0000348 seconds
{Heap before GC invocations=30 (full 1):
 par new generation   total 109248K, used 98737K [0x00000000e0000000, 0x00000000e8000000, 0x00000000e8000000)
  eden space 87424K, 100% used [0x00000000e0000000, 0x00000000e5560000, 0x00000000e5560000)
  from space 21824K,  51% used [0x00000000e5560000, 0x00000000e606c428, 0x00000000e6ab0000)
  to   space 21824K,   0% used [0x00000000e6ab0000, 0x00000000e6ab0000, 0x00000000e8000000)
 concurrent mark-sweep generation total 393216K, used 34668K [0x00000000e8000000, 0x0000000100000000, 0x0000000100000000)
 Metaspace       used 32115K, capacity 32848K, committed 33020K, reserved 1079296K
  class space    used 3600K, capacity 3824K, committed 3836K, reserved 1048576K
2018-06-19T14:45:54.738+0200: 74,734: [GC (Allocation Failure) 2018-06-19T14:45:54.738+0200: 74,734: [ParNew
Desired survivor size 20112992 bytes, new threshold 8 (max 8)
- age   1:    1617528 bytes,    1617528 total
- age   2:    1057480 bytes,    2675008 total
- age   3:     980408 bytes,    3655416 total
- age   4:     658256 bytes,    4313672 total
- age   5:     687712 bytes,    5001384 total
- age   6:    2526872 bytes,    7528256 total
- age   7:     692440 bytes,    8220696 total
- age   8:     861200 bytes,    9081896 total
: 98737K->10410K(109248K), 0,0211701 secs] 133405K->45730K(502464K), 0,0212745 secs] [Times: user=0,08 sys=0,00, real=0,02 secs] 
Heap after GC invocations=31 (full 1):
 par new generation   total 109248K, used 10410K [0x00000000e0000000, 0x00000000e8000000, 0x00000000e8000000)
  eden space 87424K,   0% used [0x00000000e0000000, 0x00000000e0000000, 0x00000000e5560000)
  from space 21824K,  47% used [0x00000000e6ab0000, 0x00000000e74daa80, 0x00000000e8000000)
  to   space 21824K,   0% used [0x00000000e5560000, 0x00000000e5560000, 0x00000000e6ab0000)
 concurrent mark-sweep generation total 393216K, used 35319K [0x00000000e8000000, 0x0000000100000000, 0x0000000100000000)
 Metaspace       used 32115K, capacity 32848K, committed 33020K, reserved 1079296K
  class space    used 3600K, capacity 3824K, committed 3836K, reserved 1048576K
}
2018-06-19T14:45:54.759+0200: 74,756: Total time for which application threads were stopped: 0,0215548 seconds, Stopping threads took: 0,0000721 seconds
{Heap before GC invocations=31 (full 1):
 par new generation   total 109248K, used 97834K [0x00000000e0000000, 0x00000000e8000000, 0x00000000e8000000)
  eden space 87424K, 100% used [0x00000000e0000000, 0x00000000e5560000, 0x00000000e5560000)
  from space 21824K,  47% used [0x00000000e6ab0000, 0x00000000e74daa80, 0x00000000e8000000)
  to   space 21824K,   0% used [0x00000000e5560000, 0x00000000e5560000, 0x00000000e6ab0000)
 concurrent mark-sweep generation total 393216K, used 35319K [0x00000000e8000000, 0x0000000100000000, 0x0000000100000000)
 Metaspace       used 32117K, capacity 32848K, committed 33020K, reserved 1079296K
  class space    used 3600K, capacity 3824K, committed 3836K, reserved 1048576K
2018-06-19T14:45:54.844+0200: 74,841: [GC (Allocation Failure) 2018-06-19T14:45:54.844+0200: 74,841: [ParNew
Desired survivor size 20112992 bytes, new threshold 8 (max 8)
- age   1:    1480960 bytes,    1480960 total
- age   2:    1152056 bytes,    2633016 total
- age   3:    1056912 bytes,    3689928 total
- age   4:     883184 bytes,    4573112 total
- age   5:     658760 bytes,    5231872 total
- age   6:     688408 bytes,    5920280 total
- age   7:    2527352 bytes,    8447632 total
- age   8:     692160 bytes,    9139792 total
: 97834K->13453K(109248K), 0,0313241 secs] 133154K->49615K(502464K), 0,0314465 secs] [Times: user=0,10 sys=0,00, real=0,03 secs] 
Heap after GC invocations=32 (full 1):
 par new generation   total 109248K, used 13453K [0x00000000e0000000, 0x00000000e8000000, 0x00000000e8000000)
  eden space 87424K,   0% used [0x00000000e0000000, 0x00000000e0000000, 0x00000000e5560000)
  from space 21824K,  61% used [0x00000000e5560000, 0x00000000e6283758, 0x00000000e6ab0000)
  to   space 21824K,   0% used [0x00000000e6ab0000, 0x00000000e6ab0000, 0x00000000e8000000)
 concurrent mark-sweep generation total 393216K, used 36161K [0x00000000e8000000, 0x0000000100000000, 0x0000000100000000)
 Metaspace       used 32117K, capacity 32848K, committed 33020K, reserved 1079296K
  class space    used 3600K, capacity 3824K, committed 3836K, reserved 1048576K
}
2018-06-19T14:45:54.876+0200: 74,872: Total time for which application threads were stopped: 0,0317544 seconds, Stopping threads took: 0,0000488 seconds
2018-06-19T14:45:54.915+0200: 74,912: Total time for which application threads were stopped: 0,0001607 seconds, Stopping threads took: 0,0000615 seconds
2018-06-19T14:45:54.948+0200: 74,944: Total time for which application threads were stopped: 0,0001333 seconds, Stopping threads took: 0,0000495 seconds
2018-06-19T14:45:55.066+0200: 75,062: Total time for which application threads were stopped: 0,0001288 seconds, Stopping threads took: 0,0000275 seconds
2018-06-19T14:45:55.535+0200: 75,531: Total time for which application threads were stopped: 0,0001001 seconds, Stopping threads took: 0,0000179 seconds
2018-06-19T14:45:55.535+0200: 75,532: Total time for which application threads were stopped: 0,0000885 seconds, Stopping threads took: 0,0000198 seconds
2018-06-19T14:45:55.536+0200: 75,532: Total time for which application threads were stopped: 0,0000591 seconds, Stopping threads took: 0,0000269 seconds
2018-06-19T14:45:55.536+0200: 75,532: Total time for which application threads were stopped: 0,0000533 seconds, Stopping threads took: 0,0000231 seconds
2018-06-19T14:45:55.536+0200: 75,532: Total time for which application threads were stopped: 0,0000424 seconds, Stopping threads took: 0,0000143 seconds
2018-06-19T14:45:55.537+0200: 75,534: Total time for which application threads were stopped: 0,0000958 seconds, Stopping threads took: 0,0000387 seconds
2018-06-19T14:45:55.538+0200: 75,534: Total time for which application threads were stopped: 0,0000780 seconds, Stopping threads took: 0,0000287 seconds
2018-06-19T14:45:56.538+0200: 76,535: Total time for which application threads were stopped: 0,0000868 seconds, Stopping threads took: 0,0000222 seconds
2018-06-19T14:45:56.565+0200: 76,561: Total time for which application threads were stopped: 0,0005603 seconds, Stopping threads took: 0,0000207 seconds
2018-06-19T14:45:56.566+0200: 76,562: Total time for which application threads were stopped: 0,0005476 seconds, Stopping threads took: 0,0000162 seconds
2018-06-19T14:45:56.570+0200: 76,566: Total time for which application threads were stopped: 0,0000901 seconds, Stopping threads took: 0,0000288 seconds
2018-06-19T14:45:56.575+0200: 76,572: Total time for which application threads were stopped: 0,0001410 seconds, Stopping threads took: 0,0000653 seconds
2018-06-19T14:45:56.578+0200: 76,574: Total time for which application threads were stopped: 0,0020174 seconds, Stopping threads took: 0,0019514 seconds
2018-06-19T14:45:56.578+0200: 76,575: Total time for which application threads were stopped: 0,0001257 seconds, Stopping threads took: 0,0000613 seconds
2018-06-19T14:45:56.580+0200: 76,577: Total time for which application threads were stopped: 0,0006178 seconds, Stopping threads took: 0,0005489 seconds
2018-06-19T14:45:56.582+0200: 76,579: Total time for which application threads were stopped: 0,0006004 seconds, Stopping threads took: 0,0005368 seconds
2018-06-19T14:45:56.583+0200: 76,580: Total time for which application threads were stopped: 0,0000851 seconds, Stopping threads took: 0,0000251 seconds
2018-06-19T14:45:56.583+0200: 76,580: Total time for which application threads were stopped: 0,0000533 seconds, Stopping threads took: 0,0000138 seconds
2018-06-19T14:45:56.585+0200: 76,581: Total time for which application threads were stopped: 0,0001888 seconds, Stopping threads took: 0,0000930 seconds
2018-06-19T14:45:56.585+0200: 76,581: Total time for which application threads were stopped: 0,0001030 seconds, Stopping threads took: 0,0000399 seconds
2018-06-19T14:45:56.585+0200: 76,581: Total time for which application threads were stopped: 0,0000985 seconds, Stopping threads took: 0,0000368 seconds
2018-06-19T14:45:56.585+0200: 76,582: Total time for which application threads were stopped: 0,0000862 seconds, Stopping threads took: 0,0000342 seconds
2018-06-19T14:45:56.585+0200: 76,582: Total time for which application threads were stopped: 0,0000879 seconds, Stopping threads took: 0,0000300 seconds
2018-06-19T14:45:56.585+0200: 76,582: Total time for which application threads were stopped: 0,0000998 seconds, Stopping threads took: 0,0000442 seconds
2018-06-19T14:45:56.588+0200: 76,584: Total time for which application threads were stopped: 0,0001377 seconds, Stopping threads took: 0,0000343 seconds
2018-06-19T14:45:56.588+0200: 76,585: Total time for which application threads were stopped: 0,0000903 seconds, Stopping threads took: 0,0000375 seconds
2018-06-19T14:45:56.588+0200: 76,585: Total time for which application threads were stopped: 0,0000944 seconds, Stopping threads took: 0,0000261 seconds
2018-06-19T14:45:56.589+0200: 76,585: Total time for which application threads were stopped: 0,0000868 seconds, Stopping threads took: 0,0000310 seconds
2018-06-19T14:45:56.590+0200: 76,586: Total time for which application threads were stopped: 0,0001185 seconds, Stopping threads took: 0,0000527 seconds
2018-06-19T14:45:56.591+0200: 76,587: Total time for which application threads were stopped: 0,0007880 seconds, Stopping threads took: 0,0007420 seconds
2018-06-19T14:45:56.592+0200: 76,588: Total time for which application threads were stopped: 0,0000952 seconds, Stopping threads took: 0,0000200 seconds
2018-06-19T14:45:56.592+0200: 76,588: Total time for which application threads were stopped: 0,0000936 seconds, Stopping threads took: 0,0000271 seconds
2018-06-19T14:45:56.592+0200: 76,589: Total time for which application threads were stopped: 0,0001180 seconds, Stopping threads took: 0,0000740 seconds
2018-06-19T14:45:56.595+0200: 76,592: Total time for which application threads were stopped: 0,0001236 seconds, Stopping threads took: 0,0000522 seconds
2018-06-19T14:45:56.595+0200: 76,592: Total time for which application threads were stopped: 0,0000731 seconds, Stopping threads took: 0,0000246 seconds
2018-06-19T14:45:56.595+0200: 76,592: Total time for which application threads were stopped: 0,0000749 seconds, Stopping threads took: 0,0000290 seconds
2018-06-19T14:45:56.596+0200: 76,592: Total time for which application threads were stopped: 0,0001181 seconds, Stopping threads took: 0,0000573 seconds
2018-06-19T14:45:56.599+0200: 76,596: Total time for which application threads were stopped: 0,0001348 seconds, Stopping threads took: 0,0000564 seconds
2018-06-19T14:45:56.601+0200: 76,598: Total time for which application threads were stopped: 0,0002592 seconds, Stopping threads took: 0,0000432 seconds
2018-06-19T14:45:56.603+0200: 76,599: Total time for which application threads were stopped: 0,0001400 seconds, Stopping threads took: 0,0000512 seconds
2018-06-19T14:45:56.603+0200: 76,599: Total time for which application threads were stopped: 0,0000528 seconds, Stopping threads took: 0,0000112 seconds
2018-06-19T14:45:56.603+0200: 76,600: Total time for which application threads were stopped: 0,0002676 seconds, Stopping threads took: 0,0002174 seconds
2018-06-19T14:45:56.603+0200: 76,600: Total time for which application threads were stopped: 0,0000565 seconds, Stopping threads took: 0,0000243 seconds
2018-06-19T14:45:56.603+0200: 76,600: Total time for which application threads were stopped: 0,0000585 seconds, Stopping threads took: 0,0000281 seconds
2018-06-19T14:45:56.605+0200: 76,602: Total time for which application threads were stopped: 0,0000960 seconds, Stopping threads took: 0,0000287 seconds
2018-06-19T14:45:56.606+0200: 76,602: Total time for which application threads were stopped: 0,0000948 seconds, Stopping threads took: 0,0000405 seconds
2018-06-19T14:45:56.606+0200: 76,603: Total time for which application threads were stopped: 0,0000856 seconds, Stopping threads took: 0,0000175 seconds
2018-06-19T14:45:56.607+0200: 76,604: Total time for which application threads were stopped: 0,0002735 seconds, Stopping threads took: 0,0000436 seconds
2018-06-19T14:45:56.608+0200: 76,604: Total time for which application threads were stopped: 0,0000762 seconds, Stopping threads took: 0,0000232 seconds
2018-06-19T14:45:56.609+0200: 76,606: Total time for which application threads were stopped: 0,0001174 seconds, Stopping threads took: 0,0000404 seconds
2018-06-19T14:45:56.610+0200: 76,606: Total time for which application threads were stopped: 0,0001251 seconds, Stopping threads took: 0,0000642 seconds
2018-06-19T14:45:56.614+0200: 76,610: Total time for which application threads were stopped: 0,0002241 seconds, Stopping threads took: 0,0001409 seconds
2018-06-19T14:45:56.614+0200: 76,611: Total time for which application threads were stopped: 0,0001142 seconds, Stopping threads took: 0,0000241 seconds
2018-06-19T14:45:56.615+0200: 76,612: Total time for which application threads were stopped: 0,0001360 seconds, Stopping threads took: 0,0000315 seconds
2018-06-19T14:45:56.615+0200: 76,612: Total time for which application threads were stopped: 0,0001128 seconds, Stopping threads took: 0,0000523 seconds
Heap
 par new generation   total 109248K, used 95596K [0x00000000e0000000, 0x00000000e8000000, 0x00000000e8000000)
  eden space 87424K,  93% used [0x00000000e0000000, 0x00000000e50379a8, 0x00000000e5560000)
  from space 21824K,  61% used [0x00000000e5560000, 0x00000000e6283758, 0x00000000e6ab0000)
  to   space 21824K,   0% used [0x00000000e6ab0000, 0x00000000e6ab0000, 0x00000000e8000000)
 concurrent mark-sweep generation total 393216K, used 36161K [0x00000000e8000000, 0x0000000100000000, 0x0000000100000000)
 Metaspace       used 32226K, capacity 33004K, committed 33276K, reserved 1079296K
  class space    used 3611K, capacity 3826K, committed 3836K, reserved 1048576K
