OpenJDK 64-Bit Server VM (25.171-b11) for linux-amd64 JRE (1.8.0_171-8u171-b11-0ubuntu0.16.04.1-b11), built on Apr 27 2018 17:19:03 by "buildd" with gcc 5.4.0 20160609
Memory: 4k page, physical 7867600k(809668k free), swap 8076284k(8010324k free)
CommandLine flags: -XX:CMSInitiatingOccupancyFraction=50 -XX:CMSMaxAbortablePrecleanTime=6000 -XX:+CMSParallelRemarkEnabled -XX:+CMSScavengeBeforeRemark -XX:ConcGCThreads=4 -XX:InitialHeapSize=536870912 -XX:MaxHeapSize=536870912 -XX:MaxTenuringThreshold=8 -XX:NewRatio=3 -XX:OldPLABSize=16 -XX:OnOutOfMemoryError=/home/gurnoor/workspace/QTM/solr/bin/oom_solr.sh 8983 /home/gurnoor/workspace/QTM/solr/server/logs -XX:ParallelGCThreads=4 -XX:+ParallelRefProcEnabled -XX:PretenureSizeThreshold=67108864 -XX:+PrintGC -XX:+PrintGCApplicationStoppedTime -XX:+PrintGCDateStamps -XX:+PrintGCDetails -XX:+PrintGCTimeStamps -XX:+PrintHeapAtGC -XX:+PrintTenuringDistribution -XX:SurvivorRatio=4 -XX:TargetSurvivorRatio=90 -XX:ThreadStackSize=256 -XX:+UseCMSInitiatingOccupancyOnly -XX:+UseCompressedClassPointers -XX:+UseCompressedOops -XX:+UseConcMarkSweepGC -XX:+UseParNewGC 
2018-06-19T15:09:17.930+0200: 0,107: Total time for which application threads were stopped: 0,0000731 seconds, Stopping threads took: 0,0000137 seconds
2018-06-19T15:09:17.997+0200: 0,173: Total time for which application threads were stopped: 0,0001101 seconds, Stopping threads took: 0,0000179 seconds
2018-06-19T15:09:18.007+0200: 0,183: Total time for which application threads were stopped: 0,0000876 seconds, Stopping threads took: 0,0000140 seconds
2018-06-19T15:09:18.120+0200: 0,297: Total time for which application threads were stopped: 0,0001696 seconds, Stopping threads took: 0,0000225 seconds
2018-06-19T15:09:18.288+0200: 0,465: Total time for which application threads were stopped: 0,0001419 seconds, Stopping threads took: 0,0000154 seconds
2018-06-19T15:09:18.336+0200: 0,513: Total time for which application threads were stopped: 0,0001646 seconds, Stopping threads took: 0,0000174 seconds
2018-06-19T15:09:18.353+0200: 0,530: Total time for which application threads were stopped: 0,0002414 seconds, Stopping threads took: 0,0000323 seconds
2018-06-19T15:09:18.552+0200: 0,729: Total time for which application threads were stopped: 0,0001980 seconds, Stopping threads took: 0,0000166 seconds
2018-06-19T15:09:18.693+0200: 0,870: Total time for which application threads were stopped: 0,0002959 seconds, Stopping threads took: 0,0000285 seconds
2018-06-19T15:09:18.714+0200: 0,891: Total time for which application threads were stopped: 0,0001930 seconds, Stopping threads took: 0,0000168 seconds
2018-06-19T15:09:18.740+0200: 0,916: Total time for which application threads were stopped: 0,0002790 seconds, Stopping threads took: 0,0000289 seconds
2018-06-19T15:09:18.741+0200: 0,918: Total time for which application threads were stopped: 0,0002333 seconds, Stopping threads took: 0,0000358 seconds
2018-06-19T15:09:18.753+0200: 0,930: Total time for which application threads were stopped: 0,0002142 seconds, Stopping threads took: 0,0000240 seconds
2018-06-19T15:09:18.825+0200: 1,002: Total time for which application threads were stopped: 0,0002660 seconds, Stopping threads took: 0,0000222 seconds
2018-06-19T15:09:18.976+0200: 1,152: Total time for which application threads were stopped: 0,0003216 seconds, Stopping threads took: 0,0000698 seconds
{Heap before GC invocations=0 (full 0):
 par new generation   total 109248K, used 87424K [0x00000000e0000000, 0x00000000e8000000, 0x00000000e8000000)
  eden space 87424K, 100% used [0x00000000e0000000, 0x00000000e5560000, 0x00000000e5560000)
  from space 21824K,   0% used [0x00000000e5560000, 0x00000000e5560000, 0x00000000e6ab0000)
  to   space 21824K,   0% used [0x00000000e6ab0000, 0x00000000e6ab0000, 0x00000000e8000000)
 concurrent mark-sweep generation total 393216K, used 0K [0x00000000e8000000, 0x0000000100000000, 0x0000000100000000)
 Metaspace       used 17827K, capacity 18184K, committed 18304K, reserved 1064960K
  class space    used 2022K, capacity 2166K, committed 2176K, reserved 1048576K
2018-06-19T15:09:19.003+0200: 1,180: [GC (Allocation Failure) 2018-06-19T15:09:19.003+0200: 1,180: [ParNew
Desired survivor size 20112992 bytes, new threshold 8 (max 8)
- age   1:   11353528 bytes,   11353528 total
: 87424K->11181K(109248K), 0,0108471 secs] 87424K->11181K(502464K), 0,0109109 secs] [Times: user=0,04 sys=0,00, real=0,01 secs] 
Heap after GC invocations=1 (full 0):
 par new generation   total 109248K, used 11181K [0x00000000e0000000, 0x00000000e8000000, 0x00000000e8000000)
  eden space 87424K,   0% used [0x00000000e0000000, 0x00000000e0000000, 0x00000000e5560000)
  from space 21824K,  51% used [0x00000000e6ab0000, 0x00000000e759b720, 0x00000000e8000000)
  to   space 21824K,   0% used [0x00000000e5560000, 0x00000000e5560000, 0x00000000e6ab0000)
 concurrent mark-sweep generation total 393216K, used 0K [0x00000000e8000000, 0x0000000100000000, 0x0000000100000000)
 Metaspace       used 17827K, capacity 18184K, committed 18304K, reserved 1064960K
  class space    used 2022K, capacity 2166K, committed 2176K, reserved 1048576K
}
2018-06-19T15:09:19.014+0200: 1,191: Total time for which application threads were stopped: 0,0111577 seconds, Stopping threads took: 0,0000650 seconds
2018-06-19T15:09:19.312+0200: 1,489: Total time for which application threads were stopped: 0,0004737 seconds, Stopping threads took: 0,0000689 seconds
{Heap before GC invocations=1 (full 0):
 par new generation   total 109248K, used 98605K [0x00000000e0000000, 0x00000000e8000000, 0x00000000e8000000)
  eden space 87424K, 100% used [0x00000000e0000000, 0x00000000e5560000, 0x00000000e5560000)
  from space 21824K,  51% used [0x00000000e6ab0000, 0x00000000e759b720, 0x00000000e8000000)
  to   space 21824K,   0% used [0x00000000e5560000, 0x00000000e5560000, 0x00000000e6ab0000)
 concurrent mark-sweep generation total 393216K, used 0K [0x00000000e8000000, 0x0000000100000000, 0x0000000100000000)
 Metaspace       used 20090K, capacity 20428K, committed 20736K, reserved 1067008K
  class space    used 2295K, capacity 2470K, committed 2560K, reserved 1048576K
2018-06-19T15:09:19.366+0200: 1,543: [GC (Allocation Failure) 2018-06-19T15:09:19.366+0200: 1,543: [ParNew
Desired survivor size 20112992 bytes, new threshold 8 (max 8)
- age   1:    3630992 bytes,    3630992 total
- age   2:    5839376 bytes,    9470368 total
: 98605K->14115K(109248K), 0,0089807 secs] 98605K->14115K(502464K), 0,0090444 secs] [Times: user=0,03 sys=0,00, real=0,01 secs] 
Heap after GC invocations=2 (full 0):
 par new generation   total 109248K, used 14115K [0x00000000e0000000, 0x00000000e8000000, 0x00000000e8000000)
  eden space 87424K,   0% used [0x00000000e0000000, 0x00000000e0000000, 0x00000000e5560000)
  from space 21824K,  64% used [0x00000000e5560000, 0x00000000e6328c40, 0x00000000e6ab0000)
  to   space 21824K,   0% used [0x00000000e6ab0000, 0x00000000e6ab0000, 0x00000000e8000000)
 concurrent mark-sweep generation total 393216K, used 0K [0x00000000e8000000, 0x0000000100000000, 0x0000000100000000)
 Metaspace       used 20090K, capacity 20428K, committed 20736K, reserved 1067008K
  class space    used 2295K, capacity 2470K, committed 2560K, reserved 1048576K
}
2018-06-19T15:09:19.375+0200: 1,552: Total time for which application threads were stopped: 0,0124278 seconds, Stopping threads took: 0,0032228 seconds
2018-06-19T15:09:19.384+0200: 1,561: Total time for which application threads were stopped: 0,0008882 seconds, Stopping threads took: 0,0006146 seconds
2018-06-19T15:09:19.445+0200: 1,621: Total time for which application threads were stopped: 0,0003936 seconds, Stopping threads took: 0,0000241 seconds
2018-06-19T15:09:19.558+0200: 1,735: Total time for which application threads were stopped: 0,0002193 seconds, Stopping threads took: 0,0000812 seconds
{Heap before GC invocations=2 (full 0):
 par new generation   total 109248K, used 101539K [0x00000000e0000000, 0x00000000e8000000, 0x00000000e8000000)
  eden space 87424K, 100% used [0x00000000e0000000, 0x00000000e5560000, 0x00000000e5560000)
  from space 21824K,  64% used [0x00000000e5560000, 0x00000000e6328c40, 0x00000000e6ab0000)
  to   space 21824K,   0% used [0x00000000e6ab0000, 0x00000000e6ab0000, 0x00000000e8000000)
 concurrent mark-sweep generation total 393216K, used 0K [0x00000000e8000000, 0x0000000100000000, 0x0000000100000000)
 Metaspace       used 21009K, capacity 21350K, committed 21628K, reserved 1069056K
  class space    used 2418K, capacity 2589K, committed 2684K, reserved 1048576K
2018-06-19T15:09:19.611+0200: 1,788: [GC (Allocation Failure) 2018-06-19T15:09:19.611+0200: 1,788: [ParNew
Desired survivor size 20112992 bytes, new threshold 8 (max 8)
- age   1:    2231568 bytes,    2231568 total
- age   2:    1120656 bytes,    3352224 total
- age   3:    5837744 bytes,    9189968 total
: 101539K->11210K(109248K), 0,0149942 secs] 101539K->11210K(502464K), 0,0150800 secs] [Times: user=0,04 sys=0,00, real=0,01 secs] 
Heap after GC invocations=3 (full 0):
 par new generation   total 109248K, used 11210K [0x00000000e0000000, 0x00000000e8000000, 0x00000000e8000000)
  eden space 87424K,   0% used [0x00000000e0000000, 0x00000000e0000000, 0x00000000e5560000)
  from space 21824K,  51% used [0x00000000e6ab0000, 0x00000000e75a2928, 0x00000000e8000000)
  to   space 21824K,   0% used [0x00000000e5560000, 0x00000000e5560000, 0x00000000e6ab0000)
 concurrent mark-sweep generation total 393216K, used 0K [0x00000000e8000000, 0x0000000100000000, 0x0000000100000000)
 Metaspace       used 21009K, capacity 21350K, committed 21628K, reserved 1069056K
  class space    used 2418K, capacity 2589K, committed 2684K, reserved 1048576K
}
2018-06-19T15:09:19.626+0200: 1,803: Total time for which application threads were stopped: 0,0176067 seconds, Stopping threads took: 0,0023597 seconds
2018-06-19T15:09:19.632+0200: 1,808: [GC (CMS Initial Mark) [1 CMS-initial-mark: 0K(393216K)] 17769K(502464K), 0,0058804 secs] [Times: user=0,02 sys=0,01, real=0,00 secs] 
2018-06-19T15:09:19.638+0200: 1,814: Total time for which application threads were stopped: 0,0061983 seconds, Stopping threads took: 0,0002112 seconds
2018-06-19T15:09:19.638+0200: 1,814: [CMS-concurrent-mark-start]
2018-06-19T15:09:19.638+0200: 1,815: [CMS-concurrent-mark: 0,000/0,000 secs] [Times: user=0,00 sys=0,00, real=0,00 secs] 
2018-06-19T15:09:19.638+0200: 1,815: [CMS-concurrent-preclean-start]
2018-06-19T15:09:19.639+0200: 1,816: [CMS-concurrent-preclean: 0,001/0,001 secs] [Times: user=0,01 sys=0,00, real=0,00 secs] 
2018-06-19T15:09:19.639+0200: 1,816: [CMS-concurrent-abortable-preclean-start]
2018-06-19T15:09:19.673+0200: 1,849: Total time for which application threads were stopped: 0,0001613 seconds, Stopping threads took: 0,0000495 seconds
{Heap before GC invocations=3 (full 1):
 par new generation   total 109248K, used 98634K [0x00000000e0000000, 0x00000000e8000000, 0x00000000e8000000)
  eden space 87424K, 100% used [0x00000000e0000000, 0x00000000e5560000, 0x00000000e5560000)
  from space 21824K,  51% used [0x00000000e6ab0000, 0x00000000e75a2928, 0x00000000e8000000)
  to   space 21824K,   0% used [0x00000000e5560000, 0x00000000e5560000, 0x00000000e6ab0000)
 concurrent mark-sweep generation total 393216K, used 0K [0x00000000e8000000, 0x0000000100000000, 0x0000000100000000)
 Metaspace       used 21308K, capacity 21722K, committed 21884K, reserved 1069056K
  class space    used 2452K, capacity 2636K, committed 2684K, reserved 1048576K
2018-06-19T15:09:19.772+0200: 1,948: [GC (Allocation Failure) 2018-06-19T15:09:19.772+0200: 1,948: [ParNew
Desired survivor size 20112992 bytes, new threshold 8 (max 8)
- age   1:     468056 bytes,     468056 total
- age   2:    1461480 bytes,    1929536 total
- age   3:    1115016 bytes,    3044552 total
- age   4:    5837704 bytes,    8882256 total
: 98634K->11624K(109248K), 0,0087636 secs] 98634K->11624K(502464K), 0,0088365 secs] [Times: user=0,03 sys=0,00, real=0,00 secs] 
Heap after GC invocations=4 (full 1):
 par new generation   total 109248K, used 11624K [0x00000000e0000000, 0x00000000e8000000, 0x00000000e8000000)
  eden space 87424K,   0% used [0x00000000e0000000, 0x00000000e0000000, 0x00000000e5560000)
  from space 21824K,  53% used [0x00000000e5560000, 0x00000000e60ba370, 0x00000000e6ab0000)
  to   space 21824K,   0% used [0x00000000e6ab0000, 0x00000000e6ab0000, 0x00000000e8000000)
 concurrent mark-sweep generation total 393216K, used 0K [0x00000000e8000000, 0x0000000100000000, 0x0000000100000000)
 Metaspace       used 21308K, capacity 21722K, committed 21884K, reserved 1069056K
  class space    used 2452K, capacity 2636K, committed 2684K, reserved 1048576K
}
2018-06-19T15:09:19.781+0200: 1,957: Total time for which application threads were stopped: 0,0090349 seconds, Stopping threads took: 0,0000361 seconds
2018-06-19T15:09:19.882+0200: 2,059: [CMS-concurrent-abortable-preclean: 0,115/0,243 secs] [Times: user=0,87 sys=0,01, real=0,24 secs] 
2018-06-19T15:09:19.883+0200: 2,059: [GC (CMS Final Remark) [YG occupancy: 92478 K (109248 K)]{Heap before GC invocations=4 (full 1):
 par new generation   total 109248K, used 92478K [0x00000000e0000000, 0x00000000e8000000, 0x00000000e8000000)
  eden space 87424K,  92% used [0x00000000e0000000, 0x00000000e4ef56e0, 0x00000000e5560000)
  from space 21824K,  53% used [0x00000000e5560000, 0x00000000e60ba370, 0x00000000e6ab0000)
  to   space 21824K,   0% used [0x00000000e6ab0000, 0x00000000e6ab0000, 0x00000000e8000000)
 concurrent mark-sweep generation total 393216K, used 0K [0x00000000e8000000, 0x0000000100000000, 0x0000000100000000)
 Metaspace       used 21441K, capacity 21786K, committed 21884K, reserved 1069056K
  class space    used 2467K, capacity 2636K, committed 2684K, reserved 1048576K
2018-06-19T15:09:19.883+0200: 2,059: [GC (CMS Final Remark) 2018-06-19T15:09:19.883+0200: 2,059: [ParNew
Desired survivor size 20112992 bytes, new threshold 8 (max 8)
- age   1:    1188944 bytes,    1188944 total
- age   2:     186600 bytes,    1375544 total
- age   3:    1461552 bytes,    2837096 total
- age   4:    1114968 bytes,    3952064 total
- age   5:    5837688 bytes,    9789752 total
: 92478K->12975K(109248K), 0,0112070 secs] 92478K->12975K(502464K), 0,0112632 secs] [Times: user=0,04 sys=0,00, real=0,02 secs] 
Heap after GC invocations=5 (full 1):
 par new generation   total 109248K, used 12975K [0x00000000e0000000, 0x00000000e8000000, 0x00000000e8000000)
  eden space 87424K,   0% used [0x00000000e0000000, 0x00000000e0000000, 0x00000000e5560000)
  from space 21824K,  59% used [0x00000000e6ab0000, 0x00000000e775bde0, 0x00000000e8000000)
  to   space 21824K,   0% used [0x00000000e5560000, 0x00000000e5560000, 0x00000000e6ab0000)
 concurrent mark-sweep generation total 393216K, used 0K [0x00000000e8000000, 0x0000000100000000, 0x0000000100000000)
 Metaspace       used 21441K, capacity 21786K, committed 21884K, reserved 1069056K
  class space    used 2467K, capacity 2636K, committed 2684K, reserved 1048576K
}
2018-06-19T15:09:19.894+0200: 2,071: [Rescan (parallel) , 0,0055216 secs]2018-06-19T15:09:19.899+0200: 2,076: [weak refs processing, 0,0078407 secs]2018-06-19T15:09:19.907+0200: 2,084: [class unloading, 0,0046877 secs]2018-06-19T15:09:19.912+0200: 2,089: [scrub symbol table, 0,0049364 secs]2018-06-19T15:09:19.917+0200: 2,094: [scrub string table, 0,0005088 secs][1 CMS-remark: 0K(393216K)] 12975K(502464K), 0,0361778 secs] [Times: user=0,08 sys=0,00, real=0,04 secs] 
2018-06-19T15:09:19.919+0200: 2,095: Total time for which application threads were stopped: 0,0364180 seconds, Stopping threads took: 0,0000801 seconds
2018-06-19T15:09:19.927+0200: 2,104: [CMS-concurrent-sweep-start]
2018-06-19T15:09:19.927+0200: 2,104: [CMS-concurrent-sweep: 0,000/0,000 secs] [Times: user=0,00 sys=0,00, real=0,00 secs] 
2018-06-19T15:09:19.927+0200: 2,104: [CMS-concurrent-reset-start]
2018-06-19T15:09:19.943+0200: 2,120: [CMS-concurrent-reset: 0,016/0,016 secs] [Times: user=0,05 sys=0,00, real=0,02 secs] 
2018-06-19T15:09:19.997+0200: 2,174: Total time for which application threads were stopped: 0,0042682 seconds, Stopping threads took: 0,0036867 seconds
2018-06-19T15:09:20.331+0200: 2,508: Total time for which application threads were stopped: 0,0006329 seconds, Stopping threads took: 0,0000631 seconds
2018-06-19T15:09:20.367+0200: 2,544: Total time for which application threads were stopped: 0,0004773 seconds, Stopping threads took: 0,0000532 seconds
{Heap before GC invocations=5 (full 1):
 par new generation   total 109248K, used 100399K [0x00000000e0000000, 0x00000000e8000000, 0x00000000e8000000)
  eden space 87424K, 100% used [0x00000000e0000000, 0x00000000e5560000, 0x00000000e5560000)
  from space 21824K,  59% used [0x00000000e6ab0000, 0x00000000e775bde0, 0x00000000e8000000)
  to   space 21824K,   0% used [0x00000000e5560000, 0x00000000e5560000, 0x00000000e6ab0000)
 concurrent mark-sweep generation total 393216K, used 0K [0x00000000e8000000, 0x0000000100000000, 0x0000000100000000)
 Metaspace       used 24920K, capacity 25386K, committed 25724K, reserved 1071104K
  class space    used 2902K, capacity 3110K, committed 3196K, reserved 1048576K
2018-06-19T15:09:20.787+0200: 2,963: [GC (Allocation Failure) 2018-06-19T15:09:20.787+0200: 2,963: [ParNew
Desired survivor size 20112992 bytes, new threshold 8 (max 8)
- age   1:    5157440 bytes,    5157440 total
- age   2:      99744 bytes,    5257184 total
- age   3:     179664 bytes,    5436848 total
- age   4:     288888 bytes,    5725736 total
- age   5:    1092960 bytes,    6818696 total
- age   6:    5831696 bytes,   12650392 total
: 100399K->15868K(109248K), 0,0239948 secs] 100399K->15868K(502464K), 0,0240803 secs] [Times: user=0,06 sys=0,00, real=0,02 secs] 
Heap after GC invocations=6 (full 1):
 par new generation   total 109248K, used 15868K [0x00000000e0000000, 0x00000000e8000000, 0x00000000e8000000)
  eden space 87424K,   0% used [0x00000000e0000000, 0x00000000e0000000, 0x00000000e5560000)
  from space 21824K,  72% used [0x00000000e5560000, 0x00000000e64df1b8, 0x00000000e6ab0000)
  to   space 21824K,   0% used [0x00000000e6ab0000, 0x00000000e6ab0000, 0x00000000e8000000)
 concurrent mark-sweep generation total 393216K, used 0K [0x00000000e8000000, 0x0000000100000000, 0x0000000100000000)
 Metaspace       used 24920K, capacity 25386K, committed 25724K, reserved 1071104K
  class space    used 2902K, capacity 3110K, committed 3196K, reserved 1048576K
}
2018-06-19T15:09:20.811+0200: 2,987: Total time for which application threads were stopped: 0,0257182 seconds, Stopping threads took: 0,0014657 seconds
2018-06-19T15:09:20.989+0200: 3,166: Total time for which application threads were stopped: 0,0004548 seconds, Stopping threads took: 0,0000228 seconds
2018-06-19T15:09:21.007+0200: 3,184: Total time for which application threads were stopped: 0,0004215 seconds, Stopping threads took: 0,0000495 seconds
2018-06-19T15:09:21.097+0200: 3,274: Total time for which application threads were stopped: 0,0053651 seconds, Stopping threads took: 0,0006136 seconds
2018-06-19T15:09:21.303+0200: 3,480: Total time for which application threads were stopped: 0,0061212 seconds, Stopping threads took: 0,0056036 seconds
{Heap before GC invocations=6 (full 1):
 par new generation   total 109248K, used 103292K [0x00000000e0000000, 0x00000000e8000000, 0x00000000e8000000)
  eden space 87424K, 100% used [0x00000000e0000000, 0x00000000e5560000, 0x00000000e5560000)
  from space 21824K,  72% used [0x00000000e5560000, 0x00000000e64df1b8, 0x00000000e6ab0000)
  to   space 21824K,   0% used [0x00000000e6ab0000, 0x00000000e6ab0000, 0x00000000e8000000)
 concurrent mark-sweep generation total 393216K, used 0K [0x00000000e8000000, 0x0000000100000000, 0x0000000100000000)
 Metaspace       used 28007K, capacity 28558K, committed 28796K, reserved 1075200K
  class space    used 3221K, capacity 3420K, committed 3452K, reserved 1048576K
2018-06-19T15:09:21.410+0200: 3,587: [GC (Allocation Failure) 2018-06-19T15:09:21.410+0200: 3,587: [ParNew
Desired survivor size 20112992 bytes, new threshold 7 (max 8)
- age   1:   12676816 bytes,   12676816 total
- age   2:    2182528 bytes,   14859344 total
- age   3:      99744 bytes,   14959088 total
- age   4:     179472 bytes,   15138560 total
- age   5:     288624 bytes,   15427184 total
- age   6:    1011056 bytes,   16438240 total
- age   7:    5798224 bytes,   22236464 total
: 103292K->21824K(109248K), 0,0312111 secs] 103292K->23836K(502464K), 0,0312941 secs] [Times: user=0,08 sys=0,01, real=0,03 secs] 
Heap after GC invocations=7 (full 1):
 par new generation   total 109248K, used 21824K [0x00000000e0000000, 0x00000000e8000000, 0x00000000e8000000)
  eden space 87424K,   0% used [0x00000000e0000000, 0x00000000e0000000, 0x00000000e5560000)
  from space 21824K, 100% used [0x00000000e6ab0000, 0x00000000e8000000, 0x00000000e8000000)
  to   space 21824K,   0% used [0x00000000e5560000, 0x00000000e5560000, 0x00000000e6ab0000)
 concurrent mark-sweep generation total 393216K, used 2012K [0x00000000e8000000, 0x0000000100000000, 0x0000000100000000)
 Metaspace       used 28007K, capacity 28558K, committed 28796K, reserved 1075200K
  class space    used 3221K, capacity 3420K, committed 3452K, reserved 1048576K
}
2018-06-19T15:09:21.441+0200: 3,618: Total time for which application threads were stopped: 0,0348008 seconds, Stopping threads took: 0,0032558 seconds
{Heap before GC invocations=7 (full 1):
 par new generation   total 109248K, used 109248K [0x00000000e0000000, 0x00000000e8000000, 0x00000000e8000000)
  eden space 87424K, 100% used [0x00000000e0000000, 0x00000000e5560000, 0x00000000e5560000)
  from space 21824K, 100% used [0x00000000e6ab0000, 0x00000000e8000000, 0x00000000e8000000)
  to   space 21824K,   0% used [0x00000000e5560000, 0x00000000e5560000, 0x00000000e6ab0000)
 concurrent mark-sweep generation total 393216K, used 2012K [0x00000000e8000000, 0x0000000100000000, 0x0000000100000000)
 Metaspace       used 28036K, capacity 28586K, committed 28796K, reserved 1075200K
  class space    used 3224K, capacity 3425K, committed 3452K, reserved 1048576K
2018-06-19T15:09:21.559+0200: 3,736: [GC (Allocation Failure) 2018-06-19T15:09:21.559+0200: 3,736: [ParNew
Desired survivor size 20112992 bytes, new threshold 8 (max 8)
- age   1:    1115448 bytes,    1115448 total
- age   2:   11801112 bytes,   12916560 total
- age   3:    2138232 bytes,   15054792 total
- age   4:      99672 bytes,   15154464 total
- age   5:     177480 bytes,   15331944 total
- age   6:     286832 bytes,   15618776 total
- age   7:    1010088 bytes,   16628864 total
: 109248K->21824K(109248K), 0,0472027 secs] 111260K->29618K(502464K), 0,0472867 secs] [Times: user=0,13 sys=0,01, real=0,05 secs] 
Heap after GC invocations=8 (full 1):
 par new generation   total 109248K, used 21824K [0x00000000e0000000, 0x00000000e8000000, 0x00000000e8000000)
  eden space 87424K,   0% used [0x00000000e0000000, 0x00000000e0000000, 0x00000000e5560000)
  from space 21824K, 100% used [0x00000000e5560000, 0x00000000e6ab0000, 0x00000000e6ab0000)
  to   space 21824K,   0% used [0x00000000e6ab0000, 0x00000000e6ab0000, 0x00000000e8000000)
 concurrent mark-sweep generation total 393216K, used 7794K [0x00000000e8000000, 0x0000000100000000, 0x0000000100000000)
 Metaspace       used 28036K, capacity 28586K, committed 28796K, reserved 1075200K
  class space    used 3224K, capacity 3425K, committed 3452K, reserved 1048576K
}
2018-06-19T15:09:21.606+0200: 3,783: Total time for which application threads were stopped: 0,0492472 seconds, Stopping threads took: 0,0017702 seconds
{Heap before GC invocations=8 (full 1):
 par new generation   total 109248K, used 109248K [0x00000000e0000000, 0x00000000e8000000, 0x00000000e8000000)
  eden space 87424K, 100% used [0x00000000e0000000, 0x00000000e5560000, 0x00000000e5560000)
  from space 21824K, 100% used [0x00000000e5560000, 0x00000000e6ab0000, 0x00000000e6ab0000)
  to   space 21824K,   0% used [0x00000000e6ab0000, 0x00000000e6ab0000, 0x00000000e8000000)
 concurrent mark-sweep generation total 393216K, used 7794K [0x00000000e8000000, 0x0000000100000000, 0x0000000100000000)
 Metaspace       used 28114K, capacity 28724K, committed 29052K, reserved 1075200K
  class space    used 3225K, capacity 3427K, committed 3452K, reserved 1048576K
2018-06-19T15:09:21.735+0200: 3,912: [GC (Allocation Failure) 2018-06-19T15:09:21.735+0200: 3,912: [ParNew
Desired survivor size 20112992 bytes, new threshold 8 (max 8)
- age   1:     950392 bytes,     950392 total
- age   2:     558576 bytes,    1508968 total
- age   3:   11801112 bytes,   13310080 total
- age   4:    2138232 bytes,   15448312 total
- age   5:      99672 bytes,   15547984 total
- age   6:     177480 bytes,   15725464 total
- age   7:     286808 bytes,   16012272 total
- age   8:    1010088 bytes,   17022360 total
: 109248K->17623K(109248K), 0,0255439 secs] 117042K->25418K(502464K), 0,0256289 secs] [Times: user=0,10 sys=0,00, real=0,02 secs] 
Heap after GC invocations=9 (full 1):
 par new generation   total 109248K, used 17623K [0x00000000e0000000, 0x00000000e8000000, 0x00000000e8000000)
  eden space 87424K,   0% used [0x00000000e0000000, 0x00000000e0000000, 0x00000000e5560000)
  from space 21824K,  80% used [0x00000000e6ab0000, 0x00000000e7be5d60, 0x00000000e8000000)
  to   space 21824K,   0% used [0x00000000e5560000, 0x00000000e5560000, 0x00000000e6ab0000)
 concurrent mark-sweep generation total 393216K, used 7794K [0x00000000e8000000, 0x0000000100000000, 0x0000000100000000)
 Metaspace       used 28114K, capacity 28724K, committed 29052K, reserved 1075200K
  class space    used 3225K, capacity 3427K, committed 3452K, reserved 1048576K
}
2018-06-19T15:09:21.761+0200: 3,937: Total time for which application threads were stopped: 0,0259176 seconds, Stopping threads took: 0,0000690 seconds
2018-06-19T15:09:21.878+0200: 4,055: Total time for which application threads were stopped: 0,0006560 seconds, Stopping threads took: 0,0000645 seconds
2018-06-19T15:09:22.879+0200: 5,055: Total time for which application threads were stopped: 0,0000739 seconds, Stopping threads took: 0,0000178 seconds
2018-06-19T15:09:23.879+0200: 6,055: Total time for which application threads were stopped: 0,0000928 seconds, Stopping threads took: 0,0000231 seconds
2018-06-19T15:09:25.890+0200: 8,066: Total time for which application threads were stopped: 0,0000757 seconds, Stopping threads took: 0,0000182 seconds
2018-06-19T15:09:25.893+0200: 8,069: Total time for which application threads were stopped: 0,0000639 seconds, Stopping threads took: 0,0000162 seconds
2018-06-19T15:09:25.912+0200: 8,088: Total time for which application threads were stopped: 0,0003988 seconds, Stopping threads took: 0,0000148 seconds
2018-06-19T15:09:25.925+0200: 8,102: Total time for which application threads were stopped: 0,0000852 seconds, Stopping threads took: 0,0000263 seconds
2018-06-19T15:09:25.925+0200: 8,102: Total time for which application threads were stopped: 0,0000414 seconds, Stopping threads took: 0,0000156 seconds
2018-06-19T15:09:25.982+0200: 8,159: Total time for which application threads were stopped: 0,0001070 seconds, Stopping threads took: 0,0000432 seconds
2018-06-19T15:09:25.985+0200: 8,162: Total time for which application threads were stopped: 0,0000858 seconds, Stopping threads took: 0,0000168 seconds
2018-06-19T15:09:26.008+0200: 8,185: Total time for which application threads were stopped: 0,0000952 seconds, Stopping threads took: 0,0000285 seconds
2018-06-19T15:09:26.014+0200: 8,191: Total time for which application threads were stopped: 0,0001230 seconds, Stopping threads took: 0,0000548 seconds
2018-06-19T15:09:26.029+0200: 8,206: Total time for which application threads were stopped: 0,0001183 seconds, Stopping threads took: 0,0000539 seconds
2018-06-19T15:09:26.106+0200: 8,282: Total time for which application threads were stopped: 0,0001668 seconds, Stopping threads took: 0,0000388 seconds
2018-06-19T15:12:11.127+0200: 173,303: Total time for which application threads were stopped: 0,0000968 seconds, Stopping threads took: 0,0000381 seconds
2018-06-19T15:13:30.802+0200: 252,979: Total time for which application threads were stopped: 0,0001452 seconds, Stopping threads took: 0,0000531 seconds
2018-06-19T15:13:30.802+0200: 252,979: Total time for which application threads were stopped: 0,0000978 seconds, Stopping threads took: 0,0000171 seconds
2018-06-19T15:13:30.810+0200: 252,986: Total time for which application threads were stopped: 0,0001265 seconds, Stopping threads took: 0,0000470 seconds
2018-06-19T15:13:30.810+0200: 252,987: Total time for which application threads were stopped: 0,0000826 seconds, Stopping threads took: 0,0000282 seconds
2018-06-19T15:13:30.817+0200: 252,993: Total time for which application threads were stopped: 0,0002865 seconds, Stopping threads took: 0,0001941 seconds
2018-06-19T15:13:30.817+0200: 252,994: Total time for which application threads were stopped: 0,0002511 seconds, Stopping threads took: 0,0001835 seconds
2018-06-19T15:13:30.837+0200: 253,014: Total time for which application threads were stopped: 0,0016650 seconds, Stopping threads took: 0,0009999 seconds
2018-06-19T15:13:30.838+0200: 253,015: Total time for which application threads were stopped: 0,0004360 seconds, Stopping threads took: 0,0001676 seconds
2018-06-19T15:13:30.841+0200: 253,018: Total time for which application threads were stopped: 0,0007008 seconds, Stopping threads took: 0,0005788 seconds
2018-06-19T15:13:30.841+0200: 253,018: Total time for which application threads were stopped: 0,0000802 seconds, Stopping threads took: 0,0000300 seconds
2018-06-19T15:13:30.841+0200: 253,018: Total time for which application threads were stopped: 0,0000629 seconds, Stopping threads took: 0,0000108 seconds
2018-06-19T15:13:30.841+0200: 253,018: Total time for which application threads were stopped: 0,0000719 seconds, Stopping threads took: 0,0000098 seconds
2018-06-19T15:13:30.842+0200: 253,019: Total time for which application threads were stopped: 0,0001322 seconds, Stopping threads took: 0,0000250 seconds
2018-06-19T15:13:30.844+0200: 253,020: Total time for which application threads were stopped: 0,0009811 seconds, Stopping threads took: 0,0008643 seconds
2018-06-19T15:13:30.844+0200: 253,021: Total time for which application threads were stopped: 0,0002496 seconds, Stopping threads took: 0,0001487 seconds
2018-06-19T15:13:30.848+0200: 253,025: Total time for which application threads were stopped: 0,0003698 seconds, Stopping threads took: 0,0002563 seconds
2018-06-19T15:13:30.848+0200: 253,025: Total time for which application threads were stopped: 0,0000791 seconds, Stopping threads took: 0,0000161 seconds
2018-06-19T15:13:30.849+0200: 253,025: Total time for which application threads were stopped: 0,0001088 seconds, Stopping threads took: 0,0000286 seconds
2018-06-19T15:13:30.849+0200: 253,025: Total time for which application threads were stopped: 0,0002681 seconds, Stopping threads took: 0,0000096 seconds
2018-06-19T15:13:30.850+0200: 253,026: Total time for which application threads were stopped: 0,0002265 seconds, Stopping threads took: 0,0000968 seconds
2018-06-19T15:13:30.850+0200: 253,027: Total time for which application threads were stopped: 0,0001010 seconds, Stopping threads took: 0,0000376 seconds
2018-06-19T15:13:30.850+0200: 253,027: Total time for which application threads were stopped: 0,0000760 seconds, Stopping threads took: 0,0000239 seconds
2018-06-19T15:13:30.850+0200: 253,027: Total time for which application threads were stopped: 0,0000822 seconds, Stopping threads took: 0,0000218 seconds
2018-06-19T15:13:30.850+0200: 253,027: Total time for which application threads were stopped: 0,0000722 seconds, Stopping threads took: 0,0000211 seconds
2018-06-19T15:13:30.851+0200: 253,027: Total time for which application threads were stopped: 0,0000669 seconds, Stopping threads took: 0,0000199 seconds
2018-06-19T15:13:30.851+0200: 253,028: Total time for which application threads were stopped: 0,0002999 seconds, Stopping threads took: 0,0002222 seconds
2018-06-19T15:13:30.851+0200: 253,028: Total time for which application threads were stopped: 0,0001437 seconds, Stopping threads took: 0,0000473 seconds
2018-06-19T15:13:30.861+0200: 253,038: Total time for which application threads were stopped: 0,0002128 seconds, Stopping threads took: 0,0001053 seconds
2018-06-19T15:13:30.863+0200: 253,040: Total time for which application threads were stopped: 0,0003094 seconds, Stopping threads took: 0,0001761 seconds
2018-06-19T15:13:30.872+0200: 253,048: Total time for which application threads were stopped: 0,0006898 seconds, Stopping threads took: 0,0000765 seconds
2018-06-19T15:13:30.873+0200: 253,049: Total time for which application threads were stopped: 0,0006491 seconds, Stopping threads took: 0,0000187 seconds
2018-06-19T15:13:30.875+0200: 253,052: Total time for which application threads were stopped: 0,0001594 seconds, Stopping threads took: 0,0000647 seconds
2018-06-19T15:13:30.883+0200: 253,060: Total time for which application threads were stopped: 0,0021390 seconds, Stopping threads took: 0,0019676 seconds
2018-06-19T15:13:30.884+0200: 253,060: Total time for which application threads were stopped: 0,0002441 seconds, Stopping threads took: 0,0000820 seconds
2018-06-19T15:13:30.886+0200: 253,063: Total time for which application threads were stopped: 0,0004765 seconds, Stopping threads took: 0,0001493 seconds
2018-06-19T15:13:30.894+0200: 253,070: Total time for which application threads were stopped: 0,0011570 seconds, Stopping threads took: 0,0010446 seconds
2018-06-19T15:13:30.894+0200: 253,071: Total time for which application threads were stopped: 0,0000750 seconds, Stopping threads took: 0,0000196 seconds
2018-06-19T15:13:30.908+0200: 253,085: Total time for which application threads were stopped: 0,0008592 seconds, Stopping threads took: 0,0002754 seconds
2018-06-19T15:13:30.909+0200: 253,086: Total time for which application threads were stopped: 0,0004621 seconds, Stopping threads took: 0,0001475 seconds
2018-06-19T15:13:30.921+0200: 253,098: Total time for which application threads were stopped: 0,0010155 seconds, Stopping threads took: 0,0008632 seconds
2018-06-19T15:13:30.926+0200: 253,103: Total time for which application threads were stopped: 0,0016392 seconds, Stopping threads took: 0,0014413 seconds
2018-06-19T15:13:30.932+0200: 253,108: Total time for which application threads were stopped: 0,0037286 seconds, Stopping threads took: 0,0032522 seconds
2018-06-19T15:13:30.933+0200: 253,110: Total time for which application threads were stopped: 0,0001288 seconds, Stopping threads took: 0,0000634 seconds
2018-06-19T15:13:30.933+0200: 253,110: Total time for which application threads were stopped: 0,0001398 seconds, Stopping threads took: 0,0001013 seconds
2018-06-19T15:13:30.933+0200: 253,110: Total time for which application threads were stopped: 0,0000537 seconds, Stopping threads took: 0,0000285 seconds
2018-06-19T15:13:30.933+0200: 253,110: Total time for which application threads were stopped: 0,0000511 seconds, Stopping threads took: 0,0000251 seconds
2018-06-19T15:13:31.934+0200: 254,110: Total time for which application threads were stopped: 0,0000883 seconds, Stopping threads took: 0,0000221 seconds
2018-06-19T15:13:33.771+0200: 255,947: Total time for which application threads were stopped: 0,0001217 seconds, Stopping threads took: 0,0000272 seconds
2018-06-19T15:13:33.771+0200: 255,948: Total time for which application threads were stopped: 0,0000948 seconds, Stopping threads took: 0,0000260 seconds
2018-06-19T15:13:33.776+0200: 255,953: Total time for which application threads were stopped: 0,0007574 seconds, Stopping threads took: 0,0006437 seconds
2018-06-19T15:13:33.777+0200: 255,953: Total time for which application threads were stopped: 0,0001086 seconds, Stopping threads took: 0,0000252 seconds
2018-06-19T15:13:33.777+0200: 255,953: Total time for which application threads were stopped: 0,0000918 seconds, Stopping threads took: 0,0000332 seconds
2018-06-19T15:13:33.777+0200: 255,953: Total time for which application threads were stopped: 0,0000702 seconds, Stopping threads took: 0,0000145 seconds
2018-06-19T15:13:33.777+0200: 255,954: Total time for which application threads were stopped: 0,0001521 seconds, Stopping threads took: 0,0000175 seconds
2018-06-19T15:13:33.779+0200: 255,956: Total time for which application threads were stopped: 0,0009463 seconds, Stopping threads took: 0,0002231 seconds
2018-06-19T15:13:33.783+0200: 255,960: Total time for which application threads were stopped: 0,0014284 seconds, Stopping threads took: 0,0001919 seconds
2018-06-19T15:13:33.787+0200: 255,964: Total time for which application threads were stopped: 0,0001423 seconds, Stopping threads took: 0,0000516 seconds
2018-06-19T15:13:33.788+0200: 255,964: Total time for which application threads were stopped: 0,0001123 seconds, Stopping threads took: 0,0000475 seconds
2018-06-19T15:13:33.788+0200: 255,965: Total time for which application threads were stopped: 0,0001345 seconds, Stopping threads took: 0,0000884 seconds
2018-06-19T15:13:33.789+0200: 255,965: Total time for which application threads were stopped: 0,0000853 seconds, Stopping threads took: 0,0000176 seconds
2018-06-19T15:13:33.789+0200: 255,966: Total time for which application threads were stopped: 0,0000506 seconds, Stopping threads took: 0,0000114 seconds
2018-06-19T15:13:33.789+0200: 255,966: Total time for which application threads were stopped: 0,0000494 seconds, Stopping threads took: 0,0000085 seconds
2018-06-19T15:13:33.789+0200: 255,966: Total time for which application threads were stopped: 0,0000333 seconds, Stopping threads took: 0,0000080 seconds
2018-06-19T15:13:33.791+0200: 255,967: Total time for which application threads were stopped: 0,0000858 seconds, Stopping threads took: 0,0000161 seconds
2018-06-19T15:13:33.791+0200: 255,967: Total time for which application threads were stopped: 0,0000468 seconds, Stopping threads took: 0,0000098 seconds
2018-06-19T15:13:33.793+0200: 255,969: Total time for which application threads were stopped: 0,0001232 seconds, Stopping threads took: 0,0000455 seconds
2018-06-19T15:13:33.793+0200: 255,969: Total time for which application threads were stopped: 0,0000540 seconds, Stopping threads took: 0,0000132 seconds
2018-06-19T15:13:36.793+0200: 258,970: Total time for which application threads were stopped: 0,0001063 seconds, Stopping threads took: 0,0000195 seconds
2018-06-19T15:14:30.924+0200: 313,101: Total time for which application threads were stopped: 0,0001168 seconds, Stopping threads took: 0,0000458 seconds
2018-06-19T15:14:30.924+0200: 313,101: Total time for which application threads were stopped: 0,0000703 seconds, Stopping threads took: 0,0000346 seconds
2018-06-19T15:14:30.934+0200: 313,110: Total time for which application threads were stopped: 0,0000893 seconds, Stopping threads took: 0,0000222 seconds
2018-06-19T15:14:33.794+0200: 315,970: Total time for which application threads were stopped: 0,0003830 seconds, Stopping threads took: 0,0000814 seconds
2018-06-19T15:15:11.799+0200: 353,975: Total time for which application threads were stopped: 0,0001322 seconds, Stopping threads took: 0,0000511 seconds
2018-06-19T15:15:13.789+0200: 355,966: Total time for which application threads were stopped: 0,0001448 seconds, Stopping threads took: 0,0000486 seconds
2018-06-19T15:15:25.528+0200: 367,705: Total time for which application threads were stopped: 0,0004448 seconds, Stopping threads took: 0,0000135 seconds
2018-06-19T15:15:25.584+0200: 367,761: Total time for which application threads were stopped: 0,0001184 seconds, Stopping threads took: 0,0000269 seconds
2018-06-19T15:15:25.606+0200: 367,783: Total time for which application threads were stopped: 0,0000865 seconds, Stopping threads took: 0,0000268 seconds
2018-06-19T15:15:25.626+0200: 367,803: Total time for which application threads were stopped: 0,0001494 seconds, Stopping threads took: 0,0000717 seconds
2018-06-19T15:15:25.627+0200: 367,803: Total time for which application threads were stopped: 0,0000931 seconds, Stopping threads took: 0,0000391 seconds
2018-06-19T15:15:25.627+0200: 367,803: Total time for which application threads were stopped: 0,0000603 seconds, Stopping threads took: 0,0000217 seconds
2018-06-19T15:15:25.627+0200: 367,804: Total time for which application threads were stopped: 0,0000738 seconds, Stopping threads took: 0,0000294 seconds
2018-06-19T15:15:25.629+0200: 367,805: Total time for which application threads were stopped: 0,0000630 seconds, Stopping threads took: 0,0000189 seconds
2018-06-19T15:15:25.629+0200: 367,805: Total time for which application threads were stopped: 0,0000423 seconds, Stopping threads took: 0,0000118 seconds
2018-06-19T15:15:25.702+0200: 367,878: Total time for which application threads were stopped: 0,0001954 seconds, Stopping threads took: 0,0000189 seconds
2018-06-19T15:15:25.726+0200: 367,903: Total time for which application threads were stopped: 0,0005364 seconds, Stopping threads took: 0,0000249 seconds
2018-06-19T15:15:25.728+0200: 367,904: Total time for which application threads were stopped: 0,0004243 seconds, Stopping threads took: 0,0000161 seconds
2018-06-19T15:15:25.984+0200: 368,160: Total time for which application threads were stopped: 0,0001854 seconds, Stopping threads took: 0,0000245 seconds
{Heap before GC invocations=9 (full 1):
 par new generation   total 109248K, used 105047K [0x00000000e0000000, 0x00000000e8000000, 0x00000000e8000000)
  eden space 87424K, 100% used [0x00000000e0000000, 0x00000000e5560000, 0x00000000e5560000)
  from space 21824K,  80% used [0x00000000e6ab0000, 0x00000000e7be5d60, 0x00000000e8000000)
  to   space 21824K,   0% used [0x00000000e5560000, 0x00000000e5560000, 0x00000000e6ab0000)
 concurrent mark-sweep generation total 393216K, used 7794K [0x00000000e8000000, 0x0000000100000000, 0x0000000100000000)
 Metaspace       used 31357K, capacity 32028K, committed 32252K, reserved 1077248K
  class space    used 3587K, capacity 3818K, committed 3836K, reserved 1048576K
2018-06-19T15:15:26.039+0200: 368,216: [GC (Allocation Failure) 2018-06-19T15:15:26.039+0200: 368,216: [ParNew
Desired survivor size 20112992 bytes, new threshold 5 (max 8)
- age   1:    7254112 bytes,    7254112 total
- age   2:     452528 bytes,    7706640 total
- age   3:     133280 bytes,    7839920 total
- age   4:   11288808 bytes,   19128728 total
- age   5:    2017904 bytes,   21146632 total
- age   6:      97176 bytes,   21243808 total
- age   7:     171280 bytes,   21415088 total
- age   8:     271160 bytes,   21686248 total
: 105047K->21824K(109248K), 0,0256077 secs] 112842K->32312K(502464K), 0,0257009 secs] [Times: user=0,10 sys=0,01, real=0,03 secs] 
Heap after GC invocations=10 (full 1):
 par new generation   total 109248K, used 21824K [0x00000000e0000000, 0x00000000e8000000, 0x00000000e8000000)
  eden space 87424K,   0% used [0x00000000e0000000, 0x00000000e0000000, 0x00000000e5560000)
  from space 21824K, 100% used [0x00000000e5560000, 0x00000000e6ab0000, 0x00000000e6ab0000)
  to   space 21824K,   0% used [0x00000000e6ab0000, 0x00000000e6ab0000, 0x00000000e8000000)
 concurrent mark-sweep generation total 393216K, used 10488K [0x00000000e8000000, 0x0000000100000000, 0x0000000100000000)
 Metaspace       used 31357K, capacity 32028K, committed 32252K, reserved 1077248K
  class space    used 3587K, capacity 3818K, committed 3836K, reserved 1048576K
}
2018-06-19T15:15:26.065+0200: 368,242: Total time for which application threads were stopped: 0,0259312 seconds, Stopping threads took: 0,0000270 seconds
2018-06-19T15:15:26.377+0200: 368,554: Total time for which application threads were stopped: 0,0002631 seconds, Stopping threads took: 0,0000724 seconds
2018-06-19T15:15:26.377+0200: 368,554: Total time for which application threads were stopped: 0,0000973 seconds, Stopping threads took: 0,0000230 seconds
2018-06-19T15:15:26.391+0200: 368,568: Total time for which application threads were stopped: 0,0001887 seconds, Stopping threads took: 0,0000606 seconds
2018-06-19T15:15:26.419+0200: 368,596: Total time for which application threads were stopped: 0,0121926 seconds, Stopping threads took: 0,0120589 seconds
2018-06-19T15:15:26.511+0200: 368,688: Total time for which application threads were stopped: 0,0001754 seconds, Stopping threads took: 0,0000486 seconds
2018-06-19T15:15:26.511+0200: 368,688: Total time for which application threads were stopped: 0,0000664 seconds, Stopping threads took: 0,0000127 seconds
{Heap before GC invocations=10 (full 1):
 par new generation   total 109248K, used 109248K [0x00000000e0000000, 0x00000000e8000000, 0x00000000e8000000)
  eden space 87424K, 100% used [0x00000000e0000000, 0x00000000e5560000, 0x00000000e5560000)
  from space 21824K, 100% used [0x00000000e5560000, 0x00000000e6ab0000, 0x00000000e6ab0000)
  to   space 21824K,   0% used [0x00000000e6ab0000, 0x00000000e6ab0000, 0x00000000e8000000)
 concurrent mark-sweep generation total 393216K, used 10488K [0x00000000e8000000, 0x0000000100000000, 0x0000000100000000)
 Metaspace       used 31542K, capacity 32220K, committed 32508K, reserved 1077248K
  class space    used 3587K, capacity 3818K, committed 3836K, reserved 1048576K
2018-06-19T15:15:26.559+0200: 368,736: [GC (Allocation Failure) 2018-06-19T15:15:26.559+0200: 368,736: [ParNew
Desired survivor size 20112992 bytes, new threshold 8 (max 8)
- age   1:     876120 bytes,     876120 total
- age   2:    5794144 bytes,    6670264 total
- age   3:     452016 bytes,    7122280 total
- age   4:     132768 bytes,    7255048 total
- age   5:   11092608 bytes,   18347656 total
: 109248K->21824K(109248K), 0,0400719 secs] 119736K->35947K(502464K), 0,0401694 secs] [Times: user=0,11 sys=0,00, real=0,04 secs] 
Heap after GC invocations=11 (full 1):
 par new generation   total 109248K, used 21824K [0x00000000e0000000, 0x00000000e8000000, 0x00000000e8000000)
  eden space 87424K,   0% used [0x00000000e0000000, 0x00000000e0000000, 0x00000000e5560000)
  from space 21824K, 100% used [0x00000000e6ab0000, 0x00000000e8000000, 0x00000000e8000000)
  to   space 21824K,   0% used [0x00000000e5560000, 0x00000000e5560000, 0x00000000e6ab0000)
 concurrent mark-sweep generation total 393216K, used 14123K [0x00000000e8000000, 0x0000000100000000, 0x0000000100000000)
 Metaspace       used 31542K, capacity 32220K, committed 32508K, reserved 1077248K
  class space    used 3587K, capacity 3818K, committed 3836K, reserved 1048576K
}
2018-06-19T15:15:26.600+0200: 368,776: Total time for which application threads were stopped: 0,0403985 seconds, Stopping threads took: 0,0000316 seconds
2018-06-19T15:15:26.739+0200: 368,915: Total time for which application threads were stopped: 0,0001705 seconds, Stopping threads took: 0,0000378 seconds
2018-06-19T15:15:26.795+0200: 368,972: Total time for which application threads were stopped: 0,0085264 seconds, Stopping threads took: 0,0083913 seconds
2018-06-19T15:15:26.827+0200: 369,004: Total time for which application threads were stopped: 0,0010336 seconds, Stopping threads took: 0,0008405 seconds
2018-06-19T15:15:26.831+0200: 369,007: Total time for which application threads were stopped: 0,0002241 seconds, Stopping threads took: 0,0000887 seconds
2018-06-19T15:15:26.917+0200: 369,094: Total time for which application threads were stopped: 0,0118511 seconds, Stopping threads took: 0,0115686 seconds
{Heap before GC invocations=11 (full 1):
 par new generation   total 109248K, used 109248K [0x00000000e0000000, 0x00000000e8000000, 0x00000000e8000000)
  eden space 87424K, 100% used [0x00000000e0000000, 0x00000000e5560000, 0x00000000e5560000)
  from space 21824K, 100% used [0x00000000e6ab0000, 0x00000000e8000000, 0x00000000e8000000)
  to   space 21824K,   0% used [0x00000000e5560000, 0x00000000e5560000, 0x00000000e6ab0000)
 concurrent mark-sweep generation total 393216K, used 14123K [0x00000000e8000000, 0x0000000100000000, 0x0000000100000000)
 Metaspace       used 31730K, capacity 32444K, committed 32636K, reserved 1077248K
  class space    used 3603K, capacity 3850K, committed 3964K, reserved 1048576K
2018-06-19T15:15:27.074+0200: 369,251: [GC (Allocation Failure) 2018-06-19T15:15:27.074+0200: 369,251: [ParNew
Desired survivor size 20112992 bytes, new threshold 8 (max 8)
- age   1:    1735760 bytes,    1735760 total
- age   2:     685280 bytes,    2421040 total
- age   3:    4974584 bytes,    7395624 total
- age   4:     369464 bytes,    7765088 total
- age   5:     109160 bytes,    7874248 total
- age   6:   11018552 bytes,   18892800 total
: 109248K->21824K(109248K), 0,0396894 secs] 123371K->37115K(502464K), 0,0398055 secs] [Times: user=0,11 sys=0,00, real=0,04 secs] 
Heap after GC invocations=12 (full 1):
 par new generation   total 109248K, used 21824K [0x00000000e0000000, 0x00000000e8000000, 0x00000000e8000000)
  eden space 87424K,   0% used [0x00000000e0000000, 0x00000000e0000000, 0x00000000e5560000)
  from space 21824K, 100% used [0x00000000e5560000, 0x00000000e6ab0000, 0x00000000e6ab0000)
  to   space 21824K,   0% used [0x00000000e6ab0000, 0x00000000e6ab0000, 0x00000000e8000000)
 concurrent mark-sweep generation total 393216K, used 15291K [0x00000000e8000000, 0x0000000100000000, 0x0000000100000000)
 Metaspace       used 31730K, capacity 32444K, committed 32636K, reserved 1077248K
  class space    used 3603K, capacity 3850K, committed 3964K, reserved 1048576K
}
2018-06-19T15:15:27.114+0200: 369,291: Total time for which application threads were stopped: 0,0402025 seconds, Stopping threads took: 0,0000770 seconds
2018-06-19T15:15:27.207+0200: 369,383: Total time for which application threads were stopped: 0,0002355 seconds, Stopping threads took: 0,0000648 seconds
2018-06-19T15:15:27.212+0200: 369,389: Total time for which application threads were stopped: 0,0004110 seconds, Stopping threads took: 0,0000879 seconds
2018-06-19T15:15:27.216+0200: 369,393: Total time for which application threads were stopped: 0,0001398 seconds, Stopping threads took: 0,0000362 seconds
{Heap before GC invocations=12 (full 1):
 par new generation   total 109248K, used 109248K [0x00000000e0000000, 0x00000000e8000000, 0x00000000e8000000)
  eden space 87424K, 100% used [0x00000000e0000000, 0x00000000e5560000, 0x00000000e5560000)
  from space 21824K, 100% used [0x00000000e5560000, 0x00000000e6ab0000, 0x00000000e6ab0000)
  to   space 21824K,   0% used [0x00000000e6ab0000, 0x00000000e6ab0000, 0x00000000e8000000)
 concurrent mark-sweep generation total 393216K, used 15291K [0x00000000e8000000, 0x0000000100000000, 0x0000000100000000)
 Metaspace       used 31753K, capacity 32444K, committed 32636K, reserved 1077248K
  class space    used 3606K, capacity 3850K, committed 3964K, reserved 1048576K
2018-06-19T15:15:27.383+0200: 369,560: [GC (Allocation Failure) 2018-06-19T15:15:27.383+0200: 369,560: [ParNew
Desired survivor size 20112992 bytes, new threshold 8 (max 8)
- age   1:    1364464 bytes,    1364464 total
- age   2:    1299176 bytes,    2663640 total
- age   3:     405040 bytes,    3068680 total
- age   4:    4870480 bytes,    7939160 total
- age   5:     369464 bytes,    8308624 total
- age   6:     109160 bytes,    8417784 total
- age   7:   10763384 bytes,   19181168 total
: 109248K->21824K(109248K), 0,0768281 secs] 124539K->37367K(502464K), 0,0769400 secs] [Times: user=0,07 sys=0,01, real=0,07 secs] 
Heap after GC invocations=13 (full 1):
 par new generation   total 109248K, used 21824K [0x00000000e0000000, 0x00000000e8000000, 0x00000000e8000000)
  eden space 87424K,   0% used [0x00000000e0000000, 0x00000000e0000000, 0x00000000e5560000)
  from space 21824K, 100% used [0x00000000e6ab0000, 0x00000000e8000000, 0x00000000e8000000)
  to   space 21824K,   0% used [0x00000000e5560000, 0x00000000e5560000, 0x00000000e6ab0000)
 concurrent mark-sweep generation total 393216K, used 15543K [0x00000000e8000000, 0x0000000100000000, 0x0000000100000000)
 Metaspace       used 31753K, capacity 32444K, committed 32636K, reserved 1077248K
  class space    used 3606K, capacity 3850K, committed 3964K, reserved 1048576K
}
2018-06-19T15:15:27.460+0200: 369,637: Total time for which application threads were stopped: 0,0772574 seconds, Stopping threads took: 0,0000811 seconds
2018-06-19T15:15:27.787+0200: 369,964: Total time for which application threads were stopped: 0,0002620 seconds, Stopping threads took: 0,0001039 seconds
2018-06-19T15:15:27.791+0200: 369,968: Total time for which application threads were stopped: 0,0002206 seconds, Stopping threads took: 0,0000907 seconds
2018-06-19T15:15:27.805+0200: 369,982: Total time for which application threads were stopped: 0,0061099 seconds, Stopping threads took: 0,0059884 seconds
2018-06-19T15:15:27.821+0200: 369,998: Total time for which application threads were stopped: 0,0002230 seconds, Stopping threads took: 0,0000922 seconds
{Heap before GC invocations=13 (full 1):
 par new generation   total 109248K, used 109248K [0x00000000e0000000, 0x00000000e8000000, 0x00000000e8000000)
  eden space 87424K, 100% used [0x00000000e0000000, 0x00000000e5560000, 0x00000000e5560000)
  from space 21824K, 100% used [0x00000000e6ab0000, 0x00000000e8000000, 0x00000000e8000000)
  to   space 21824K,   0% used [0x00000000e5560000, 0x00000000e5560000, 0x00000000e6ab0000)
 concurrent mark-sweep generation total 393216K, used 15543K [0x00000000e8000000, 0x0000000100000000, 0x0000000100000000)
 Metaspace       used 31755K, capacity 32444K, committed 32636K, reserved 1077248K
  class space    used 3606K, capacity 3850K, committed 3964K, reserved 1048576K
2018-06-19T15:15:27.825+0200: 370,002: [GC (Allocation Failure) 2018-06-19T15:15:27.825+0200: 370,002: [ParNew
Desired survivor size 20112992 bytes, new threshold 8 (max 8)
- age   1:    1625064 bytes,    1625064 total
- age   2:     800632 bytes,    2425696 total
- age   3:    1021432 bytes,    3447128 total
- age   4:     368616 bytes,    3815744 total
- age   5:    4744192 bytes,    8559936 total
- age   6:     206800 bytes,    8766736 total
- age   7:      88560 bytes,    8855296 total
- age   8:   10615952 bytes,   19471248 total
: 109248K->21824K(109248K), 0,0348628 secs] 124791K->38250K(502464K), 0,0349815 secs] [Times: user=0,08 sys=0,00, real=0,03 secs] 
Heap after GC invocations=14 (full 1):
 par new generation   total 109248K, used 21824K [0x00000000e0000000, 0x00000000e8000000, 0x00000000e8000000)
  eden space 87424K,   0% used [0x00000000e0000000, 0x00000000e0000000, 0x00000000e5560000)
  from space 21824K, 100% used [0x00000000e5560000, 0x00000000e6ab0000, 0x00000000e6ab0000)
  to   space 21824K,   0% used [0x00000000e6ab0000, 0x00000000e6ab0000, 0x00000000e8000000)
 concurrent mark-sweep generation total 393216K, used 16426K [0x00000000e8000000, 0x0000000100000000, 0x0000000100000000)
 Metaspace       used 31755K, capacity 32444K, committed 32636K, reserved 1077248K
  class space    used 3606K, capacity 3850K, committed 3964K, reserved 1048576K
}
2018-06-19T15:15:27.860+0200: 370,037: Total time for which application threads were stopped: 0,0367023 seconds, Stopping threads took: 0,0015057 seconds
2018-06-19T15:15:27.862+0200: 370,039: Total time for which application threads were stopped: 0,0001855 seconds, Stopping threads took: 0,0000712 seconds
2018-06-19T15:15:27.900+0200: 370,077: Total time for which application threads were stopped: 0,0022861 seconds, Stopping threads took: 0,0003943 seconds
2018-06-19T15:15:27.932+0200: 370,109: Total time for which application threads were stopped: 0,0075425 seconds, Stopping threads took: 0,0064546 seconds
2018-06-19T15:15:27.942+0200: 370,118: Total time for which application threads were stopped: 0,0002270 seconds, Stopping threads took: 0,0000784 seconds
{Heap before GC invocations=14 (full 1):
 par new generation   total 109248K, used 109248K [0x00000000e0000000, 0x00000000e8000000, 0x00000000e8000000)
  eden space 87424K, 100% used [0x00000000e0000000, 0x00000000e5560000, 0x00000000e5560000)
  from space 21824K, 100% used [0x00000000e5560000, 0x00000000e6ab0000, 0x00000000e6ab0000)
  to   space 21824K,   0% used [0x00000000e6ab0000, 0x00000000e6ab0000, 0x00000000e8000000)
 concurrent mark-sweep generation total 393216K, used 16426K [0x00000000e8000000, 0x0000000100000000, 0x0000000100000000)
 Metaspace       used 31802K, capacity 32514K, committed 32892K, reserved 1079296K
  class space    used 3607K, capacity 3851K, committed 3964K, reserved 1048576K
2018-06-19T15:15:28.125+0200: 370,302: [GC (Allocation Failure) 2018-06-19T15:15:28.125+0200: 370,302: [ParNew
Desired survivor size 20112992 bytes, new threshold 8 (max 8)
- age   1:    1440784 bytes,    1440784 total
- age   2:     288832 bytes,    1729616 total
- age   3:      39784 bytes,    1769400 total
- age   4:     502592 bytes,    2271992 total
- age   5:     368616 bytes,    2640608 total
- age   6:    4743896 bytes,    7384504 total
- age   7:     206800 bytes,    7591304 total
- age   8:      88560 bytes,    7679864 total
: 109248K->18923K(109248K), 0,0490378 secs] 125674K->46772K(502464K), 0,0491557 secs] [Times: user=0,12 sys=0,01, real=0,05 secs] 
Heap after GC invocations=15 (full 1):
 par new generation   total 109248K, used 18923K [0x00000000e0000000, 0x00000000e8000000, 0x00000000e8000000)
  eden space 87424K,   0% used [0x00000000e0000000, 0x00000000e0000000, 0x00000000e5560000)
  from space 21824K,  86% used [0x00000000e6ab0000, 0x00000000e7d2ad40, 0x00000000e8000000)
  to   space 21824K,   0% used [0x00000000e5560000, 0x00000000e5560000, 0x00000000e6ab0000)
 concurrent mark-sweep generation total 393216K, used 27848K [0x00000000e8000000, 0x0000000100000000, 0x0000000100000000)
 Metaspace       used 31802K, capacity 32514K, committed 32892K, reserved 1079296K
  class space    used 3607K, capacity 3851K, committed 3964K, reserved 1048576K
}
2018-06-19T15:15:28.174+0200: 370,351: Total time for which application threads were stopped: 0,0495214 seconds, Stopping threads took: 0,0000652 seconds
{Heap before GC invocations=15 (full 1):
 par new generation   total 109248K, used 106328K [0x00000000e0000000, 0x00000000e8000000, 0x00000000e8000000)
  eden space 87424K,  99% used [0x00000000e0000000, 0x00000000e555b5a8, 0x00000000e5560000)
  from space 21824K,  86% used [0x00000000e6ab0000, 0x00000000e7d2ad40, 0x00000000e8000000)
  to   space 21824K,   0% used [0x00000000e5560000, 0x00000000e5560000, 0x00000000e6ab0000)
 concurrent mark-sweep generation total 393216K, used 27848K [0x00000000e8000000, 0x0000000100000000, 0x0000000100000000)
 Metaspace       used 31808K, capacity 32514K, committed 32892K, reserved 1079296K
  class space    used 3607K, capacity 3851K, committed 3964K, reserved 1048576K
2018-06-19T15:15:28.336+0200: 370,513: [GC (Allocation Failure) 2018-06-19T15:15:28.336+0200: 370,513: [ParNew
Desired survivor size 20112992 bytes, new threshold 8 (max 8)
- age   1:    1364248 bytes,    1364248 total
- age   2:    1096160 bytes,    2460408 total
- age   3:     287560 bytes,    2747968 total
- age   4:      38968 bytes,    2786936 total
- age   5:     502592 bytes,    3289528 total
- age   6:     368616 bytes,    3658144 total
- age   7:    4743664 bytes,    8401808 total
- age   8:     206800 bytes,    8608608 total
: 106328K->11967K(109248K), 0,0182531 secs] 134177K->39904K(502464K), 0,0183669 secs] [Times: user=0,07 sys=0,00, real=0,02 secs] 
Heap after GC invocations=16 (full 1):
 par new generation   total 109248K, used 11967K [0x00000000e0000000, 0x00000000e8000000, 0x00000000e8000000)
  eden space 87424K,   0% used [0x00000000e0000000, 0x00000000e0000000, 0x00000000e5560000)
  from space 21824K,  54% used [0x00000000e5560000, 0x00000000e610fe50, 0x00000000e6ab0000)
  to   space 21824K,   0% used [0x00000000e6ab0000, 0x00000000e6ab0000, 0x00000000e8000000)
 concurrent mark-sweep generation total 393216K, used 27936K [0x00000000e8000000, 0x0000000100000000, 0x0000000100000000)
 Metaspace       used 31808K, capacity 32514K, committed 32892K, reserved 1079296K
  class space    used 3607K, capacity 3851K, committed 3964K, reserved 1048576K
}
2018-06-19T15:15:28.354+0200: 370,531: Total time for which application threads were stopped: 0,0186577 seconds, Stopping threads took: 0,0000585 seconds
{Heap before GC invocations=16 (full 1):
 par new generation   total 109248K, used 99391K [0x00000000e0000000, 0x00000000e8000000, 0x00000000e8000000)
  eden space 87424K, 100% used [0x00000000e0000000, 0x00000000e5560000, 0x00000000e5560000)
  from space 21824K,  54% used [0x00000000e5560000, 0x00000000e610fe50, 0x00000000e6ab0000)
  to   space 21824K,   0% used [0x00000000e6ab0000, 0x00000000e6ab0000, 0x00000000e8000000)
 concurrent mark-sweep generation total 393216K, used 27936K [0x00000000e8000000, 0x0000000100000000, 0x0000000100000000)
 Metaspace       used 31820K, capacity 32520K, committed 32892K, reserved 1079296K
  class space    used 3608K, capacity 3852K, committed 3964K, reserved 1048576K
2018-06-19T15:15:28.528+0200: 370,705: [GC (Allocation Failure) 2018-06-19T15:15:28.528+0200: 370,705: [ParNew
Desired survivor size 20112992 bytes, new threshold 8 (max 8)
- age   1:    1424376 bytes,    1424376 total
- age   2:    1011048 bytes,    2435424 total
- age   3:    1096136 bytes,    3531560 total
- age   4:     287432 bytes,    3818992 total
- age   5:      38968 bytes,    3857960 total
- age   6:     502592 bytes,    4360552 total
- age   7:     368584 bytes,    4729136 total
- age   8:    4743504 bytes,    9472640 total
: 99391K->11557K(109248K), 0,0376924 secs] 127328K->39697K(502464K), 0,0378320 secs] [Times: user=0,11 sys=0,00, real=0,04 secs] 
Heap after GC invocations=17 (full 1):
 par new generation   total 109248K, used 11557K [0x00000000e0000000, 0x00000000e8000000, 0x00000000e8000000)
  eden space 87424K,   0% used [0x00000000e0000000, 0x00000000e0000000, 0x00000000e5560000)
  from space 21824K,  52% used [0x00000000e6ab0000, 0x00000000e75f9510, 0x00000000e8000000)
  to   space 21824K,   0% used [0x00000000e5560000, 0x00000000e5560000, 0x00000000e6ab0000)
 concurrent mark-sweep generation total 393216K, used 28140K [0x00000000e8000000, 0x0000000100000000, 0x0000000100000000)
 Metaspace       used 31820K, capacity 32520K, committed 32892K, reserved 1079296K
  class space    used 3608K, capacity 3852K, committed 3964K, reserved 1048576K
}
2018-06-19T15:15:28.566+0200: 370,743: Total time for which application threads were stopped: 0,0381418 seconds, Stopping threads took: 0,0000620 seconds
{Heap before GC invocations=17 (full 1):
 par new generation   total 109248K, used 98981K [0x00000000e0000000, 0x00000000e8000000, 0x00000000e8000000)
  eden space 87424K, 100% used [0x00000000e0000000, 0x00000000e5560000, 0x00000000e5560000)
  from space 21824K,  52% used [0x00000000e6ab0000, 0x00000000e75f9510, 0x00000000e8000000)
  to   space 21824K,   0% used [0x00000000e5560000, 0x00000000e5560000, 0x00000000e6ab0000)
 concurrent mark-sweep generation total 393216K, used 28140K [0x00000000e8000000, 0x0000000100000000, 0x0000000100000000)
 Metaspace       used 31835K, capacity 32584K, committed 32892K, reserved 1079296K
  class space    used 3608K, capacity 3852K, committed 3964K, reserved 1048576K
2018-06-19T15:15:28.751+0200: 370,928: [GC (Allocation Failure) 2018-06-19T15:15:28.751+0200: 370,928: [ParNew
Desired survivor size 20112992 bytes, new threshold 8 (max 8)
- age   1:    1782200 bytes,    1782200 total
- age   2:     984072 bytes,    2766272 total
- age   3:     847128 bytes,    3613400 total
- age   4:    1096136 bytes,    4709536 total
- age   5:     287432 bytes,    4996968 total
- age   6:      38968 bytes,    5035936 total
- age   7:     502544 bytes,    5538480 total
- age   8:     368480 bytes,    5906960 total
: 98981K->11814K(109248K), 0,0250721 secs] 127121K->44739K(502464K), 0,0251613 secs] [Times: user=0,06 sys=0,00, real=0,02 secs] 
Heap after GC invocations=18 (full 1):
 par new generation   total 109248K, used 11814K [0x00000000e0000000, 0x00000000e8000000, 0x00000000e8000000)
  eden space 87424K,   0% used [0x00000000e0000000, 0x00000000e0000000, 0x00000000e5560000)
  from space 21824K,  54% used [0x00000000e5560000, 0x00000000e60e98c0, 0x00000000e6ab0000)
  to   space 21824K,   0% used [0x00000000e6ab0000, 0x00000000e6ab0000, 0x00000000e8000000)
 concurrent mark-sweep generation total 393216K, used 32924K [0x00000000e8000000, 0x0000000100000000, 0x0000000100000000)
 Metaspace       used 31835K, capacity 32584K, committed 32892K, reserved 1079296K
  class space    used 3608K, capacity 3852K, committed 3964K, reserved 1048576K
}
2018-06-19T15:15:28.776+0200: 370,953: Total time for which application threads were stopped: 0,0254975 seconds, Stopping threads took: 0,0000731 seconds
2018-06-19T15:15:28.780+0200: 370,957: Total time for which application threads were stopped: 0,0001782 seconds, Stopping threads took: 0,0000647 seconds
2018-06-19T15:15:28.815+0200: 370,992: Total time for which application threads were stopped: 0,0043181 seconds, Stopping threads took: 0,0042104 seconds
2018-06-19T15:15:28.821+0200: 370,997: Total time for which application threads were stopped: 0,0001306 seconds, Stopping threads took: 0,0000528 seconds
2018-06-19T15:15:28.822+0200: 370,999: Total time for which application threads were stopped: 0,0001370 seconds, Stopping threads took: 0,0000474 seconds
2018-06-19T15:15:28.838+0200: 371,015: Total time for which application threads were stopped: 0,0034942 seconds, Stopping threads took: 0,0033888 seconds
2018-06-19T15:15:28.842+0200: 371,019: Total time for which application threads were stopped: 0,0002491 seconds, Stopping threads took: 0,0001351 seconds
2018-06-19T15:15:28.848+0200: 371,025: Total time for which application threads were stopped: 0,0001684 seconds, Stopping threads took: 0,0000678 seconds
{Heap before GC invocations=18 (full 1):
 par new generation   total 109248K, used 99238K [0x00000000e0000000, 0x00000000e8000000, 0x00000000e8000000)
  eden space 87424K, 100% used [0x00000000e0000000, 0x00000000e5560000, 0x00000000e5560000)
  from space 21824K,  54% used [0x00000000e5560000, 0x00000000e60e98c0, 0x00000000e6ab0000)
  to   space 21824K,   0% used [0x00000000e6ab0000, 0x00000000e6ab0000, 0x00000000e8000000)
 concurrent mark-sweep generation total 393216K, used 32924K [0x00000000e8000000, 0x0000000100000000, 0x0000000100000000)
 Metaspace       used 31854K, capacity 32584K, committed 32892K, reserved 1079296K
  class space    used 3608K, capacity 3852K, committed 3964K, reserved 1048576K
2018-06-19T15:15:28.907+0200: 371,084: [GC (Allocation Failure) 2018-06-19T15:15:28.907+0200: 371,084: [ParNew
Desired survivor size 20112992 bytes, new threshold 8 (max 8)
- age   1:    1614312 bytes,    1614312 total
- age   2:    1719104 bytes,    3333416 total
- age   3:     927600 bytes,    4261016 total
- age   4:     790368 bytes,    5051384 total
- age   5:    1030776 bytes,    6082160 total
- age   6:     226112 bytes,    6308272 total
- age   7:      38904 bytes,    6347176 total
- age   8:     502544 bytes,    6849720 total
: 99238K->8389K(109248K), 0,0374757 secs] 132163K->41674K(502464K), 0,0375686 secs] [Times: user=0,11 sys=0,00, real=0,04 secs] 
Heap after GC invocations=19 (full 1):
 par new generation   total 109248K, used 8389K [0x00000000e0000000, 0x00000000e8000000, 0x00000000e8000000)
  eden space 87424K,   0% used [0x00000000e0000000, 0x00000000e0000000, 0x00000000e5560000)
  from space 21824K,  38% used [0x00000000e6ab0000, 0x00000000e72e14e0, 0x00000000e8000000)
  to   space 21824K,   0% used [0x00000000e5560000, 0x00000000e5560000, 0x00000000e6ab0000)
 concurrent mark-sweep generation total 393216K, used 33284K [0x00000000e8000000, 0x0000000100000000, 0x0000000100000000)
 Metaspace       used 31854K, capacity 32584K, committed 32892K, reserved 1079296K
  class space    used 3608K, capacity 3852K, committed 3964K, reserved 1048576K
}
2018-06-19T15:15:28.945+0200: 371,121: Total time for which application threads were stopped: 0,0378364 seconds, Stopping threads took: 0,0000633 seconds
{Heap before GC invocations=19 (full 1):
 par new generation   total 109248K, used 95813K [0x00000000e0000000, 0x00000000e8000000, 0x00000000e8000000)
  eden space 87424K, 100% used [0x00000000e0000000, 0x00000000e5560000, 0x00000000e5560000)
  from space 21824K,  38% used [0x00000000e6ab0000, 0x00000000e72e14e0, 0x00000000e8000000)
  to   space 21824K,   0% used [0x00000000e5560000, 0x00000000e5560000, 0x00000000e6ab0000)
 concurrent mark-sweep generation total 393216K, used 33284K [0x00000000e8000000, 0x0000000100000000, 0x0000000100000000)
 Metaspace       used 31883K, capacity 32648K, committed 32892K, reserved 1079296K
  class space    used 3608K, capacity 3852K, committed 3964K, reserved 1048576K
2018-06-19T15:15:29.185+0200: 371,362: [GC (Allocation Failure) 2018-06-19T15:15:29.185+0200: 371,362: [ParNew
Desired survivor size 20112992 bytes, new threshold 8 (max 8)
- age   1:    1728544 bytes,    1728544 total
- age   2:    1087800 bytes,    2816344 total
- age   3:      84128 bytes,    2900472 total
- age   4:      81872 bytes,    2982344 total
- age   5:     105056 bytes,    3087400 total
- age   6:     397320 bytes,    3484720 total
- age   7:      47384 bytes,    3532104 total
- age   8:      38624 bytes,    3570728 total
: 95813K->7164K(109248K), 0,0208128 secs] 129098K->40940K(502464K), 0,0211639 secs] [Times: user=0,07 sys=0,01, real=0,02 secs] 
Heap after GC invocations=20 (full 1):
 par new generation   total 109248K, used 7164K [0x00000000e0000000, 0x00000000e8000000, 0x00000000e8000000)
  eden space 87424K,   0% used [0x00000000e0000000, 0x00000000e0000000, 0x00000000e5560000)
  from space 21824K,  32% used [0x00000000e5560000, 0x00000000e5c5f1d0, 0x00000000e6ab0000)
  to   space 21824K,   0% used [0x00000000e6ab0000, 0x00000000e6ab0000, 0x00000000e8000000)
 concurrent mark-sweep generation total 393216K, used 33776K [0x00000000e8000000, 0x0000000100000000, 0x0000000100000000)
 Metaspace       used 31883K, capacity 32648K, committed 32892K, reserved 1079296K
  class space    used 3608K, capacity 3852K, committed 3964K, reserved 1048576K
}
2018-06-19T15:15:29.206+0200: 371,383: Total time for which application threads were stopped: 0,0222657 seconds, Stopping threads took: 0,0001990 seconds
{Heap before GC invocations=20 (full 1):
 par new generation   total 109248K, used 94567K [0x00000000e0000000, 0x00000000e8000000, 0x00000000e8000000)
  eden space 87424K,  99% used [0x00000000e0000000, 0x00000000e555aae0, 0x00000000e5560000)
  from space 21824K,  32% used [0x00000000e5560000, 0x00000000e5c5f1d0, 0x00000000e6ab0000)
  to   space 21824K,   0% used [0x00000000e6ab0000, 0x00000000e6ab0000, 0x00000000e8000000)
 concurrent mark-sweep generation total 393216K, used 33776K [0x00000000e8000000, 0x0000000100000000, 0x0000000100000000)
 Metaspace       used 31900K, capacity 32648K, committed 32892K, reserved 1079296K
  class space    used 3608K, capacity 3852K, committed 3964K, reserved 1048576K
2018-06-19T15:15:29.370+0200: 371,547: [GC (Allocation Failure) 2018-06-19T15:15:29.370+0200: 371,547: [ParNew
Desired survivor size 20112992 bytes, new threshold 8 (max 8)
- age   1:    1439304 bytes,    1439304 total
- age   2:    1352776 bytes,    2792080 total
- age   3:    1086312 bytes,    3878392 total
- age   4:      84104 bytes,    3962496 total
- age   5:      81872 bytes,    4044368 total
- age   6:     105056 bytes,    4149424 total
- age   7:     396504 bytes,    4545928 total
- age   8:      47000 bytes,    4592928 total
: 94567K->5734K(109248K), 0,0432703 secs] 128343K->39549K(502464K), 0,0434333 secs] [Times: user=0,11 sys=0,00, real=0,05 secs] 
Heap after GC invocations=21 (full 1):
 par new generation   total 109248K, used 5734K [0x00000000e0000000, 0x00000000e8000000, 0x00000000e8000000)
  eden space 87424K,   0% used [0x00000000e0000000, 0x00000000e0000000, 0x00000000e5560000)
  from space 21824K,  26% used [0x00000000e6ab0000, 0x00000000e7049ac8, 0x00000000e8000000)
  to   space 21824K,   0% used [0x00000000e5560000, 0x00000000e5560000, 0x00000000e6ab0000)
 concurrent mark-sweep generation total 393216K, used 33814K [0x00000000e8000000, 0x0000000100000000, 0x0000000100000000)
 Metaspace       used 31900K, capacity 32648K, committed 32892K, reserved 1079296K
  class space    used 3608K, capacity 3852K, committed 3964K, reserved 1048576K
}
2018-06-19T15:15:29.413+0200: 371,590: Total time for which application threads were stopped: 0,0437662 seconds, Stopping threads took: 0,0000601 seconds
{Heap before GC invocations=21 (full 1):
 par new generation   total 109248K, used 93158K [0x00000000e0000000, 0x00000000e8000000, 0x00000000e8000000)
  eden space 87424K, 100% used [0x00000000e0000000, 0x00000000e5560000, 0x00000000e5560000)
  from space 21824K,  26% used [0x00000000e6ab0000, 0x00000000e7049ac8, 0x00000000e8000000)
  to   space 21824K,   0% used [0x00000000e5560000, 0x00000000e5560000, 0x00000000e6ab0000)
 concurrent mark-sweep generation total 393216K, used 33814K [0x00000000e8000000, 0x0000000100000000, 0x0000000100000000)
 Metaspace       used 31928K, capacity 32648K, committed 32892K, reserved 1079296K
  class space    used 3608K, capacity 3852K, committed 3964K, reserved 1048576K
2018-06-19T15:15:29.625+0200: 371,802: [GC (Allocation Failure) 2018-06-19T15:15:29.625+0200: 371,802: [ParNew
Desired survivor size 20112992 bytes, new threshold 8 (max 8)
- age   1:    1789664 bytes,    1789664 total
- age   2:     980936 bytes,    2770600 total
- age   3:    1188832 bytes,    3959432 total
- age   4:    1086312 bytes,    5045744 total
- age   5:      84104 bytes,    5129848 total
- age   6:      81872 bytes,    5211720 total
- age   7:     105008 bytes,    5316728 total
- age   8:     396136 bytes,    5712864 total
: 93158K->6799K(109248K), 0,0317755 secs] 126973K->40659K(502464K), 0,0321831 secs] [Times: user=0,09 sys=0,00, real=0,03 secs] 
Heap after GC invocations=22 (full 1):
 par new generation   total 109248K, used 6799K [0x00000000e0000000, 0x00000000e8000000, 0x00000000e8000000)
  eden space 87424K,   0% used [0x00000000e0000000, 0x00000000e0000000, 0x00000000e5560000)
  from space 21824K,  31% used [0x00000000e5560000, 0x00000000e5c03d68, 0x00000000e6ab0000)
  to   space 21824K,   0% used [0x00000000e6ab0000, 0x00000000e6ab0000, 0x00000000e8000000)
 concurrent mark-sweep generation total 393216K, used 33860K [0x00000000e8000000, 0x0000000100000000, 0x0000000100000000)
 Metaspace       used 31928K, capacity 32648K, committed 32892K, reserved 1079296K
  class space    used 3608K, capacity 3852K, committed 3964K, reserved 1048576K
}
2018-06-19T15:15:29.658+0200: 371,834: Total time for which application threads were stopped: 0,0328887 seconds, Stopping threads took: 0,0000922 seconds
2018-06-19T15:15:29.800+0200: 371,977: Total time for which application threads were stopped: 0,0058760 seconds, Stopping threads took: 0,0056469 seconds
{Heap before GC invocations=22 (full 1):
 par new generation   total 109248K, used 94223K [0x00000000e0000000, 0x00000000e8000000, 0x00000000e8000000)
  eden space 87424K, 100% used [0x00000000e0000000, 0x00000000e5560000, 0x00000000e5560000)
  from space 21824K,  31% used [0x00000000e5560000, 0x00000000e5c03d68, 0x00000000e6ab0000)
  to   space 21824K,   0% used [0x00000000e6ab0000, 0x00000000e6ab0000, 0x00000000e8000000)
 concurrent mark-sweep generation total 393216K, used 33860K [0x00000000e8000000, 0x0000000100000000, 0x0000000100000000)
 Metaspace       used 31932K, capacity 32648K, committed 32892K, reserved 1079296K
  class space    used 3608K, capacity 3852K, committed 3964K, reserved 1048576K
2018-06-19T15:15:29.834+0200: 372,010: [GC (Allocation Failure) 2018-06-19T15:15:29.834+0200: 372,010: [ParNew
Desired survivor size 20112992 bytes, new threshold 8 (max 8)
- age   1:    1986096 bytes,    1986096 total
- age   2:    1158200 bytes,    3144296 total
- age   3:     926120 bytes,    4070416 total
- age   4:    1138920 bytes,    5209336 total
- age   5:    1038056 bytes,    6247392 total
- age   6:      84104 bytes,    6331496 total
- age   7:      81824 bytes,    6413320 total
- age   8:     104776 bytes,    6518096 total
: 94223K->10311K(109248K), 0,0307309 secs] 128083K->44558K(502464K), 0,0308435 secs] [Times: user=0,09 sys=0,00, real=0,03 secs] 
Heap after GC invocations=23 (full 1):
 par new generation   total 109248K, used 10311K [0x00000000e0000000, 0x00000000e8000000, 0x00000000e8000000)
  eden space 87424K,   0% used [0x00000000e0000000, 0x00000000e0000000, 0x00000000e5560000)
  from space 21824K,  47% used [0x00000000e6ab0000, 0x00000000e74c1c80, 0x00000000e8000000)
  to   space 21824K,   0% used [0x00000000e5560000, 0x00000000e5560000, 0x00000000e6ab0000)
 concurrent mark-sweep generation total 393216K, used 34247K [0x00000000e8000000, 0x0000000100000000, 0x0000000100000000)
 Metaspace       used 31932K, capacity 32648K, committed 32892K, reserved 1079296K
  class space    used 3608K, capacity 3852K, committed 3964K, reserved 1048576K
}
2018-06-19T15:15:29.865+0200: 372,041: Total time for which application threads were stopped: 0,0311737 seconds, Stopping threads took: 0,0000896 seconds
2018-06-19T15:15:29.865+0200: 372,042: Total time for which application threads were stopped: 0,0002014 seconds, Stopping threads took: 0,0000670 seconds
2018-06-19T15:15:29.865+0200: 372,042: Total time for which application threads were stopped: 0,0000770 seconds, Stopping threads took: 0,0000293 seconds
2018-06-19T15:15:29.869+0200: 372,046: Total time for which application threads were stopped: 0,0001842 seconds, Stopping threads took: 0,0000533 seconds
2018-06-19T15:15:29.872+0200: 372,048: Total time for which application threads were stopped: 0,0002838 seconds, Stopping threads took: 0,0001031 seconds
2018-06-19T15:15:30.064+0200: 372,241: Total time for which application threads were stopped: 0,0001882 seconds, Stopping threads took: 0,0000651 seconds
2018-06-19T15:15:30.076+0200: 372,252: Total time for which application threads were stopped: 0,0060426 seconds, Stopping threads took: 0,0059298 seconds
2018-06-19T15:15:30.091+0200: 372,268: Total time for which application threads were stopped: 0,0001418 seconds, Stopping threads took: 0,0000460 seconds
{Heap before GC invocations=23 (full 1):
 par new generation   total 109248K, used 97735K [0x00000000e0000000, 0x00000000e8000000, 0x00000000e8000000)
  eden space 87424K, 100% used [0x00000000e0000000, 0x00000000e5560000, 0x00000000e5560000)
  from space 21824K,  47% used [0x00000000e6ab0000, 0x00000000e74c1c80, 0x00000000e8000000)
  to   space 21824K,   0% used [0x00000000e5560000, 0x00000000e5560000, 0x00000000e6ab0000)
 concurrent mark-sweep generation total 393216K, used 34247K [0x00000000e8000000, 0x0000000100000000, 0x0000000100000000)
 Metaspace       used 31938K, capacity 32648K, committed 32892K, reserved 1079296K
  class space    used 3608K, capacity 3852K, committed 3964K, reserved 1048576K
2018-06-19T15:15:30.103+0200: 372,279: [GC (Allocation Failure) 2018-06-19T15:15:30.103+0200: 372,279: [ParNew
Desired survivor size 20112992 bytes, new threshold 8 (max 8)
- age   1:    1266168 bytes,    1266168 total
- age   2:    1864504 bytes,    3130672 total
- age   3:    1156424 bytes,    4287096 total
- age   4:     924776 bytes,    5211872 total
- age   5:    1137184 bytes,    6349056 total
- age   6:     964936 bytes,    7313992 total
- age   7:      84056 bytes,    7398048 total
- age   8:      81592 bytes,    7479640 total
: 97735K->8640K(109248K), 0,0241990 secs] 131982K->42990K(502464K), 0,0243232 secs] [Times: user=0,06 sys=0,00, real=0,03 secs] 
Heap after GC invocations=24 (full 1):
 par new generation   total 109248K, used 8640K [0x00000000e0000000, 0x00000000e8000000, 0x00000000e8000000)
  eden space 87424K,   0% used [0x00000000e0000000, 0x00000000e0000000, 0x00000000e5560000)
  from space 21824K,  39% used [0x00000000e5560000, 0x00000000e5dd02a0, 0x00000000e6ab0000)
  to   space 21824K,   0% used [0x00000000e6ab0000, 0x00000000e6ab0000, 0x00000000e8000000)
 concurrent mark-sweep generation total 393216K, used 34349K [0x00000000e8000000, 0x0000000100000000, 0x0000000100000000)
 Metaspace       used 31938K, capacity 32648K, committed 32892K, reserved 1079296K
  class space    used 3608K, capacity 3852K, committed 3964K, reserved 1048576K
}
2018-06-19T15:15:30.127+0200: 372,304: Total time for which application threads were stopped: 0,0246259 seconds, Stopping threads took: 0,0000666 seconds
{Heap before GC invocations=24 (full 1):
 par new generation   total 109248K, used 96064K [0x00000000e0000000, 0x00000000e8000000, 0x00000000e8000000)
  eden space 87424K, 100% used [0x00000000e0000000, 0x00000000e5560000, 0x00000000e5560000)
  from space 21824K,  39% used [0x00000000e5560000, 0x00000000e5dd02a0, 0x00000000e6ab0000)
  to   space 21824K,   0% used [0x00000000e6ab0000, 0x00000000e6ab0000, 0x00000000e8000000)
 concurrent mark-sweep generation total 393216K, used 34349K [0x00000000e8000000, 0x0000000100000000, 0x0000000100000000)
 Metaspace       used 31941K, capacity 32648K, committed 32892K, reserved 1079296K
  class space    used 3608K, capacity 3852K, committed 3964K, reserved 1048576K
2018-06-19T15:15:30.346+0200: 372,523: [GC (Allocation Failure) 2018-06-19T15:15:30.346+0200: 372,523: [ParNew
Desired survivor size 20112992 bytes, new threshold 8 (max 8)
- age   1:    1563752 bytes,    1563752 total
- age   2:     933552 bytes,    2497304 total
- age   3:     414896 bytes,    2912200 total
- age   4:      85696 bytes,    2997896 total
- age   5:      81920 bytes,    3079816 total
- age   6:     449008 bytes,    3528824 total
- age   7:     172440 bytes,    3701264 total
- age   8:      83656 bytes,    3784920 total
: 96064K->7747K(109248K), 0,0109891 secs] 130414K->42177K(502464K), 0,0111053 secs] [Times: user=0,03 sys=0,00, real=0,01 secs] 
Heap after GC invocations=25 (full 1):
 par new generation   total 109248K, used 7747K [0x00000000e0000000, 0x00000000e8000000, 0x00000000e8000000)
  eden space 87424K,   0% used [0x00000000e0000000, 0x00000000e0000000, 0x00000000e5560000)
  from space 21824K,  35% used [0x00000000e6ab0000, 0x00000000e7240f90, 0x00000000e8000000)
  to   space 21824K,   0% used [0x00000000e5560000, 0x00000000e5560000, 0x00000000e6ab0000)
 concurrent mark-sweep generation total 393216K, used 34429K [0x00000000e8000000, 0x0000000100000000, 0x0000000100000000)
 Metaspace       used 31941K, capacity 32648K, committed 32892K, reserved 1079296K
  class space    used 3608K, capacity 3852K, committed 3964K, reserved 1048576K
}
2018-06-19T15:15:30.357+0200: 372,534: Total time for which application threads were stopped: 0,0114258 seconds, Stopping threads took: 0,0000567 seconds
{Heap before GC invocations=25 (full 1):
 par new generation   total 109248K, used 95166K [0x00000000e0000000, 0x00000000e8000000, 0x00000000e8000000)
  eden space 87424K,  99% used [0x00000000e0000000, 0x00000000e555eba8, 0x00000000e5560000)
  from space 21824K,  35% used [0x00000000e6ab0000, 0x00000000e7240f90, 0x00000000e8000000)
  to   space 21824K,   0% used [0x00000000e5560000, 0x00000000e5560000, 0x00000000e6ab0000)
 concurrent mark-sweep generation total 393216K, used 34429K [0x00000000e8000000, 0x0000000100000000, 0x0000000100000000)
 Metaspace       used 31950K, capacity 32648K, committed 32892K, reserved 1079296K
  class space    used 3608K, capacity 3852K, committed 3964K, reserved 1048576K
2018-06-19T15:15:30.493+0200: 372,670: [GC (Allocation Failure) 2018-06-19T15:15:30.493+0200: 372,670: [ParNew
Desired survivor size 20112992 bytes, new threshold 8 (max 8)
- age   1:    1401440 bytes,    1401440 total
- age   2:    1220648 bytes,    2622088 total
- age   3:     901904 bytes,    3523992 total
- age   4:     414992 bytes,    3938984 total
- age   5:      85696 bytes,    4024680 total
- age   6:      81920 bytes,    4106600 total
- age   7:     448144 bytes,    4554744 total
- age   8:     172208 bytes,    4726952 total
: 95166K->6167K(109248K), 0,0099665 secs] 129596K->40678K(502464K), 0,0100452 secs] [Times: user=0,02 sys=0,01, real=0,01 secs] 
Heap after GC invocations=26 (full 1):
 par new generation   total 109248K, used 6167K [0x00000000e0000000, 0x00000000e8000000, 0x00000000e8000000)
  eden space 87424K,   0% used [0x00000000e0000000, 0x00000000e0000000, 0x00000000e5560000)
  from space 21824K,  28% used [0x00000000e5560000, 0x00000000e5b65ce0, 0x00000000e6ab0000)
  to   space 21824K,   0% used [0x00000000e6ab0000, 0x00000000e6ab0000, 0x00000000e8000000)
 concurrent mark-sweep generation total 393216K, used 34511K [0x00000000e8000000, 0x0000000100000000, 0x0000000100000000)
 Metaspace       used 31950K, capacity 32648K, committed 32892K, reserved 1079296K
  class space    used 3608K, capacity 3852K, committed 3964K, reserved 1048576K
}
2018-06-19T15:15:30.503+0200: 372,680: Total time for which application threads were stopped: 0,0102781 seconds, Stopping threads took: 0,0000312 seconds
{Heap before GC invocations=26 (full 1):
 par new generation   total 109248K, used 93591K [0x00000000e0000000, 0x00000000e8000000, 0x00000000e8000000)
  eden space 87424K, 100% used [0x00000000e0000000, 0x00000000e5560000, 0x00000000e5560000)
  from space 21824K,  28% used [0x00000000e5560000, 0x00000000e5b65ce0, 0x00000000e6ab0000)
  to   space 21824K,   0% used [0x00000000e6ab0000, 0x00000000e6ab0000, 0x00000000e8000000)
 concurrent mark-sweep generation total 393216K, used 34511K [0x00000000e8000000, 0x0000000100000000, 0x0000000100000000)
 Metaspace       used 31953K, capacity 32648K, committed 32892K, reserved 1079296K
  class space    used 3608K, capacity 3852K, committed 3964K, reserved 1048576K
2018-06-19T15:15:30.614+0200: 372,791: [GC (Allocation Failure) 2018-06-19T15:15:30.614+0200: 372,791: [ParNew
Desired survivor size 20112992 bytes, new threshold 8 (max 8)
- age   1:    1602344 bytes,    1602344 total
- age   2:     988832 bytes,    2591176 total
- age   3:    1120760 bytes,    3711936 total
- age   4:     900728 bytes,    4612664 total
- age   5:     414872 bytes,    5027536 total
- age   6:      85696 bytes,    5113232 total
- age   7:      81872 bytes,    5195104 total
- age   8:     447912 bytes,    5643016 total
: 93591K->6929K(109248K), 0,0189822 secs] 128102K->41608K(502464K), 0,0191187 secs] [Times: user=0,05 sys=0,00, real=0,02 secs] 
Heap after GC invocations=27 (full 1):
 par new generation   total 109248K, used 6929K [0x00000000e0000000, 0x00000000e8000000, 0x00000000e8000000)
  eden space 87424K,   0% used [0x00000000e0000000, 0x00000000e0000000, 0x00000000e5560000)
  from space 21824K,  31% used [0x00000000e6ab0000, 0x00000000e7174670, 0x00000000e8000000)
  to   space 21824K,   0% used [0x00000000e5560000, 0x00000000e5560000, 0x00000000e6ab0000)
 concurrent mark-sweep generation total 393216K, used 34679K [0x00000000e8000000, 0x0000000100000000, 0x0000000100000000)
 Metaspace       used 31953K, capacity 32648K, committed 32892K, reserved 1079296K
  class space    used 3608K, capacity 3852K, committed 3964K, reserved 1048576K
}
2018-06-19T15:15:30.633+0200: 372,810: Total time for which application threads were stopped: 0,0193918 seconds, Stopping threads took: 0,0000443 seconds
{Heap before GC invocations=27 (full 1):
 par new generation   total 109248K, used 94353K [0x00000000e0000000, 0x00000000e8000000, 0x00000000e8000000)
  eden space 87424K, 100% used [0x00000000e0000000, 0x00000000e5560000, 0x00000000e5560000)
  from space 21824K,  31% used [0x00000000e6ab0000, 0x00000000e7174670, 0x00000000e8000000)
  to   space 21824K,   0% used [0x00000000e5560000, 0x00000000e5560000, 0x00000000e6ab0000)
 concurrent mark-sweep generation total 393216K, used 34679K [0x00000000e8000000, 0x0000000100000000, 0x0000000100000000)
 Metaspace       used 31965K, capacity 32648K, committed 32892K, reserved 1079296K
  class space    used 3608K, capacity 3852K, committed 3964K, reserved 1048576K
2018-06-19T15:15:30.745+0200: 372,921: [GC (Allocation Failure) 2018-06-19T15:15:30.745+0200: 372,921: [ParNew
Desired survivor size 20112992 bytes, new threshold 8 (max 8)
- age   1:    1640632 bytes,    1640632 total
- age   2:    1045104 bytes,    2685736 total
- age   3:     923184 bytes,    3608920 total
- age   4:    1120808 bytes,    4729728 total
- age   5:     900800 bytes,    5630528 total
- age   6:     414896 bytes,    6045424 total
- age   7:      85648 bytes,    6131072 total
- age   8:      81640 bytes,    6212712 total
: 94353K->8150K(109248K), 0,0067484 secs] 129032K->43267K(502464K), 0,0068470 secs] [Times: user=0,02 sys=0,01, real=0,01 secs] 
Heap after GC invocations=28 (full 1):
 par new generation   total 109248K, used 8150K [0x00000000e0000000, 0x00000000e8000000, 0x00000000e8000000)
  eden space 87424K,   0% used [0x00000000e0000000, 0x00000000e0000000, 0x00000000e5560000)
  from space 21824K,  37% used [0x00000000e5560000, 0x00000000e5d55888, 0x00000000e6ab0000)
  to   space 21824K,   0% used [0x00000000e6ab0000, 0x00000000e6ab0000, 0x00000000e8000000)
 concurrent mark-sweep generation total 393216K, used 35116K [0x00000000e8000000, 0x0000000100000000, 0x0000000100000000)
 Metaspace       used 31965K, capacity 32648K, committed 32892K, reserved 1079296K
  class space    used 3608K, capacity 3852K, committed 3964K, reserved 1048576K
}
2018-06-19T15:15:30.752+0200: 372,928: Total time for which application threads were stopped: 0,0070946 seconds, Stopping threads took: 0,0000350 seconds
2018-06-19T15:15:30.785+0200: 372,962: Total time for which application threads were stopped: 0,0006942 seconds, Stopping threads took: 0,0005516 seconds
2018-06-19T15:15:30.786+0200: 372,962: Total time for which application threads were stopped: 0,0001419 seconds, Stopping threads took: 0,0000454 seconds
2018-06-19T15:15:30.875+0200: 373,052: Total time for which application threads were stopped: 0,0034957 seconds, Stopping threads took: 0,0033494 seconds
{Heap before GC invocations=28 (full 1):
 par new generation   total 109248K, used 95574K [0x00000000e0000000, 0x00000000e8000000, 0x00000000e8000000)
  eden space 87424K, 100% used [0x00000000e0000000, 0x00000000e5560000, 0x00000000e5560000)
  from space 21824K,  37% used [0x00000000e5560000, 0x00000000e5d55888, 0x00000000e6ab0000)
  to   space 21824K,   0% used [0x00000000e6ab0000, 0x00000000e6ab0000, 0x00000000e8000000)
 concurrent mark-sweep generation total 393216K, used 35116K [0x00000000e8000000, 0x0000000100000000, 0x0000000100000000)
 Metaspace       used 31972K, capacity 32648K, committed 32892K, reserved 1079296K
  class space    used 3608K, capacity 3852K, committed 3964K, reserved 1048576K
2018-06-19T15:15:30.877+0200: 373,053: [GC (Allocation Failure) 2018-06-19T15:15:30.877+0200: 373,053: [ParNew
Desired survivor size 20112992 bytes, new threshold 8 (max 8)
- age   1:    1439288 bytes,    1439288 total
- age   2:    1588720 bytes,    3028008 total
- age   3:    1045080 bytes,    4073088 total
- age   4:     923088 bytes,    4996176 total
- age   5:    1120432 bytes,    6116608 total
- age   6:     900704 bytes,    7017312 total
- age   7:     414680 bytes,    7431992 total
- age   8:      85136 bytes,    7517128 total
: 95574K->9458K(109248K), 0,0349214 secs] 130691K->44654K(502464K), 0,0352839 secs] [Times: user=0,11 sys=0,01, real=0,04 secs] 
Heap after GC invocations=29 (full 1):
 par new generation   total 109248K, used 9458K [0x00000000e0000000, 0x00000000e8000000, 0x00000000e8000000)
  eden space 87424K,   0% used [0x00000000e0000000, 0x00000000e0000000, 0x00000000e5560000)
  from space 21824K,  43% used [0x00000000e6ab0000, 0x00000000e73ec870, 0x00000000e8000000)
  to   space 21824K,   0% used [0x00000000e5560000, 0x00000000e5560000, 0x00000000e6ab0000)
 concurrent mark-sweep generation total 393216K, used 35196K [0x00000000e8000000, 0x0000000100000000, 0x0000000100000000)
 Metaspace       used 31972K, capacity 32648K, committed 32892K, reserved 1079296K
  class space    used 3608K, capacity 3852K, committed 3964K, reserved 1048576K
}
2018-06-19T15:15:30.912+0200: 373,089: Total time for which application threads were stopped: 0,0358566 seconds, Stopping threads took: 0,0000310 seconds
2018-06-19T15:15:30.917+0200: 373,093: Total time for which application threads were stopped: 0,0001438 seconds, Stopping threads took: 0,0000312 seconds
2018-06-19T15:15:30.926+0200: 373,103: Total time for which application threads were stopped: 0,0003926 seconds, Stopping threads took: 0,0000661 seconds
{Heap before GC invocations=29 (full 1):
 par new generation   total 109248K, used 96882K [0x00000000e0000000, 0x00000000e8000000, 0x00000000e8000000)
  eden space 87424K, 100% used [0x00000000e0000000, 0x00000000e5560000, 0x00000000e5560000)
  from space 21824K,  43% used [0x00000000e6ab0000, 0x00000000e73ec870, 0x00000000e8000000)
  to   space 21824K,   0% used [0x00000000e5560000, 0x00000000e5560000, 0x00000000e6ab0000)
 concurrent mark-sweep generation total 393216K, used 35196K [0x00000000e8000000, 0x0000000100000000, 0x0000000100000000)
 Metaspace       used 31973K, capacity 32648K, committed 32892K, reserved 1079296K
  class space    used 3608K, capacity 3852K, committed 3964K, reserved 1048576K
2018-06-19T15:15:31.028+0200: 373,204: [GC (Allocation Failure) 2018-06-19T15:15:31.028+0200: 373,205: [ParNew
Desired survivor size 20112992 bytes, new threshold 8 (max 8)
- age   1:    1535784 bytes,    1535784 total
- age   2:    1132728 bytes,    2668512 total
- age   3:    1532080 bytes,    4200592 total
- age   4:     988200 bytes,    5188792 total
- age   5:     865968 bytes,    6054760 total
- age   6:    1067344 bytes,    7122104 total
- age   7:     854576 bytes,    7976680 total
- age   8:     336168 bytes,    8312848 total
: 96882K->12731K(109248K), 0,0179837 secs] 132078K->48010K(502464K), 0,0182257 secs] [Times: user=0,06 sys=0,00, real=0,02 secs] 
Heap after GC invocations=30 (full 1):
 par new generation   total 109248K, used 12731K [0x00000000e0000000, 0x00000000e8000000, 0x00000000e8000000)
  eden space 87424K,   0% used [0x00000000e0000000, 0x00000000e0000000, 0x00000000e5560000)
  from space 21824K,  58% used [0x00000000e5560000, 0x00000000e61cec80, 0x00000000e6ab0000)
  to   space 21824K,   0% used [0x00000000e6ab0000, 0x00000000e6ab0000, 0x00000000e8000000)
 concurrent mark-sweep generation total 393216K, used 35279K [0x00000000e8000000, 0x0000000100000000, 0x0000000100000000)
 Metaspace       used 31973K, capacity 32648K, committed 32892K, reserved 1079296K
  class space    used 3608K, capacity 3852K, committed 3964K, reserved 1048576K
}
2018-06-19T15:15:31.046+0200: 373,223: Total time for which application threads were stopped: 0,0253543 seconds, Stopping threads took: 0,0067837 seconds
2018-06-19T15:15:31.225+0200: 373,402: Total time for which application threads were stopped: 0,0001653 seconds, Stopping threads took: 0,0000517 seconds
2018-06-19T15:15:31.227+0200: 373,404: Total time for which application threads were stopped: 0,0000946 seconds, Stopping threads took: 0,0000242 seconds
2018-06-19T15:15:31.299+0200: 373,476: Total time for which application threads were stopped: 0,0001182 seconds, Stopping threads took: 0,0000339 seconds
2018-06-19T15:15:31.312+0200: 373,489: Total time for which application threads were stopped: 0,0001178 seconds, Stopping threads took: 0,0000300 seconds
2018-06-19T15:15:31.313+0200: 373,489: Total time for which application threads were stopped: 0,0000475 seconds, Stopping threads took: 0,0000154 seconds
2018-06-19T15:15:31.313+0200: 373,489: Total time for which application threads were stopped: 0,0000438 seconds, Stopping threads took: 0,0000115 seconds
2018-06-19T15:15:31.313+0200: 373,489: Total time for which application threads were stopped: 0,0000409 seconds, Stopping threads took: 0,0000115 seconds
2018-06-19T15:15:31.313+0200: 373,489: Total time for which application threads were stopped: 0,0000411 seconds, Stopping threads took: 0,0000113 seconds
2018-06-19T15:15:31.318+0200: 373,495: Total time for which application threads were stopped: 0,0001153 seconds, Stopping threads took: 0,0000329 seconds
2018-06-19T15:15:31.318+0200: 373,495: Total time for which application threads were stopped: 0,0000504 seconds, Stopping threads took: 0,0000123 seconds
2018-06-19T15:15:31.318+0200: 373,495: Total time for which application threads were stopped: 0,0000427 seconds, Stopping threads took: 0,0000128 seconds
2018-06-19T15:15:31.318+0200: 373,495: Total time for which application threads were stopped: 0,0000397 seconds, Stopping threads took: 0,0000118 seconds
2018-06-19T15:15:31.318+0200: 373,495: Total time for which application threads were stopped: 0,0000402 seconds, Stopping threads took: 0,0000113 seconds
2018-06-19T15:15:31.335+0200: 373,512: Total time for which application threads were stopped: 0,0001056 seconds, Stopping threads took: 0,0000290 seconds
2018-06-19T15:15:31.335+0200: 373,512: Total time for which application threads were stopped: 0,0000704 seconds, Stopping threads took: 0,0000228 seconds
2018-06-19T15:15:31.335+0200: 373,512: Total time for which application threads were stopped: 0,0000417 seconds, Stopping threads took: 0,0000133 seconds
2018-06-19T15:15:31.335+0200: 373,512: Total time for which application threads were stopped: 0,0000410 seconds, Stopping threads took: 0,0000113 seconds
2018-06-19T15:15:31.335+0200: 373,512: Total time for which application threads were stopped: 0,0000397 seconds, Stopping threads took: 0,0000114 seconds
2018-06-19T15:15:31.335+0200: 373,512: Total time for which application threads were stopped: 0,0000362 seconds, Stopping threads took: 0,0000104 seconds
2018-06-19T15:15:31.336+0200: 373,512: Total time for which application threads were stopped: 0,0000360 seconds, Stopping threads took: 0,0000106 seconds
2018-06-19T15:15:31.336+0200: 373,512: Total time for which application threads were stopped: 0,0000374 seconds, Stopping threads took: 0,0000103 seconds
2018-06-19T15:15:31.336+0200: 373,512: Total time for which application threads were stopped: 0,0000406 seconds, Stopping threads took: 0,0000108 seconds
2018-06-19T15:15:31.336+0200: 373,512: Total time for which application threads were stopped: 0,0000371 seconds, Stopping threads took: 0,0000106 seconds
2018-06-19T15:15:31.336+0200: 373,512: Total time for which application threads were stopped: 0,0000354 seconds, Stopping threads took: 0,0000102 seconds
2018-06-19T15:15:31.336+0200: 373,513: Total time for which application threads were stopped: 0,0000371 seconds, Stopping threads took: 0,0000102 seconds
2018-06-19T15:15:31.336+0200: 373,513: Total time for which application threads were stopped: 0,0000355 seconds, Stopping threads took: 0,0000102 seconds
2018-06-19T15:15:31.336+0200: 373,513: Total time for which application threads were stopped: 0,0001267 seconds, Stopping threads took: 0,0000127 seconds
2018-06-19T15:15:31.346+0200: 373,522: Total time for which application threads were stopped: 0,0001182 seconds, Stopping threads took: 0,0000325 seconds
2018-06-19T15:15:31.346+0200: 373,523: Total time for which application threads were stopped: 0,0000784 seconds, Stopping threads took: 0,0000255 seconds
2018-06-19T15:15:31.346+0200: 373,523: Total time for which application threads were stopped: 0,0000660 seconds, Stopping threads took: 0,0000150 seconds
2018-06-19T15:15:31.347+0200: 373,523: Total time for which application threads were stopped: 0,0000946 seconds, Stopping threads took: 0,0000365 seconds
2018-06-19T15:15:31.348+0200: 373,524: Total time for which application threads were stopped: 0,0001093 seconds, Stopping threads took: 0,0000315 seconds
2018-06-19T15:15:31.348+0200: 373,525: Total time for which application threads were stopped: 0,0001091 seconds, Stopping threads took: 0,0000434 seconds
2018-06-19T15:15:31.348+0200: 373,525: Total time for which application threads were stopped: 0,0000733 seconds, Stopping threads took: 0,0000256 seconds
2018-06-19T15:15:31.349+0200: 373,526: Total time for which application threads were stopped: 0,0001201 seconds, Stopping threads took: 0,0000582 seconds
2018-06-19T15:15:31.350+0200: 373,526: Total time for which application threads were stopped: 0,0001745 seconds, Stopping threads took: 0,0000294 seconds
2018-06-19T15:15:31.918+0200: 374,095: Total time for which application threads were stopped: 0,0008709 seconds, Stopping threads took: 0,0001346 seconds
2018-06-19T15:15:31.919+0200: 374,096: Total time for which application threads were stopped: 0,0006295 seconds, Stopping threads took: 0,0001662 seconds
2018-06-19T15:15:31.920+0200: 374,097: Total time for which application threads were stopped: 0,0005141 seconds, Stopping threads took: 0,0001035 seconds
2018-06-19T15:15:31.921+0200: 374,097: Total time for which application threads were stopped: 0,0004924 seconds, Stopping threads took: 0,0000935 seconds
2018-06-19T15:15:31.922+0200: 374,098: Total time for which application threads were stopped: 0,0007087 seconds, Stopping threads took: 0,0002262 seconds
2018-06-19T15:15:31.930+0200: 374,107: Total time for which application threads were stopped: 0,0001483 seconds, Stopping threads took: 0,0000408 seconds
2018-06-19T15:15:32.930+0200: 375,107: Total time for which application threads were stopped: 0,0001043 seconds, Stopping threads took: 0,0000233 seconds
2018-06-19T15:15:36.661+0200: 378,838: Total time for which application threads were stopped: 0,0005230 seconds, Stopping threads took: 0,0000154 seconds
2018-06-19T15:15:36.662+0200: 378,839: Total time for which application threads were stopped: 0,0004956 seconds, Stopping threads took: 0,0000130 seconds
2018-06-19T15:15:36.666+0200: 378,842: Total time for which application threads were stopped: 0,0001158 seconds, Stopping threads took: 0,0000390 seconds
2018-06-19T15:15:36.675+0200: 378,852: Total time for which application threads were stopped: 0,0017561 seconds, Stopping threads took: 0,0016623 seconds
2018-06-19T15:15:36.675+0200: 378,852: Total time for which application threads were stopped: 0,0001019 seconds, Stopping threads took: 0,0000471 seconds
2018-06-19T15:15:36.675+0200: 378,852: Total time for which application threads were stopped: 0,0000491 seconds, Stopping threads took: 0,0000097 seconds
2018-06-19T15:15:36.676+0200: 378,853: Total time for which application threads were stopped: 0,0001077 seconds, Stopping threads took: 0,0000426 seconds
2018-06-19T15:15:36.676+0200: 378,853: Total time for which application threads were stopped: 0,0000795 seconds, Stopping threads took: 0,0000266 seconds
2018-06-19T15:15:36.682+0200: 378,858: Total time for which application threads were stopped: 0,0022460 seconds, Stopping threads took: 0,0021374 seconds
2018-06-19T15:15:36.682+0200: 378,858: Total time for which application threads were stopped: 0,0000781 seconds, Stopping threads took: 0,0000176 seconds
2018-06-19T15:15:36.682+0200: 378,859: Total time for which application threads were stopped: 0,0000867 seconds, Stopping threads took: 0,0000258 seconds
2018-06-19T15:15:36.682+0200: 378,859: Total time for which application threads were stopped: 0,0000614 seconds, Stopping threads took: 0,0000155 seconds
2018-06-19T15:15:36.682+0200: 378,859: Total time for which application threads were stopped: 0,0000618 seconds, Stopping threads took: 0,0000248 seconds
2018-06-19T15:15:36.682+0200: 378,859: Total time for which application threads were stopped: 0,0000497 seconds, Stopping threads took: 0,0000101 seconds
2018-06-19T15:15:36.682+0200: 378,859: Total time for which application threads were stopped: 0,0000495 seconds, Stopping threads took: 0,0000093 seconds
2018-06-19T15:15:36.682+0200: 378,859: Total time for which application threads were stopped: 0,0000502 seconds, Stopping threads took: 0,0000104 seconds
2018-06-19T15:15:36.683+0200: 378,859: Total time for which application threads were stopped: 0,0002034 seconds, Stopping threads took: 0,0000099 seconds
2018-06-19T15:15:36.692+0200: 378,869: Total time for which application threads were stopped: 0,0001657 seconds, Stopping threads took: 0,0000446 seconds
2018-06-19T15:15:36.694+0200: 378,870: Total time for which application threads were stopped: 0,0003248 seconds, Stopping threads took: 0,0002321 seconds
2018-06-19T15:15:36.696+0200: 378,873: Total time for which application threads were stopped: 0,0001685 seconds, Stopping threads took: 0,0000312 seconds
2018-06-19T15:15:36.702+0200: 378,878: Total time for which application threads were stopped: 0,0019749 seconds, Stopping threads took: 0,0018493 seconds
2018-06-19T15:15:36.703+0200: 378,879: Total time for which application threads were stopped: 0,0001095 seconds, Stopping threads took: 0,0000370 seconds
Heap
 par new generation   total 109248K, used 75258K [0x00000000e0000000, 0x00000000e8000000, 0x00000000e8000000)
  eden space 87424K,  71% used [0x00000000e0000000, 0x00000000e3d0fc10, 0x00000000e5560000)
  from space 21824K,  58% used [0x00000000e5560000, 0x00000000e61cec80, 0x00000000e6ab0000)
  to   space 21824K,   0% used [0x00000000e6ab0000, 0x00000000e6ab0000, 0x00000000e8000000)
 concurrent mark-sweep generation total 393216K, used 35279K [0x00000000e8000000, 0x0000000100000000, 0x0000000100000000)
 Metaspace       used 32111K, capacity 32848K, committed 33148K, reserved 1079296K
  class space    used 3618K, capacity 3854K, committed 3964K, reserved 1048576K
