OpenJDK 64-Bit Server VM (25.162-b12) for linux-amd64 JRE (1.8.0_162-8u162-b12-0ubuntu0.16.04.2-b12), built on Mar 14 2018 12:11:18 by "buildd" with gcc 5.4.0 20160609
Memory: 4k page, physical 7867624k(2158848k free), swap 8076284k(8076284k free)
CommandLine flags: -XX:CMSInitiatingOccupancyFraction=50 -XX:CMSMaxAbortablePrecleanTime=6000 -XX:+CMSParallelRemarkEnabled -XX:+CMSScavengeBeforeRemark -XX:ConcGCThreads=4 -XX:InitialHeapSize=536870912 -XX:MaxHeapSize=536870912 -XX:MaxTenuringThreshold=8 -XX:NewRatio=3 -XX:OldPLABSize=16 -XX:OnOutOfMemoryError=/home/gurnoor/workspace/QTM/solr/bin/oom_solr.sh 8983 /home/gurnoor/workspace/QTM/solr/server/logs -XX:ParallelGCThreads=4 -XX:+ParallelRefProcEnabled -XX:PretenureSizeThreshold=67108864 -XX:+PrintGC -XX:+PrintGCApplicationStoppedTime -XX:+PrintGCDateStamps -XX:+PrintGCDetails -XX:+PrintGCTimeStamps -XX:+PrintHeapAtGC -XX:+PrintTenuringDistribution -XX:SurvivorRatio=4 -XX:TargetSurvivorRatio=90 -XX:ThreadStackSize=256 -XX:+UseCMSInitiatingOccupancyOnly -XX:+UseCompressedClassPointers -XX:+UseCompressedOops -XX:+UseConcMarkSweepGC -XX:+UseParNewGC 
2018-04-06T22:22:40.162+0200: 0,114: Total time for which application threads were stopped: 0,0000694 seconds, Stopping threads took: 0,0000107 seconds
2018-04-06T22:22:40.240+0200: 0,191: Total time for which application threads were stopped: 0,0000975 seconds, Stopping threads took: 0,0000148 seconds
2018-04-06T22:22:40.251+0200: 0,203: Total time for which application threads were stopped: 0,0000759 seconds, Stopping threads took: 0,0000095 seconds
2018-04-06T22:22:40.385+0200: 0,336: Total time for which application threads were stopped: 0,0001790 seconds, Stopping threads took: 0,0000250 seconds
2018-04-06T22:22:40.538+0200: 0,489: Total time for which application threads were stopped: 0,0001387 seconds, Stopping threads took: 0,0000173 seconds
2018-04-06T22:22:40.586+0200: 0,537: Total time for which application threads were stopped: 0,0001599 seconds, Stopping threads took: 0,0000195 seconds
2018-04-06T22:22:40.601+0200: 0,552: Total time for which application threads were stopped: 0,0001837 seconds, Stopping threads took: 0,0000265 seconds
2018-04-06T22:22:40.780+0200: 0,732: Total time for which application threads were stopped: 0,0001881 seconds, Stopping threads took: 0,0000279 seconds
2018-04-06T22:22:40.926+0200: 0,877: Total time for which application threads were stopped: 0,0002436 seconds, Stopping threads took: 0,0000264 seconds
2018-04-06T22:22:40.946+0200: 0,897: Total time for which application threads were stopped: 0,0002301 seconds, Stopping threads took: 0,0000267 seconds
2018-04-06T22:22:40.970+0200: 0,921: Total time for which application threads were stopped: 0,0002443 seconds, Stopping threads took: 0,0000356 seconds
2018-04-06T22:22:40.971+0200: 0,922: Total time for which application threads were stopped: 0,0001850 seconds, Stopping threads took: 0,0000233 seconds
2018-04-06T22:22:40.985+0200: 0,936: Total time for which application threads were stopped: 0,0002772 seconds, Stopping threads took: 0,0000577 seconds
2018-04-06T22:22:41.050+0200: 1,001: Total time for which application threads were stopped: 0,0002483 seconds, Stopping threads took: 0,0000210 seconds
{Heap before GC invocations=0 (full 0):
 par new generation   total 109248K, used 87424K [0x00000000e0000000, 0x00000000e8000000, 0x00000000e8000000)
  eden space 87424K, 100% used [0x00000000e0000000, 0x00000000e5560000, 0x00000000e5560000)
  from space 21824K,   0% used [0x00000000e5560000, 0x00000000e5560000, 0x00000000e6ab0000)
  to   space 21824K,   0% used [0x00000000e6ab0000, 0x00000000e6ab0000, 0x00000000e8000000)
 concurrent mark-sweep generation total 393216K, used 0K [0x00000000e8000000, 0x0000000100000000, 0x0000000100000000)
 Metaspace       used 17326K, capacity 17640K, committed 17792K, reserved 1064960K
  class space    used 1973K, capacity 2134K, committed 2176K, reserved 1048576K
2018-04-06T22:22:41.245+0200: 1,196: [GC (Allocation Failure) 2018-04-06T22:22:41.245+0200: 1,196: [ParNew
Desired survivor size 20112992 bytes, new threshold 8 (max 8)
- age   1:   10573712 bytes,   10573712 total
: 87424K->10434K(109248K), 0,0160328 secs] 87424K->10434K(502464K), 0,0161535 secs] [Times: user=0,05 sys=0,00, real=0,02 secs] 
Heap after GC invocations=1 (full 0):
 par new generation   total 109248K, used 10434K [0x00000000e0000000, 0x00000000e8000000, 0x00000000e8000000)
  eden space 87424K,   0% used [0x00000000e0000000, 0x00000000e0000000, 0x00000000e5560000)
  from space 21824K,  47% used [0x00000000e6ab0000, 0x00000000e74e09e0, 0x00000000e8000000)
  to   space 21824K,   0% used [0x00000000e5560000, 0x00000000e5560000, 0x00000000e6ab0000)
 concurrent mark-sweep generation total 393216K, used 0K [0x00000000e8000000, 0x0000000100000000, 0x0000000100000000)
 Metaspace       used 17326K, capacity 17640K, committed 17792K, reserved 1064960K
  class space    used 1973K, capacity 2134K, committed 2176K, reserved 1048576K
}
2018-04-06T22:22:41.261+0200: 1,213: Total time for which application threads were stopped: 0,0163578 seconds, Stopping threads took: 0,0000558 seconds
2018-04-06T22:22:41.272+0200: 1,223: Total time for which application threads were stopped: 0,0003444 seconds, Stopping threads took: 0,0001290 seconds
2018-04-06T22:22:41.626+0200: 1,577: Total time for which application threads were stopped: 0,0004361 seconds, Stopping threads took: 0,0000434 seconds
{Heap before GC invocations=1 (full 0):
 par new generation   total 109248K, used 97858K [0x00000000e0000000, 0x00000000e8000000, 0x00000000e8000000)
  eden space 87424K, 100% used [0x00000000e0000000, 0x00000000e5560000, 0x00000000e5560000)
  from space 21824K,  47% used [0x00000000e6ab0000, 0x00000000e74e09e0, 0x00000000e8000000)
  to   space 21824K,   0% used [0x00000000e5560000, 0x00000000e5560000, 0x00000000e6ab0000)
 concurrent mark-sweep generation total 393216K, used 0K [0x00000000e8000000, 0x0000000100000000, 0x0000000100000000)
 Metaspace       used 20092K, capacity 20440K, committed 20736K, reserved 1067008K
  class space    used 2299K, capacity 2472K, committed 2560K, reserved 1048576K
2018-04-06T22:22:41.675+0200: 1,626: [GC (Allocation Failure) 2018-04-06T22:22:41.675+0200: 1,626: [ParNew
Desired survivor size 20112992 bytes, new threshold 8 (max 8)
- age   1:    4266368 bytes,    4266368 total
- age   2:    5359128 bytes,    9625496 total
: 97858K->11722K(109248K), 0,0114146 secs] 97858K->11722K(502464K), 0,0115031 secs] [Times: user=0,03 sys=0,01, real=0,01 secs] 
Heap after GC invocations=2 (full 0):
 par new generation   total 109248K, used 11722K [0x00000000e0000000, 0x00000000e8000000, 0x00000000e8000000)
  eden space 87424K,   0% used [0x00000000e0000000, 0x00000000e0000000, 0x00000000e5560000)
  from space 21824K,  53% used [0x00000000e5560000, 0x00000000e60d2a60, 0x00000000e6ab0000)
  to   space 21824K,   0% used [0x00000000e6ab0000, 0x00000000e6ab0000, 0x00000000e8000000)
 concurrent mark-sweep generation total 393216K, used 0K [0x00000000e8000000, 0x0000000100000000, 0x0000000100000000)
 Metaspace       used 20092K, capacity 20440K, committed 20736K, reserved 1067008K
  class space    used 2299K, capacity 2472K, committed 2560K, reserved 1048576K
}
2018-04-06T22:22:41.686+0200: 1,638: Total time for which application threads were stopped: 0,0117306 seconds, Stopping threads took: 0,0000511 seconds
2018-04-06T22:22:41.691+0200: 1,643: Total time for which application threads were stopped: 0,0003390 seconds, Stopping threads took: 0,0000730 seconds
2018-04-06T22:22:41.721+0200: 1,672: Total time for which application threads were stopped: 0,0004351 seconds, Stopping threads took: 0,0000661 seconds
2018-04-06T22:22:41.837+0200: 1,788: Total time for which application threads were stopped: 0,0001873 seconds, Stopping threads took: 0,0000426 seconds
{Heap before GC invocations=2 (full 0):
 par new generation   total 109248K, used 99146K [0x00000000e0000000, 0x00000000e8000000, 0x00000000e8000000)
  eden space 87424K, 100% used [0x00000000e0000000, 0x00000000e5560000, 0x00000000e5560000)
  from space 21824K,  53% used [0x00000000e5560000, 0x00000000e60d2a60, 0x00000000e6ab0000)
  to   space 21824K,   0% used [0x00000000e6ab0000, 0x00000000e6ab0000, 0x00000000e8000000)
 concurrent mark-sweep generation total 393216K, used 0K [0x00000000e8000000, 0x0000000100000000, 0x0000000100000000)
 Metaspace       used 21013K, capacity 21368K, committed 21628K, reserved 1069056K
  class space    used 2423K, capacity 2592K, committed 2684K, reserved 1048576K
2018-04-06T22:22:41.895+0200: 1,846: [GC (Allocation Failure) 2018-04-06T22:22:41.895+0200: 1,846: [ParNew
Desired survivor size 20112992 bytes, new threshold 8 (max 8)
- age   1:    2139272 bytes,    2139272 total
- age   2:    1586088 bytes,    3725360 total
- age   3:    5357480 bytes,    9082840 total
: 99146K->13086K(109248K), 0,0096418 secs] 99146K->13086K(502464K), 0,0097254 secs] [Times: user=0,03 sys=0,00, real=0,01 secs] 
Heap after GC invocations=3 (full 0):
 par new generation   total 109248K, used 13086K [0x00000000e0000000, 0x00000000e8000000, 0x00000000e8000000)
  eden space 87424K,   0% used [0x00000000e0000000, 0x00000000e0000000, 0x00000000e5560000)
  from space 21824K,  59% used [0x00000000e6ab0000, 0x00000000e7777b90, 0x00000000e8000000)
  to   space 21824K,   0% used [0x00000000e5560000, 0x00000000e5560000, 0x00000000e6ab0000)
 concurrent mark-sweep generation total 393216K, used 0K [0x00000000e8000000, 0x0000000100000000, 0x0000000100000000)
 Metaspace       used 21013K, capacity 21368K, committed 21628K, reserved 1069056K
  class space    used 2423K, capacity 2592K, committed 2684K, reserved 1048576K
}
2018-04-06T22:22:41.905+0200: 1,856: Total time for which application threads were stopped: 0,0117359 seconds, Stopping threads took: 0,0018630 seconds
2018-04-06T22:22:41.905+0200: 1,856: [GC (CMS Initial Mark) [1 CMS-initial-mark: 0K(393216K)] 13102K(502464K), 0,0027707 secs] [Times: user=0,01 sys=0,00, real=0,00 secs] 
2018-04-06T22:22:41.908+0200: 1,859: Total time for which application threads were stopped: 0,0029106 seconds, Stopping threads took: 0,0000402 seconds
2018-04-06T22:22:41.908+0200: 1,859: [CMS-concurrent-mark-start]
2018-04-06T22:22:41.908+0200: 1,859: [CMS-concurrent-mark: 0,000/0,000 secs] [Times: user=0,01 sys=0,00, real=0,00 secs] 
2018-04-06T22:22:41.908+0200: 1,859: [CMS-concurrent-preclean-start]
2018-04-06T22:22:41.909+0200: 1,860: [CMS-concurrent-preclean: 0,001/0,001 secs] [Times: user=0,00 sys=0,00, real=0,01 secs] 
2018-04-06T22:22:41.910+0200: 1,861: [GC (CMS Final Remark) [YG occupancy: 14475 K (109248 K)]{Heap before GC invocations=3 (full 1):
 par new generation   total 109248K, used 14475K [0x00000000e0000000, 0x00000000e8000000, 0x00000000e8000000)
  eden space 87424K,   1% used [0x00000000e0000000, 0x00000000e015b250, 0x00000000e5560000)
  from space 21824K,  59% used [0x00000000e6ab0000, 0x00000000e7777b90, 0x00000000e8000000)
  to   space 21824K,   0% used [0x00000000e5560000, 0x00000000e5560000, 0x00000000e6ab0000)
 concurrent mark-sweep generation total 393216K, used 0K [0x00000000e8000000, 0x0000000100000000, 0x0000000100000000)
 Metaspace       used 21015K, capacity 21368K, committed 21628K, reserved 1069056K
  class space    used 2423K, capacity 2592K, committed 2684K, reserved 1048576K
2018-04-06T22:22:41.910+0200: 1,861: [GC (CMS Final Remark) 2018-04-06T22:22:41.910+0200: 1,861: [ParNew
Desired survivor size 20112992 bytes, new threshold 8 (max 8)
- age   1:      43944 bytes,      43944 total
- age   2:    1994432 bytes,    2038376 total
- age   3:    1586016 bytes,    3624392 total
- age   4:    5357624 bytes,    8982016 total
: 14475K->12391K(109248K), 0,0205516 secs] 14475K->12391K(502464K), 0,0206062 secs] [Times: user=0,07 sys=0,00, real=0,02 secs] 
Heap after GC invocations=4 (full 1):
 par new generation   total 109248K, used 12391K [0x00000000e0000000, 0x00000000e8000000, 0x00000000e8000000)
  eden space 87424K,   0% used [0x00000000e0000000, 0x00000000e0000000, 0x00000000e5560000)
  from space 21824K,  56% used [0x00000000e5560000, 0x00000000e6179d88, 0x00000000e6ab0000)
  to   space 21824K,   0% used [0x00000000e6ab0000, 0x00000000e6ab0000, 0x00000000e8000000)
 concurrent mark-sweep generation total 393216K, used 0K [0x00000000e8000000, 0x0000000100000000, 0x0000000100000000)
 Metaspace       used 21015K, capacity 21368K, committed 21628K, reserved 1069056K
  class space    used 2423K, capacity 2592K, committed 2684K, reserved 1048576K
}
2018-04-06T22:22:41.930+0200: 1,882: [Rescan (parallel) , 0,0044299 secs]2018-04-06T22:22:41.935+0200: 1,886: [weak refs processing, 0,0019790 secs]2018-04-06T22:22:41.937+0200: 1,888: [class unloading, 0,0040568 secs]2018-04-06T22:22:41.941+0200: 1,892: [scrub symbol table, 0,0044834 secs]2018-04-06T22:22:41.945+0200: 1,897: [scrub string table, 0,0004621 secs][1 CMS-remark: 0K(393216K)] 12391K(502464K), 0,0371855 secs] [Times: user=0,11 sys=0,00, real=0,03 secs] 
2018-04-06T22:22:41.947+0200: 1,898: Total time for which application threads were stopped: 0,0373408 seconds, Stopping threads took: 0,0000526 seconds
2018-04-06T22:22:41.947+0200: 1,898: [CMS-concurrent-sweep-start]
2018-04-06T22:22:41.947+0200: 1,898: [CMS-concurrent-sweep: 0,000/0,000 secs] [Times: user=0,00 sys=0,00, real=0,00 secs] 
2018-04-06T22:22:41.947+0200: 1,898: [CMS-concurrent-reset-start]
2018-04-06T22:22:41.950+0200: 1,901: [CMS-concurrent-reset: 0,003/0,003 secs] [Times: user=0,01 sys=0,01, real=0,01 secs] 
{Heap before GC invocations=4 (full 1):
 par new generation   total 109248K, used 99815K [0x00000000e0000000, 0x00000000e8000000, 0x00000000e8000000)
  eden space 87424K, 100% used [0x00000000e0000000, 0x00000000e5560000, 0x00000000e5560000)
  from space 21824K,  56% used [0x00000000e5560000, 0x00000000e6179d88, 0x00000000e6ab0000)
  to   space 21824K,   0% used [0x00000000e6ab0000, 0x00000000e6ab0000, 0x00000000e8000000)
 concurrent mark-sweep generation total 393216K, used 0K [0x00000000e8000000, 0x0000000100000000, 0x0000000100000000)
 Metaspace       used 21250K, capacity 21574K, committed 21884K, reserved 1069056K
  class space    used 2453K, capacity 2606K, committed 2684K, reserved 1048576K
2018-04-06T22:22:42.040+0200: 1,991: [GC (Allocation Failure) 2018-04-06T22:22:42.040+0200: 1,991: [ParNew
Desired survivor size 20112992 bytes, new threshold 8 (max 8)
- age   1:     944368 bytes,     944368 total
- age   2:        560 bytes,     944928 total
- age   3:    1474696 bytes,    2419624 total
- age   4:    1580440 bytes,    4000064 total
- age   5:    5357344 bytes,    9357408 total
: 99815K->10498K(109248K), 0,0118715 secs] 99815K->10498K(502464K), 0,0119531 secs] [Times: user=0,03 sys=0,00, real=0,02 secs] 
Heap after GC invocations=5 (full 1):
 par new generation   total 109248K, used 10498K [0x00000000e0000000, 0x00000000e8000000, 0x00000000e8000000)
  eden space 87424K,   0% used [0x00000000e0000000, 0x00000000e0000000, 0x00000000e5560000)
  from space 21824K,  48% used [0x00000000e6ab0000, 0x00000000e74f0a00, 0x00000000e8000000)
  to   space 21824K,   0% used [0x00000000e5560000, 0x00000000e5560000, 0x00000000e6ab0000)
 concurrent mark-sweep generation total 393216K, used 0K [0x00000000e8000000, 0x0000000100000000, 0x0000000100000000)
 Metaspace       used 21250K, capacity 21574K, committed 21884K, reserved 1069056K
  class space    used 2453K, capacity 2606K, committed 2684K, reserved 1048576K
}
2018-04-06T22:22:42.052+0200: 2,003: Total time for which application threads were stopped: 0,0122123 seconds, Stopping threads took: 0,0000856 seconds
{Heap before GC invocations=5 (full 1):
 par new generation   total 109248K, used 97922K [0x00000000e0000000, 0x00000000e8000000, 0x00000000e8000000)
  eden space 87424K, 100% used [0x00000000e0000000, 0x00000000e5560000, 0x00000000e5560000)
  from space 21824K,  48% used [0x00000000e6ab0000, 0x00000000e74f0a00, 0x00000000e8000000)
  to   space 21824K,   0% used [0x00000000e5560000, 0x00000000e5560000, 0x00000000e6ab0000)
 concurrent mark-sweep generation total 393216K, used 0K [0x00000000e8000000, 0x0000000100000000, 0x0000000100000000)
 Metaspace       used 21418K, capacity 21810K, committed 21884K, reserved 1069056K
  class space    used 2472K, capacity 2640K, committed 2684K, reserved 1048576K
2018-04-06T22:22:42.157+0200: 2,108: [GC (Allocation Failure) 2018-04-06T22:22:42.157+0200: 2,109: [ParNew
Desired survivor size 20112992 bytes, new threshold 8 (max 8)
- age   1:     593864 bytes,     593864 total
- age   2:     187984 bytes,     781848 total
- age   3:        560 bytes,     782408 total
- age   4:    1474528 bytes,    2256936 total
- age   5:    1578424 bytes,    3835360 total
- age   6:    5357264 bytes,    9192624 total
: 97922K->12030K(109248K), 0,0122105 secs] 97922K->12030K(502464K), 0,0123040 secs] [Times: user=0,03 sys=0,00, real=0,02 secs] 
Heap after GC invocations=6 (full 1):
 par new generation   total 109248K, used 12030K [0x00000000e0000000, 0x00000000e8000000, 0x00000000e8000000)
  eden space 87424K,   0% used [0x00000000e0000000, 0x00000000e0000000, 0x00000000e5560000)
  from space 21824K,  55% used [0x00000000e5560000, 0x00000000e611f830, 0x00000000e6ab0000)
  to   space 21824K,   0% used [0x00000000e6ab0000, 0x00000000e6ab0000, 0x00000000e8000000)
 concurrent mark-sweep generation total 393216K, used 0K [0x00000000e8000000, 0x0000000100000000, 0x0000000100000000)
 Metaspace       used 21418K, capacity 21810K, committed 21884K, reserved 1069056K
  class space    used 2472K, capacity 2640K, committed 2684K, reserved 1048576K
}
2018-04-06T22:22:42.170+0200: 2,121: Total time for which application threads were stopped: 0,0125435 seconds, Stopping threads took: 0,0000590 seconds
2018-04-06T22:22:42.223+0200: 2,174: Total time for which application threads were stopped: 0,0003702 seconds, Stopping threads took: 0,0000326 seconds
2018-04-06T22:22:42.492+0200: 2,443: Total time for which application threads were stopped: 0,0005174 seconds, Stopping threads took: 0,0000615 seconds
2018-04-06T22:22:42.505+0200: 2,456: Total time for which application threads were stopped: 0,0004115 seconds, Stopping threads took: 0,0000631 seconds
{Heap before GC invocations=6 (full 1):
 par new generation   total 109248K, used 99454K [0x00000000e0000000, 0x00000000e8000000, 0x00000000e8000000)
  eden space 87424K, 100% used [0x00000000e0000000, 0x00000000e5560000, 0x00000000e5560000)
  from space 21824K,  55% used [0x00000000e5560000, 0x00000000e611f830, 0x00000000e6ab0000)
  to   space 21824K,   0% used [0x00000000e6ab0000, 0x00000000e6ab0000, 0x00000000e8000000)
 concurrent mark-sweep generation total 393216K, used 0K [0x00000000e8000000, 0x0000000100000000, 0x0000000100000000)
 Metaspace       used 25481K, capacity 26084K, committed 26236K, reserved 1073152K
  class space    used 2954K, capacity 3155K, committed 3196K, reserved 1048576K
2018-04-06T22:22:42.848+0200: 2,799: [GC (Allocation Failure) 2018-04-06T22:22:42.848+0200: 2,799: [ParNew
Desired survivor size 20112992 bytes, new threshold 8 (max 8)
- age   1:    6035184 bytes,    6035184 total
- age   2:     113592 bytes,    6148776 total
- age   3:     181368 bytes,    6330144 total
- age   4:        536 bytes,    6330680 total
- age   5:     303392 bytes,    6634072 total
- age   6:    1558408 bytes,    8192480 total
- age   7:    5350464 bytes,   13542944 total
: 99454K->16114K(109248K), 0,0215876 secs] 99454K->16114K(502464K), 0,0216508 secs] [Times: user=0,06 sys=0,00, real=0,03 secs] 
Heap after GC invocations=7 (full 1):
 par new generation   total 109248K, used 16114K [0x00000000e0000000, 0x00000000e8000000, 0x00000000e8000000)
  eden space 87424K,   0% used [0x00000000e0000000, 0x00000000e0000000, 0x00000000e5560000)
  from space 21824K,  73% used [0x00000000e6ab0000, 0x00000000e7a6c940, 0x00000000e8000000)
  to   space 21824K,   0% used [0x00000000e5560000, 0x00000000e5560000, 0x00000000e6ab0000)
 concurrent mark-sweep generation total 393216K, used 0K [0x00000000e8000000, 0x0000000100000000, 0x0000000100000000)
 Metaspace       used 25481K, capacity 26084K, committed 26236K, reserved 1073152K
  class space    used 2954K, capacity 3155K, committed 3196K, reserved 1048576K
}
2018-04-06T22:22:42.870+0200: 2,821: Total time for which application threads were stopped: 0,0219027 seconds, Stopping threads took: 0,0000528 seconds
2018-04-06T22:22:42.964+0200: 2,915: Total time for which application threads were stopped: 0,0006211 seconds, Stopping threads took: 0,0000641 seconds
2018-04-06T22:22:42.987+0200: 2,938: Total time for which application threads were stopped: 0,0006024 seconds, Stopping threads took: 0,0000551 seconds
2018-04-06T22:22:43.058+0200: 3,009: Total time for which application threads were stopped: 0,0006447 seconds, Stopping threads took: 0,0000576 seconds
2018-04-06T22:22:43.181+0200: 3,132: Total time for which application threads were stopped: 0,0006568 seconds, Stopping threads took: 0,0001626 seconds
{Heap before GC invocations=7 (full 1):
 par new generation   total 109248K, used 103538K [0x00000000e0000000, 0x00000000e8000000, 0x00000000e8000000)
  eden space 87424K, 100% used [0x00000000e0000000, 0x00000000e5560000, 0x00000000e5560000)
  from space 21824K,  73% used [0x00000000e6ab0000, 0x00000000e7a6c940, 0x00000000e8000000)
  to   space 21824K,   0% used [0x00000000e5560000, 0x00000000e5560000, 0x00000000e6ab0000)
 concurrent mark-sweep generation total 393216K, used 0K [0x00000000e8000000, 0x0000000100000000, 0x0000000100000000)
 Metaspace       used 27995K, capacity 28596K, committed 28796K, reserved 1075200K
  class space    used 3227K, capacity 3425K, committed 3452K, reserved 1048576K
2018-04-06T22:22:43.304+0200: 3,255: [GC (Allocation Failure) 2018-04-06T22:22:43.304+0200: 3,256: [ParNew
Desired survivor size 20112992 bytes, new threshold 8 (max 8)
- age   1:   12383752 bytes,   12383752 total
- age   2:    2460592 bytes,   14844344 total
- age   3:     113592 bytes,   14957936 total
- age   4:     181192 bytes,   15139128 total
- age   5:        536 bytes,   15139664 total
- age   6:     303136 bytes,   15442800 total
- age   7:    1461328 bytes,   16904128 total
- age   8:    5338808 bytes,   22242936 total
: 103538K->21824K(109248K), 0,0331198 secs] 103538K->22981K(502464K), 0,0332082 secs] [Times: user=0,12 sys=0,00, real=0,03 secs] 
Heap after GC invocations=8 (full 1):
 par new generation   total 109248K, used 21824K [0x00000000e0000000, 0x00000000e8000000, 0x00000000e8000000)
  eden space 87424K,   0% used [0x00000000e0000000, 0x00000000e0000000, 0x00000000e5560000)
  from space 21824K, 100% used [0x00000000e5560000, 0x00000000e6ab0000, 0x00000000e6ab0000)
  to   space 21824K,   0% used [0x00000000e6ab0000, 0x00000000e6ab0000, 0x00000000e8000000)
 concurrent mark-sweep generation total 393216K, used 1157K [0x00000000e8000000, 0x0000000100000000, 0x0000000100000000)
 Metaspace       used 27995K, capacity 28596K, committed 28796K, reserved 1075200K
  class space    used 3227K, capacity 3425K, committed 3452K, reserved 1048576K
}
2018-04-06T22:22:43.338+0200: 3,289: Total time for which application threads were stopped: 0,0335015 seconds, Stopping threads took: 0,0000969 seconds
{Heap before GC invocations=8 (full 1):
 par new generation   total 109248K, used 109241K [0x00000000e0000000, 0x00000000e8000000, 0x00000000e8000000)
  eden space 87424K,  99% used [0x00000000e0000000, 0x00000000e555e7b0, 0x00000000e5560000)
  from space 21824K, 100% used [0x00000000e5560000, 0x00000000e6ab0000, 0x00000000e6ab0000)
  to   space 21824K,   0% used [0x00000000e6ab0000, 0x00000000e6ab0000, 0x00000000e8000000)
 concurrent mark-sweep generation total 393216K, used 1157K [0x00000000e8000000, 0x0000000100000000, 0x0000000100000000)
 Metaspace       used 28052K, capacity 28688K, committed 28796K, reserved 1075200K
  class space    used 3230K, capacity 3430K, committed 3452K, reserved 1048576K
2018-04-06T22:22:43.431+0200: 3,383: [GC (Allocation Failure) 2018-04-06T22:22:43.432+0200: 3,383: [ParNew
Desired survivor size 20112992 bytes, new threshold 8 (max 8)
- age   1:    1145440 bytes,    1145440 total
- age   2:   10848936 bytes,   11994376 total
- age   3:    2392752 bytes,   14387128 total
- age   4:     113592 bytes,   14500720 total
- age   5:     180968 bytes,   14681688 total
- age   6:        536 bytes,   14682224 total
- age   7:     302592 bytes,   14984816 total
- age   8:    1461328 bytes,   16446144 total
: 109241K->21824K(109248K), 0,0499222 secs] 110398K->28411K(502464K), 0,0500380 secs] [Times: user=0,19 sys=0,00, real=0,05 secs] 
Heap after GC invocations=9 (full 1):
 par new generation   total 109248K, used 21824K [0x00000000e0000000, 0x00000000e8000000, 0x00000000e8000000)
  eden space 87424K,   0% used [0x00000000e0000000, 0x00000000e0000000, 0x00000000e5560000)
  from space 21824K, 100% used [0x00000000e6ab0000, 0x00000000e8000000, 0x00000000e8000000)
  to   space 21824K,   0% used [0x00000000e5560000, 0x00000000e5560000, 0x00000000e6ab0000)
 concurrent mark-sweep generation total 393216K, used 6587K [0x00000000e8000000, 0x0000000100000000, 0x0000000100000000)
 Metaspace       used 28052K, capacity 28688K, committed 28796K, reserved 1075200K
  class space    used 3230K, capacity 3430K, committed 3452K, reserved 1048576K
}
2018-04-06T22:22:43.482+0200: 3,433: Total time for which application threads were stopped: 0,0504009 seconds, Stopping threads took: 0,0001137 seconds
2018-04-06T22:22:43.635+0200: 3,586: Total time for which application threads were stopped: 0,0002567 seconds, Stopping threads took: 0,0000592 seconds
{Heap before GC invocations=9 (full 1):
 par new generation   total 109248K, used 109248K [0x00000000e0000000, 0x00000000e8000000, 0x00000000e8000000)
  eden space 87424K, 100% used [0x00000000e0000000, 0x00000000e5560000, 0x00000000e5560000)
  from space 21824K, 100% used [0x00000000e6ab0000, 0x00000000e8000000, 0x00000000e8000000)
  to   space 21824K,   0% used [0x00000000e5560000, 0x00000000e5560000, 0x00000000e6ab0000)
 concurrent mark-sweep generation total 393216K, used 6588K [0x00000000e8000000, 0x0000000100000000, 0x0000000100000000)
 Metaspace       used 28123K, capacity 28768K, committed 29052K, reserved 1075200K
  class space    used 3232K, capacity 3433K, committed 3452K, reserved 1048576K
2018-04-06T22:22:43.635+0200: 3,586: [GC (Allocation Failure) 2018-04-06T22:22:43.635+0200: 3,586: [ParNew
Desired survivor size 20112992 bytes, new threshold 8 (max 8)
- age   1:    1020816 bytes,    1020816 total
- age   2:     169712 bytes,    1190528 total
- age   3:   10847000 bytes,   12037528 total
- age   4:    2392752 bytes,   14430280 total
- age   5:     113592 bytes,   14543872 total
- age   6:     180968 bytes,   14724840 total
- age   7:        536 bytes,   14725376 total
- age   8:     302592 bytes,   15027968 total
: 109248K->17763K(109248K), 0,0266952 secs] 115836K->25792K(502464K), 0,0267927 secs] [Times: user=0,10 sys=0,00, real=0,03 secs] 
Heap after GC invocations=10 (full 1):
 par new generation   total 109248K, used 17763K [0x00000000e0000000, 0x00000000e8000000, 0x00000000e8000000)
  eden space 87424K,   0% used [0x00000000e0000000, 0x00000000e0000000, 0x00000000e5560000)
  from space 21824K,  81% used [0x00000000e5560000, 0x00000000e66b8c80, 0x00000000e6ab0000)
  to   space 21824K,   0% used [0x00000000e6ab0000, 0x00000000e6ab0000, 0x00000000e8000000)
 concurrent mark-sweep generation total 393216K, used 8029K [0x00000000e8000000, 0x0000000100000000, 0x0000000100000000)
 Metaspace       used 28123K, capacity 28768K, committed 29052K, reserved 1075200K
  class space    used 3232K, capacity 3433K, committed 3452K, reserved 1048576K
}
2018-04-06T22:22:43.662+0200: 3,613: Total time for which application threads were stopped: 0,0270193 seconds, Stopping threads took: 0,0000423 seconds
{Heap before GC invocations=10 (full 1):
 par new generation   total 109248K, used 18558K [0x00000000e0000000, 0x00000000e8000000, 0x00000000e8000000)
  eden space 87424K,   0% used [0x00000000e0000000, 0x00000000e00c6c70, 0x00000000e5560000)
  from space 21824K,  81% used [0x00000000e5560000, 0x00000000e66b8c80, 0x00000000e6ab0000)
  to   space 21824K,   0% used [0x00000000e6ab0000, 0x00000000e6ab0000, 0x00000000e8000000)
 concurrent mark-sweep generation total 393216K, used 8029K [0x00000000e8000000, 0x0000000100000000, 0x0000000100000000)
 Metaspace       used 28123K, capacity 28768K, committed 29052K, reserved 1075200K
  class space    used 3232K, capacity 3433K, committed 3452K, reserved 1048576K
2018-04-06T22:22:43.663+0200: 3,614: [GC (GCLocker Initiated GC) 2018-04-06T22:22:43.663+0200: 3,614: [ParNew
Desired survivor size 20112992 bytes, new threshold 8 (max 8)
- age   1:       3752 bytes,       3752 total
- age   2:    1008496 bytes,    1012248 total
- age   3:     169712 bytes,    1181960 total
- age   4:   10847000 bytes,   12028960 total
- age   5:    2392752 bytes,   14421712 total
- age   6:     113592 bytes,   14535304 total
- age   7:     180968 bytes,   14716272 total
- age   8:        536 bytes,   14716808 total
: 18558K->21539K(109248K), 0,0265011 secs] 26587K->29871K(502464K), 0,0266182 secs] [Times: user=0,10 sys=0,01, real=0,03 secs] 
Heap after GC invocations=11 (full 1):
 par new generation   total 109248K, used 21539K [0x00000000e0000000, 0x00000000e8000000, 0x00000000e8000000)
  eden space 87424K,   0% used [0x00000000e0000000, 0x00000000e0000000, 0x00000000e5560000)
  from space 21824K,  98% used [0x00000000e6ab0000, 0x00000000e7fb8fc0, 0x00000000e8000000)
  to   space 21824K,   0% used [0x00000000e5560000, 0x00000000e5560000, 0x00000000e6ab0000)
 concurrent mark-sweep generation total 393216K, used 8331K [0x00000000e8000000, 0x0000000100000000, 0x0000000100000000)
 Metaspace       used 28123K, capacity 28768K, committed 29052K, reserved 1075200K
  class space    used 3232K, capacity 3433K, committed 3452K, reserved 1048576K
}
2018-04-06T22:22:43.689+0200: 3,640: Total time for which application threads were stopped: 0,0268505 seconds, Stopping threads took: 0,0000501 seconds
2018-04-06T22:22:44.098+0200: 4,049: Total time for which application threads were stopped: 0,0004896 seconds, Stopping threads took: 0,0000221 seconds
2018-04-06T22:22:47.447+0200: 7,398: Total time for which application threads were stopped: 0,0000931 seconds, Stopping threads took: 0,0000235 seconds
2018-04-06T22:22:47.452+0200: 7,403: Total time for which application threads were stopped: 0,0001452 seconds, Stopping threads took: 0,0000426 seconds
2018-04-06T22:22:47.479+0200: 7,430: Total time for which application threads were stopped: 0,0004176 seconds, Stopping threads took: 0,0000227 seconds
2018-04-06T22:22:47.500+0200: 7,451: Total time for which application threads were stopped: 0,0001249 seconds, Stopping threads took: 0,0000431 seconds
2018-04-06T22:22:47.500+0200: 7,451: Total time for which application threads were stopped: 0,0000806 seconds, Stopping threads took: 0,0000269 seconds
2018-04-06T22:22:47.579+0200: 7,531: Total time for which application threads were stopped: 0,0001391 seconds, Stopping threads took: 0,0000486 seconds
2018-04-06T22:22:47.586+0200: 7,537: Total time for which application threads were stopped: 0,0015534 seconds, Stopping threads took: 0,0008751 seconds
2018-04-06T22:22:48.498+0200: 8,450: Total time for which application threads were stopped: 0,0001311 seconds, Stopping threads took: 0,0000213 seconds
2018-04-06T22:22:48.567+0200: 8,518: Total time for which application threads were stopped: 0,0001942 seconds, Stopping threads took: 0,0000770 seconds
2018-04-06T22:22:48.685+0200: 8,636: Total time for which application threads were stopped: 0,0001202 seconds, Stopping threads took: 0,0000305 seconds
2018-04-06T22:22:49.686+0200: 9,637: Total time for which application threads were stopped: 0,0008034 seconds, Stopping threads took: 0,0001605 seconds
2018-04-06T22:22:50.686+0200: 10,637: Total time for which application threads were stopped: 0,0005293 seconds, Stopping threads took: 0,0001026 seconds
2018-04-06T22:22:51.304+0200: 11,255: Total time for which application threads were stopped: 0,0005821 seconds, Stopping threads took: 0,0000151 seconds
2018-04-06T22:22:51.307+0200: 11,258: Total time for which application threads were stopped: 0,0000976 seconds, Stopping threads took: 0,0000283 seconds
2018-04-06T22:22:51.308+0200: 11,259: Total time for which application threads were stopped: 0,0001090 seconds, Stopping threads took: 0,0000243 seconds
2018-04-06T22:22:51.337+0200: 11,288: Total time for which application threads were stopped: 0,0001930 seconds, Stopping threads took: 0,0000895 seconds
2018-04-06T22:22:51.341+0200: 11,293: Total time for which application threads were stopped: 0,0007663 seconds, Stopping threads took: 0,0006586 seconds
2018-04-06T22:22:51.342+0200: 11,294: Total time for which application threads were stopped: 0,0001644 seconds, Stopping threads took: 0,0000683 seconds
2018-04-06T22:22:51.344+0200: 11,295: Total time for which application threads were stopped: 0,0001303 seconds, Stopping threads took: 0,0000521 seconds
Heap
 par new generation   total 109248K, used 107511K [0x00000000e0000000, 0x00000000e8000000, 0x00000000e8000000)
  eden space 87424K,  98% used [0x00000000e0000000, 0x00000000e53f4ee8, 0x00000000e5560000)
  from space 21824K,  98% used [0x00000000e6ab0000, 0x00000000e7fb8fc0, 0x00000000e8000000)
  to   space 21824K,   0% used [0x00000000e5560000, 0x00000000e5560000, 0x00000000e6ab0000)
 concurrent mark-sweep generation total 393216K, used 8331K [0x00000000e8000000, 0x0000000100000000, 0x0000000100000000)
 Metaspace       used 30271K, capacity 30964K, committed 31100K, reserved 1077248K
  class space    used 3443K, capacity 3674K, committed 3708K, reserved 1048576K
