OpenJDK 64-Bit Server VM (25.171-b11) for linux-amd64 JRE (1.8.0_171-8u171-b11-0ubuntu0.16.04.1-b11), built on Apr 27 2018 17:19:03 by "buildd" with gcc 5.4.0 20160609
Memory: 4k page, physical 7867600k(540488k free), swap 8076284k(8001368k free)
CommandLine flags: -XX:CMSInitiatingOccupancyFraction=50 -XX:CMSMaxAbortablePrecleanTime=6000 -XX:+CMSParallelRemarkEnabled -XX:+CMSScavengeBeforeRemark -XX:ConcGCThreads=4 -XX:InitialHeapSize=536870912 -XX:MaxHeapSize=536870912 -XX:MaxTenuringThreshold=8 -XX:NewRatio=3 -XX:OldPLABSize=16 -XX:OnOutOfMemoryError=/home/gurnoor/workspace/QTM/solr/bin/oom_solr.sh 8983 /home/gurnoor/workspace/QTM/solr/server/logs -XX:ParallelGCThreads=4 -XX:+ParallelRefProcEnabled -XX:PretenureSizeThreshold=67108864 -XX:+PrintGC -XX:+PrintGCApplicationStoppedTime -XX:+PrintGCDateStamps -XX:+PrintGCDetails -XX:+PrintGCTimeStamps -XX:+PrintHeapAtGC -XX:+PrintTenuringDistribution -XX:SurvivorRatio=4 -XX:TargetSurvivorRatio=90 -XX:ThreadStackSize=256 -XX:+UseCMSInitiatingOccupancyOnly -XX:+UseCompressedClassPointers -XX:+UseCompressedOops -XX:+UseConcMarkSweepGC -XX:+UseParNewGC 
2018-06-19T14:38:22.717+0200: 0,115: Total time for which application threads were stopped: 0,0000770 seconds, Stopping threads took: 0,0000144 seconds
2018-06-19T14:38:22.784+0200: 0,183: Total time for which application threads were stopped: 0,0001036 seconds, Stopping threads took: 0,0000143 seconds
2018-06-19T14:38:22.793+0200: 0,192: Total time for which application threads were stopped: 0,0000815 seconds, Stopping threads took: 0,0000140 seconds
2018-06-19T14:38:22.909+0200: 0,308: Total time for which application threads were stopped: 0,0001777 seconds, Stopping threads took: 0,0000205 seconds
2018-06-19T14:38:23.065+0200: 0,463: Total time for which application threads were stopped: 0,0001415 seconds, Stopping threads took: 0,0000153 seconds
2018-06-19T14:38:23.109+0200: 0,508: Total time for which application threads were stopped: 0,0001606 seconds, Stopping threads took: 0,0000213 seconds
2018-06-19T14:38:23.127+0200: 0,526: Total time for which application threads were stopped: 0,0001867 seconds, Stopping threads took: 0,0000224 seconds
2018-06-19T14:38:23.322+0200: 0,720: Total time for which application threads were stopped: 0,0001884 seconds, Stopping threads took: 0,0000196 seconds
2018-06-19T14:38:23.464+0200: 0,862: Total time for which application threads were stopped: 0,0002422 seconds, Stopping threads took: 0,0000242 seconds
2018-06-19T14:38:23.484+0200: 0,883: Total time for which application threads were stopped: 0,0001963 seconds, Stopping threads took: 0,0000169 seconds
2018-06-19T14:38:23.509+0200: 0,908: Total time for which application threads were stopped: 0,0002426 seconds, Stopping threads took: 0,0000279 seconds
2018-06-19T14:38:23.510+0200: 0,909: Total time for which application threads were stopped: 0,0002488 seconds, Stopping threads took: 0,0000283 seconds
2018-06-19T14:38:23.522+0200: 0,921: Total time for which application threads were stopped: 0,0002414 seconds, Stopping threads took: 0,0000231 seconds
2018-06-19T14:38:23.589+0200: 0,988: Total time for which application threads were stopped: 0,0002658 seconds, Stopping threads took: 0,0000228 seconds
2018-06-19T14:38:23.739+0200: 1,137: Total time for which application threads were stopped: 0,0004360 seconds, Stopping threads took: 0,0001698 seconds
{Heap before GC invocations=0 (full 0):
 par new generation   total 109248K, used 87424K [0x00000000e0000000, 0x00000000e8000000, 0x00000000e8000000)
  eden space 87424K, 100% used [0x00000000e0000000, 0x00000000e5560000, 0x00000000e5560000)
  from space 21824K,   0% used [0x00000000e5560000, 0x00000000e5560000, 0x00000000e6ab0000)
  to   space 21824K,   0% used [0x00000000e6ab0000, 0x00000000e6ab0000, 0x00000000e8000000)
 concurrent mark-sweep generation total 393216K, used 0K [0x00000000e8000000, 0x0000000100000000, 0x0000000100000000)
 Metaspace       used 17865K, capacity 18184K, committed 18304K, reserved 1064960K
  class space    used 2024K, capacity 2166K, committed 2176K, reserved 1048576K
2018-06-19T14:38:23.779+0200: 1,178: [GC (Allocation Failure) 2018-06-19T14:38:23.779+0200: 1,178: [ParNew
Desired survivor size 20112992 bytes, new threshold 8 (max 8)
- age   1:   11530136 bytes,   11530136 total
: 87424K->11356K(109248K), 0,0118278 secs] 87424K->11356K(502464K), 0,0118880 secs] [Times: user=0,02 sys=0,00, real=0,02 secs] 
Heap after GC invocations=1 (full 0):
 par new generation   total 109248K, used 11356K [0x00000000e0000000, 0x00000000e8000000, 0x00000000e8000000)
  eden space 87424K,   0% used [0x00000000e0000000, 0x00000000e0000000, 0x00000000e5560000)
  from space 21824K,  52% used [0x00000000e6ab0000, 0x00000000e75c71d0, 0x00000000e8000000)
  to   space 21824K,   0% used [0x00000000e5560000, 0x00000000e5560000, 0x00000000e6ab0000)
 concurrent mark-sweep generation total 393216K, used 0K [0x00000000e8000000, 0x0000000100000000, 0x0000000100000000)
 Metaspace       used 17865K, capacity 18184K, committed 18304K, reserved 1064960K
  class space    used 2024K, capacity 2166K, committed 2176K, reserved 1048576K
}
2018-06-19T14:38:23.791+0200: 1,190: Total time for which application threads were stopped: 0,0122226 seconds, Stopping threads took: 0,0001274 seconds
2018-06-19T14:38:24.105+0200: 1,503: Total time for which application threads were stopped: 0,0004600 seconds, Stopping threads took: 0,0000826 seconds
2018-06-19T14:38:24.163+0200: 1,562: Total time for which application threads were stopped: 0,0005081 seconds, Stopping threads took: 0,0002159 seconds
{Heap before GC invocations=1 (full 0):
 par new generation   total 109248K, used 98780K [0x00000000e0000000, 0x00000000e8000000, 0x00000000e8000000)
  eden space 87424K, 100% used [0x00000000e0000000, 0x00000000e5560000, 0x00000000e5560000)
  from space 21824K,  52% used [0x00000000e6ab0000, 0x00000000e75c71d0, 0x00000000e8000000)
  to   space 21824K,   0% used [0x00000000e5560000, 0x00000000e5560000, 0x00000000e6ab0000)
 concurrent mark-sweep generation total 393216K, used 0K [0x00000000e8000000, 0x0000000100000000, 0x0000000100000000)
 Metaspace       used 20150K, capacity 20514K, committed 20736K, reserved 1067008K
  class space    used 2303K, capacity 2477K, committed 2560K, reserved 1048576K
2018-06-19T14:38:24.167+0200: 1,566: [GC (Allocation Failure) 2018-06-19T14:38:24.167+0200: 1,566: [ParNew
Desired survivor size 20112992 bytes, new threshold 8 (max 8)
- age   1:    3290064 bytes,    3290064 total
- age   2:    6003856 bytes,    9293920 total
: 98780K->12626K(109248K), 0,0194324 secs] 98780K->12626K(502464K), 0,0195062 secs] [Times: user=0,05 sys=0,01, real=0,02 secs] 
Heap after GC invocations=2 (full 0):
 par new generation   total 109248K, used 12626K [0x00000000e0000000, 0x00000000e8000000, 0x00000000e8000000)
  eden space 87424K,   0% used [0x00000000e0000000, 0x00000000e0000000, 0x00000000e5560000)
  from space 21824K,  57% used [0x00000000e5560000, 0x00000000e61b4a88, 0x00000000e6ab0000)
  to   space 21824K,   0% used [0x00000000e6ab0000, 0x00000000e6ab0000, 0x00000000e8000000)
 concurrent mark-sweep generation total 393216K, used 0K [0x00000000e8000000, 0x0000000100000000, 0x0000000100000000)
 Metaspace       used 20150K, capacity 20514K, committed 20736K, reserved 1067008K
  class space    used 2303K, capacity 2477K, committed 2560K, reserved 1048576K
}
2018-06-19T14:38:24.187+0200: 1,585: Total time for which application threads were stopped: 0,0197421 seconds, Stopping threads took: 0,0000591 seconds
2018-06-19T14:38:24.218+0200: 1,616: Total time for which application threads were stopped: 0,0010884 seconds, Stopping threads took: 0,0007526 seconds
2018-06-19T14:38:24.353+0200: 1,751: Total time for which application threads were stopped: 0,0002340 seconds, Stopping threads took: 0,0000418 seconds
{Heap before GC invocations=2 (full 0):
 par new generation   total 109248K, used 100050K [0x00000000e0000000, 0x00000000e8000000, 0x00000000e8000000)
  eden space 87424K, 100% used [0x00000000e0000000, 0x00000000e5560000, 0x00000000e5560000)
  from space 21824K,  57% used [0x00000000e5560000, 0x00000000e61b4a88, 0x00000000e6ab0000)
  to   space 21824K,   0% used [0x00000000e6ab0000, 0x00000000e6ab0000, 0x00000000e8000000)
 concurrent mark-sweep generation total 393216K, used 0K [0x00000000e8000000, 0x0000000100000000, 0x0000000100000000)
 Metaspace       used 21014K, capacity 21372K, committed 21552K, reserved 1069056K
  class space    used 2423K, capacity 2596K, committed 2608K, reserved 1048576K
2018-06-19T14:38:24.397+0200: 1,795: [GC (Allocation Failure) 2018-06-19T14:38:24.397+0200: 1,795: [ParNew
Desired survivor size 20112992 bytes, new threshold 8 (max 8)
- age   1:    2081840 bytes,    2081840 total
- age   2:     949000 bytes,    3030840 total
- age   3:    6001800 bytes,    9032640 total
: 100050K->11716K(109248K), 0,0142400 secs] 100050K->11716K(502464K), 0,0143385 secs] [Times: user=0,04 sys=0,01, real=0,02 secs] 
Heap after GC invocations=3 (full 0):
 par new generation   total 109248K, used 11716K [0x00000000e0000000, 0x00000000e8000000, 0x00000000e8000000)
  eden space 87424K,   0% used [0x00000000e0000000, 0x00000000e0000000, 0x00000000e5560000)
  from space 21824K,  53% used [0x00000000e6ab0000, 0x00000000e7621188, 0x00000000e8000000)
  to   space 21824K,   0% used [0x00000000e5560000, 0x00000000e5560000, 0x00000000e6ab0000)
 concurrent mark-sweep generation total 393216K, used 0K [0x00000000e8000000, 0x0000000100000000, 0x0000000100000000)
 Metaspace       used 21014K, capacity 21372K, committed 21552K, reserved 1069056K
  class space    used 2423K, capacity 2596K, committed 2608K, reserved 1048576K
}
2018-06-19T14:38:24.411+0200: 1,810: Total time for which application threads were stopped: 0,0146943 seconds, Stopping threads took: 0,0001737 seconds
2018-06-19T14:38:24.421+0200: 1,820: [GC (CMS Initial Mark) [1 CMS-initial-mark: 0K(393216K)] 18768K(502464K), 0,0049872 secs] [Times: user=0,02 sys=0,00, real=0,01 secs] 
2018-06-19T14:38:24.426+0200: 1,825: Total time for which application threads were stopped: 0,0051847 seconds, Stopping threads took: 0,0000722 seconds
2018-06-19T14:38:24.426+0200: 1,825: [CMS-concurrent-mark-start]
2018-06-19T14:38:24.427+0200: 1,825: [CMS-concurrent-mark: 0,001/0,001 secs] [Times: user=0,00 sys=0,00, real=0,00 secs] 
2018-06-19T14:38:24.427+0200: 1,825: [CMS-concurrent-preclean-start]
2018-06-19T14:38:24.428+0200: 1,827: [CMS-concurrent-preclean: 0,001/0,001 secs] [Times: user=0,00 sys=0,00, real=0,00 secs] 
2018-06-19T14:38:24.428+0200: 1,827: [CMS-concurrent-abortable-preclean-start]
2018-06-19T14:38:24.513+0200: 1,912: Total time for which application threads were stopped: 0,0001978 seconds, Stopping threads took: 0,0001029 seconds
2018-06-19T14:38:24.513+0200: 1,912: [CMS-concurrent-abortable-preclean: 0,069/0,085 secs] [Times: user=0,33 sys=0,00, real=0,09 secs] 
2018-06-19T14:38:24.523+0200: 1,922: [GC (CMS Final Remark) [YG occupancy: 82031 K (109248 K)]{Heap before GC invocations=3 (full 1):
 par new generation   total 109248K, used 82031K [0x00000000e0000000, 0x00000000e8000000, 0x00000000e8000000)
  eden space 87424K,  80% used [0x00000000e0000000, 0x00000000e44aab90, 0x00000000e5560000)
  from space 21824K,  53% used [0x00000000e6ab0000, 0x00000000e7621188, 0x00000000e8000000)
  to   space 21824K,   0% used [0x00000000e5560000, 0x00000000e5560000, 0x00000000e6ab0000)
 concurrent mark-sweep generation total 393216K, used 0K [0x00000000e8000000, 0x0000000100000000, 0x0000000100000000)
 Metaspace       used 21299K, capacity 21666K, committed 21960K, reserved 1069056K
  class space    used 2453K, capacity 2614K, committed 2684K, reserved 1048576K
2018-06-19T14:38:24.523+0200: 1,922: [GC (CMS Final Remark) 2018-06-19T14:38:24.523+0200: 1,922: [ParNew
Desired survivor size 20112992 bytes, new threshold 8 (max 8)
- age   1:    1569568 bytes,    1569568 total
- age   2:    1470304 bytes,    3039872 total
- age   3:     943456 bytes,    3983328 total
- age   4:    6001752 bytes,    9985080 total
: 82031K->11524K(109248K), 0,0102742 secs] 82031K->11524K(502464K), 0,0103154 secs] [Times: user=0,03 sys=0,00, real=0,01 secs] 
Heap after GC invocations=4 (full 1):
 par new generation   total 109248K, used 11524K [0x00000000e0000000, 0x00000000e8000000, 0x00000000e8000000)
  eden space 87424K,   0% used [0x00000000e0000000, 0x00000000e0000000, 0x00000000e5560000)
  from space 21824K,  52% used [0x00000000e5560000, 0x00000000e60a1040, 0x00000000e6ab0000)
  to   space 21824K,   0% used [0x00000000e6ab0000, 0x00000000e6ab0000, 0x00000000e8000000)
 concurrent mark-sweep generation total 393216K, used 0K [0x00000000e8000000, 0x0000000100000000, 0x0000000100000000)
 Metaspace       used 21299K, capacity 21666K, committed 21960K, reserved 1069056K
  class space    used 2453K, capacity 2614K, committed 2684K, reserved 1048576K
}
2018-06-19T14:38:24.533+0200: 1,932: [Rescan (parallel) , 0,0031793 secs]2018-06-19T14:38:24.537+0200: 1,935: [weak refs processing, 0,0012758 secs]2018-06-19T14:38:24.538+0200: 1,936: [class unloading, 0,0029708 secs]2018-06-19T14:38:24.541+0200: 1,939: [scrub symbol table, 0,0027218 secs]2018-06-19T14:38:24.544+0200: 1,942: [scrub string table, 0,0004188 secs][1 CMS-remark: 0K(393216K)] 11524K(502464K), 0,0216309 secs] [Times: user=0,06 sys=0,00, real=0,02 secs] 
2018-06-19T14:38:24.545+0200: 1,943: Total time for which application threads were stopped: 0,0218080 seconds, Stopping threads took: 0,0000829 seconds
2018-06-19T14:38:24.545+0200: 1,943: [CMS-concurrent-sweep-start]
2018-06-19T14:38:24.545+0200: 1,943: [CMS-concurrent-sweep: 0,000/0,000 secs] [Times: user=0,00 sys=0,00, real=0,00 secs] 
2018-06-19T14:38:24.545+0200: 1,943: [CMS-concurrent-reset-start]
2018-06-19T14:38:24.548+0200: 1,947: [CMS-concurrent-reset: 0,003/0,003 secs] [Times: user=0,00 sys=0,00, real=0,00 secs] 
{Heap before GC invocations=4 (full 1):
 par new generation   total 109248K, used 98948K [0x00000000e0000000, 0x00000000e8000000, 0x00000000e8000000)
  eden space 87424K, 100% used [0x00000000e0000000, 0x00000000e5560000, 0x00000000e5560000)
  from space 21824K,  52% used [0x00000000e5560000, 0x00000000e60a1040, 0x00000000e6ab0000)
  to   space 21824K,   0% used [0x00000000e6ab0000, 0x00000000e6ab0000, 0x00000000e8000000)
 concurrent mark-sweep generation total 393216K, used 0K [0x00000000e8000000, 0x0000000100000000, 0x0000000100000000)
 Metaspace       used 21426K, capacity 21826K, committed 21960K, reserved 1069056K
  class space    used 2473K, capacity 2646K, committed 2684K, reserved 1048576K
2018-06-19T14:38:24.635+0200: 2,034: [GC (Allocation Failure) 2018-06-19T14:38:24.635+0200: 2,034: [ParNew
Desired survivor size 20112992 bytes, new threshold 8 (max 8)
- age   1:    1187784 bytes,    1187784 total
- age   2:     156768 bytes,    1344552 total
- age   3:    1470160 bytes,    2814712 total
- age   4:     943312 bytes,    3758024 total
- age   5:    6001720 bytes,    9759744 total
: 98948K->12698K(109248K), 0,0094554 secs] 98948K->12698K(502464K), 0,0095202 secs] [Times: user=0,03 sys=0,00, real=0,01 secs] 
Heap after GC invocations=5 (full 1):
 par new generation   total 109248K, used 12698K [0x00000000e0000000, 0x00000000e8000000, 0x00000000e8000000)
  eden space 87424K,   0% used [0x00000000e0000000, 0x00000000e0000000, 0x00000000e5560000)
  from space 21824K,  58% used [0x00000000e6ab0000, 0x00000000e7716a20, 0x00000000e8000000)
  to   space 21824K,   0% used [0x00000000e5560000, 0x00000000e5560000, 0x00000000e6ab0000)
 concurrent mark-sweep generation total 393216K, used 0K [0x00000000e8000000, 0x0000000100000000, 0x0000000100000000)
 Metaspace       used 21426K, capacity 21826K, committed 21960K, reserved 1069056K
  class space    used 2473K, capacity 2646K, committed 2684K, reserved 1048576K
}
2018-06-19T14:38:24.645+0200: 2,043: Total time for which application threads were stopped: 0,0100403 seconds, Stopping threads took: 0,0003543 seconds
2018-06-19T14:38:24.694+0200: 2,092: Total time for which application threads were stopped: 0,0003285 seconds, Stopping threads took: 0,0000199 seconds
2018-06-19T14:38:24.952+0200: 2,351: Total time for which application threads were stopped: 0,0005650 seconds, Stopping threads took: 0,0000588 seconds
2018-06-19T14:38:24.965+0200: 2,364: Total time for which application threads were stopped: 0,0004199 seconds, Stopping threads took: 0,0000409 seconds
{Heap before GC invocations=5 (full 1):
 par new generation   total 109248K, used 100122K [0x00000000e0000000, 0x00000000e8000000, 0x00000000e8000000)
  eden space 87424K, 100% used [0x00000000e0000000, 0x00000000e5560000, 0x00000000e5560000)
  from space 21824K,  58% used [0x00000000e6ab0000, 0x00000000e7716a20, 0x00000000e8000000)
  to   space 21824K,   0% used [0x00000000e5560000, 0x00000000e5560000, 0x00000000e6ab0000)
 concurrent mark-sweep generation total 393216K, used 0K [0x00000000e8000000, 0x0000000100000000, 0x0000000100000000)
 Metaspace       used 24938K, capacity 25404K, committed 25724K, reserved 1071104K
  class space    used 2908K, capacity 3089K, committed 3196K, reserved 1048576K
2018-06-19T14:38:25.157+0200: 2,555: [GC (Allocation Failure) 2018-06-19T14:38:25.157+0200: 2,555: [ParNew
Desired survivor size 20112992 bytes, new threshold 8 (max 8)
- age   1:    5062656 bytes,    5062656 total
- age   2:     111152 bytes,    5173808 total
- age   3:     150272 bytes,    5324080 total
- age   4:     297536 bytes,    5621616 total
- age   5:     921240 bytes,    6542856 total
- age   6:    5996040 bytes,   12538896 total
: 100122K->14226K(109248K), 0,0111723 secs] 100122K->14226K(502464K), 0,0112603 secs] [Times: user=0,03 sys=0,01, real=0,01 secs] 
Heap after GC invocations=6 (full 1):
 par new generation   total 109248K, used 14226K [0x00000000e0000000, 0x00000000e8000000, 0x00000000e8000000)
  eden space 87424K,   0% used [0x00000000e0000000, 0x00000000e0000000, 0x00000000e5560000)
  from space 21824K,  65% used [0x00000000e5560000, 0x00000000e6344950, 0x00000000e6ab0000)
  to   space 21824K,   0% used [0x00000000e6ab0000, 0x00000000e6ab0000, 0x00000000e8000000)
 concurrent mark-sweep generation total 393216K, used 0K [0x00000000e8000000, 0x0000000100000000, 0x0000000100000000)
 Metaspace       used 24938K, capacity 25404K, committed 25724K, reserved 1071104K
  class space    used 2908K, capacity 3089K, committed 3196K, reserved 1048576K
}
2018-06-19T14:38:25.168+0200: 2,567: Total time for which application threads were stopped: 0,0115685 seconds, Stopping threads took: 0,0000557 seconds
2018-06-19T14:38:25.364+0200: 2,763: Total time for which application threads were stopped: 0,0004806 seconds, Stopping threads took: 0,0000281 seconds
2018-06-19T14:38:25.381+0200: 2,779: Total time for which application threads were stopped: 0,0005245 seconds, Stopping threads took: 0,0000616 seconds
2018-06-19T14:38:25.445+0200: 2,843: Total time for which application threads were stopped: 0,0004771 seconds, Stopping threads took: 0,0000445 seconds
2018-06-19T14:38:25.559+0200: 2,957: Total time for which application threads were stopped: 0,0008154 seconds, Stopping threads took: 0,0000988 seconds
{Heap before GC invocations=6 (full 1):
 par new generation   total 109248K, used 101650K [0x00000000e0000000, 0x00000000e8000000, 0x00000000e8000000)
  eden space 87424K, 100% used [0x00000000e0000000, 0x00000000e5560000, 0x00000000e5560000)
  from space 21824K,  65% used [0x00000000e5560000, 0x00000000e6344950, 0x00000000e6ab0000)
  to   space 21824K,   0% used [0x00000000e6ab0000, 0x00000000e6ab0000, 0x00000000e8000000)
 concurrent mark-sweep generation total 393216K, used 0K [0x00000000e8000000, 0x0000000100000000, 0x0000000100000000)
 Metaspace       used 28043K, capacity 28652K, committed 28796K, reserved 1075200K
  class space    used 3228K, capacity 3401K, committed 3452K, reserved 1048576K
2018-06-19T14:38:25.697+0200: 3,095: [GC (Allocation Failure) 2018-06-19T14:38:25.697+0200: 3,095: [ParNew
Desired survivor size 20112992 bytes, new threshold 7 (max 8)
- age   1:   12726616 bytes,   12726616 total
- age   2:    2105616 bytes,   14832232 total
- age   3:     111120 bytes,   14943352 total
- age   4:     150112 bytes,   15093464 total
- age   5:     297320 bytes,   15390784 total
- age   6:     912768 bytes,   16303552 total
- age   7:    6054712 bytes,   22358264 total
: 101650K->21824K(109248K), 0,0385643 secs] 101650K->23756K(502464K), 0,0386420 secs] [Times: user=0,14 sys=0,01, real=0,04 secs] 
Heap after GC invocations=7 (full 1):
 par new generation   total 109248K, used 21824K [0x00000000e0000000, 0x00000000e8000000, 0x00000000e8000000)
  eden space 87424K,   0% used [0x00000000e0000000, 0x00000000e0000000, 0x00000000e5560000)
  from space 21824K, 100% used [0x00000000e6ab0000, 0x00000000e8000000, 0x00000000e8000000)
  to   space 21824K,   0% used [0x00000000e5560000, 0x00000000e5560000, 0x00000000e6ab0000)
 concurrent mark-sweep generation total 393216K, used 1932K [0x00000000e8000000, 0x0000000100000000, 0x0000000100000000)
 Metaspace       used 28043K, capacity 28652K, committed 28796K, reserved 1075200K
  class space    used 3228K, capacity 3401K, committed 3452K, reserved 1048576K
}
2018-06-19T14:38:25.735+0200: 3,134: Total time for which application threads were stopped: 0,0389850 seconds, Stopping threads took: 0,0000679 seconds
{Heap before GC invocations=7 (full 1):
 par new generation   total 109248K, used 109248K [0x00000000e0000000, 0x00000000e8000000, 0x00000000e8000000)
  eden space 87424K, 100% used [0x00000000e0000000, 0x00000000e5560000, 0x00000000e5560000)
  from space 21824K, 100% used [0x00000000e6ab0000, 0x00000000e8000000, 0x00000000e8000000)
  to   space 21824K,   0% used [0x00000000e5560000, 0x00000000e5560000, 0x00000000e6ab0000)
 concurrent mark-sweep generation total 393216K, used 1932K [0x00000000e8000000, 0x0000000100000000, 0x0000000100000000)
 Metaspace       used 28091K, capacity 28728K, committed 29052K, reserved 1075200K
  class space    used 3229K, capacity 3403K, committed 3452K, reserved 1048576K
2018-06-19T14:38:25.850+0200: 3,248: [GC (Allocation Failure) 2018-06-19T14:38:25.850+0200: 3,248: [ParNew
Desired survivor size 20112992 bytes, new threshold 8 (max 8)
- age   1:    1129632 bytes,    1129632 total
- age   2:   11609816 bytes,   12739448 total
- age   3:    2105504 bytes,   14844952 total
- age   4:     111120 bytes,   14956072 total
- age   5:     150008 bytes,   15106080 total
- age   6:     297248 bytes,   15403328 total
- age   7:     912768 bytes,   16316096 total
: 109248K->21333K(109248K), 0,0445283 secs] 111180K->29186K(502464K), 0,0446255 secs] [Times: user=0,14 sys=0,00, real=0,05 secs] 
Heap after GC invocations=8 (full 1):
 par new generation   total 109248K, used 21333K [0x00000000e0000000, 0x00000000e8000000, 0x00000000e8000000)
  eden space 87424K,   0% used [0x00000000e0000000, 0x00000000e0000000, 0x00000000e5560000)
  from space 21824K,  97% used [0x00000000e5560000, 0x00000000e6a356b0, 0x00000000e6ab0000)
  to   space 21824K,   0% used [0x00000000e6ab0000, 0x00000000e6ab0000, 0x00000000e8000000)
 concurrent mark-sweep generation total 393216K, used 7852K [0x00000000e8000000, 0x0000000100000000, 0x0000000100000000)
 Metaspace       used 28091K, capacity 28728K, committed 29052K, reserved 1075200K
  class space    used 3229K, capacity 3403K, committed 3452K, reserved 1048576K
}
2018-06-19T14:38:25.895+0200: 3,293: Total time for which application threads were stopped: 0,0449580 seconds, Stopping threads took: 0,0000872 seconds
{Heap before GC invocations=8 (full 1):
 par new generation   total 109248K, used 108757K [0x00000000e0000000, 0x00000000e8000000, 0x00000000e8000000)
  eden space 87424K, 100% used [0x00000000e0000000, 0x00000000e5560000, 0x00000000e5560000)
  from space 21824K,  97% used [0x00000000e5560000, 0x00000000e6a356b0, 0x00000000e6ab0000)
  to   space 21824K,   0% used [0x00000000e6ab0000, 0x00000000e6ab0000, 0x00000000e8000000)
 concurrent mark-sweep generation total 393216K, used 7852K [0x00000000e8000000, 0x0000000100000000, 0x0000000100000000)
 Metaspace       used 28128K, capacity 28754K, committed 29052K, reserved 1075200K
  class space    used 3232K, capacity 3408K, committed 3452K, reserved 1048576K
2018-06-19T14:38:25.971+0200: 3,370: [GC (Allocation Failure) 2018-06-19T14:38:25.971+0200: 3,370: [ParNew
Desired survivor size 20112992 bytes, new threshold 8 (max 8)
- age   1:     646920 bytes,     646920 total
- age   2:     919880 bytes,    1566800 total
- age   3:   11609816 bytes,   13176616 total
- age   4:    2105504 bytes,   15282120 total
- age   5:     111120 bytes,   15393240 total
- age   6:     149904 bytes,   15543144 total
- age   7:     297248 bytes,   15840392 total
- age   8:     912768 bytes,   16753160 total
: 108757K->20099K(109248K), 0,0193654 secs] 116610K->27952K(502464K), 0,0194579 secs] [Times: user=0,07 sys=0,00, real=0,02 secs] 
Heap after GC invocations=9 (full 1):
 par new generation   total 109248K, used 20099K [0x00000000e0000000, 0x00000000e8000000, 0x00000000e8000000)
  eden space 87424K,   0% used [0x00000000e0000000, 0x00000000e0000000, 0x00000000e5560000)
  from space 21824K,  92% used [0x00000000e6ab0000, 0x00000000e7e50d30, 0x00000000e8000000)
  to   space 21824K,   0% used [0x00000000e5560000, 0x00000000e5560000, 0x00000000e6ab0000)
 concurrent mark-sweep generation total 393216K, used 7852K [0x00000000e8000000, 0x0000000100000000, 0x0000000100000000)
 Metaspace       used 28128K, capacity 28754K, committed 29052K, reserved 1075200K
  class space    used 3232K, capacity 3408K, committed 3452K, reserved 1048576K
}
2018-06-19T14:38:25.991+0200: 3,389: Total time for which application threads were stopped: 0,0197435 seconds, Stopping threads took: 0,0000632 seconds
2018-06-19T14:38:26.661+0200: 4,059: Total time for which application threads were stopped: 0,0006125 seconds, Stopping threads took: 0,0000287 seconds
2018-06-19T14:38:34.620+0200: 12,018: Total time for which application threads were stopped: 0,0001452 seconds, Stopping threads took: 0,0000483 seconds
2018-06-19T14:38:34.620+0200: 12,019: Total time for which application threads were stopped: 0,0001201 seconds, Stopping threads took: 0,0000274 seconds
2018-06-19T14:38:34.621+0200: 12,019: Total time for which application threads were stopped: 0,0000668 seconds, Stopping threads took: 0,0000096 seconds
2018-06-19T14:38:34.622+0200: 12,020: Total time for which application threads were stopped: 0,0001405 seconds, Stopping threads took: 0,0000532 seconds
2018-06-19T14:38:34.622+0200: 12,020: Total time for which application threads were stopped: 0,0000518 seconds, Stopping threads took: 0,0000141 seconds
2018-06-19T14:38:34.622+0200: 12,021: Total time for which application threads were stopped: 0,0000393 seconds, Stopping threads took: 0,0000104 seconds
2018-06-19T14:38:34.623+0200: 12,021: Total time for which application threads were stopped: 0,0002088 seconds, Stopping threads took: 0,0000878 seconds
2018-06-19T14:38:34.627+0200: 12,026: Total time for which application threads were stopped: 0,0006072 seconds, Stopping threads took: 0,0001936 seconds
2018-06-19T14:38:34.629+0200: 12,027: Total time for which application threads were stopped: 0,0006565 seconds, Stopping threads took: 0,0001470 seconds
2018-06-19T14:38:34.634+0200: 12,032: Total time for which application threads were stopped: 0,0001476 seconds, Stopping threads took: 0,0000266 seconds
2018-06-19T14:38:34.641+0200: 12,039: Total time for which application threads were stopped: 0,0001512 seconds, Stopping threads took: 0,0000498 seconds
2018-06-19T14:38:34.641+0200: 12,040: Total time for which application threads were stopped: 0,0001114 seconds, Stopping threads took: 0,0000526 seconds
2018-06-19T14:38:34.641+0200: 12,040: Total time for which application threads were stopped: 0,0000801 seconds, Stopping threads took: 0,0000156 seconds
2018-06-19T14:38:34.642+0200: 12,041: Total time for which application threads were stopped: 0,0005655 seconds, Stopping threads took: 0,0001147 seconds
2018-06-19T14:38:34.644+0200: 12,042: Total time for which application threads were stopped: 0,0002332 seconds, Stopping threads took: 0,0000258 seconds
2018-06-19T14:38:34.653+0200: 12,052: Total time for which application threads were stopped: 0,0003812 seconds, Stopping threads took: 0,0001833 seconds
2018-06-19T14:38:34.653+0200: 12,052: Total time for which application threads were stopped: 0,0000740 seconds, Stopping threads took: 0,0000156 seconds
2018-06-19T14:38:34.654+0200: 12,053: Total time for which application threads were stopped: 0,0001246 seconds, Stopping threads took: 0,0000347 seconds
2018-06-19T14:38:34.656+0200: 12,055: Total time for which application threads were stopped: 0,0018691 seconds, Stopping threads took: 0,0013321 seconds
2018-06-19T14:38:34.660+0200: 12,059: Total time for which application threads were stopped: 0,0001093 seconds, Stopping threads took: 0,0000251 seconds
2018-06-19T14:38:34.661+0200: 12,060: Total time for which application threads were stopped: 0,0002130 seconds, Stopping threads took: 0,0001186 seconds
2018-06-19T14:38:34.661+0200: 12,060: Total time for which application threads were stopped: 0,0000989 seconds, Stopping threads took: 0,0000438 seconds
2018-06-19T14:38:34.664+0200: 12,063: Total time for which application threads were stopped: 0,0001274 seconds, Stopping threads took: 0,0000671 seconds
2018-06-19T14:38:34.667+0200: 12,066: Total time for which application threads were stopped: 0,0001964 seconds, Stopping threads took: 0,0001140 seconds
2018-06-19T14:38:34.683+0200: 12,081: Total time for which application threads were stopped: 0,0001761 seconds, Stopping threads took: 0,0000901 seconds
2018-06-19T14:38:34.684+0200: 12,083: Total time for which application threads were stopped: 0,0004200 seconds, Stopping threads took: 0,0000190 seconds
2018-06-19T14:38:34.690+0200: 12,088: Total time for which application threads were stopped: 0,0009704 seconds, Stopping threads took: 0,0003314 seconds
2018-06-19T14:38:34.694+0200: 12,093: Total time for which application threads were stopped: 0,0002084 seconds, Stopping threads took: 0,0000406 seconds
2018-06-19T14:38:34.698+0200: 12,096: Total time for which application threads were stopped: 0,0004327 seconds, Stopping threads took: 0,0001430 seconds
2018-06-19T14:38:34.701+0200: 12,099: Total time for which application threads were stopped: 0,0004596 seconds, Stopping threads took: 0,0001443 seconds
2018-06-19T14:38:34.716+0200: 12,115: Total time for which application threads were stopped: 0,0001379 seconds, Stopping threads took: 0,0000297 seconds
2018-06-19T14:38:34.717+0200: 12,115: Total time for which application threads were stopped: 0,0001094 seconds, Stopping threads took: 0,0000230 seconds
2018-06-19T14:38:35.530+0200: 12,929: Total time for which application threads were stopped: 0,0010433 seconds, Stopping threads took: 0,0005234 seconds
2018-06-19T14:38:35.531+0200: 12,930: Total time for which application threads were stopped: 0,0005390 seconds, Stopping threads took: 0,0000450 seconds
2018-06-19T14:38:35.534+0200: 12,933: Total time for which application threads were stopped: 0,0002071 seconds, Stopping threads took: 0,0000994 seconds
2018-06-19T14:38:35.535+0200: 12,934: Total time for which application threads were stopped: 0,0001154 seconds, Stopping threads took: 0,0000351 seconds
2018-06-19T14:38:35.541+0200: 12,940: Total time for which application threads were stopped: 0,0059083 seconds, Stopping threads took: 0,0058207 seconds
2018-06-19T14:38:35.541+0200: 12,940: Total time for which application threads were stopped: 0,0001142 seconds, Stopping threads took: 0,0000389 seconds
2018-06-19T14:38:35.544+0200: 12,942: Total time for which application threads were stopped: 0,0002763 seconds, Stopping threads took: 0,0001762 seconds
2018-06-19T14:38:35.544+0200: 12,942: Total time for which application threads were stopped: 0,0001063 seconds, Stopping threads took: 0,0000447 seconds
2018-06-19T14:38:36.544+0200: 13,943: Total time for which application threads were stopped: 0,0000926 seconds, Stopping threads took: 0,0000192 seconds
2018-06-19T14:38:46.545+0200: 23,944: Total time for which application threads were stopped: 0,0001109 seconds, Stopping threads took: 0,0000237 seconds
2018-06-19T14:38:54.547+0200: 31,945: Total time for which application threads were stopped: 0,0000970 seconds, Stopping threads took: 0,0000239 seconds
2018-06-19T14:39:25.565+0200: 62,963: Total time for which application threads were stopped: 0,0002699 seconds, Stopping threads took: 0,0001162 seconds
2018-06-19T14:39:26.565+0200: 63,964: Total time for which application threads were stopped: 0,0004366 seconds, Stopping threads took: 0,0001025 seconds
2018-06-19T14:39:35.544+0200: 72,943: Total time for which application threads were stopped: 0,0000932 seconds, Stopping threads took: 0,0000211 seconds
2018-06-19T14:39:36.545+0200: 73,943: Total time for which application threads were stopped: 0,0006061 seconds, Stopping threads took: 0,0001351 seconds
2018-06-19T14:39:39.546+0200: 76,945: Total time for which application threads were stopped: 0,0008931 seconds, Stopping threads took: 0,0004329 seconds
{Heap before GC invocations=9 (full 1):
 par new generation   total 109248K, used 107523K [0x00000000e0000000, 0x00000000e8000000, 0x00000000e8000000)
  eden space 87424K, 100% used [0x00000000e0000000, 0x00000000e5560000, 0x00000000e5560000)
  from space 21824K,  92% used [0x00000000e6ab0000, 0x00000000e7e50d30, 0x00000000e8000000)
  to   space 21824K,   0% used [0x00000000e5560000, 0x00000000e5560000, 0x00000000e6ab0000)
 concurrent mark-sweep generation total 393216K, used 7852K [0x00000000e8000000, 0x0000000100000000, 0x0000000100000000)
 Metaspace       used 30103K, capacity 30814K, committed 31100K, reserved 1077248K
  class space    used 3449K, capacity 3664K, committed 3708K, reserved 1048576K
2018-06-19T14:39:39.623+0200: 77,022: [GC (Allocation Failure) 2018-06-19T14:39:39.623+0200: 77,022: [ParNew
Desired survivor size 20112992 bytes, new threshold 5 (max 8)
- age   1:    7169984 bytes,    7169984 total
- age   2:     124984 bytes,    7294968 total
- age   3:     142208 bytes,    7437176 total
- age   4:   11390696 bytes,   18827872 total
- age   5:    2104352 bytes,   20932224 total
- age   6:     110992 bytes,   21043216 total
- age   7:     149904 bytes,   21193120 total
- age   8:     297024 bytes,   21490144 total
: 107523K->21824K(109248K), 0,0222055 secs] 115376K->31113K(502464K), 0,0222956 secs] [Times: user=0,07 sys=0,01, real=0,02 secs] 
Heap after GC invocations=10 (full 1):
 par new generation   total 109248K, used 21824K [0x00000000e0000000, 0x00000000e8000000, 0x00000000e8000000)
  eden space 87424K,   0% used [0x00000000e0000000, 0x00000000e0000000, 0x00000000e5560000)
  from space 21824K, 100% used [0x00000000e5560000, 0x00000000e6ab0000, 0x00000000e6ab0000)
  to   space 21824K,   0% used [0x00000000e6ab0000, 0x00000000e6ab0000, 0x00000000e8000000)
 concurrent mark-sweep generation total 393216K, used 9289K [0x00000000e8000000, 0x0000000100000000, 0x0000000100000000)
 Metaspace       used 30103K, capacity 30814K, committed 31100K, reserved 1077248K
  class space    used 3449K, capacity 3664K, committed 3708K, reserved 1048576K
}
2018-06-19T14:39:39.645+0200: 77,044: Total time for which application threads were stopped: 0,0225626 seconds, Stopping threads took: 0,0000425 seconds
2018-06-19T14:39:39.831+0200: 77,229: Total time for which application threads were stopped: 0,0015907 seconds, Stopping threads took: 0,0014648 seconds
2018-06-19T14:39:39.843+0200: 77,241: Total time for which application threads were stopped: 0,0001355 seconds, Stopping threads took: 0,0000363 seconds
2018-06-19T14:39:39.857+0200: 77,255: Total time for which application threads were stopped: 0,0001499 seconds, Stopping threads took: 0,0000487 seconds
2018-06-19T14:39:39.857+0200: 77,255: Total time for which application threads were stopped: 0,0000782 seconds, Stopping threads took: 0,0000295 seconds
{Heap before GC invocations=10 (full 1):
 par new generation   total 109248K, used 109248K [0x00000000e0000000, 0x00000000e8000000, 0x00000000e8000000)
  eden space 87424K, 100% used [0x00000000e0000000, 0x00000000e5560000, 0x00000000e5560000)
  from space 21824K, 100% used [0x00000000e5560000, 0x00000000e6ab0000, 0x00000000e6ab0000)
  to   space 21824K,   0% used [0x00000000e6ab0000, 0x00000000e6ab0000, 0x00000000e8000000)
 concurrent mark-sweep generation total 393216K, used 9289K [0x00000000e8000000, 0x0000000100000000, 0x0000000100000000)
 Metaspace       used 30279K, capacity 31038K, committed 31356K, reserved 1077248K
  class space    used 3461K, capacity 3673K, committed 3708K, reserved 1048576K
2018-06-19T14:39:39.883+0200: 77,282: [GC (Allocation Failure) 2018-06-19T14:39:39.883+0200: 77,282: [ParNew
Desired survivor size 20112992 bytes, new threshold 8 (max 8)
- age   1:    1034408 bytes,    1034408 total
- age   2:    6632336 bytes,    7666744 total
- age   3:     124984 bytes,    7791728 total
- age   4:     142208 bytes,    7933936 total
- age   5:   11388632 bytes,   19322568 total
: 109248K->21824K(109248K), 0,0257600 secs] 118537K->33868K(502464K), 0,0258659 secs] [Times: user=0,09 sys=0,00, real=0,02 secs] 
Heap after GC invocations=11 (full 1):
 par new generation   total 109248K, used 21824K [0x00000000e0000000, 0x00000000e8000000, 0x00000000e8000000)
  eden space 87424K,   0% used [0x00000000e0000000, 0x00000000e0000000, 0x00000000e5560000)
  from space 21824K, 100% used [0x00000000e6ab0000, 0x00000000e8000000, 0x00000000e8000000)
  to   space 21824K,   0% used [0x00000000e5560000, 0x00000000e5560000, 0x00000000e6ab0000)
 concurrent mark-sweep generation total 393216K, used 12044K [0x00000000e8000000, 0x0000000100000000, 0x0000000100000000)
 Metaspace       used 30279K, capacity 31038K, committed 31356K, reserved 1077248K
  class space    used 3461K, capacity 3673K, committed 3708K, reserved 1048576K
}
2018-06-19T14:39:39.909+0200: 77,308: Total time for which application threads were stopped: 0,0260960 seconds, Stopping threads took: 0,0000397 seconds
2018-06-19T14:39:39.910+0200: 77,308: Total time for which application threads were stopped: 0,0001915 seconds, Stopping threads took: 0,0000518 seconds
2018-06-19T14:39:39.917+0200: 77,315: Total time for which application threads were stopped: 0,0001299 seconds, Stopping threads took: 0,0000467 seconds
2018-06-19T14:39:40.917+0200: 78,315: Total time for which application threads were stopped: 0,0001007 seconds, Stopping threads took: 0,0000284 seconds
2018-06-19T14:39:40.950+0200: 78,348: Total time for which application threads were stopped: 0,0001735 seconds, Stopping threads took: 0,0000787 seconds
2018-06-19T14:39:40.953+0200: 78,351: Total time for which application threads were stopped: 0,0021276 seconds, Stopping threads took: 0,0020434 seconds
2018-06-19T14:39:40.953+0200: 78,352: Total time for which application threads were stopped: 0,0000979 seconds, Stopping threads took: 0,0000396 seconds
2018-06-19T14:39:40.953+0200: 78,352: Total time for which application threads were stopped: 0,0000754 seconds, Stopping threads took: 0,0000280 seconds
2018-06-19T14:39:40.954+0200: 78,352: Total time for which application threads were stopped: 0,0000769 seconds, Stopping threads took: 0,0000185 seconds
2018-06-19T14:39:40.954+0200: 78,352: Total time for which application threads were stopped: 0,0001263 seconds, Stopping threads took: 0,0000409 seconds
2018-06-19T14:39:40.955+0200: 78,353: Total time for which application threads were stopped: 0,0001466 seconds, Stopping threads took: 0,0000478 seconds
2018-06-19T14:39:40.961+0200: 78,360: Total time for which application threads were stopped: 0,0002394 seconds, Stopping threads took: 0,0000832 seconds
2018-06-19T14:39:40.963+0200: 78,362: Total time for which application threads were stopped: 0,0001675 seconds, Stopping threads took: 0,0000417 seconds
2018-06-19T14:39:40.968+0200: 78,367: Total time for which application threads were stopped: 0,0014571 seconds, Stopping threads took: 0,0013642 seconds
2018-06-19T14:39:40.969+0200: 78,368: Total time for which application threads were stopped: 0,0001378 seconds, Stopping threads took: 0,0000447 seconds
2018-06-19T14:39:40.970+0200: 78,369: Total time for which application threads were stopped: 0,0001722 seconds, Stopping threads took: 0,0000630 seconds
2018-06-19T14:39:40.970+0200: 78,369: Total time for which application threads were stopped: 0,0001084 seconds, Stopping threads took: 0,0000332 seconds
2018-06-19T14:39:40.975+0200: 78,374: Total time for which application threads were stopped: 0,0001654 seconds, Stopping threads took: 0,0000575 seconds
2018-06-19T14:39:40.975+0200: 78,374: Total time for which application threads were stopped: 0,0001083 seconds, Stopping threads took: 0,0000475 seconds
2018-06-19T14:39:40.978+0200: 78,376: Total time for which application threads were stopped: 0,0004238 seconds, Stopping threads took: 0,0002478 seconds
2018-06-19T14:39:40.987+0200: 78,386: Total time for which application threads were stopped: 0,0036085 seconds, Stopping threads took: 0,0031824 seconds
2018-06-19T14:39:40.989+0200: 78,387: Total time for which application threads were stopped: 0,0005692 seconds, Stopping threads took: 0,0001962 seconds
2018-06-19T14:39:40.990+0200: 78,388: Total time for which application threads were stopped: 0,0001672 seconds, Stopping threads took: 0,0000577 seconds
2018-06-19T14:39:40.992+0200: 78,390: Total time for which application threads were stopped: 0,0001552 seconds, Stopping threads took: 0,0000331 seconds
2018-06-19T14:39:40.992+0200: 78,390: Total time for which application threads were stopped: 0,0000917 seconds, Stopping threads took: 0,0000122 seconds
2018-06-19T14:39:40.996+0200: 78,394: Total time for which application threads were stopped: 0,0002042 seconds, Stopping threads took: 0,0000737 seconds
2018-06-19T14:39:40.996+0200: 78,394: Total time for which application threads were stopped: 0,0001224 seconds, Stopping threads took: 0,0000324 seconds
2018-06-19T14:39:41.996+0200: 79,395: Total time for which application threads were stopped: 0,0001019 seconds, Stopping threads took: 0,0000213 seconds
2018-06-19T14:39:42.569+0200: 79,968: Total time for which application threads were stopped: 0,0002154 seconds, Stopping threads took: 0,0000450 seconds
2018-06-19T14:39:42.593+0200: 79,992: Total time for which application threads were stopped: 0,0008859 seconds, Stopping threads took: 0,0002685 seconds
{Heap before GC invocations=11 (full 1):
 par new generation   total 109248K, used 109248K [0x00000000e0000000, 0x00000000e8000000, 0x00000000e8000000)
  eden space 87424K, 100% used [0x00000000e0000000, 0x00000000e5560000, 0x00000000e5560000)
  from space 21824K, 100% used [0x00000000e6ab0000, 0x00000000e8000000, 0x00000000e8000000)
  to   space 21824K,   0% used [0x00000000e5560000, 0x00000000e5560000, 0x00000000e6ab0000)
 concurrent mark-sweep generation total 393216K, used 12044K [0x00000000e8000000, 0x0000000100000000, 0x0000000100000000)
 Metaspace       used 30335K, capacity 31128K, committed 31356K, reserved 1077248K
  class space    used 3466K, capacity 3677K, committed 3708K, reserved 1048576K
2018-06-19T14:39:42.731+0200: 80,129: [GC (Allocation Failure) 2018-06-19T14:39:42.731+0200: 80,129: [ParNew
Desired survivor size 20112992 bytes, new threshold 8 (max 8)
- age   1:    1080016 bytes,    1080016 total
- age   2:     947944 bytes,    2027960 total
- age   3:    5680712 bytes,    7708672 total
- age   4:      66880 bytes,    7775552 total
- age   5:      93640 bytes,    7869192 total
- age   6:   10852568 bytes,   18721760 total
: 109248K->21824K(109248K), 0,0200713 secs] 121292K->35207K(502464K), 0,0201606 secs] [Times: user=0,06 sys=0,00, real=0,02 secs] 
Heap after GC invocations=12 (full 1):
 par new generation   total 109248K, used 21824K [0x00000000e0000000, 0x00000000e8000000, 0x00000000e8000000)
  eden space 87424K,   0% used [0x00000000e0000000, 0x00000000e0000000, 0x00000000e5560000)
  from space 21824K, 100% used [0x00000000e5560000, 0x00000000e6ab0000, 0x00000000e6ab0000)
  to   space 21824K,   0% used [0x00000000e6ab0000, 0x00000000e6ab0000, 0x00000000e8000000)
 concurrent mark-sweep generation total 393216K, used 13383K [0x00000000e8000000, 0x0000000100000000, 0x0000000100000000)
 Metaspace       used 30335K, capacity 31128K, committed 31356K, reserved 1077248K
  class space    used 3466K, capacity 3677K, committed 3708K, reserved 1048576K
}
2018-06-19T14:39:42.751+0200: 80,149: Total time for which application threads were stopped: 0,0204544 seconds, Stopping threads took: 0,0000581 seconds
2018-06-19T14:39:42.842+0200: 80,240: Total time for which application threads were stopped: 0,0002097 seconds, Stopping threads took: 0,0000526 seconds
2018-06-19T14:39:42.859+0200: 80,257: Total time for which application threads were stopped: 0,0016291 seconds, Stopping threads took: 0,0014881 seconds
2018-06-19T14:39:42.859+0200: 80,258: Total time for which application threads were stopped: 0,0000958 seconds, Stopping threads took: 0,0000257 seconds
2018-06-19T14:39:42.859+0200: 80,258: Total time for which application threads were stopped: 0,0000625 seconds, Stopping threads took: 0,0000180 seconds
2018-06-19T14:39:42.859+0200: 80,258: Total time for which application threads were stopped: 0,0000590 seconds, Stopping threads took: 0,0000122 seconds
2018-06-19T14:39:42.859+0200: 80,258: Total time for which application threads were stopped: 0,0000508 seconds, Stopping threads took: 0,0000121 seconds
2018-06-19T14:39:42.860+0200: 80,258: Total time for which application threads were stopped: 0,0001229 seconds, Stopping threads took: 0,0000712 seconds
2018-06-19T14:39:42.860+0200: 80,258: Total time for which application threads were stopped: 0,0000825 seconds, Stopping threads took: 0,0000349 seconds
2018-06-19T14:39:42.860+0200: 80,259: Total time for which application threads were stopped: 0,0000615 seconds, Stopping threads took: 0,0000130 seconds
2018-06-19T14:39:42.860+0200: 80,259: Total time for which application threads were stopped: 0,0000592 seconds, Stopping threads took: 0,0000211 seconds
2018-06-19T14:39:42.860+0200: 80,259: Total time for which application threads were stopped: 0,0000473 seconds, Stopping threads took: 0,0000110 seconds
2018-06-19T14:39:42.860+0200: 80,259: Total time for which application threads were stopped: 0,0000478 seconds, Stopping threads took: 0,0000113 seconds
2018-06-19T14:39:42.860+0200: 80,259: Total time for which application threads were stopped: 0,0000602 seconds, Stopping threads took: 0,0000226 seconds
2018-06-19T14:39:42.860+0200: 80,259: Total time for which application threads were stopped: 0,0000710 seconds, Stopping threads took: 0,0000185 seconds
2018-06-19T14:39:42.861+0200: 80,259: Total time for which application threads were stopped: 0,0000562 seconds, Stopping threads took: 0,0000124 seconds
2018-06-19T14:39:42.861+0200: 80,259: Total time for which application threads were stopped: 0,0000552 seconds, Stopping threads took: 0,0000164 seconds
2018-06-19T14:39:42.861+0200: 80,259: Total time for which application threads were stopped: 0,0000522 seconds, Stopping threads took: 0,0000118 seconds
2018-06-19T14:39:42.880+0200: 80,278: Total time for which application threads were stopped: 0,0001667 seconds, Stopping threads took: 0,0000431 seconds
2018-06-19T14:39:42.882+0200: 80,281: Total time for which application threads were stopped: 0,0006890 seconds, Stopping threads took: 0,0002405 seconds
2018-06-19T14:39:42.883+0200: 80,281: Total time for which application threads were stopped: 0,0001535 seconds, Stopping threads took: 0,0000524 seconds
2018-06-19T14:39:42.883+0200: 80,281: Total time for which application threads were stopped: 0,0000940 seconds, Stopping threads took: 0,0000364 seconds
2018-06-19T14:39:42.902+0200: 80,301: Total time for which application threads were stopped: 0,0001836 seconds, Stopping threads took: 0,0000539 seconds
2018-06-19T14:39:42.903+0200: 80,301: Total time for which application threads were stopped: 0,0000823 seconds, Stopping threads took: 0,0000316 seconds
2018-06-19T14:39:42.903+0200: 80,301: Total time for which application threads were stopped: 0,0000633 seconds, Stopping threads took: 0,0000238 seconds
2018-06-19T14:39:42.903+0200: 80,301: Total time for which application threads were stopped: 0,0000781 seconds, Stopping threads took: 0,0000223 seconds
2018-06-19T14:39:42.903+0200: 80,302: Total time for which application threads were stopped: 0,0000926 seconds, Stopping threads took: 0,0000326 seconds
2018-06-19T14:39:42.903+0200: 80,302: Total time for which application threads were stopped: 0,0000696 seconds, Stopping threads took: 0,0000237 seconds
2018-06-19T14:39:42.904+0200: 80,302: Total time for which application threads were stopped: 0,0000895 seconds, Stopping threads took: 0,0000313 seconds
2018-06-19T14:39:42.904+0200: 80,302: Total time for which application threads were stopped: 0,0001026 seconds, Stopping threads took: 0,0000562 seconds
2018-06-19T14:39:42.904+0200: 80,303: Total time for which application threads were stopped: 0,0000897 seconds, Stopping threads took: 0,0000293 seconds
2018-06-19T14:39:42.904+0200: 80,303: Total time for which application threads were stopped: 0,0001918 seconds, Stopping threads took: 0,0001454 seconds
2018-06-19T14:39:42.905+0200: 80,303: Total time for which application threads were stopped: 0,0000918 seconds, Stopping threads took: 0,0000356 seconds
2018-06-19T14:39:42.905+0200: 80,303: Total time for which application threads were stopped: 0,0000639 seconds, Stopping threads took: 0,0000241 seconds
2018-06-19T14:39:42.905+0200: 80,304: Total time for which application threads were stopped: 0,0001893 seconds, Stopping threads took: 0,0001447 seconds
2018-06-19T14:39:42.905+0200: 80,304: Total time for which application threads were stopped: 0,0000663 seconds, Stopping threads took: 0,0000261 seconds
2018-06-19T14:39:42.905+0200: 80,304: Total time for which application threads were stopped: 0,0000629 seconds, Stopping threads took: 0,0000236 seconds
2018-06-19T14:39:42.905+0200: 80,304: Total time for which application threads were stopped: 0,0000632 seconds, Stopping threads took: 0,0000241 seconds
2018-06-19T14:39:42.905+0200: 80,304: Total time for which application threads were stopped: 0,0000590 seconds, Stopping threads took: 0,0000219 seconds
2018-06-19T14:39:42.906+0200: 80,304: Total time for which application threads were stopped: 0,0000619 seconds, Stopping threads took: 0,0000242 seconds
2018-06-19T14:39:42.906+0200: 80,304: Total time for which application threads were stopped: 0,0000653 seconds, Stopping threads took: 0,0000239 seconds
2018-06-19T14:39:42.911+0200: 80,309: Total time for which application threads were stopped: 0,0048740 seconds, Stopping threads took: 0,0047931 seconds
2018-06-19T14:39:42.911+0200: 80,310: Total time for which application threads were stopped: 0,0000997 seconds, Stopping threads took: 0,0000517 seconds
2018-06-19T14:39:42.911+0200: 80,310: Total time for which application threads were stopped: 0,0001596 seconds, Stopping threads took: 0,0000230 seconds
2018-06-19T14:39:43.912+0200: 81,310: Total time for which application threads were stopped: 0,0002029 seconds, Stopping threads took: 0,0000384 seconds
2018-06-19T14:39:43.950+0200: 81,349: Total time for which application threads were stopped: 0,0002972 seconds, Stopping threads took: 0,0001881 seconds
2018-06-19T14:39:43.954+0200: 81,353: Total time for which application threads were stopped: 0,0001725 seconds, Stopping threads took: 0,0000630 seconds
2018-06-19T14:39:43.955+0200: 81,353: Total time for which application threads were stopped: 0,0000931 seconds, Stopping threads took: 0,0000272 seconds
2018-06-19T14:39:43.955+0200: 81,353: Total time for which application threads were stopped: 0,0000733 seconds, Stopping threads took: 0,0000260 seconds
2018-06-19T14:39:43.959+0200: 81,357: Total time for which application threads were stopped: 0,0014407 seconds, Stopping threads took: 0,0013227 seconds
2018-06-19T14:39:43.959+0200: 81,358: Total time for which application threads were stopped: 0,0002243 seconds, Stopping threads took: 0,0001446 seconds
2018-06-19T14:39:43.963+0200: 81,362: Total time for which application threads were stopped: 0,0001967 seconds, Stopping threads took: 0,0000636 seconds
2018-06-19T14:39:43.963+0200: 81,362: Total time for which application threads were stopped: 0,0000777 seconds, Stopping threads took: 0,0000143 seconds
2018-06-19T14:39:47.554+0200: 84,953: Total time for which application threads were stopped: 0,0001470 seconds, Stopping threads took: 0,0000509 seconds
2018-06-19T14:39:47.555+0200: 84,954: Total time for which application threads were stopped: 0,0001281 seconds, Stopping threads took: 0,0000388 seconds
2018-06-19T14:39:48.555+0200: 85,954: Total time for which application threads were stopped: 0,0001193 seconds, Stopping threads took: 0,0000283 seconds
2018-06-19T14:40:08.558+0200: 105,957: Total time for which application threads were stopped: 0,0002942 seconds, Stopping threads took: 0,0001839 seconds
{Heap before GC invocations=12 (full 1):
 par new generation   total 109248K, used 109248K [0x00000000e0000000, 0x00000000e8000000, 0x00000000e8000000)
  eden space 87424K, 100% used [0x00000000e0000000, 0x00000000e5560000, 0x00000000e5560000)
  from space 21824K, 100% used [0x00000000e5560000, 0x00000000e6ab0000, 0x00000000e6ab0000)
  to   space 21824K,   0% used [0x00000000e6ab0000, 0x00000000e6ab0000, 0x00000000e8000000)
 concurrent mark-sweep generation total 393216K, used 13383K [0x00000000e8000000, 0x0000000100000000, 0x0000000100000000)
 Metaspace       used 30501K, capacity 31336K, committed 31612K, reserved 1077248K
  class space    used 3471K, capacity 3683K, committed 3708K, reserved 1048576K
2018-06-19T14:40:08.662+0200: 106,060: [GC (Allocation Failure) 2018-06-19T14:40:08.662+0200: 106,061: [ParNew
Desired survivor size 20112992 bytes, new threshold 8 (max 8)
- age   1:    1863080 bytes,    1863080 total
- age   2:     504408 bytes,    2367488 total
- age   3:     666448 bytes,    3033936 total
- age   4:    5515800 bytes,    8549736 total
- age   5:      66880 bytes,    8616616 total
- age   6:      93640 bytes,    8710256 total
- age   7:   10474680 bytes,   19184936 total
: 109248K->21824K(109248K), 0,0224648 secs] 122631K->35824K(502464K), 0,0225687 secs] [Times: user=0,06 sys=0,00, real=0,03 secs] 
Heap after GC invocations=13 (full 1):
 par new generation   total 109248K, used 21824K [0x00000000e0000000, 0x00000000e8000000, 0x00000000e8000000)
  eden space 87424K,   0% used [0x00000000e0000000, 0x00000000e0000000, 0x00000000e5560000)
  from space 21824K, 100% used [0x00000000e6ab0000, 0x00000000e8000000, 0x00000000e8000000)
  to   space 21824K,   0% used [0x00000000e5560000, 0x00000000e5560000, 0x00000000e6ab0000)
 concurrent mark-sweep generation total 393216K, used 14000K [0x00000000e8000000, 0x0000000100000000, 0x0000000100000000)
 Metaspace       used 30501K, capacity 31336K, committed 31612K, reserved 1077248K
  class space    used 3471K, capacity 3683K, committed 3708K, reserved 1048576K
}
2018-06-19T14:40:08.685+0200: 106,083: Total time for which application threads were stopped: 0,0228729 seconds, Stopping threads took: 0,0000545 seconds
2018-06-19T14:40:08.687+0200: 106,086: Total time for which application threads were stopped: 0,0001580 seconds, Stopping threads took: 0,0000484 seconds
2018-06-19T14:40:08.831+0200: 106,229: Total time for which application threads were stopped: 0,0002703 seconds, Stopping threads took: 0,0000539 seconds
2018-06-19T14:40:08.853+0200: 106,251: Total time for which application threads were stopped: 0,0001716 seconds, Stopping threads took: 0,0000432 seconds
2018-06-19T14:40:08.879+0200: 106,278: Total time for which application threads were stopped: 0,0005706 seconds, Stopping threads took: 0,0004431 seconds
2018-06-19T14:40:08.880+0200: 106,278: Total time for which application threads were stopped: 0,0001074 seconds, Stopping threads took: 0,0000374 seconds
2018-06-19T14:40:08.901+0200: 106,300: Total time for which application threads were stopped: 0,0001380 seconds, Stopping threads took: 0,0000356 seconds
2018-06-19T14:40:09.928+0200: 107,326: Total time for which application threads were stopped: 0,0002299 seconds, Stopping threads took: 0,0001473 seconds
2018-06-19T14:40:09.928+0200: 107,326: Total time for which application threads were stopped: 0,0000550 seconds, Stopping threads took: 0,0000187 seconds
2018-06-19T14:40:09.930+0200: 107,329: Total time for which application threads were stopped: 0,0003984 seconds, Stopping threads took: 0,0002956 seconds
2018-06-19T14:40:09.930+0200: 107,329: Total time for which application threads were stopped: 0,0000974 seconds, Stopping threads took: 0,0000303 seconds
2018-06-19T14:40:09.931+0200: 107,329: Total time for which application threads were stopped: 0,0000851 seconds, Stopping threads took: 0,0000289 seconds
2018-06-19T14:40:09.931+0200: 107,329: Total time for which application threads were stopped: 0,0000808 seconds, Stopping threads took: 0,0000300 seconds
2018-06-19T14:40:09.932+0200: 107,330: Total time for which application threads were stopped: 0,0001357 seconds, Stopping threads took: 0,0000539 seconds
2018-06-19T14:40:09.932+0200: 107,330: Total time for which application threads were stopped: 0,0000906 seconds, Stopping threads took: 0,0000357 seconds
2018-06-19T14:40:09.932+0200: 107,331: Total time for which application threads were stopped: 0,0000637 seconds, Stopping threads took: 0,0000233 seconds
2018-06-19T14:40:09.961+0200: 107,360: Total time for which application threads were stopped: 0,0001632 seconds, Stopping threads took: 0,0000575 seconds
2018-06-19T14:40:09.961+0200: 107,360: Total time for which application threads were stopped: 0,0000750 seconds, Stopping threads took: 0,0000129 seconds
2018-06-19T14:40:09.970+0200: 107,368: Total time for which application threads were stopped: 0,0000881 seconds, Stopping threads took: 0,0000179 seconds
2018-06-19T14:40:09.970+0200: 107,368: Total time for which application threads were stopped: 0,0000356 seconds, Stopping threads took: 0,0000106 seconds
2018-06-19T14:40:13.644+0200: 111,042: Total time for which application threads were stopped: 0,0001513 seconds, Stopping threads took: 0,0000595 seconds
2018-06-19T14:40:13.645+0200: 111,043: Total time for which application threads were stopped: 0,0000972 seconds, Stopping threads took: 0,0000202 seconds
2018-06-19T14:40:14.645+0200: 112,044: Total time for which application threads were stopped: 0,0000965 seconds, Stopping threads took: 0,0000225 seconds
2018-06-19T14:40:15.222+0200: 112,621: Total time for which application threads were stopped: 0,0002269 seconds, Stopping threads took: 0,0000886 seconds
2018-06-19T14:40:15.224+0200: 112,622: Total time for which application threads were stopped: 0,0002086 seconds, Stopping threads took: 0,0000757 seconds
2018-06-19T14:40:30.226+0200: 127,624: Total time for which application threads were stopped: 0,0002336 seconds, Stopping threads took: 0,0000910 seconds
2018-06-19T14:40:37.227+0200: 134,625: Total time for which application threads were stopped: 0,0000839 seconds, Stopping threads took: 0,0000215 seconds
2018-06-19T14:41:02.406+0200: 159,805: Total time for which application threads were stopped: 0,0001725 seconds, Stopping threads took: 0,0000583 seconds
{Heap before GC invocations=13 (full 1):
 par new generation   total 109248K, used 109248K [0x00000000e0000000, 0x00000000e8000000, 0x00000000e8000000)
  eden space 87424K, 100% used [0x00000000e0000000, 0x00000000e5560000, 0x00000000e5560000)
  from space 21824K, 100% used [0x00000000e6ab0000, 0x00000000e8000000, 0x00000000e8000000)
  to   space 21824K,   0% used [0x00000000e5560000, 0x00000000e5560000, 0x00000000e6ab0000)
 concurrent mark-sweep generation total 393216K, used 14000K [0x00000000e8000000, 0x0000000100000000, 0x0000000100000000)
 Metaspace       used 30676K, capacity 31548K, committed 31612K, reserved 1077248K
  class space    used 3482K, capacity 3700K, committed 3708K, reserved 1048576K
2018-06-19T14:41:02.422+0200: 159,820: [GC (Allocation Failure) 2018-06-19T14:41:02.422+0200: 159,820: [ParNew
Desired survivor size 20112992 bytes, new threshold 8 (max 8)
- age   1:    1156936 bytes,    1156936 total
- age   2:     590528 bytes,    1747464 total
- age   3:     208920 bytes,    1956384 total
- age   4:     665840 bytes,    2622224 total
- age   5:    5498648 bytes,    8120872 total
- age   6:      66880 bytes,    8187752 total
- age   7:      93640 bytes,    8281392 total
- age   8:   10375520 bytes,   18656912 total
: 109248K->21824K(109248K), 0,0419601 secs] 123248K->36972K(502464K), 0,0420481 secs] [Times: user=0,11 sys=0,00, real=0,05 secs] 
Heap after GC invocations=14 (full 1):
 par new generation   total 109248K, used 21824K [0x00000000e0000000, 0x00000000e8000000, 0x00000000e8000000)
  eden space 87424K,   0% used [0x00000000e0000000, 0x00000000e0000000, 0x00000000e5560000)
  from space 21824K, 100% used [0x00000000e5560000, 0x00000000e6ab0000, 0x00000000e6ab0000)
  to   space 21824K,   0% used [0x00000000e6ab0000, 0x00000000e6ab0000, 0x00000000e8000000)
 concurrent mark-sweep generation total 393216K, used 15148K [0x00000000e8000000, 0x0000000100000000, 0x0000000100000000)
 Metaspace       used 30676K, capacity 31548K, committed 31612K, reserved 1077248K
  class space    used 3482K, capacity 3700K, committed 3708K, reserved 1048576K
}
2018-06-19T14:41:02.464+0200: 159,862: Total time for which application threads were stopped: 0,0422958 seconds, Stopping threads took: 0,0000597 seconds
2018-06-19T14:41:02.468+0200: 159,866: Total time for which application threads were stopped: 0,0006342 seconds, Stopping threads took: 0,0004968 seconds
{Heap before GC invocations=14 (full 1):
 par new generation   total 109248K, used 109248K [0x00000000e0000000, 0x00000000e8000000, 0x00000000e8000000)
  eden space 87424K, 100% used [0x00000000e0000000, 0x00000000e5560000, 0x00000000e5560000)
  from space 21824K, 100% used [0x00000000e5560000, 0x00000000e6ab0000, 0x00000000e6ab0000)
  to   space 21824K,   0% used [0x00000000e6ab0000, 0x00000000e6ab0000, 0x00000000e8000000)
 concurrent mark-sweep generation total 393216K, used 15148K [0x00000000e8000000, 0x0000000100000000, 0x0000000100000000)
 Metaspace       used 30711K, capacity 31588K, committed 31612K, reserved 1077248K
  class space    used 3486K, capacity 3707K, committed 3708K, reserved 1048576K
2018-06-19T14:41:02.602+0200: 160,001: [GC (Allocation Failure) 2018-06-19T14:41:02.602+0200: 160,001: [ParNew
Desired survivor size 20112992 bytes, new threshold 8 (max 8)
- age   1:     697760 bytes,     697760 total
- age   2:    1103496 bytes,    1801256 total
- age   3:     589720 bytes,    2390976 total
- age   4:     208920 bytes,    2599896 total
- age   5:     665776 bytes,    3265672 total
- age   6:    5498648 bytes,    8764320 total
- age   7:      66880 bytes,    8831200 total
- age   8:      93640 bytes,    8924840 total
: 109248K->18330K(109248K), 0,0308332 secs] 124396K->44693K(502464K), 0,0309322 secs] [Times: user=0,10 sys=0,00, real=0,04 secs] 
Heap after GC invocations=15 (full 1):
 par new generation   total 109248K, used 18330K [0x00000000e0000000, 0x00000000e8000000, 0x00000000e8000000)
  eden space 87424K,   0% used [0x00000000e0000000, 0x00000000e0000000, 0x00000000e5560000)
  from space 21824K,  83% used [0x00000000e6ab0000, 0x00000000e7c96880, 0x00000000e8000000)
  to   space 21824K,   0% used [0x00000000e5560000, 0x00000000e5560000, 0x00000000e6ab0000)
 concurrent mark-sweep generation total 393216K, used 26362K [0x00000000e8000000, 0x0000000100000000, 0x0000000100000000)
 Metaspace       used 30711K, capacity 31588K, committed 31612K, reserved 1077248K
  class space    used 3486K, capacity 3707K, committed 3708K, reserved 1048576K
}
2018-06-19T14:41:02.633+0200: 160,032: Total time for which application threads were stopped: 0,0311739 seconds, Stopping threads took: 0,0000376 seconds
2018-06-19T14:41:02.696+0200: 160,095: Total time for which application threads were stopped: 0,0002031 seconds, Stopping threads took: 0,0000498 seconds
2018-06-19T14:41:02.711+0200: 160,109: Total time for which application threads were stopped: 0,0013518 seconds, Stopping threads took: 0,0012276 seconds
2018-06-19T14:41:02.712+0200: 160,110: Total time for which application threads were stopped: 0,0000944 seconds, Stopping threads took: 0,0000286 seconds
2018-06-19T14:41:02.712+0200: 160,110: Total time for which application threads were stopped: 0,0000832 seconds, Stopping threads took: 0,0000290 seconds
2018-06-19T14:41:02.712+0200: 160,110: Total time for which application threads were stopped: 0,0000648 seconds, Stopping threads took: 0,0000131 seconds
2018-06-19T14:41:02.712+0200: 160,111: Total time for which application threads were stopped: 0,0000630 seconds, Stopping threads took: 0,0000116 seconds
2018-06-19T14:41:02.712+0200: 160,111: Total time for which application threads were stopped: 0,0001049 seconds, Stopping threads took: 0,0000531 seconds
2018-06-19T14:41:02.712+0200: 160,111: Total time for which application threads were stopped: 0,0001023 seconds, Stopping threads took: 0,0000555 seconds
2018-06-19T14:41:02.712+0200: 160,111: Total time for which application threads were stopped: 0,0000570 seconds, Stopping threads took: 0,0000179 seconds
2018-06-19T14:41:02.712+0200: 160,111: Total time for which application threads were stopped: 0,0000521 seconds, Stopping threads took: 0,0000112 seconds
2018-06-19T14:41:02.713+0200: 160,111: Total time for which application threads were stopped: 0,0000621 seconds, Stopping threads took: 0,0000202 seconds
2018-06-19T14:41:02.713+0200: 160,111: Total time for which application threads were stopped: 0,0000522 seconds, Stopping threads took: 0,0000144 seconds
2018-06-19T14:41:02.713+0200: 160,111: Total time for which application threads were stopped: 0,0000614 seconds, Stopping threads took: 0,0000206 seconds
2018-06-19T14:41:02.713+0200: 160,112: Total time for which application threads were stopped: 0,0000691 seconds, Stopping threads took: 0,0000200 seconds
2018-06-19T14:41:02.713+0200: 160,112: Total time for which application threads were stopped: 0,0000578 seconds, Stopping threads took: 0,0000122 seconds
2018-06-19T14:41:02.713+0200: 160,112: Total time for which application threads were stopped: 0,0000590 seconds, Stopping threads took: 0,0000122 seconds
2018-06-19T14:41:02.713+0200: 160,112: Total time for which application threads were stopped: 0,0001821 seconds, Stopping threads took: 0,0000150 seconds
2018-06-19T14:41:02.728+0200: 160,127: Total time for which application threads were stopped: 0,0001605 seconds, Stopping threads took: 0,0000481 seconds
2018-06-19T14:41:02.728+0200: 160,127: Total time for which application threads were stopped: 0,0001210 seconds, Stopping threads took: 0,0000521 seconds
2018-06-19T14:41:02.729+0200: 160,128: Total time for which application threads were stopped: 0,0001144 seconds, Stopping threads took: 0,0000360 seconds
2018-06-19T14:41:02.729+0200: 160,128: Total time for which application threads were stopped: 0,0000652 seconds, Stopping threads took: 0,0000307 seconds
2018-06-19T14:41:02.742+0200: 160,141: Total time for which application threads were stopped: 0,0001543 seconds, Stopping threads took: 0,0000667 seconds
2018-06-19T14:41:02.742+0200: 160,141: Total time for which application threads were stopped: 0,0000783 seconds, Stopping threads took: 0,0000193 seconds
2018-06-19T14:41:02.743+0200: 160,141: Total time for which application threads were stopped: 0,0001219 seconds, Stopping threads took: 0,0000390 seconds
2018-06-19T14:41:02.743+0200: 160,141: Total time for which application threads were stopped: 0,0000687 seconds, Stopping threads took: 0,0000289 seconds
2018-06-19T14:41:02.743+0200: 160,142: Total time for which application threads were stopped: 0,0000629 seconds, Stopping threads took: 0,0000320 seconds
2018-06-19T14:41:02.743+0200: 160,142: Total time for which application threads were stopped: 0,0000577 seconds, Stopping threads took: 0,0000244 seconds
2018-06-19T14:41:02.743+0200: 160,142: Total time for which application threads were stopped: 0,0000705 seconds, Stopping threads took: 0,0000273 seconds
2018-06-19T14:41:02.743+0200: 160,142: Total time for which application threads were stopped: 0,0001294 seconds, Stopping threads took: 0,0000216 seconds
2018-06-19T14:41:02.744+0200: 160,142: Total time for which application threads were stopped: 0,0001091 seconds, Stopping threads took: 0,0000484 seconds
2018-06-19T14:41:02.744+0200: 160,143: Total time for which application threads were stopped: 0,0000780 seconds, Stopping threads took: 0,0000362 seconds
2018-06-19T14:41:02.745+0200: 160,143: Total time for which application threads were stopped: 0,0001568 seconds, Stopping threads took: 0,0000582 seconds
2018-06-19T14:41:02.745+0200: 160,144: Total time for which application threads were stopped: 0,0001085 seconds, Stopping threads took: 0,0000433 seconds
2018-06-19T14:41:02.749+0200: 160,148: Total time for which application threads were stopped: 0,0002083 seconds, Stopping threads took: 0,0001065 seconds
2018-06-19T14:41:02.750+0200: 160,148: Total time for which application threads were stopped: 0,0002689 seconds, Stopping threads took: 0,0001966 seconds
2018-06-19T14:41:02.751+0200: 160,149: Total time for which application threads were stopped: 0,0001294 seconds, Stopping threads took: 0,0000481 seconds
2018-06-19T14:41:02.752+0200: 160,150: Total time for which application threads were stopped: 0,0001636 seconds, Stopping threads took: 0,0000489 seconds
2018-06-19T14:41:02.758+0200: 160,156: Total time for which application threads were stopped: 0,0002099 seconds, Stopping threads took: 0,0000389 seconds
2018-06-19T14:41:02.758+0200: 160,157: Total time for which application threads were stopped: 0,0001220 seconds, Stopping threads took: 0,0000246 seconds
2018-06-19T14:41:02.758+0200: 160,157: Total time for which application threads were stopped: 0,0000763 seconds, Stopping threads took: 0,0000195 seconds
2018-06-19T14:41:03.799+0200: 161,197: Total time for which application threads were stopped: 0,0004549 seconds, Stopping threads took: 0,0001215 seconds
2018-06-19T14:41:03.799+0200: 161,198: Total time for which application threads were stopped: 0,0001814 seconds, Stopping threads took: 0,0000554 seconds
2018-06-19T14:41:03.800+0200: 161,198: Total time for which application threads were stopped: 0,0001048 seconds, Stopping threads took: 0,0000256 seconds
2018-06-19T14:41:03.805+0200: 161,203: Total time for which application threads were stopped: 0,0001460 seconds, Stopping threads took: 0,0000278 seconds
2018-06-19T14:41:03.805+0200: 161,203: Total time for which application threads were stopped: 0,0000782 seconds, Stopping threads took: 0,0000270 seconds
2018-06-19T14:41:04.805+0200: 162,204: Total time for which application threads were stopped: 0,0001908 seconds, Stopping threads took: 0,0000430 seconds
2018-06-19T14:41:05.056+0200: 162,455: Total time for which application threads were stopped: 0,0000987 seconds, Stopping threads took: 0,0000179 seconds
2018-06-19T14:41:05.069+0200: 162,468: Total time for which application threads were stopped: 0,0010217 seconds, Stopping threads took: 0,0003829 seconds
{Heap before GC invocations=15 (full 1):
 par new generation   total 109248K, used 105754K [0x00000000e0000000, 0x00000000e8000000, 0x00000000e8000000)
  eden space 87424K, 100% used [0x00000000e0000000, 0x00000000e5560000, 0x00000000e5560000)
  from space 21824K,  83% used [0x00000000e6ab0000, 0x00000000e7c96880, 0x00000000e8000000)
  to   space 21824K,   0% used [0x00000000e5560000, 0x00000000e5560000, 0x00000000e6ab0000)
 concurrent mark-sweep generation total 393216K, used 26362K [0x00000000e8000000, 0x0000000100000000, 0x0000000100000000)
 Metaspace       used 30790K, capacity 31726K, committed 31996K, reserved 1077248K
  class space    used 3490K, capacity 3712K, committed 3836K, reserved 1048576K
2018-06-19T14:41:05.148+0200: 162,547: [GC (Allocation Failure) 2018-06-19T14:41:05.148+0200: 162,547: [ParNew
Desired survivor size 20112992 bytes, new threshold 8 (max 8)
- age   1:    2087408 bytes,    2087408 total
- age   2:     135400 bytes,    2222808 total
- age   3:     761360 bytes,    2984168 total
- age   4:     589720 bytes,    3573888 total
- age   5:     207216 bytes,    3781104 total
- age   6:     664496 bytes,    4445600 total
- age   7:    5498256 bytes,    9943856 total
- age   8:      66880 bytes,   10010736 total
: 105754K->12433K(109248K), 0,0125763 secs] 132117K->38889K(502464K), 0,0126725 secs] [Times: user=0,05 sys=0,00, real=0,01 secs] 
Heap after GC invocations=16 (full 1):
 par new generation   total 109248K, used 12433K [0x00000000e0000000, 0x00000000e8000000, 0x00000000e8000000)
  eden space 87424K,   0% used [0x00000000e0000000, 0x00000000e0000000, 0x00000000e5560000)
  from space 21824K,  56% used [0x00000000e5560000, 0x00000000e6184580, 0x00000000e6ab0000)
  to   space 21824K,   0% used [0x00000000e6ab0000, 0x00000000e6ab0000, 0x00000000e8000000)
 concurrent mark-sweep generation total 393216K, used 26456K [0x00000000e8000000, 0x0000000100000000, 0x0000000100000000)
 Metaspace       used 30790K, capacity 31726K, committed 31996K, reserved 1077248K
  class space    used 3490K, capacity 3712K, committed 3836K, reserved 1048576K
}
2018-06-19T14:41:05.161+0200: 162,560: Total time for which application threads were stopped: 0,0129163 seconds, Stopping threads took: 0,0000349 seconds
2018-06-19T14:41:05.162+0200: 162,560: Total time for which application threads were stopped: 0,0001342 seconds, Stopping threads took: 0,0000516 seconds
2018-06-19T14:41:05.257+0200: 162,656: Total time for which application threads were stopped: 0,0001741 seconds, Stopping threads took: 0,0000495 seconds
2018-06-19T14:41:05.274+0200: 162,672: Total time for which application threads were stopped: 0,0001848 seconds, Stopping threads took: 0,0000324 seconds
2018-06-19T14:41:05.274+0200: 162,673: Total time for which application threads were stopped: 0,0001545 seconds, Stopping threads took: 0,0000470 seconds
2018-06-19T14:41:05.275+0200: 162,673: Total time for which application threads were stopped: 0,0000975 seconds, Stopping threads took: 0,0000316 seconds
2018-06-19T14:41:05.275+0200: 162,673: Total time for which application threads were stopped: 0,0000815 seconds, Stopping threads took: 0,0000207 seconds
2018-06-19T14:41:05.275+0200: 162,673: Total time for which application threads were stopped: 0,0000657 seconds, Stopping threads took: 0,0000209 seconds
2018-06-19T14:41:05.275+0200: 162,674: Total time for which application threads were stopped: 0,0000632 seconds, Stopping threads took: 0,0000210 seconds
2018-06-19T14:41:05.275+0200: 162,674: Total time for which application threads were stopped: 0,0000660 seconds, Stopping threads took: 0,0000204 seconds
2018-06-19T14:41:05.275+0200: 162,674: Total time for which application threads were stopped: 0,0000725 seconds, Stopping threads took: 0,0000218 seconds
2018-06-19T14:41:05.276+0200: 162,674: Total time for which application threads were stopped: 0,0003017 seconds, Stopping threads took: 0,0000217 seconds
2018-06-19T14:41:05.276+0200: 162,674: Total time for which application threads were stopped: 0,0000994 seconds, Stopping threads took: 0,0000362 seconds
2018-06-19T14:41:05.276+0200: 162,674: Total time for which application threads were stopped: 0,0000778 seconds, Stopping threads took: 0,0000213 seconds
2018-06-19T14:41:05.276+0200: 162,675: Total time for which application threads were stopped: 0,0000632 seconds, Stopping threads took: 0,0000210 seconds
2018-06-19T14:41:05.276+0200: 162,675: Total time for which application threads were stopped: 0,0000732 seconds, Stopping threads took: 0,0000224 seconds
2018-06-19T14:41:05.276+0200: 162,675: Total time for which application threads were stopped: 0,0000660 seconds, Stopping threads took: 0,0000206 seconds
2018-06-19T14:41:05.278+0200: 162,676: Total time for which application threads were stopped: 0,0004634 seconds, Stopping threads took: 0,0001313 seconds
2018-06-19T14:41:05.278+0200: 162,677: Total time for which application threads were stopped: 0,0003296 seconds, Stopping threads took: 0,0000773 seconds
2018-06-19T14:41:05.292+0200: 162,691: Total time for which application threads were stopped: 0,0016972 seconds, Stopping threads took: 0,0015736 seconds
2018-06-19T14:41:05.293+0200: 162,691: Total time for which application threads were stopped: 0,0000977 seconds, Stopping threads took: 0,0000298 seconds
2018-06-19T14:41:05.296+0200: 162,695: Total time for which application threads were stopped: 0,0001499 seconds, Stopping threads took: 0,0000471 seconds
2018-06-19T14:41:05.297+0200: 162,695: Total time for which application threads were stopped: 0,0000919 seconds, Stopping threads took: 0,0000271 seconds
2018-06-19T14:41:05.309+0200: 162,708: Total time for which application threads were stopped: 0,0001369 seconds, Stopping threads took: 0,0000474 seconds
2018-06-19T14:41:05.309+0200: 162,708: Total time for which application threads were stopped: 0,0000654 seconds, Stopping threads took: 0,0000218 seconds
2018-06-19T14:41:05.311+0200: 162,709: Total time for which application threads were stopped: 0,0013973 seconds, Stopping threads took: 0,0013064 seconds
2018-06-19T14:41:05.311+0200: 162,710: Total time for which application threads were stopped: 0,0000835 seconds, Stopping threads took: 0,0000339 seconds
2018-06-19T14:41:05.312+0200: 162,710: Total time for which application threads were stopped: 0,0002156 seconds, Stopping threads took: 0,0000290 seconds
2018-06-19T14:41:06.017+0200: 163,416: Total time for which application threads were stopped: 0,0001737 seconds, Stopping threads took: 0,0000314 seconds
2018-06-19T14:41:06.029+0200: 163,428: Total time for which application threads were stopped: 0,0002000 seconds, Stopping threads took: 0,0000317 seconds
{Heap before GC invocations=16 (full 1):
 par new generation   total 109248K, used 99827K [0x00000000e0000000, 0x00000000e8000000, 0x00000000e8000000)
  eden space 87424K,  99% used [0x00000000e0000000, 0x00000000e5558a58, 0x00000000e5560000)
  from space 21824K,  56% used [0x00000000e5560000, 0x00000000e6184580, 0x00000000e6ab0000)
  to   space 21824K,   0% used [0x00000000e6ab0000, 0x00000000e6ab0000, 0x00000000e8000000)
 concurrent mark-sweep generation total 393216K, used 26456K [0x00000000e8000000, 0x0000000100000000, 0x0000000100000000)
 Metaspace       used 30890K, capacity 31834K, committed 31996K, reserved 1077248K
  class space    used 3496K, capacity 3719K, committed 3836K, reserved 1048576K
2018-06-19T14:41:06.077+0200: 163,476: [GC (Allocation Failure) 2018-06-19T14:41:06.077+0200: 163,476: [ParNew
Desired survivor size 20112992 bytes, new threshold 8 (max 8)
- age   1:    1551304 bytes,    1551304 total
- age   2:    1045896 bytes,    2597200 total
- age   3:     135400 bytes,    2732600 total
- age   4:     713712 bytes,    3446312 total
- age   5:     589720 bytes,    4036032 total
- age   6:     207216 bytes,    4243248 total
- age   7:     664112 bytes,    4907360 total
- age   8:    5497896 bytes,   10405256 total
: 99827K->15550K(109248K), 0,0159978 secs] 126283K->42073K(502464K), 0,0161511 secs] [Times: user=0,06 sys=0,00, real=0,02 secs] 
Heap after GC invocations=17 (full 1):
 par new generation   total 109248K, used 15550K [0x00000000e0000000, 0x00000000e8000000, 0x00000000e8000000)
  eden space 87424K,   0% used [0x00000000e0000000, 0x00000000e0000000, 0x00000000e5560000)
  from space 21824K,  71% used [0x00000000e6ab0000, 0x00000000e79dfbf8, 0x00000000e8000000)
  to   space 21824K,   0% used [0x00000000e5560000, 0x00000000e5560000, 0x00000000e6ab0000)
 concurrent mark-sweep generation total 393216K, used 26522K [0x00000000e8000000, 0x0000000100000000, 0x0000000100000000)
 Metaspace       used 30890K, capacity 31834K, committed 31996K, reserved 1077248K
  class space    used 3496K, capacity 3719K, committed 3836K, reserved 1048576K
}
2018-06-19T14:41:06.093+0200: 163,492: Total time for which application threads were stopped: 0,0164888 seconds, Stopping threads took: 0,0000332 seconds
2018-06-19T14:41:06.093+0200: 163,492: Total time for which application threads were stopped: 0,0001194 seconds, Stopping threads took: 0,0000487 seconds
{Heap before GC invocations=17 (full 1):
 par new generation   total 109248K, used 102974K [0x00000000e0000000, 0x00000000e8000000, 0x00000000e8000000)
  eden space 87424K, 100% used [0x00000000e0000000, 0x00000000e5560000, 0x00000000e5560000)
  from space 21824K,  71% used [0x00000000e6ab0000, 0x00000000e79dfbf8, 0x00000000e8000000)
  to   space 21824K,   0% used [0x00000000e5560000, 0x00000000e5560000, 0x00000000e6ab0000)
 concurrent mark-sweep generation total 393216K, used 26522K [0x00000000e8000000, 0x0000000100000000, 0x0000000100000000)
 Metaspace       used 30902K, capacity 31844K, committed 31996K, reserved 1077248K
  class space    used 3497K, capacity 3721K, committed 3836K, reserved 1048576K
2018-06-19T14:41:06.200+0200: 163,599: [GC (Allocation Failure) 2018-06-19T14:41:06.200+0200: 163,599: [ParNew
Desired survivor size 20112992 bytes, new threshold 8 (max 8)
- age   1:     303328 bytes,     303328 total
- age   2:    1285296 bytes,    1588624 total
- age   3:     473568 bytes,    2062192 total
- age   4:      12976 bytes,    2075168 total
- age   5:     441016 bytes,    2516184 total
- age   6:     589720 bytes,    3105904 total
- age   7:     207216 bytes,    3313120 total
- age   8:     664112 bytes,    3977232 total
: 102974K->5952K(109248K), 0,0218037 secs] 129497K->38116K(502464K), 0,0218911 secs] [Times: user=0,07 sys=0,00, real=0,02 secs] 
Heap after GC invocations=18 (full 1):
 par new generation   total 109248K, used 5952K [0x00000000e0000000, 0x00000000e8000000, 0x00000000e8000000)
  eden space 87424K,   0% used [0x00000000e0000000, 0x00000000e0000000, 0x00000000e5560000)
  from space 21824K,  27% used [0x00000000e5560000, 0x00000000e5b30188, 0x00000000e6ab0000)
  to   space 21824K,   0% used [0x00000000e6ab0000, 0x00000000e6ab0000, 0x00000000e8000000)
 concurrent mark-sweep generation total 393216K, used 32164K [0x00000000e8000000, 0x0000000100000000, 0x0000000100000000)
 Metaspace       used 30902K, capacity 31844K, committed 31996K, reserved 1077248K
  class space    used 3497K, capacity 3721K, committed 3836K, reserved 1048576K
}
2018-06-19T14:41:06.222+0200: 163,621: Total time for which application threads were stopped: 0,0221214 seconds, Stopping threads took: 0,0000380 seconds
2018-06-19T14:41:06.240+0200: 163,639: Total time for which application threads were stopped: 0,0001677 seconds, Stopping threads took: 0,0000481 seconds
2018-06-19T14:41:06.259+0200: 163,657: Total time for which application threads were stopped: 0,0002974 seconds, Stopping threads took: 0,0000473 seconds
2018-06-19T14:41:06.259+0200: 163,658: Total time for which application threads were stopped: 0,0000867 seconds, Stopping threads took: 0,0000239 seconds
2018-06-19T14:41:06.259+0200: 163,658: Total time for which application threads were stopped: 0,0000752 seconds, Stopping threads took: 0,0000199 seconds
2018-06-19T14:41:06.260+0200: 163,658: Total time for which application threads were stopped: 0,0000862 seconds, Stopping threads took: 0,0000215 seconds
2018-06-19T14:41:06.260+0200: 163,658: Total time for which application threads were stopped: 0,0000885 seconds, Stopping threads took: 0,0000183 seconds
2018-06-19T14:41:06.260+0200: 163,658: Total time for which application threads were stopped: 0,0000704 seconds, Stopping threads took: 0,0000160 seconds
2018-06-19T14:41:06.260+0200: 163,659: Total time for which application threads were stopped: 0,0000636 seconds, Stopping threads took: 0,0000160 seconds
2018-06-19T14:41:06.260+0200: 163,659: Total time for which application threads were stopped: 0,0000723 seconds, Stopping threads took: 0,0000192 seconds
2018-06-19T14:41:06.260+0200: 163,659: Total time for which application threads were stopped: 0,0000711 seconds, Stopping threads took: 0,0000148 seconds
2018-06-19T14:41:06.260+0200: 163,659: Total time for which application threads were stopped: 0,0000643 seconds, Stopping threads took: 0,0000150 seconds
2018-06-19T14:41:06.261+0200: 163,659: Total time for which application threads were stopped: 0,0000675 seconds, Stopping threads took: 0,0000127 seconds
2018-06-19T14:41:06.261+0200: 163,659: Total time for which application threads were stopped: 0,0000951 seconds, Stopping threads took: 0,0000168 seconds
2018-06-19T14:41:06.279+0200: 163,677: Total time for which application threads were stopped: 0,0001731 seconds, Stopping threads took: 0,0000337 seconds
2018-06-19T14:41:06.279+0200: 163,678: Total time for which application threads were stopped: 0,0001148 seconds, Stopping threads took: 0,0000341 seconds
2018-06-19T14:41:06.291+0200: 163,690: Total time for which application threads were stopped: 0,0001436 seconds, Stopping threads took: 0,0000589 seconds
2018-06-19T14:41:06.292+0200: 163,690: Total time for which application threads were stopped: 0,0000955 seconds, Stopping threads took: 0,0000237 seconds
2018-06-19T14:41:06.292+0200: 163,690: Total time for which application threads were stopped: 0,0000411 seconds, Stopping threads took: 0,0000121 seconds
2018-06-19T14:41:06.292+0200: 163,690: Total time for which application threads were stopped: 0,0000360 seconds, Stopping threads took: 0,0000113 seconds
2018-06-19T14:41:06.292+0200: 163,691: Total time for which application threads were stopped: 0,0000378 seconds, Stopping threads took: 0,0000112 seconds
2018-06-19T14:41:06.292+0200: 163,691: Total time for which application threads were stopped: 0,0000386 seconds, Stopping threads took: 0,0000120 seconds
2018-06-19T14:41:06.292+0200: 163,691: Total time for which application threads were stopped: 0,0000363 seconds, Stopping threads took: 0,0000105 seconds
2018-06-19T14:41:06.292+0200: 163,691: Total time for which application threads were stopped: 0,0000329 seconds, Stopping threads took: 0,0000102 seconds
2018-06-19T14:41:06.292+0200: 163,691: Total time for which application threads were stopped: 0,0000347 seconds, Stopping threads took: 0,0000124 seconds
2018-06-19T14:41:06.292+0200: 163,691: Total time for which application threads were stopped: 0,0000369 seconds, Stopping threads took: 0,0000120 seconds
2018-06-19T14:41:06.292+0200: 163,691: Total time for which application threads were stopped: 0,0000327 seconds, Stopping threads took: 0,0000102 seconds
2018-06-19T14:41:06.292+0200: 163,691: Total time for which application threads were stopped: 0,0000342 seconds, Stopping threads took: 0,0000097 seconds
2018-06-19T14:41:06.292+0200: 163,691: Total time for which application threads were stopped: 0,0000370 seconds, Stopping threads took: 0,0000123 seconds
2018-06-19T14:41:06.292+0200: 163,691: Total time for which application threads were stopped: 0,0000349 seconds, Stopping threads took: 0,0000103 seconds
2018-06-19T14:41:06.292+0200: 163,691: Total time for which application threads were stopped: 0,0000348 seconds, Stopping threads took: 0,0000101 seconds
2018-06-19T14:41:06.293+0200: 163,691: Total time for which application threads were stopped: 0,0001450 seconds, Stopping threads took: 0,0000099 seconds
2018-06-19T14:41:06.358+0200: 163,757: Total time for which application threads were stopped: 0,0001418 seconds, Stopping threads took: 0,0000342 seconds
2018-06-19T14:41:06.370+0200: 163,769: Total time for which application threads were stopped: 0,0056709 seconds, Stopping threads took: 0,0054594 seconds
2018-06-19T14:41:06.370+0200: 163,769: Total time for which application threads were stopped: 0,0001324 seconds, Stopping threads took: 0,0000250 seconds
2018-06-19T14:41:06.380+0200: 163,779: Total time for which application threads were stopped: 0,0083426 seconds, Stopping threads took: 0,0082195 seconds
2018-06-19T14:41:06.380+0200: 163,779: Total time for which application threads were stopped: 0,0000883 seconds, Stopping threads took: 0,0000207 seconds
2018-06-19T14:41:07.335+0200: 164,734: Total time for which application threads were stopped: 0,0006400 seconds, Stopping threads took: 0,0005241 seconds
2018-06-19T14:41:07.336+0200: 164,734: Total time for which application threads were stopped: 0,0001008 seconds, Stopping threads took: 0,0000345 seconds
2018-06-19T14:41:07.336+0200: 164,734: Total time for which application threads were stopped: 0,0001334 seconds, Stopping threads took: 0,0000728 seconds
2018-06-19T14:41:07.339+0200: 164,738: Total time for which application threads were stopped: 0,0001373 seconds, Stopping threads took: 0,0000435 seconds
2018-06-19T14:41:07.340+0200: 164,738: Total time for which application threads were stopped: 0,0001992 seconds, Stopping threads took: 0,0000105 seconds
2018-06-19T14:41:07.353+0200: 164,752: Total time for which application threads were stopped: 0,0019121 seconds, Stopping threads took: 0,0017599 seconds
2018-06-19T14:41:07.354+0200: 164,752: Total time for which application threads were stopped: 0,0001024 seconds, Stopping threads took: 0,0000119 seconds
2018-06-19T14:41:07.359+0200: 164,758: Total time for which application threads were stopped: 0,0015491 seconds, Stopping threads took: 0,0013611 seconds
2018-06-19T14:41:07.359+0200: 164,758: Total time for which application threads were stopped: 0,0001039 seconds, Stopping threads took: 0,0000149 seconds
2018-06-19T14:41:09.968+0200: 167,367: Total time for which application threads were stopped: 0,0001393 seconds, Stopping threads took: 0,0000269 seconds
2018-06-19T14:41:09.969+0200: 167,368: Total time for which application threads were stopped: 0,0001282 seconds, Stopping threads took: 0,0000262 seconds
2018-06-19T14:41:10.970+0200: 168,368: Total time for which application threads were stopped: 0,0004247 seconds, Stopping threads took: 0,0000512 seconds
2018-06-19T14:41:16.971+0200: 174,369: Total time for which application threads were stopped: 0,0001029 seconds, Stopping threads took: 0,0000200 seconds
2018-06-19T14:41:17.078+0200: 174,477: Total time for which application threads were stopped: 0,0001306 seconds, Stopping threads took: 0,0000361 seconds
2018-06-19T14:41:17.079+0200: 174,478: Total time for which application threads were stopped: 0,0001353 seconds, Stopping threads took: 0,0000451 seconds
2018-06-19T14:41:17.083+0200: 174,481: Total time for which application threads were stopped: 0,0002013 seconds, Stopping threads took: 0,0000757 seconds
2018-06-19T14:41:17.083+0200: 174,481: Total time for which application threads were stopped: 0,0001131 seconds, Stopping threads took: 0,0000227 seconds
2018-06-19T14:41:17.083+0200: 174,482: Total time for which application threads were stopped: 0,0000808 seconds, Stopping threads took: 0,0000188 seconds
2018-06-19T14:41:17.084+0200: 174,482: Total time for which application threads were stopped: 0,0001427 seconds, Stopping threads took: 0,0000353 seconds
2018-06-19T14:41:17.085+0200: 174,483: Total time for which application threads were stopped: 0,0001508 seconds, Stopping threads took: 0,0000394 seconds
2018-06-19T14:41:17.085+0200: 174,483: Total time for which application threads were stopped: 0,0000883 seconds, Stopping threads took: 0,0000207 seconds
2018-06-19T14:41:17.085+0200: 174,484: Total time for which application threads were stopped: 0,0000681 seconds, Stopping threads took: 0,0000163 seconds
2018-06-19T14:41:17.086+0200: 174,484: Total time for which application threads were stopped: 0,0001217 seconds, Stopping threads took: 0,0000341 seconds
2018-06-19T14:41:17.086+0200: 174,485: Total time for which application threads were stopped: 0,0001049 seconds, Stopping threads took: 0,0000317 seconds
2018-06-19T14:41:17.088+0200: 174,487: Total time for which application threads were stopped: 0,0001828 seconds, Stopping threads took: 0,0000316 seconds
2018-06-19T14:41:17.088+0200: 174,487: Total time for which application threads were stopped: 0,0000800 seconds, Stopping threads took: 0,0000130 seconds
2018-06-19T14:41:17.091+0200: 174,490: Total time for which application threads were stopped: 0,0001161 seconds, Stopping threads took: 0,0000336 seconds
2018-06-19T14:41:17.092+0200: 174,490: Total time for which application threads were stopped: 0,0000609 seconds, Stopping threads took: 0,0000163 seconds
2018-06-19T14:41:18.092+0200: 175,490: Total time for which application threads were stopped: 0,0001046 seconds, Stopping threads took: 0,0000206 seconds
2018-06-19T14:41:20.583+0200: 177,982: Total time for which application threads were stopped: 0,0001886 seconds, Stopping threads took: 0,0000671 seconds
2018-06-19T14:41:20.584+0200: 177,983: Total time for which application threads were stopped: 0,0001498 seconds, Stopping threads took: 0,0000371 seconds
2018-06-19T14:41:39.404+0200: 196,803: Total time for which application threads were stopped: 0,0005203 seconds, Stopping threads took: 0,0000261 seconds
2018-06-19T14:41:39.405+0200: 196,804: Total time for which application threads were stopped: 0,0005111 seconds, Stopping threads took: 0,0000272 seconds
2018-06-19T14:41:39.410+0200: 196,808: Total time for which application threads were stopped: 0,0001375 seconds, Stopping threads took: 0,0000600 seconds
2018-06-19T14:41:39.422+0200: 196,820: Total time for which application threads were stopped: 0,0001628 seconds, Stopping threads took: 0,0000831 seconds
2018-06-19T14:41:39.422+0200: 196,820: Total time for which application threads were stopped: 0,0001232 seconds, Stopping threads took: 0,0000520 seconds
2018-06-19T14:41:39.422+0200: 196,820: Total time for which application threads were stopped: 0,0000562 seconds, Stopping threads took: 0,0000095 seconds
2018-06-19T14:41:39.422+0200: 196,821: Total time for which application threads were stopped: 0,0000558 seconds, Stopping threads took: 0,0000192 seconds
2018-06-19T14:41:39.422+0200: 196,821: Total time for which application threads were stopped: 0,0001031 seconds, Stopping threads took: 0,0000196 seconds
2018-06-19T14:41:39.422+0200: 196,821: Total time for which application threads were stopped: 0,0000993 seconds, Stopping threads took: 0,0000553 seconds
2018-06-19T14:41:39.423+0200: 196,822: Total time for which application threads were stopped: 0,0001329 seconds, Stopping threads took: 0,0000566 seconds
2018-06-19T14:41:39.431+0200: 196,829: Total time for which application threads were stopped: 0,0040414 seconds, Stopping threads took: 0,0039595 seconds
2018-06-19T14:41:39.431+0200: 196,830: Total time for which application threads were stopped: 0,0000981 seconds, Stopping threads took: 0,0000525 seconds
2018-06-19T14:41:39.431+0200: 196,830: Total time for which application threads were stopped: 0,0000656 seconds, Stopping threads took: 0,0000233 seconds
2018-06-19T14:41:39.431+0200: 196,830: Total time for which application threads were stopped: 0,0002414 seconds, Stopping threads took: 0,0000177 seconds
2018-06-19T14:41:39.432+0200: 196,831: Total time for which application threads were stopped: 0,0001225 seconds, Stopping threads took: 0,0000649 seconds
2018-06-19T14:41:39.432+0200: 196,831: Total time for which application threads were stopped: 0,0000542 seconds, Stopping threads took: 0,0000137 seconds
2018-06-19T14:41:39.435+0200: 196,834: Total time for which application threads were stopped: 0,0001913 seconds, Stopping threads took: 0,0000413 seconds
2018-06-19T14:41:39.438+0200: 196,836: Total time for which application threads were stopped: 0,0016786 seconds, Stopping threads took: 0,0015689 seconds
2018-06-19T14:41:39.439+0200: 196,838: Total time for which application threads were stopped: 0,0001713 seconds, Stopping threads took: 0,0000777 seconds
2018-06-19T14:41:39.442+0200: 196,841: Total time for which application threads were stopped: 0,0002070 seconds, Stopping threads took: 0,0000334 seconds
Heap
 par new generation   total 109248K, used 24997K [0x00000000e0000000, 0x00000000e8000000, 0x00000000e8000000)
  eden space 87424K,  21% used [0x00000000e0000000, 0x00000000e1299630, 0x00000000e5560000)
  from space 21824K,  27% used [0x00000000e5560000, 0x00000000e5b30188, 0x00000000e6ab0000)
  to   space 21824K,   0% used [0x00000000e6ab0000, 0x00000000e6ab0000, 0x00000000e8000000)
 concurrent mark-sweep generation total 393216K, used 32164K [0x00000000e8000000, 0x0000000100000000, 0x0000000100000000)
 Metaspace       used 31066K, capacity 32080K, committed 32252K, reserved 1077248K
  class space    used 3513K, capacity 3759K, committed 3836K, reserved 1048576K
