OpenJDK 64-Bit Server VM (25.171-b11) for linux-amd64 JRE (1.8.0_171-8u171-b11-0ubuntu0.16.04.1-b11), built on Apr 27 2018 17:19:03 by "buildd" with gcc 5.4.0 20160609
Memory: 4k page, physical 7867608k(1723468k free), swap 8076284k(8076284k free)
CommandLine flags: -XX:CMSInitiatingOccupancyFraction=50 -XX:CMSMaxAbortablePrecleanTime=6000 -XX:+CMSParallelRemarkEnabled -XX:+CMSScavengeBeforeRemark -XX:ConcGCThreads=4 -XX:InitialHeapSize=536870912 -XX:MaxHeapSize=536870912 -XX:MaxTenuringThreshold=8 -XX:NewRatio=3 -XX:OldPLABSize=16 -XX:OnOutOfMemoryError=/home/gurnoor/workspace/QTM/solr/bin/oom_solr.sh 8983 /home/gurnoor/workspace/QTM/solr/server/logs -XX:ParallelGCThreads=4 -XX:+ParallelRefProcEnabled -XX:PretenureSizeThreshold=67108864 -XX:+PrintGC -XX:+PrintGCApplicationStoppedTime -XX:+PrintGCDateStamps -XX:+PrintGCDetails -XX:+PrintGCTimeStamps -XX:+PrintHeapAtGC -XX:+PrintTenuringDistribution -XX:SurvivorRatio=4 -XX:TargetSurvivorRatio=90 -XX:ThreadStackSize=256 -XX:+UseCMSInitiatingOccupancyOnly -XX:+UseCompressedClassPointers -XX:+UseCompressedOops -XX:+UseConcMarkSweepGC -XX:+UseParNewGC 
2018-05-31T10:16:33.835+0200: 0,105: Total time for which application threads were stopped: 0,0000745 seconds, Stopping threads took: 0,0000194 seconds
2018-05-31T10:16:33.908+0200: 0,178: Total time for which application threads were stopped: 0,0001567 seconds, Stopping threads took: 0,0000370 seconds
2018-05-31T10:16:33.921+0200: 0,191: Total time for which application threads were stopped: 0,0000829 seconds, Stopping threads took: 0,0000184 seconds
2018-05-31T10:16:34.050+0200: 0,319: Total time for which application threads were stopped: 0,0001804 seconds, Stopping threads took: 0,0000383 seconds
2018-05-31T10:16:34.214+0200: 0,484: Total time for which application threads were stopped: 0,0001306 seconds, Stopping threads took: 0,0000153 seconds
2018-05-31T10:16:34.263+0200: 0,533: Total time for which application threads were stopped: 0,0002166 seconds, Stopping threads took: 0,0000281 seconds
2018-05-31T10:16:34.285+0200: 0,555: Total time for which application threads were stopped: 0,0002024 seconds, Stopping threads took: 0,0000265 seconds
2018-05-31T10:16:34.474+0200: 0,744: Total time for which application threads were stopped: 0,0001940 seconds, Stopping threads took: 0,0000164 seconds
2018-05-31T10:16:34.616+0200: 0,885: Total time for which application threads were stopped: 0,0002888 seconds, Stopping threads took: 0,0000282 seconds
2018-05-31T10:16:34.637+0200: 0,906: Total time for which application threads were stopped: 0,0002032 seconds, Stopping threads took: 0,0000159 seconds
2018-05-31T10:16:34.662+0200: 0,932: Total time for which application threads were stopped: 0,0002780 seconds, Stopping threads took: 0,0000289 seconds
2018-05-31T10:16:34.663+0200: 0,933: Total time for which application threads were stopped: 0,0002256 seconds, Stopping threads took: 0,0000284 seconds
2018-05-31T10:16:34.676+0200: 0,945: Total time for which application threads were stopped: 0,0002071 seconds, Stopping threads took: 0,0000203 seconds
2018-05-31T10:16:34.742+0200: 1,011: Total time for which application threads were stopped: 0,0002314 seconds, Stopping threads took: 0,0000252 seconds
2018-05-31T10:16:34.892+0200: 1,162: Total time for which application threads were stopped: 0,0003315 seconds, Stopping threads took: 0,0001067 seconds
{Heap before GC invocations=0 (full 0):
 par new generation   total 109248K, used 87424K [0x00000000e0000000, 0x00000000e8000000, 0x00000000e8000000)
  eden space 87424K, 100% used [0x00000000e0000000, 0x00000000e5560000, 0x00000000e5560000)
  from space 21824K,   0% used [0x00000000e5560000, 0x00000000e5560000, 0x00000000e6ab0000)
  to   space 21824K,   0% used [0x00000000e6ab0000, 0x00000000e6ab0000, 0x00000000e8000000)
 concurrent mark-sweep generation total 393216K, used 0K [0x00000000e8000000, 0x0000000100000000, 0x0000000100000000)
 Metaspace       used 17557K, capacity 17896K, committed 18048K, reserved 1064960K
  class space    used 1987K, capacity 2134K, committed 2176K, reserved 1048576K
2018-05-31T10:16:34.908+0200: 1,177: [GC (Allocation Failure) 2018-05-31T10:16:34.908+0200: 1,177: [ParNew
Desired survivor size 20112992 bytes, new threshold 8 (max 8)
- age   1:   11088064 bytes,   11088064 total
: 87424K->10927K(109248K), 0,0106556 secs] 87424K->10927K(502464K), 0,0107230 secs] [Times: user=0,04 sys=0,00, real=0,01 secs] 
Heap after GC invocations=1 (full 0):
 par new generation   total 109248K, used 10927K [0x00000000e0000000, 0x00000000e8000000, 0x00000000e8000000)
  eden space 87424K,   0% used [0x00000000e0000000, 0x00000000e0000000, 0x00000000e5560000)
  from space 21824K,  50% used [0x00000000e6ab0000, 0x00000000e755bcc0, 0x00000000e8000000)
  to   space 21824K,   0% used [0x00000000e5560000, 0x00000000e5560000, 0x00000000e6ab0000)
 concurrent mark-sweep generation total 393216K, used 0K [0x00000000e8000000, 0x0000000100000000, 0x0000000100000000)
 Metaspace       used 17557K, capacity 17896K, committed 18048K, reserved 1064960K
  class space    used 1987K, capacity 2134K, committed 2176K, reserved 1048576K
}
2018-05-31T10:16:34.918+0200: 1,188: Total time for which application threads were stopped: 0,0128415 seconds, Stopping threads took: 0,0019240 seconds
2018-05-31T10:16:35.234+0200: 1,504: Total time for which application threads were stopped: 0,0004552 seconds, Stopping threads took: 0,0000531 seconds
{Heap before GC invocations=1 (full 0):
 par new generation   total 109248K, used 98351K [0x00000000e0000000, 0x00000000e8000000, 0x00000000e8000000)
  eden space 87424K, 100% used [0x00000000e0000000, 0x00000000e5560000, 0x00000000e5560000)
  from space 21824K,  50% used [0x00000000e6ab0000, 0x00000000e755bcc0, 0x00000000e8000000)
  to   space 21824K,   0% used [0x00000000e5560000, 0x00000000e5560000, 0x00000000e6ab0000)
 concurrent mark-sweep generation total 393216K, used 0K [0x00000000e8000000, 0x0000000100000000, 0x0000000100000000)
 Metaspace       used 20104K, capacity 20504K, committed 20736K, reserved 1067008K
  class space    used 2299K, capacity 2472K, committed 2560K, reserved 1048576K
2018-05-31T10:16:35.281+0200: 1,551: [GC (Allocation Failure) 2018-05-31T10:16:35.281+0200: 1,551: [ParNew
Desired survivor size 20112992 bytes, new threshold 8 (max 8)
- age   1:    3678488 bytes,    3678488 total
- age   2:    5648912 bytes,    9327400 total
: 98351K->12214K(109248K), 0,0109356 secs] 98351K->12214K(502464K), 0,0110076 secs] [Times: user=0,02 sys=0,01, real=0,01 secs] 
Heap after GC invocations=2 (full 0):
 par new generation   total 109248K, used 12214K [0x00000000e0000000, 0x00000000e8000000, 0x00000000e8000000)
  eden space 87424K,   0% used [0x00000000e0000000, 0x00000000e0000000, 0x00000000e5560000)
  from space 21824K,  55% used [0x00000000e5560000, 0x00000000e614d9d0, 0x00000000e6ab0000)
  to   space 21824K,   0% used [0x00000000e6ab0000, 0x00000000e6ab0000, 0x00000000e8000000)
 concurrent mark-sweep generation total 393216K, used 0K [0x00000000e8000000, 0x0000000100000000, 0x0000000100000000)
 Metaspace       used 20104K, capacity 20504K, committed 20736K, reserved 1067008K
  class space    used 2299K, capacity 2472K, committed 2560K, reserved 1048576K
}
2018-05-31T10:16:35.292+0200: 1,562: Total time for which application threads were stopped: 0,0112490 seconds, Stopping threads took: 0,0000747 seconds
2018-05-31T10:16:35.301+0200: 1,571: Total time for which application threads were stopped: 0,0019773 seconds, Stopping threads took: 0,0015483 seconds
2018-05-31T10:16:35.372+0200: 1,641: Total time for which application threads were stopped: 0,0064538 seconds, Stopping threads took: 0,0060946 seconds
2018-05-31T10:16:35.497+0200: 1,767: Total time for which application threads were stopped: 0,0002694 seconds, Stopping threads took: 0,0000543 seconds
{Heap before GC invocations=2 (full 0):
 par new generation   total 109248K, used 99638K [0x00000000e0000000, 0x00000000e8000000, 0x00000000e8000000)
  eden space 87424K, 100% used [0x00000000e0000000, 0x00000000e5560000, 0x00000000e5560000)
  from space 21824K,  55% used [0x00000000e5560000, 0x00000000e614d9d0, 0x00000000e6ab0000)
  to   space 21824K,   0% used [0x00000000e6ab0000, 0x00000000e6ab0000, 0x00000000e8000000)
 concurrent mark-sweep generation total 393216K, used 0K [0x00000000e8000000, 0x0000000100000000, 0x0000000100000000)
 Metaspace       used 21071K, capacity 21426K, committed 21628K, reserved 1069056K
  class space    used 2424K, capacity 2591K, committed 2684K, reserved 1048576K
2018-05-31T10:16:35.540+0200: 1,810: [GC (Allocation Failure) 2018-05-31T10:16:35.540+0200: 1,810: [ParNew
Desired survivor size 20112992 bytes, new threshold 8 (max 8)
- age   1:    2060600 bytes,    2060600 total
- age   2:    1312136 bytes,    3372736 total
- age   3:    5646944 bytes,    9019680 total
: 99638K->11611K(109248K), 0,0144860 secs] 99638K->11611K(502464K), 0,0146054 secs] [Times: user=0,06 sys=0,00, real=0,01 secs] 
Heap after GC invocations=3 (full 0):
 par new generation   total 109248K, used 11611K [0x00000000e0000000, 0x00000000e8000000, 0x00000000e8000000)
  eden space 87424K,   0% used [0x00000000e0000000, 0x00000000e0000000, 0x00000000e5560000)
  from space 21824K,  53% used [0x00000000e6ab0000, 0x00000000e7606e30, 0x00000000e8000000)
  to   space 21824K,   0% used [0x00000000e5560000, 0x00000000e5560000, 0x00000000e6ab0000)
 concurrent mark-sweep generation total 393216K, used 0K [0x00000000e8000000, 0x0000000100000000, 0x0000000100000000)
 Metaspace       used 21071K, capacity 21426K, committed 21628K, reserved 1069056K
  class space    used 2424K, capacity 2591K, committed 2684K, reserved 1048576K
}
2018-05-31T10:16:35.555+0200: 1,824: Total time for which application threads were stopped: 0,0149574 seconds, Stopping threads took: 0,0001633 seconds
2018-05-31T10:16:35.555+0200: 1,825: [GC (CMS Initial Mark) [1 CMS-initial-mark: 0K(393216K)] 11643K(502464K), 0,0042692 secs] [Times: user=0,01 sys=0,00, real=0,01 secs] 
2018-05-31T10:16:35.559+0200: 1,829: Total time for which application threads were stopped: 0,0045003 seconds, Stopping threads took: 0,0001134 seconds
2018-05-31T10:16:35.559+0200: 1,829: [CMS-concurrent-mark-start]
2018-05-31T10:16:35.560+0200: 1,830: [CMS-concurrent-mark: 0,001/0,001 secs] [Times: user=0,01 sys=0,00, real=0,00 secs] 
2018-05-31T10:16:35.560+0200: 1,830: [CMS-concurrent-preclean-start]
2018-05-31T10:16:35.562+0200: 1,831: [CMS-concurrent-preclean: 0,001/0,001 secs] [Times: user=0,00 sys=0,00, real=0,00 secs] 
2018-05-31T10:16:35.562+0200: 1,831: [CMS-concurrent-abortable-preclean-start]
2018-05-31T10:16:35.604+0200: 1,874: Total time for which application threads were stopped: 0,0023489 seconds, Stopping threads took: 0,0022304 seconds
{Heap before GC invocations=3 (full 1):
 par new generation   total 109248K, used 99035K [0x00000000e0000000, 0x00000000e8000000, 0x00000000e8000000)
  eden space 87424K, 100% used [0x00000000e0000000, 0x00000000e5560000, 0x00000000e5560000)
  from space 21824K,  53% used [0x00000000e6ab0000, 0x00000000e7606e30, 0x00000000e8000000)
  to   space 21824K,   0% used [0x00000000e5560000, 0x00000000e5560000, 0x00000000e6ab0000)
 concurrent mark-sweep generation total 393216K, used 0K [0x00000000e8000000, 0x0000000100000000, 0x0000000100000000)
 Metaspace       used 21344K, capacity 21714K, committed 21884K, reserved 1069056K
  class space    used 2453K, capacity 2608K, committed 2684K, reserved 1048576K
2018-05-31T10:16:35.695+0200: 1,965: [GC (Allocation Failure) 2018-05-31T10:16:35.695+0200: 1,965: [ParNew
Desired survivor size 20112992 bytes, new threshold 8 (max 8)
- age   1:    1481608 bytes,    1481608 total
- age   2:    1461896 bytes,    2943504 total
- age   3:    1306560 bytes,    4250064 total
- age   4:    5647024 bytes,    9897088 total
: 99035K->12631K(109248K), 0,0101591 secs] 99035K->12631K(502464K), 0,0102523 secs] [Times: user=0,04 sys=0,00, real=0,02 secs] 
Heap after GC invocations=4 (full 1):
 par new generation   total 109248K, used 12631K [0x00000000e0000000, 0x00000000e8000000, 0x00000000e8000000)
  eden space 87424K,   0% used [0x00000000e0000000, 0x00000000e0000000, 0x00000000e5560000)
  from space 21824K,  57% used [0x00000000e5560000, 0x00000000e61b5e18, 0x00000000e6ab0000)
  to   space 21824K,   0% used [0x00000000e6ab0000, 0x00000000e6ab0000, 0x00000000e8000000)
 concurrent mark-sweep generation total 393216K, used 0K [0x00000000e8000000, 0x0000000100000000, 0x0000000100000000)
 Metaspace       used 21344K, capacity 21714K, committed 21884K, reserved 1069056K
  class space    used 2453K, capacity 2608K, committed 2684K, reserved 1048576K
}
2018-05-31T10:16:35.705+0200: 1,975: Total time for which application threads were stopped: 0,0105366 seconds, Stopping threads took: 0,0000784 seconds
2018-05-31T10:16:35.705+0200: 1,975: [CMS-concurrent-abortable-preclean: 0,089/0,144 secs] [Times: user=0,56 sys=0,00, real=0,15 secs] 
2018-05-31T10:16:35.717+0200: 1,986: [GC (CMS Final Remark) [YG occupancy: 19451 K (109248 K)]{Heap before GC invocations=4 (full 1):
 par new generation   total 109248K, used 19451K [0x00000000e0000000, 0x00000000e8000000, 0x00000000e8000000)
  eden space 87424K,   7% used [0x00000000e0000000, 0x00000000e06a91a0, 0x00000000e5560000)
  from space 21824K,  57% used [0x00000000e5560000, 0x00000000e61b5e18, 0x00000000e6ab0000)
  to   space 21824K,   0% used [0x00000000e6ab0000, 0x00000000e6ab0000, 0x00000000e8000000)
 concurrent mark-sweep generation total 393216K, used 0K [0x00000000e8000000, 0x0000000100000000, 0x0000000100000000)
 Metaspace       used 21355K, capacity 21714K, committed 21884K, reserved 1069056K
  class space    used 2454K, capacity 2608K, committed 2684K, reserved 1048576K
2018-05-31T10:16:35.717+0200: 1,986: [GC (CMS Final Remark) 2018-05-31T10:16:35.717+0200: 1,986: [ParNew
Desired survivor size 20112992 bytes, new threshold 8 (max 8)
- age   1:     820784 bytes,     820784 total
- age   2:     399584 bytes,    1220368 total
- age   3:    1461896 bytes,    2682264 total
- age   4:    1306544 bytes,    3988808 total
- age   5:    5647120 bytes,    9635928 total
: 19451K->10738K(109248K), 0,0090058 secs] 19451K->10738K(502464K), 0,0090502 secs] [Times: user=0,03 sys=0,00, real=0,01 secs] 
Heap after GC invocations=5 (full 1):
 par new generation   total 109248K, used 10738K [0x00000000e0000000, 0x00000000e8000000, 0x00000000e8000000)
  eden space 87424K,   0% used [0x00000000e0000000, 0x00000000e0000000, 0x00000000e5560000)
  from space 21824K,  49% used [0x00000000e6ab0000, 0x00000000e752ca78, 0x00000000e8000000)
  to   space 21824K,   0% used [0x00000000e5560000, 0x00000000e5560000, 0x00000000e6ab0000)
 concurrent mark-sweep generation total 393216K, used 0K [0x00000000e8000000, 0x0000000100000000, 0x0000000100000000)
 Metaspace       used 21355K, capacity 21714K, committed 21884K, reserved 1069056K
  class space    used 2454K, capacity 2608K, committed 2684K, reserved 1048576K
}
2018-05-31T10:16:35.726+0200: 1,995: [Rescan (parallel) , 0,0032151 secs]2018-05-31T10:16:35.729+0200: 1,999: [weak refs processing, 0,0011779 secs]2018-05-31T10:16:35.730+0200: 2,000: [class unloading, 0,0029864 secs]2018-05-31T10:16:35.733+0200: 2,003: [scrub symbol table, 0,0025593 secs]2018-05-31T10:16:35.736+0200: 2,005: [scrub string table, 0,0003727 secs][1 CMS-remark: 0K(393216K)] 10738K(502464K), 0,0201107 secs] [Times: user=0,06 sys=0,00, real=0,02 secs] 
2018-05-31T10:16:35.737+0200: 2,006: Total time for which application threads were stopped: 0,0242066 seconds, Stopping threads took: 0,0039934 seconds
2018-05-31T10:16:35.737+0200: 2,007: [CMS-concurrent-sweep-start]
2018-05-31T10:16:35.737+0200: 2,007: [CMS-concurrent-sweep: 0,000/0,000 secs] [Times: user=0,00 sys=0,00, real=0,00 secs] 
2018-05-31T10:16:35.737+0200: 2,007: [CMS-concurrent-reset-start]
2018-05-31T10:16:35.741+0200: 2,010: [CMS-concurrent-reset: 0,004/0,004 secs] [Times: user=0,01 sys=0,00, real=0,00 secs] 
{Heap before GC invocations=5 (full 1):
 par new generation   total 109248K, used 98162K [0x00000000e0000000, 0x00000000e8000000, 0x00000000e8000000)
  eden space 87424K, 100% used [0x00000000e0000000, 0x00000000e5560000, 0x00000000e5560000)
  from space 21824K,  49% used [0x00000000e6ab0000, 0x00000000e752ca78, 0x00000000e8000000)
  to   space 21824K,   0% used [0x00000000e5560000, 0x00000000e5560000, 0x00000000e6ab0000)
 concurrent mark-sweep generation total 393216K, used 0K [0x00000000e8000000, 0x0000000100000000, 0x0000000100000000)
 Metaspace       used 21499K, capacity 21904K, committed 22140K, reserved 1069056K
  class space    used 2476K, capacity 2645K, committed 2684K, reserved 1048576K
2018-05-31T10:16:35.820+0200: 2,089: [GC (Allocation Failure) 2018-05-31T10:16:35.820+0200: 2,089: [ParNew
Desired survivor size 20112992 bytes, new threshold 8 (max 8)
- age   1:     952408 bytes,     952408 total
- age   2:      14120 bytes,     966528 total
- age   3:     184120 bytes,    1150648 total
- age   4:    1461304 bytes,    2611952 total
- age   5:    1304512 bytes,    3916464 total
- age   6:    5647000 bytes,    9563464 total
: 98162K->12375K(109248K), 0,0125200 secs] 98162K->12375K(502464K), 0,0125981 secs] [Times: user=0,04 sys=0,00, real=0,01 secs] 
Heap after GC invocations=6 (full 1):
 par new generation   total 109248K, used 12375K [0x00000000e0000000, 0x00000000e8000000, 0x00000000e8000000)
  eden space 87424K,   0% used [0x00000000e0000000, 0x00000000e0000000, 0x00000000e5560000)
  from space 21824K,  56% used [0x00000000e5560000, 0x00000000e6175ff0, 0x00000000e6ab0000)
  to   space 21824K,   0% used [0x00000000e6ab0000, 0x00000000e6ab0000, 0x00000000e8000000)
 concurrent mark-sweep generation total 393216K, used 0K [0x00000000e8000000, 0x0000000100000000, 0x0000000100000000)
 Metaspace       used 21499K, capacity 21904K, committed 22140K, reserved 1069056K
  class space    used 2476K, capacity 2645K, committed 2684K, reserved 1048576K
}
2018-05-31T10:16:35.832+0200: 2,102: Total time for which application threads were stopped: 0,0128954 seconds, Stopping threads took: 0,0001200 seconds
2018-05-31T10:16:35.864+0200: 2,134: Total time for which application threads were stopped: 0,0003698 seconds, Stopping threads took: 0,0000423 seconds
2018-05-31T10:16:36.103+0200: 2,373: Total time for which application threads were stopped: 0,0005308 seconds, Stopping threads took: 0,0000321 seconds
2018-05-31T10:16:36.116+0200: 2,386: Total time for which application threads were stopped: 0,0004043 seconds, Stopping threads took: 0,0000241 seconds
{Heap before GC invocations=6 (full 1):
 par new generation   total 109248K, used 99799K [0x00000000e0000000, 0x00000000e8000000, 0x00000000e8000000)
  eden space 87424K,  99% used [0x00000000e0000000, 0x00000000e555fff0, 0x00000000e5560000)
  from space 21824K,  56% used [0x00000000e5560000, 0x00000000e6175ff0, 0x00000000e6ab0000)
  to   space 21824K,   0% used [0x00000000e6ab0000, 0x00000000e6ab0000, 0x00000000e8000000)
 concurrent mark-sweep generation total 393216K, used 0K [0x00000000e8000000, 0x0000000100000000, 0x0000000100000000)
 Metaspace       used 25559K, capacity 26128K, committed 26492K, reserved 1073152K
  class space    used 2957K, capacity 3163K, committed 3196K, reserved 1048576K
2018-05-31T10:16:36.431+0200: 2,700: [GC (Allocation Failure) 2018-05-31T10:16:36.431+0200: 2,700: [ParNew
Desired survivor size 20112992 bytes, new threshold 8 (max 8)
- age   1:    8687912 bytes,    8687912 total
- age   2:     130000 bytes,    8817912 total
- age   3:      11336 bytes,    8829248 total
- age   4:     177912 bytes,    9007160 total
- age   5:     290256 bytes,    9297416 total
- age   6:    1284536 bytes,   10581952 total
- age   7:    5640112 bytes,   16222064 total
: 99799K->19733K(109248K), 0,0314666 secs] 99799K->19733K(502464K), 0,0315477 secs] [Times: user=0,12 sys=0,00, real=0,03 secs] 
Heap after GC invocations=7 (full 1):
 par new generation   total 109248K, used 19733K [0x00000000e0000000, 0x00000000e8000000, 0x00000000e8000000)
  eden space 87424K,   0% used [0x00000000e0000000, 0x00000000e0000000, 0x00000000e5560000)
  from space 21824K,  90% used [0x00000000e6ab0000, 0x00000000e7df54c0, 0x00000000e8000000)
  to   space 21824K,   0% used [0x00000000e5560000, 0x00000000e5560000, 0x00000000e6ab0000)
 concurrent mark-sweep generation total 393216K, used 0K [0x00000000e8000000, 0x0000000100000000, 0x0000000100000000)
 Metaspace       used 25559K, capacity 26128K, committed 26492K, reserved 1073152K
  class space    used 2957K, capacity 3163K, committed 3196K, reserved 1048576K
}
2018-05-31T10:16:36.462+0200: 2,732: Total time for which application threads were stopped: 0,0319210 seconds, Stopping threads took: 0,0000590 seconds
2018-05-31T10:16:36.548+0200: 2,818: Total time for which application threads were stopped: 0,0004546 seconds, Stopping threads took: 0,0000540 seconds
2018-05-31T10:16:36.568+0200: 2,838: Total time for which application threads were stopped: 0,0004855 seconds, Stopping threads took: 0,0000303 seconds
2018-05-31T10:16:36.626+0200: 2,896: Total time for which application threads were stopped: 0,0004980 seconds, Stopping threads took: 0,0000566 seconds
2018-05-31T10:16:36.724+0200: 2,994: Total time for which application threads were stopped: 0,0005721 seconds, Stopping threads took: 0,0000987 seconds
{Heap before GC invocations=7 (full 1):
 par new generation   total 109248K, used 107157K [0x00000000e0000000, 0x00000000e8000000, 0x00000000e8000000)
  eden space 87424K, 100% used [0x00000000e0000000, 0x00000000e5560000, 0x00000000e5560000)
  from space 21824K,  90% used [0x00000000e6ab0000, 0x00000000e7df54c0, 0x00000000e8000000)
  to   space 21824K,   0% used [0x00000000e5560000, 0x00000000e5560000, 0x00000000e6ab0000)
 concurrent mark-sweep generation total 393216K, used 0K [0x00000000e8000000, 0x0000000100000000, 0x0000000100000000)
 Metaspace       used 28068K, capacity 28734K, committed 29052K, reserved 1075200K
  class space    used 3228K, capacity 3428K, committed 3452K, reserved 1048576K
2018-05-31T10:16:36.891+0200: 3,160: [GC (Allocation Failure) 2018-05-31T10:16:36.891+0200: 3,160: [ParNew
Desired survivor size 20112992 bytes, new threshold 8 (max 8)
- age   1:    9611424 bytes,    9611424 total
- age   2:    5203640 bytes,   14815064 total
- age   3:     130000 bytes,   14945064 total
- age   4:      11304 bytes,   14956368 total
- age   5:     177768 bytes,   15134136 total
- age   6:     289984 bytes,   15424120 total
- age   7:    1276040 bytes,   16700160 total
- age   8:    5633504 bytes,   22333664 total
: 107157K->21824K(109248K), 0,0349229 secs] 107157K->23232K(502464K), 0,0350035 secs] [Times: user=0,14 sys=0,00, real=0,04 secs] 
Heap after GC invocations=8 (full 1):
 par new generation   total 109248K, used 21824K [0x00000000e0000000, 0x00000000e8000000, 0x00000000e8000000)
  eden space 87424K,   0% used [0x00000000e0000000, 0x00000000e0000000, 0x00000000e5560000)
  from space 21824K, 100% used [0x00000000e5560000, 0x00000000e6ab0000, 0x00000000e6ab0000)
  to   space 21824K,   0% used [0x00000000e6ab0000, 0x00000000e6ab0000, 0x00000000e8000000)
 concurrent mark-sweep generation total 393216K, used 1408K [0x00000000e8000000, 0x0000000100000000, 0x0000000100000000)
 Metaspace       used 28068K, capacity 28734K, committed 29052K, reserved 1075200K
  class space    used 3228K, capacity 3428K, committed 3452K, reserved 1048576K
}
2018-05-31T10:16:36.926+0200: 3,195: Total time for which application threads were stopped: 0,0352889 seconds, Stopping threads took: 0,0000390 seconds
{Heap before GC invocations=8 (full 1):
 par new generation   total 109248K, used 109248K [0x00000000e0000000, 0x00000000e8000000, 0x00000000e8000000)
  eden space 87424K, 100% used [0x00000000e0000000, 0x00000000e5560000, 0x00000000e5560000)
  from space 21824K, 100% used [0x00000000e5560000, 0x00000000e6ab0000, 0x00000000e6ab0000)
  to   space 21824K,   0% used [0x00000000e6ab0000, 0x00000000e6ab0000, 0x00000000e8000000)
 concurrent mark-sweep generation total 393216K, used 1408K [0x00000000e8000000, 0x0000000100000000, 0x0000000100000000)
 Metaspace       used 28119K, capacity 28762K, committed 29052K, reserved 1075200K
  class space    used 3231K, capacity 3433K, committed 3452K, reserved 1048576K
2018-05-31T10:16:37.011+0200: 3,281: [GC (Allocation Failure) 2018-05-31T10:16:37.011+0200: 3,281: [ParNew
Desired survivor size 20112992 bytes, new threshold 8 (max 8)
- age   1:    1577000 bytes,    1577000 total
- age   2:    8749024 bytes,   10326024 total
- age   3:    5201024 bytes,   15527048 total
- age   4:     130000 bytes,   15657048 total
- age   5:      11304 bytes,   15668352 total
- age   6:     177560 bytes,   15845912 total
- age   7:     289984 bytes,   16135896 total
- age   8:    1276040 bytes,   17411936 total
: 109248K->21824K(109248K), 0,0612248 secs] 110656K->28804K(502464K), 0,0613290 secs] [Times: user=0,22 sys=0,01, real=0,06 secs] 
Heap after GC invocations=9 (full 1):
 par new generation   total 109248K, used 21824K [0x00000000e0000000, 0x00000000e8000000, 0x00000000e8000000)
  eden space 87424K,   0% used [0x00000000e0000000, 0x00000000e0000000, 0x00000000e5560000)
  from space 21824K, 100% used [0x00000000e6ab0000, 0x00000000e8000000, 0x00000000e8000000)
  to   space 21824K,   0% used [0x00000000e5560000, 0x00000000e5560000, 0x00000000e6ab0000)
 concurrent mark-sweep generation total 393216K, used 6980K [0x00000000e8000000, 0x0000000100000000, 0x0000000100000000)
 Metaspace       used 28119K, capacity 28762K, committed 29052K, reserved 1075200K
  class space    used 3231K, capacity 3433K, committed 3452K, reserved 1048576K
}
2018-05-31T10:16:37.073+0200: 3,342: Total time for which application threads were stopped: 0,0616085 seconds, Stopping threads took: 0,0000807 seconds
{Heap before GC invocations=9 (full 1):
 par new generation   total 109248K, used 109248K [0x00000000e0000000, 0x00000000e8000000, 0x00000000e8000000)
  eden space 87424K, 100% used [0x00000000e0000000, 0x00000000e5560000, 0x00000000e5560000)
  from space 21824K, 100% used [0x00000000e6ab0000, 0x00000000e8000000, 0x00000000e8000000)
  to   space 21824K,   0% used [0x00000000e5560000, 0x00000000e5560000, 0x00000000e6ab0000)
 concurrent mark-sweep generation total 393216K, used 6980K [0x00000000e8000000, 0x0000000100000000, 0x0000000100000000)
 Metaspace       used 28261K, capacity 28916K, committed 29052K, reserved 1075200K
  class space    used 3237K, capacity 3441K, committed 3452K, reserved 1048576K
2018-05-31T10:16:37.237+0200: 3,507: [GC (Allocation Failure) 2018-05-31T10:16:37.237+0200: 3,507: [ParNew
Desired survivor size 20112992 bytes, new threshold 8 (max 8)
- age   1:    3057336 bytes,    3057336 total
- age   2:     124000 bytes,    3181336 total
- age   3:    8598256 bytes,   11779592 total
- age   4:    5200864 bytes,   16980456 total
- age   5:     130000 bytes,   17110456 total
- age   6:      11304 bytes,   17121760 total
- age   7:     177560 bytes,   17299320 total
- age   8:     289984 bytes,   17589304 total
: 109248K->21824K(109248K), 0,0278747 secs] 116228K->30064K(502464K), 0,0279546 secs] [Times: user=0,10 sys=0,00, real=0,03 secs] 
Heap after GC invocations=10 (full 1):
 par new generation   total 109248K, used 21824K [0x00000000e0000000, 0x00000000e8000000, 0x00000000e8000000)
  eden space 87424K,   0% used [0x00000000e0000000, 0x00000000e0000000, 0x00000000e5560000)
  from space 21824K, 100% used [0x00000000e5560000, 0x00000000e6ab0000, 0x00000000e6ab0000)
  to   space 21824K,   0% used [0x00000000e6ab0000, 0x00000000e6ab0000, 0x00000000e8000000)
 concurrent mark-sweep generation total 393216K, used 8240K [0x00000000e8000000, 0x0000000100000000, 0x0000000100000000)
 Metaspace       used 28261K, capacity 28916K, committed 29052K, reserved 1075200K
  class space    used 3237K, capacity 3441K, committed 3452K, reserved 1048576K
}
2018-05-31T10:16:37.265+0200: 3,535: Total time for which application threads were stopped: 0,0305478 seconds, Stopping threads took: 0,0023244 seconds
2018-05-31T10:16:37.780+0200: 4,050: Total time for which application threads were stopped: 0,0003474 seconds, Stopping threads took: 0,0000203 seconds
2018-05-31T10:16:40.762+0200: 7,032: Total time for which application threads were stopped: 0,0018754 seconds, Stopping threads took: 0,0001276 seconds
2018-05-31T10:16:40.763+0200: 7,033: Total time for which application threads were stopped: 0,0004912 seconds, Stopping threads took: 0,0000119 seconds
2018-05-31T10:16:40.813+0200: 7,082: Total time for which application threads were stopped: 0,0011573 seconds, Stopping threads took: 0,0010411 seconds
2018-05-31T10:16:40.826+0200: 7,096: Total time for which application threads were stopped: 0,0013139 seconds, Stopping threads took: 0,0011302 seconds
2018-05-31T10:16:40.833+0200: 7,103: Total time for which application threads were stopped: 0,0007229 seconds, Stopping threads took: 0,0005018 seconds
2018-05-31T10:16:40.833+0200: 7,103: Total time for which application threads were stopped: 0,0001460 seconds, Stopping threads took: 0,0000791 seconds
Heap
 par new generation   total 109248K, used 48130K [0x00000000e0000000, 0x00000000e8000000, 0x00000000e8000000)
  eden space 87424K,  30% used [0x00000000e0000000, 0x00000000e19b0978, 0x00000000e5560000)
  from space 21824K, 100% used [0x00000000e5560000, 0x00000000e6ab0000, 0x00000000e6ab0000)
  to   space 21824K,   0% used [0x00000000e6ab0000, 0x00000000e6ab0000, 0x00000000e8000000)
 concurrent mark-sweep generation total 393216K, used 8240K [0x00000000e8000000, 0x0000000100000000, 0x0000000100000000)
 Metaspace       used 28516K, capacity 29168K, committed 29436K, reserved 1075200K
  class space    used 3261K, capacity 3481K, committed 3580K, reserved 1048576K
