OpenJDK 64-Bit Server VM (25.162-b12) for linux-amd64 JRE (1.8.0_162-8u162-b12-0ubuntu0.16.04.2-b12), built on Mar 14 2018 12:11:18 by "buildd" with gcc 5.4.0 20160609
Memory: 4k page, physical 7867624k(2666604k free), swap 8076284k(7232532k free)
CommandLine flags: -XX:CMSInitiatingOccupancyFraction=50 -XX:CMSMaxAbortablePrecleanTime=6000 -XX:+CMSParallelRemarkEnabled -XX:+CMSScavengeBeforeRemark -XX:ConcGCThreads=4 -XX:InitialHeapSize=536870912 -XX:MaxHeapSize=536870912 -XX:MaxTenuringThreshold=8 -XX:NewRatio=3 -XX:OldPLABSize=16 -XX:OnOutOfMemoryError=/home/gurnoor/workspace/QTM/solr/bin/oom_solr.sh 8983 /home/gurnoor/workspace/QTM/solr/server/logs -XX:ParallelGCThreads=4 -XX:+ParallelRefProcEnabled -XX:PretenureSizeThreshold=67108864 -XX:+PrintGC -XX:+PrintGCApplicationStoppedTime -XX:+PrintGCDateStamps -XX:+PrintGCDetails -XX:+PrintGCTimeStamps -XX:+PrintHeapAtGC -XX:+PrintTenuringDistribution -XX:SurvivorRatio=4 -XX:TargetSurvivorRatio=90 -XX:ThreadStackSize=256 -XX:+UseCMSInitiatingOccupancyOnly -XX:+UseCompressedClassPointers -XX:+UseCompressedOops -XX:+UseConcMarkSweepGC -XX:+UseParNewGC 
2018-04-06T21:44:33.005+0200: 0,108: Total time for which application threads were stopped: 0,0000810 seconds, Stopping threads took: 0,0000151 seconds
2018-04-06T21:44:33.077+0200: 0,180: Total time for which application threads were stopped: 0,0001370 seconds, Stopping threads took: 0,0000227 seconds
2018-04-06T21:44:33.090+0200: 0,193: Total time for which application threads were stopped: 0,0000854 seconds, Stopping threads took: 0,0000165 seconds
2018-04-06T21:44:33.221+0200: 0,324: Total time for which application threads were stopped: 0,0001381 seconds, Stopping threads took: 0,0000212 seconds
2018-04-06T21:44:33.385+0200: 0,488: Total time for which application threads were stopped: 0,0001369 seconds, Stopping threads took: 0,0000160 seconds
2018-04-06T21:44:33.431+0200: 0,534: Total time for which application threads were stopped: 0,0001557 seconds, Stopping threads took: 0,0000186 seconds
2018-04-06T21:44:33.451+0200: 0,554: Total time for which application threads were stopped: 0,0002598 seconds, Stopping threads took: 0,0000580 seconds
2018-04-06T21:44:33.619+0200: 0,723: Total time for which application threads were stopped: 0,0001858 seconds, Stopping threads took: 0,0000173 seconds
2018-04-06T21:44:33.759+0200: 0,862: Total time for which application threads were stopped: 0,0003006 seconds, Stopping threads took: 0,0000232 seconds
2018-04-06T21:44:33.779+0200: 0,882: Total time for which application threads were stopped: 0,0001776 seconds, Stopping threads took: 0,0000166 seconds
2018-04-06T21:44:33.803+0200: 0,906: Total time for which application threads were stopped: 0,0002544 seconds, Stopping threads took: 0,0000285 seconds
2018-04-06T21:44:33.804+0200: 0,907: Total time for which application threads were stopped: 0,0002069 seconds, Stopping threads took: 0,0000214 seconds
2018-04-06T21:44:33.816+0200: 0,919: Total time for which application threads were stopped: 0,0002568 seconds, Stopping threads took: 0,0000679 seconds
2018-04-06T21:44:33.884+0200: 0,987: Total time for which application threads were stopped: 0,0002201 seconds, Stopping threads took: 0,0000259 seconds
2018-04-06T21:44:34.039+0200: 1,142: Total time for which application threads were stopped: 0,0003094 seconds, Stopping threads took: 0,0000616 seconds
{Heap before GC invocations=0 (full 0):
 par new generation   total 109248K, used 87424K [0x00000000e0000000, 0x00000000e8000000, 0x00000000e8000000)
  eden space 87424K, 100% used [0x00000000e0000000, 0x00000000e5560000, 0x00000000e5560000)
  from space 21824K,   0% used [0x00000000e5560000, 0x00000000e5560000, 0x00000000e6ab0000)
  to   space 21824K,   0% used [0x00000000e6ab0000, 0x00000000e6ab0000, 0x00000000e8000000)
 concurrent mark-sweep generation total 393216K, used 0K [0x00000000e8000000, 0x0000000100000000, 0x0000000100000000)
 Metaspace       used 17809K, capacity 18120K, committed 18304K, reserved 1064960K
  class space    used 2021K, capacity 2166K, committed 2176K, reserved 1048576K
2018-04-06T21:44:34.067+0200: 1,170: [GC (Allocation Failure) 2018-04-06T21:44:34.067+0200: 1,170: [ParNew
Desired survivor size 20112992 bytes, new threshold 8 (max 8)
- age   1:   11421424 bytes,   11421424 total
: 87424K->11246K(109248K), 0,0156418 secs] 87424K->11246K(502464K), 0,0157248 secs] [Times: user=0,04 sys=0,00, real=0,01 secs] 
Heap after GC invocations=1 (full 0):
 par new generation   total 109248K, used 11246K [0x00000000e0000000, 0x00000000e8000000, 0x00000000e8000000)
  eden space 87424K,   0% used [0x00000000e0000000, 0x00000000e0000000, 0x00000000e5560000)
  from space 21824K,  51% used [0x00000000e6ab0000, 0x00000000e75aba08, 0x00000000e8000000)
  to   space 21824K,   0% used [0x00000000e5560000, 0x00000000e5560000, 0x00000000e6ab0000)
 concurrent mark-sweep generation total 393216K, used 0K [0x00000000e8000000, 0x0000000100000000, 0x0000000100000000)
 Metaspace       used 17809K, capacity 18120K, committed 18304K, reserved 1064960K
  class space    used 2021K, capacity 2166K, committed 2176K, reserved 1048576K
}
2018-04-06T21:44:34.083+0200: 1,186: Total time for which application threads were stopped: 0,0176676 seconds, Stopping threads took: 0,0017085 seconds
2018-04-06T21:44:34.375+0200: 1,478: Total time for which application threads were stopped: 0,0004436 seconds, Stopping threads took: 0,0000843 seconds
2018-04-06T21:44:34.419+0200: 1,523: Total time for which application threads were stopped: 0,0003750 seconds, Stopping threads took: 0,0000821 seconds
{Heap before GC invocations=1 (full 0):
 par new generation   total 109248K, used 98670K [0x00000000e0000000, 0x00000000e8000000, 0x00000000e8000000)
  eden space 87424K, 100% used [0x00000000e0000000, 0x00000000e5560000, 0x00000000e5560000)
  from space 21824K,  51% used [0x00000000e6ab0000, 0x00000000e75aba08, 0x00000000e8000000)
  to   space 21824K,   0% used [0x00000000e5560000, 0x00000000e5560000, 0x00000000e6ab0000)
 concurrent mark-sweep generation total 393216K, used 0K [0x00000000e8000000, 0x0000000100000000, 0x0000000100000000)
 Metaspace       used 20077K, capacity 20426K, committed 20736K, reserved 1067008K
  class space    used 2296K, capacity 2467K, committed 2560K, reserved 1048576K
2018-04-06T21:44:34.420+0200: 1,523: [GC (Allocation Failure) 2018-04-06T21:44:34.420+0200: 1,523: [ParNew
Desired survivor size 20112992 bytes, new threshold 8 (max 8)
- age   1:    3628752 bytes,    3628752 total
- age   2:    5896704 bytes,    9525456 total
: 98670K->12437K(109248K), 0,0091923 secs] 98670K->12437K(502464K), 0,0092640 secs] [Times: user=0,03 sys=0,00, real=0,01 secs] 
Heap after GC invocations=2 (full 0):
 par new generation   total 109248K, used 12437K [0x00000000e0000000, 0x00000000e8000000, 0x00000000e8000000)
  eden space 87424K,   0% used [0x00000000e0000000, 0x00000000e0000000, 0x00000000e5560000)
  from space 21824K,  56% used [0x00000000e5560000, 0x00000000e6185688, 0x00000000e6ab0000)
  to   space 21824K,   0% used [0x00000000e6ab0000, 0x00000000e6ab0000, 0x00000000e8000000)
 concurrent mark-sweep generation total 393216K, used 0K [0x00000000e8000000, 0x0000000100000000, 0x0000000100000000)
 Metaspace       used 20077K, capacity 20426K, committed 20736K, reserved 1067008K
  class space    used 2296K, capacity 2467K, committed 2560K, reserved 1048576K
}
2018-04-06T21:44:34.430+0200: 1,533: Total time for which application threads were stopped: 0,0096380 seconds, Stopping threads took: 0,0002338 seconds
2018-04-06T21:44:34.491+0200: 1,595: Total time for which application threads were stopped: 0,0027366 seconds, Stopping threads took: 0,0023737 seconds
2018-04-06T21:44:34.616+0200: 1,719: Total time for which application threads were stopped: 0,0002546 seconds, Stopping threads took: 0,0000503 seconds
{Heap before GC invocations=2 (full 0):
 par new generation   total 109248K, used 99861K [0x00000000e0000000, 0x00000000e8000000, 0x00000000e8000000)
  eden space 87424K, 100% used [0x00000000e0000000, 0x00000000e5560000, 0x00000000e5560000)
  from space 21824K,  56% used [0x00000000e5560000, 0x00000000e6185688, 0x00000000e6ab0000)
  to   space 21824K,   0% used [0x00000000e6ab0000, 0x00000000e6ab0000, 0x00000000e8000000)
 concurrent mark-sweep generation total 393216K, used 0K [0x00000000e8000000, 0x0000000100000000, 0x0000000100000000)
 Metaspace       used 21023K, capacity 21348K, committed 21628K, reserved 1069056K
  class space    used 2421K, capacity 2586K, committed 2684K, reserved 1048576K
2018-04-06T21:44:34.666+0200: 1,769: [GC (Allocation Failure) 2018-04-06T21:44:34.666+0200: 1,769: [ParNew
Desired survivor size 20112992 bytes, new threshold 8 (max 8)
- age   1:    2269032 bytes,    2269032 total
- age   2:    1071472 bytes,    3340504 total
- age   3:    5894840 bytes,    9235344 total
: 99861K->11846K(109248K), 0,0138856 secs] 99861K->11846K(502464K), 0,0139786 secs] [Times: user=0,06 sys=0,00, real=0,02 secs] 
Heap after GC invocations=3 (full 0):
 par new generation   total 109248K, used 11846K [0x00000000e0000000, 0x00000000e8000000, 0x00000000e8000000)
  eden space 87424K,   0% used [0x00000000e0000000, 0x00000000e0000000, 0x00000000e5560000)
  from space 21824K,  54% used [0x00000000e6ab0000, 0x00000000e7641a20, 0x00000000e8000000)
  to   space 21824K,   0% used [0x00000000e5560000, 0x00000000e5560000, 0x00000000e6ab0000)
 concurrent mark-sweep generation total 393216K, used 0K [0x00000000e8000000, 0x0000000100000000, 0x0000000100000000)
 Metaspace       used 21023K, capacity 21348K, committed 21628K, reserved 1069056K
  class space    used 2421K, capacity 2586K, committed 2684K, reserved 1048576K
}
2018-04-06T21:44:34.680+0200: 1,783: Total time for which application threads were stopped: 0,0143184 seconds, Stopping threads took: 0,0001604 seconds
2018-04-06T21:44:34.683+0200: 1,786: [GC (CMS Initial Mark) [1 CMS-initial-mark: 0K(393216K)] 16115K(502464K), 0,0039599 secs] [Times: user=0,01 sys=0,00, real=0,01 secs] 
2018-04-06T21:44:34.687+0200: 1,790: Total time for which application threads were stopped: 0,0045593 seconds, Stopping threads took: 0,0004777 seconds
2018-04-06T21:44:34.687+0200: 1,790: [CMS-concurrent-mark-start]
2018-04-06T21:44:34.688+0200: 1,791: [CMS-concurrent-mark: 0,000/0,000 secs] [Times: user=0,01 sys=0,00, real=0,00 secs] 
2018-04-06T21:44:34.688+0200: 1,791: [CMS-concurrent-preclean-start]
2018-04-06T21:44:34.689+0200: 1,792: [CMS-concurrent-preclean: 0,001/0,001 secs] [Times: user=0,00 sys=0,00, real=0,00 secs] 
2018-04-06T21:44:34.689+0200: 1,792: [CMS-concurrent-abortable-preclean-start]
2018-04-06T21:44:34.762+0200: 1,865: Total time for which application threads were stopped: 0,0001995 seconds, Stopping threads took: 0,0000879 seconds
{Heap before GC invocations=3 (full 1):
 par new generation   total 109248K, used 99270K [0x00000000e0000000, 0x00000000e8000000, 0x00000000e8000000)
  eden space 87424K, 100% used [0x00000000e0000000, 0x00000000e5560000, 0x00000000e5560000)
  from space 21824K,  54% used [0x00000000e6ab0000, 0x00000000e7641a20, 0x00000000e8000000)
  to   space 21824K,   0% used [0x00000000e5560000, 0x00000000e5560000, 0x00000000e6ab0000)
 concurrent mark-sweep generation total 393216K, used 0K [0x00000000e8000000, 0x0000000100000000, 0x0000000100000000)
 Metaspace       used 21280K, capacity 21681K, committed 21884K, reserved 1069056K
  class space    used 2449K, capacity 2601K, committed 2684K, reserved 1048576K
2018-04-06T21:44:34.796+0200: 1,899: [GC (Allocation Failure) 2018-04-06T21:44:34.796+0200: 1,899: [ParNew
Desired survivor size 20112992 bytes, new threshold 8 (max 8)
- age   1:     932248 bytes,     932248 total
- age   2:    1457800 bytes,    2390048 total
- age   3:    1069672 bytes,    3459720 total
- age   4:    5894952 bytes,    9354672 total
: 99270K->11745K(109248K), 0,0085984 secs] 99270K->11745K(502464K), 0,0086713 secs] [Times: user=0,03 sys=0,00, real=0,01 secs] 
Heap after GC invocations=4 (full 1):
 par new generation   total 109248K, used 11745K [0x00000000e0000000, 0x00000000e8000000, 0x00000000e8000000)
  eden space 87424K,   0% used [0x00000000e0000000, 0x00000000e0000000, 0x00000000e5560000)
  from space 21824K,  53% used [0x00000000e5560000, 0x00000000e60d87c0, 0x00000000e6ab0000)
  to   space 21824K,   0% used [0x00000000e6ab0000, 0x00000000e6ab0000, 0x00000000e8000000)
 concurrent mark-sweep generation total 393216K, used 0K [0x00000000e8000000, 0x0000000100000000, 0x0000000100000000)
 Metaspace       used 21280K, capacity 21681K, committed 21884K, reserved 1069056K
  class space    used 2449K, capacity 2601K, committed 2684K, reserved 1048576K
}
2018-04-06T21:44:34.804+0200: 1,907: Total time for which application threads were stopped: 0,0089313 seconds, Stopping threads took: 0,0000815 seconds
2018-04-06T21:44:34.804+0200: 1,907: [CMS-concurrent-abortable-preclean: 0,073/0,115 secs] [Times: user=0,43 sys=0,00, real=0,11 secs] 
2018-04-06T21:44:34.807+0200: 1,910: [GC (CMS Final Remark) [YG occupancy: 15034 K (109248 K)]{Heap before GC invocations=4 (full 1):
 par new generation   total 109248K, used 15034K [0x00000000e0000000, 0x00000000e8000000, 0x00000000e8000000)
  eden space 87424K,   3% used [0x00000000e0000000, 0x00000000e0336078, 0x00000000e5560000)
  from space 21824K,  53% used [0x00000000e5560000, 0x00000000e60d87c0, 0x00000000e6ab0000)
  to   space 21824K,   0% used [0x00000000e6ab0000, 0x00000000e6ab0000, 0x00000000e8000000)
 concurrent mark-sweep generation total 393216K, used 0K [0x00000000e8000000, 0x0000000100000000, 0x0000000100000000)
 Metaspace       used 21280K, capacity 21681K, committed 21884K, reserved 1069056K
  class space    used 2449K, capacity 2601K, committed 2684K, reserved 1048576K
2018-04-06T21:44:34.807+0200: 1,910: [GC (CMS Final Remark) 2018-04-06T21:44:34.807+0200: 1,910: [ParNew
Desired survivor size 20112992 bytes, new threshold 8 (max 8)
- age   1:     717528 bytes,     717528 total
- age   2:     726392 bytes,    1443920 total
- age   3:    1457776 bytes,    2901696 total
- age   4:    1069736 bytes,    3971432 total
- age   5:    5894896 bytes,    9866328 total
: 15034K->16052K(109248K), 0,0087760 secs] 15034K->16052K(502464K), 0,0088179 secs] [Times: user=0,03 sys=0,00, real=0,00 secs] 
Heap after GC invocations=5 (full 1):
 par new generation   total 109248K, used 16052K [0x00000000e0000000, 0x00000000e8000000, 0x00000000e8000000)
  eden space 87424K,   0% used [0x00000000e0000000, 0x00000000e0000000, 0x00000000e5560000)
  from space 21824K,  73% used [0x00000000e6ab0000, 0x00000000e7a5d0c0, 0x00000000e8000000)
  to   space 21824K,   0% used [0x00000000e5560000, 0x00000000e5560000, 0x00000000e6ab0000)
 concurrent mark-sweep generation total 393216K, used 0K [0x00000000e8000000, 0x0000000100000000, 0x0000000100000000)
 Metaspace       used 21280K, capacity 21681K, committed 21884K, reserved 1069056K
  class space    used 2449K, capacity 2601K, committed 2684K, reserved 1048576K
}
2018-04-06T21:44:34.816+0200: 1,919: [Rescan (parallel) , 0,0031196 secs]2018-04-06T21:44:34.819+0200: 1,922: [weak refs processing, 0,0006374 secs]2018-04-06T21:44:34.820+0200: 1,923: [class unloading, 0,0028712 secs]2018-04-06T21:44:34.823+0200: 1,926: [scrub symbol table, 0,0026675 secs]2018-04-06T21:44:34.825+0200: 1,928: [scrub string table, 0,0003902 secs][1 CMS-remark: 0K(393216K)] 16052K(502464K), 0,0192255 secs] [Times: user=0,06 sys=0,00, real=0,01 secs] 
2018-04-06T21:44:34.826+0200: 1,929: Total time for which application threads were stopped: 0,0208233 seconds, Stopping threads took: 0,0015119 seconds
2018-04-06T21:44:34.826+0200: 1,930: [CMS-concurrent-sweep-start]
2018-04-06T21:44:34.827+0200: 1,930: [CMS-concurrent-sweep: 0,000/0,000 secs] [Times: user=0,00 sys=0,00, real=0,00 secs] 
2018-04-06T21:44:34.827+0200: 1,930: [CMS-concurrent-reset-start]
2018-04-06T21:44:34.829+0200: 1,932: [CMS-concurrent-reset: 0,002/0,002 secs] [Times: user=0,00 sys=0,01, real=0,01 secs] 
2018-04-06T21:44:34.911+0200: 2,015: Total time for which application threads were stopped: 0,0027654 seconds, Stopping threads took: 0,0024263 seconds
{Heap before GC invocations=5 (full 1):
 par new generation   total 109248K, used 103476K [0x00000000e0000000, 0x00000000e8000000, 0x00000000e8000000)
  eden space 87424K, 100% used [0x00000000e0000000, 0x00000000e5560000, 0x00000000e5560000)
  from space 21824K,  73% used [0x00000000e6ab0000, 0x00000000e7a5d0c0, 0x00000000e8000000)
  to   space 21824K,   0% used [0x00000000e5560000, 0x00000000e5560000, 0x00000000e6ab0000)
 concurrent mark-sweep generation total 393216K, used 0K [0x00000000e8000000, 0x0000000100000000, 0x0000000100000000)
 Metaspace       used 21739K, capacity 22081K, committed 22140K, reserved 1069056K
  class space    used 2513K, capacity 2669K, committed 2684K, reserved 1048576K
2018-04-06T21:44:34.947+0200: 2,050: [GC (Allocation Failure) 2018-04-06T21:44:34.947+0200: 2,050: [ParNew
Desired survivor size 20112992 bytes, new threshold 8 (max 8)
- age   1:     795752 bytes,     795752 total
- age   2:        624 bytes,     796376 total
- age   3:     178208 bytes,     974584 total
- age   4:     680912 bytes,    1655496 total
- age   5:    1063752 bytes,    2719248 total
- age   6:    5894808 bytes,    8614056 total
: 103476K->11038K(109248K), 0,0123860 secs] 103476K->11038K(502464K), 0,0124563 secs] [Times: user=0,05 sys=0,00, real=0,01 secs] 
Heap after GC invocations=6 (full 1):
 par new generation   total 109248K, used 11038K [0x00000000e0000000, 0x00000000e8000000, 0x00000000e8000000)
  eden space 87424K,   0% used [0x00000000e0000000, 0x00000000e0000000, 0x00000000e5560000)
  from space 21824K,  50% used [0x00000000e5560000, 0x00000000e6027880, 0x00000000e6ab0000)
  to   space 21824K,   0% used [0x00000000e6ab0000, 0x00000000e6ab0000, 0x00000000e8000000)
 concurrent mark-sweep generation total 393216K, used 0K [0x00000000e8000000, 0x0000000100000000, 0x0000000100000000)
 Metaspace       used 21739K, capacity 22081K, committed 22140K, reserved 1069056K
  class space    used 2513K, capacity 2669K, committed 2684K, reserved 1048576K
}
2018-04-06T21:44:34.960+0200: 2,063: Total time for which application threads were stopped: 0,0126851 seconds, Stopping threads took: 0,0000844 seconds
2018-04-06T21:44:35.219+0200: 2,322: Total time for which application threads were stopped: 0,0005939 seconds, Stopping threads took: 0,0000713 seconds
2018-04-06T21:44:35.233+0200: 2,336: Total time for which application threads were stopped: 0,0003961 seconds, Stopping threads took: 0,0000444 seconds
{Heap before GC invocations=6 (full 1):
 par new generation   total 109248K, used 98462K [0x00000000e0000000, 0x00000000e8000000, 0x00000000e8000000)
  eden space 87424K, 100% used [0x00000000e0000000, 0x00000000e5560000, 0x00000000e5560000)
  from space 21824K,  50% used [0x00000000e5560000, 0x00000000e6027880, 0x00000000e6ab0000)
  to   space 21824K,   0% used [0x00000000e6ab0000, 0x00000000e6ab0000, 0x00000000e8000000)
 concurrent mark-sweep generation total 393216K, used 0K [0x00000000e8000000, 0x0000000100000000, 0x0000000100000000)
 Metaspace       used 25456K, capacity 26013K, committed 26236K, reserved 1073152K
  class space    used 2947K, capacity 3153K, committed 3196K, reserved 1048576K
2018-04-06T21:44:35.547+0200: 2,650: [GC (Allocation Failure) 2018-04-06T21:44:35.547+0200: 2,650: [ParNew
Desired survivor size 20112992 bytes, new threshold 8 (max 8)
- age   1:    8076488 bytes,    8076488 total
- age   2:     272600 bytes,    8349088 total
- age   3:        624 bytes,    8349712 total
- age   4:     177304 bytes,    8527016 total
- age   5:     285888 bytes,    8812904 total
- age   6:    1043800 bytes,    9856704 total
- age   7:    5888000 bytes,   15744704 total
: 98462K->17033K(109248K), 0,0220781 secs] 98462K->17033K(502464K), 0,0221451 secs] [Times: user=0,06 sys=0,01, real=0,02 secs] 
Heap after GC invocations=7 (full 1):
 par new generation   total 109248K, used 17033K [0x00000000e0000000, 0x00000000e8000000, 0x00000000e8000000)
  eden space 87424K,   0% used [0x00000000e0000000, 0x00000000e0000000, 0x00000000e5560000)
  from space 21824K,  78% used [0x00000000e6ab0000, 0x00000000e7b52600, 0x00000000e8000000)
  to   space 21824K,   0% used [0x00000000e5560000, 0x00000000e5560000, 0x00000000e6ab0000)
 concurrent mark-sweep generation total 393216K, used 0K [0x00000000e8000000, 0x0000000100000000, 0x0000000100000000)
 Metaspace       used 25456K, capacity 26013K, committed 26236K, reserved 1073152K
  class space    used 2947K, capacity 3153K, committed 3196K, reserved 1048576K
}
2018-04-06T21:44:35.569+0200: 2,672: Total time for which application threads were stopped: 0,0291596 seconds, Stopping threads took: 0,0067243 seconds
2018-04-06T21:44:35.655+0200: 2,758: Total time for which application threads were stopped: 0,0004913 seconds, Stopping threads took: 0,0000588 seconds
2018-04-06T21:44:35.671+0200: 2,774: Total time for which application threads were stopped: 0,0006015 seconds, Stopping threads took: 0,0000397 seconds
2018-04-06T21:44:35.733+0200: 2,836: Total time for which application threads were stopped: 0,0005734 seconds, Stopping threads took: 0,0000462 seconds
2018-04-06T21:44:35.844+0200: 2,947: Total time for which application threads were stopped: 0,0057451 seconds, Stopping threads took: 0,0050679 seconds
{Heap before GC invocations=7 (full 1):
 par new generation   total 109248K, used 104457K [0x00000000e0000000, 0x00000000e8000000, 0x00000000e8000000)
  eden space 87424K, 100% used [0x00000000e0000000, 0x00000000e5560000, 0x00000000e5560000)
  from space 21824K,  78% used [0x00000000e6ab0000, 0x00000000e7b52600, 0x00000000e8000000)
  to   space 21824K,   0% used [0x00000000e5560000, 0x00000000e5560000, 0x00000000e6ab0000)
 concurrent mark-sweep generation total 393216K, used 0K [0x00000000e8000000, 0x0000000100000000, 0x0000000100000000)
 Metaspace       used 27986K, capacity 28533K, committed 28796K, reserved 1075200K
  class space    used 3219K, capacity 3387K, committed 3452K, reserved 1048576K
2018-04-06T21:44:35.975+0200: 3,078: [GC (Allocation Failure) 2018-04-06T21:44:35.975+0200: 3,078: [ParNew
Desired survivor size 20112992 bytes, new threshold 8 (max 8)
- age   1:   10247528 bytes,   10247528 total
- age   2:    4360040 bytes,   14607568 total
- age   3:     260328 bytes,   14867896 total
- age   4:        624 bytes,   14868520 total
- age   5:     177128 bytes,   15045648 total
- age   6:     285616 bytes,   15331264 total
- age   7:    1035328 bytes,   16366592 total
- age   8:    5881344 bytes,   22247936 total
: 104457K->21824K(109248K), 0,0388491 secs] 104457K->23388K(502464K), 0,0389543 secs] [Times: user=0,14 sys=0,00, real=0,04 secs] 
Heap after GC invocations=8 (full 1):
 par new generation   total 109248K, used 21824K [0x00000000e0000000, 0x00000000e8000000, 0x00000000e8000000)
  eden space 87424K,   0% used [0x00000000e0000000, 0x00000000e0000000, 0x00000000e5560000)
  from space 21824K, 100% used [0x00000000e5560000, 0x00000000e6ab0000, 0x00000000e6ab0000)
  to   space 21824K,   0% used [0x00000000e6ab0000, 0x00000000e6ab0000, 0x00000000e8000000)
 concurrent mark-sweep generation total 393216K, used 1564K [0x00000000e8000000, 0x0000000100000000, 0x0000000100000000)
 Metaspace       used 27986K, capacity 28533K, committed 28796K, reserved 1075200K
  class space    used 3219K, capacity 3387K, committed 3452K, reserved 1048576K
}
2018-04-06T21:44:36.014+0200: 3,117: Total time for which application threads were stopped: 0,0392364 seconds, Stopping threads took: 0,0000590 seconds
{Heap before GC invocations=8 (full 1):
 par new generation   total 109248K, used 109248K [0x00000000e0000000, 0x00000000e8000000, 0x00000000e8000000)
  eden space 87424K, 100% used [0x00000000e0000000, 0x00000000e5560000, 0x00000000e5560000)
  from space 21824K, 100% used [0x00000000e5560000, 0x00000000e6ab0000, 0x00000000e6ab0000)
  to   space 21824K,   0% used [0x00000000e6ab0000, 0x00000000e6ab0000, 0x00000000e8000000)
 concurrent mark-sweep generation total 393216K, used 1564K [0x00000000e8000000, 0x0000000100000000, 0x0000000100000000)
 Metaspace       used 28013K, capacity 28619K, committed 28796K, reserved 1075200K
  class space    used 3221K, capacity 3391K, committed 3452K, reserved 1048576K
2018-04-06T21:44:36.074+0200: 3,177: [GC (Allocation Failure) 2018-04-06T21:44:36.075+0200: 3,178: [ParNew
Desired survivor size 20112992 bytes, new threshold 8 (max 8)
- age   1:    1226096 bytes,    1226096 total
- age   2:    9318360 bytes,   10544456 total
- age   3:    4359944 bytes,   14904400 total
- age   4:     260328 bytes,   15164728 total
- age   5:        624 bytes,   15165352 total
- age   6:     176920 bytes,   15342272 total
- age   7:     285616 bytes,   15627888 total
- age   8:    1035328 bytes,   16663216 total
: 109248K->21713K(109248K), 0,0721943 secs] 110812K->29093K(502464K), 0,0732094 secs] [Times: user=0,22 sys=0,02, real=0,08 secs] 
Heap after GC invocations=9 (full 1):
 par new generation   total 109248K, used 21713K [0x00000000e0000000, 0x00000000e8000000, 0x00000000e8000000)
  eden space 87424K,   0% used [0x00000000e0000000, 0x00000000e0000000, 0x00000000e5560000)
  from space 21824K,  99% used [0x00000000e6ab0000, 0x00000000e7fe47c8, 0x00000000e8000000)
  to   space 21824K,   0% used [0x00000000e5560000, 0x00000000e5560000, 0x00000000e6ab0000)
 concurrent mark-sweep generation total 393216K, used 7380K [0x00000000e8000000, 0x0000000100000000, 0x0000000100000000)
 Metaspace       used 28013K, capacity 28619K, committed 28796K, reserved 1075200K
  class space    used 3221K, capacity 3391K, committed 3452K, reserved 1048576K
}
2018-04-06T21:44:36.147+0200: 3,250: Total time for which application threads were stopped: 0,0736369 seconds, Stopping threads took: 0,0001390 seconds
{Heap before GC invocations=9 (full 1):
 par new generation   total 109248K, used 109137K [0x00000000e0000000, 0x00000000e8000000, 0x00000000e8000000)
  eden space 87424K, 100% used [0x00000000e0000000, 0x00000000e5560000, 0x00000000e5560000)
  from space 21824K,  99% used [0x00000000e6ab0000, 0x00000000e7fe47c8, 0x00000000e8000000)
  to   space 21824K,   0% used [0x00000000e5560000, 0x00000000e5560000, 0x00000000e6ab0000)
 concurrent mark-sweep generation total 393216K, used 7380K [0x00000000e8000000, 0x0000000100000000, 0x0000000100000000)
 Metaspace       used 28145K, capacity 28785K, committed 29052K, reserved 1075200K
  class space    used 3228K, capacity 3401K, committed 3452K, reserved 1048576K
2018-04-06T21:44:36.298+0200: 3,401: [GC (Allocation Failure) 2018-04-06T21:44:36.298+0200: 3,401: [ParNew
Desired survivor size 20112992 bytes, new threshold 8 (max 8)
- age   1:    1146528 bytes,    1146528 total
- age   2:     119752 bytes,    1266280 total
- age   3:    9154720 bytes,   10421000 total
- age   4:    4359712 bytes,   14780712 total
- age   5:     260328 bytes,   15041040 total
- age   6:        624 bytes,   15041664 total
- age   7:     176920 bytes,   15218584 total
- age   8:     285616 bytes,   15504200 total
: 109137K->20454K(109248K), 0,0292071 secs] 116517K->28858K(502464K), 0,0293013 secs] [Times: user=0,11 sys=0,00, real=0,04 secs] 
Heap after GC invocations=10 (full 1):
 par new generation   total 109248K, used 20454K [0x00000000e0000000, 0x00000000e8000000, 0x00000000e8000000)
  eden space 87424K,   0% used [0x00000000e0000000, 0x00000000e0000000, 0x00000000e5560000)
  from space 21824K,  93% used [0x00000000e5560000, 0x00000000e6959b48, 0x00000000e6ab0000)
  to   space 21824K,   0% used [0x00000000e6ab0000, 0x00000000e6ab0000, 0x00000000e8000000)
 concurrent mark-sweep generation total 393216K, used 8403K [0x00000000e8000000, 0x0000000100000000, 0x0000000100000000)
 Metaspace       used 28145K, capacity 28785K, committed 29052K, reserved 1075200K
  class space    used 3228K, capacity 3401K, committed 3452K, reserved 1048576K
}
2018-04-06T21:44:36.328+0200: 3,431: Total time for which application threads were stopped: 0,0296298 seconds, Stopping threads took: 0,0000640 seconds
2018-04-06T21:44:36.956+0200: 4,059: Total time for which application threads were stopped: 0,0006601 seconds, Stopping threads took: 0,0000375 seconds
2018-04-06T21:44:39.173+0200: 6,276: Total time for which application threads were stopped: 0,0000834 seconds, Stopping threads took: 0,0000251 seconds
2018-04-06T21:44:39.177+0200: 6,280: Total time for which application threads were stopped: 0,0000727 seconds, Stopping threads took: 0,0000152 seconds
2018-04-06T21:44:39.194+0200: 6,297: Total time for which application threads were stopped: 0,0004018 seconds, Stopping threads took: 0,0000177 seconds
2018-04-06T21:44:39.207+0200: 6,311: Total time for which application threads were stopped: 0,0000872 seconds, Stopping threads took: 0,0000265 seconds
2018-04-06T21:44:39.208+0200: 6,311: Total time for which application threads were stopped: 0,0000641 seconds, Stopping threads took: 0,0000225 seconds
2018-04-06T21:44:39.409+0200: 6,512: Total time for which application threads were stopped: 0,0001716 seconds, Stopping threads took: 0,0000964 seconds
2018-04-06T21:44:39.412+0200: 6,515: Total time for which application threads were stopped: 0,0000967 seconds, Stopping threads took: 0,0000359 seconds
2018-04-06T21:44:39.779+0200: 6,882: Total time for which application threads were stopped: 0,0001321 seconds, Stopping threads took: 0,0000218 seconds
2018-04-06T21:44:39.780+0200: 6,883: Total time for which application threads were stopped: 0,0000476 seconds, Stopping threads took: 0,0000111 seconds
2018-04-06T21:44:39.780+0200: 6,883: Total time for which application threads were stopped: 0,0000347 seconds, Stopping threads took: 0,0000074 seconds
2018-04-06T21:44:39.780+0200: 6,883: Total time for which application threads were stopped: 0,0000314 seconds, Stopping threads took: 0,0000079 seconds
2018-04-06T21:44:39.780+0200: 6,883: Total time for which application threads were stopped: 0,0000332 seconds, Stopping threads took: 0,0000068 seconds
2018-04-06T21:44:39.780+0200: 6,883: Total time for which application threads were stopped: 0,0000289 seconds, Stopping threads took: 0,0000064 seconds
2018-04-06T21:44:39.780+0200: 6,883: Total time for which application threads were stopped: 0,0000334 seconds, Stopping threads took: 0,0000093 seconds
2018-04-06T21:44:39.780+0200: 6,883: Total time for which application threads were stopped: 0,0000353 seconds, Stopping threads took: 0,0000090 seconds
2018-04-06T21:44:39.780+0200: 6,883: Total time for which application threads were stopped: 0,0000341 seconds, Stopping threads took: 0,0000084 seconds
2018-04-06T21:44:39.780+0200: 6,883: Total time for which application threads were stopped: 0,0000527 seconds, Stopping threads took: 0,0000133 seconds
2018-04-06T21:44:39.781+0200: 6,884: Total time for which application threads were stopped: 0,0001170 seconds, Stopping threads took: 0,0000457 seconds
2018-04-06T21:44:39.781+0200: 6,884: Total time for which application threads were stopped: 0,0000348 seconds, Stopping threads took: 0,0000090 seconds
2018-04-06T21:44:39.781+0200: 6,884: Total time for which application threads were stopped: 0,0000292 seconds, Stopping threads took: 0,0000071 seconds
2018-04-06T21:44:39.781+0200: 6,884: Total time for which application threads were stopped: 0,0000287 seconds, Stopping threads took: 0,0000068 seconds
2018-04-06T21:44:39.781+0200: 6,884: Total time for which application threads were stopped: 0,0000293 seconds, Stopping threads took: 0,0000070 seconds
2018-04-06T21:44:39.781+0200: 6,884: Total time for which application threads were stopped: 0,0000336 seconds, Stopping threads took: 0,0000077 seconds
2018-04-06T21:44:39.781+0200: 6,884: Total time for which application threads were stopped: 0,0000286 seconds, Stopping threads took: 0,0000074 seconds
2018-04-06T21:44:39.781+0200: 6,884: Total time for which application threads were stopped: 0,0000294 seconds, Stopping threads took: 0,0000073 seconds
2018-04-06T21:44:39.782+0200: 6,885: Total time for which application threads were stopped: 0,0001500 seconds, Stopping threads took: 0,0000088 seconds
2018-04-06T21:44:39.782+0200: 6,885: Total time for which application threads were stopped: 0,0000468 seconds, Stopping threads took: 0,0000077 seconds
2018-04-06T21:44:39.782+0200: 6,885: Total time for which application threads were stopped: 0,0000508 seconds, Stopping threads took: 0,0000154 seconds
2018-04-06T21:44:39.783+0200: 6,886: Total time for which application threads were stopped: 0,0002676 seconds, Stopping threads took: 0,0000649 seconds
2018-04-06T21:44:39.784+0200: 6,887: Total time for which application threads were stopped: 0,0001663 seconds, Stopping threads took: 0,0000442 seconds
2018-04-06T21:44:39.784+0200: 6,887: Total time for which application threads were stopped: 0,0000446 seconds, Stopping threads took: 0,0000118 seconds
2018-04-06T21:44:39.785+0200: 6,888: Total time for which application threads were stopped: 0,0000373 seconds, Stopping threads took: 0,0000101 seconds
2018-04-06T21:44:39.785+0200: 6,888: Total time for which application threads were stopped: 0,0000355 seconds, Stopping threads took: 0,0000092 seconds
2018-04-06T21:44:39.785+0200: 6,888: Total time for which application threads were stopped: 0,0000325 seconds, Stopping threads took: 0,0000084 seconds
2018-04-06T21:44:39.785+0200: 6,888: Total time for which application threads were stopped: 0,0000343 seconds, Stopping threads took: 0,0000088 seconds
2018-04-06T21:44:39.785+0200: 6,888: Total time for which application threads were stopped: 0,0000325 seconds, Stopping threads took: 0,0000084 seconds
2018-04-06T21:44:39.785+0200: 6,888: Total time for which application threads were stopped: 0,0000331 seconds, Stopping threads took: 0,0000075 seconds
2018-04-06T21:44:39.786+0200: 6,889: Total time for which application threads were stopped: 0,0000300 seconds, Stopping threads took: 0,0000074 seconds
2018-04-06T21:44:39.786+0200: 6,889: Total time for which application threads were stopped: 0,0000298 seconds, Stopping threads took: 0,0000074 seconds
2018-04-06T21:44:39.786+0200: 6,889: Total time for which application threads were stopped: 0,0000351 seconds, Stopping threads took: 0,0000079 seconds
2018-04-06T21:44:39.787+0200: 6,890: Total time for which application threads were stopped: 0,0001309 seconds, Stopping threads took: 0,0000098 seconds
2018-04-06T21:44:40.787+0200: 7,890: Total time for which application threads were stopped: 0,0001559 seconds, Stopping threads took: 0,0000300 seconds
2018-04-06T21:44:41.787+0200: 8,890: Total time for which application threads were stopped: 0,0001768 seconds, Stopping threads took: 0,0000323 seconds
2018-04-06T21:44:42.787+0200: 9,890: Total time for which application threads were stopped: 0,0000973 seconds, Stopping threads took: 0,0000206 seconds
2018-04-06T21:44:43.730+0200: 10,833: Total time for which application threads were stopped: 0,0000774 seconds, Stopping threads took: 0,0000140 seconds
2018-04-06T21:44:43.730+0200: 10,833: Total time for which application threads were stopped: 0,0000624 seconds, Stopping threads took: 0,0000203 seconds
2018-04-06T21:44:43.730+0200: 10,833: Total time for which application threads were stopped: 0,0000639 seconds, Stopping threads took: 0,0000225 seconds
2018-04-06T21:44:43.730+0200: 10,833: Total time for which application threads were stopped: 0,0000926 seconds, Stopping threads took: 0,0000311 seconds
2018-04-06T21:44:43.731+0200: 10,834: Total time for which application threads were stopped: 0,0000656 seconds, Stopping threads took: 0,0000247 seconds
2018-04-06T21:44:43.731+0200: 10,834: Total time for which application threads were stopped: 0,0000661 seconds, Stopping threads took: 0,0000304 seconds
2018-04-06T21:44:43.731+0200: 10,834: Total time for which application threads were stopped: 0,0000651 seconds, Stopping threads took: 0,0000313 seconds
2018-04-06T21:44:43.731+0200: 10,834: Total time for which application threads were stopped: 0,0000440 seconds, Stopping threads took: 0,0000127 seconds
2018-04-06T21:44:43.731+0200: 10,834: Total time for which application threads were stopped: 0,0000362 seconds, Stopping threads took: 0,0000083 seconds
2018-04-06T21:44:43.731+0200: 10,834: Total time for which application threads were stopped: 0,0000753 seconds, Stopping threads took: 0,0000447 seconds
2018-04-06T21:44:43.732+0200: 10,835: Total time for which application threads were stopped: 0,0000383 seconds, Stopping threads took: 0,0000095 seconds
2018-04-06T21:44:43.732+0200: 10,835: Total time for which application threads were stopped: 0,0000554 seconds, Stopping threads took: 0,0000138 seconds
2018-04-06T21:44:43.732+0200: 10,835: Total time for which application threads were stopped: 0,0000531 seconds, Stopping threads took: 0,0000133 seconds
2018-04-06T21:44:43.732+0200: 10,835: Total time for which application threads were stopped: 0,0000386 seconds, Stopping threads took: 0,0000088 seconds
2018-04-06T21:44:43.732+0200: 10,835: Total time for which application threads were stopped: 0,0000347 seconds, Stopping threads took: 0,0000085 seconds
2018-04-06T21:44:43.732+0200: 10,835: Total time for which application threads were stopped: 0,0000367 seconds, Stopping threads took: 0,0000083 seconds
2018-04-06T21:44:43.732+0200: 10,835: Total time for which application threads were stopped: 0,0000339 seconds, Stopping threads took: 0,0000082 seconds
2018-04-06T21:44:43.732+0200: 10,835: Total time for which application threads were stopped: 0,0000344 seconds, Stopping threads took: 0,0000080 seconds
2018-04-06T21:44:43.732+0200: 10,835: Total time for which application threads were stopped: 0,0000340 seconds, Stopping threads took: 0,0000085 seconds
2018-04-06T21:44:43.733+0200: 10,836: Total time for which application threads were stopped: 0,0001118 seconds, Stopping threads took: 0,0000081 seconds
2018-04-06T21:44:43.734+0200: 10,837: Total time for which application threads were stopped: 0,0000545 seconds, Stopping threads took: 0,0000108 seconds
2018-04-06T21:44:43.734+0200: 10,837: Total time for which application threads were stopped: 0,0000393 seconds, Stopping threads took: 0,0000101 seconds
2018-04-06T21:44:43.734+0200: 10,837: Total time for which application threads were stopped: 0,0000442 seconds, Stopping threads took: 0,0000106 seconds
2018-04-06T21:44:43.734+0200: 10,837: Total time for which application threads were stopped: 0,0000410 seconds, Stopping threads took: 0,0000120 seconds
2018-04-06T21:44:43.734+0200: 10,837: Total time for which application threads were stopped: 0,0000362 seconds, Stopping threads took: 0,0000092 seconds
2018-04-06T21:44:43.734+0200: 10,837: Total time for which application threads were stopped: 0,0000358 seconds, Stopping threads took: 0,0000091 seconds
2018-04-06T21:44:43.735+0200: 10,838: Total time for which application threads were stopped: 0,0000582 seconds, Stopping threads took: 0,0000205 seconds
2018-04-06T21:44:43.735+0200: 10,838: Total time for which application threads were stopped: 0,0000862 seconds, Stopping threads took: 0,0000340 seconds
2018-04-06T21:44:43.735+0200: 10,838: Total time for which application threads were stopped: 0,0001066 seconds, Stopping threads took: 0,0000785 seconds
2018-04-06T21:44:43.735+0200: 10,839: Total time for which application threads were stopped: 0,0000489 seconds, Stopping threads took: 0,0000216 seconds
2018-04-06T21:44:43.736+0200: 10,839: Total time for which application threads were stopped: 0,0000332 seconds, Stopping threads took: 0,0000088 seconds
2018-04-06T21:44:43.736+0200: 10,839: Total time for which application threads were stopped: 0,0000274 seconds, Stopping threads took: 0,0000052 seconds
2018-04-06T21:44:43.737+0200: 10,840: Total time for which application threads were stopped: 0,0000921 seconds, Stopping threads took: 0,0000242 seconds
2018-04-06T21:44:43.737+0200: 10,840: Total time for which application threads were stopped: 0,0000355 seconds, Stopping threads took: 0,0000102 seconds
2018-04-06T21:44:43.738+0200: 10,841: Total time for which application threads were stopped: 0,0000333 seconds, Stopping threads took: 0,0000093 seconds
2018-04-06T21:44:43.738+0200: 10,841: Total time for which application threads were stopped: 0,0000325 seconds, Stopping threads took: 0,0000090 seconds
2018-04-06T21:44:43.738+0200: 10,841: Total time for which application threads were stopped: 0,0000314 seconds, Stopping threads took: 0,0000079 seconds
2018-04-06T21:44:43.738+0200: 10,841: Total time for which application threads were stopped: 0,0000326 seconds, Stopping threads took: 0,0000086 seconds
2018-04-06T21:44:43.738+0200: 10,841: Total time for which application threads were stopped: 0,0000326 seconds, Stopping threads took: 0,0000086 seconds
2018-04-06T21:44:43.738+0200: 10,841: Total time for which application threads were stopped: 0,0001200 seconds, Stopping threads took: 0,0000085 seconds
2018-04-06T21:44:43.871+0200: 10,974: Total time for which application threads were stopped: 0,0007006 seconds, Stopping threads took: 0,0005555 seconds
2018-04-06T21:44:44.494+0200: 11,597: Total time for which application threads were stopped: 0,0004585 seconds, Stopping threads took: 0,0000173 seconds
2018-04-06T21:44:44.495+0200: 11,598: Total time for which application threads were stopped: 0,0003617 seconds, Stopping threads took: 0,0000137 seconds
2018-04-06T21:44:44.500+0200: 11,603: Total time for which application threads were stopped: 0,0001981 seconds, Stopping threads took: 0,0000958 seconds
2018-04-06T21:44:44.515+0200: 11,618: Total time for which application threads were stopped: 0,0019609 seconds, Stopping threads took: 0,0018862 seconds
2018-04-06T21:44:44.524+0200: 11,627: Total time for which application threads were stopped: 0,0001422 seconds, Stopping threads took: 0,0000598 seconds
2018-04-06T21:44:44.527+0200: 11,630: Total time for which application threads were stopped: 0,0023558 seconds, Stopping threads took: 0,0022894 seconds
2018-04-06T21:44:44.527+0200: 11,630: Total time for which application threads were stopped: 0,0000592 seconds, Stopping threads took: 0,0000261 seconds
2018-04-06T21:44:44.527+0200: 11,630: Total time for which application threads were stopped: 0,0000630 seconds, Stopping threads took: 0,0000204 seconds
2018-04-06T21:44:44.528+0200: 11,631: Total time for which application threads were stopped: 0,0000739 seconds, Stopping threads took: 0,0000446 seconds
2018-04-06T21:44:44.529+0200: 11,632: Total time for which application threads were stopped: 0,0001205 seconds, Stopping threads took: 0,0000520 seconds
2018-04-06T21:44:44.529+0200: 11,632: Total time for which application threads were stopped: 0,0001374 seconds, Stopping threads took: 0,0000492 seconds
2018-04-06T21:44:44.534+0200: 11,637: Total time for which application threads were stopped: 0,0001565 seconds, Stopping threads took: 0,0000565 seconds
2018-04-06T21:44:44.536+0200: 11,639: Total time for which application threads were stopped: 0,0001236 seconds, Stopping threads took: 0,0000389 seconds
Heap
 par new generation   total 109248K, used 69668K [0x00000000e0000000, 0x00000000e8000000, 0x00000000e8000000)
  eden space 87424K,  56% used [0x00000000e0000000, 0x00000000e300f8a8, 0x00000000e5560000)
  from space 21824K,  93% used [0x00000000e5560000, 0x00000000e6959b48, 0x00000000e6ab0000)
  to   space 21824K,   0% used [0x00000000e6ab0000, 0x00000000e6ab0000, 0x00000000e8000000)
 concurrent mark-sweep generation total 393216K, used 8403K [0x00000000e8000000, 0x0000000100000000, 0x0000000100000000)
 Metaspace       used 29902K, capacity 30581K, committed 30716K, reserved 1077248K
  class space    used 3452K, capacity 3769K, committed 3836K, reserved 1048576K
