OpenJDK 64-Bit Server VM (25.171-b11) for linux-amd64 JRE (1.8.0_171-8u171-b11-0ubuntu0.16.04.1-b11), built on Apr 27 2018 17:19:03 by "buildd" with gcc 5.4.0 20160609
Memory: 4k page, physical 7867608k(1645328k free), swap 8076284k(8076284k free)
CommandLine flags: -XX:CMSInitiatingOccupancyFraction=50 -XX:CMSMaxAbortablePrecleanTime=6000 -XX:+CMSParallelRemarkEnabled -XX:+CMSScavengeBeforeRemark -XX:ConcGCThreads=4 -XX:InitialHeapSize=536870912 -XX:MaxHeapSize=536870912 -XX:MaxTenuringThreshold=8 -XX:NewRatio=3 -XX:OldPLABSize=16 -XX:OnOutOfMemoryError=/home/gurnoor/workspace/QTM/solr/bin/oom_solr.sh 8983 /home/gurnoor/workspace/QTM/solr/server/logs -XX:ParallelGCThreads=4 -XX:+ParallelRefProcEnabled -XX:PretenureSizeThreshold=67108864 -XX:+PrintGC -XX:+PrintGCApplicationStoppedTime -XX:+PrintGCDateStamps -XX:+PrintGCDetails -XX:+PrintGCTimeStamps -XX:+PrintHeapAtGC -XX:+PrintTenuringDistribution -XX:SurvivorRatio=4 -XX:TargetSurvivorRatio=90 -XX:ThreadStackSize=256 -XX:+UseCMSInitiatingOccupancyOnly -XX:+UseCompressedClassPointers -XX:+UseCompressedOops -XX:+UseConcMarkSweepGC -XX:+UseParNewGC 
2018-05-28T13:28:24.201+0200: 0,242: Total time for which application threads were stopped: 0,0001062 seconds, Stopping threads took: 0,0000242 seconds
2018-05-28T13:28:24.350+0200: 0,392: Total time for which application threads were stopped: 0,0001654 seconds, Stopping threads took: 0,0000311 seconds
2018-05-28T13:28:24.373+0200: 0,415: Total time for which application threads were stopped: 0,0001145 seconds, Stopping threads took: 0,0000176 seconds
2018-05-28T13:28:24.601+0200: 0,643: Total time for which application threads were stopped: 0,0001555 seconds, Stopping threads took: 0,0000193 seconds
2018-05-28T13:28:24.799+0200: 0,841: Total time for which application threads were stopped: 0,0001336 seconds, Stopping threads took: 0,0000154 seconds
2018-05-28T13:28:24.848+0200: 0,889: Total time for which application threads were stopped: 0,0001610 seconds, Stopping threads took: 0,0000203 seconds
2018-05-28T13:28:24.861+0200: 0,903: Total time for which application threads were stopped: 0,0001715 seconds, Stopping threads took: 0,0000247 seconds
2018-05-28T13:28:25.070+0200: 1,112: Total time for which application threads were stopped: 0,0002543 seconds, Stopping threads took: 0,0000179 seconds
2018-05-28T13:28:25.221+0200: 1,263: Total time for which application threads were stopped: 0,0002344 seconds, Stopping threads took: 0,0000183 seconds
2018-05-28T13:28:25.239+0200: 1,280: Total time for which application threads were stopped: 0,0002805 seconds, Stopping threads took: 0,0000227 seconds
2018-05-28T13:28:25.265+0200: 1,306: Total time for which application threads were stopped: 0,0002623 seconds, Stopping threads took: 0,0000279 seconds
2018-05-28T13:28:25.266+0200: 1,307: Total time for which application threads were stopped: 0,0002202 seconds, Stopping threads took: 0,0000234 seconds
2018-05-28T13:28:25.276+0200: 1,318: Total time for which application threads were stopped: 0,0002537 seconds, Stopping threads took: 0,0000334 seconds
2018-05-28T13:28:25.360+0200: 1,402: Total time for which application threads were stopped: 0,0002950 seconds, Stopping threads took: 0,0000272 seconds
2018-05-28T13:28:25.526+0200: 1,567: Total time for which application threads were stopped: 0,0002875 seconds, Stopping threads took: 0,0000450 seconds
{Heap before GC invocations=0 (full 0):
 par new generation   total 109248K, used 87424K [0x00000000e0000000, 0x00000000e8000000, 0x00000000e8000000)
  eden space 87424K, 100% used [0x00000000e0000000, 0x00000000e5560000, 0x00000000e5560000)
  from space 21824K,   0% used [0x00000000e5560000, 0x00000000e5560000, 0x00000000e6ab0000)
  to   space 21824K,   0% used [0x00000000e6ab0000, 0x00000000e6ab0000, 0x00000000e8000000)
 concurrent mark-sweep generation total 393216K, used 0K [0x00000000e8000000, 0x0000000100000000, 0x0000000100000000)
 Metaspace       used 17859K, capacity 18184K, committed 18304K, reserved 1064960K
  class space    used 2026K, capacity 2166K, committed 2176K, reserved 1048576K
2018-05-28T13:28:25.567+0200: 1,608: [GC (Allocation Failure) 2018-05-28T13:28:25.567+0200: 1,608: [ParNew
Desired survivor size 20112992 bytes, new threshold 8 (max 8)
- age   1:   11490032 bytes,   11490032 total
: 87424K->11330K(109248K), 0,0278198 secs] 87424K->11330K(502464K), 0,0279108 secs] [Times: user=0,06 sys=0,01, real=0,03 secs] 
Heap after GC invocations=1 (full 0):
 par new generation   total 109248K, used 11330K [0x00000000e0000000, 0x00000000e8000000, 0x00000000e8000000)
  eden space 87424K,   0% used [0x00000000e0000000, 0x00000000e0000000, 0x00000000e5560000)
  from space 21824K,  51% used [0x00000000e6ab0000, 0x00000000e75c0848, 0x00000000e8000000)
  to   space 21824K,   0% used [0x00000000e5560000, 0x00000000e5560000, 0x00000000e6ab0000)
 concurrent mark-sweep generation total 393216K, used 0K [0x00000000e8000000, 0x0000000100000000, 0x0000000100000000)
 Metaspace       used 17859K, capacity 18184K, committed 18304K, reserved 1064960K
  class space    used 2026K, capacity 2166K, committed 2176K, reserved 1048576K
}
2018-05-28T13:28:25.595+0200: 1,636: Total time for which application threads were stopped: 0,0282172 seconds, Stopping threads took: 0,0000563 seconds
2018-05-28T13:28:26.266+0200: 2,307: Total time for which application threads were stopped: 0,0013220 seconds, Stopping threads took: 0,0004703 seconds
2018-05-28T13:28:26.359+0200: 2,400: Total time for which application threads were stopped: 0,0004278 seconds, Stopping threads took: 0,0000674 seconds
{Heap before GC invocations=1 (full 0):
 par new generation   total 109248K, used 98754K [0x00000000e0000000, 0x00000000e8000000, 0x00000000e8000000)
  eden space 87424K, 100% used [0x00000000e0000000, 0x00000000e5560000, 0x00000000e5560000)
  from space 21824K,  51% used [0x00000000e6ab0000, 0x00000000e75c0848, 0x00000000e8000000)
  to   space 21824K,   0% used [0x00000000e5560000, 0x00000000e5560000, 0x00000000e6ab0000)
 concurrent mark-sweep generation total 393216K, used 0K [0x00000000e8000000, 0x0000000100000000, 0x0000000100000000)
 Metaspace       used 20072K, capacity 20426K, committed 20736K, reserved 1067008K
  class space    used 2299K, capacity 2467K, committed 2560K, reserved 1048576K
2018-05-28T13:28:26.362+0200: 2,404: [GC (Allocation Failure) 2018-05-28T13:28:26.362+0200: 2,404: [ParNew
Desired survivor size 20112992 bytes, new threshold 8 (max 8)
- age   1:    3451848 bytes,    3451848 total
- age   2:    6006744 bytes,    9458592 total
: 98754K->12604K(109248K), 0,0185621 secs] 98754K->12604K(502464K), 0,0186331 secs] [Times: user=0,02 sys=0,02, real=0,02 secs] 
Heap after GC invocations=2 (full 0):
 par new generation   total 109248K, used 12604K [0x00000000e0000000, 0x00000000e8000000, 0x00000000e8000000)
  eden space 87424K,   0% used [0x00000000e0000000, 0x00000000e0000000, 0x00000000e5560000)
  from space 21824K,  57% used [0x00000000e5560000, 0x00000000e61af180, 0x00000000e6ab0000)
  to   space 21824K,   0% used [0x00000000e6ab0000, 0x00000000e6ab0000, 0x00000000e8000000)
 concurrent mark-sweep generation total 393216K, used 0K [0x00000000e8000000, 0x0000000100000000, 0x0000000100000000)
 Metaspace       used 20072K, capacity 20426K, committed 20736K, reserved 1067008K
  class space    used 2299K, capacity 2467K, committed 2560K, reserved 1048576K
}
2018-05-28T13:28:26.381+0200: 2,422: Total time for which application threads were stopped: 0,0200559 seconds, Stopping threads took: 0,0012841 seconds
2018-05-28T13:28:26.432+0200: 2,473: Total time for which application threads were stopped: 0,0027601 seconds, Stopping threads took: 0,0024223 seconds
2018-05-28T13:28:26.664+0200: 2,706: Total time for which application threads were stopped: 0,0002002 seconds, Stopping threads took: 0,0000227 seconds
{Heap before GC invocations=2 (full 0):
 par new generation   total 109248K, used 100028K [0x00000000e0000000, 0x00000000e8000000, 0x00000000e8000000)
  eden space 87424K, 100% used [0x00000000e0000000, 0x00000000e5560000, 0x00000000e5560000)
  from space 21824K,  57% used [0x00000000e5560000, 0x00000000e61af180, 0x00000000e6ab0000)
  to   space 21824K,   0% used [0x00000000e6ab0000, 0x00000000e6ab0000, 0x00000000e8000000)
 concurrent mark-sweep generation total 393216K, used 0K [0x00000000e8000000, 0x0000000100000000, 0x0000000100000000)
 Metaspace       used 20994K, capacity 21360K, committed 21628K, reserved 1069056K
  class space    used 2427K, capacity 2588K, committed 2684K, reserved 1048576K
2018-05-28T13:28:26.712+0200: 2,754: [GC (Allocation Failure) 2018-05-28T13:28:26.712+0200: 2,754: [ParNew
Desired survivor size 20112992 bytes, new threshold 8 (max 8)
- age   1:    2092800 bytes,    2092800 total
- age   2:     967336 bytes,    3060136 total
- age   3:    6004744 bytes,    9064880 total
: 100028K->13161K(109248K), 0,0197949 secs] 100028K->13161K(502464K), 0,0198836 secs] [Times: user=0,05 sys=0,01, real=0,02 secs] 
Heap after GC invocations=3 (full 0):
 par new generation   total 109248K, used 13161K [0x00000000e0000000, 0x00000000e8000000, 0x00000000e8000000)
  eden space 87424K,   0% used [0x00000000e0000000, 0x00000000e0000000, 0x00000000e5560000)
  from space 21824K,  60% used [0x00000000e6ab0000, 0x00000000e778a410, 0x00000000e8000000)
  to   space 21824K,   0% used [0x00000000e5560000, 0x00000000e5560000, 0x00000000e6ab0000)
 concurrent mark-sweep generation total 393216K, used 0K [0x00000000e8000000, 0x0000000100000000, 0x0000000100000000)
 Metaspace       used 20994K, capacity 21360K, committed 21628K, reserved 1069056K
  class space    used 2427K, capacity 2588K, committed 2684K, reserved 1048576K
}
2018-05-28T13:28:26.732+0200: 2,774: Total time for which application threads were stopped: 0,0214570 seconds, Stopping threads took: 0,0013839 seconds
2018-05-28T13:28:26.741+0200: 2,782: [GC (CMS Initial Mark) [1 CMS-initial-mark: 0K(393216K)] 19594K(502464K), 0,0083421 secs] [Times: user=0,02 sys=0,00, real=0,01 secs] 
2018-05-28T13:28:26.749+0200: 2,790: Total time for which application threads were stopped: 0,0090040 seconds, Stopping threads took: 0,0005339 seconds
2018-05-28T13:28:26.749+0200: 2,790: [CMS-concurrent-mark-start]
2018-05-28T13:28:26.749+0200: 2,791: [CMS-concurrent-mark: 0,000/0,000 secs] [Times: user=0,00 sys=0,00, real=0,00 secs] 
2018-05-28T13:28:26.749+0200: 2,791: [CMS-concurrent-preclean-start]
2018-05-28T13:28:26.751+0200: 2,792: [CMS-concurrent-preclean: 0,001/0,001 secs] [Times: user=0,00 sys=0,00, real=0,00 secs] 
2018-05-28T13:28:26.751+0200: 2,792: [CMS-concurrent-abortable-preclean-start]
2018-05-28T13:28:26.819+0200: 2,861: Total time for which application threads were stopped: 0,0015705 seconds, Stopping threads took: 0,0014452 seconds
{Heap before GC invocations=3 (full 1):
 par new generation   total 109248K, used 100585K [0x00000000e0000000, 0x00000000e8000000, 0x00000000e8000000)
  eden space 87424K, 100% used [0x00000000e0000000, 0x00000000e5560000, 0x00000000e5560000)
  from space 21824K,  60% used [0x00000000e6ab0000, 0x00000000e778a410, 0x00000000e8000000)
  to   space 21824K,   0% used [0x00000000e5560000, 0x00000000e5560000, 0x00000000e6ab0000)
 concurrent mark-sweep generation total 393216K, used 0K [0x00000000e8000000, 0x0000000100000000, 0x0000000100000000)
 Metaspace       used 21245K, capacity 21647K, committed 21884K, reserved 1069056K
  class space    used 2452K, capacity 2632K, committed 2684K, reserved 1048576K
2018-05-28T13:28:26.856+0200: 2,897: [GC (Allocation Failure) 2018-05-28T13:28:26.856+0200: 2,897: [ParNew
Desired survivor size 20112992 bytes, new threshold 8 (max 8)
- age   1:     793608 bytes,     793608 total
- age   2:    1452992 bytes,    2246600 total
- age   3:     963600 bytes,    3210200 total
- age   4:    6004888 bytes,    9215088 total
: 100585K->11589K(109248K), 0,0112085 secs] 100585K->11589K(502464K), 0,0112852 secs] [Times: user=0,04 sys=0,00, real=0,01 secs] 
Heap after GC invocations=4 (full 1):
 par new generation   total 109248K, used 11589K [0x00000000e0000000, 0x00000000e8000000, 0x00000000e8000000)
  eden space 87424K,   0% used [0x00000000e0000000, 0x00000000e0000000, 0x00000000e5560000)
  from space 21824K,  53% used [0x00000000e5560000, 0x00000000e60b1580, 0x00000000e6ab0000)
  to   space 21824K,   0% used [0x00000000e6ab0000, 0x00000000e6ab0000, 0x00000000e8000000)
 concurrent mark-sweep generation total 393216K, used 0K [0x00000000e8000000, 0x0000000100000000, 0x0000000100000000)
 Metaspace       used 21245K, capacity 21647K, committed 21884K, reserved 1069056K
  class space    used 2452K, capacity 2632K, committed 2684K, reserved 1048576K
}
2018-05-28T13:28:26.867+0200: 2,908: Total time for which application threads were stopped: 0,0151346 seconds, Stopping threads took: 0,0037031 seconds
2018-05-28T13:28:26.867+0200: 2,908: [CMS-concurrent-abortable-preclean: 0,072/0,116 secs] [Times: user=0,44 sys=0,01, real=0,12 secs] 
2018-05-28T13:28:26.880+0200: 2,921: [GC (CMS Final Remark) [YG occupancy: 17877 K (109248 K)]{Heap before GC invocations=4 (full 1):
 par new generation   total 109248K, used 17877K [0x00000000e0000000, 0x00000000e8000000, 0x00000000e8000000)
  eden space 87424K,   7% used [0x00000000e0000000, 0x00000000e0623fe8, 0x00000000e5560000)
  from space 21824K,  53% used [0x00000000e5560000, 0x00000000e60b1580, 0x00000000e6ab0000)
  to   space 21824K,   0% used [0x00000000e6ab0000, 0x00000000e6ab0000, 0x00000000e8000000)
 concurrent mark-sweep generation total 393216K, used 0K [0x00000000e8000000, 0x0000000100000000, 0x0000000100000000)
 Metaspace       used 21257K, capacity 21647K, committed 21884K, reserved 1069056K
  class space    used 2452K, capacity 2632K, committed 2684K, reserved 1048576K
2018-05-28T13:28:26.880+0200: 2,921: [GC (CMS Final Remark) 2018-05-28T13:28:26.880+0200: 2,921: [ParNew
Desired survivor size 20112992 bytes, new threshold 8 (max 8)
- age   1:     701072 bytes,     701072 total
- age   2:     402224 bytes,    1103296 total
- age   3:    1452912 bytes,    2556208 total
- age   4:     963600 bytes,    3519808 total
- age   5:    6004872 bytes,    9524680 total
: 17877K->12467K(109248K), 0,0131972 secs] 17877K->12467K(502464K), 0,0132430 secs] [Times: user=0,05 sys=0,00, real=0,02 secs] 
Heap after GC invocations=5 (full 1):
 par new generation   total 109248K, used 12467K [0x00000000e0000000, 0x00000000e8000000, 0x00000000e8000000)
  eden space 87424K,   0% used [0x00000000e0000000, 0x00000000e0000000, 0x00000000e5560000)
  from space 21824K,  57% used [0x00000000e6ab0000, 0x00000000e76dcc80, 0x00000000e8000000)
  to   space 21824K,   0% used [0x00000000e5560000, 0x00000000e5560000, 0x00000000e6ab0000)
 concurrent mark-sweep generation total 393216K, used 0K [0x00000000e8000000, 0x0000000100000000, 0x0000000100000000)
 Metaspace       used 21257K, capacity 21647K, committed 21884K, reserved 1069056K
  class space    used 2452K, capacity 2632K, committed 2684K, reserved 1048576K
}
2018-05-28T13:28:26.893+0200: 2,935: [Rescan (parallel) , 0,0043396 secs]2018-05-28T13:28:26.898+0200: 2,939: [weak refs processing, 0,0015612 secs]2018-05-28T13:28:26.899+0200: 2,941: [class unloading, 0,0029495 secs]2018-05-28T13:28:26.902+0200: 2,944: [scrub symbol table, 0,0028056 secs]2018-05-28T13:28:26.905+0200: 2,946: [scrub string table, 0,0003688 secs][1 CMS-remark: 0K(393216K)] 12467K(502464K), 0,0259615 secs] [Times: user=0,07 sys=0,00, real=0,03 secs] 
2018-05-28T13:28:26.906+0200: 2,947: Total time for which application threads were stopped: 0,0261368 seconds, Stopping threads took: 0,0000706 seconds
2018-05-28T13:28:26.906+0200: 2,947: [CMS-concurrent-sweep-start]
2018-05-28T13:28:26.906+0200: 2,947: [CMS-concurrent-sweep: 0,000/0,000 secs] [Times: user=0,00 sys=0,00, real=0,00 secs] 
2018-05-28T13:28:26.906+0200: 2,947: [CMS-concurrent-reset-start]
2018-05-28T13:28:26.909+0200: 2,951: [CMS-concurrent-reset: 0,003/0,003 secs] [Times: user=0,02 sys=0,00, real=0,00 secs] 
{Heap before GC invocations=5 (full 1):
 par new generation   total 109248K, used 99891K [0x00000000e0000000, 0x00000000e8000000, 0x00000000e8000000)
  eden space 87424K, 100% used [0x00000000e0000000, 0x00000000e5560000, 0x00000000e5560000)
  from space 21824K,  57% used [0x00000000e6ab0000, 0x00000000e76dcc80, 0x00000000e8000000)
  to   space 21824K,   0% used [0x00000000e5560000, 0x00000000e5560000, 0x00000000e6ab0000)
 concurrent mark-sweep generation total 393216K, used 0K [0x00000000e8000000, 0x0000000100000000, 0x0000000100000000)
 Metaspace       used 21528K, capacity 21957K, committed 22140K, reserved 1069056K
  class space    used 2489K, capacity 2668K, committed 2684K, reserved 1048576K
2018-05-28T13:28:27.013+0200: 3,055: [GC (Allocation Failure) 2018-05-28T13:28:27.013+0200: 3,055: [ParNew
Desired survivor size 20112992 bytes, new threshold 8 (max 8)
- age   1:     930688 bytes,     930688 total
- age   2:       4040 bytes,     934728 total
- age   3:     172536 bytes,    1107264 total
- age   4:     675944 bytes,    1783208 total
- age   5:     961648 bytes,    2744856 total
- age   6:    6004704 bytes,    8749560 total
: 99891K->10398K(109248K), 0,0124988 secs] 99891K->10398K(502464K), 0,0125748 secs] [Times: user=0,05 sys=0,00, real=0,01 secs] 
Heap after GC invocations=6 (full 1):
 par new generation   total 109248K, used 10398K [0x00000000e0000000, 0x00000000e8000000, 0x00000000e8000000)
  eden space 87424K,   0% used [0x00000000e0000000, 0x00000000e0000000, 0x00000000e5560000)
  from space 21824K,  47% used [0x00000000e5560000, 0x00000000e5f87818, 0x00000000e6ab0000)
  to   space 21824K,   0% used [0x00000000e6ab0000, 0x00000000e6ab0000, 0x00000000e8000000)
 concurrent mark-sweep generation total 393216K, used 0K [0x00000000e8000000, 0x0000000100000000, 0x0000000100000000)
 Metaspace       used 21528K, capacity 21957K, committed 22140K, reserved 1069056K
  class space    used 2489K, capacity 2668K, committed 2684K, reserved 1048576K
}
2018-05-28T13:28:27.026+0200: 3,067: Total time for which application threads were stopped: 0,0128145 seconds, Stopping threads took: 0,0000423 seconds
2018-05-28T13:28:27.039+0200: 3,080: Total time for which application threads were stopped: 0,0003463 seconds, Stopping threads took: 0,0000410 seconds
2018-05-28T13:28:27.314+0200: 3,355: Total time for which application threads were stopped: 0,0006212 seconds, Stopping threads took: 0,0000618 seconds
2018-05-28T13:28:27.327+0200: 3,368: Total time for which application threads were stopped: 0,0004723 seconds, Stopping threads took: 0,0000541 seconds
{Heap before GC invocations=6 (full 1):
 par new generation   total 109248K, used 97822K [0x00000000e0000000, 0x00000000e8000000, 0x00000000e8000000)
  eden space 87424K, 100% used [0x00000000e0000000, 0x00000000e5560000, 0x00000000e5560000)
  from space 21824K,  47% used [0x00000000e5560000, 0x00000000e5f87818, 0x00000000e6ab0000)
  to   space 21824K,   0% used [0x00000000e6ab0000, 0x00000000e6ab0000, 0x00000000e8000000)
 concurrent mark-sweep generation total 393216K, used 0K [0x00000000e8000000, 0x0000000100000000, 0x0000000100000000)
 Metaspace       used 25454K, capacity 25961K, committed 26236K, reserved 1073152K
  class space    used 2953K, capacity 3156K, committed 3196K, reserved 1048576K
2018-05-28T13:28:27.644+0200: 3,685: [GC (Allocation Failure) 2018-05-28T13:28:27.644+0200: 3,686: [ParNew
Desired survivor size 20112992 bytes, new threshold 8 (max 8)
- age   1:   10459992 bytes,   10459992 total
- age   2:     179696 bytes,   10639688 total
- age   3:       4040 bytes,   10643728 total
- age   4:     169064 bytes,   10812792 total
- age   5:     281192 bytes,   11093984 total
- age   6:     939608 bytes,   12033592 total
- age   7:    5997880 bytes,   18031472 total
: 97822K->21824K(109248K), 0,0167913 secs] 97822K->21824K(502464K), 0,0168631 secs] [Times: user=0,06 sys=0,00, real=0,01 secs] 
Heap after GC invocations=7 (full 1):
 par new generation   total 109248K, used 21824K [0x00000000e0000000, 0x00000000e8000000, 0x00000000e8000000)
  eden space 87424K,   0% used [0x00000000e0000000, 0x00000000e0000000, 0x00000000e5560000)
  from space 21824K, 100% used [0x00000000e6ab0000, 0x00000000e8000000, 0x00000000e8000000)
  to   space 21824K,   0% used [0x00000000e5560000, 0x00000000e5560000, 0x00000000e6ab0000)
 concurrent mark-sweep generation total 393216K, used 0K [0x00000000e8000000, 0x0000000100000000, 0x0000000100000000)
 Metaspace       used 25454K, capacity 25961K, committed 26236K, reserved 1073152K
  class space    used 2953K, capacity 3156K, committed 3196K, reserved 1048576K
}
2018-05-28T13:28:27.661+0200: 3,702: Total time for which application threads were stopped: 0,0171719 seconds, Stopping threads took: 0,0000591 seconds
2018-05-28T13:28:27.753+0200: 3,794: Total time for which application threads were stopped: 0,0004479 seconds, Stopping threads took: 0,0000361 seconds
2018-05-28T13:28:27.770+0200: 3,812: Total time for which application threads were stopped: 0,0005383 seconds, Stopping threads took: 0,0000323 seconds
2018-05-28T13:28:27.844+0200: 3,885: Total time for which application threads were stopped: 0,0007776 seconds, Stopping threads took: 0,0002069 seconds
2018-05-28T13:28:27.972+0200: 4,013: Total time for which application threads were stopped: 0,0032133 seconds, Stopping threads took: 0,0026662 seconds
2018-05-28T13:28:28.070+0200: 4,111: Total time for which application threads were stopped: 0,0004510 seconds, Stopping threads took: 0,0000824 seconds
2018-05-28T13:28:28.073+0200: 4,114: Total time for which application threads were stopped: 0,0001291 seconds, Stopping threads took: 0,0000369 seconds
{Heap before GC invocations=7 (full 1):
 par new generation   total 109248K, used 109248K [0x00000000e0000000, 0x00000000e8000000, 0x00000000e8000000)
  eden space 87424K, 100% used [0x00000000e0000000, 0x00000000e5560000, 0x00000000e5560000)
  from space 21824K, 100% used [0x00000000e6ab0000, 0x00000000e8000000, 0x00000000e8000000)
  to   space 21824K,   0% used [0x00000000e5560000, 0x00000000e5560000, 0x00000000e6ab0000)
 concurrent mark-sweep generation total 393216K, used 0K [0x00000000e8000000, 0x0000000100000000, 0x0000000100000000)
 Metaspace       used 28001K, capacity 28651K, committed 28796K, reserved 1075200K
  class space    used 3226K, capacity 3425K, committed 3452K, reserved 1048576K
2018-05-28T13:28:28.150+0200: 4,191: [GC (Allocation Failure) 2018-05-28T13:28:28.150+0200: 4,191: [ParNew
Desired survivor size 20112992 bytes, new threshold 8 (max 8)
- age   1:    7763128 bytes,    7763128 total
- age   2:    7028648 bytes,   14791776 total
- age   3:     179664 bytes,   14971440 total
- age   4:       4040 bytes,   14975480 total
- age   5:     168888 bytes,   15144368 total
- age   6:     280920 bytes,   15425288 total
- age   7:     931136 bytes,   16356424 total
- age   8:    5991200 bytes,   22347624 total
: 109248K->21824K(109248K), 0,0235903 secs] 109248K->23613K(502464K), 0,0236743 secs] [Times: user=0,07 sys=0,01, real=0,03 secs] 
Heap after GC invocations=8 (full 1):
 par new generation   total 109248K, used 21824K [0x00000000e0000000, 0x00000000e8000000, 0x00000000e8000000)
  eden space 87424K,   0% used [0x00000000e0000000, 0x00000000e0000000, 0x00000000e5560000)
  from space 21824K, 100% used [0x00000000e5560000, 0x00000000e6ab0000, 0x00000000e6ab0000)
  to   space 21824K,   0% used [0x00000000e6ab0000, 0x00000000e6ab0000, 0x00000000e8000000)
 concurrent mark-sweep generation total 393216K, used 1789K [0x00000000e8000000, 0x0000000100000000, 0x0000000100000000)
 Metaspace       used 28001K, capacity 28651K, committed 28796K, reserved 1075200K
  class space    used 3226K, capacity 3425K, committed 3452K, reserved 1048576K
}
2018-05-28T13:28:28.173+0200: 4,215: Total time for which application threads were stopped: 0,0239055 seconds, Stopping threads took: 0,0000547 seconds
{Heap before GC invocations=8 (full 1):
 par new generation   total 109248K, used 109248K [0x00000000e0000000, 0x00000000e8000000, 0x00000000e8000000)
  eden space 87424K, 100% used [0x00000000e0000000, 0x00000000e5560000, 0x00000000e5560000)
  from space 21824K, 100% used [0x00000000e5560000, 0x00000000e6ab0000, 0x00000000e6ab0000)
  to   space 21824K,   0% used [0x00000000e6ab0000, 0x00000000e6ab0000, 0x00000000e8000000)
 concurrent mark-sweep generation total 393216K, used 1789K [0x00000000e8000000, 0x0000000100000000, 0x0000000100000000)
 Metaspace       used 28020K, capacity 28673K, committed 28796K, reserved 1075200K
  class space    used 3228K, capacity 3429K, committed 3452K, reserved 1048576K
2018-05-28T13:28:28.235+0200: 4,276: [GC (Allocation Failure) 2018-05-28T13:28:28.235+0200: 4,276: [ParNew
Desired survivor size 20112992 bytes, new threshold 8 (max 8)
- age   1:     835008 bytes,     835008 total
- age   2:    7071688 bytes,    7906696 total
- age   3:    7028648 bytes,   14935344 total
- age   4:     179664 bytes,   15115008 total
- age   5:       4040 bytes,   15119048 total
- age   6:     168680 bytes,   15287728 total
- age   7:     280920 bytes,   15568648 total
- age   8:     931136 bytes,   16499784 total
: 109248K->21824K(109248K), 0,0665986 secs] 111037K->30074K(502464K), 0,0667267 secs] [Times: user=0,24 sys=0,00, real=0,06 secs] 
Heap after GC invocations=9 (full 1):
 par new generation   total 109248K, used 21824K [0x00000000e0000000, 0x00000000e8000000, 0x00000000e8000000)
  eden space 87424K,   0% used [0x00000000e0000000, 0x00000000e0000000, 0x00000000e5560000)
  from space 21824K, 100% used [0x00000000e6ab0000, 0x00000000e8000000, 0x00000000e8000000)
  to   space 21824K,   0% used [0x00000000e5560000, 0x00000000e5560000, 0x00000000e6ab0000)
 concurrent mark-sweep generation total 393216K, used 8250K [0x00000000e8000000, 0x0000000100000000, 0x0000000100000000)
 Metaspace       used 28020K, capacity 28673K, committed 28796K, reserved 1075200K
  class space    used 3228K, capacity 3429K, committed 3452K, reserved 1048576K
}
2018-05-28T13:28:28.302+0200: 4,343: Total time for which application threads were stopped: 0,0670210 seconds, Stopping threads took: 0,0000818 seconds
2018-05-28T13:28:28.452+0200: 4,493: Total time for which application threads were stopped: 0,0002242 seconds, Stopping threads took: 0,0000623 seconds
{Heap before GC invocations=9 (full 1):
 par new generation   total 109248K, used 109248K [0x00000000e0000000, 0x00000000e8000000, 0x00000000e8000000)
  eden space 87424K, 100% used [0x00000000e0000000, 0x00000000e5560000, 0x00000000e5560000)
  from space 21824K, 100% used [0x00000000e6ab0000, 0x00000000e8000000, 0x00000000e8000000)
  to   space 21824K,   0% used [0x00000000e5560000, 0x00000000e5560000, 0x00000000e6ab0000)
 concurrent mark-sweep generation total 393216K, used 8250K [0x00000000e8000000, 0x0000000100000000, 0x0000000100000000)
 Metaspace       used 28152K, capacity 28827K, committed 29052K, reserved 1075200K
  class space    used 3235K, capacity 3437K, committed 3452K, reserved 1048576K
2018-05-28T13:28:28.480+0200: 4,521: [GC (Allocation Failure) 2018-05-28T13:28:28.480+0200: 4,521: [ParNew
Desired survivor size 20112992 bytes, new threshold 8 (max 8)
- age   1:    3110216 bytes,    3110216 total
- age   2:     114168 bytes,    3224384 total
- age   3:    6474752 bytes,    9699136 total
- age   4:    7028144 bytes,   16727280 total
- age   5:     179664 bytes,   16906944 total
- age   6:       4040 bytes,   16910984 total
- age   7:     168680 bytes,   17079664 total
- age   8:     280848 bytes,   17360512 total
: 109248K->21824K(109248K), 0,0363384 secs] 117498K->31271K(502464K), 0,0364739 secs] [Times: user=0,14 sys=0,00, real=0,04 secs] 
Heap after GC invocations=10 (full 1):
 par new generation   total 109248K, used 21824K [0x00000000e0000000, 0x00000000e8000000, 0x00000000e8000000)
  eden space 87424K,   0% used [0x00000000e0000000, 0x00000000e0000000, 0x00000000e5560000)
  from space 21824K, 100% used [0x00000000e5560000, 0x00000000e6ab0000, 0x00000000e6ab0000)
  to   space 21824K,   0% used [0x00000000e6ab0000, 0x00000000e6ab0000, 0x00000000e8000000)
 concurrent mark-sweep generation total 393216K, used 9447K [0x00000000e8000000, 0x0000000100000000, 0x0000000100000000)
 Metaspace       used 28152K, capacity 28827K, committed 29052K, reserved 1075200K
  class space    used 3235K, capacity 3437K, committed 3452K, reserved 1048576K
}
2018-05-28T13:28:28.516+0200: 4,558: Total time for which application threads were stopped: 0,0429365 seconds, Stopping threads took: 0,0061819 seconds
2018-05-28T13:28:28.517+0200: 4,558: Total time for which application threads were stopped: 0,0001476 seconds, Stopping threads took: 0,0000534 seconds
2018-05-28T13:28:28.517+0200: 4,559: Total time for which application threads were stopped: 0,0001960 seconds, Stopping threads took: 0,0001396 seconds
2018-05-28T13:28:28.562+0200: 4,603: Total time for which application threads were stopped: 0,0062376 seconds, Stopping threads took: 0,0060584 seconds
2018-05-28T13:28:28.571+0200: 4,613: Total time for which application threads were stopped: 0,0001752 seconds, Stopping threads took: 0,0000618 seconds
2018-05-28T13:28:28.571+0200: 4,613: Total time for which application threads were stopped: 0,0000823 seconds, Stopping threads took: 0,0000291 seconds
2018-05-28T13:28:28.571+0200: 4,613: Total time for which application threads were stopped: 0,0000641 seconds, Stopping threads took: 0,0000231 seconds
2018-05-28T13:28:28.591+0200: 4,632: Total time for which application threads were stopped: 0,0001867 seconds, Stopping threads took: 0,0000444 seconds
2018-05-28T13:28:28.591+0200: 4,633: Total time for which application threads were stopped: 0,0001341 seconds, Stopping threads took: 0,0000646 seconds
2018-05-28T13:28:28.591+0200: 4,633: Total time for which application threads were stopped: 0,0001155 seconds, Stopping threads took: 0,0000503 seconds
2018-05-28T13:28:29.592+0200: 5,633: Total time for which application threads were stopped: 0,0000813 seconds, Stopping threads took: 0,0000182 seconds
2018-05-28T13:28:30.523+0200: 6,564: Total time for which application threads were stopped: 0,0001072 seconds, Stopping threads took: 0,0000368 seconds
2018-05-28T13:28:30.531+0200: 6,572: Total time for which application threads were stopped: 0,0001576 seconds, Stopping threads took: 0,0000515 seconds
2018-05-28T13:28:30.576+0200: 6,618: Total time for which application threads were stopped: 0,0007286 seconds, Stopping threads took: 0,0000448 seconds
2018-05-28T13:28:30.608+0200: 6,649: Total time for which application threads were stopped: 0,0001399 seconds, Stopping threads took: 0,0000442 seconds
2018-05-28T13:28:30.608+0200: 6,649: Total time for which application threads were stopped: 0,0000684 seconds, Stopping threads took: 0,0000208 seconds
2018-05-28T13:28:30.637+0200: 6,679: Total time for which application threads were stopped: 0,0001941 seconds, Stopping threads took: 0,0000985 seconds
2018-05-28T13:28:30.651+0200: 6,692: Total time for which application threads were stopped: 0,0001469 seconds, Stopping threads took: 0,0000516 seconds
2018-05-28T13:28:30.651+0200: 6,692: Total time for which application threads were stopped: 0,0001023 seconds, Stopping threads took: 0,0000415 seconds
2018-05-28T13:28:30.652+0200: 6,693: Total time for which application threads were stopped: 0,0001061 seconds, Stopping threads took: 0,0000381 seconds
2018-05-28T13:28:30.653+0200: 6,694: Total time for which application threads were stopped: 0,0001511 seconds, Stopping threads took: 0,0000526 seconds
2018-05-28T13:28:30.661+0200: 6,702: Total time for which application threads were stopped: 0,0004594 seconds, Stopping threads took: 0,0000955 seconds
2018-05-28T13:28:30.662+0200: 6,703: Total time for which application threads were stopped: 0,0004506 seconds, Stopping threads took: 0,0000736 seconds
2018-05-28T13:28:30.665+0200: 6,706: Total time for which application threads were stopped: 0,0001772 seconds, Stopping threads took: 0,0000512 seconds
2018-05-28T13:28:30.665+0200: 6,707: Total time for which application threads were stopped: 0,0001017 seconds, Stopping threads took: 0,0000203 seconds
2018-05-28T13:28:30.668+0200: 6,710: Total time for which application threads were stopped: 0,0001321 seconds, Stopping threads took: 0,0000558 seconds
2018-05-28T13:28:30.673+0200: 6,715: Total time for which application threads were stopped: 0,0001017 seconds, Stopping threads took: 0,0000233 seconds
2018-05-28T13:28:30.675+0200: 6,716: Total time for which application threads were stopped: 0,0000971 seconds, Stopping threads took: 0,0000202 seconds
2018-05-28T13:28:30.675+0200: 6,716: Total time for which application threads were stopped: 0,0000582 seconds, Stopping threads took: 0,0000148 seconds
2018-05-28T13:28:30.675+0200: 6,717: Total time for which application threads were stopped: 0,0001979 seconds, Stopping threads took: 0,0000141 seconds
2018-05-28T13:28:30.897+0200: 6,938: Total time for which application threads were stopped: 0,0001330 seconds, Stopping threads took: 0,0000402 seconds
2018-05-28T13:28:30.899+0200: 6,941: Total time for which application threads were stopped: 0,0001129 seconds, Stopping threads took: 0,0000215 seconds
2018-05-28T13:28:30.913+0200: 6,954: Total time for which application threads were stopped: 0,0002673 seconds, Stopping threads took: 0,0001735 seconds
2018-05-28T13:28:31.314+0200: 7,355: Total time for which application threads were stopped: 0,0002448 seconds, Stopping threads took: 0,0000741 seconds
2018-05-28T13:28:31.314+0200: 7,356: Total time for which application threads were stopped: 0,0001965 seconds, Stopping threads took: 0,0001094 seconds
2018-05-28T13:28:31.315+0200: 7,356: Total time for which application threads were stopped: 0,0001335 seconds, Stopping threads took: 0,0000678 seconds
2018-05-28T13:28:31.315+0200: 7,356: Total time for which application threads were stopped: 0,0001827 seconds, Stopping threads took: 0,0000235 seconds
2018-05-28T13:28:31.315+0200: 7,356: Total time for which application threads were stopped: 0,0000874 seconds, Stopping threads took: 0,0000316 seconds
2018-05-28T13:28:31.315+0200: 7,357: Total time for which application threads were stopped: 0,0000772 seconds, Stopping threads took: 0,0000227 seconds
2018-05-28T13:28:31.315+0200: 7,357: Total time for which application threads were stopped: 0,0000689 seconds, Stopping threads took: 0,0000198 seconds
2018-05-28T13:28:31.315+0200: 7,357: Total time for which application threads were stopped: 0,0000695 seconds, Stopping threads took: 0,0000231 seconds
2018-05-28T13:28:31.316+0200: 7,357: Total time for which application threads were stopped: 0,0000682 seconds, Stopping threads took: 0,0000216 seconds
2018-05-28T13:28:31.316+0200: 7,357: Total time for which application threads were stopped: 0,0000663 seconds, Stopping threads took: 0,0000254 seconds
2018-05-28T13:28:31.316+0200: 7,358: Total time for which application threads were stopped: 0,0000951 seconds, Stopping threads took: 0,0000313 seconds
2018-05-28T13:28:31.316+0200: 7,358: Total time for which application threads were stopped: 0,0000688 seconds, Stopping threads took: 0,0000217 seconds
2018-05-28T13:28:31.317+0200: 7,358: Total time for which application threads were stopped: 0,0000786 seconds, Stopping threads took: 0,0000184 seconds
2018-05-28T13:28:31.317+0200: 7,358: Total time for which application threads were stopped: 0,0000711 seconds, Stopping threads took: 0,0000233 seconds
2018-05-28T13:28:31.317+0200: 7,358: Total time for which application threads were stopped: 0,0000749 seconds, Stopping threads took: 0,0000284 seconds
2018-05-28T13:28:31.317+0200: 7,359: Total time for which application threads were stopped: 0,0001571 seconds, Stopping threads took: 0,0000170 seconds
2018-05-28T13:28:32.318+0200: 8,359: Total time for which application threads were stopped: 0,0001559 seconds, Stopping threads took: 0,0000204 seconds
2018-05-28T13:28:32.491+0200: 8,532: Total time for which application threads were stopped: 0,0001503 seconds, Stopping threads took: 0,0000636 seconds
2018-05-28T13:28:33.491+0200: 9,532: Total time for which application threads were stopped: 0,0001031 seconds, Stopping threads took: 0,0000264 seconds
2018-05-28T13:28:34.491+0200: 10,532: Total time for which application threads were stopped: 0,0001046 seconds, Stopping threads took: 0,0000280 seconds
2018-05-28T13:28:35.470+0200: 11,511: Total time for which application threads were stopped: 0,0000940 seconds, Stopping threads took: 0,0000167 seconds
2018-05-28T13:28:35.470+0200: 11,511: Total time for which application threads were stopped: 0,0000594 seconds, Stopping threads took: 0,0000119 seconds
2018-05-28T13:28:35.470+0200: 11,511: Total time for which application threads were stopped: 0,0000551 seconds, Stopping threads took: 0,0000206 seconds
2018-05-28T13:28:35.470+0200: 11,512: Total time for which application threads were stopped: 0,0000583 seconds, Stopping threads took: 0,0000211 seconds
2018-05-28T13:28:35.470+0200: 11,512: Total time for which application threads were stopped: 0,0000501 seconds, Stopping threads took: 0,0000190 seconds
2018-05-28T13:28:35.470+0200: 11,512: Total time for which application threads were stopped: 0,0000432 seconds, Stopping threads took: 0,0000135 seconds
2018-05-28T13:28:35.473+0200: 11,514: Total time for which application threads were stopped: 0,0004745 seconds, Stopping threads took: 0,0001225 seconds
2018-05-28T13:28:35.473+0200: 11,515: Total time for which application threads were stopped: 0,0004590 seconds, Stopping threads took: 0,0000519 seconds
2018-05-28T13:28:35.474+0200: 11,516: Total time for which application threads were stopped: 0,0004360 seconds, Stopping threads took: 0,0000784 seconds
2018-05-28T13:28:35.475+0200: 11,516: Total time for which application threads were stopped: 0,0003532 seconds, Stopping threads took: 0,0000781 seconds
2018-05-28T13:28:35.475+0200: 11,517: Total time for which application threads were stopped: 0,0000665 seconds, Stopping threads took: 0,0000127 seconds
2018-05-28T13:28:35.475+0200: 11,517: Total time for which application threads were stopped: 0,0000445 seconds, Stopping threads took: 0,0000076 seconds
2018-05-28T13:28:35.475+0200: 11,517: Total time for which application threads were stopped: 0,0000383 seconds, Stopping threads took: 0,0000067 seconds
2018-05-28T13:28:35.475+0200: 11,517: Total time for which application threads were stopped: 0,0000344 seconds, Stopping threads took: 0,0000067 seconds
2018-05-28T13:28:35.476+0200: 11,517: Total time for which application threads were stopped: 0,0000604 seconds, Stopping threads took: 0,0000171 seconds
2018-05-28T13:28:35.476+0200: 11,517: Total time for which application threads were stopped: 0,0000459 seconds, Stopping threads took: 0,0000086 seconds
2018-05-28T13:28:35.476+0200: 11,518: Total time for which application threads were stopped: 0,0000898 seconds, Stopping threads took: 0,0000205 seconds
2018-05-28T13:28:35.476+0200: 11,518: Total time for which application threads were stopped: 0,0000605 seconds, Stopping threads took: 0,0000093 seconds
2018-05-28T13:28:35.477+0200: 11,518: Total time for which application threads were stopped: 0,0000632 seconds, Stopping threads took: 0,0000097 seconds
2018-05-28T13:28:35.477+0200: 11,518: Total time for which application threads were stopped: 0,0000531 seconds, Stopping threads took: 0,0000134 seconds
2018-05-28T13:28:35.477+0200: 11,518: Total time for which application threads were stopped: 0,0000579 seconds, Stopping threads took: 0,0000082 seconds
2018-05-28T13:28:35.477+0200: 11,518: Total time for which application threads were stopped: 0,0000527 seconds, Stopping threads took: 0,0000079 seconds
2018-05-28T13:28:35.477+0200: 11,519: Total time for which application threads were stopped: 0,0000625 seconds, Stopping threads took: 0,0000112 seconds
2018-05-28T13:28:35.477+0200: 11,519: Total time for which application threads were stopped: 0,0000919 seconds, Stopping threads took: 0,0000126 seconds
2018-05-28T13:28:35.477+0200: 11,519: Total time for which application threads were stopped: 0,0000562 seconds, Stopping threads took: 0,0000079 seconds
2018-05-28T13:28:35.477+0200: 11,519: Total time for which application threads were stopped: 0,0000461 seconds, Stopping threads took: 0,0000073 seconds
2018-05-28T13:28:35.479+0200: 11,520: Total time for which application threads were stopped: 0,0001118 seconds, Stopping threads took: 0,0000241 seconds
2018-05-28T13:28:35.479+0200: 11,520: Total time for which application threads were stopped: 0,0000746 seconds, Stopping threads took: 0,0000128 seconds
2018-05-28T13:28:35.479+0200: 11,520: Total time for which application threads were stopped: 0,0000763 seconds, Stopping threads took: 0,0000126 seconds
2018-05-28T13:28:35.479+0200: 11,520: Total time for which application threads were stopped: 0,0000597 seconds, Stopping threads took: 0,0000092 seconds
2018-05-28T13:28:35.479+0200: 11,521: Total time for which application threads were stopped: 0,0000624 seconds, Stopping threads took: 0,0000094 seconds
2018-05-28T13:28:35.479+0200: 11,521: Total time for which application threads were stopped: 0,0000484 seconds, Stopping threads took: 0,0000088 seconds
2018-05-28T13:28:35.479+0200: 11,521: Total time for which application threads were stopped: 0,0000598 seconds, Stopping threads took: 0,0000161 seconds
2018-05-28T13:28:35.479+0200: 11,521: Total time for which application threads were stopped: 0,0000434 seconds, Stopping threads took: 0,0000130 seconds
2018-05-28T13:28:35.479+0200: 11,521: Total time for which application threads were stopped: 0,0000397 seconds, Stopping threads took: 0,0000103 seconds
2018-05-28T13:28:35.480+0200: 11,521: Total time for which application threads were stopped: 0,0000351 seconds, Stopping threads took: 0,0000086 seconds
2018-05-28T13:28:35.480+0200: 11,521: Total time for which application threads were stopped: 0,0001315 seconds, Stopping threads took: 0,0000089 seconds
2018-05-28T13:28:35.480+0200: 11,521: Total time for which application threads were stopped: 0,0000406 seconds, Stopping threads took: 0,0000112 seconds
2018-05-28T13:28:35.480+0200: 11,521: Total time for which application threads were stopped: 0,0000387 seconds, Stopping threads took: 0,0000090 seconds
2018-05-28T13:28:35.480+0200: 11,521: Total time for which application threads were stopped: 0,0001073 seconds, Stopping threads took: 0,0000081 seconds
2018-05-28T13:28:35.714+0200: 11,756: Total time for which application threads were stopped: 0,0001993 seconds, Stopping threads took: 0,0000814 seconds
2018-05-28T13:28:36.517+0200: 12,559: Total time for which application threads were stopped: 0,0004447 seconds, Stopping threads took: 0,0000194 seconds
2018-05-28T13:28:36.525+0200: 12,567: Total time for which application threads were stopped: 0,0000947 seconds, Stopping threads took: 0,0000311 seconds
2018-05-28T13:28:36.545+0200: 12,586: Total time for which application threads were stopped: 0,0001690 seconds, Stopping threads took: 0,0000775 seconds
2018-05-28T13:28:36.545+0200: 12,586: Total time for which application threads were stopped: 0,0001205 seconds, Stopping threads took: 0,0000447 seconds
2018-05-28T13:28:36.547+0200: 12,589: Total time for which application threads were stopped: 0,0001582 seconds, Stopping threads took: 0,0000806 seconds
2018-05-28T13:28:36.547+0200: 12,589: Total time for which application threads were stopped: 0,0000812 seconds, Stopping threads took: 0,0000282 seconds
2018-05-28T13:28:36.548+0200: 12,590: Total time for which application threads were stopped: 0,0010140 seconds, Stopping threads took: 0,0009590 seconds
2018-05-28T13:28:36.549+0200: 12,591: Total time for which application threads were stopped: 0,0006290 seconds, Stopping threads took: 0,0005801 seconds
2018-05-28T13:28:36.553+0200: 12,594: Total time for which application threads were stopped: 0,0012019 seconds, Stopping threads took: 0,0011333 seconds
2018-05-28T13:28:36.556+0200: 12,597: Total time for which application threads were stopped: 0,0019334 seconds, Stopping threads took: 0,0015388 seconds
2018-05-28T13:28:36.566+0200: 12,607: Total time for which application threads were stopped: 0,0056739 seconds, Stopping threads took: 0,0055975 seconds
2018-05-28T13:28:36.567+0200: 12,608: Total time for which application threads were stopped: 0,0001500 seconds, Stopping threads took: 0,0000604 seconds
2018-05-28T13:28:36.572+0200: 12,614: Total time for which application threads were stopped: 0,0006922 seconds, Stopping threads took: 0,0004027 seconds
2018-05-28T13:28:36.574+0200: 12,616: Total time for which application threads were stopped: 0,0001735 seconds, Stopping threads took: 0,0000873 seconds
2018-05-28T13:28:36.574+0200: 12,616: Total time for which application threads were stopped: 0,0000836 seconds, Stopping threads took: 0,0000418 seconds
2018-05-28T13:28:36.576+0200: 12,617: Total time for which application threads were stopped: 0,0001137 seconds, Stopping threads took: 0,0000336 seconds
2018-05-28T13:28:36.580+0200: 12,621: Total time for which application threads were stopped: 0,0001631 seconds, Stopping threads took: 0,0000270 seconds
2018-05-28T13:28:36.580+0200: 12,621: Total time for which application threads were stopped: 0,0000839 seconds, Stopping threads took: 0,0000395 seconds
2018-05-28T13:28:36.580+0200: 12,622: Total time for which application threads were stopped: 0,0000899 seconds, Stopping threads took: 0,0000284 seconds
2018-05-28T13:28:36.582+0200: 12,623: Total time for which application threads were stopped: 0,0001409 seconds, Stopping threads took: 0,0000455 seconds
2018-05-28T13:28:36.582+0200: 12,624: Total time for which application threads were stopped: 0,0000979 seconds, Stopping threads took: 0,0000432 seconds
2018-05-28T13:28:36.582+0200: 12,624: Total time for which application threads were stopped: 0,0000817 seconds, Stopping threads took: 0,0000234 seconds
2018-05-28T13:28:36.583+0200: 12,624: Total time for which application threads were stopped: 0,0002444 seconds, Stopping threads took: 0,0001892 seconds
2018-05-28T13:28:36.584+0200: 12,626: Total time for which application threads were stopped: 0,0007781 seconds, Stopping threads took: 0,0007118 seconds
2018-05-28T13:28:36.588+0200: 12,629: Total time for which application threads were stopped: 0,0017179 seconds, Stopping threads took: 0,0013190 seconds
2018-05-28T13:28:36.589+0200: 12,630: Total time for which application threads were stopped: 0,0004683 seconds, Stopping threads took: 0,0001384 seconds
2018-05-28T13:28:36.590+0200: 12,631: Total time for which application threads were stopped: 0,0004237 seconds, Stopping threads took: 0,0001202 seconds
2018-05-28T13:28:36.591+0200: 12,633: Total time for which application threads were stopped: 0,0001601 seconds, Stopping threads took: 0,0000417 seconds
2018-05-28T13:28:36.592+0200: 12,633: Total time for which application threads were stopped: 0,0001045 seconds, Stopping threads took: 0,0000577 seconds
2018-05-28T13:28:36.592+0200: 12,633: Total time for which application threads were stopped: 0,0000655 seconds, Stopping threads took: 0,0000315 seconds
2018-05-28T13:28:36.592+0200: 12,633: Total time for which application threads were stopped: 0,0000522 seconds, Stopping threads took: 0,0000273 seconds
2018-05-28T13:28:36.592+0200: 12,633: Total time for which application threads were stopped: 0,0000529 seconds, Stopping threads took: 0,0000290 seconds
2018-05-28T13:28:36.592+0200: 12,633: Total time for which application threads were stopped: 0,0000559 seconds, Stopping threads took: 0,0000328 seconds
2018-05-28T13:28:36.592+0200: 12,634: Total time for which application threads were stopped: 0,0000443 seconds, Stopping threads took: 0,0000228 seconds
2018-05-28T13:28:36.592+0200: 12,634: Total time for which application threads were stopped: 0,0000646 seconds, Stopping threads took: 0,0000393 seconds
2018-05-28T13:28:36.593+0200: 12,635: Total time for which application threads were stopped: 0,0000883 seconds, Stopping threads took: 0,0000371 seconds
2018-05-28T13:28:36.594+0200: 12,635: Total time for which application threads were stopped: 0,0000417 seconds, Stopping threads took: 0,0000167 seconds
2018-05-28T13:28:36.594+0200: 12,635: Total time for which application threads were stopped: 0,0000487 seconds, Stopping threads took: 0,0000264 seconds
2018-05-28T13:28:36.594+0200: 12,635: Total time for which application threads were stopped: 0,0000444 seconds, Stopping threads took: 0,0000224 seconds
2018-05-28T13:28:36.594+0200: 12,635: Total time for which application threads were stopped: 0,0000432 seconds, Stopping threads took: 0,0000219 seconds
2018-05-28T13:28:36.594+0200: 12,635: Total time for which application threads were stopped: 0,0000462 seconds, Stopping threads took: 0,0000247 seconds
2018-05-28T13:28:36.594+0200: 12,635: Total time for which application threads were stopped: 0,0000541 seconds, Stopping threads took: 0,0000241 seconds
2018-05-28T13:28:36.595+0200: 12,636: Total time for which application threads were stopped: 0,0001124 seconds, Stopping threads took: 0,0000432 seconds
2018-05-28T13:28:36.595+0200: 12,636: Total time for which application threads were stopped: 0,0000757 seconds, Stopping threads took: 0,0000365 seconds
2018-05-28T13:28:36.595+0200: 12,637: Total time for which application threads were stopped: 0,0000551 seconds, Stopping threads took: 0,0000274 seconds
2018-05-28T13:28:36.597+0200: 12,638: Total time for which application threads were stopped: 0,0006162 seconds, Stopping threads took: 0,0005252 seconds
2018-05-28T13:28:36.598+0200: 12,639: Total time for which application threads were stopped: 0,0001937 seconds, Stopping threads took: 0,0001436 seconds
2018-05-28T13:28:36.598+0200: 12,639: Total time for which application threads were stopped: 0,0000569 seconds, Stopping threads took: 0,0000220 seconds
2018-05-28T13:28:36.598+0200: 12,639: Total time for which application threads were stopped: 0,0000460 seconds, Stopping threads took: 0,0000124 seconds
2018-05-28T13:28:36.599+0200: 12,640: Total time for which application threads were stopped: 0,0000897 seconds, Stopping threads took: 0,0000356 seconds
2018-05-28T13:28:36.599+0200: 12,640: Total time for which application threads were stopped: 0,0000610 seconds, Stopping threads took: 0,0000270 seconds
2018-05-28T13:28:36.599+0200: 12,640: Total time for which application threads were stopped: 0,0000384 seconds, Stopping threads took: 0,0000174 seconds
2018-05-28T13:28:36.599+0200: 12,640: Total time for which application threads were stopped: 0,0000306 seconds, Stopping threads took: 0,0000107 seconds
2018-05-28T13:28:36.599+0200: 12,641: Total time for which application threads were stopped: 0,0000447 seconds, Stopping threads took: 0,0000163 seconds
2018-05-28T13:28:36.599+0200: 12,641: Total time for which application threads were stopped: 0,0000356 seconds, Stopping threads took: 0,0000169 seconds
2018-05-28T13:28:36.599+0200: 12,641: Total time for which application threads were stopped: 0,0000646 seconds, Stopping threads took: 0,0000438 seconds
2018-05-28T13:28:36.600+0200: 12,641: Total time for which application threads were stopped: 0,0000436 seconds, Stopping threads took: 0,0000130 seconds
2018-05-28T13:28:36.600+0200: 12,641: Total time for which application threads were stopped: 0,0000348 seconds, Stopping threads took: 0,0000138 seconds
2018-05-28T13:28:36.600+0200: 12,641: Total time for which application threads were stopped: 0,0000299 seconds, Stopping threads took: 0,0000102 seconds
2018-05-28T13:28:36.600+0200: 12,642: Total time for which application threads were stopped: 0,0000603 seconds, Stopping threads took: 0,0000275 seconds
2018-05-28T13:28:36.600+0200: 12,642: Total time for which application threads were stopped: 0,0000371 seconds, Stopping threads took: 0,0000133 seconds
2018-05-28T13:28:36.600+0200: 12,642: Total time for which application threads were stopped: 0,0000457 seconds, Stopping threads took: 0,0000257 seconds
2018-05-28T13:28:36.601+0200: 12,642: Total time for which application threads were stopped: 0,0000436 seconds, Stopping threads took: 0,0000126 seconds
2018-05-28T13:28:36.601+0200: 12,642: Total time for which application threads were stopped: 0,0000337 seconds, Stopping threads took: 0,0000112 seconds
2018-05-28T13:28:36.601+0200: 12,642: Total time for which application threads were stopped: 0,0000983 seconds, Stopping threads took: 0,0000098 seconds
2018-05-28T13:28:36.602+0200: 12,644: Total time for which application threads were stopped: 0,0001618 seconds, Stopping threads took: 0,0000913 seconds
Heap
 par new generation   total 109248K, used 72452K [0x00000000e0000000, 0x00000000e8000000, 0x00000000e8000000)
  eden space 87424K,  57% used [0x00000000e0000000, 0x00000000e31711b0, 0x00000000e5560000)
  from space 21824K, 100% used [0x00000000e5560000, 0x00000000e6ab0000, 0x00000000e6ab0000)
  to   space 21824K,   0% used [0x00000000e6ab0000, 0x00000000e6ab0000, 0x00000000e8000000)
 concurrent mark-sweep generation total 393216K, used 9447K [0x00000000e8000000, 0x0000000100000000, 0x0000000100000000)
 Metaspace       used 29936K, capacity 30667K, committed 30972K, reserved 1077248K
  class space    used 3459K, capacity 3775K, committed 3836K, reserved 1048576K
