OpenJDK 64-Bit Server VM (25.171-b11) for linux-amd64 JRE (1.8.0_171-8u171-b11-0ubuntu0.16.04.1-b11), built on Apr 27 2018 17:19:03 by "buildd" with gcc 5.4.0 20160609
Memory: 4k page, physical 7867600k(794004k free), swap 8076284k(7987992k free)
CommandLine flags: -XX:CMSInitiatingOccupancyFraction=50 -XX:CMSMaxAbortablePrecleanTime=6000 -XX:+CMSParallelRemarkEnabled -XX:+CMSScavengeBeforeRemark -XX:ConcGCThreads=4 -XX:InitialHeapSize=536870912 -XX:MaxHeapSize=536870912 -XX:MaxTenuringThreshold=8 -XX:NewRatio=3 -XX:OldPLABSize=16 -XX:OnOutOfMemoryError=/home/gurnoor/workspace/QTM/solr/bin/oom_solr.sh 8983 /home/gurnoor/workspace/QTM/solr/server/logs -XX:ParallelGCThreads=4 -XX:+ParallelRefProcEnabled -XX:PretenureSizeThreshold=67108864 -XX:+PrintGC -XX:+PrintGCApplicationStoppedTime -XX:+PrintGCDateStamps -XX:+PrintGCDetails -XX:+PrintGCTimeStamps -XX:+PrintHeapAtGC -XX:+PrintTenuringDistribution -XX:SurvivorRatio=4 -XX:TargetSurvivorRatio=90 -XX:ThreadStackSize=256 -XX:+UseCMSInitiatingOccupancyOnly -XX:+UseCompressedClassPointers -XX:+UseCompressedOops -XX:+UseConcMarkSweepGC -XX:+UseParNewGC 
2018-06-25T12:39:24.421+0200: 0,154: Total time for which application threads were stopped: 0,0000690 seconds, Stopping threads took: 0,0000129 seconds
2018-06-25T12:39:24.521+0200: 0,255: Total time for which application threads were stopped: 0,0001178 seconds, Stopping threads took: 0,0000190 seconds
2018-06-25T12:39:24.536+0200: 0,270: Total time for which application threads were stopped: 0,0001060 seconds, Stopping threads took: 0,0000130 seconds
2018-06-25T12:39:24.711+0200: 0,444: Total time for which application threads were stopped: 0,0002162 seconds, Stopping threads took: 0,0000224 seconds
2018-06-25T12:39:24.928+0200: 0,661: Total time for which application threads were stopped: 0,0001650 seconds, Stopping threads took: 0,0000228 seconds
2018-06-25T12:39:24.992+0200: 0,725: Total time for which application threads were stopped: 0,0001598 seconds, Stopping threads took: 0,0000184 seconds
2018-06-25T12:39:25.010+0200: 0,743: Total time for which application threads were stopped: 0,0001877 seconds, Stopping threads took: 0,0000252 seconds
2018-06-25T12:39:25.299+0200: 1,033: Total time for which application threads were stopped: 0,0002317 seconds, Stopping threads took: 0,0000205 seconds
2018-06-25T12:39:25.564+0200: 1,298: Total time for which application threads were stopped: 0,0002644 seconds, Stopping threads took: 0,0000268 seconds
2018-06-25T12:39:25.588+0200: 1,322: Total time for which application threads were stopped: 0,0001896 seconds, Stopping threads took: 0,0000168 seconds
2018-06-25T12:39:25.621+0200: 1,355: Total time for which application threads were stopped: 0,0002609 seconds, Stopping threads took: 0,0000321 seconds
2018-06-25T12:39:25.623+0200: 1,356: Total time for which application threads were stopped: 0,0002551 seconds, Stopping threads took: 0,0000206 seconds
2018-06-25T12:39:25.640+0200: 1,373: Total time for which application threads were stopped: 0,0002279 seconds, Stopping threads took: 0,0000239 seconds
2018-06-25T12:39:25.737+0200: 1,470: Total time for which application threads were stopped: 0,0002629 seconds, Stopping threads took: 0,0000270 seconds
2018-06-25T12:39:25.994+0200: 1,727: Total time for which application threads were stopped: 0,0002949 seconds, Stopping threads took: 0,0000425 seconds
{Heap before GC invocations=0 (full 0):
 par new generation   total 109248K, used 87424K [0x00000000e0000000, 0x00000000e8000000, 0x00000000e8000000)
  eden space 87424K, 100% used [0x00000000e0000000, 0x00000000e5560000, 0x00000000e5560000)
  from space 21824K,   0% used [0x00000000e5560000, 0x00000000e5560000, 0x00000000e6ab0000)
  to   space 21824K,   0% used [0x00000000e6ab0000, 0x00000000e6ab0000, 0x00000000e8000000)
 concurrent mark-sweep generation total 393216K, used 0K [0x00000000e8000000, 0x0000000100000000, 0x0000000100000000)
 Metaspace       used 18162K, capacity 18472K, committed 18688K, reserved 1064960K
  class space    used 2051K, capacity 2198K, committed 2304K, reserved 1048576K
2018-06-25T12:39:26.084+0200: 1,817: [GC (Allocation Failure) 2018-06-25T12:39:26.084+0200: 1,817: [ParNew
Desired survivor size 20112992 bytes, new threshold 8 (max 8)
- age   1:   12368480 bytes,   12368480 total
: 87424K->12201K(109248K), 0,0107214 secs] 87424K->12201K(502464K), 0,0107862 secs] [Times: user=0,03 sys=0,01, real=0,01 secs] 
Heap after GC invocations=1 (full 0):
 par new generation   total 109248K, used 12201K [0x00000000e0000000, 0x00000000e8000000, 0x00000000e8000000)
  eden space 87424K,   0% used [0x00000000e0000000, 0x00000000e0000000, 0x00000000e5560000)
  from space 21824K,  55% used [0x00000000e6ab0000, 0x00000000e769a470, 0x00000000e8000000)
  to   space 21824K,   0% used [0x00000000e5560000, 0x00000000e5560000, 0x00000000e6ab0000)
 concurrent mark-sweep generation total 393216K, used 0K [0x00000000e8000000, 0x0000000100000000, 0x0000000100000000)
 Metaspace       used 18162K, capacity 18472K, committed 18688K, reserved 1064960K
  class space    used 2051K, capacity 2198K, committed 2304K, reserved 1048576K
}
2018-06-25T12:39:26.094+0200: 1,828: Total time for which application threads were stopped: 0,0116619 seconds, Stopping threads took: 0,0006286 seconds
2018-06-25T12:39:26.502+0200: 2,236: Total time for which application threads were stopped: 0,0007060 seconds, Stopping threads took: 0,0000414 seconds
2018-06-25T12:39:26.577+0200: 2,310: Total time for which application threads were stopped: 0,0010643 seconds, Stopping threads took: 0,0006851 seconds
{Heap before GC invocations=1 (full 0):
 par new generation   total 109248K, used 99625K [0x00000000e0000000, 0x00000000e8000000, 0x00000000e8000000)
  eden space 87424K, 100% used [0x00000000e0000000, 0x00000000e5560000, 0x00000000e5560000)
  from space 21824K,  55% used [0x00000000e6ab0000, 0x00000000e769a470, 0x00000000e8000000)
  to   space 21824K,   0% used [0x00000000e5560000, 0x00000000e5560000, 0x00000000e6ab0000)
 concurrent mark-sweep generation total 393216K, used 0K [0x00000000e8000000, 0x0000000100000000, 0x0000000100000000)
 Metaspace       used 20121K, capacity 20502K, committed 20736K, reserved 1067008K
  class space    used 2302K, capacity 2473K, committed 2560K, reserved 1048576K
2018-06-25T12:39:26.583+0200: 2,316: [GC (Allocation Failure) 2018-06-25T12:39:26.583+0200: 2,317: [ParNew
Desired survivor size 20112992 bytes, new threshold 8 (max 8)
- age   1:    2833616 bytes,    2833616 total
- age   2:    6487320 bytes,    9320936 total
: 99625K->13435K(109248K), 0,0207138 secs] 99625K->13435K(502464K), 0,0207948 secs] [Times: user=0,05 sys=0,00, real=0,02 secs] 
Heap after GC invocations=2 (full 0):
 par new generation   total 109248K, used 13435K [0x00000000e0000000, 0x00000000e8000000, 0x00000000e8000000)
  eden space 87424K,   0% used [0x00000000e0000000, 0x00000000e0000000, 0x00000000e5560000)
  from space 21824K,  61% used [0x00000000e5560000, 0x00000000e627eeb8, 0x00000000e6ab0000)
  to   space 21824K,   0% used [0x00000000e6ab0000, 0x00000000e6ab0000, 0x00000000e8000000)
 concurrent mark-sweep generation total 393216K, used 0K [0x00000000e8000000, 0x0000000100000000, 0x0000000100000000)
 Metaspace       used 20121K, capacity 20502K, committed 20736K, reserved 1067008K
  class space    used 2302K, capacity 2473K, committed 2560K, reserved 1048576K
}
2018-06-25T12:39:26.604+0200: 2,337: Total time for which application threads were stopped: 0,0209827 seconds, Stopping threads took: 0,0000269 seconds
2018-06-25T12:39:26.659+0200: 2,392: Total time for which application threads were stopped: 0,0004473 seconds, Stopping threads took: 0,0000568 seconds
2018-06-25T12:39:26.812+0200: 2,545: Total time for which application threads were stopped: 0,0002132 seconds, Stopping threads took: 0,0000600 seconds
{Heap before GC invocations=2 (full 0):
 par new generation   total 109248K, used 100859K [0x00000000e0000000, 0x00000000e8000000, 0x00000000e8000000)
  eden space 87424K, 100% used [0x00000000e0000000, 0x00000000e5560000, 0x00000000e5560000)
  from space 21824K,  61% used [0x00000000e5560000, 0x00000000e627eeb8, 0x00000000e6ab0000)
  to   space 21824K,   0% used [0x00000000e6ab0000, 0x00000000e6ab0000, 0x00000000e8000000)
 concurrent mark-sweep generation total 393216K, used 0K [0x00000000e8000000, 0x0000000100000000, 0x0000000100000000)
 Metaspace       used 21056K, capacity 21424K, committed 21628K, reserved 1069056K
  class space    used 2424K, capacity 2592K, committed 2684K, reserved 1048576K
2018-06-25T12:39:26.877+0200: 2,610: [GC (Allocation Failure) 2018-06-25T12:39:26.877+0200: 2,610: [ParNew
Desired survivor size 20112992 bytes, new threshold 8 (max 8)
- age   1:    2110280 bytes,    2110280 total
- age   2:     510656 bytes,    2620936 total
- age   3:    6481168 bytes,    9102104 total
: 100859K->11998K(109248K), 0,0179552 secs] 100859K->11998K(502464K), 0,0180432 secs] [Times: user=0,07 sys=0,00, real=0,01 secs] 
Heap after GC invocations=3 (full 0):
 par new generation   total 109248K, used 11998K [0x00000000e0000000, 0x00000000e8000000, 0x00000000e8000000)
  eden space 87424K,   0% used [0x00000000e0000000, 0x00000000e0000000, 0x00000000e5560000)
  from space 21824K,  54% used [0x00000000e6ab0000, 0x00000000e7667910, 0x00000000e8000000)
  to   space 21824K,   0% used [0x00000000e5560000, 0x00000000e5560000, 0x00000000e6ab0000)
 concurrent mark-sweep generation total 393216K, used 0K [0x00000000e8000000, 0x0000000100000000, 0x0000000100000000)
 Metaspace       used 21056K, capacity 21424K, committed 21628K, reserved 1069056K
  class space    used 2424K, capacity 2592K, committed 2684K, reserved 1048576K
}
2018-06-25T12:39:26.895+0200: 2,628: Total time for which application threads were stopped: 0,0209221 seconds, Stopping threads took: 0,0027187 seconds
2018-06-25T12:39:26.895+0200: 2,628: [GC (CMS Initial Mark) [1 CMS-initial-mark: 0K(393216K)] 13463K(502464K), 0,0033931 secs] [Times: user=0,01 sys=0,00, real=0,01 secs] 
2018-06-25T12:39:26.899+0200: 2,632: Total time for which application threads were stopped: 0,0038861 seconds, Stopping threads took: 0,0003915 seconds
2018-06-25T12:39:26.899+0200: 2,632: [CMS-concurrent-mark-start]
2018-06-25T12:39:26.904+0200: 2,637: [CMS-concurrent-mark: 0,006/0,006 secs] [Times: user=0,02 sys=0,00, real=0,00 secs] 
2018-06-25T12:39:26.904+0200: 2,637: [CMS-concurrent-preclean-start]
2018-06-25T12:39:26.905+0200: 2,639: [CMS-concurrent-preclean: 0,001/0,001 secs] [Times: user=0,01 sys=0,00, real=0,00 secs] 
2018-06-25T12:39:26.905+0200: 2,639: [CMS-concurrent-abortable-preclean-start]
2018-06-25T12:39:26.939+0200: 2,672: Total time for which application threads were stopped: 0,0001650 seconds, Stopping threads took: 0,0000598 seconds
{Heap before GC invocations=3 (full 1):
 par new generation   total 109248K, used 99422K [0x00000000e0000000, 0x00000000e8000000, 0x00000000e8000000)
  eden space 87424K, 100% used [0x00000000e0000000, 0x00000000e5560000, 0x00000000e5560000)
  from space 21824K,  54% used [0x00000000e6ab0000, 0x00000000e7667910, 0x00000000e8000000)
  to   space 21824K,   0% used [0x00000000e5560000, 0x00000000e5560000, 0x00000000e6ab0000)
 concurrent mark-sweep generation total 393216K, used 0K [0x00000000e8000000, 0x0000000100000000, 0x0000000100000000)
 Metaspace       used 21331K, capacity 21700K, committed 21884K, reserved 1069056K
  class space    used 2454K, capacity 2607K, committed 2684K, reserved 1048576K
2018-06-25T12:39:27.021+0200: 2,754: [GC (Allocation Failure) 2018-06-25T12:39:27.021+0200: 2,754: [ParNew
Desired survivor size 20112992 bytes, new threshold 8 (max 8)
- age   1:     822352 bytes,     822352 total
- age   2:    1443384 bytes,    2265736 total
- age   3:     504528 bytes,    2770264 total
- age   4:    6546624 bytes,    9316888 total
: 99422K->11665K(109248K), 0,0177878 secs] 99422K->11665K(502464K), 0,0178652 secs] [Times: user=0,03 sys=0,00, real=0,02 secs] 
Heap after GC invocations=4 (full 1):
 par new generation   total 109248K, used 11665K [0x00000000e0000000, 0x00000000e8000000, 0x00000000e8000000)
  eden space 87424K,   0% used [0x00000000e0000000, 0x00000000e0000000, 0x00000000e5560000)
  from space 21824K,  53% used [0x00000000e5560000, 0x00000000e60c47c0, 0x00000000e6ab0000)
  to   space 21824K,   0% used [0x00000000e6ab0000, 0x00000000e6ab0000, 0x00000000e8000000)
 concurrent mark-sweep generation total 393216K, used 0K [0x00000000e8000000, 0x0000000100000000, 0x0000000100000000)
 Metaspace       used 21331K, capacity 21700K, committed 21884K, reserved 1069056K
  class space    used 2454K, capacity 2607K, committed 2684K, reserved 1048576K
}
2018-06-25T12:39:27.039+0200: 2,772: Total time for which application threads were stopped: 0,0183188 seconds, Stopping threads took: 0,0002613 seconds
2018-06-25T12:39:27.140+0200: 2,873: [CMS-concurrent-abortable-preclean: 0,116/0,235 secs] [Times: user=0,79 sys=0,02, real=0,24 secs] 
2018-06-25T12:39:27.147+0200: 2,880: [GC (CMS Final Remark) [YG occupancy: 91130 K (109248 K)]{Heap before GC invocations=4 (full 1):
 par new generation   total 109248K, used 91130K [0x00000000e0000000, 0x00000000e8000000, 0x00000000e8000000)
  eden space 87424K,  90% used [0x00000000e0000000, 0x00000000e4d9a358, 0x00000000e5560000)
  from space 21824K,  53% used [0x00000000e5560000, 0x00000000e60c47c0, 0x00000000e6ab0000)
  to   space 21824K,   0% used [0x00000000e6ab0000, 0x00000000e6ab0000, 0x00000000e8000000)
 concurrent mark-sweep generation total 393216K, used 0K [0x00000000e8000000, 0x0000000100000000, 0x0000000100000000)
 Metaspace       used 21547K, capacity 21866K, committed 21960K, reserved 1069056K
  class space    used 2481K, capacity 2640K, committed 2684K, reserved 1048576K
2018-06-25T12:39:27.147+0200: 2,880: [GC (CMS Final Remark) 2018-06-25T12:39:27.147+0200: 2,880: [ParNew
Desired survivor size 20112992 bytes, new threshold 8 (max 8)
- age   1:    1127456 bytes,    1127456 total
- age   2:     199328 bytes,    1326784 total
- age   3:    1442512 bytes,    2769296 total
- age   4:     504448 bytes,    3273744 total
- age   5:    6481216 bytes,    9754960 total
: 91130K->11386K(109248K), 0,0106260 secs] 91130K->11386K(502464K), 0,0107662 secs] [Times: user=0,03 sys=0,00, real=0,02 secs] 
Heap after GC invocations=5 (full 1):
 par new generation   total 109248K, used 11386K [0x00000000e0000000, 0x00000000e8000000, 0x00000000e8000000)
  eden space 87424K,   0% used [0x00000000e0000000, 0x00000000e0000000, 0x00000000e5560000)
  from space 21824K,  52% used [0x00000000e6ab0000, 0x00000000e75ce950, 0x00000000e8000000)
  to   space 21824K,   0% used [0x00000000e5560000, 0x00000000e5560000, 0x00000000e6ab0000)
 concurrent mark-sweep generation total 393216K, used 0K [0x00000000e8000000, 0x0000000100000000, 0x0000000100000000)
 Metaspace       used 21547K, capacity 21866K, committed 21960K, reserved 1069056K
  class space    used 2481K, capacity 2640K, committed 2684K, reserved 1048576K
}
2018-06-25T12:39:27.158+0200: 2,891: [Rescan (parallel) , 0,0109580 secs]2018-06-25T12:39:27.169+0200: 2,902: [weak refs processing, 0,0011774 secs]2018-06-25T12:39:27.170+0200: 2,903: [class unloading, 0,0071344 secs]2018-06-25T12:39:27.177+0200: 2,911: [scrub symbol table, 0,0047374 secs]2018-06-25T12:39:27.182+0200: 2,915: [scrub string table, 0,0004405 secs][1 CMS-remark: 0K(393216K)] 11386K(502464K), 0,0362151 secs] [Times: user=0,08 sys=0,00, real=0,04 secs] 
2018-06-25T12:39:27.183+0200: 2,916: Total time for which application threads were stopped: 0,0429548 seconds, Stopping threads took: 0,0063452 seconds
2018-06-25T12:39:27.183+0200: 2,917: [CMS-concurrent-sweep-start]
2018-06-25T12:39:27.183+0200: 2,917: [CMS-concurrent-sweep: 0,000/0,000 secs] [Times: user=0,00 sys=0,00, real=0,00 secs] 
2018-06-25T12:39:27.183+0200: 2,917: [CMS-concurrent-reset-start]
2018-06-25T12:39:27.187+0200: 2,920: [CMS-concurrent-reset: 0,004/0,004 secs] [Times: user=0,01 sys=0,00, real=0,00 secs] 
2018-06-25T12:39:27.221+0200: 2,954: Total time for which application threads were stopped: 0,0009381 seconds, Stopping threads took: 0,0004201 seconds
2018-06-25T12:39:27.681+0200: 3,414: Total time for which application threads were stopped: 0,0005416 seconds, Stopping threads took: 0,0000511 seconds
2018-06-25T12:39:27.704+0200: 3,438: Total time for which application threads were stopped: 0,0007651 seconds, Stopping threads took: 0,0000756 seconds
{Heap before GC invocations=5 (full 1):
 par new generation   total 109248K, used 98810K [0x00000000e0000000, 0x00000000e8000000, 0x00000000e8000000)
  eden space 87424K, 100% used [0x00000000e0000000, 0x00000000e5560000, 0x00000000e5560000)
  from space 21824K,  52% used [0x00000000e6ab0000, 0x00000000e75ce950, 0x00000000e8000000)
  to   space 21824K,   0% used [0x00000000e5560000, 0x00000000e5560000, 0x00000000e6ab0000)
 concurrent mark-sweep generation total 393216K, used 0K [0x00000000e8000000, 0x0000000100000000, 0x0000000100000000)
 Metaspace       used 25054K, capacity 25456K, committed 25724K, reserved 1071104K
  class space    used 2914K, capacity 3111K, committed 3196K, reserved 1048576K
2018-06-25T12:39:28.140+0200: 3,874: [GC (Allocation Failure) 2018-06-25T12:39:28.140+0200: 3,874: [ParNew
Desired survivor size 20112992 bytes, new threshold 8 (max 8)
- age   1:    5188888 bytes,    5188888 total
- age   2:     122456 bytes,    5311344 total
- age   3:     190600 bytes,    5501944 total
- age   4:     269048 bytes,    5770992 total
- age   5:     484528 bytes,    6255520 total
- age   6:    6540656 bytes,   12796176 total
: 98810K->16566K(109248K), 0,0357137 secs] 98810K->16566K(502464K), 0,0357960 secs] [Times: user=0,07 sys=0,01, real=0,03 secs] 
Heap after GC invocations=6 (full 1):
 par new generation   total 109248K, used 16566K [0x00000000e0000000, 0x00000000e8000000, 0x00000000e8000000)
  eden space 87424K,   0% used [0x00000000e0000000, 0x00000000e0000000, 0x00000000e5560000)
  from space 21824K,  75% used [0x00000000e5560000, 0x00000000e658da40, 0x00000000e6ab0000)
  to   space 21824K,   0% used [0x00000000e6ab0000, 0x00000000e6ab0000, 0x00000000e8000000)
 concurrent mark-sweep generation total 393216K, used 0K [0x00000000e8000000, 0x0000000100000000, 0x0000000100000000)
 Metaspace       used 25054K, capacity 25456K, committed 25724K, reserved 1071104K
  class space    used 2914K, capacity 3111K, committed 3196K, reserved 1048576K
}
2018-06-25T12:39:28.176+0200: 3,909: Total time for which application threads were stopped: 0,0384542 seconds, Stopping threads took: 0,0024155 seconds
2018-06-25T12:39:28.344+0200: 4,078: Total time for which application threads were stopped: 0,0005761 seconds, Stopping threads took: 0,0001242 seconds
2018-06-25T12:39:28.360+0200: 4,094: Total time for which application threads were stopped: 0,0056377 seconds, Stopping threads took: 0,0054547 seconds
2018-06-25T12:39:28.381+0200: 4,114: Total time for which application threads were stopped: 0,0036104 seconds, Stopping threads took: 0,0035211 seconds
2018-06-25T12:39:28.388+0200: 4,121: Total time for which application threads were stopped: 0,0002576 seconds, Stopping threads took: 0,0001053 seconds
2018-06-25T12:39:28.393+0200: 4,127: Total time for which application threads were stopped: 0,0033317 seconds, Stopping threads took: 0,0031809 seconds
2018-06-25T12:39:28.397+0200: 4,130: Total time for which application threads were stopped: 0,0026241 seconds, Stopping threads took: 0,0024971 seconds
2018-06-25T12:39:28.418+0200: 4,151: Total time for which application threads were stopped: 0,0021982 seconds, Stopping threads took: 0,0018207 seconds
2018-06-25T12:39:28.420+0200: 4,153: Total time for which application threads were stopped: 0,0001262 seconds, Stopping threads took: 0,0000270 seconds
2018-06-25T12:39:28.421+0200: 4,154: Total time for which application threads were stopped: 0,0002254 seconds, Stopping threads took: 0,0000758 seconds
2018-06-25T12:39:28.421+0200: 4,155: Total time for which application threads were stopped: 0,0001217 seconds, Stopping threads took: 0,0000216 seconds
2018-06-25T12:39:28.427+0200: 4,160: Total time for which application threads were stopped: 0,0028792 seconds, Stopping threads took: 0,0022879 seconds
2018-06-25T12:39:28.433+0200: 4,167: Total time for which application threads were stopped: 0,0001812 seconds, Stopping threads took: 0,0000659 seconds
2018-06-25T12:39:28.435+0200: 4,169: Total time for which application threads were stopped: 0,0001904 seconds, Stopping threads took: 0,0000928 seconds
2018-06-25T12:39:28.444+0200: 4,178: Total time for which application threads were stopped: 0,0001934 seconds, Stopping threads took: 0,0000496 seconds
2018-06-25T12:39:28.455+0200: 4,188: Total time for which application threads were stopped: 0,0046091 seconds, Stopping threads took: 0,0044645 seconds
2018-06-25T12:39:28.455+0200: 4,188: Total time for which application threads were stopped: 0,0000870 seconds, Stopping threads took: 0,0000177 seconds
2018-06-25T12:39:28.458+0200: 4,191: Total time for which application threads were stopped: 0,0007169 seconds, Stopping threads took: 0,0000342 seconds
2018-06-25T12:39:28.461+0200: 4,194: Total time for which application threads were stopped: 0,0004534 seconds, Stopping threads took: 0,0002806 seconds
2018-06-25T12:39:28.461+0200: 4,194: Total time for which application threads were stopped: 0,0001821 seconds, Stopping threads took: 0,0000950 seconds
2018-06-25T12:39:28.468+0200: 4,201: Total time for which application threads were stopped: 0,0030252 seconds, Stopping threads took: 0,0028574 seconds
2018-06-25T12:39:28.469+0200: 4,202: Total time for which application threads were stopped: 0,0001512 seconds, Stopping threads took: 0,0000387 seconds
2018-06-25T12:39:28.475+0200: 4,208: Total time for which application threads were stopped: 0,0004711 seconds, Stopping threads took: 0,0003440 seconds
2018-06-25T12:39:28.478+0200: 4,211: Total time for which application threads were stopped: 0,0001845 seconds, Stopping threads took: 0,0000560 seconds
2018-06-25T12:39:28.485+0200: 4,219: Total time for which application threads were stopped: 0,0002493 seconds, Stopping threads took: 0,0001237 seconds
2018-06-25T12:39:28.486+0200: 4,220: Total time for which application threads were stopped: 0,0001391 seconds, Stopping threads took: 0,0000337 seconds
2018-06-25T12:39:28.529+0200: 4,262: Total time for which application threads were stopped: 0,0023895 seconds, Stopping threads took: 0,0022434 seconds
2018-06-25T12:39:28.546+0200: 4,280: Total time for which application threads were stopped: 0,0022586 seconds, Stopping threads took: 0,0018014 seconds
2018-06-25T12:39:28.552+0200: 4,285: Total time for which application threads were stopped: 0,0026983 seconds, Stopping threads took: 0,0025594 seconds
2018-06-25T12:39:28.557+0200: 4,290: Total time for which application threads were stopped: 0,0038354 seconds, Stopping threads took: 0,0037479 seconds
2018-06-25T12:39:28.561+0200: 4,294: Total time for which application threads were stopped: 0,0002597 seconds, Stopping threads took: 0,0001287 seconds
2018-06-25T12:39:28.561+0200: 4,294: Total time for which application threads were stopped: 0,0002196 seconds, Stopping threads took: 0,0000148 seconds
2018-06-25T12:39:28.562+0200: 4,295: Total time for which application threads were stopped: 0,0001174 seconds, Stopping threads took: 0,0000440 seconds
2018-06-25T12:39:28.562+0200: 4,295: Total time for which application threads were stopped: 0,0001980 seconds, Stopping threads took: 0,0001390 seconds
2018-06-25T12:39:28.568+0200: 4,301: Total time for which application threads were stopped: 0,0001935 seconds, Stopping threads took: 0,0000796 seconds
2018-06-25T12:39:28.573+0200: 4,307: Total time for which application threads were stopped: 0,0001447 seconds, Stopping threads took: 0,0000531 seconds
2018-06-25T12:39:28.576+0200: 4,310: Total time for which application threads were stopped: 0,0029284 seconds, Stopping threads took: 0,0028758 seconds
2018-06-25T12:39:28.584+0200: 4,317: Total time for which application threads were stopped: 0,0001698 seconds, Stopping threads took: 0,0001002 seconds
2018-06-25T12:39:28.592+0200: 4,325: Total time for which application threads were stopped: 0,0031743 seconds, Stopping threads took: 0,0030607 seconds
2018-06-25T12:39:28.593+0200: 4,326: Total time for which application threads were stopped: 0,0000999 seconds, Stopping threads took: 0,0000279 seconds
2018-06-25T12:39:28.597+0200: 4,330: Total time for which application threads were stopped: 0,0002023 seconds, Stopping threads took: 0,0000475 seconds
2018-06-25T12:39:28.597+0200: 4,331: Total time for which application threads were stopped: 0,0000903 seconds, Stopping threads took: 0,0000226 seconds
2018-06-25T12:39:28.597+0200: 4,331: Total time for which application threads were stopped: 0,0000726 seconds, Stopping threads took: 0,0000191 seconds
2018-06-25T12:39:28.599+0200: 4,332: Total time for which application threads were stopped: 0,0001814 seconds, Stopping threads took: 0,0000345 seconds
2018-06-25T12:39:28.599+0200: 4,332: Total time for which application threads were stopped: 0,0000998 seconds, Stopping threads took: 0,0000148 seconds
2018-06-25T12:39:28.602+0200: 4,336: Total time for which application threads were stopped: 0,0015833 seconds, Stopping threads took: 0,0007391 seconds
2018-06-25T12:39:28.604+0200: 4,337: Total time for which application threads were stopped: 0,0007489 seconds, Stopping threads took: 0,0001001 seconds
2018-06-25T12:39:28.604+0200: 4,337: Total time for which application threads were stopped: 0,0002047 seconds, Stopping threads took: 0,0000950 seconds
2018-06-25T12:39:28.605+0200: 4,338: Total time for which application threads were stopped: 0,0001512 seconds, Stopping threads took: 0,0000286 seconds
2018-06-25T12:39:28.605+0200: 4,338: Total time for which application threads were stopped: 0,0001038 seconds, Stopping threads took: 0,0000217 seconds
2018-06-25T12:39:28.605+0200: 4,339: Total time for which application threads were stopped: 0,0002672 seconds, Stopping threads took: 0,0001752 seconds
2018-06-25T12:39:28.606+0200: 4,339: Total time for which application threads were stopped: 0,0001305 seconds, Stopping threads took: 0,0000556 seconds
2018-06-25T12:39:28.606+0200: 4,339: Total time for which application threads were stopped: 0,0001214 seconds, Stopping threads took: 0,0000570 seconds
2018-06-25T12:39:28.607+0200: 4,340: Total time for which application threads were stopped: 0,0002613 seconds, Stopping threads took: 0,0000431 seconds
2018-06-25T12:39:28.609+0200: 4,343: Total time for which application threads were stopped: 0,0001494 seconds, Stopping threads took: 0,0000540 seconds
2018-06-25T12:39:28.610+0200: 4,343: Total time for which application threads were stopped: 0,0002938 seconds, Stopping threads took: 0,0001995 seconds
2018-06-25T12:39:28.610+0200: 4,344: Total time for which application threads were stopped: 0,0001740 seconds, Stopping threads took: 0,0000312 seconds
2018-06-25T12:39:28.614+0200: 4,347: Total time for which application threads were stopped: 0,0001342 seconds, Stopping threads took: 0,0000390 seconds
2018-06-25T12:39:28.619+0200: 4,352: Total time for which application threads were stopped: 0,0001411 seconds, Stopping threads took: 0,0000461 seconds
2018-06-25T12:39:28.620+0200: 4,353: Total time for which application threads were stopped: 0,0002361 seconds, Stopping threads took: 0,0001512 seconds
2018-06-25T12:39:28.621+0200: 4,354: Total time for which application threads were stopped: 0,0001655 seconds, Stopping threads took: 0,0000718 seconds
2018-06-25T12:39:28.621+0200: 4,354: Total time for which application threads were stopped: 0,0000859 seconds, Stopping threads took: 0,0000192 seconds
2018-06-25T12:39:28.621+0200: 4,354: Total time for which application threads were stopped: 0,0000683 seconds, Stopping threads took: 0,0000204 seconds
2018-06-25T12:39:28.621+0200: 4,355: Total time for which application threads were stopped: 0,0000656 seconds, Stopping threads took: 0,0000166 seconds
2018-06-25T12:39:28.621+0200: 4,355: Total time for which application threads were stopped: 0,0000578 seconds, Stopping threads took: 0,0000129 seconds
2018-06-25T12:39:28.622+0200: 4,355: Total time for which application threads were stopped: 0,0000598 seconds, Stopping threads took: 0,0000192 seconds
2018-06-25T12:39:28.622+0200: 4,355: Total time for which application threads were stopped: 0,0001992 seconds, Stopping threads took: 0,0001406 seconds
2018-06-25T12:39:28.622+0200: 4,355: Total time for which application threads were stopped: 0,0000641 seconds, Stopping threads took: 0,0000228 seconds
2018-06-25T12:39:28.626+0200: 4,359: Total time for which application threads were stopped: 0,0001200 seconds, Stopping threads took: 0,0000256 seconds
2018-06-25T12:39:28.626+0200: 4,359: Total time for which application threads were stopped: 0,0000775 seconds, Stopping threads took: 0,0000184 seconds
2018-06-25T12:39:28.628+0200: 4,361: Total time for which application threads were stopped: 0,0001206 seconds, Stopping threads took: 0,0000294 seconds
2018-06-25T12:39:28.628+0200: 4,362: Total time for which application threads were stopped: 0,0001027 seconds, Stopping threads took: 0,0000288 seconds
2018-06-25T12:39:28.629+0200: 4,363: Total time for which application threads were stopped: 0,0001134 seconds, Stopping threads took: 0,0000322 seconds
2018-06-25T12:39:28.631+0200: 4,364: Total time for which application threads were stopped: 0,0000979 seconds, Stopping threads took: 0,0000271 seconds
2018-06-25T12:39:28.631+0200: 4,365: Total time for which application threads were stopped: 0,0001078 seconds, Stopping threads took: 0,0000391 seconds
2018-06-25T12:39:28.632+0200: 4,366: Total time for which application threads were stopped: 0,0001661 seconds, Stopping threads took: 0,0000190 seconds
2018-06-25T12:39:28.651+0200: 4,384: Total time for which application threads were stopped: 0,0004019 seconds, Stopping threads took: 0,0002532 seconds
2018-06-25T12:39:28.695+0200: 4,428: Total time for which application threads were stopped: 0,0017290 seconds, Stopping threads took: 0,0012179 seconds
{Heap before GC invocations=6 (full 1):
 par new generation   total 109248K, used 103990K [0x00000000e0000000, 0x00000000e8000000, 0x00000000e8000000)
  eden space 87424K, 100% used [0x00000000e0000000, 0x00000000e5560000, 0x00000000e5560000)
  from space 21824K,  75% used [0x00000000e5560000, 0x00000000e658da40, 0x00000000e6ab0000)
  to   space 21824K,   0% used [0x00000000e6ab0000, 0x00000000e6ab0000, 0x00000000e8000000)
 concurrent mark-sweep generation total 393216K, used 0K [0x00000000e8000000, 0x0000000100000000, 0x0000000100000000)
 Metaspace       used 27887K, capacity 28452K, committed 28796K, reserved 1075200K
  class space    used 3208K, capacity 3387K, committed 3452K, reserved 1048576K
2018-06-25T12:39:28.831+0200: 4,564: [GC (Allocation Failure) 2018-06-25T12:39:28.831+0200: 4,564: [ParNew
Desired survivor size 20112992 bytes, new threshold 7 (max 8)
- age   1:   12586296 bytes,   12586296 total
- age   2:    2196712 bytes,   14783008 total
- age   3:     122424 bytes,   14905432 total
- age   4:     190424 bytes,   15095856 total
- age   5:     268776 bytes,   15364632 total
- age   6:     476424 bytes,   15841056 total
- age   7:    6467120 bytes,   22308176 total
: 103990K->21824K(109248K), 0,0517879 secs] 103990K->23078K(502464K), 0,0518915 secs] [Times: user=0,18 sys=0,01, real=0,05 secs] 
Heap after GC invocations=7 (full 1):
 par new generation   total 109248K, used 21824K [0x00000000e0000000, 0x00000000e8000000, 0x00000000e8000000)
  eden space 87424K,   0% used [0x00000000e0000000, 0x00000000e0000000, 0x00000000e5560000)
  from space 21824K, 100% used [0x00000000e6ab0000, 0x00000000e8000000, 0x00000000e8000000)
  to   space 21824K,   0% used [0x00000000e5560000, 0x00000000e5560000, 0x00000000e6ab0000)
 concurrent mark-sweep generation total 393216K, used 1254K [0x00000000e8000000, 0x0000000100000000, 0x0000000100000000)
 Metaspace       used 27887K, capacity 28452K, committed 28796K, reserved 1075200K
  class space    used 3208K, capacity 3387K, committed 3452K, reserved 1048576K
}
2018-06-25T12:39:28.883+0200: 4,616: Total time for which application threads were stopped: 0,0534944 seconds, Stopping threads took: 0,0013186 seconds
2018-06-25T12:39:28.886+0200: 4,619: Total time for which application threads were stopped: 0,0002153 seconds, Stopping threads took: 0,0000929 seconds
2018-06-25T12:39:28.886+0200: 4,619: Total time for which application threads were stopped: 0,0001016 seconds, Stopping threads took: 0,0000275 seconds
2018-06-25T12:39:28.886+0200: 4,619: Total time for which application threads were stopped: 0,0001075 seconds, Stopping threads took: 0,0000416 seconds
{Heap before GC invocations=7 (full 1):
 par new generation   total 109248K, used 109248K [0x00000000e0000000, 0x00000000e8000000, 0x00000000e8000000)
  eden space 87424K, 100% used [0x00000000e0000000, 0x00000000e5560000, 0x00000000e5560000)
  from space 21824K, 100% used [0x00000000e6ab0000, 0x00000000e8000000, 0x00000000e8000000)
  to   space 21824K,   0% used [0x00000000e5560000, 0x00000000e5560000, 0x00000000e6ab0000)
 concurrent mark-sweep generation total 393216K, used 1254K [0x00000000e8000000, 0x0000000100000000, 0x0000000100000000)
 Metaspace       used 27911K, capacity 28464K, committed 28796K, reserved 1075200K
  class space    used 3209K, capacity 3389K, committed 3452K, reserved 1048576K
2018-06-25T12:39:28.969+0200: 4,702: [GC (Allocation Failure) 2018-06-25T12:39:28.969+0200: 4,702: [ParNew
Desired survivor size 20112992 bytes, new threshold 8 (max 8)
- age   1:    1339696 bytes,    1339696 total
- age   2:   11030328 bytes,   12370024 total
- age   3:    2194096 bytes,   14564120 total
- age   4:     122424 bytes,   14686544 total
- age   5:     190320 bytes,   14876864 total
- age   6:     268776 bytes,   15145640 total
- age   7:     476424 bytes,   15622064 total
: 109248K->21075K(109248K), 0,1071800 secs] 110502K->29291K(502464K), 0,1073021 secs] [Times: user=0,39 sys=0,01, real=0,10 secs] 
Heap after GC invocations=8 (full 1):
 par new generation   total 109248K, used 21075K [0x00000000e0000000, 0x00000000e8000000, 0x00000000e8000000)
  eden space 87424K,   0% used [0x00000000e0000000, 0x00000000e0000000, 0x00000000e5560000)
  from space 21824K,  96% used [0x00000000e5560000, 0x00000000e69f4de0, 0x00000000e6ab0000)
  to   space 21824K,   0% used [0x00000000e6ab0000, 0x00000000e6ab0000, 0x00000000e8000000)
 concurrent mark-sweep generation total 393216K, used 8215K [0x00000000e8000000, 0x0000000100000000, 0x0000000100000000)
 Metaspace       used 27911K, capacity 28464K, committed 28796K, reserved 1075200K
  class space    used 3209K, capacity 3389K, committed 3452K, reserved 1048576K
}
2018-06-25T12:39:29.076+0200: 4,809: Total time for which application threads were stopped: 0,1081689 seconds, Stopping threads took: 0,0006113 seconds
{Heap before GC invocations=8 (full 1):
 par new generation   total 109248K, used 108499K [0x00000000e0000000, 0x00000000e8000000, 0x00000000e8000000)
  eden space 87424K, 100% used [0x00000000e0000000, 0x00000000e5560000, 0x00000000e5560000)
  from space 21824K,  96% used [0x00000000e5560000, 0x00000000e69f4de0, 0x00000000e6ab0000)
  to   space 21824K,   0% used [0x00000000e6ab0000, 0x00000000e6ab0000, 0x00000000e8000000)
 concurrent mark-sweep generation total 393216K, used 8215K [0x00000000e8000000, 0x0000000100000000, 0x0000000100000000)
 Metaspace       used 27942K, capacity 28500K, committed 28796K, reserved 1075200K
  class space    used 3213K, capacity 3396K, committed 3452K, reserved 1048576K
2018-06-25T12:39:29.129+0200: 4,862: [GC (Allocation Failure) 2018-06-25T12:39:29.129+0200: 4,862: [ParNew
Desired survivor size 20112992 bytes, new threshold 8 (max 8)
- age   1:     552320 bytes,     552320 total
- age   2:    1190456 bytes,    1742776 total
- age   3:   11030328 bytes,   12773104 total
- age   4:    2194096 bytes,   14967200 total
- age   5:     122424 bytes,   15089624 total
- age   6:     190216 bytes,   15279840 total
- age   7:     268776 bytes,   15548616 total
- age   8:     476424 bytes,   16025040 total
: 108499K->19816K(109248K), 0,0284428 secs] 116715K->28032K(502464K), 0,0286203 secs] [Times: user=0,12 sys=0,00, real=0,03 secs] 
Heap after GC invocations=9 (full 1):
 par new generation   total 109248K, used 19816K [0x00000000e0000000, 0x00000000e8000000, 0x00000000e8000000)
  eden space 87424K,   0% used [0x00000000e0000000, 0x00000000e0000000, 0x00000000e5560000)
  from space 21824K,  90% used [0x00000000e6ab0000, 0x00000000e7e0a1f0, 0x00000000e8000000)
  to   space 21824K,   0% used [0x00000000e5560000, 0x00000000e5560000, 0x00000000e6ab0000)
 concurrent mark-sweep generation total 393216K, used 8215K [0x00000000e8000000, 0x0000000100000000, 0x0000000100000000)
 Metaspace       used 27942K, capacity 28500K, committed 28796K, reserved 1075200K
  class space    used 3213K, capacity 3396K, committed 3452K, reserved 1048576K
}
2018-06-25T12:39:29.158+0200: 4,891: Total time for which application threads were stopped: 0,0368930 seconds, Stopping threads took: 0,0079442 seconds
{Heap before GC invocations=9 (full 1):
 par new generation   total 109248K, used 107240K [0x00000000e0000000, 0x00000000e8000000, 0x00000000e8000000)
  eden space 87424K, 100% used [0x00000000e0000000, 0x00000000e5560000, 0x00000000e5560000)
  from space 21824K,  90% used [0x00000000e6ab0000, 0x00000000e7e0a1f0, 0x00000000e8000000)
  to   space 21824K,   0% used [0x00000000e5560000, 0x00000000e5560000, 0x00000000e6ab0000)
 concurrent mark-sweep generation total 393216K, used 8215K [0x00000000e8000000, 0x0000000100000000, 0x0000000100000000)
 Metaspace       used 27973K, capacity 28564K, committed 28796K, reserved 1075200K
  class space    used 3213K, capacity 3396K, committed 3452K, reserved 1048576K
2018-06-25T12:39:29.258+0200: 4,992: [GC (Allocation Failure) 2018-06-25T12:39:29.258+0200: 4,992: [ParNew
Desired survivor size 20112992 bytes, new threshold 8 (max 8)
- age   1:     839368 bytes,     839368 total
- age   2:     296440 bytes,    1135808 total
- age   3:    1189912 bytes,    2325720 total
- age   4:   11030328 bytes,   13356048 total
- age   5:    2194096 bytes,   15550144 total
- age   6:     122424 bytes,   15672568 total
- age   7:     190216 bytes,   15862784 total
- age   8:     268776 bytes,   16131560 total
: 107240K->20015K(109248K), 0,0475180 secs] 115456K->28708K(502464K), 0,0476722 secs] [Times: user=0,11 sys=0,00, real=0,04 secs] 
Heap after GC invocations=10 (full 1):
 par new generation   total 109248K, used 20015K [0x00000000e0000000, 0x00000000e8000000, 0x00000000e8000000)
  eden space 87424K,   0% used [0x00000000e0000000, 0x00000000e0000000, 0x00000000e5560000)
  from space 21824K,  91% used [0x00000000e5560000, 0x00000000e68ebcf0, 0x00000000e6ab0000)
  to   space 21824K,   0% used [0x00000000e6ab0000, 0x00000000e6ab0000, 0x00000000e8000000)
 concurrent mark-sweep generation total 393216K, used 8693K [0x00000000e8000000, 0x0000000100000000, 0x0000000100000000)
 Metaspace       used 27973K, capacity 28564K, committed 28796K, reserved 1075200K
  class space    used 3213K, capacity 3396K, committed 3452K, reserved 1048576K
}
2018-06-25T12:39:29.306+0200: 5,039: Total time for which application threads were stopped: 0,0535977 seconds, Stopping threads took: 0,0056532 seconds
2018-06-25T12:39:29.541+0200: 5,274: Total time for which application threads were stopped: 0,0029878 seconds, Stopping threads took: 0,0028024 seconds
2018-06-25T12:39:29.575+0200: 5,309: Total time for which application threads were stopped: 0,0014784 seconds, Stopping threads took: 0,0013095 seconds
2018-06-25T12:39:29.591+0200: 5,324: Total time for which application threads were stopped: 0,0001751 seconds, Stopping threads took: 0,0000336 seconds
2018-06-25T12:39:29.646+0200: 5,380: Total time for which application threads were stopped: 0,0164992 seconds, Stopping threads took: 0,0163583 seconds
2018-06-25T12:39:29.670+0200: 5,403: Total time for which application threads were stopped: 0,0001521 seconds, Stopping threads took: 0,0000522 seconds
2018-06-25T12:39:30.670+0200: 6,403: Total time for which application threads were stopped: 0,0001534 seconds, Stopping threads took: 0,0000280 seconds
2018-06-25T12:39:52.302+0200: 28,035: Total time for which application threads were stopped: 0,0007909 seconds, Stopping threads took: 0,0000543 seconds
2018-06-25T12:39:52.368+0200: 28,101: Total time for which application threads were stopped: 0,0001028 seconds, Stopping threads took: 0,0000268 seconds
2018-06-25T12:39:52.386+0200: 28,120: Total time for which application threads were stopped: 0,0005148 seconds, Stopping threads took: 0,0000240 seconds
2018-06-25T12:39:52.394+0200: 28,127: Total time for which application threads were stopped: 0,0001022 seconds, Stopping threads took: 0,0000245 seconds
2018-06-25T12:39:52.394+0200: 28,128: Total time for which application threads were stopped: 0,0000509 seconds, Stopping threads took: 0,0000146 seconds
2018-06-25T12:39:52.400+0200: 28,133: Total time for which application threads were stopped: 0,0002377 seconds, Stopping threads took: 0,0001133 seconds
2018-06-25T12:39:52.400+0200: 28,133: Total time for which application threads were stopped: 0,0000723 seconds, Stopping threads took: 0,0000349 seconds
2018-06-25T12:39:52.405+0200: 28,139: Total time for which application threads were stopped: 0,0000732 seconds, Stopping threads took: 0,0000213 seconds
2018-06-25T12:39:52.405+0200: 28,139: Total time for which application threads were stopped: 0,0000344 seconds, Stopping threads took: 0,0000075 seconds
2018-06-25T12:39:52.405+0200: 28,139: Total time for which application threads were stopped: 0,0000357 seconds, Stopping threads took: 0,0000111 seconds
2018-06-25T12:39:52.405+0200: 28,139: Total time for which application threads were stopped: 0,0000279 seconds, Stopping threads took: 0,0000079 seconds
2018-06-25T12:39:52.406+0200: 28,139: Total time for which application threads were stopped: 0,0000273 seconds, Stopping threads took: 0,0000077 seconds
2018-06-25T12:39:52.406+0200: 28,139: Total time for which application threads were stopped: 0,0000268 seconds, Stopping threads took: 0,0000076 seconds
2018-06-25T12:39:52.407+0200: 28,140: Total time for which application threads were stopped: 0,0001037 seconds, Stopping threads took: 0,0000300 seconds
2018-06-25T12:39:52.464+0200: 28,198: Total time for which application threads were stopped: 0,0001553 seconds, Stopping threads took: 0,0000706 seconds
2018-06-25T12:39:52.489+0200: 28,223: Total time for which application threads were stopped: 0,0002236 seconds, Stopping threads took: 0,0001225 seconds
2018-06-25T12:39:52.499+0200: 28,233: Total time for which application threads were stopped: 0,0001309 seconds, Stopping threads took: 0,0000486 seconds
2018-06-25T12:39:52.507+0200: 28,240: Total time for which application threads were stopped: 0,0001266 seconds, Stopping threads took: 0,0000507 seconds
2018-06-25T12:39:52.512+0200: 28,245: Total time for which application threads were stopped: 0,0001131 seconds, Stopping threads took: 0,0000454 seconds
2018-06-25T12:39:52.585+0200: 28,318: Total time for which application threads were stopped: 0,0001365 seconds, Stopping threads took: 0,0000550 seconds
2018-06-25T12:39:52.585+0200: 28,318: Total time for which application threads were stopped: 0,0000666 seconds, Stopping threads took: 0,0000340 seconds
2018-06-25T12:39:52.585+0200: 28,318: Total time for which application threads were stopped: 0,0000523 seconds, Stopping threads took: 0,0000218 seconds
2018-06-25T12:39:52.586+0200: 28,320: Total time for which application threads were stopped: 0,0001660 seconds, Stopping threads took: 0,0000440 seconds
2018-06-25T12:39:52.587+0200: 28,320: Total time for which application threads were stopped: 0,0000390 seconds, Stopping threads took: 0,0000128 seconds
2018-06-25T12:39:52.587+0200: 28,320: Total time for which application threads were stopped: 0,0000373 seconds, Stopping threads took: 0,0000106 seconds
2018-06-25T12:39:52.587+0200: 28,320: Total time for which application threads were stopped: 0,0000313 seconds, Stopping threads took: 0,0000088 seconds
2018-06-25T12:39:52.587+0200: 28,320: Total time for which application threads were stopped: 0,0000352 seconds, Stopping threads took: 0,0000137 seconds
2018-06-25T12:39:52.587+0200: 28,320: Total time for which application threads were stopped: 0,0000310 seconds, Stopping threads took: 0,0000079 seconds
2018-06-25T12:39:52.587+0200: 28,320: Total time for which application threads were stopped: 0,0000276 seconds, Stopping threads took: 0,0000076 seconds
2018-06-25T12:39:52.587+0200: 28,320: Total time for which application threads were stopped: 0,0000394 seconds, Stopping threads took: 0,0000142 seconds
2018-06-25T12:39:52.587+0200: 28,320: Total time for which application threads were stopped: 0,0000291 seconds, Stopping threads took: 0,0000083 seconds
2018-06-25T12:39:52.587+0200: 28,320: Total time for which application threads were stopped: 0,0000297 seconds, Stopping threads took: 0,0000093 seconds
2018-06-25T12:39:52.588+0200: 28,321: Total time for which application threads were stopped: 0,0005088 seconds, Stopping threads took: 0,0004659 seconds
2018-06-25T12:39:52.588+0200: 28,321: Total time for which application threads were stopped: 0,0000565 seconds, Stopping threads took: 0,0000124 seconds
2018-06-25T12:39:52.588+0200: 28,321: Total time for which application threads were stopped: 0,0000423 seconds, Stopping threads took: 0,0000163 seconds
2018-06-25T12:39:52.589+0200: 28,322: Total time for which application threads were stopped: 0,0000613 seconds, Stopping threads took: 0,0000195 seconds
2018-06-25T12:39:52.589+0200: 28,322: Total time for which application threads were stopped: 0,0000476 seconds, Stopping threads took: 0,0000169 seconds
2018-06-25T12:39:52.589+0200: 28,322: Total time for which application threads were stopped: 0,0000450 seconds, Stopping threads took: 0,0000164 seconds
2018-06-25T12:39:52.589+0200: 28,322: Total time for which application threads were stopped: 0,0001470 seconds, Stopping threads took: 0,0000289 seconds
2018-06-25T12:39:52.701+0200: 28,434: Total time for which application threads were stopped: 0,0001254 seconds, Stopping threads took: 0,0000497 seconds
2018-06-25T12:39:52.714+0200: 28,447: Total time for which application threads were stopped: 0,0006384 seconds, Stopping threads took: 0,0000520 seconds
2018-06-25T12:39:52.716+0200: 28,450: Total time for which application threads were stopped: 0,0007759 seconds, Stopping threads took: 0,0000410 seconds
{Heap before GC invocations=10 (full 1):
 par new generation   total 109248K, used 107439K [0x00000000e0000000, 0x00000000e8000000, 0x00000000e8000000)
  eden space 87424K, 100% used [0x00000000e0000000, 0x00000000e5560000, 0x00000000e5560000)
  from space 21824K,  91% used [0x00000000e5560000, 0x00000000e68ebcf0, 0x00000000e6ab0000)
  to   space 21824K,   0% used [0x00000000e6ab0000, 0x00000000e6ab0000, 0x00000000e8000000)
 concurrent mark-sweep generation total 393216K, used 8693K [0x00000000e8000000, 0x0000000100000000, 0x0000000100000000)
 Metaspace       used 30402K, capacity 31114K, committed 31356K, reserved 1077248K
  class space    used 3491K, capacity 3707K, committed 3708K, reserved 1048576K
2018-06-25T12:39:52.976+0200: 28,710: [GC (Allocation Failure) 2018-06-25T12:39:52.976+0200: 28,710: [ParNew
Desired survivor size 20112992 bytes, new threshold 5 (max 8)
- age   1:   10487752 bytes,   10487752 total
- age   2:      85336 bytes,   10573088 total
- age   3:      78576 bytes,   10651664 total
- age   4:     163208 bytes,   10814872 total
- age   5:    9402976 bytes,   20217848 total
- age   6:    1844616 bytes,   22062464 total
- age   7:     100832 bytes,   22163296 total
- age   8:     161200 bytes,   22324496 total
: 107439K->21824K(109248K), 0,0442562 secs] 116132K->34000K(502464K), 0,0443385 secs] [Times: user=0,11 sys=0,00, real=0,04 secs] 
Heap after GC invocations=11 (full 1):
 par new generation   total 109248K, used 21824K [0x00000000e0000000, 0x00000000e8000000, 0x00000000e8000000)
  eden space 87424K,   0% used [0x00000000e0000000, 0x00000000e0000000, 0x00000000e5560000)
  from space 21824K, 100% used [0x00000000e6ab0000, 0x00000000e8000000, 0x00000000e8000000)
  to   space 21824K,   0% used [0x00000000e5560000, 0x00000000e5560000, 0x00000000e6ab0000)
 concurrent mark-sweep generation total 393216K, used 12176K [0x00000000e8000000, 0x0000000100000000, 0x0000000100000000)
 Metaspace       used 30402K, capacity 31114K, committed 31356K, reserved 1077248K
  class space    used 3491K, capacity 3707K, committed 3708K, reserved 1048576K
}
2018-06-25T12:39:53.021+0200: 28,754: Total time for which application threads were stopped: 0,0447150 seconds, Stopping threads took: 0,0000851 seconds
2018-06-25T12:39:53.035+0200: 28,768: Total time for which application threads were stopped: 0,0030638 seconds, Stopping threads took: 0,0025580 seconds
2018-06-25T12:39:53.038+0200: 28,772: Total time for which application threads were stopped: 0,0004187 seconds, Stopping threads took: 0,0003544 seconds
2018-06-25T12:39:53.044+0200: 28,778: Total time for which application threads were stopped: 0,0026052 seconds, Stopping threads took: 0,0024876 seconds
2018-06-25T12:39:53.551+0200: 29,285: Total time for which application threads were stopped: 0,0002400 seconds, Stopping threads took: 0,0000314 seconds
2018-06-25T12:39:53.552+0200: 29,285: Total time for which application threads were stopped: 0,0001001 seconds, Stopping threads took: 0,0000193 seconds
2018-06-25T12:39:53.579+0200: 29,312: Total time for which application threads were stopped: 0,0005191 seconds, Stopping threads took: 0,0002464 seconds
2018-06-25T12:39:53.609+0200: 29,342: Total time for which application threads were stopped: 0,0004697 seconds, Stopping threads took: 0,0000755 seconds
{Heap before GC invocations=11 (full 1):
 par new generation   total 109248K, used 109248K [0x00000000e0000000, 0x00000000e8000000, 0x00000000e8000000)
  eden space 87424K, 100% used [0x00000000e0000000, 0x00000000e5560000, 0x00000000e5560000)
  from space 21824K, 100% used [0x00000000e6ab0000, 0x00000000e8000000, 0x00000000e8000000)
  to   space 21824K,   0% used [0x00000000e5560000, 0x00000000e5560000, 0x00000000e6ab0000)
 concurrent mark-sweep generation total 393216K, used 12176K [0x00000000e8000000, 0x0000000100000000, 0x0000000100000000)
 Metaspace       used 30723K, capacity 31434K, committed 31612K, reserved 1077248K
  class space    used 3496K, capacity 3707K, committed 3708K, reserved 1048576K
2018-06-25T12:39:53.738+0200: 29,472: [GC (Allocation Failure) 2018-06-25T12:39:53.738+0200: 29,472: [ParNew
Desired survivor size 20112992 bytes, new threshold 8 (max 8)
- age   1:    1486792 bytes,    1486792 total
- age   2:    9957016 bytes,   11443808 total
- age   3:      85336 bytes,   11529144 total
- age   4:      78576 bytes,   11607720 total
- age   5:     163208 bytes,   11770928 total
: 109248K->20547K(109248K), 0,0570514 secs] 121424K->45121K(502464K), 0,0571779 secs] [Times: user=0,12 sys=0,02, real=0,05 secs] 
Heap after GC invocations=12 (full 1):
 par new generation   total 109248K, used 20547K [0x00000000e0000000, 0x00000000e8000000, 0x00000000e8000000)
  eden space 87424K,   0% used [0x00000000e0000000, 0x00000000e0000000, 0x00000000e5560000)
  from space 21824K,  94% used [0x00000000e5560000, 0x00000000e6970ce8, 0x00000000e6ab0000)
  to   space 21824K,   0% used [0x00000000e6ab0000, 0x00000000e6ab0000, 0x00000000e8000000)
 concurrent mark-sweep generation total 393216K, used 24573K [0x00000000e8000000, 0x0000000100000000, 0x0000000100000000)
 Metaspace       used 30723K, capacity 31434K, committed 31612K, reserved 1077248K
  class space    used 3496K, capacity 3707K, committed 3708K, reserved 1048576K
}
2018-06-25T12:39:53.796+0200: 29,529: Total time for which application threads were stopped: 0,0575365 seconds, Stopping threads took: 0,0000789 seconds
2018-06-25T12:39:53.807+0200: 29,540: Total time for which application threads were stopped: 0,0001418 seconds, Stopping threads took: 0,0000547 seconds
2018-06-25T12:39:53.807+0200: 29,541: Total time for which application threads were stopped: 0,0001059 seconds, Stopping threads took: 0,0000430 seconds
2018-06-25T12:39:53.876+0200: 29,609: Total time for which application threads were stopped: 0,0036514 seconds, Stopping threads took: 0,0035111 seconds
2018-06-25T12:39:53.892+0200: 29,625: Total time for which application threads were stopped: 0,0001460 seconds, Stopping threads took: 0,0000541 seconds
2018-06-25T12:39:53.893+0200: 29,627: Total time for which application threads were stopped: 0,0010284 seconds, Stopping threads took: 0,0009467 seconds
2018-06-25T12:39:54.067+0200: 29,801: Total time for which application threads were stopped: 0,0008029 seconds, Stopping threads took: 0,0002569 seconds
2018-06-25T12:39:54.077+0200: 29,810: Total time for which application threads were stopped: 0,0004126 seconds, Stopping threads took: 0,0002909 seconds
2018-06-25T12:39:54.106+0200: 29,839: Total time for which application threads were stopped: 0,0139095 seconds, Stopping threads took: 0,0135789 seconds
{Heap before GC invocations=12 (full 1):
 par new generation   total 109248K, used 107971K [0x00000000e0000000, 0x00000000e8000000, 0x00000000e8000000)
  eden space 87424K, 100% used [0x00000000e0000000, 0x00000000e5560000, 0x00000000e5560000)
  from space 21824K,  94% used [0x00000000e5560000, 0x00000000e6970ce8, 0x00000000e6ab0000)
  to   space 21824K,   0% used [0x00000000e6ab0000, 0x00000000e6ab0000, 0x00000000e8000000)
 concurrent mark-sweep generation total 393216K, used 24573K [0x00000000e8000000, 0x0000000100000000, 0x0000000100000000)
 Metaspace       used 30938K, capacity 31664K, committed 31996K, reserved 1077248K
  class space    used 3514K, capacity 3740K, committed 3836K, reserved 1048576K
2018-06-25T12:39:54.237+0200: 29,970: [GC (Allocation Failure) 2018-06-25T12:39:54.237+0200: 29,970: [ParNew
Desired survivor size 20112992 bytes, new threshold 8 (max 8)
- age   1:    1455528 bytes,    1455528 total
- age   2:     891592 bytes,    2347120 total
- age   3:    9791280 bytes,   12138400 total
- age   4:      85336 bytes,   12223736 total
- age   5:      78576 bytes,   12302312 total
- age   6:     163208 bytes,   12465520 total
: 107971K->15712K(109248K), 0,0555450 secs] 132545K->40286K(502464K), 0,0556730 secs] [Times: user=0,10 sys=0,00, real=0,05 secs] 
Heap after GC invocations=13 (full 1):
 par new generation   total 109248K, used 15712K [0x00000000e0000000, 0x00000000e8000000, 0x00000000e8000000)
  eden space 87424K,   0% used [0x00000000e0000000, 0x00000000e0000000, 0x00000000e5560000)
  from space 21824K,  71% used [0x00000000e6ab0000, 0x00000000e7a080b0, 0x00000000e8000000)
  to   space 21824K,   0% used [0x00000000e5560000, 0x00000000e5560000, 0x00000000e6ab0000)
 concurrent mark-sweep generation total 393216K, used 24573K [0x00000000e8000000, 0x0000000100000000, 0x0000000100000000)
 Metaspace       used 30938K, capacity 31664K, committed 31996K, reserved 1077248K
  class space    used 3514K, capacity 3740K, committed 3836K, reserved 1048576K
}
2018-06-25T12:39:54.292+0200: 30,026: Total time for which application threads were stopped: 0,0559988 seconds, Stopping threads took: 0,0000665 seconds
{Heap before GC invocations=13 (full 1):
 par new generation   total 109248K, used 103136K [0x00000000e0000000, 0x00000000e8000000, 0x00000000e8000000)
  eden space 87424K, 100% used [0x00000000e0000000, 0x00000000e5560000, 0x00000000e5560000)
  from space 21824K,  71% used [0x00000000e6ab0000, 0x00000000e7a080b0, 0x00000000e8000000)
  to   space 21824K,   0% used [0x00000000e5560000, 0x00000000e5560000, 0x00000000e6ab0000)
 concurrent mark-sweep generation total 393216K, used 24573K [0x00000000e8000000, 0x0000000100000000, 0x0000000100000000)
 Metaspace       used 30938K, capacity 31664K, committed 31996K, reserved 1077248K
  class space    used 3514K, capacity 3740K, committed 3836K, reserved 1048576K
2018-06-25T12:39:54.693+0200: 30,426: [GC (Allocation Failure) 2018-06-25T12:39:54.693+0200: 30,426: [ParNew
Desired survivor size 20112992 bytes, new threshold 8 (max 8)
- age   1:    1408576 bytes,    1408576 total
- age   2:    1032760 bytes,    2441336 total
- age   3:     891456 bytes,    3332792 total
- age   4:    9790432 bytes,   13123224 total
- age   5:      85336 bytes,   13208560 total
- age   6:      78576 bytes,   13287136 total
- age   7:     163208 bytes,   13450344 total
: 103136K->16149K(109248K), 0,0286912 secs] 127710K->40723K(502464K), 0,0287827 secs] [Times: user=0,05 sys=0,00, real=0,03 secs] 
Heap after GC invocations=14 (full 1):
 par new generation   total 109248K, used 16149K [0x00000000e0000000, 0x00000000e8000000, 0x00000000e8000000)
  eden space 87424K,   0% used [0x00000000e0000000, 0x00000000e0000000, 0x00000000e5560000)
  from space 21824K,  73% used [0x00000000e5560000, 0x00000000e6525660, 0x00000000e6ab0000)
  to   space 21824K,   0% used [0x00000000e6ab0000, 0x00000000e6ab0000, 0x00000000e8000000)
 concurrent mark-sweep generation total 393216K, used 24573K [0x00000000e8000000, 0x0000000100000000, 0x0000000100000000)
 Metaspace       used 30938K, capacity 31664K, committed 31996K, reserved 1077248K
  class space    used 3514K, capacity 3740K, committed 3836K, reserved 1048576K
}
2018-06-25T12:39:54.721+0200: 30,455: Total time for which application threads were stopped: 0,0290674 seconds, Stopping threads took: 0,0000624 seconds
2018-06-25T12:39:54.745+0200: 30,478: Total time for which application threads were stopped: 0,0042224 seconds, Stopping threads took: 0,0041064 seconds
2018-06-25T12:39:54.749+0200: 30,482: Total time for which application threads were stopped: 0,0007478 seconds, Stopping threads took: 0,0006070 seconds
2018-06-25T12:39:54.749+0200: 30,483: Total time for which application threads were stopped: 0,0001035 seconds, Stopping threads took: 0,0000286 seconds
2018-06-25T12:39:54.883+0200: 30,616: Total time for which application threads were stopped: 0,0008847 seconds, Stopping threads took: 0,0007434 seconds
2018-06-25T12:39:54.899+0200: 30,632: Total time for which application threads were stopped: 0,0021674 seconds, Stopping threads took: 0,0020110 seconds
2018-06-25T12:39:54.948+0200: 30,681: Total time for which application threads were stopped: 0,0233308 seconds, Stopping threads took: 0,0231964 seconds
{Heap before GC invocations=14 (full 1):
 par new generation   total 109248K, used 103573K [0x00000000e0000000, 0x00000000e8000000, 0x00000000e8000000)
  eden space 87424K, 100% used [0x00000000e0000000, 0x00000000e5560000, 0x00000000e5560000)
  from space 21824K,  73% used [0x00000000e5560000, 0x00000000e6525660, 0x00000000e6ab0000)
  to   space 21824K,   0% used [0x00000000e6ab0000, 0x00000000e6ab0000, 0x00000000e8000000)
 concurrent mark-sweep generation total 393216K, used 24573K [0x00000000e8000000, 0x0000000100000000, 0x0000000100000000)
 Metaspace       used 30967K, capacity 31664K, committed 31996K, reserved 1077248K
  class space    used 3514K, capacity 3740K, committed 3836K, reserved 1048576K
2018-06-25T12:39:55.100+0200: 30,833: [GC (Allocation Failure) 2018-06-25T12:39:55.100+0200: 30,833: [ParNew
Desired survivor size 20112992 bytes, new threshold 8 (max 8)
- age   1:    1477504 bytes,    1477504 total
- age   2:     110752 bytes,    1588256 total
- age   3:     329400 bytes,    1917656 total
- age   4:     675736 bytes,    2593392 total
- age   5:    9790368 bytes,   12383760 total
- age   6:      85336 bytes,   12469096 total
- age   7:      78576 bytes,   12547672 total
- age   8:     163208 bytes,   12710880 total
: 103573K->19511K(109248K), 0,0704197 secs] 128147K->44085K(502464K), 0,0705470 secs] [Times: user=0,08 sys=0,00, real=0,07 secs] 
Heap after GC invocations=15 (full 1):
 par new generation   total 109248K, used 19511K [0x00000000e0000000, 0x00000000e8000000, 0x00000000e8000000)
  eden space 87424K,   0% used [0x00000000e0000000, 0x00000000e0000000, 0x00000000e5560000)
  from space 21824K,  89% used [0x00000000e6ab0000, 0x00000000e7dbdf60, 0x00000000e8000000)
  to   space 21824K,   0% used [0x00000000e5560000, 0x00000000e5560000, 0x00000000e6ab0000)
 concurrent mark-sweep generation total 393216K, used 24573K [0x00000000e8000000, 0x0000000100000000, 0x0000000100000000)
 Metaspace       used 30967K, capacity 31664K, committed 31996K, reserved 1077248K
  class space    used 3514K, capacity 3740K, committed 3836K, reserved 1048576K
}
2018-06-25T12:39:55.171+0200: 30,904: Total time for which application threads were stopped: 0,0708242 seconds, Stopping threads took: 0,0000586 seconds
{Heap before GC invocations=15 (full 1):
 par new generation   total 109248K, used 106915K [0x00000000e0000000, 0x00000000e8000000, 0x00000000e8000000)
  eden space 87424K,  99% used [0x00000000e0000000, 0x00000000e555b088, 0x00000000e5560000)
  from space 21824K,  89% used [0x00000000e6ab0000, 0x00000000e7dbdf60, 0x00000000e8000000)
  to   space 21824K,   0% used [0x00000000e5560000, 0x00000000e5560000, 0x00000000e6ab0000)
 concurrent mark-sweep generation total 393216K, used 24573K [0x00000000e8000000, 0x0000000100000000, 0x0000000100000000)
 Metaspace       used 30972K, capacity 31664K, committed 31996K, reserved 1077248K
  class space    used 3514K, capacity 3740K, committed 3836K, reserved 1048576K
2018-06-25T12:39:55.398+0200: 31,131: [GC (Allocation Failure) 2018-06-25T12:39:55.398+0200: 31,131: [ParNew
Desired survivor size 20112992 bytes, new threshold 8 (max 8)
- age   1:    1384256 bytes,    1384256 total
- age   2:    1189776 bytes,    2574032 total
- age   3:     110728 bytes,    2684760 total
- age   4:     328584 bytes,    3013344 total
- age   5:     675736 bytes,    3689080 total
- age   6:    9790336 bytes,   13479416 total
- age   7:      85336 bytes,   13564752 total
- age   8:      78576 bytes,   13643328 total
: 106915K->16199K(109248K), 0,0315480 secs] 131489K->40934K(502464K), 0,0316527 secs] [Times: user=0,12 sys=0,00, real=0,03 secs] 
Heap after GC invocations=16 (full 1):
 par new generation   total 109248K, used 16199K [0x00000000e0000000, 0x00000000e8000000, 0x00000000e8000000)
  eden space 87424K,   0% used [0x00000000e0000000, 0x00000000e0000000, 0x00000000e5560000)
  from space 21824K,  74% used [0x00000000e5560000, 0x00000000e6531ce0, 0x00000000e6ab0000)
  to   space 21824K,   0% used [0x00000000e6ab0000, 0x00000000e6ab0000, 0x00000000e8000000)
 concurrent mark-sweep generation total 393216K, used 24735K [0x00000000e8000000, 0x0000000100000000, 0x0000000100000000)
 Metaspace       used 30972K, capacity 31664K, committed 31996K, reserved 1077248K
  class space    used 3514K, capacity 3740K, committed 3836K, reserved 1048576K
}
2018-06-25T12:39:55.430+0200: 31,163: Total time for which application threads were stopped: 0,0319059 seconds, Stopping threads took: 0,0000329 seconds
{Heap before GC invocations=16 (full 1):
 par new generation   total 109248K, used 103623K [0x00000000e0000000, 0x00000000e8000000, 0x00000000e8000000)
  eden space 87424K, 100% used [0x00000000e0000000, 0x00000000e5560000, 0x00000000e5560000)
  from space 21824K,  74% used [0x00000000e5560000, 0x00000000e6531ce0, 0x00000000e6ab0000)
  to   space 21824K,   0% used [0x00000000e6ab0000, 0x00000000e6ab0000, 0x00000000e8000000)
 concurrent mark-sweep generation total 393216K, used 24735K [0x00000000e8000000, 0x0000000100000000, 0x0000000100000000)
 Metaspace       used 30980K, capacity 31664K, committed 31996K, reserved 1077248K
  class space    used 3514K, capacity 3740K, committed 3836K, reserved 1048576K
2018-06-25T12:39:55.691+0200: 31,424: [GC (Allocation Failure) 2018-06-25T12:39:55.691+0200: 31,425: [ParNew
Desired survivor size 20112992 bytes, new threshold 8 (max 8)
- age   1:    1523120 bytes,    1523120 total
- age   2:     949592 bytes,    2472712 total
- age   3:    1188824 bytes,    3661536 total
- age   4:     110728 bytes,    3772264 total
- age   5:     328584 bytes,    4100848 total
- age   6:     675736 bytes,    4776584 total
- age   7:    9789640 bytes,   14566224 total
- age   8:      85336 bytes,   14651560 total
: 103623K->20064K(109248K), 0,0447828 secs] 128358K->44878K(502464K), 0,0455814 secs] [Times: user=0,12 sys=0,00, real=0,05 secs] 
Heap after GC invocations=17 (full 1):
 par new generation   total 109248K, used 20064K [0x00000000e0000000, 0x00000000e8000000, 0x00000000e8000000)
  eden space 87424K,   0% used [0x00000000e0000000, 0x00000000e0000000, 0x00000000e5560000)
  from space 21824K,  91% used [0x00000000e6ab0000, 0x00000000e7e481a0, 0x00000000e8000000)
  to   space 21824K,   0% used [0x00000000e5560000, 0x00000000e5560000, 0x00000000e6ab0000)
 concurrent mark-sweep generation total 393216K, used 24813K [0x00000000e8000000, 0x0000000100000000, 0x0000000100000000)
 Metaspace       used 30980K, capacity 31664K, committed 31996K, reserved 1077248K
  class space    used 3514K, capacity 3740K, committed 3836K, reserved 1048576K
}
2018-06-25T12:39:55.737+0200: 31,470: Total time for which application threads were stopped: 0,0467138 seconds, Stopping threads took: 0,0002933 seconds
2018-06-25T12:39:55.777+0200: 31,510: Total time for which application threads were stopped: 0,0046068 seconds, Stopping threads took: 0,0031855 seconds
2018-06-25T12:39:55.783+0200: 31,516: Total time for which application threads were stopped: 0,0001866 seconds, Stopping threads took: 0,0000688 seconds
2018-06-25T12:39:55.793+0200: 31,526: Total time for which application threads were stopped: 0,0058082 seconds, Stopping threads took: 0,0056738 seconds
{Heap before GC invocations=17 (full 1):
 par new generation   total 109248K, used 107488K [0x00000000e0000000, 0x00000000e8000000, 0x00000000e8000000)
  eden space 87424K, 100% used [0x00000000e0000000, 0x00000000e5560000, 0x00000000e5560000)
  from space 21824K,  91% used [0x00000000e6ab0000, 0x00000000e7e481a0, 0x00000000e8000000)
  to   space 21824K,   0% used [0x00000000e5560000, 0x00000000e5560000, 0x00000000e6ab0000)
 concurrent mark-sweep generation total 393216K, used 24813K [0x00000000e8000000, 0x0000000100000000, 0x0000000100000000)
 Metaspace       used 31004K, capacity 31728K, committed 31996K, reserved 1077248K
  class space    used 3514K, capacity 3740K, committed 3836K, reserved 1048576K
2018-06-25T12:39:55.954+0200: 31,687: [GC (Allocation Failure) 2018-06-25T12:39:55.954+0200: 31,687: [ParNew
Desired survivor size 20112992 bytes, new threshold 8 (max 8)
- age   1:    1536576 bytes,    1536576 total
- age   2:    1414360 bytes,    2950936 total
- age   3:     880712 bytes,    3831648 total
- age   4:    1082880 bytes,    4914528 total
- age   5:     110728 bytes,    5025256 total
- age   6:     328584 bytes,    5353840 total
- age   7:     675736 bytes,    6029576 total
- age   8:    9789184 bytes,   15818760 total
: 107488K->20579K(109248K), 0,0484664 secs] 132302K->45479K(502464K), 0,0485923 secs] [Times: user=0,09 sys=0,00, real=0,05 secs] 
Heap after GC invocations=18 (full 1):
 par new generation   total 109248K, used 20579K [0x00000000e0000000, 0x00000000e8000000, 0x00000000e8000000)
  eden space 87424K,   0% used [0x00000000e0000000, 0x00000000e0000000, 0x00000000e5560000)
  from space 21824K,  94% used [0x00000000e5560000, 0x00000000e6978f10, 0x00000000e6ab0000)
  to   space 21824K,   0% used [0x00000000e6ab0000, 0x00000000e6ab0000, 0x00000000e8000000)
 concurrent mark-sweep generation total 393216K, used 24899K [0x00000000e8000000, 0x0000000100000000, 0x0000000100000000)
 Metaspace       used 31004K, capacity 31728K, committed 31996K, reserved 1077248K
  class space    used 3514K, capacity 3740K, committed 3836K, reserved 1048576K
}
2018-06-25T12:39:56.002+0200: 31,736: Total time for which application threads were stopped: 0,0488717 seconds, Stopping threads took: 0,0000474 seconds
2018-06-25T12:39:56.005+0200: 31,739: Total time for which application threads were stopped: 0,0001340 seconds, Stopping threads took: 0,0000336 seconds
2018-06-25T12:39:56.015+0200: 31,748: Total time for which application threads were stopped: 0,0022582 seconds, Stopping threads took: 0,0020002 seconds
2018-06-25T12:39:56.075+0200: 31,808: Total time for which application threads were stopped: 0,0001849 seconds, Stopping threads took: 0,0000446 seconds
{Heap before GC invocations=18 (full 1):
 par new generation   total 109248K, used 108003K [0x00000000e0000000, 0x00000000e8000000, 0x00000000e8000000)
  eden space 87424K, 100% used [0x00000000e0000000, 0x00000000e5560000, 0x00000000e5560000)
  from space 21824K,  94% used [0x00000000e5560000, 0x00000000e6978f10, 0x00000000e6ab0000)
  to   space 21824K,   0% used [0x00000000e6ab0000, 0x00000000e6ab0000, 0x00000000e8000000)
 concurrent mark-sweep generation total 393216K, used 24899K [0x00000000e8000000, 0x0000000100000000, 0x0000000100000000)
 Metaspace       used 31010K, capacity 31728K, committed 31996K, reserved 1077248K
  class space    used 3514K, capacity 3740K, committed 3836K, reserved 1048576K
2018-06-25T12:39:56.303+0200: 32,036: [GC (Allocation Failure) 2018-06-25T12:39:56.303+0200: 32,036: [ParNew
Desired survivor size 20112992 bytes, new threshold 8 (max 8)
- age   1:    1660632 bytes,    1660632 total
- age   2:    1028104 bytes,    2688736 total
- age   3:     118376 bytes,    2807112 total
- age   4:     106168 bytes,    2913280 total
- age   5:     366048 bytes,    3279328 total
- age   6:     110728 bytes,    3390056 total
- age   7:     328456 bytes,    3718512 total
- age   8:     675384 bytes,    4393896 total
: 108003K->9813K(109248K), 0,0801309 secs] 132903K->44551K(502464K), 0,0803091 secs] [Times: user=0,17 sys=0,01, real=0,08 secs] 
Heap after GC invocations=19 (full 1):
 par new generation   total 109248K, used 9813K [0x00000000e0000000, 0x00000000e8000000, 0x00000000e8000000)
  eden space 87424K,   0% used [0x00000000e0000000, 0x00000000e0000000, 0x00000000e5560000)
  from space 21824K,  44% used [0x00000000e6ab0000, 0x00000000e7445700, 0x00000000e8000000)
  to   space 21824K,   0% used [0x00000000e5560000, 0x00000000e5560000, 0x00000000e6ab0000)
 concurrent mark-sweep generation total 393216K, used 34737K [0x00000000e8000000, 0x0000000100000000, 0x0000000100000000)
 Metaspace       used 31010K, capacity 31728K, committed 31996K, reserved 1077248K
  class space    used 3514K, capacity 3740K, committed 3836K, reserved 1048576K
}
2018-06-25T12:39:56.384+0200: 32,117: Total time for which application threads were stopped: 0,0806791 seconds, Stopping threads took: 0,0000566 seconds
{Heap before GC invocations=19 (full 1):
 par new generation   total 109248K, used 97237K [0x00000000e0000000, 0x00000000e8000000, 0x00000000e8000000)
  eden space 87424K, 100% used [0x00000000e0000000, 0x00000000e5560000, 0x00000000e5560000)
  from space 21824K,  44% used [0x00000000e6ab0000, 0x00000000e7445700, 0x00000000e8000000)
  to   space 21824K,   0% used [0x00000000e5560000, 0x00000000e5560000, 0x00000000e6ab0000)
 concurrent mark-sweep generation total 393216K, used 34737K [0x00000000e8000000, 0x0000000100000000, 0x0000000100000000)
 Metaspace       used 31020K, capacity 31728K, committed 31996K, reserved 1077248K
  class space    used 3514K, capacity 3740K, committed 3836K, reserved 1048576K
2018-06-25T12:39:56.567+0200: 32,300: [GC (Allocation Failure) 2018-06-25T12:39:56.567+0200: 32,300: [ParNew
Desired survivor size 20112992 bytes, new threshold 8 (max 8)
- age   1:    1533072 bytes,    1533072 total
- age   2:    1279832 bytes,    2812904 total
- age   3:    1029232 bytes,    3842136 total
- age   4:     118376 bytes,    3960512 total
- age   5:     106168 bytes,    4066680 total
- age   6:     365232 bytes,    4431912 total
- age   7:     110680 bytes,    4542592 total
- age   8:     328152 bytes,    4870744 total
: 97237K->5864K(109248K), 0,0081031 secs] 131975K->41261K(502464K), 0,0082272 secs] [Times: user=0,03 sys=0,00, real=0,01 secs] 
Heap after GC invocations=20 (full 1):
 par new generation   total 109248K, used 5864K [0x00000000e0000000, 0x00000000e8000000, 0x00000000e8000000)
  eden space 87424K,   0% used [0x00000000e0000000, 0x00000000e0000000, 0x00000000e5560000)
  from space 21824K,  26% used [0x00000000e5560000, 0x00000000e5b1a160, 0x00000000e6ab0000)
  to   space 21824K,   0% used [0x00000000e6ab0000, 0x00000000e6ab0000, 0x00000000e8000000)
 concurrent mark-sweep generation total 393216K, used 35397K [0x00000000e8000000, 0x0000000100000000, 0x0000000100000000)
 Metaspace       used 31020K, capacity 31728K, committed 31996K, reserved 1077248K
  class space    used 3514K, capacity 3740K, committed 3836K, reserved 1048576K
}
2018-06-25T12:39:56.575+0200: 32,308: Total time for which application threads were stopped: 0,0085546 seconds, Stopping threads took: 0,0000761 seconds
2018-06-25T12:39:56.827+0200: 32,560: Total time for which application threads were stopped: 0,0008000 seconds, Stopping threads took: 0,0000738 seconds
2018-06-25T12:39:56.833+0200: 32,566: Total time for which application threads were stopped: 0,0001778 seconds, Stopping threads took: 0,0000526 seconds
2018-06-25T12:39:56.834+0200: 32,567: Total time for which application threads were stopped: 0,0001852 seconds, Stopping threads took: 0,0000707 seconds
{Heap before GC invocations=20 (full 1):
 par new generation   total 109248K, used 93288K [0x00000000e0000000, 0x00000000e8000000, 0x00000000e8000000)
  eden space 87424K, 100% used [0x00000000e0000000, 0x00000000e5560000, 0x00000000e5560000)
  from space 21824K,  26% used [0x00000000e5560000, 0x00000000e5b1a160, 0x00000000e6ab0000)
  to   space 21824K,   0% used [0x00000000e6ab0000, 0x00000000e6ab0000, 0x00000000e8000000)
 concurrent mark-sweep generation total 393216K, used 35397K [0x00000000e8000000, 0x0000000100000000, 0x0000000100000000)
 Metaspace       used 31053K, capacity 31856K, committed 31996K, reserved 1077248K
  class space    used 3514K, capacity 3740K, committed 3836K, reserved 1048576K
2018-06-25T12:39:56.876+0200: 32,610: [GC (Allocation Failure) 2018-06-25T12:39:56.876+0200: 32,610: [ParNew
Desired survivor size 20112992 bytes, new threshold 8 (max 8)
- age   1:    2356336 bytes,    2356336 total
- age   2:     928944 bytes,    3285280 total
- age   3:    1025816 bytes,    4311096 total
- age   4:     912656 bytes,    5223752 total
- age   5:     118376 bytes,    5342128 total
- age   6:     106168 bytes,    5448296 total
- age   7:     364464 bytes,    5812760 total
- age   8:     110376 bytes,    5923136 total
: 93288K->8425K(109248K), 0,0294411 secs] 128685K->44143K(502464K), 0,0297898 secs] [Times: user=0,07 sys=0,01, real=0,03 secs] 
Heap after GC invocations=21 (full 1):
 par new generation   total 109248K, used 8425K [0x00000000e0000000, 0x00000000e8000000, 0x00000000e8000000)
  eden space 87424K,   0% used [0x00000000e0000000, 0x00000000e0000000, 0x00000000e5560000)
  from space 21824K,  38% used [0x00000000e6ab0000, 0x00000000e72ea440, 0x00000000e8000000)
  to   space 21824K,   0% used [0x00000000e5560000, 0x00000000e5560000, 0x00000000e6ab0000)
 concurrent mark-sweep generation total 393216K, used 35718K [0x00000000e8000000, 0x0000000100000000, 0x0000000100000000)
 Metaspace       used 31053K, capacity 31856K, committed 31996K, reserved 1077248K
  class space    used 3514K, capacity 3740K, committed 3836K, reserved 1048576K
}
2018-06-25T12:39:56.906+0200: 32,640: Total time for which application threads were stopped: 0,0364498 seconds, Stopping threads took: 0,0060928 seconds
2018-06-25T12:39:57.000+0200: 32,733: Total time for which application threads were stopped: 0,0008705 seconds, Stopping threads took: 0,0007429 seconds
2018-06-25T12:39:57.004+0200: 32,737: Total time for which application threads were stopped: 0,0004242 seconds, Stopping threads took: 0,0001466 seconds
2018-06-25T12:39:57.016+0200: 32,749: Total time for which application threads were stopped: 0,0003960 seconds, Stopping threads took: 0,0001654 seconds
{Heap before GC invocations=21 (full 1):
 par new generation   total 109248K, used 95849K [0x00000000e0000000, 0x00000000e8000000, 0x00000000e8000000)
  eden space 87424K, 100% used [0x00000000e0000000, 0x00000000e5560000, 0x00000000e5560000)
  from space 21824K,  38% used [0x00000000e6ab0000, 0x00000000e72ea440, 0x00000000e8000000)
  to   space 21824K,   0% used [0x00000000e5560000, 0x00000000e5560000, 0x00000000e6ab0000)
 concurrent mark-sweep generation total 393216K, used 35718K [0x00000000e8000000, 0x0000000100000000, 0x0000000100000000)
 Metaspace       used 31067K, capacity 31856K, committed 31996K, reserved 1077248K
  class space    used 3514K, capacity 3740K, committed 3836K, reserved 1048576K
2018-06-25T12:39:57.077+0200: 32,810: [GC (Allocation Failure) 2018-06-25T12:39:57.077+0200: 32,810: [ParNew
Desired survivor size 20112992 bytes, new threshold 8 (max 8)
- age   1:    1339216 bytes,    1339216 total
- age   2:    2197912 bytes,    3537128 total
- age   3:     928920 bytes,    4466048 total
- age   4:    1025816 bytes,    5491864 total
- age   5:     912656 bytes,    6404520 total
- age   6:     118376 bytes,    6522896 total
- age   7:     106120 bytes,    6629016 total
- age   8:     364080 bytes,    6993096 total
: 95849K->8055K(109248K), 0,0167374 secs] 131567K->43881K(502464K), 0,0168232 secs] [Times: user=0,03 sys=0,01, real=0,01 secs] 
Heap after GC invocations=22 (full 1):
 par new generation   total 109248K, used 8055K [0x00000000e0000000, 0x00000000e8000000, 0x00000000e8000000)
  eden space 87424K,   0% used [0x00000000e0000000, 0x00000000e0000000, 0x00000000e5560000)
  from space 21824K,  36% used [0x00000000e5560000, 0x00000000e5d3de80, 0x00000000e6ab0000)
  to   space 21824K,   0% used [0x00000000e6ab0000, 0x00000000e6ab0000, 0x00000000e8000000)
 concurrent mark-sweep generation total 393216K, used 35826K [0x00000000e8000000, 0x0000000100000000, 0x0000000100000000)
 Metaspace       used 31067K, capacity 31856K, committed 31996K, reserved 1077248K
  class space    used 3514K, capacity 3740K, committed 3836K, reserved 1048576K
}
2018-06-25T12:39:57.093+0200: 32,827: Total time for which application threads were stopped: 0,0194218 seconds, Stopping threads took: 0,0023861 seconds
{Heap before GC invocations=22 (full 1):
 par new generation   total 109248K, used 95460K [0x00000000e0000000, 0x00000000e8000000, 0x00000000e8000000)
  eden space 87424K,  99% used [0x00000000e0000000, 0x00000000e555b2e0, 0x00000000e5560000)
  from space 21824K,  36% used [0x00000000e5560000, 0x00000000e5d3de80, 0x00000000e6ab0000)
  to   space 21824K,   0% used [0x00000000e6ab0000, 0x00000000e6ab0000, 0x00000000e8000000)
 concurrent mark-sweep generation total 393216K, used 35826K [0x00000000e8000000, 0x0000000100000000, 0x0000000100000000)
 Metaspace       used 31093K, capacity 31856K, committed 31996K, reserved 1077248K
  class space    used 3514K, capacity 3740K, committed 3836K, reserved 1048576K
2018-06-25T12:39:57.371+0200: 33,104: [GC (Allocation Failure) 2018-06-25T12:39:57.371+0200: 33,104: [ParNew
Desired survivor size 20112992 bytes, new threshold 8 (max 8)
- age   1:    1785672 bytes,    1785672 total
- age   2:     914792 bytes,    2700464 total
- age   3:     476112 bytes,    3176576 total
- age   4:      81224 bytes,    3257800 total
- age   5:     271696 bytes,    3529496 total
- age   6:     235216 bytes,    3764712 total
- age   7:     118328 bytes,    3883040 total
- age   8:     105816 bytes,    3988856 total
: 95460K->7409K(109248K), 0,0191355 secs] 131286K->43591K(502464K), 0,0192508 secs] [Times: user=0,05 sys=0,01, real=0,02 secs] 
Heap after GC invocations=23 (full 1):
 par new generation   total 109248K, used 7409K [0x00000000e0000000, 0x00000000e8000000, 0x00000000e8000000)
  eden space 87424K,   0% used [0x00000000e0000000, 0x00000000e0000000, 0x00000000e5560000)
  from space 21824K,  33% used [0x00000000e6ab0000, 0x00000000e71ec558, 0x00000000e8000000)
  to   space 21824K,   0% used [0x00000000e5560000, 0x00000000e5560000, 0x00000000e6ab0000)
 concurrent mark-sweep generation total 393216K, used 36181K [0x00000000e8000000, 0x0000000100000000, 0x0000000100000000)
 Metaspace       used 31093K, capacity 31856K, committed 31996K, reserved 1077248K
  class space    used 3514K, capacity 3740K, committed 3836K, reserved 1048576K
}
2018-06-25T12:39:57.390+0200: 33,124: Total time for which application threads were stopped: 0,0195937 seconds, Stopping threads took: 0,0000687 seconds
{Heap before GC invocations=23 (full 1):
 par new generation   total 109248K, used 94833K [0x00000000e0000000, 0x00000000e8000000, 0x00000000e8000000)
  eden space 87424K, 100% used [0x00000000e0000000, 0x00000000e5560000, 0x00000000e5560000)
  from space 21824K,  33% used [0x00000000e6ab0000, 0x00000000e71ec558, 0x00000000e8000000)
  to   space 21824K,   0% used [0x00000000e5560000, 0x00000000e5560000, 0x00000000e6ab0000)
 concurrent mark-sweep generation total 393216K, used 36181K [0x00000000e8000000, 0x0000000100000000, 0x0000000100000000)
 Metaspace       used 31093K, capacity 31856K, committed 31996K, reserved 1077248K
  class space    used 3514K, capacity 3740K, committed 3836K, reserved 1048576K
2018-06-25T12:39:57.547+0200: 33,280: [GC (Allocation Failure) 2018-06-25T12:39:57.547+0200: 33,280: [ParNew
Desired survivor size 20112992 bytes, new threshold 8 (max 8)
- age   1:    1539264 bytes,    1539264 total
- age   2:    1342888 bytes,    2882152 total
- age   3:     914648 bytes,    3796800 total
- age   4:     476088 bytes,    4272888 total
- age   5:      81224 bytes,    4354112 total
- age   6:     270880 bytes,    4624992 total
- age   7:     235216 bytes,    4860208 total
- age   8:     117960 bytes,    4978168 total
: 94833K->5530K(109248K), 0,0156826 secs] 131015K->41815K(502464K), 0,0159964 secs] [Times: user=0,04 sys=0,00, real=0,02 secs] 
Heap after GC invocations=24 (full 1):
 par new generation   total 109248K, used 5530K [0x00000000e0000000, 0x00000000e8000000, 0x00000000e8000000)
  eden space 87424K,   0% used [0x00000000e0000000, 0x00000000e0000000, 0x00000000e5560000)
  from space 21824K,  25% used [0x00000000e5560000, 0x00000000e5ac69e0, 0x00000000e6ab0000)
  to   space 21824K,   0% used [0x00000000e6ab0000, 0x00000000e6ab0000, 0x00000000e8000000)
 concurrent mark-sweep generation total 393216K, used 36285K [0x00000000e8000000, 0x0000000100000000, 0x0000000100000000)
 Metaspace       used 31093K, capacity 31856K, committed 31996K, reserved 1077248K
  class space    used 3514K, capacity 3740K, committed 3836K, reserved 1048576K
}
2018-06-25T12:39:57.563+0200: 33,296: Total time for which application threads were stopped: 0,0165128 seconds, Stopping threads took: 0,0000302 seconds
{Heap before GC invocations=24 (full 1):
 par new generation   total 109248K, used 92954K [0x00000000e0000000, 0x00000000e8000000, 0x00000000e8000000)
  eden space 87424K, 100% used [0x00000000e0000000, 0x00000000e5560000, 0x00000000e5560000)
  from space 21824K,  25% used [0x00000000e5560000, 0x00000000e5ac69e0, 0x00000000e6ab0000)
  to   space 21824K,   0% used [0x00000000e6ab0000, 0x00000000e6ab0000, 0x00000000e8000000)
 concurrent mark-sweep generation total 393216K, used 36285K [0x00000000e8000000, 0x0000000100000000, 0x0000000100000000)
 Metaspace       used 31115K, capacity 31856K, committed 31996K, reserved 1077248K
  class space    used 3514K, capacity 3740K, committed 3836K, reserved 1048576K
2018-06-25T12:39:57.752+0200: 33,485: [GC (Allocation Failure) 2018-06-25T12:39:57.752+0200: 33,485: [ParNew
Desired survivor size 20112992 bytes, new threshold 8 (max 8)
- age   1:    1984320 bytes,    1984320 total
- age   2:     953032 bytes,    2937352 total
- age   3:    1147288 bytes,    4084640 total
- age   4:     915776 bytes,    5000416 total
- age   5:     476304 bytes,    5476720 total
- age   6:      81224 bytes,    5557944 total
- age   7:     270600 bytes,    5828544 total
- age   8:     235168 bytes,    6063712 total
: 92954K->8398K(109248K), 0,0219790 secs] 129239K->44798K(502464K), 0,0222011 secs] [Times: user=0,06 sys=0,00, real=0,02 secs] 
Heap after GC invocations=25 (full 1):
 par new generation   total 109248K, used 8398K [0x00000000e0000000, 0x00000000e8000000, 0x00000000e8000000)
  eden space 87424K,   0% used [0x00000000e0000000, 0x00000000e0000000, 0x00000000e5560000)
  from space 21824K,  38% used [0x00000000e6ab0000, 0x00000000e72e3980, 0x00000000e8000000)
  to   space 21824K,   0% used [0x00000000e5560000, 0x00000000e5560000, 0x00000000e6ab0000)
 concurrent mark-sweep generation total 393216K, used 36400K [0x00000000e8000000, 0x0000000100000000, 0x0000000100000000)
 Metaspace       used 31115K, capacity 31856K, committed 31996K, reserved 1077248K
  class space    used 3514K, capacity 3740K, committed 3836K, reserved 1048576K
}
2018-06-25T12:39:57.774+0200: 33,507: Total time for which application threads were stopped: 0,0225763 seconds, Stopping threads took: 0,0000517 seconds
2018-06-25T12:39:57.817+0200: 33,550: Total time for which application threads were stopped: 0,0083721 seconds, Stopping threads took: 0,0082564 seconds
2018-06-25T12:39:57.827+0200: 33,560: Total time for which application threads were stopped: 0,0001380 seconds, Stopping threads took: 0,0000573 seconds
2018-06-25T12:39:57.835+0200: 33,568: Total time for which application threads were stopped: 0,0003059 seconds, Stopping threads took: 0,0000671 seconds
2018-06-25T12:39:58.007+0200: 33,740: Total time for which application threads were stopped: 0,0001698 seconds, Stopping threads took: 0,0000721 seconds
2018-06-25T12:39:58.011+0200: 33,745: Total time for which application threads were stopped: 0,0002107 seconds, Stopping threads took: 0,0000717 seconds
{Heap before GC invocations=25 (full 1):
 par new generation   total 109248K, used 95822K [0x00000000e0000000, 0x00000000e8000000, 0x00000000e8000000)
  eden space 87424K, 100% used [0x00000000e0000000, 0x00000000e5560000, 0x00000000e5560000)
  from space 21824K,  38% used [0x00000000e6ab0000, 0x00000000e72e3980, 0x00000000e8000000)
  to   space 21824K,   0% used [0x00000000e5560000, 0x00000000e5560000, 0x00000000e6ab0000)
 concurrent mark-sweep generation total 393216K, used 36400K [0x00000000e8000000, 0x0000000100000000, 0x0000000100000000)
 Metaspace       used 31133K, capacity 31856K, committed 31996K, reserved 1077248K
  class space    used 3514K, capacity 3740K, committed 3836K, reserved 1048576K
2018-06-25T12:39:58.013+0200: 33,746: [GC (Allocation Failure) 2018-06-25T12:39:58.013+0200: 33,746: [ParNew
Desired survivor size 20112992 bytes, new threshold 8 (max 8)
- age   1:    1655456 bytes,    1655456 total
- age   2:    1860496 bytes,    3515952 total
- age   3:     895144 bytes,    4411096 total
- age   4:    1094016 bytes,    5505112 total
- age   5:     863744 bytes,    6368856 total
- age   6:     391256 bytes,    6760112 total
- age   7:      81176 bytes,    6841288 total
- age   8:     270368 bytes,    7111656 total
: 95822K->8982K(109248K), 0,0203855 secs] 132222K->45612K(502464K), 0,0207280 secs] [Times: user=0,04 sys=0,00, real=0,02 secs] 
Heap after GC invocations=26 (full 1):
 par new generation   total 109248K, used 8982K [0x00000000e0000000, 0x00000000e8000000, 0x00000000e8000000)
  eden space 87424K,   0% used [0x00000000e0000000, 0x00000000e0000000, 0x00000000e5560000)
  from space 21824K,  41% used [0x00000000e5560000, 0x00000000e5e25810, 0x00000000e6ab0000)
  to   space 21824K,   0% used [0x00000000e6ab0000, 0x00000000e6ab0000, 0x00000000e8000000)
 concurrent mark-sweep generation total 393216K, used 36630K [0x00000000e8000000, 0x0000000100000000, 0x0000000100000000)
 Metaspace       used 31133K, capacity 31856K, committed 31996K, reserved 1077248K
  class space    used 3514K, capacity 3740K, committed 3836K, reserved 1048576K
}
2018-06-25T12:39:58.034+0200: 33,767: Total time for which application threads were stopped: 0,0213960 seconds, Stopping threads took: 0,0000815 seconds
2018-06-25T12:39:58.038+0200: 33,772: Total time for which application threads were stopped: 0,0003788 seconds, Stopping threads took: 0,0001250 seconds
{Heap before GC invocations=26 (full 1):
 par new generation   total 109248K, used 96406K [0x00000000e0000000, 0x00000000e8000000, 0x00000000e8000000)
  eden space 87424K, 100% used [0x00000000e0000000, 0x00000000e5560000, 0x00000000e5560000)
  from space 21824K,  41% used [0x00000000e5560000, 0x00000000e5e25810, 0x00000000e6ab0000)
  to   space 21824K,   0% used [0x00000000e6ab0000, 0x00000000e6ab0000, 0x00000000e8000000)
 concurrent mark-sweep generation total 393216K, used 36630K [0x00000000e8000000, 0x0000000100000000, 0x0000000100000000)
 Metaspace       used 31148K, capacity 31856K, committed 31996K, reserved 1077248K
  class space    used 3514K, capacity 3740K, committed 3836K, reserved 1048576K
2018-06-25T12:39:58.169+0200: 33,902: [GC (Allocation Failure) 2018-06-25T12:39:58.169+0200: 33,903: [ParNew
Desired survivor size 20112992 bytes, new threshold 8 (max 8)
- age   1:    1635216 bytes,    1635216 total
- age   2:    1048784 bytes,    2684000 total
- age   3:      83904 bytes,    2767904 total
- age   4:      81768 bytes,    2849672 total
- age   5:     365856 bytes,    3215528 total
- age   6:     194216 bytes,    3409744 total
- age   7:      88944 bytes,    3498688 total
- age   8:      80944 bytes,    3579632 total
: 96406K->6025K(109248K), 0,0186807 secs] 133036K->42919K(502464K), 0,0187919 secs] [Times: user=0,05 sys=0,01, real=0,01 secs] 
Heap after GC invocations=27 (full 1):
 par new generation   total 109248K, used 6025K [0x00000000e0000000, 0x00000000e8000000, 0x00000000e8000000)
  eden space 87424K,   0% used [0x00000000e0000000, 0x00000000e0000000, 0x00000000e5560000)
  from space 21824K,  27% used [0x00000000e6ab0000, 0x00000000e7092540, 0x00000000e8000000)
  to   space 21824K,   0% used [0x00000000e5560000, 0x00000000e5560000, 0x00000000e6ab0000)
 concurrent mark-sweep generation total 393216K, used 36894K [0x00000000e8000000, 0x0000000100000000, 0x0000000100000000)
 Metaspace       used 31148K, capacity 31856K, committed 31996K, reserved 1077248K
  class space    used 3514K, capacity 3740K, committed 3836K, reserved 1048576K
}
2018-06-25T12:39:58.188+0200: 33,921: Total time for which application threads were stopped: 0,0191096 seconds, Stopping threads took: 0,0000690 seconds
{Heap before GC invocations=27 (full 1):
 par new generation   total 109248K, used 93449K [0x00000000e0000000, 0x00000000e8000000, 0x00000000e8000000)
  eden space 87424K, 100% used [0x00000000e0000000, 0x00000000e5560000, 0x00000000e5560000)
  from space 21824K,  27% used [0x00000000e6ab0000, 0x00000000e7092540, 0x00000000e8000000)
  to   space 21824K,   0% used [0x00000000e5560000, 0x00000000e5560000, 0x00000000e6ab0000)
 concurrent mark-sweep generation total 393216K, used 36894K [0x00000000e8000000, 0x0000000100000000, 0x0000000100000000)
 Metaspace       used 31149K, capacity 31856K, committed 31996K, reserved 1077248K
  class space    used 3514K, capacity 3740K, committed 3836K, reserved 1048576K
2018-06-25T12:39:58.317+0200: 34,051: [GC (Allocation Failure) 2018-06-25T12:39:58.317+0200: 34,051: [ParNew
Desired survivor size 20112992 bytes, new threshold 8 (max 8)
- age   1:    1567368 bytes,    1567368 total
- age   2:    1228376 bytes,    2795744 total
- age   3:    1049816 bytes,    3845560 total
- age   4:      83904 bytes,    3929464 total
- age   5:      81768 bytes,    4011232 total
- age   6:     365040 bytes,    4376272 total
- age   7:     194168 bytes,    4570440 total
- age   8:      88712 bytes,    4659152 total
: 93449K->5948K(109248K), 0,0233465 secs] 130343K->42921K(502464K), 0,0234622 secs] [Times: user=0,07 sys=0,00, real=0,02 secs] 
Heap after GC invocations=28 (full 1):
 par new generation   total 109248K, used 5948K [0x00000000e0000000, 0x00000000e8000000, 0x00000000e8000000)
  eden space 87424K,   0% used [0x00000000e0000000, 0x00000000e0000000, 0x00000000e5560000)
  from space 21824K,  27% used [0x00000000e5560000, 0x00000000e5b2f030, 0x00000000e6ab0000)
  to   space 21824K,   0% used [0x00000000e6ab0000, 0x00000000e6ab0000, 0x00000000e8000000)
 concurrent mark-sweep generation total 393216K, used 36973K [0x00000000e8000000, 0x0000000100000000, 0x0000000100000000)
 Metaspace       used 31149K, capacity 31856K, committed 31996K, reserved 1077248K
  class space    used 3514K, capacity 3740K, committed 3836K, reserved 1048576K
}
2018-06-25T12:39:58.341+0200: 34,074: Total time for which application threads were stopped: 0,0237554 seconds, Stopping threads took: 0,0000704 seconds
{Heap before GC invocations=28 (full 1):
 par new generation   total 109248K, used 93372K [0x00000000e0000000, 0x00000000e8000000, 0x00000000e8000000)
  eden space 87424K, 100% used [0x00000000e0000000, 0x00000000e5560000, 0x00000000e5560000)
  from space 21824K,  27% used [0x00000000e5560000, 0x00000000e5b2f030, 0x00000000e6ab0000)
  to   space 21824K,   0% used [0x00000000e6ab0000, 0x00000000e6ab0000, 0x00000000e8000000)
 concurrent mark-sweep generation total 393216K, used 36973K [0x00000000e8000000, 0x0000000100000000, 0x0000000100000000)
 Metaspace       used 31151K, capacity 31856K, committed 31996K, reserved 1077248K
  class space    used 3514K, capacity 3740K, committed 3836K, reserved 1048576K
2018-06-25T12:39:58.429+0200: 34,163: [GC (Allocation Failure) 2018-06-25T12:39:58.429+0200: 34,163: [ParNew
Desired survivor size 20112992 bytes, new threshold 8 (max 8)
- age   1:    1672496 bytes,    1672496 total
- age   2:    1059328 bytes,    2731824 total
- age   3:    1128128 bytes,    3859952 total
- age   4:    1048376 bytes,    4908328 total
- age   5:      83904 bytes,    4992232 total
- age   6:      81768 bytes,    5074000 total
- age   7:     364992 bytes,    5438992 total
- age   8:     193936 bytes,    5632928 total
: 93372K->6887K(109248K), 0,0130399 secs] 130345K->43947K(502464K), 0,0131337 secs] [Times: user=0,05 sys=0,00, real=0,01 secs] 
Heap after GC invocations=29 (full 1):
 par new generation   total 109248K, used 6887K [0x00000000e0000000, 0x00000000e8000000, 0x00000000e8000000)
  eden space 87424K,   0% used [0x00000000e0000000, 0x00000000e0000000, 0x00000000e5560000)
  from space 21824K,  31% used [0x00000000e6ab0000, 0x00000000e7169ee0, 0x00000000e8000000)
  to   space 21824K,   0% used [0x00000000e5560000, 0x00000000e5560000, 0x00000000e6ab0000)
 concurrent mark-sweep generation total 393216K, used 37059K [0x00000000e8000000, 0x0000000100000000, 0x0000000100000000)
 Metaspace       used 31151K, capacity 31856K, committed 31996K, reserved 1077248K
  class space    used 3514K, capacity 3740K, committed 3836K, reserved 1048576K
}
2018-06-25T12:39:58.443+0200: 34,176: Total time for which application threads were stopped: 0,0133938 seconds, Stopping threads took: 0,0000589 seconds
{Heap before GC invocations=29 (full 1):
 par new generation   total 109248K, used 94311K [0x00000000e0000000, 0x00000000e8000000, 0x00000000e8000000)
  eden space 87424K, 100% used [0x00000000e0000000, 0x00000000e5560000, 0x00000000e5560000)
  from space 21824K,  31% used [0x00000000e6ab0000, 0x00000000e7169ee0, 0x00000000e8000000)
  to   space 21824K,   0% used [0x00000000e5560000, 0x00000000e5560000, 0x00000000e6ab0000)
 concurrent mark-sweep generation total 393216K, used 37059K [0x00000000e8000000, 0x0000000100000000, 0x0000000100000000)
 Metaspace       used 31155K, capacity 31862K, committed 32252K, reserved 1077248K
  class space    used 3515K, capacity 3741K, committed 3836K, reserved 1048576K
2018-06-25T12:39:58.537+0200: 34,270: [GC (Allocation Failure) 2018-06-25T12:39:58.537+0200: 34,270: [ParNew
Desired survivor size 20112992 bytes, new threshold 8 (max 8)
- age   1:    1772336 bytes,    1772336 total
- age   2:    1028320 bytes,    2800656 total
- age   3:     963184 bytes,    3763840 total
- age   4:    1129976 bytes,    4893816 total
- age   5:    1049648 bytes,    5943464 total
- age   6:      83904 bytes,    6027368 total
- age   7:      81720 bytes,    6109088 total
- age   8:     364760 bytes,    6473848 total
: 94311K->9393K(109248K), 0,0095892 secs] 131371K->46642K(502464K), 0,0096921 secs] [Times: user=0,04 sys=0,00, real=0,00 secs] 
Heap after GC invocations=30 (full 1):
 par new generation   total 109248K, used 9393K [0x00000000e0000000, 0x00000000e8000000, 0x00000000e8000000)
  eden space 87424K,   0% used [0x00000000e0000000, 0x00000000e0000000, 0x00000000e5560000)
  from space 21824K,  43% used [0x00000000e5560000, 0x00000000e5e8c640, 0x00000000e6ab0000)
  to   space 21824K,   0% used [0x00000000e6ab0000, 0x00000000e6ab0000, 0x00000000e8000000)
 concurrent mark-sweep generation total 393216K, used 37249K [0x00000000e8000000, 0x0000000100000000, 0x0000000100000000)
 Metaspace       used 31155K, capacity 31862K, committed 32252K, reserved 1077248K
  class space    used 3515K, capacity 3741K, committed 3836K, reserved 1048576K
}
2018-06-25T12:39:58.547+0200: 34,280: Total time for which application threads were stopped: 0,0099563 seconds, Stopping threads took: 0,0000362 seconds
{Heap before GC invocations=30 (full 1):
 par new generation   total 109248K, used 96817K [0x00000000e0000000, 0x00000000e8000000, 0x00000000e8000000)
  eden space 87424K, 100% used [0x00000000e0000000, 0x00000000e5560000, 0x00000000e5560000)
  from space 21824K,  43% used [0x00000000e5560000, 0x00000000e5e8c640, 0x00000000e6ab0000)
  to   space 21824K,   0% used [0x00000000e6ab0000, 0x00000000e6ab0000, 0x00000000e8000000)
 concurrent mark-sweep generation total 393216K, used 37249K [0x00000000e8000000, 0x0000000100000000, 0x0000000100000000)
 Metaspace       used 31157K, capacity 31862K, committed 32252K, reserved 1077248K
  class space    used 3515K, capacity 3741K, committed 3836K, reserved 1048576K
2018-06-25T12:39:58.642+0200: 34,375: [GC (Allocation Failure) 2018-06-25T12:39:58.642+0200: 34,375: [ParNew
Desired survivor size 20112992 bytes, new threshold 8 (max 8)
- age   1:    1881304 bytes,    1881304 total
- age   2:    1029232 bytes,    2910536 total
- age   3:    1026264 bytes,    3936800 total
- age   4:     864040 bytes,    4800840 total
- age   5:    1129352 bytes,    5930192 total
- age   6:    1049016 bytes,    6979208 total
- age   7:      83856 bytes,    7063064 total
- age   8:      81488 bytes,    7144552 total
: 96817K->7960K(109248K), 0,0633414 secs] 134066K->45566K(502464K), 0,0634182 secs] [Times: user=0,14 sys=0,00, real=0,06 secs] 
Heap after GC invocations=31 (full 1):
 par new generation   total 109248K, used 7960K [0x00000000e0000000, 0x00000000e8000000, 0x00000000e8000000)
  eden space 87424K,   0% used [0x00000000e0000000, 0x00000000e0000000, 0x00000000e5560000)
  from space 21824K,  36% used [0x00000000e6ab0000, 0x00000000e7276248, 0x00000000e8000000)
  to   space 21824K,   0% used [0x00000000e5560000, 0x00000000e5560000, 0x00000000e6ab0000)
 concurrent mark-sweep generation total 393216K, used 37605K [0x00000000e8000000, 0x0000000100000000, 0x0000000100000000)
 Metaspace       used 31157K, capacity 31862K, committed 32252K, reserved 1077248K
  class space    used 3515K, capacity 3741K, committed 3836K, reserved 1048576K
}
2018-06-25T12:39:58.706+0200: 34,439: Total time for which application threads were stopped: 0,0636398 seconds, Stopping threads took: 0,0000370 seconds
2018-06-25T12:39:58.800+0200: 34,533: Total time for which application threads were stopped: 0,0001798 seconds, Stopping threads took: 0,0000345 seconds
2018-06-25T12:39:59.052+0200: 34,786: Total time for which application threads were stopped: 0,0002533 seconds, Stopping threads took: 0,0000416 seconds
2018-06-25T12:39:59.053+0200: 34,786: Total time for which application threads were stopped: 0,0000884 seconds, Stopping threads took: 0,0000258 seconds
2018-06-25T12:39:59.053+0200: 34,786: Total time for which application threads were stopped: 0,0000722 seconds, Stopping threads took: 0,0000228 seconds
2018-06-25T12:39:59.053+0200: 34,786: Total time for which application threads were stopped: 0,0000674 seconds, Stopping threads took: 0,0000157 seconds
2018-06-25T12:39:59.053+0200: 34,786: Total time for which application threads were stopped: 0,0000666 seconds, Stopping threads took: 0,0000164 seconds
2018-06-25T12:39:59.065+0200: 34,798: Total time for which application threads were stopped: 0,0001427 seconds, Stopping threads took: 0,0000357 seconds
2018-06-25T12:39:59.065+0200: 34,799: Total time for which application threads were stopped: 0,0001104 seconds, Stopping threads took: 0,0000422 seconds
2018-06-25T12:39:59.066+0200: 34,799: Total time for which application threads were stopped: 0,0000988 seconds, Stopping threads took: 0,0000247 seconds
2018-06-25T12:39:59.066+0200: 34,800: Total time for which application threads were stopped: 0,0000818 seconds, Stopping threads took: 0,0000223 seconds
2018-06-25T12:39:59.067+0200: 34,800: Total time for which application threads were stopped: 0,0000723 seconds, Stopping threads took: 0,0000189 seconds
2018-06-25T12:39:59.101+0200: 34,835: Total time for which application threads were stopped: 0,0001504 seconds, Stopping threads took: 0,0000436 seconds
2018-06-25T12:39:59.110+0200: 34,843: Total time for which application threads were stopped: 0,0001361 seconds, Stopping threads took: 0,0000355 seconds
2018-06-25T12:39:59.110+0200: 34,844: Total time for which application threads were stopped: 0,0000591 seconds, Stopping threads took: 0,0000193 seconds
2018-06-25T12:39:59.110+0200: 34,844: Total time for which application threads were stopped: 0,0000600 seconds, Stopping threads took: 0,0000138 seconds
2018-06-25T12:39:59.110+0200: 34,844: Total time for which application threads were stopped: 0,0000555 seconds, Stopping threads took: 0,0000127 seconds
2018-06-25T12:39:59.111+0200: 34,844: Total time for which application threads were stopped: 0,0000594 seconds, Stopping threads took: 0,0000164 seconds
2018-06-25T12:39:59.111+0200: 34,844: Total time for which application threads were stopped: 0,0000564 seconds, Stopping threads took: 0,0000133 seconds
2018-06-25T12:39:59.111+0200: 34,844: Total time for which application threads were stopped: 0,0000688 seconds, Stopping threads took: 0,0000136 seconds
2018-06-25T12:39:59.111+0200: 34,844: Total time for which application threads were stopped: 0,0001859 seconds, Stopping threads took: 0,0000135 seconds
2018-06-25T12:39:59.111+0200: 34,844: Total time for which application threads were stopped: 0,0000575 seconds, Stopping threads took: 0,0000144 seconds
2018-06-25T12:39:59.111+0200: 34,844: Total time for which application threads were stopped: 0,0000925 seconds, Stopping threads took: 0,0000160 seconds
2018-06-25T12:39:59.111+0200: 34,845: Total time for which application threads were stopped: 0,0000555 seconds, Stopping threads took: 0,0000135 seconds
2018-06-25T12:39:59.111+0200: 34,845: Total time for which application threads were stopped: 0,0001901 seconds, Stopping threads took: 0,0000143 seconds
2018-06-25T12:39:59.727+0200: 35,460: Total time for which application threads were stopped: 0,0001102 seconds, Stopping threads took: 0,0000182 seconds
2018-06-25T12:39:59.727+0200: 35,461: Total time for which application threads were stopped: 0,0000543 seconds, Stopping threads took: 0,0000198 seconds
2018-06-25T12:39:59.727+0200: 35,461: Total time for which application threads were stopped: 0,0000587 seconds, Stopping threads took: 0,0000305 seconds
2018-06-25T12:39:59.727+0200: 35,461: Total time for which application threads were stopped: 0,0000577 seconds, Stopping threads took: 0,0000203 seconds
2018-06-25T12:39:59.728+0200: 35,461: Total time for which application threads were stopped: 0,0000573 seconds, Stopping threads took: 0,0000295 seconds
2018-06-25T12:39:59.728+0200: 35,461: Total time for which application threads were stopped: 0,0000579 seconds, Stopping threads took: 0,0000302 seconds
2018-06-25T12:39:59.728+0200: 35,461: Total time for which application threads were stopped: 0,0000580 seconds, Stopping threads took: 0,0000201 seconds
2018-06-25T12:39:59.728+0200: 35,461: Total time for which application threads were stopped: 0,0000367 seconds, Stopping threads took: 0,0000104 seconds
2018-06-25T12:39:59.730+0200: 35,464: Total time for which application threads were stopped: 0,0001524 seconds, Stopping threads took: 0,0000515 seconds
2018-06-25T12:40:00.731+0200: 36,464: Total time for which application threads were stopped: 0,0001379 seconds, Stopping threads took: 0,0000551 seconds
2018-06-25T12:40:01.404+0200: 37,138: Total time for which application threads were stopped: 0,0013322 seconds, Stopping threads took: 0,0001150 seconds
2018-06-25T12:40:01.406+0200: 37,140: Total time for which application threads were stopped: 0,0007537 seconds, Stopping threads took: 0,0000216 seconds
2018-06-25T12:40:01.413+0200: 37,146: Total time for which application threads were stopped: 0,0001065 seconds, Stopping threads took: 0,0000378 seconds
2018-06-25T12:40:01.426+0200: 37,159: Total time for which application threads were stopped: 0,0041750 seconds, Stopping threads took: 0,0040574 seconds
2018-06-25T12:40:01.430+0200: 37,163: Total time for which application threads were stopped: 0,0001771 seconds, Stopping threads took: 0,0000495 seconds
2018-06-25T12:40:01.440+0200: 37,174: Total time for which application threads were stopped: 0,0003414 seconds, Stopping threads took: 0,0000589 seconds
2018-06-25T12:40:01.443+0200: 37,177: Total time for which application threads were stopped: 0,0025570 seconds, Stopping threads took: 0,0023495 seconds
2018-06-25T12:40:01.443+0200: 37,177: Total time for which application threads were stopped: 0,0000829 seconds, Stopping threads took: 0,0000367 seconds
2018-06-25T12:40:01.444+0200: 37,177: Total time for which application threads were stopped: 0,0000475 seconds, Stopping threads took: 0,0000112 seconds
2018-06-25T12:40:01.446+0200: 37,179: Total time for which application threads were stopped: 0,0006364 seconds, Stopping threads took: 0,0005595 seconds
2018-06-25T12:40:01.446+0200: 37,180: Total time for which application threads were stopped: 0,0000775 seconds, Stopping threads took: 0,0000156 seconds
2018-06-25T12:40:01.448+0200: 37,181: Total time for which application threads were stopped: 0,0006963 seconds, Stopping threads took: 0,0006219 seconds
2018-06-25T12:40:01.448+0200: 37,182: Total time for which application threads were stopped: 0,0001307 seconds, Stopping threads took: 0,0000594 seconds
2018-06-25T12:40:01.456+0200: 37,189: Total time for which application threads were stopped: 0,0001654 seconds, Stopping threads took: 0,0000290 seconds
2018-06-25T12:40:01.456+0200: 37,190: Total time for which application threads were stopped: 0,0001524 seconds, Stopping threads took: 0,0000531 seconds
2018-06-25T12:40:01.461+0200: 37,194: Total time for which application threads were stopped: 0,0001383 seconds, Stopping threads took: 0,0000426 seconds
2018-06-25T12:40:01.461+0200: 37,194: Total time for which application threads were stopped: 0,0000767 seconds, Stopping threads took: 0,0000348 seconds
2018-06-25T12:40:01.461+0200: 37,194: Total time for which application threads were stopped: 0,0001896 seconds, Stopping threads took: 0,0001348 seconds
2018-06-25T12:40:01.463+0200: 37,196: Total time for which application threads were stopped: 0,0010126 seconds, Stopping threads took: 0,0007490 seconds
2018-06-25T12:40:01.464+0200: 37,197: Total time for which application threads were stopped: 0,0001213 seconds, Stopping threads took: 0,0000519 seconds
2018-06-25T12:40:01.464+0200: 37,197: Total time for which application threads were stopped: 0,0000861 seconds, Stopping threads took: 0,0000353 seconds
2018-06-25T12:40:01.465+0200: 37,198: Total time for which application threads were stopped: 0,0001128 seconds, Stopping threads took: 0,0000399 seconds
2018-06-25T12:40:01.473+0200: 37,206: Total time for which application threads were stopped: 0,0001826 seconds, Stopping threads took: 0,0000586 seconds
2018-06-25T12:40:01.473+0200: 37,207: Total time for which application threads were stopped: 0,0000938 seconds, Stopping threads took: 0,0000285 seconds
2018-06-25T12:40:01.474+0200: 37,207: Total time for which application threads were stopped: 0,0002458 seconds, Stopping threads took: 0,0000697 seconds
2018-06-25T12:40:01.480+0200: 37,213: Total time for which application threads were stopped: 0,0001717 seconds, Stopping threads took: 0,0000390 seconds
2018-06-25T12:40:01.482+0200: 37,215: Total time for which application threads were stopped: 0,0001011 seconds, Stopping threads took: 0,0000384 seconds
2018-06-25T12:40:01.482+0200: 37,215: Total time for which application threads were stopped: 0,0000400 seconds, Stopping threads took: 0,0000122 seconds
2018-06-25T12:40:01.482+0200: 37,216: Total time for which application threads were stopped: 0,0000590 seconds, Stopping threads took: 0,0000181 seconds
2018-06-25T12:40:01.482+0200: 37,216: Total time for which application threads were stopped: 0,0000545 seconds, Stopping threads took: 0,0000133 seconds
2018-06-25T12:40:01.483+0200: 37,216: Total time for which application threads were stopped: 0,0000594 seconds, Stopping threads took: 0,0000257 seconds
2018-06-25T12:40:01.484+0200: 37,218: Total time for which application threads were stopped: 0,0001278 seconds, Stopping threads took: 0,0000438 seconds
2018-06-25T12:40:01.485+0200: 37,218: Total time for which application threads were stopped: 0,0000552 seconds, Stopping threads took: 0,0000119 seconds
2018-06-25T12:40:01.485+0200: 37,218: Total time for which application threads were stopped: 0,0000463 seconds, Stopping threads took: 0,0000116 seconds
2018-06-25T12:40:01.485+0200: 37,218: Total time for which application threads were stopped: 0,0000449 seconds, Stopping threads took: 0,0000117 seconds
2018-06-25T12:40:01.487+0200: 37,220: Total time for which application threads were stopped: 0,0002102 seconds, Stopping threads took: 0,0000313 seconds
2018-06-25T12:40:01.490+0200: 37,224: Total time for which application threads were stopped: 0,0002189 seconds, Stopping threads took: 0,0001313 seconds
2018-06-25T12:40:01.491+0200: 37,224: Total time for which application threads were stopped: 0,0000704 seconds, Stopping threads took: 0,0000227 seconds
2018-06-25T12:40:01.491+0200: 37,224: Total time for which application threads were stopped: 0,0000462 seconds, Stopping threads took: 0,0000117 seconds
2018-06-25T12:40:01.493+0200: 37,227: Total time for which application threads were stopped: 0,0001921 seconds, Stopping threads took: 0,0000928 seconds
2018-06-25T12:40:01.500+0200: 37,234: Total time for which application threads were stopped: 0,0003231 seconds, Stopping threads took: 0,0000546 seconds
Heap
 par new generation   total 109248K, used 94225K [0x00000000e0000000, 0x00000000e8000000, 0x00000000e8000000)
  eden space 87424K,  98% used [0x00000000e0000000, 0x00000000e543e410, 0x00000000e5560000)
  from space 21824K,  36% used [0x00000000e6ab0000, 0x00000000e7276248, 0x00000000e8000000)
  to   space 21824K,   0% used [0x00000000e5560000, 0x00000000e5560000, 0x00000000e6ab0000)
 concurrent mark-sweep generation total 393216K, used 37605K [0x00000000e8000000, 0x0000000100000000, 0x0000000100000000)
 Metaspace       used 31289K, capacity 31998K, committed 32252K, reserved 1077248K
  class space    used 3526K, capacity 3743K, committed 3836K, reserved 1048576K
