OpenJDK 64-Bit Server VM (25.162-b12) for linux-amd64 JRE (1.8.0_162-8u162-b12-0ubuntu0.16.04.2-b12), built on Mar 14 2018 12:11:18 by "buildd" with gcc 5.4.0 20160609
Memory: 4k page, physical 7867624k(2067836k free), swap 8076284k(8076284k free)
CommandLine flags: -XX:CMSInitiatingOccupancyFraction=50 -XX:CMSMaxAbortablePrecleanTime=6000 -XX:+CMSParallelRemarkEnabled -XX:+CMSScavengeBeforeRemark -XX:ConcGCThreads=4 -XX:InitialHeapSize=536870912 -XX:MaxHeapSize=536870912 -XX:MaxTenuringThreshold=8 -XX:NewRatio=3 -XX:OldPLABSize=16 -XX:OnOutOfMemoryError=/home/gurnoor/workspace/QTM/solr/bin/oom_solr.sh 8983 /home/gurnoor/workspace/QTM/solr/server/logs -XX:ParallelGCThreads=4 -XX:+ParallelRefProcEnabled -XX:PretenureSizeThreshold=67108864 -XX:+PrintGC -XX:+PrintGCApplicationStoppedTime -XX:+PrintGCDateStamps -XX:+PrintGCDetails -XX:+PrintGCTimeStamps -XX:+PrintHeapAtGC -XX:+PrintTenuringDistribution -XX:SurvivorRatio=4 -XX:TargetSurvivorRatio=90 -XX:ThreadStackSize=256 -XX:+UseCMSInitiatingOccupancyOnly -XX:+UseCompressedClassPointers -XX:+UseCompressedOops -XX:+UseConcMarkSweepGC -XX:+UseParNewGC 
2018-04-06T22:29:58.738+0200: 0,177: Total time for which application threads were stopped: 0,0000905 seconds, Stopping threads took: 0,0000170 seconds
2018-04-06T22:29:58.847+0200: 0,286: Total time for which application threads were stopped: 0,0001259 seconds, Stopping threads took: 0,0000336 seconds
2018-04-06T22:29:58.867+0200: 0,306: Total time for which application threads were stopped: 0,0005313 seconds, Stopping threads took: 0,0001475 seconds
2018-04-06T22:29:59.045+0200: 0,484: Total time for which application threads were stopped: 0,0002053 seconds, Stopping threads took: 0,0000272 seconds
2018-04-06T22:29:59.299+0200: 0,738: Total time for which application threads were stopped: 0,0001283 seconds, Stopping threads took: 0,0000104 seconds
2018-04-06T22:29:59.372+0200: 0,811: Total time for which application threads were stopped: 0,0002449 seconds, Stopping threads took: 0,0000438 seconds
2018-04-06T22:29:59.400+0200: 0,839: Total time for which application threads were stopped: 0,0002156 seconds, Stopping threads took: 0,0000403 seconds
2018-04-06T22:29:59.641+0200: 1,080: Total time for which application threads were stopped: 0,0002201 seconds, Stopping threads took: 0,0000247 seconds
2018-04-06T22:29:59.840+0200: 1,279: Total time for which application threads were stopped: 0,0002825 seconds, Stopping threads took: 0,0000247 seconds
2018-04-06T22:29:59.871+0200: 1,309: Total time for which application threads were stopped: 0,0016676 seconds, Stopping threads took: 0,0006571 seconds
2018-04-06T22:29:59.901+0200: 1,339: Total time for which application threads were stopped: 0,0002129 seconds, Stopping threads took: 0,0000217 seconds
2018-04-06T22:29:59.902+0200: 1,341: Total time for which application threads were stopped: 0,0002712 seconds, Stopping threads took: 0,0000441 seconds
2018-04-06T22:29:59.924+0200: 1,363: Total time for which application threads were stopped: 0,0003171 seconds, Stopping threads took: 0,0000812 seconds
2018-04-06T22:30:00.022+0200: 1,461: Total time for which application threads were stopped: 0,0002720 seconds, Stopping threads took: 0,0000313 seconds
{Heap before GC invocations=0 (full 0):
 par new generation   total 109248K, used 87424K [0x00000000e0000000, 0x00000000e8000000, 0x00000000e8000000)
  eden space 87424K, 100% used [0x00000000e0000000, 0x00000000e5560000, 0x00000000e5560000)
  from space 21824K,   0% used [0x00000000e5560000, 0x00000000e5560000, 0x00000000e6ab0000)
  to   space 21824K,   0% used [0x00000000e6ab0000, 0x00000000e6ab0000, 0x00000000e8000000)
 concurrent mark-sweep generation total 393216K, used 0K [0x00000000e8000000, 0x0000000100000000, 0x0000000100000000)
 Metaspace       used 17301K, capacity 17576K, committed 17792K, reserved 1064960K
  class space    used 1974K, capacity 2134K, committed 2176K, reserved 1048576K
2018-04-06T22:30:00.251+0200: 1,690: [GC (Allocation Failure) 2018-04-06T22:30:00.251+0200: 1,690: [ParNew
Desired survivor size 20112992 bytes, new threshold 8 (max 8)
- age   1:   10577008 bytes,   10577008 total
: 87424K->10441K(109248K), 0,0261417 secs] 87424K->10441K(502464K), 0,0262406 secs] [Times: user=0,07 sys=0,02, real=0,02 secs] 
Heap after GC invocations=1 (full 0):
 par new generation   total 109248K, used 10441K [0x00000000e0000000, 0x00000000e8000000, 0x00000000e8000000)
  eden space 87424K,   0% used [0x00000000e0000000, 0x00000000e0000000, 0x00000000e5560000)
  from space 21824K,  47% used [0x00000000e6ab0000, 0x00000000e74e2558, 0x00000000e8000000)
  to   space 21824K,   0% used [0x00000000e5560000, 0x00000000e5560000, 0x00000000e6ab0000)
 concurrent mark-sweep generation total 393216K, used 0K [0x00000000e8000000, 0x0000000100000000, 0x0000000100000000)
 Metaspace       used 17301K, capacity 17576K, committed 17792K, reserved 1064960K
  class space    used 1974K, capacity 2134K, committed 2176K, reserved 1048576K
}
2018-04-06T22:30:00.278+0200: 1,716: Total time for which application threads were stopped: 0,0264634 seconds, Stopping threads took: 0,0000703 seconds
2018-04-06T22:30:00.281+0200: 1,720: Total time for which application threads were stopped: 0,0004942 seconds, Stopping threads took: 0,0002521 seconds
2018-04-06T22:30:00.778+0200: 2,217: Total time for which application threads were stopped: 0,0004756 seconds, Stopping threads took: 0,0000601 seconds
{Heap before GC invocations=1 (full 0):
 par new generation   total 109248K, used 97865K [0x00000000e0000000, 0x00000000e8000000, 0x00000000e8000000)
  eden space 87424K, 100% used [0x00000000e0000000, 0x00000000e5560000, 0x00000000e5560000)
  from space 21824K,  47% used [0x00000000e6ab0000, 0x00000000e74e2558, 0x00000000e8000000)
  to   space 21824K,   0% used [0x00000000e5560000, 0x00000000e5560000, 0x00000000e6ab0000)
 concurrent mark-sweep generation total 393216K, used 0K [0x00000000e8000000, 0x0000000100000000, 0x0000000100000000)
 Metaspace       used 20042K, capacity 20376K, committed 20736K, reserved 1067008K
  class space    used 2299K, capacity 2472K, committed 2560K, reserved 1048576K
2018-04-06T22:30:00.830+0200: 2,268: [GC (Allocation Failure) 2018-04-06T22:30:00.830+0200: 2,268: [ParNew
Desired survivor size 20112992 bytes, new threshold 8 (max 8)
- age   1:    4045696 bytes,    4045696 total
- age   2:    5359968 bytes,    9405664 total
- age   3:         16 bytes,    9405680 total
: 97865K->11731K(109248K), 0,0214773 secs] 97865K->11731K(502464K), 0,0215531 secs] [Times: user=0,07 sys=0,00, real=0,02 secs] 
Heap after GC invocations=2 (full 0):
 par new generation   total 109248K, used 11731K [0x00000000e0000000, 0x00000000e8000000, 0x00000000e8000000)
  eden space 87424K,   0% used [0x00000000e0000000, 0x00000000e0000000, 0x00000000e5560000)
  from space 21824K,  53% used [0x00000000e5560000, 0x00000000e60d4dd0, 0x00000000e6ab0000)
  to   space 21824K,   0% used [0x00000000e6ab0000, 0x00000000e6ab0000, 0x00000000e8000000)
 concurrent mark-sweep generation total 393216K, used 0K [0x00000000e8000000, 0x0000000100000000, 0x0000000100000000)
 Metaspace       used 20042K, capacity 20376K, committed 20736K, reserved 1067008K
  class space    used 2299K, capacity 2472K, committed 2560K, reserved 1048576K
}
2018-04-06T22:30:00.851+0200: 2,290: Total time for which application threads were stopped: 0,0238194 seconds, Stopping threads took: 0,0019816 seconds
2018-04-06T22:30:00.869+0200: 2,308: Total time for which application threads were stopped: 0,0033895 seconds, Stopping threads took: 0,0030416 seconds
2018-04-06T22:30:00.931+0200: 2,370: Total time for which application threads were stopped: 0,0004235 seconds, Stopping threads took: 0,0000730 seconds
2018-04-06T22:30:01.111+0200: 2,550: Total time for which application threads were stopped: 0,0001748 seconds, Stopping threads took: 0,0000493 seconds
{Heap before GC invocations=2 (full 0):
 par new generation   total 109248K, used 99155K [0x00000000e0000000, 0x00000000e8000000, 0x00000000e8000000)
  eden space 87424K, 100% used [0x00000000e0000000, 0x00000000e5560000, 0x00000000e5560000)
  from space 21824K,  53% used [0x00000000e5560000, 0x00000000e60d4dd0, 0x00000000e6ab0000)
  to   space 21824K,   0% used [0x00000000e6ab0000, 0x00000000e6ab0000, 0x00000000e8000000)
 concurrent mark-sweep generation total 393216K, used 0K [0x00000000e8000000, 0x0000000100000000, 0x0000000100000000)
 Metaspace       used 20997K, capacity 21362K, committed 21628K, reserved 1069056K
  class space    used 2428K, capacity 2591K, committed 2684K, reserved 1048576K
2018-04-06T22:30:01.177+0200: 2,616: [GC (Allocation Failure) 2018-04-06T22:30:01.177+0200: 2,616: [ParNew
Desired survivor size 20112992 bytes, new threshold 8 (max 8)
- age   1:    2212432 bytes,    2212432 total
- age   2:    1590240 bytes,    3802672 total
- age   3:    5358464 bytes,    9161136 total
- age   4:         16 bytes,    9161152 total
: 99155K->14988K(109248K), 0,0168630 secs] 99155K->14988K(502464K), 0,0169669 secs] [Times: user=0,04 sys=0,01, real=0,02 secs] 
Heap after GC invocations=3 (full 0):
 par new generation   total 109248K, used 14988K [0x00000000e0000000, 0x00000000e8000000, 0x00000000e8000000)
  eden space 87424K,   0% used [0x00000000e0000000, 0x00000000e0000000, 0x00000000e5560000)
  from space 21824K,  68% used [0x00000000e6ab0000, 0x00000000e79531b0, 0x00000000e8000000)
  to   space 21824K,   0% used [0x00000000e5560000, 0x00000000e5560000, 0x00000000e6ab0000)
 concurrent mark-sweep generation total 393216K, used 0K [0x00000000e8000000, 0x0000000100000000, 0x0000000100000000)
 Metaspace       used 20997K, capacity 21362K, committed 21628K, reserved 1069056K
  class space    used 2428K, capacity 2591K, committed 2684K, reserved 1048576K
}
2018-04-06T22:30:01.194+0200: 2,633: Total time for which application threads were stopped: 0,0235685 seconds, Stopping threads took: 0,0064224 seconds
2018-04-06T22:30:01.194+0200: 2,633: [GC (CMS Initial Mark) [1 CMS-initial-mark: 0K(393216K)] 16362K(502464K), 0,0042665 secs] [Times: user=0,01 sys=0,00, real=0,00 secs] 
2018-04-06T22:30:01.199+0200: 2,638: Total time for which application threads were stopped: 0,0044093 seconds, Stopping threads took: 0,0000618 seconds
2018-04-06T22:30:01.199+0200: 2,638: [CMS-concurrent-mark-start]
2018-04-06T22:30:01.199+0200: 2,638: [CMS-concurrent-mark: 0,000/0,000 secs] [Times: user=0,00 sys=0,00, real=0,00 secs] 
2018-04-06T22:30:01.199+0200: 2,638: [CMS-concurrent-preclean-start]
2018-04-06T22:30:01.200+0200: 2,639: [CMS-concurrent-preclean: 0,001/0,001 secs] [Times: user=0,01 sys=0,00, real=0,00 secs] 
2018-04-06T22:30:01.200+0200: 2,639: [CMS-concurrent-abortable-preclean-start]
2018-04-06T22:30:01.345+0200: 2,784: Total time for which application threads were stopped: 0,0002195 seconds, Stopping threads took: 0,0000860 seconds
{Heap before GC invocations=3 (full 1):
 par new generation   total 109248K, used 102412K [0x00000000e0000000, 0x00000000e8000000, 0x00000000e8000000)
  eden space 87424K, 100% used [0x00000000e0000000, 0x00000000e5560000, 0x00000000e5560000)
  from space 21824K,  68% used [0x00000000e6ab0000, 0x00000000e79531b0, 0x00000000e8000000)
  to   space 21824K,   0% used [0x00000000e5560000, 0x00000000e5560000, 0x00000000e6ab0000)
 concurrent mark-sweep generation total 393216K, used 0K [0x00000000e8000000, 0x0000000100000000, 0x0000000100000000)
 Metaspace       used 21250K, capacity 21642K, committed 21884K, reserved 1069056K
  class space    used 2454K, capacity 2608K, committed 2684K, reserved 1048576K
2018-04-06T22:30:01.397+0200: 2,836: [GC (Allocation Failure) 2018-04-06T22:30:01.397+0200: 2,836: [ParNew
Desired survivor size 20112992 bytes, new threshold 8 (max 8)
- age   1:     541496 bytes,     541496 total
- age   2:    1474912 bytes,    2016408 total
- age   3:    1584608 bytes,    3601016 total
- age   4:    5358032 bytes,    8959048 total
- age   5:         16 bytes,    8959064 total
: 102412K->12038K(109248K), 0,0159170 secs] 102412K->12038K(502464K), 0,0159930 secs] [Times: user=0,05 sys=0,00, real=0,02 secs] 
Heap after GC invocations=4 (full 1):
 par new generation   total 109248K, used 12038K [0x00000000e0000000, 0x00000000e8000000, 0x00000000e8000000)
  eden space 87424K,   0% used [0x00000000e0000000, 0x00000000e0000000, 0x00000000e5560000)
  from space 21824K,  55% used [0x00000000e5560000, 0x00000000e6121a38, 0x00000000e6ab0000)
  to   space 21824K,   0% used [0x00000000e6ab0000, 0x00000000e6ab0000, 0x00000000e8000000)
 concurrent mark-sweep generation total 393216K, used 0K [0x00000000e8000000, 0x0000000100000000, 0x0000000100000000)
 Metaspace       used 21250K, capacity 21642K, committed 21884K, reserved 1069056K
  class space    used 2454K, capacity 2608K, committed 2684K, reserved 1048576K
}
2018-04-06T22:30:01.413+0200: 2,852: Total time for which application threads were stopped: 0,0161925 seconds, Stopping threads took: 0,0000353 seconds
2018-04-06T22:30:01.414+0200: 2,852: [CMS-concurrent-abortable-preclean: 0,146/0,213 secs] [Times: user=0,64 sys=0,00, real=0,22 secs] 
2018-04-06T22:30:01.414+0200: 2,853: [GC (CMS Final Remark) [YG occupancy: 13361 K (109248 K)]{Heap before GC invocations=4 (full 1):
 par new generation   total 109248K, used 13361K [0x00000000e0000000, 0x00000000e8000000, 0x00000000e8000000)
  eden space 87424K,   1% used [0x00000000e0000000, 0x00000000e014aa40, 0x00000000e5560000)
  from space 21824K,  55% used [0x00000000e5560000, 0x00000000e6121a38, 0x00000000e6ab0000)
  to   space 21824K,   0% used [0x00000000e6ab0000, 0x00000000e6ab0000, 0x00000000e8000000)
 concurrent mark-sweep generation total 393216K, used 0K [0x00000000e8000000, 0x0000000100000000, 0x0000000100000000)
 Metaspace       used 21250K, capacity 21642K, committed 21884K, reserved 1069056K
  class space    used 2454K, capacity 2608K, committed 2684K, reserved 1048576K
2018-04-06T22:30:01.414+0200: 2,853: [GC (CMS Final Remark) 2018-04-06T22:30:01.414+0200: 2,853: [ParNew
Desired survivor size 20112992 bytes, new threshold 8 (max 8)
- age   1:      28800 bytes,      28800 total
- age   2:     541496 bytes,     570296 total
- age   3:    1474912 bytes,    2045208 total
- age   4:    1584608 bytes,    3629816 total
- age   5:    5358032 bytes,    8987848 total
- age   6:         16 bytes,    8987864 total
: 13361K->10938K(109248K), 0,0266466 secs] 13361K->10938K(502464K), 0,0266913 secs] [Times: user=0,08 sys=0,00, real=0,02 secs] 
Heap after GC invocations=5 (full 1):
 par new generation   total 109248K, used 10938K [0x00000000e0000000, 0x00000000e8000000, 0x00000000e8000000)
  eden space 87424K,   0% used [0x00000000e0000000, 0x00000000e0000000, 0x00000000e5560000)
  from space 21824K,  50% used [0x00000000e6ab0000, 0x00000000e755e920, 0x00000000e8000000)
  to   space 21824K,   0% used [0x00000000e5560000, 0x00000000e5560000, 0x00000000e6ab0000)
 concurrent mark-sweep generation total 393216K, used 0K [0x00000000e8000000, 0x0000000100000000, 0x0000000100000000)
 Metaspace       used 21250K, capacity 21642K, committed 21884K, reserved 1069056K
  class space    used 2454K, capacity 2608K, committed 2684K, reserved 1048576K
}
2018-04-06T22:30:01.441+0200: 2,880: [Rescan (parallel) , 0,0047158 secs]2018-04-06T22:30:01.445+0200: 2,884: [weak refs processing, 0,0024360 secs]2018-04-06T22:30:01.448+0200: 2,887: [class unloading, 0,0032711 secs]2018-04-06T22:30:01.451+0200: 2,890: [scrub symbol table, 0,0057012 secs]2018-04-06T22:30:01.457+0200: 2,896: [scrub string table, 0,0011085 secs][1 CMS-remark: 0K(393216K)] 10938K(502464K), 0,0449098 secs] [Times: user=0,12 sys=0,00, real=0,04 secs] 
2018-04-06T22:30:01.459+0200: 2,898: Total time for which application threads were stopped: 0,0453595 seconds, Stopping threads took: 0,0003649 seconds
2018-04-06T22:30:01.459+0200: 2,898: [CMS-concurrent-sweep-start]
2018-04-06T22:30:01.459+0200: 2,898: [CMS-concurrent-sweep: 0,000/0,000 secs] [Times: user=0,00 sys=0,00, real=0,00 secs] 
2018-04-06T22:30:01.459+0200: 2,898: [CMS-concurrent-reset-start]
2018-04-06T22:30:01.461+0200: 2,900: [CMS-concurrent-reset: 0,002/0,002 secs] [Times: user=0,00 sys=0,00, real=0,01 secs] 
{Heap before GC invocations=5 (full 1):
 par new generation   total 109248K, used 98362K [0x00000000e0000000, 0x00000000e8000000, 0x00000000e8000000)
  eden space 87424K, 100% used [0x00000000e0000000, 0x00000000e5560000, 0x00000000e5560000)
  from space 21824K,  50% used [0x00000000e6ab0000, 0x00000000e755e920, 0x00000000e8000000)
  to   space 21824K,   0% used [0x00000000e5560000, 0x00000000e5560000, 0x00000000e6ab0000)
 concurrent mark-sweep generation total 393216K, used 0K [0x00000000e8000000, 0x0000000100000000, 0x0000000100000000)
 Metaspace       used 21382K, capacity 21750K, committed 21884K, reserved 1069056K
  class space    used 2473K, capacity 2642K, committed 2684K, reserved 1048576K
2018-04-06T22:30:01.612+0200: 3,051: [GC (Allocation Failure) 2018-04-06T22:30:01.612+0200: 3,051: [ParNew
Desired survivor size 20112992 bytes, new threshold 8 (max 8)
- age   1:    1019976 bytes,    1019976 total
- age   3:     183432 bytes,    1203408 total
- age   4:    1474704 bytes,    2678112 total
- age   5:    1584496 bytes,    4262608 total
- age   6:    5358128 bytes,    9620736 total
- age   7:         16 bytes,    9620752 total
: 98362K->13434K(109248K), 0,0126809 secs] 98362K->13434K(502464K), 0,0129074 secs] [Times: user=0,04 sys=0,00, real=0,01 secs] 
Heap after GC invocations=6 (full 1):
 par new generation   total 109248K, used 13434K [0x00000000e0000000, 0x00000000e8000000, 0x00000000e8000000)
  eden space 87424K,   0% used [0x00000000e0000000, 0x00000000e0000000, 0x00000000e5560000)
  from space 21824K,  61% used [0x00000000e5560000, 0x00000000e627e940, 0x00000000e6ab0000)
  to   space 21824K,   0% used [0x00000000e6ab0000, 0x00000000e6ab0000, 0x00000000e8000000)
 concurrent mark-sweep generation total 393216K, used 0K [0x00000000e8000000, 0x0000000100000000, 0x0000000100000000)
 Metaspace       used 21382K, capacity 21750K, committed 21884K, reserved 1069056K
  class space    used 2473K, capacity 2642K, committed 2684K, reserved 1048576K
}
2018-04-06T22:30:01.625+0200: 3,064: Total time for which application threads were stopped: 0,0171283 seconds, Stopping threads took: 0,0038772 seconds
2018-04-06T22:30:01.675+0200: 3,114: Total time for which application threads were stopped: 0,0003050 seconds, Stopping threads took: 0,0000189 seconds
2018-04-06T22:30:02.052+0200: 3,491: Total time for which application threads were stopped: 0,0006420 seconds, Stopping threads took: 0,0000495 seconds
2018-04-06T22:30:02.081+0200: 3,520: Total time for which application threads were stopped: 0,0004897 seconds, Stopping threads took: 0,0000648 seconds
{Heap before GC invocations=6 (full 1):
 par new generation   total 109248K, used 100858K [0x00000000e0000000, 0x00000000e8000000, 0x00000000e8000000)
  eden space 87424K, 100% used [0x00000000e0000000, 0x00000000e5560000, 0x00000000e5560000)
  from space 21824K,  61% used [0x00000000e5560000, 0x00000000e627e940, 0x00000000e6ab0000)
  to   space 21824K,   0% used [0x00000000e6ab0000, 0x00000000e6ab0000, 0x00000000e8000000)
 concurrent mark-sweep generation total 393216K, used 0K [0x00000000e8000000, 0x0000000100000000, 0x0000000100000000)
 Metaspace       used 25073K, capacity 25584K, committed 25724K, reserved 1071104K
  class space    used 2922K, capacity 3111K, committed 3196K, reserved 1048576K
2018-04-06T22:30:02.545+0200: 3,983: [GC (Allocation Failure) 2018-04-06T22:30:02.545+0200: 3,983: [ParNew
Desired survivor size 20112992 bytes, new threshold 8 (max 8)
- age   1:    5472520 bytes,    5472520 total
- age   2:     107216 bytes,    5579736 total
- age   4:     176848 bytes,    5756584 total
- age   5:     303112 bytes,    6059696 total
- age   6:    1562384 bytes,    7622080 total
- age   7:    5351656 bytes,   12973736 total
- age   8:         16 bytes,   12973752 total
: 100858K->14966K(109248K), 0,0442164 secs] 100858K->14966K(502464K), 0,0442950 secs] [Times: user=0,08 sys=0,00, real=0,04 secs] 
Heap after GC invocations=7 (full 1):
 par new generation   total 109248K, used 14966K [0x00000000e0000000, 0x00000000e8000000, 0x00000000e8000000)
  eden space 87424K,   0% used [0x00000000e0000000, 0x00000000e0000000, 0x00000000e5560000)
  from space 21824K,  68% used [0x00000000e6ab0000, 0x00000000e794da20, 0x00000000e8000000)
  to   space 21824K,   0% used [0x00000000e5560000, 0x00000000e5560000, 0x00000000e6ab0000)
 concurrent mark-sweep generation total 393216K, used 0K [0x00000000e8000000, 0x0000000100000000, 0x0000000100000000)
 Metaspace       used 25073K, capacity 25584K, committed 25724K, reserved 1071104K
  class space    used 2922K, capacity 3111K, committed 3196K, reserved 1048576K
}
2018-04-06T22:30:02.589+0200: 4,028: Total time for which application threads were stopped: 0,0446241 seconds, Stopping threads took: 0,0000741 seconds
2018-04-06T22:30:02.649+0200: 4,088: Total time for which application threads were stopped: 0,0058832 seconds, Stopping threads took: 0,0055160 seconds
2018-04-06T22:30:02.650+0200: 4,089: Total time for which application threads were stopped: 0,0001691 seconds, Stopping threads took: 0,0000453 seconds
2018-04-06T22:30:02.656+0200: 4,095: Total time for which application threads were stopped: 0,0017620 seconds, Stopping threads took: 0,0015662 seconds
2018-04-06T22:30:02.659+0200: 4,098: Total time for which application threads were stopped: 0,0021730 seconds, Stopping threads took: 0,0020452 seconds
2018-04-06T22:30:02.661+0200: 4,100: Total time for which application threads were stopped: 0,0023662 seconds, Stopping threads took: 0,0020114 seconds
2018-04-06T22:30:02.663+0200: 4,102: Total time for which application threads were stopped: 0,0001984 seconds, Stopping threads took: 0,0000299 seconds
2018-04-06T22:30:02.664+0200: 4,103: Total time for which application threads were stopped: 0,0001950 seconds, Stopping threads took: 0,0000393 seconds
2018-04-06T22:30:02.665+0200: 4,104: Total time for which application threads were stopped: 0,0004804 seconds, Stopping threads took: 0,0003252 seconds
2018-04-06T22:30:02.672+0200: 4,111: Total time for which application threads were stopped: 0,0025434 seconds, Stopping threads took: 0,0022555 seconds
2018-04-06T22:30:02.673+0200: 4,112: Total time for which application threads were stopped: 0,0009376 seconds, Stopping threads took: 0,0008058 seconds
2018-04-06T22:30:02.681+0200: 4,120: Total time for which application threads were stopped: 0,0059550 seconds, Stopping threads took: 0,0054533 seconds
2018-04-06T22:30:02.697+0200: 4,136: Total time for which application threads were stopped: 0,0049901 seconds, Stopping threads took: 0,0048404 seconds
2018-04-06T22:30:02.706+0200: 4,144: Total time for which application threads were stopped: 0,0004027 seconds, Stopping threads took: 0,0002329 seconds
2018-04-06T22:30:02.725+0200: 4,164: Total time for which application threads were stopped: 0,0001562 seconds, Stopping threads took: 0,0000294 seconds
2018-04-06T22:30:02.725+0200: 4,164: Total time for which application threads were stopped: 0,0000755 seconds, Stopping threads took: 0,0000094 seconds
2018-04-06T22:30:02.771+0200: 4,210: Total time for which application threads were stopped: 0,0212926 seconds, Stopping threads took: 0,0211019 seconds
2018-04-06T22:30:02.771+0200: 4,210: Total time for which application threads were stopped: 0,0001308 seconds, Stopping threads took: 0,0000198 seconds
2018-04-06T22:30:02.774+0200: 4,213: Total time for which application threads were stopped: 0,0005540 seconds, Stopping threads took: 0,0001377 seconds
2018-04-06T22:30:02.787+0200: 4,226: Total time for which application threads were stopped: 0,0065304 seconds, Stopping threads took: 0,0058772 seconds
2018-04-06T22:30:02.804+0200: 4,243: Total time for which application threads were stopped: 0,0105537 seconds, Stopping threads took: 0,0103957 seconds
2018-04-06T22:30:02.819+0200: 4,258: Total time for which application threads were stopped: 0,0001685 seconds, Stopping threads took: 0,0000291 seconds
2018-04-06T22:30:02.829+0200: 4,268: Total time for which application threads were stopped: 0,0001192 seconds, Stopping threads took: 0,0000390 seconds
2018-04-06T22:30:02.926+0200: 4,365: Total time for which application threads were stopped: 0,0009435 seconds, Stopping threads took: 0,0007584 seconds
2018-04-06T22:30:02.938+0200: 4,376: Total time for which application threads were stopped: 0,0043105 seconds, Stopping threads took: 0,0041823 seconds
2018-04-06T22:30:03.002+0200: 4,441: Total time for which application threads were stopped: 0,0035687 seconds, Stopping threads took: 0,0034516 seconds
2018-04-06T22:30:03.007+0200: 4,446: Total time for which application threads were stopped: 0,0044173 seconds, Stopping threads took: 0,0042930 seconds
2018-04-06T22:30:03.021+0200: 4,460: Total time for which application threads were stopped: 0,0005106 seconds, Stopping threads took: 0,0000562 seconds
2018-04-06T22:30:03.024+0200: 4,463: Total time for which application threads were stopped: 0,0004499 seconds, Stopping threads took: 0,0001547 seconds
2018-04-06T22:30:03.061+0200: 4,500: Total time for which application threads were stopped: 0,0007363 seconds, Stopping threads took: 0,0000856 seconds
2018-04-06T22:30:03.061+0200: 4,500: Total time for which application threads were stopped: 0,0002223 seconds, Stopping threads took: 0,0000331 seconds
2018-04-06T22:30:03.062+0200: 4,500: Total time for which application threads were stopped: 0,0000518 seconds, Stopping threads took: 0,0000127 seconds
2018-04-06T22:30:03.079+0200: 4,518: Total time for which application threads were stopped: 0,0002837 seconds, Stopping threads took: 0,0001625 seconds
2018-04-06T22:30:03.128+0200: 4,567: Total time for which application threads were stopped: 0,0003917 seconds, Stopping threads took: 0,0002900 seconds
2018-04-06T22:30:03.133+0200: 4,572: Total time for which application threads were stopped: 0,0029905 seconds, Stopping threads took: 0,0028695 seconds
2018-04-06T22:30:03.147+0200: 4,586: Total time for which application threads were stopped: 0,0033580 seconds, Stopping threads took: 0,0030858 seconds
2018-04-06T22:30:03.147+0200: 4,586: Total time for which application threads were stopped: 0,0001257 seconds, Stopping threads took: 0,0000194 seconds
2018-04-06T22:30:03.155+0200: 4,594: Total time for which application threads were stopped: 0,0010451 seconds, Stopping threads took: 0,0006978 seconds
2018-04-06T22:30:03.170+0200: 4,609: Total time for which application threads were stopped: 0,0006088 seconds, Stopping threads took: 0,0001096 seconds
2018-04-06T22:30:03.191+0200: 4,630: Total time for which application threads were stopped: 0,0112895 seconds, Stopping threads took: 0,0103913 seconds
2018-04-06T22:30:03.196+0200: 4,635: Total time for which application threads were stopped: 0,0001462 seconds, Stopping threads took: 0,0000349 seconds
2018-04-06T22:30:03.197+0200: 4,636: Total time for which application threads were stopped: 0,0001741 seconds, Stopping threads took: 0,0000533 seconds
2018-04-06T22:30:03.197+0200: 4,636: Total time for which application threads were stopped: 0,0000997 seconds, Stopping threads took: 0,0000191 seconds
2018-04-06T22:30:03.201+0200: 4,640: Total time for which application threads were stopped: 0,0016634 seconds, Stopping threads took: 0,0015510 seconds
2018-04-06T22:30:03.240+0200: 4,679: Total time for which application threads were stopped: 0,0001910 seconds, Stopping threads took: 0,0000633 seconds
2018-04-06T22:30:03.252+0200: 4,691: Total time for which application threads were stopped: 0,0001524 seconds, Stopping threads took: 0,0000647 seconds
2018-04-06T22:30:03.281+0200: 4,720: Total time for which application threads were stopped: 0,0022637 seconds, Stopping threads took: 0,0020873 seconds
2018-04-06T22:30:03.293+0200: 4,732: Total time for which application threads were stopped: 0,0041405 seconds, Stopping threads took: 0,0040233 seconds
2018-04-06T22:30:03.295+0200: 4,733: Total time for which application threads were stopped: 0,0005243 seconds, Stopping threads took: 0,0001687 seconds
2018-04-06T22:30:03.295+0200: 4,734: Total time for which application threads were stopped: 0,0004221 seconds, Stopping threads took: 0,0000800 seconds
2018-04-06T22:30:03.296+0200: 4,735: Total time for which application threads were stopped: 0,0002988 seconds, Stopping threads took: 0,0000911 seconds
2018-04-06T22:30:03.298+0200: 4,737: Total time for which application threads were stopped: 0,0009170 seconds, Stopping threads took: 0,0006658 seconds
2018-04-06T22:30:03.298+0200: 4,737: Total time for which application threads were stopped: 0,0000749 seconds, Stopping threads took: 0,0000123 seconds
2018-04-06T22:30:03.305+0200: 4,744: Total time for which application threads were stopped: 0,0013950 seconds, Stopping threads took: 0,0008122 seconds
2018-04-06T22:30:03.309+0200: 4,748: Total time for which application threads were stopped: 0,0009528 seconds, Stopping threads took: 0,0001946 seconds
2018-04-06T22:30:03.311+0200: 4,750: Total time for which application threads were stopped: 0,0012877 seconds, Stopping threads took: 0,0000952 seconds
2018-04-06T22:30:03.323+0200: 4,762: Total time for which application threads were stopped: 0,0038106 seconds, Stopping threads took: 0,0016001 seconds
2018-04-06T22:30:03.330+0200: 4,769: Total time for which application threads were stopped: 0,0001971 seconds, Stopping threads took: 0,0000644 seconds
2018-04-06T22:30:03.346+0200: 4,785: Total time for which application threads were stopped: 0,0009957 seconds, Stopping threads took: 0,0006765 seconds
2018-04-06T22:30:03.349+0200: 4,788: Total time for which application threads were stopped: 0,0002251 seconds, Stopping threads took: 0,0000672 seconds
2018-04-06T22:30:03.354+0200: 4,793: Total time for which application threads were stopped: 0,0030697 seconds, Stopping threads took: 0,0025819 seconds
2018-04-06T22:30:03.362+0200: 4,801: Total time for which application threads were stopped: 0,0016748 seconds, Stopping threads took: 0,0009055 seconds
2018-04-06T22:30:03.363+0200: 4,802: Total time for which application threads were stopped: 0,0001893 seconds, Stopping threads took: 0,0001155 seconds
2018-04-06T22:30:03.363+0200: 4,802: Total time for which application threads were stopped: 0,0000896 seconds, Stopping threads took: 0,0000292 seconds
2018-04-06T22:30:03.364+0200: 4,802: Total time for which application threads were stopped: 0,0000642 seconds, Stopping threads took: 0,0000136 seconds
2018-04-06T22:30:03.364+0200: 4,803: Total time for which application threads were stopped: 0,0003164 seconds, Stopping threads took: 0,0000124 seconds
2018-04-06T22:30:03.392+0200: 4,830: Total time for which application threads were stopped: 0,0004397 seconds, Stopping threads took: 0,0003467 seconds
2018-04-06T22:30:03.393+0200: 4,832: Total time for which application threads were stopped: 0,0001475 seconds, Stopping threads took: 0,0000531 seconds
2018-04-06T22:30:03.395+0200: 4,834: Total time for which application threads were stopped: 0,0001798 seconds, Stopping threads took: 0,0000920 seconds
2018-04-06T22:30:03.396+0200: 4,835: Total time for which application threads were stopped: 0,0001303 seconds, Stopping threads took: 0,0000393 seconds
2018-04-06T22:30:03.398+0200: 4,837: Total time for which application threads were stopped: 0,0001360 seconds, Stopping threads took: 0,0000537 seconds
2018-04-06T22:30:03.451+0200: 4,890: Total time for which application threads were stopped: 0,0014793 seconds, Stopping threads took: 0,0012855 seconds
2018-04-06T22:30:03.456+0200: 4,895: Total time for which application threads were stopped: 0,0006863 seconds, Stopping threads took: 0,0005162 seconds
2018-04-06T22:30:03.458+0200: 4,897: Total time for which application threads were stopped: 0,0001333 seconds, Stopping threads took: 0,0000229 seconds
2018-04-06T22:30:03.463+0200: 4,902: Total time for which application threads were stopped: 0,0012630 seconds, Stopping threads took: 0,0010835 seconds
2018-04-06T22:30:03.472+0200: 4,911: Total time for which application threads were stopped: 0,0002159 seconds, Stopping threads took: 0,0001045 seconds
2018-04-06T22:30:03.474+0200: 4,913: Total time for which application threads were stopped: 0,0003229 seconds, Stopping threads took: 0,0001749 seconds
2018-04-06T22:30:03.502+0200: 4,941: Total time for which application threads were stopped: 0,0011717 seconds, Stopping threads took: 0,0005985 seconds
{Heap before GC invocations=7 (full 1):
 par new generation   total 109248K, used 102390K [0x00000000e0000000, 0x00000000e8000000, 0x00000000e8000000)
  eden space 87424K, 100% used [0x00000000e0000000, 0x00000000e5560000, 0x00000000e5560000)
  from space 21824K,  68% used [0x00000000e6ab0000, 0x00000000e794da20, 0x00000000e8000000)
  to   space 21824K,   0% used [0x00000000e5560000, 0x00000000e5560000, 0x00000000e6ab0000)
 concurrent mark-sweep generation total 393216K, used 0K [0x00000000e8000000, 0x0000000100000000, 0x0000000100000000)
 Metaspace       used 27913K, capacity 28492K, committed 28796K, reserved 1075200K
  class space    used 3224K, capacity 3421K, committed 3452K, reserved 1048576K
2018-04-06T22:30:03.719+0200: 5,157: [GC (Allocation Failure) 2018-04-06T22:30:03.719+0200: 5,158: [ParNew
Desired survivor size 20112992 bytes, new threshold 8 (max 8)
- age   1:   12329104 bytes,   12329104 total
- age   2:    2016040 bytes,   14345144 total
- age   3:     105520 bytes,   14450664 total
- age   5:     154968 bytes,   14605632 total
- age   6:     283864 bytes,   14889496 total
- age   7:    1412592 bytes,   16302088 total
- age   8:    5344160 bytes,   21646248 total
: 102390K->21824K(109248K), 0,0595880 secs] 102390K->24218K(502464K), 0,0598963 secs] [Times: user=0,16 sys=0,00, real=0,06 secs] 
Heap after GC invocations=8 (full 1):
 par new generation   total 109248K, used 21824K [0x00000000e0000000, 0x00000000e8000000, 0x00000000e8000000)
  eden space 87424K,   0% used [0x00000000e0000000, 0x00000000e0000000, 0x00000000e5560000)
  from space 21824K, 100% used [0x00000000e5560000, 0x00000000e6ab0000, 0x00000000e6ab0000)
  to   space 21824K,   0% used [0x00000000e6ab0000, 0x00000000e6ab0000, 0x00000000e8000000)
 concurrent mark-sweep generation total 393216K, used 2394K [0x00000000e8000000, 0x0000000100000000, 0x0000000100000000)
 Metaspace       used 27913K, capacity 28492K, committed 28796K, reserved 1075200K
  class space    used 3224K, capacity 3421K, committed 3452K, reserved 1048576K
}
2018-04-06T22:30:03.779+0200: 5,217: Total time for which application threads were stopped: 0,0725219 seconds, Stopping threads took: 0,0113440 seconds
2018-04-06T22:30:03.793+0200: 5,232: Total time for which application threads were stopped: 0,0039179 seconds, Stopping threads took: 0,0038107 seconds
2018-04-06T22:30:03.793+0200: 5,232: Total time for which application threads were stopped: 0,0000639 seconds, Stopping threads took: 0,0000238 seconds
2018-04-06T22:30:03.794+0200: 5,232: Total time for which application threads were stopped: 0,0000925 seconds, Stopping threads took: 0,0000434 seconds
{Heap before GC invocations=8 (full 1):
 par new generation   total 109248K, used 109248K [0x00000000e0000000, 0x00000000e8000000, 0x00000000e8000000)
  eden space 87424K, 100% used [0x00000000e0000000, 0x00000000e5560000, 0x00000000e5560000)
  from space 21824K, 100% used [0x00000000e5560000, 0x00000000e6ab0000, 0x00000000e6ab0000)
  to   space 21824K,   0% used [0x00000000e6ab0000, 0x00000000e6ab0000, 0x00000000e8000000)
 concurrent mark-sweep generation total 393216K, used 2394K [0x00000000e8000000, 0x0000000100000000, 0x0000000100000000)
 Metaspace       used 27956K, capacity 28520K, committed 28796K, reserved 1075200K
  class space    used 3227K, capacity 3426K, committed 3452K, reserved 1048576K
2018-04-06T22:30:03.919+0200: 5,357: [GC (Allocation Failure) 2018-04-06T22:30:03.919+0200: 5,358: [ParNew
Desired survivor size 20112992 bytes, new threshold 8 (max 8)
- age   1:     750016 bytes,     750016 total
- age   2:   10901512 bytes,   11651528 total
- age   3:    2012032 bytes,   13663560 total
- age   4:     105520 bytes,   13769080 total
- age   6:     154760 bytes,   13923840 total
- age   7:     283744 bytes,   14207584 total
- age   8:    1411600 bytes,   15619184 total
: 109248K->21824K(109248K), 0,0764171 secs] 111642K->30673K(502464K), 0,0767734 secs] [Times: user=0,16 sys=0,00, real=0,08 secs] 
Heap after GC invocations=9 (full 1):
 par new generation   total 109248K, used 21824K [0x00000000e0000000, 0x00000000e8000000, 0x00000000e8000000)
  eden space 87424K,   0% used [0x00000000e0000000, 0x00000000e0000000, 0x00000000e5560000)
  from space 21824K, 100% used [0x00000000e6ab0000, 0x00000000e8000000, 0x00000000e8000000)
  to   space 21824K,   0% used [0x00000000e5560000, 0x00000000e5560000, 0x00000000e6ab0000)
 concurrent mark-sweep generation total 393216K, used 8849K [0x00000000e8000000, 0x0000000100000000, 0x0000000100000000)
 Metaspace       used 27956K, capacity 28520K, committed 28796K, reserved 1075200K
  class space    used 3227K, capacity 3426K, committed 3452K, reserved 1048576K
}
2018-04-06T22:30:03.995+0200: 5,434: Total time for which application threads were stopped: 0,0791397 seconds, Stopping threads took: 0,0015071 seconds
{Heap before GC invocations=9 (full 1):
 par new generation   total 109248K, used 109248K [0x00000000e0000000, 0x00000000e8000000, 0x00000000e8000000)
  eden space 87424K, 100% used [0x00000000e0000000, 0x00000000e5560000, 0x00000000e5560000)
  from space 21824K, 100% used [0x00000000e6ab0000, 0x00000000e8000000, 0x00000000e8000000)
  to   space 21824K,   0% used [0x00000000e5560000, 0x00000000e5560000, 0x00000000e6ab0000)
 concurrent mark-sweep generation total 393216K, used 8849K [0x00000000e8000000, 0x0000000100000000, 0x0000000100000000)
 Metaspace       used 28054K, capacity 28658K, committed 28796K, reserved 1075200K
  class space    used 3228K, capacity 3428K, committed 3452K, reserved 1048576K
2018-04-06T22:30:04.273+0200: 5,712: [GC (Allocation Failure) 2018-04-06T22:30:04.273+0200: 5,712: [ParNew
Desired survivor size 20112992 bytes, new threshold 8 (max 8)
- age   1:     921080 bytes,     921080 total
- age   2:      98424 bytes,    1019504 total
- age   3:   10901456 bytes,   11920960 total
- age   4:    2012032 bytes,   13932992 total
- age   5:     105520 bytes,   14038512 total
- age   7:     154760 bytes,   14193272 total
- age   8:     283744 bytes,   14477016 total
: 109248K->17719K(109248K), 0,1044353 secs] 118097K->27961K(502464K), 0,1045567 secs] [Times: user=0,17 sys=0,00, real=0,10 secs] 
Heap after GC invocations=10 (full 1):
 par new generation   total 109248K, used 17719K [0x00000000e0000000, 0x00000000e8000000, 0x00000000e8000000)
  eden space 87424K,   0% used [0x00000000e0000000, 0x00000000e0000000, 0x00000000e5560000)
  from space 21824K,  81% used [0x00000000e5560000, 0x00000000e66ade50, 0x00000000e6ab0000)
  to   space 21824K,   0% used [0x00000000e6ab0000, 0x00000000e6ab0000, 0x00000000e8000000)
 concurrent mark-sweep generation total 393216K, used 10241K [0x00000000e8000000, 0x0000000100000000, 0x0000000100000000)
 Metaspace       used 28054K, capacity 28658K, committed 28796K, reserved 1075200K
  class space    used 3228K, capacity 3428K, committed 3452K, reserved 1048576K
}
2018-04-06T22:30:04.378+0200: 5,816: Total time for which application threads were stopped: 0,1050323 seconds, Stopping threads took: 0,0002456 seconds
2018-04-06T22:30:04.479+0200: 5,918: Total time for which application threads were stopped: 0,0179571 seconds, Stopping threads took: 0,0177876 seconds
2018-04-06T22:30:04.515+0200: 5,953: Total time for which application threads were stopped: 0,0010195 seconds, Stopping threads took: 0,0008690 seconds
2018-04-06T22:30:04.590+0200: 6,028: Total time for which application threads were stopped: 0,0002020 seconds, Stopping threads took: 0,0000771 seconds
2018-04-06T22:30:04.600+0200: 6,039: Total time for which application threads were stopped: 0,0017387 seconds, Stopping threads took: 0,0016093 seconds
2018-04-06T22:30:04.621+0200: 6,060: Total time for which application threads were stopped: 0,0002125 seconds, Stopping threads took: 0,0000644 seconds
2018-04-06T22:30:04.622+0200: 6,061: Total time for which application threads were stopped: 0,0008982 seconds, Stopping threads took: 0,0007713 seconds
2018-04-06T22:30:04.624+0200: 6,063: Total time for which application threads were stopped: 0,0001815 seconds, Stopping threads took: 0,0000657 seconds
2018-04-06T22:30:04.630+0200: 6,069: Total time for which application threads were stopped: 0,0007549 seconds, Stopping threads took: 0,0003158 seconds
2018-04-06T22:30:04.651+0200: 6,090: Total time for which application threads were stopped: 0,0055549 seconds, Stopping threads took: 0,0054573 seconds
2018-04-06T22:30:04.652+0200: 6,091: Total time for which application threads were stopped: 0,0000972 seconds, Stopping threads took: 0,0000291 seconds
2018-04-06T22:30:04.740+0200: 6,179: Total time for which application threads were stopped: 0,0095214 seconds, Stopping threads took: 0,0080818 seconds
2018-04-06T22:30:04.740+0200: 6,179: Total time for which application threads were stopped: 0,0001377 seconds, Stopping threads took: 0,0000202 seconds
2018-04-06T22:30:05.741+0200: 7,180: Total time for which application threads were stopped: 0,0005005 seconds, Stopping threads took: 0,0001301 seconds
2018-04-06T22:30:06.815+0200: 8,254: Total time for which application threads were stopped: 0,0004727 seconds, Stopping threads took: 0,0000479 seconds
2018-04-06T22:30:06.836+0200: 8,275: Total time for which application threads were stopped: 0,0000888 seconds, Stopping threads took: 0,0000193 seconds
2018-04-06T22:30:06.836+0200: 8,275: Total time for which application threads were stopped: 0,0000477 seconds, Stopping threads took: 0,0000222 seconds
2018-04-06T22:30:06.853+0200: 8,292: Total time for which application threads were stopped: 0,0000629 seconds, Stopping threads took: 0,0000166 seconds
2018-04-06T22:30:07.057+0200: 8,496: Total time for which application threads were stopped: 0,0002955 seconds, Stopping threads took: 0,0000218 seconds
2018-04-06T22:30:07.161+0200: 8,599: Total time for which application threads were stopped: 0,0001227 seconds, Stopping threads took: 0,0000357 seconds
2018-04-06T22:30:07.162+0200: 8,601: Total time for which application threads were stopped: 0,0001105 seconds, Stopping threads took: 0,0000330 seconds
2018-04-06T22:30:07.204+0200: 8,643: Total time for which application threads were stopped: 0,0001133 seconds, Stopping threads took: 0,0000292 seconds
2018-04-06T22:30:07.208+0200: 8,647: Total time for which application threads were stopped: 0,0014905 seconds, Stopping threads took: 0,0001895 seconds
2018-04-06T22:30:08.211+0200: 9,650: Total time for which application threads were stopped: 0,0001722 seconds, Stopping threads took: 0,0000240 seconds
2018-04-06T22:30:09.212+0200: 10,651: Total time for which application threads were stopped: 0,0005190 seconds, Stopping threads took: 0,0001521 seconds
2018-04-06T22:30:10.213+0200: 11,652: Total time for which application threads were stopped: 0,0009992 seconds, Stopping threads took: 0,0002491 seconds
2018-04-06T22:30:11.213+0200: 12,652: Total time for which application threads were stopped: 0,0001597 seconds, Stopping threads took: 0,0000249 seconds
{Heap before GC invocations=10 (full 1):
 par new generation   total 109248K, used 105143K [0x00000000e0000000, 0x00000000e8000000, 0x00000000e8000000)
  eden space 87424K, 100% used [0x00000000e0000000, 0x00000000e5560000, 0x00000000e5560000)
  from space 21824K,  81% used [0x00000000e5560000, 0x00000000e66ade50, 0x00000000e6ab0000)
  to   space 21824K,   0% used [0x00000000e6ab0000, 0x00000000e6ab0000, 0x00000000e8000000)
 concurrent mark-sweep generation total 393216K, used 10241K [0x00000000e8000000, 0x0000000100000000, 0x0000000100000000)
 Metaspace       used 30126K, capacity 30866K, committed 31100K, reserved 1077248K
  class space    used 3421K, capacity 3669K, committed 3708K, reserved 1048576K
2018-04-06T22:30:11.393+0200: 12,831: [GC (Allocation Failure) 2018-04-06T22:30:11.393+0200: 12,832: [ParNew
Desired survivor size 20112992 bytes, new threshold 5 (max 8)
- age   1:    7974504 bytes,    7974504 total
- age   2:     815360 bytes,    8789864 total
- age   3:      96568 bytes,    8886432 total
- age   4:   10648408 bytes,   19534840 total
- age   5:    2005088 bytes,   21539928 total
- age   6:     105392 bytes,   21645320 total
- age   8:     154632 bytes,   21799952 total
: 105143K->21824K(109248K), 0,1108914 secs] 115385K->32830K(502464K), 0,1109847 secs] [Times: user=0,11 sys=0,00, real=0,11 secs] 
Heap after GC invocations=11 (full 1):
 par new generation   total 109248K, used 21824K [0x00000000e0000000, 0x00000000e8000000, 0x00000000e8000000)
  eden space 87424K,   0% used [0x00000000e0000000, 0x00000000e0000000, 0x00000000e5560000)
  from space 21824K, 100% used [0x00000000e6ab0000, 0x00000000e8000000, 0x00000000e8000000)
  to   space 21824K,   0% used [0x00000000e5560000, 0x00000000e5560000, 0x00000000e6ab0000)
 concurrent mark-sweep generation total 393216K, used 11006K [0x00000000e8000000, 0x0000000100000000, 0x0000000100000000)
 Metaspace       used 30126K, capacity 30866K, committed 31100K, reserved 1077248K
  class space    used 3421K, capacity 3669K, committed 3708K, reserved 1048576K
}
2018-04-06T22:30:11.504+0200: 12,943: Total time for which application threads were stopped: 0,1112180 seconds, Stopping threads took: 0,0000429 seconds
2018-04-06T22:30:11.505+0200: 12,944: Total time for which application threads were stopped: 0,0002066 seconds, Stopping threads took: 0,0000719 seconds
2018-04-06T22:30:11.509+0200: 12,948: Total time for which application threads were stopped: 0,0008327 seconds, Stopping threads took: 0,0001703 seconds
2018-04-06T22:30:12.510+0200: 13,949: Total time for which application threads were stopped: 0,0006126 seconds, Stopping threads took: 0,0001442 seconds
2018-04-06T22:30:15.512+0200: 16,951: Total time for which application threads were stopped: 0,0010499 seconds, Stopping threads took: 0,0001890 seconds
2018-04-06T22:30:16.514+0200: 17,953: Total time for which application threads were stopped: 0,0015300 seconds, Stopping threads took: 0,0013968 seconds
2018-04-06T22:30:17.515+0200: 18,954: Total time for which application threads were stopped: 0,0001461 seconds, Stopping threads took: 0,0000514 seconds
2018-04-06T22:30:18.517+0200: 19,956: Total time for which application threads were stopped: 0,0006725 seconds, Stopping threads took: 0,0001640 seconds
2018-04-06T22:30:19.519+0200: 20,958: Total time for which application threads were stopped: 0,0022312 seconds, Stopping threads took: 0,0001582 seconds
{Heap before GC invocations=11 (full 1):
 par new generation   total 109248K, used 109248K [0x00000000e0000000, 0x00000000e8000000, 0x00000000e8000000)
  eden space 87424K, 100% used [0x00000000e0000000, 0x00000000e5560000, 0x00000000e5560000)
  from space 21824K, 100% used [0x00000000e6ab0000, 0x00000000e8000000, 0x00000000e8000000)
  to   space 21824K,   0% used [0x00000000e5560000, 0x00000000e5560000, 0x00000000e6ab0000)
 concurrent mark-sweep generation total 393216K, used 11006K [0x00000000e8000000, 0x0000000100000000, 0x0000000100000000)
 Metaspace       used 30595K, capacity 31314K, committed 31612K, reserved 1077248K
  class space    used 3422K, capacity 3669K, committed 3708K, reserved 1048576K
2018-04-06T22:30:19.651+0200: 21,089: [GC (Allocation Failure) 2018-04-06T22:30:19.651+0200: 21,090: [ParNew
Desired survivor size 20112992 bytes, new threshold 8 (max 8)
- age   1:     164416 bytes,     164416 total
- age   2:    7240976 bytes,    7405392 total
- age   3:     815360 bytes,    8220752 total
- age   4:      96568 bytes,    8317320 total
- age   5:   10648408 bytes,   18965728 total
: 109248K->21824K(109248K), 0,1129228 secs] 120254K->35129K(502464K), 0,1130502 secs] [Times: user=0,10 sys=0,01, real=0,11 secs] 
Heap after GC invocations=12 (full 1):
 par new generation   total 109248K, used 21824K [0x00000000e0000000, 0x00000000e8000000, 0x00000000e8000000)
  eden space 87424K,   0% used [0x00000000e0000000, 0x00000000e0000000, 0x00000000e5560000)
  from space 21824K, 100% used [0x00000000e5560000, 0x00000000e6ab0000, 0x00000000e6ab0000)
  to   space 21824K,   0% used [0x00000000e6ab0000, 0x00000000e6ab0000, 0x00000000e8000000)
 concurrent mark-sweep generation total 393216K, used 13305K [0x00000000e8000000, 0x0000000100000000, 0x0000000100000000)
 Metaspace       used 30595K, capacity 31314K, committed 31612K, reserved 1077248K
  class space    used 3422K, capacity 3669K, committed 3708K, reserved 1048576K
}
2018-04-06T22:30:19.764+0200: 21,203: Total time for which application threads were stopped: 0,1133647 seconds, Stopping threads took: 0,0000230 seconds
2018-04-06T22:30:20.764+0200: 22,203: Total time for which application threads were stopped: 0,0001565 seconds, Stopping threads took: 0,0000309 seconds
2018-04-06T22:30:21.765+0200: 23,204: Total time for which application threads were stopped: 0,0001843 seconds, Stopping threads took: 0,0000352 seconds
2018-04-06T22:30:22.766+0200: 24,204: Total time for which application threads were stopped: 0,0006734 seconds, Stopping threads took: 0,0001676 seconds
{Heap before GC invocations=12 (full 1):
 par new generation   total 109248K, used 109248K [0x00000000e0000000, 0x00000000e8000000, 0x00000000e8000000)
  eden space 87424K, 100% used [0x00000000e0000000, 0x00000000e5560000, 0x00000000e5560000)
  from space 21824K, 100% used [0x00000000e5560000, 0x00000000e6ab0000, 0x00000000e6ab0000)
  to   space 21824K,   0% used [0x00000000e6ab0000, 0x00000000e6ab0000, 0x00000000e8000000)
 concurrent mark-sweep generation total 393216K, used 13305K [0x00000000e8000000, 0x0000000100000000, 0x0000000100000000)
 Metaspace       used 30698K, capacity 31442K, committed 31612K, reserved 1077248K
  class space    used 3422K, capacity 3669K, committed 3708K, reserved 1048576K
2018-04-06T22:30:23.272+0200: 24,711: [GC (Allocation Failure) 2018-04-06T22:30:23.273+0200: 24,711: [ParNew
Desired survivor size 20112992 bytes, new threshold 8 (max 8)
- age   1:      63696 bytes,      63696 total
- age   2:      54968 bytes,     118664 total
- age   3:    6722712 bytes,    6841376 total
- age   4:     178968 bytes,    7020344 total
- age   5:      47016 bytes,    7067360 total
- age   6:   10365760 bytes,   17433120 total
: 109248K->21824K(109248K), 0,0253072 secs] 122553K->36655K(502464K), 0,0254246 secs] [Times: user=0,07 sys=0,00, real=0,02 secs] 
Heap after GC invocations=13 (full 1):
 par new generation   total 109248K, used 21824K [0x00000000e0000000, 0x00000000e8000000, 0x00000000e8000000)
  eden space 87424K,   0% used [0x00000000e0000000, 0x00000000e0000000, 0x00000000e5560000)
  from space 21824K, 100% used [0x00000000e6ab0000, 0x00000000e8000000, 0x00000000e8000000)
  to   space 21824K,   0% used [0x00000000e5560000, 0x00000000e5560000, 0x00000000e6ab0000)
 concurrent mark-sweep generation total 393216K, used 14831K [0x00000000e8000000, 0x0000000100000000, 0x0000000100000000)
 Metaspace       used 30698K, capacity 31442K, committed 31612K, reserved 1077248K
  class space    used 3422K, capacity 3669K, committed 3708K, reserved 1048576K
}
2018-04-06T22:30:23.298+0200: 24,737: Total time for which application threads were stopped: 0,0257072 seconds, Stopping threads took: 0,0000356 seconds
2018-04-06T22:30:24.298+0200: 25,737: Total time for which application threads were stopped: 0,0001518 seconds, Stopping threads took: 0,0000375 seconds
2018-04-06T22:30:25.299+0200: 26,738: Total time for which application threads were stopped: 0,0008292 seconds, Stopping threads took: 0,0002061 seconds
2018-04-06T22:30:26.300+0200: 27,739: Total time for which application threads were stopped: 0,0003468 seconds, Stopping threads took: 0,0000907 seconds
2018-04-06T22:30:28.300+0200: 29,739: Total time for which application threads were stopped: 0,0001360 seconds, Stopping threads took: 0,0000310 seconds
2018-04-06T22:30:28.325+0200: 29,764: Total time for which application threads were stopped: 0,0007177 seconds, Stopping threads took: 0,0000233 seconds
{Heap before GC invocations=13 (full 1):
 par new generation   total 109248K, used 109248K [0x00000000e0000000, 0x00000000e8000000, 0x00000000e8000000)
  eden space 87424K, 100% used [0x00000000e0000000, 0x00000000e5560000, 0x00000000e5560000)
  from space 21824K, 100% used [0x00000000e6ab0000, 0x00000000e8000000, 0x00000000e8000000)
  to   space 21824K,   0% used [0x00000000e5560000, 0x00000000e5560000, 0x00000000e6ab0000)
 concurrent mark-sweep generation total 393216K, used 14831K [0x00000000e8000000, 0x0000000100000000, 0x0000000100000000)
 Metaspace       used 30759K, capacity 31508K, committed 31868K, reserved 1077248K
  class space    used 3426K, capacity 3670K, committed 3708K, reserved 1048576K
2018-04-06T22:30:28.327+0200: 29,766: [GC (Allocation Failure) 2018-04-06T22:30:28.327+0200: 29,766: [ParNew
Desired survivor size 20112992 bytes, new threshold 8 (max 8)
- age   1:     140576 bytes,     140576 total
- age   2:      52968 bytes,     193544 total
- age   3:      45968 bytes,     239512 total
- age   4:    6715304 bytes,    6954816 total
- age   5:     178968 bytes,    7133784 total
- age   6:      47016 bytes,    7180800 total
- age   7:   10365736 bytes,   17546536 total
: 109248K->21559K(109248K), 0,0404951 secs] 124079K->36390K(502464K), 0,0408093 secs] [Times: user=0,07 sys=0,00, real=0,04 secs] 
Heap after GC invocations=14 (full 1):
 par new generation   total 109248K, used 21559K [0x00000000e0000000, 0x00000000e8000000, 0x00000000e8000000)
  eden space 87424K,   0% used [0x00000000e0000000, 0x00000000e0000000, 0x00000000e5560000)
  from space 21824K,  98% used [0x00000000e5560000, 0x00000000e6a6ddf8, 0x00000000e6ab0000)
  to   space 21824K,   0% used [0x00000000e6ab0000, 0x00000000e6ab0000, 0x00000000e8000000)
 concurrent mark-sweep generation total 393216K, used 14831K [0x00000000e8000000, 0x0000000100000000, 0x0000000100000000)
 Metaspace       used 30759K, capacity 31508K, committed 31868K, reserved 1077248K
  class space    used 3426K, capacity 3670K, committed 3708K, reserved 1048576K
}
2018-04-06T22:30:28.368+0200: 29,807: Total time for which application threads were stopped: 0,0413446 seconds, Stopping threads took: 0,0000311 seconds
2018-04-06T22:30:28.383+0200: 29,822: Total time for which application threads were stopped: 0,0027476 seconds, Stopping threads took: 0,0021427 seconds
2018-04-06T22:30:28.390+0200: 29,829: Total time for which application threads were stopped: 0,0021900 seconds, Stopping threads took: 0,0018105 seconds
2018-04-06T22:30:28.393+0200: 29,832: Total time for which application threads were stopped: 0,0025185 seconds, Stopping threads took: 0,0024500 seconds
2018-04-06T22:30:28.397+0200: 29,836: Total time for which application threads were stopped: 0,0001438 seconds, Stopping threads took: 0,0000629 seconds
2018-04-06T22:30:28.398+0200: 29,836: Total time for which application threads were stopped: 0,0001229 seconds, Stopping threads took: 0,0000414 seconds
2018-04-06T22:30:28.398+0200: 29,837: Total time for which application threads were stopped: 0,0000810 seconds, Stopping threads took: 0,0000494 seconds
2018-04-06T22:30:28.398+0200: 29,837: Total time for which application threads were stopped: 0,0000875 seconds, Stopping threads took: 0,0000423 seconds
2018-04-06T22:30:28.399+0200: 29,837: Total time for which application threads were stopped: 0,0000891 seconds, Stopping threads took: 0,0000397 seconds
2018-04-06T22:30:28.399+0200: 29,838: Total time for which application threads were stopped: 0,0000560 seconds, Stopping threads took: 0,0000144 seconds
2018-04-06T22:30:28.399+0200: 29,838: Total time for which application threads were stopped: 0,0000562 seconds, Stopping threads took: 0,0000192 seconds
2018-04-06T22:30:28.399+0200: 29,838: Total time for which application threads were stopped: 0,0000415 seconds, Stopping threads took: 0,0000115 seconds
2018-04-06T22:30:28.399+0200: 29,838: Total time for which application threads were stopped: 0,0000383 seconds, Stopping threads took: 0,0000116 seconds
2018-04-06T22:30:28.399+0200: 29,838: Total time for which application threads were stopped: 0,0000547 seconds, Stopping threads took: 0,0000215 seconds
2018-04-06T22:30:28.399+0200: 29,838: Total time for which application threads were stopped: 0,0000540 seconds, Stopping threads took: 0,0000242 seconds
2018-04-06T22:30:28.399+0200: 29,838: Total time for which application threads were stopped: 0,0000559 seconds, Stopping threads took: 0,0000163 seconds
2018-04-06T22:30:28.399+0200: 29,838: Total time for which application threads were stopped: 0,0000732 seconds, Stopping threads took: 0,0000370 seconds
2018-04-06T22:30:28.400+0200: 29,838: Total time for which application threads were stopped: 0,0000479 seconds, Stopping threads took: 0,0000132 seconds
2018-04-06T22:30:28.400+0200: 29,839: Total time for which application threads were stopped: 0,0000546 seconds, Stopping threads took: 0,0000228 seconds
2018-04-06T22:30:28.401+0200: 29,840: Total time for which application threads were stopped: 0,0000913 seconds, Stopping threads took: 0,0000196 seconds
2018-04-06T22:30:28.401+0200: 29,840: Total time for which application threads were stopped: 0,0000761 seconds, Stopping threads took: 0,0000358 seconds
2018-04-06T22:30:28.401+0200: 29,840: Total time for which application threads were stopped: 0,0001048 seconds, Stopping threads took: 0,0000533 seconds
2018-04-06T22:30:28.403+0200: 29,842: Total time for which application threads were stopped: 0,0002002 seconds, Stopping threads took: 0,0001089 seconds
2018-04-06T22:30:28.403+0200: 29,842: Total time for which application threads were stopped: 0,0000747 seconds, Stopping threads took: 0,0000369 seconds
2018-04-06T22:30:28.403+0200: 29,842: Total time for which application threads were stopped: 0,0001059 seconds, Stopping threads took: 0,0000756 seconds
2018-04-06T22:30:28.403+0200: 29,842: Total time for which application threads were stopped: 0,0000712 seconds, Stopping threads took: 0,0000309 seconds
2018-04-06T22:30:28.403+0200: 29,842: Total time for which application threads were stopped: 0,0000646 seconds, Stopping threads took: 0,0000304 seconds
2018-04-06T22:30:28.404+0200: 29,842: Total time for which application threads were stopped: 0,0001087 seconds, Stopping threads took: 0,0000508 seconds
2018-04-06T22:30:28.404+0200: 29,843: Total time for which application threads were stopped: 0,0002852 seconds, Stopping threads took: 0,0002213 seconds
2018-04-06T22:30:28.404+0200: 29,843: Total time for which application threads were stopped: 0,0000747 seconds, Stopping threads took: 0,0000252 seconds
2018-04-06T22:30:28.405+0200: 29,843: Total time for which application threads were stopped: 0,0001507 seconds, Stopping threads took: 0,0000663 seconds
2018-04-06T22:30:28.405+0200: 29,844: Total time for which application threads were stopped: 0,0000704 seconds, Stopping threads took: 0,0000252 seconds
2018-04-06T22:30:28.405+0200: 29,844: Total time for which application threads were stopped: 0,0000451 seconds, Stopping threads took: 0,0000174 seconds
2018-04-06T22:30:28.405+0200: 29,844: Total time for which application threads were stopped: 0,0000410 seconds, Stopping threads took: 0,0000144 seconds
2018-04-06T22:30:28.405+0200: 29,844: Total time for which application threads were stopped: 0,0000473 seconds, Stopping threads took: 0,0000207 seconds
2018-04-06T22:30:28.405+0200: 29,844: Total time for which application threads were stopped: 0,0000327 seconds, Stopping threads took: 0,0000081 seconds
2018-04-06T22:30:28.405+0200: 29,844: Total time for which application threads were stopped: 0,0000606 seconds, Stopping threads took: 0,0000103 seconds
2018-04-06T22:30:28.414+0200: 29,853: Total time for which application threads were stopped: 0,0004953 seconds, Stopping threads took: 0,0003006 seconds
2018-04-06T22:30:28.414+0200: 29,853: Total time for which application threads were stopped: 0,0001791 seconds, Stopping threads took: 0,0000471 seconds
2018-04-06T22:30:28.414+0200: 29,853: Total time for which application threads were stopped: 0,0001374 seconds, Stopping threads took: 0,0000264 seconds
2018-04-06T22:30:28.416+0200: 29,855: Total time for which application threads were stopped: 0,0013359 seconds, Stopping threads took: 0,0011237 seconds
2018-04-06T22:30:28.418+0200: 29,856: Total time for which application threads were stopped: 0,0014226 seconds, Stopping threads took: 0,0011701 seconds
2018-04-06T22:30:28.420+0200: 29,858: Total time for which application threads were stopped: 0,0002076 seconds, Stopping threads took: 0,0000659 seconds
2018-04-06T22:30:28.420+0200: 29,859: Total time for which application threads were stopped: 0,0001214 seconds, Stopping threads took: 0,0000207 seconds
2018-04-06T22:30:28.429+0200: 29,868: Total time for which application threads were stopped: 0,0002057 seconds, Stopping threads took: 0,0000966 seconds
2018-04-06T22:30:28.430+0200: 29,868: Total time for which application threads were stopped: 0,0000688 seconds, Stopping threads took: 0,0000376 seconds
2018-04-06T22:30:28.430+0200: 29,869: Total time for which application threads were stopped: 0,0000590 seconds, Stopping threads took: 0,0000295 seconds
2018-04-06T22:30:28.430+0200: 29,869: Total time for which application threads were stopped: 0,0000638 seconds, Stopping threads took: 0,0000281 seconds
2018-04-06T22:30:28.430+0200: 29,869: Total time for which application threads were stopped: 0,0000618 seconds, Stopping threads took: 0,0000338 seconds
2018-04-06T22:30:28.430+0200: 29,869: Total time for which application threads were stopped: 0,0000582 seconds, Stopping threads took: 0,0000312 seconds
2018-04-06T22:30:28.430+0200: 29,869: Total time for which application threads were stopped: 0,0001080 seconds, Stopping threads took: 0,0000746 seconds
2018-04-06T22:30:28.431+0200: 29,870: Total time for which application threads were stopped: 0,0000958 seconds, Stopping threads took: 0,0000350 seconds
2018-04-06T22:30:28.432+0200: 29,871: Total time for which application threads were stopped: 0,0002009 seconds, Stopping threads took: 0,0000355 seconds
2018-04-06T22:30:28.433+0200: 29,872: Total time for which application threads were stopped: 0,0005753 seconds, Stopping threads took: 0,0005216 seconds
2018-04-06T22:30:28.437+0200: 29,876: Total time for which application threads were stopped: 0,0005107 seconds, Stopping threads took: 0,0003857 seconds
2018-04-06T22:30:28.438+0200: 29,876: Total time for which application threads were stopped: 0,0001117 seconds, Stopping threads took: 0,0000493 seconds
2018-04-06T22:30:28.439+0200: 29,878: Total time for which application threads were stopped: 0,0001432 seconds, Stopping threads took: 0,0000567 seconds
2018-04-06T22:30:28.440+0200: 29,879: Total time for which application threads were stopped: 0,0002149 seconds, Stopping threads took: 0,0000461 seconds
2018-04-06T22:30:28.440+0200: 29,879: Total time for which application threads were stopped: 0,0000941 seconds, Stopping threads took: 0,0000421 seconds
2018-04-06T22:30:28.440+0200: 29,879: Total time for which application threads were stopped: 0,0000790 seconds, Stopping threads took: 0,0000415 seconds
2018-04-06T22:30:28.440+0200: 29,879: Total time for which application threads were stopped: 0,0000571 seconds, Stopping threads took: 0,0000271 seconds
2018-04-06T22:30:28.440+0200: 29,879: Total time for which application threads were stopped: 0,0000731 seconds, Stopping threads took: 0,0000402 seconds
2018-04-06T22:30:28.441+0200: 29,880: Total time for which application threads were stopped: 0,0002555 seconds, Stopping threads took: 0,0000452 seconds
2018-04-06T22:30:28.442+0200: 29,881: Total time for which application threads were stopped: 0,0001279 seconds, Stopping threads took: 0,0000459 seconds
2018-04-06T22:30:28.444+0200: 29,883: Total time for which application threads were stopped: 0,0005262 seconds, Stopping threads took: 0,0004376 seconds
2018-04-06T22:30:28.445+0200: 29,883: Total time for which application threads were stopped: 0,0000820 seconds, Stopping threads took: 0,0000216 seconds
2018-04-06T22:30:28.446+0200: 29,885: Total time for which application threads were stopped: 0,0001133 seconds, Stopping threads took: 0,0000432 seconds
2018-04-06T22:30:28.447+0200: 29,886: Total time for which application threads were stopped: 0,0001114 seconds, Stopping threads took: 0,0000351 seconds
2018-04-06T22:30:28.447+0200: 29,886: Total time for which application threads were stopped: 0,0000980 seconds, Stopping threads took: 0,0000298 seconds
Heap
 par new generation   total 109248K, used 33721K [0x00000000e0000000, 0x00000000e8000000, 0x00000000e8000000)
  eden space 87424K,  13% used [0x00000000e0000000, 0x00000000e0be0620, 0x00000000e5560000)
  from space 21824K,  98% used [0x00000000e5560000, 0x00000000e6a6ddf8, 0x00000000e6ab0000)
  to   space 21824K,   0% used [0x00000000e6ab0000, 0x00000000e6ab0000, 0x00000000e8000000)
 concurrent mark-sweep generation total 393216K, used 14831K [0x00000000e8000000, 0x0000000100000000, 0x0000000100000000)
 Metaspace       used 30870K, capacity 31586K, committed 31868K, reserved 1077248K
  class space    used 3439K, capacity 3671K, committed 3708K, reserved 1048576K
