OpenJDK 64-Bit Server VM (25.171-b11) for linux-amd64 JRE (1.8.0_171-8u171-b11-0ubuntu0.16.04.1-b11), built on Apr 27 2018 17:19:03 by "buildd" with gcc 5.4.0 20160609
Memory: 4k page, physical 7867600k(1026968k free), swap 8076284k(8076284k free)
CommandLine flags: -XX:CMSInitiatingOccupancyFraction=50 -XX:CMSMaxAbortablePrecleanTime=6000 -XX:+CMSParallelRemarkEnabled -XX:+CMSScavengeBeforeRemark -XX:ConcGCThreads=4 -XX:InitialHeapSize=536870912 -XX:MaxHeapSize=536870912 -XX:MaxTenuringThreshold=8 -XX:NewRatio=3 -XX:OldPLABSize=16 -XX:OnOutOfMemoryError=/home/gurnoor/workspace/QTM/solr/bin/oom_solr.sh 8983 /home/gurnoor/workspace/QTM/solr/server/logs -XX:ParallelGCThreads=4 -XX:+ParallelRefProcEnabled -XX:PretenureSizeThreshold=67108864 -XX:+PrintGC -XX:+PrintGCApplicationStoppedTime -XX:+PrintGCDateStamps -XX:+PrintGCDetails -XX:+PrintGCTimeStamps -XX:+PrintHeapAtGC -XX:+PrintTenuringDistribution -XX:SurvivorRatio=4 -XX:TargetSurvivorRatio=90 -XX:ThreadStackSize=256 -XX:+UseCMSInitiatingOccupancyOnly -XX:+UseCompressedClassPointers -XX:+UseCompressedOops -XX:+UseConcMarkSweepGC -XX:+UseParNewGC 
2018-06-19T12:08:51.201+0200: 0,118: Total time for which application threads were stopped: 0,0000717 seconds, Stopping threads took: 0,0000138 seconds
2018-06-19T12:08:51.268+0200: 0,185: Total time for which application threads were stopped: 0,0001046 seconds, Stopping threads took: 0,0000137 seconds
2018-06-19T12:08:51.277+0200: 0,194: Total time for which application threads were stopped: 0,0000784 seconds, Stopping threads took: 0,0000140 seconds
2018-06-19T12:08:51.399+0200: 0,316: Total time for which application threads were stopped: 0,0001491 seconds, Stopping threads took: 0,0000193 seconds
2018-06-19T12:08:51.550+0200: 0,467: Total time for which application threads were stopped: 0,0001395 seconds, Stopping threads took: 0,0000157 seconds
2018-06-19T12:08:51.601+0200: 0,518: Total time for which application threads were stopped: 0,0001784 seconds, Stopping threads took: 0,0000288 seconds
2018-06-19T12:08:51.617+0200: 0,534: Total time for which application threads were stopped: 0,0002264 seconds, Stopping threads took: 0,0000270 seconds
2018-06-19T12:08:51.812+0200: 0,729: Total time for which application threads were stopped: 0,0001954 seconds, Stopping threads took: 0,0000180 seconds
2018-06-19T12:08:51.956+0200: 0,873: Total time for which application threads were stopped: 0,0002503 seconds, Stopping threads took: 0,0000253 seconds
2018-06-19T12:08:51.976+0200: 0,893: Total time for which application threads were stopped: 0,0002109 seconds, Stopping threads took: 0,0000163 seconds
2018-06-19T12:08:51.999+0200: 0,916: Total time for which application threads were stopped: 0,0002575 seconds, Stopping threads took: 0,0000321 seconds
2018-06-19T12:08:52.000+0200: 0,917: Total time for which application threads were stopped: 0,0002590 seconds, Stopping threads took: 0,0000260 seconds
2018-06-19T12:08:52.010+0200: 0,927: Total time for which application threads were stopped: 0,0002428 seconds, Stopping threads took: 0,0000293 seconds
2018-06-19T12:08:52.092+0200: 1,009: Total time for which application threads were stopped: 0,0002706 seconds, Stopping threads took: 0,0000235 seconds
2018-06-19T12:08:52.261+0200: 1,178: Total time for which application threads were stopped: 0,0002660 seconds, Stopping threads took: 0,0000199 seconds
{Heap before GC invocations=0 (full 0):
 par new generation   total 109248K, used 87424K [0x00000000e0000000, 0x00000000e8000000, 0x00000000e8000000)
  eden space 87424K, 100% used [0x00000000e0000000, 0x00000000e5560000, 0x00000000e5560000)
  from space 21824K,   0% used [0x00000000e5560000, 0x00000000e5560000, 0x00000000e6ab0000)
  to   space 21824K,   0% used [0x00000000e6ab0000, 0x00000000e6ab0000, 0x00000000e8000000)
 concurrent mark-sweep generation total 393216K, used 0K [0x00000000e8000000, 0x0000000100000000, 0x0000000100000000)
 Metaspace       used 17834K, capacity 18184K, committed 18304K, reserved 1064960K
  class space    used 2026K, capacity 2166K, committed 2176K, reserved 1048576K
2018-06-19T12:08:52.293+0200: 1,210: [GC (Allocation Failure) 2018-06-19T12:08:52.293+0200: 1,210: [ParNew
Desired survivor size 20112992 bytes, new threshold 8 (max 8)
- age   1:   11394888 bytes,   11394888 total
: 87424K->11246K(109248K), 0,0108152 secs] 87424K->11246K(502464K), 0,0108895 secs] [Times: user=0,02 sys=0,02, real=0,01 secs] 
Heap after GC invocations=1 (full 0):
 par new generation   total 109248K, used 11246K [0x00000000e0000000, 0x00000000e8000000, 0x00000000e8000000)
  eden space 87424K,   0% used [0x00000000e0000000, 0x00000000e0000000, 0x00000000e5560000)
  from space 21824K,  51% used [0x00000000e6ab0000, 0x00000000e75abad0, 0x00000000e8000000)
  to   space 21824K,   0% used [0x00000000e5560000, 0x00000000e5560000, 0x00000000e6ab0000)
 concurrent mark-sweep generation total 393216K, used 0K [0x00000000e8000000, 0x0000000100000000, 0x0000000100000000)
 Metaspace       used 17834K, capacity 18184K, committed 18304K, reserved 1064960K
  class space    used 2026K, capacity 2166K, committed 2176K, reserved 1048576K
}
2018-06-19T12:08:52.304+0200: 1,221: Total time for which application threads were stopped: 0,0112385 seconds, Stopping threads took: 0,0001220 seconds
2018-06-19T12:08:52.572+0200: 1,489: Total time for which application threads were stopped: 0,0003771 seconds, Stopping threads took: 0,0000569 seconds
{Heap before GC invocations=1 (full 0):
 par new generation   total 109248K, used 98670K [0x00000000e0000000, 0x00000000e8000000, 0x00000000e8000000)
  eden space 87424K, 100% used [0x00000000e0000000, 0x00000000e5560000, 0x00000000e5560000)
  from space 21824K,  51% used [0x00000000e6ab0000, 0x00000000e75abad0, 0x00000000e8000000)
  to   space 21824K,   0% used [0x00000000e5560000, 0x00000000e5560000, 0x00000000e6ab0000)
 concurrent mark-sweep generation total 393216K, used 0K [0x00000000e8000000, 0x0000000100000000, 0x0000000100000000)
 Metaspace       used 20095K, capacity 20488K, committed 20736K, reserved 1067008K
  class space    used 2296K, capacity 2466K, committed 2560K, reserved 1048576K
2018-06-19T12:08:52.632+0200: 1,549: [GC (Allocation Failure) 2018-06-19T12:08:52.632+0200: 1,549: [ParNew
Desired survivor size 20112992 bytes, new threshold 8 (max 8)
- age   1:    3464968 bytes,    3464968 total
- age   2:    5922944 bytes,    9387912 total
: 98670K->12447K(109248K), 0,0096919 secs] 98670K->12447K(502464K), 0,0097563 secs] [Times: user=0,03 sys=0,00, real=0,00 secs] 
Heap after GC invocations=2 (full 0):
 par new generation   total 109248K, used 12447K [0x00000000e0000000, 0x00000000e8000000, 0x00000000e8000000)
  eden space 87424K,   0% used [0x00000000e0000000, 0x00000000e0000000, 0x00000000e5560000)
  from space 21824K,  57% used [0x00000000e5560000, 0x00000000e6187fa8, 0x00000000e6ab0000)
  to   space 21824K,   0% used [0x00000000e6ab0000, 0x00000000e6ab0000, 0x00000000e8000000)
 concurrent mark-sweep generation total 393216K, used 0K [0x00000000e8000000, 0x0000000100000000, 0x0000000100000000)
 Metaspace       used 20095K, capacity 20488K, committed 20736K, reserved 1067008K
  class space    used 2296K, capacity 2466K, committed 2560K, reserved 1048576K
}
2018-06-19T12:08:52.642+0200: 1,559: Total time for which application threads were stopped: 0,0100429 seconds, Stopping threads took: 0,0001375 seconds
2018-06-19T12:08:52.646+0200: 1,563: Total time for which application threads were stopped: 0,0003429 seconds, Stopping threads took: 0,0000724 seconds
2018-06-19T12:08:52.716+0200: 1,634: Total time for which application threads were stopped: 0,0006890 seconds, Stopping threads took: 0,0000663 seconds
2018-06-19T12:08:52.864+0200: 1,781: Total time for which application threads were stopped: 0,0002170 seconds, Stopping threads took: 0,0000509 seconds
{Heap before GC invocations=2 (full 0):
 par new generation   total 109248K, used 99871K [0x00000000e0000000, 0x00000000e8000000, 0x00000000e8000000)
  eden space 87424K, 100% used [0x00000000e0000000, 0x00000000e5560000, 0x00000000e5560000)
  from space 21824K,  57% used [0x00000000e5560000, 0x00000000e6187fa8, 0x00000000e6ab0000)
  to   space 21824K,   0% used [0x00000000e6ab0000, 0x00000000e6ab0000, 0x00000000e8000000)
 concurrent mark-sweep generation total 393216K, used 0K [0x00000000e8000000, 0x0000000100000000, 0x0000000100000000)
 Metaspace       used 21035K, capacity 21346K, committed 21628K, reserved 1069056K
  class space    used 2423K, capacity 2585K, committed 2684K, reserved 1048576K
2018-06-19T12:08:52.901+0200: 1,819: [GC (Allocation Failure) 2018-06-19T12:08:52.902+0200: 1,819: [ParNew
Desired survivor size 20112992 bytes, new threshold 8 (max 8)
- age   1:    2007520 bytes,    2007520 total
- age   2:    1049104 bytes,    3056624 total
- age   3:    5921240 bytes,    8977864 total
: 99871K->10432K(109248K), 0,0090652 secs] 99871K->10432K(502464K), 0,0091676 secs] [Times: user=0,04 sys=0,00, real=0,01 secs] 
Heap after GC invocations=3 (full 0):
 par new generation   total 109248K, used 10432K [0x00000000e0000000, 0x00000000e8000000, 0x00000000e8000000)
  eden space 87424K,   0% used [0x00000000e0000000, 0x00000000e0000000, 0x00000000e5560000)
  from space 21824K,  47% used [0x00000000e6ab0000, 0x00000000e74e0200, 0x00000000e8000000)
  to   space 21824K,   0% used [0x00000000e5560000, 0x00000000e5560000, 0x00000000e6ab0000)
 concurrent mark-sweep generation total 393216K, used 0K [0x00000000e8000000, 0x0000000100000000, 0x0000000100000000)
 Metaspace       used 21035K, capacity 21346K, committed 21628K, reserved 1069056K
  class space    used 2423K, capacity 2585K, committed 2684K, reserved 1048576K
}
2018-06-19T12:08:52.911+0200: 1,828: Total time for which application threads were stopped: 0,0094268 seconds, Stopping threads took: 0,0000819 seconds
2018-06-19T12:08:52.915+0200: 1,832: [GC (CMS Initial Mark) [1 CMS-initial-mark: 0K(393216K)] 11856K(502464K), 0,0027294 secs] [Times: user=0,01 sys=0,00, real=0,00 secs] 
2018-06-19T12:08:52.918+0200: 1,835: Total time for which application threads were stopped: 0,0058144 seconds, Stopping threads took: 0,0029780 seconds
2018-06-19T12:08:52.918+0200: 1,835: [CMS-concurrent-mark-start]
2018-06-19T12:08:52.918+0200: 1,835: [CMS-concurrent-mark: 0,000/0,000 secs] [Times: user=0,00 sys=0,00, real=0,00 secs] 
2018-06-19T12:08:52.918+0200: 1,835: [CMS-concurrent-preclean-start]
2018-06-19T12:08:52.919+0200: 1,836: [CMS-concurrent-preclean: 0,001/0,001 secs] [Times: user=0,00 sys=0,00, real=0,00 secs] 
2018-06-19T12:08:52.919+0200: 1,836: [CMS-concurrent-abortable-preclean-start]
2018-06-19T12:08:52.936+0200: 1,853: Total time for which application threads were stopped: 0,0035845 seconds, Stopping threads took: 0,0034630 seconds
{Heap before GC invocations=3 (full 1):
 par new generation   total 109248K, used 97856K [0x00000000e0000000, 0x00000000e8000000, 0x00000000e8000000)
  eden space 87424K, 100% used [0x00000000e0000000, 0x00000000e5560000, 0x00000000e5560000)
  from space 21824K,  47% used [0x00000000e6ab0000, 0x00000000e74e0200, 0x00000000e8000000)
  to   space 21824K,   0% used [0x00000000e5560000, 0x00000000e5560000, 0x00000000e6ab0000)
 concurrent mark-sweep generation total 393216K, used 0K [0x00000000e8000000, 0x0000000100000000, 0x0000000100000000)
 Metaspace       used 21294K, capacity 21692K, committed 21884K, reserved 1069056K
  class space    used 2451K, capacity 2601K, committed 2684K, reserved 1048576K
2018-06-19T12:08:53.040+0200: 1,958: [GC (Allocation Failure) 2018-06-19T12:08:53.041+0200: 1,958: [ParNew
Desired survivor size 20112992 bytes, new threshold 8 (max 8)
- age   1:     764112 bytes,     764112 total
- age   2:    1451208 bytes,    2215320 total
- age   3:    1046848 bytes,    3262168 total
- age   4:    5921296 bytes,    9183464 total
: 97856K->13789K(109248K), 0,0110072 secs] 97856K->13789K(502464K), 0,0110655 secs] [Times: user=0,04 sys=0,00, real=0,01 secs] 
Heap after GC invocations=4 (full 1):
 par new generation   total 109248K, used 13789K [0x00000000e0000000, 0x00000000e8000000, 0x00000000e8000000)
  eden space 87424K,   0% used [0x00000000e0000000, 0x00000000e0000000, 0x00000000e5560000)
  from space 21824K,  63% used [0x00000000e5560000, 0x00000000e62d7598, 0x00000000e6ab0000)
  to   space 21824K,   0% used [0x00000000e6ab0000, 0x00000000e6ab0000, 0x00000000e8000000)
 concurrent mark-sweep generation total 393216K, used 0K [0x00000000e8000000, 0x0000000100000000, 0x0000000100000000)
 Metaspace       used 21294K, capacity 21692K, committed 21884K, reserved 1069056K
  class space    used 2451K, capacity 2601K, committed 2684K, reserved 1048576K
}
2018-06-19T12:08:53.052+0200: 1,969: Total time for which application threads were stopped: 0,0112972 seconds, Stopping threads took: 0,0000763 seconds
{Heap before GC invocations=4 (full 1):
 par new generation   total 109248K, used 101213K [0x00000000e0000000, 0x00000000e8000000, 0x00000000e8000000)
  eden space 87424K, 100% used [0x00000000e0000000, 0x00000000e5560000, 0x00000000e5560000)
  from space 21824K,  63% used [0x00000000e5560000, 0x00000000e62d7598, 0x00000000e6ab0000)
  to   space 21824K,   0% used [0x00000000e6ab0000, 0x00000000e6ab0000, 0x00000000e8000000)
 concurrent mark-sweep generation total 393216K, used 0K [0x00000000e8000000, 0x0000000100000000, 0x0000000100000000)
 Metaspace       used 21439K, capacity 21794K, committed 21884K, reserved 1069056K
  class space    used 2469K, capacity 2634K, committed 2684K, reserved 1048576K
2018-06-19T12:08:53.143+0200: 2,060: [GC (Allocation Failure) 2018-06-19T12:08:53.143+0200: 2,060: [ParNew
Desired survivor size 20112992 bytes, new threshold 8 (max 8)
- age   1:    1093776 bytes,    1093776 total
- age   2:     187720 bytes,    1281496 total
- age   3:    1450864 bytes,    2732360 total
- age   4:    1044864 bytes,    3777224 total
- age   5:    5921576 bytes,    9698800 total
: 101213K->12635K(109248K), 0,0087939 secs] 101213K->12635K(502464K), 0,0088702 secs] [Times: user=0,04 sys=0,00, real=0,01 secs] 
Heap after GC invocations=5 (full 1):
 par new generation   total 109248K, used 12635K [0x00000000e0000000, 0x00000000e8000000, 0x00000000e8000000)
  eden space 87424K,   0% used [0x00000000e0000000, 0x00000000e0000000, 0x00000000e5560000)
  from space 21824K,  57% used [0x00000000e6ab0000, 0x00000000e7706f40, 0x00000000e8000000)
  to   space 21824K,   0% used [0x00000000e5560000, 0x00000000e5560000, 0x00000000e6ab0000)
 concurrent mark-sweep generation total 393216K, used 0K [0x00000000e8000000, 0x0000000100000000, 0x0000000100000000)
 Metaspace       used 21439K, capacity 21794K, committed 21884K, reserved 1069056K
  class space    used 2469K, capacity 2634K, committed 2684K, reserved 1048576K
}
2018-06-19T12:08:53.152+0200: 2,069: Total time for which application threads were stopped: 0,0115070 seconds, Stopping threads took: 0,0024754 seconds
2018-06-19T12:08:53.152+0200: 2,069: [CMS-concurrent-abortable-preclean: 0,115/0,233 secs] [Times: user=0,88 sys=0,01, real=0,24 secs] 
2018-06-19T12:08:53.156+0200: 2,073: [GC (CMS Final Remark) [YG occupancy: 13894 K (109248 K)]{Heap before GC invocations=5 (full 1):
 par new generation   total 109248K, used 13894K [0x00000000e0000000, 0x00000000e8000000, 0x00000000e8000000)
  eden space 87424K,   1% used [0x00000000e0000000, 0x00000000e013aa80, 0x00000000e5560000)
  from space 21824K,  57% used [0x00000000e6ab0000, 0x00000000e7706f40, 0x00000000e8000000)
  to   space 21824K,   0% used [0x00000000e5560000, 0x00000000e5560000, 0x00000000e6ab0000)
 concurrent mark-sweep generation total 393216K, used 0K [0x00000000e8000000, 0x0000000100000000, 0x0000000100000000)
 Metaspace       used 21439K, capacity 21794K, committed 21884K, reserved 1069056K
  class space    used 2469K, capacity 2634K, committed 2684K, reserved 1048576K
2018-06-19T12:08:53.156+0200: 2,073: [GC (CMS Final Remark) 2018-06-19T12:08:53.156+0200: 2,073: [ParNew
Desired survivor size 20112992 bytes, new threshold 8 (max 8)
- age   1:     242280 bytes,     242280 total
- age   2:    1093520 bytes,    1335800 total
- age   3:     187760 bytes,    1523560 total
- age   4:    1450864 bytes,    2974424 total
- age   5:    1044864 bytes,    4019288 total
- age   6:    5921416 bytes,    9940704 total
: 13894K->11511K(109248K), 0,0091696 secs] 13894K->11511K(502464K), 0,0092088 secs] [Times: user=0,02 sys=0,01, real=0,01 secs] 
Heap after GC invocations=6 (full 1):
 par new generation   total 109248K, used 11511K [0x00000000e0000000, 0x00000000e8000000, 0x00000000e8000000)
  eden space 87424K,   0% used [0x00000000e0000000, 0x00000000e0000000, 0x00000000e5560000)
  from space 21824K,  52% used [0x00000000e5560000, 0x00000000e609de90, 0x00000000e6ab0000)
  to   space 21824K,   0% used [0x00000000e6ab0000, 0x00000000e6ab0000, 0x00000000e8000000)
 concurrent mark-sweep generation total 393216K, used 0K [0x00000000e8000000, 0x0000000100000000, 0x0000000100000000)
 Metaspace       used 21439K, capacity 21794K, committed 21884K, reserved 1069056K
  class space    used 2469K, capacity 2634K, committed 2684K, reserved 1048576K
}
2018-06-19T12:08:53.165+0200: 2,082: [Rescan (parallel) , 0,0034943 secs]2018-06-19T12:08:53.169+0200: 2,086: [weak refs processing, 0,0008402 secs]2018-06-19T12:08:53.170+0200: 2,087: [class unloading, 0,0030163 secs]2018-06-19T12:08:53.173+0200: 2,090: [scrub symbol table, 0,0027562 secs]2018-06-19T12:08:53.175+0200: 2,093: [scrub string table, 0,0003694 secs][1 CMS-remark: 0K(393216K)] 11511K(502464K), 0,0204247 secs] [Times: user=0,03 sys=0,01, real=0,02 secs] 
2018-06-19T12:08:53.176+0200: 2,094: Total time for which application threads were stopped: 0,0232518 seconds, Stopping threads took: 0,0027335 seconds
2018-06-19T12:08:53.177+0200: 2,094: [CMS-concurrent-sweep-start]
2018-06-19T12:08:53.177+0200: 2,094: [CMS-concurrent-sweep: 0,000/0,000 secs] [Times: user=0,00 sys=0,00, real=0,00 secs] 
2018-06-19T12:08:53.177+0200: 2,094: [CMS-concurrent-reset-start]
2018-06-19T12:08:53.185+0200: 2,102: [CMS-concurrent-reset: 0,008/0,008 secs] [Times: user=0,02 sys=0,00, real=0,01 secs] 
2018-06-19T12:08:53.219+0200: 2,136: Total time for which application threads were stopped: 0,0003829 seconds, Stopping threads took: 0,0000455 seconds
2018-06-19T12:08:53.469+0200: 2,387: Total time for which application threads were stopped: 0,0005408 seconds, Stopping threads took: 0,0000551 seconds
2018-06-19T12:08:53.482+0200: 2,399: Total time for which application threads were stopped: 0,0004782 seconds, Stopping threads took: 0,0000714 seconds
2018-06-19T12:08:53.751+0200: 2,669: Total time for which application threads were stopped: 0,0002932 seconds, Stopping threads took: 0,0001359 seconds
{Heap before GC invocations=6 (full 1):
 par new generation   total 109248K, used 98987K [0x00000000e0000000, 0x00000000e8000000, 0x00000000e8000000)
  eden space 87424K, 100% used [0x00000000e0000000, 0x00000000e5560000, 0x00000000e5560000)
  from space 21824K,  52% used [0x00000000e5560000, 0x00000000e60aacf0, 0x00000000e6ab0000)
  to   space 21824K,   0% used [0x00000000e6ab0000, 0x00000000e6ab0000, 0x00000000e8000000)
 concurrent mark-sweep generation total 393216K, used 0K [0x00000000e8000000, 0x0000000100000000, 0x0000000100000000)
 Metaspace       used 25287K, capacity 25870K, committed 25980K, reserved 1073152K
  class space    used 2936K, capacity 3122K, committed 3196K, reserved 1048576K
2018-06-19T12:08:53.752+0200: 2,670: [GC (GCLocker Initiated GC) 2018-06-19T12:08:53.752+0200: 2,670: [ParNew
Desired survivor size 20112992 bytes, new threshold 8 (max 8)
- age   1:    5737656 bytes,    5737656 total
- age   3:     103096 bytes,    5840752 total
- age   4:     183512 bytes,    6024264 total
- age   5:     278072 bytes,    6302336 total
- age   6:    1022712 bytes,    7325048 total
- age   7:    5914664 bytes,   13239712 total
: 98987K->16863K(109248K), 0,0214391 secs] 98987K->16863K(502464K), 0,0215158 secs] [Times: user=0,08 sys=0,00, real=0,02 secs] 
Heap after GC invocations=7 (full 1):
 par new generation   total 109248K, used 16863K [0x00000000e0000000, 0x00000000e8000000, 0x00000000e8000000)
  eden space 87424K,   0% used [0x00000000e0000000, 0x00000000e0000000, 0x00000000e5560000)
  from space 21824K,  77% used [0x00000000e6ab0000, 0x00000000e7b27e80, 0x00000000e8000000)
  to   space 21824K,   0% used [0x00000000e5560000, 0x00000000e5560000, 0x00000000e6ab0000)
 concurrent mark-sweep generation total 393216K, used 0K [0x00000000e8000000, 0x0000000100000000, 0x0000000100000000)
 Metaspace       used 25287K, capacity 25870K, committed 25980K, reserved 1073152K
  class space    used 2936K, capacity 3122K, committed 3196K, reserved 1048576K
}
2018-06-19T12:08:53.774+0200: 2,691: Total time for which application threads were stopped: 0,0217635 seconds, Stopping threads took: 0,0000654 seconds
2018-06-19T12:08:53.905+0200: 2,822: Total time for which application threads were stopped: 0,0006227 seconds, Stopping threads took: 0,0000731 seconds
2018-06-19T12:08:53.927+0200: 2,845: Total time for which application threads were stopped: 0,0005738 seconds, Stopping threads took: 0,0000501 seconds
2018-06-19T12:08:53.995+0200: 2,912: Total time for which application threads were stopped: 0,0027460 seconds, Stopping threads took: 0,0023684 seconds
2018-06-19T12:08:54.085+0200: 3,002: Total time for which application threads were stopped: 0,0007754 seconds, Stopping threads took: 0,0000886 seconds
{Heap before GC invocations=7 (full 1):
 par new generation   total 109248K, used 104287K [0x00000000e0000000, 0x00000000e8000000, 0x00000000e8000000)
  eden space 87424K, 100% used [0x00000000e0000000, 0x00000000e5560000, 0x00000000e5560000)
  from space 21824K,  77% used [0x00000000e6ab0000, 0x00000000e7b27e80, 0x00000000e8000000)
  to   space 21824K,   0% used [0x00000000e5560000, 0x00000000e5560000, 0x00000000e6ab0000)
 concurrent mark-sweep generation total 393216K, used 0K [0x00000000e8000000, 0x0000000100000000, 0x0000000100000000)
 Metaspace       used 28031K, capacity 28592K, committed 28796K, reserved 1075200K
  class space    used 3226K, capacity 3423K, committed 3452K, reserved 1048576K
2018-06-19T12:08:54.235+0200: 3,152: [GC (Allocation Failure) 2018-06-19T12:08:54.235+0200: 3,152: [ParNew
Desired survivor size 20112992 bytes, new threshold 8 (max 8)
- age   1:   12543208 bytes,   12543208 total
- age   2:    2356880 bytes,   14900088 total
- age   4:     103096 bytes,   15003184 total
- age   5:     183336 bytes,   15186520 total
- age   6:     277768 bytes,   15464288 total
- age   7:    1012760 bytes,   16477048 total
- age   8:    5851088 bytes,   22328136 total
: 104287K->21824K(109248K), 0,0532200 secs] 104287K->23637K(502464K), 0,0533086 secs] [Times: user=0,16 sys=0,01, real=0,05 secs] 
Heap after GC invocations=8 (full 1):
 par new generation   total 109248K, used 21824K [0x00000000e0000000, 0x00000000e8000000, 0x00000000e8000000)
  eden space 87424K,   0% used [0x00000000e0000000, 0x00000000e0000000, 0x00000000e5560000)
  from space 21824K, 100% used [0x00000000e5560000, 0x00000000e6ab0000, 0x00000000e6ab0000)
  to   space 21824K,   0% used [0x00000000e6ab0000, 0x00000000e6ab0000, 0x00000000e8000000)
 concurrent mark-sweep generation total 393216K, used 1813K [0x00000000e8000000, 0x0000000100000000, 0x0000000100000000)
 Metaspace       used 28031K, capacity 28592K, committed 28796K, reserved 1075200K
  class space    used 3226K, capacity 3423K, committed 3452K, reserved 1048576K
}
2018-06-19T12:08:54.289+0200: 3,206: Total time for which application threads were stopped: 0,0536474 seconds, Stopping threads took: 0,0000947 seconds
{Heap before GC invocations=8 (full 1):
 par new generation   total 109248K, used 109248K [0x00000000e0000000, 0x00000000e8000000, 0x00000000e8000000)
  eden space 87424K, 100% used [0x00000000e0000000, 0x00000000e5560000, 0x00000000e5560000)
  from space 21824K, 100% used [0x00000000e5560000, 0x00000000e6ab0000, 0x00000000e6ab0000)
  to   space 21824K,   0% used [0x00000000e6ab0000, 0x00000000e6ab0000, 0x00000000e8000000)
 concurrent mark-sweep generation total 393216K, used 1813K [0x00000000e8000000, 0x0000000100000000, 0x0000000100000000)
 Metaspace       used 28082K, capacity 28678K, committed 28796K, reserved 1075200K
  class space    used 3228K, capacity 3427K, committed 3452K, reserved 1048576K
2018-06-19T12:08:54.424+0200: 3,341: [GC (Allocation Failure) 2018-06-19T12:08:54.424+0200: 3,341: [ParNew
Desired survivor size 20112992 bytes, new threshold 8 (max 8)
- age   1:     805552 bytes,     805552 total
- age   2:   11723136 bytes,   12528688 total
- age   3:    2323888 bytes,   14852576 total
- age   5:     103096 bytes,   14955672 total
- age   6:     183128 bytes,   15138800 total
- age   7:     277768 bytes,   15416568 total
- age   8:    1012760 bytes,   16429328 total
: 109248K->21824K(109248K), 0,0657470 secs] 111061K->29420K(502464K), 0,0659499 secs] [Times: user=0,19 sys=0,01, real=0,07 secs] 
Heap after GC invocations=9 (full 1):
 par new generation   total 109248K, used 21824K [0x00000000e0000000, 0x00000000e8000000, 0x00000000e8000000)
  eden space 87424K,   0% used [0x00000000e0000000, 0x00000000e0000000, 0x00000000e5560000)
  from space 21824K, 100% used [0x00000000e6ab0000, 0x00000000e8000000, 0x00000000e8000000)
  to   space 21824K,   0% used [0x00000000e5560000, 0x00000000e5560000, 0x00000000e6ab0000)
 concurrent mark-sweep generation total 393216K, used 7596K [0x00000000e8000000, 0x0000000100000000, 0x0000000100000000)
 Metaspace       used 28082K, capacity 28678K, committed 28796K, reserved 1075200K
  class space    used 3228K, capacity 3427K, committed 3452K, reserved 1048576K
}
2018-06-19T12:08:54.490+0200: 3,407: Total time for which application threads were stopped: 0,0722462 seconds, Stopping threads took: 0,0060429 seconds
{Heap before GC invocations=9 (full 1):
 par new generation   total 109248K, used 109248K [0x00000000e0000000, 0x00000000e8000000, 0x00000000e8000000)
  eden space 87424K, 100% used [0x00000000e0000000, 0x00000000e5560000, 0x00000000e5560000)
  from space 21824K, 100% used [0x00000000e6ab0000, 0x00000000e8000000, 0x00000000e8000000)
  to   space 21824K,   0% used [0x00000000e5560000, 0x00000000e5560000, 0x00000000e6ab0000)
 concurrent mark-sweep generation total 393216K, used 7596K [0x00000000e8000000, 0x0000000100000000, 0x0000000100000000)
 Metaspace       used 28191K, capacity 28822K, committed 29052K, reserved 1075200K
  class space    used 3230K, capacity 3430K, committed 3452K, reserved 1048576K
2018-06-19T12:08:54.646+0200: 3,563: [GC (Allocation Failure) 2018-06-19T12:08:54.646+0200: 3,563: [ParNew
Desired survivor size 20112992 bytes, new threshold 8 (max 8)
- age   1:     910632 bytes,     910632 total
- age   2:     140560 bytes,    1051192 total
- age   3:   11332736 bytes,   12383928 total
- age   4:    2323888 bytes,   14707816 total
- age   6:     103096 bytes,   14810912 total
- age   7:     183128 bytes,   14994040 total
- age   8:     277768 bytes,   15271808 total
: 109248K->19822K(109248K), 0,0238119 secs] 116844K->28421K(502464K), 0,0239226 secs] [Times: user=0,09 sys=0,00, real=0,02 secs] 
Heap after GC invocations=10 (full 1):
 par new generation   total 109248K, used 19822K [0x00000000e0000000, 0x00000000e8000000, 0x00000000e8000000)
  eden space 87424K,   0% used [0x00000000e0000000, 0x00000000e0000000, 0x00000000e5560000)
  from space 21824K,  90% used [0x00000000e5560000, 0x00000000e68bba88, 0x00000000e6ab0000)
  to   space 21824K,   0% used [0x00000000e6ab0000, 0x00000000e6ab0000, 0x00000000e8000000)
 concurrent mark-sweep generation total 393216K, used 8598K [0x00000000e8000000, 0x0000000100000000, 0x0000000100000000)
 Metaspace       used 28191K, capacity 28822K, committed 29052K, reserved 1075200K
  class space    used 3230K, capacity 3430K, committed 3452K, reserved 1048576K
}
2018-06-19T12:08:54.670+0200: 3,587: Total time for which application threads were stopped: 0,0242199 seconds, Stopping threads took: 0,0000474 seconds
2018-06-19T12:08:55.142+0200: 4,059: Total time for which application threads were stopped: 0,0004720 seconds, Stopping threads took: 0,0000733 seconds
2018-06-19T12:09:09.732+0200: 18,649: Total time for which application threads were stopped: 0,0000776 seconds, Stopping threads took: 0,0000198 seconds
2018-06-19T12:09:09.733+0200: 18,650: Total time for which application threads were stopped: 0,0000839 seconds, Stopping threads took: 0,0000191 seconds
2018-06-19T12:09:09.733+0200: 18,650: Total time for which application threads were stopped: 0,0000415 seconds, Stopping threads took: 0,0000075 seconds
2018-06-19T12:09:09.733+0200: 18,650: Total time for which application threads were stopped: 0,0000489 seconds, Stopping threads took: 0,0000225 seconds
2018-06-19T12:09:09.734+0200: 18,651: Total time for which application threads were stopped: 0,0004125 seconds, Stopping threads took: 0,0002861 seconds
2018-06-19T12:09:09.745+0200: 18,662: Total time for which application threads were stopped: 0,0001506 seconds, Stopping threads took: 0,0000443 seconds
2018-06-19T12:09:09.746+0200: 18,663: Total time for which application threads were stopped: 0,0001203 seconds, Stopping threads took: 0,0000355 seconds
2018-06-19T12:09:09.750+0200: 18,667: Total time for which application threads were stopped: 0,0001425 seconds, Stopping threads took: 0,0000422 seconds
2018-06-19T12:09:09.750+0200: 18,667: Total time for which application threads were stopped: 0,0000722 seconds, Stopping threads took: 0,0000243 seconds
2018-06-19T12:09:09.756+0200: 18,673: Total time for which application threads were stopped: 0,0004256 seconds, Stopping threads took: 0,0002571 seconds
2018-06-19T12:09:09.760+0200: 18,677: Total time for which application threads were stopped: 0,0011414 seconds, Stopping threads took: 0,0002018 seconds
2018-06-19T12:09:09.761+0200: 18,678: Total time for which application threads were stopped: 0,0001160 seconds, Stopping threads took: 0,0000377 seconds
2018-06-19T12:09:09.765+0200: 18,682: Total time for which application threads were stopped: 0,0007203 seconds, Stopping threads took: 0,0002963 seconds
2018-06-19T12:09:09.765+0200: 18,683: Total time for which application threads were stopped: 0,0005619 seconds, Stopping threads took: 0,0001684 seconds
2018-06-19T12:09:09.770+0200: 18,687: Total time for which application threads were stopped: 0,0028843 seconds, Stopping threads took: 0,0027867 seconds
2018-06-19T12:09:09.772+0200: 18,689: Total time for which application threads were stopped: 0,0002843 seconds, Stopping threads took: 0,0002041 seconds
2018-06-19T12:09:09.790+0200: 18,707: Total time for which application threads were stopped: 0,0001574 seconds, Stopping threads took: 0,0000619 seconds
2018-06-19T12:09:09.793+0200: 18,710: Total time for which application threads were stopped: 0,0004077 seconds, Stopping threads took: 0,0000135 seconds
2018-06-19T12:09:09.800+0200: 18,718: Total time for which application threads were stopped: 0,0003764 seconds, Stopping threads took: 0,0001695 seconds
2018-06-19T12:09:09.804+0200: 18,721: Total time for which application threads were stopped: 0,0001454 seconds, Stopping threads took: 0,0000517 seconds
2018-06-19T12:09:09.804+0200: 18,721: Total time for which application threads were stopped: 0,0001186 seconds, Stopping threads took: 0,0000281 seconds
2018-06-19T12:09:09.808+0200: 18,725: Total time for which application threads were stopped: 0,0009961 seconds, Stopping threads took: 0,0005161 seconds
2018-06-19T12:09:09.818+0200: 18,736: Total time for which application threads were stopped: 0,0002658 seconds, Stopping threads took: 0,0001103 seconds
2018-06-19T12:09:09.821+0200: 18,738: Total time for which application threads were stopped: 0,0001093 seconds, Stopping threads took: 0,0000480 seconds
2018-06-19T12:09:10.685+0200: 19,602: Total time for which application threads were stopped: 0,0001456 seconds, Stopping threads took: 0,0000299 seconds
2018-06-19T12:09:10.700+0200: 19,617: Total time for which application threads were stopped: 0,0005191 seconds, Stopping threads took: 0,0000280 seconds
2018-06-19T12:09:10.702+0200: 19,619: Total time for which application threads were stopped: 0,0014945 seconds, Stopping threads took: 0,0010644 seconds
2018-06-19T12:09:10.712+0200: 19,629: Total time for which application threads were stopped: 0,0002258 seconds, Stopping threads took: 0,0001004 seconds
2018-06-19T12:09:10.716+0200: 19,633: Total time for which application threads were stopped: 0,0041738 seconds, Stopping threads took: 0,0039737 seconds
2018-06-19T12:09:10.720+0200: 19,637: Total time for which application threads were stopped: 0,0002088 seconds, Stopping threads took: 0,0000696 seconds
2018-06-19T12:09:10.723+0200: 19,640: Total time for which application threads were stopped: 0,0001979 seconds, Stopping threads took: 0,0000888 seconds
2018-06-19T12:09:10.770+0200: 19,687: Total time for which application threads were stopped: 0,0001510 seconds, Stopping threads took: 0,0000235 seconds
2018-06-19T12:09:12.771+0200: 21,688: Total time for which application threads were stopped: 0,0000983 seconds, Stopping threads took: 0,0000248 seconds
2018-06-19T12:09:17.771+0200: 26,688: Total time for which application threads were stopped: 0,0000810 seconds, Stopping threads took: 0,0000227 seconds
2018-06-19T12:09:22.772+0200: 31,689: Total time for which application threads were stopped: 0,0001175 seconds, Stopping threads took: 0,0000268 seconds
2018-06-19T12:09:28.267+0200: 37,184: Total time for which application threads were stopped: 0,0001539 seconds, Stopping threads took: 0,0000488 seconds
2018-06-19T12:09:28.268+0200: 37,186: Total time for which application threads were stopped: 0,0000796 seconds, Stopping threads took: 0,0000184 seconds
2018-06-19T12:09:28.269+0200: 37,186: Total time for which application threads were stopped: 0,0000695 seconds, Stopping threads took: 0,0000128 seconds
2018-06-19T12:09:28.269+0200: 37,186: Total time for which application threads were stopped: 0,0000656 seconds, Stopping threads took: 0,0000134 seconds
2018-06-19T12:09:28.269+0200: 37,186: Total time for which application threads were stopped: 0,0000632 seconds, Stopping threads took: 0,0000114 seconds
2018-06-19T12:09:28.269+0200: 37,186: Total time for which application threads were stopped: 0,0000775 seconds, Stopping threads took: 0,0000145 seconds
2018-06-19T12:09:28.273+0200: 37,190: Total time for which application threads were stopped: 0,0005580 seconds, Stopping threads took: 0,0001798 seconds
2018-06-19T12:09:28.273+0200: 37,191: Total time for which application threads were stopped: 0,0001162 seconds, Stopping threads took: 0,0000639 seconds
2018-06-19T12:09:28.274+0200: 37,191: Total time for which application threads were stopped: 0,0000345 seconds, Stopping threads took: 0,0000075 seconds
2018-06-19T12:09:28.274+0200: 37,191: Total time for which application threads were stopped: 0,0000607 seconds, Stopping threads took: 0,0000305 seconds
2018-06-19T12:09:28.274+0200: 37,191: Total time for which application threads were stopped: 0,0000556 seconds, Stopping threads took: 0,0000207 seconds
2018-06-19T12:09:28.274+0200: 37,191: Total time for which application threads were stopped: 0,0000739 seconds, Stopping threads took: 0,0000256 seconds
2018-06-19T12:09:28.274+0200: 37,191: Total time for which application threads were stopped: 0,0001542 seconds, Stopping threads took: 0,0001224 seconds
2018-06-19T12:09:28.274+0200: 37,191: Total time for which application threads were stopped: 0,0000557 seconds, Stopping threads took: 0,0000217 seconds
2018-06-19T12:09:28.276+0200: 37,194: Total time for which application threads were stopped: 0,0001083 seconds, Stopping threads took: 0,0000262 seconds
2018-06-19T12:09:28.277+0200: 37,194: Total time for which application threads were stopped: 0,0000553 seconds, Stopping threads took: 0,0000152 seconds
2018-06-19T12:09:28.282+0200: 37,199: Total time for which application threads were stopped: 0,0001123 seconds, Stopping threads took: 0,0000283 seconds
2018-06-19T12:09:28.282+0200: 37,200: Total time for which application threads were stopped: 0,0000746 seconds, Stopping threads took: 0,0000168 seconds
2018-06-19T12:09:28.284+0200: 37,201: Total time for which application threads were stopped: 0,0001201 seconds, Stopping threads took: 0,0000465 seconds
2018-06-19T12:09:28.285+0200: 37,202: Total time for which application threads were stopped: 0,0001017 seconds, Stopping threads took: 0,0000342 seconds
2018-06-19T12:09:34.285+0200: 43,202: Total time for which application threads were stopped: 0,0000897 seconds, Stopping threads took: 0,0000267 seconds
2018-06-19T12:09:40.978+0200: 49,895: Total time for which application threads were stopped: 0,0004800 seconds, Stopping threads took: 0,0003965 seconds
2018-06-19T12:09:40.979+0200: 49,896: Total time for which application threads were stopped: 0,0000909 seconds, Stopping threads took: 0,0000464 seconds
2018-06-19T12:09:41.979+0200: 50,896: Total time for which application threads were stopped: 0,0001047 seconds, Stopping threads took: 0,0000248 seconds
2018-06-19T12:10:00.981+0200: 69,898: Total time for which application threads were stopped: 0,0000976 seconds, Stopping threads took: 0,0000233 seconds
2018-06-19T12:10:10.720+0200: 79,637: Total time for which application threads were stopped: 0,0000843 seconds, Stopping threads took: 0,0000231 seconds
2018-06-19T12:10:11.720+0200: 80,637: Total time for which application threads were stopped: 0,0000994 seconds, Stopping threads took: 0,0000254 seconds
2018-06-19T12:10:18.266+0200: 87,183: Total time for which application threads were stopped: 0,0000739 seconds, Stopping threads took: 0,0000189 seconds
2018-06-19T12:10:18.266+0200: 87,183: Total time for which application threads were stopped: 0,0000556 seconds, Stopping threads took: 0,0000189 seconds
2018-06-19T12:10:18.266+0200: 87,183: Total time for which application threads were stopped: 0,0000438 seconds, Stopping threads took: 0,0000098 seconds
2018-06-19T12:10:28.285+0200: 97,202: Total time for which application threads were stopped: 0,0001007 seconds, Stopping threads took: 0,0000374 seconds
2018-06-19T12:10:31.748+0200: 100,665: Total time for which application threads were stopped: 0,0004680 seconds, Stopping threads took: 0,0000176 seconds
2018-06-19T12:10:31.749+0200: 100,666: Total time for which application threads were stopped: 0,0004373 seconds, Stopping threads took: 0,0000115 seconds
2018-06-19T12:10:31.753+0200: 100,670: Total time for which application threads were stopped: 0,0000996 seconds, Stopping threads took: 0,0000390 seconds
2018-06-19T12:10:31.776+0200: 100,693: Total time for which application threads were stopped: 0,0001580 seconds, Stopping threads took: 0,0000576 seconds
2018-06-19T12:10:31.777+0200: 100,694: Total time for which application threads were stopped: 0,0002297 seconds, Stopping threads took: 0,0000847 seconds
2018-06-19T12:10:31.782+0200: 100,699: Total time for which application threads were stopped: 0,0001693 seconds, Stopping threads took: 0,0000628 seconds
2018-06-19T12:10:31.785+0200: 100,702: Total time for which application threads were stopped: 0,0001317 seconds, Stopping threads took: 0,0000535 seconds
2018-06-19T12:10:31.788+0200: 100,705: Total time for which application threads were stopped: 0,0001711 seconds, Stopping threads took: 0,0000729 seconds
Heap
 par new generation   total 109248K, used 63912K [0x00000000e0000000, 0x00000000e8000000, 0x00000000e8000000)
  eden space 87424K,  50% used [0x00000000e0000000, 0x00000000e2b0e7b8, 0x00000000e5560000)
  from space 21824K,  90% used [0x00000000e5560000, 0x00000000e68bba88, 0x00000000e6ab0000)
  to   space 21824K,   0% used [0x00000000e6ab0000, 0x00000000e6ab0000, 0x00000000e8000000)
 concurrent mark-sweep generation total 393216K, used 8598K [0x00000000e8000000, 0x0000000100000000, 0x0000000100000000)
 Metaspace       used 30262K, capacity 30956K, committed 31100K, reserved 1077248K
  class space    used 3464K, capacity 3687K, committed 3708K, reserved 1048576K
