OpenJDK 64-Bit Server VM (25.162-b12) for linux-amd64 JRE (1.8.0_162-8u162-b12-0ubuntu0.16.04.2-b12), built on Mar 14 2018 12:11:18 by "buildd" with gcc 5.4.0 20160609
Memory: 4k page, physical 7867624k(2934648k free), swap 8076284k(8076284k free)
CommandLine flags: -XX:CMSInitiatingOccupancyFraction=50 -XX:CMSMaxAbortablePrecleanTime=6000 -XX:+CMSParallelRemarkEnabled -XX:+CMSScavengeBeforeRemark -XX:ConcGCThreads=4 -XX:InitialHeapSize=536870912 -XX:MaxHeapSize=536870912 -XX:MaxTenuringThreshold=8 -XX:NewRatio=3 -XX:OldPLABSize=16 -XX:OnOutOfMemoryError=/home/gurnoor/workspace/QTM/solr/bin/oom_solr.sh 8983 /home/gurnoor/workspace/QTM/solr/server/logs -XX:ParallelGCThreads=4 -XX:+ParallelRefProcEnabled -XX:PretenureSizeThreshold=67108864 -XX:+PrintGC -XX:+PrintGCApplicationStoppedTime -XX:+PrintGCDateStamps -XX:+PrintGCDetails -XX:+PrintGCTimeStamps -XX:+PrintHeapAtGC -XX:+PrintTenuringDistribution -XX:SurvivorRatio=4 -XX:TargetSurvivorRatio=90 -XX:ThreadStackSize=256 -XX:+UseCMSInitiatingOccupancyOnly -XX:+UseCompressedClassPointers -XX:+UseCompressedOops -XX:+UseConcMarkSweepGC -XX:+UseParNewGC 
2018-04-06T22:40:57.482+0200: 0,215: Total time for which application threads were stopped: 0,0000796 seconds, Stopping threads took: 0,0000125 seconds
2018-04-06T22:40:57.656+0200: 0,389: Total time for which application threads were stopped: 0,0001079 seconds, Stopping threads took: 0,0000115 seconds
2018-04-06T22:40:57.688+0200: 0,421: Total time for which application threads were stopped: 0,0001313 seconds, Stopping threads took: 0,0000386 seconds
2018-04-06T22:40:57.883+0200: 0,616: Total time for which application threads were stopped: 0,0001376 seconds, Stopping threads took: 0,0000166 seconds
2018-04-06T22:40:58.195+0200: 0,928: Total time for which application threads were stopped: 0,0001443 seconds, Stopping threads took: 0,0000162 seconds
2018-04-06T22:40:58.280+0200: 1,013: Total time for which application threads were stopped: 0,0009311 seconds, Stopping threads took: 0,0002768 seconds
2018-04-06T22:40:58.307+0200: 1,040: Total time for which application threads were stopped: 0,0002706 seconds, Stopping threads took: 0,0000409 seconds
2018-04-06T22:40:58.668+0200: 1,400: Total time for which application threads were stopped: 0,0002011 seconds, Stopping threads took: 0,0000259 seconds
2018-04-06T22:40:58.923+0200: 1,656: Total time for which application threads were stopped: 0,0002962 seconds, Stopping threads took: 0,0000281 seconds
2018-04-06T22:40:58.956+0200: 1,689: Total time for which application threads were stopped: 0,0017469 seconds, Stopping threads took: 0,0001686 seconds
2018-04-06T22:40:58.988+0200: 1,721: Total time for which application threads were stopped: 0,0002078 seconds, Stopping threads took: 0,0000229 seconds
2018-04-06T22:40:58.990+0200: 1,723: Total time for which application threads were stopped: 0,0002276 seconds, Stopping threads took: 0,0000245 seconds
2018-04-06T22:40:59.022+0200: 1,755: Total time for which application threads were stopped: 0,0003010 seconds, Stopping threads took: 0,0000376 seconds
2018-04-06T22:40:59.292+0200: 2,025: Total time for which application threads were stopped: 0,0013093 seconds, Stopping threads took: 0,0000858 seconds
2018-04-06T22:40:59.714+0200: 2,447: Total time for which application threads were stopped: 0,0065440 seconds, Stopping threads took: 0,0055729 seconds
{Heap before GC invocations=0 (full 0):
 par new generation   total 109248K, used 87424K [0x00000000e0000000, 0x00000000e8000000, 0x00000000e8000000)
  eden space 87424K, 100% used [0x00000000e0000000, 0x00000000e5560000, 0x00000000e5560000)
  from space 21824K,   0% used [0x00000000e5560000, 0x00000000e5560000, 0x00000000e6ab0000)
  to   space 21824K,   0% used [0x00000000e6ab0000, 0x00000000e6ab0000, 0x00000000e8000000)
 concurrent mark-sweep generation total 393216K, used 0K [0x00000000e8000000, 0x0000000100000000, 0x0000000100000000)
 Metaspace       used 18086K, capacity 18408K, committed 18688K, reserved 1064960K
  class space    used 2037K, capacity 2198K, committed 2304K, reserved 1048576K
2018-04-06T22:40:59.934+0200: 2,666: [GC (Allocation Failure) 2018-04-06T22:40:59.934+0200: 2,666: [ParNew
Desired survivor size 20112992 bytes, new threshold 8 (max 8)
- age   1:   12290256 bytes,   12290256 total
: 87424K->12107K(109248K), 0,0222402 secs] 87424K->12107K(502464K), 0,0223106 secs] [Times: user=0,06 sys=0,00, real=0,02 secs] 
Heap after GC invocations=1 (full 0):
 par new generation   total 109248K, used 12107K [0x00000000e0000000, 0x00000000e8000000, 0x00000000e8000000)
  eden space 87424K,   0% used [0x00000000e0000000, 0x00000000e0000000, 0x00000000e5560000)
  from space 21824K,  55% used [0x00000000e6ab0000, 0x00000000e7682cb8, 0x00000000e8000000)
  to   space 21824K,   0% used [0x00000000e5560000, 0x00000000e5560000, 0x00000000e6ab0000)
 concurrent mark-sweep generation total 393216K, used 0K [0x00000000e8000000, 0x0000000100000000, 0x0000000100000000)
 Metaspace       used 18086K, capacity 18408K, committed 18688K, reserved 1064960K
  class space    used 2037K, capacity 2198K, committed 2304K, reserved 1048576K
}
2018-04-06T22:40:59.956+0200: 2,689: Total time for which application threads were stopped: 0,0226491 seconds, Stopping threads took: 0,0000900 seconds
2018-04-06T22:41:00.610+0200: 3,343: Total time for which application threads were stopped: 0,0011911 seconds, Stopping threads took: 0,0007401 seconds
2018-04-06T22:41:00.729+0200: 3,462: Total time for which application threads were stopped: 0,0016590 seconds, Stopping threads took: 0,0011934 seconds
{Heap before GC invocations=1 (full 0):
 par new generation   total 109248K, used 99531K [0x00000000e0000000, 0x00000000e8000000, 0x00000000e8000000)
  eden space 87424K, 100% used [0x00000000e0000000, 0x00000000e5560000, 0x00000000e5560000)
  from space 21824K,  55% used [0x00000000e6ab0000, 0x00000000e7682cb8, 0x00000000e8000000)
  to   space 21824K,   0% used [0x00000000e5560000, 0x00000000e5560000, 0x00000000e6ab0000)
 concurrent mark-sweep generation total 393216K, used 0K [0x00000000e8000000, 0x0000000100000000, 0x0000000100000000)
 Metaspace       used 20107K, capacity 20490K, committed 20736K, reserved 1067008K
  class space    used 2296K, capacity 2467K, committed 2560K, reserved 1048576K
2018-04-06T22:41:00.763+0200: 3,496: [GC (Allocation Failure) 2018-04-06T22:41:00.763+0200: 3,496: [ParNew
Desired survivor size 20112992 bytes, new threshold 8 (max 8)
- age   1:    2902928 bytes,    2902928 total
- age   2:    6435096 bytes,    9338024 total
: 99531K->15293K(109248K), 0,0538574 secs] 99531K->15293K(502464K), 0,0539402 secs] [Times: user=0,10 sys=0,00, real=0,05 secs] 
Heap after GC invocations=2 (full 0):
 par new generation   total 109248K, used 15293K [0x00000000e0000000, 0x00000000e8000000, 0x00000000e8000000)
  eden space 87424K,   0% used [0x00000000e0000000, 0x00000000e0000000, 0x00000000e5560000)
  from space 21824K,  70% used [0x00000000e5560000, 0x00000000e644f740, 0x00000000e6ab0000)
  to   space 21824K,   0% used [0x00000000e6ab0000, 0x00000000e6ab0000, 0x00000000e8000000)
 concurrent mark-sweep generation total 393216K, used 0K [0x00000000e8000000, 0x0000000100000000, 0x0000000100000000)
 Metaspace       used 20107K, capacity 20490K, committed 20736K, reserved 1067008K
  class space    used 2296K, capacity 2467K, committed 2560K, reserved 1048576K
}
2018-04-06T22:41:00.817+0200: 3,550: Total time for which application threads were stopped: 0,0547106 seconds, Stopping threads took: 0,0005791 seconds
2018-04-06T22:41:00.927+0200: 3,660: Total time for which application threads were stopped: 0,0073883 seconds, Stopping threads took: 0,0057211 seconds
2018-04-06T22:41:01.270+0200: 4,003: Total time for which application threads were stopped: 0,0008292 seconds, Stopping threads took: 0,0001421 seconds
2018-04-06T22:41:01.372+0200: 4,105: Total time for which application threads were stopped: 0,0004535 seconds, Stopping threads took: 0,0001061 seconds
2018-04-06T22:41:01.398+0200: 4,131: Total time for which application threads were stopped: 0,0050600 seconds, Stopping threads took: 0,0043083 seconds
2018-04-06T22:41:01.409+0200: 4,142: Total time for which application threads were stopped: 0,0002994 seconds, Stopping threads took: 0,0001894 seconds
2018-04-06T22:41:01.413+0200: 4,146: Total time for which application threads were stopped: 0,0001918 seconds, Stopping threads took: 0,0000738 seconds
2018-04-06T22:41:01.424+0200: 4,157: Total time for which application threads were stopped: 0,0028548 seconds, Stopping threads took: 0,0026804 seconds
2018-04-06T22:41:01.429+0200: 4,161: Total time for which application threads were stopped: 0,0002049 seconds, Stopping threads took: 0,0000811 seconds
2018-04-06T22:41:01.431+0200: 4,163: Total time for which application threads were stopped: 0,0012342 seconds, Stopping threads took: 0,0011540 seconds
{Heap before GC invocations=2 (full 0):
 par new generation   total 109248K, used 102703K [0x00000000e0000000, 0x00000000e8000000, 0x00000000e8000000)
  eden space 87424K,  99% used [0x00000000e0000000, 0x00000000e555c768, 0x00000000e5560000)
  from space 21824K,  70% used [0x00000000e5560000, 0x00000000e644f740, 0x00000000e6ab0000)
  to   space 21824K,   0% used [0x00000000e6ab0000, 0x00000000e6ab0000, 0x00000000e8000000)
 concurrent mark-sweep generation total 393216K, used 0K [0x00000000e8000000, 0x0000000100000000, 0x0000000100000000)
 Metaspace       used 21048K, capacity 21354K, committed 21628K, reserved 1069056K
  class space    used 2424K, capacity 2587K, committed 2684K, reserved 1048576K
2018-04-06T22:41:01.431+0200: 4,164: [GC (Allocation Failure) 2018-04-06T22:41:01.431+0200: 4,164: [ParNew
Desired survivor size 20112992 bytes, new threshold 8 (max 8)
- age   1:    2510064 bytes,    2510064 total
- age   2:     546768 bytes,    3056832 total
- age   3:    6433160 bytes,    9489992 total
: 102703K->11526K(109248K), 0,0395765 secs] 102703K->11526K(502464K), 0,0396502 secs] [Times: user=0,06 sys=0,00, real=0,04 secs] 
Heap after GC invocations=3 (full 0):
 par new generation   total 109248K, used 11526K [0x00000000e0000000, 0x00000000e8000000, 0x00000000e8000000)
  eden space 87424K,   0% used [0x00000000e0000000, 0x00000000e0000000, 0x00000000e5560000)
  from space 21824K,  52% used [0x00000000e6ab0000, 0x00000000e75f1a80, 0x00000000e8000000)
  to   space 21824K,   0% used [0x00000000e5560000, 0x00000000e5560000, 0x00000000e6ab0000)
 concurrent mark-sweep generation total 393216K, used 0K [0x00000000e8000000, 0x0000000100000000, 0x0000000100000000)
 Metaspace       used 21048K, capacity 21354K, committed 21628K, reserved 1069056K
  class space    used 2424K, capacity 2587K, committed 2684K, reserved 1048576K
}
2018-04-06T22:41:01.471+0200: 4,204: Total time for which application threads were stopped: 0,0398367 seconds, Stopping threads took: 0,0000421 seconds
2018-04-06T22:41:01.476+0200: 4,209: [GC (CMS Initial Mark) [1 CMS-initial-mark: 0K(393216K)] 13701K(502464K), 0,0046258 secs] [Times: user=0,01 sys=0,00, real=0,00 secs] 
2018-04-06T22:41:01.481+0200: 4,214: Total time for which application threads were stopped: 0,0078207 seconds, Stopping threads took: 0,0028672 seconds
2018-04-06T22:41:01.481+0200: 4,214: [CMS-concurrent-mark-start]
2018-04-06T22:41:01.483+0200: 4,216: [CMS-concurrent-mark: 0,002/0,002 secs] [Times: user=0,01 sys=0,00, real=0,01 secs] 
2018-04-06T22:41:01.483+0200: 4,216: [CMS-concurrent-preclean-start]
2018-04-06T22:41:01.484+0200: 4,217: [CMS-concurrent-preclean: 0,001/0,001 secs] [Times: user=0,00 sys=0,00, real=0,00 secs] 
2018-04-06T22:41:01.484+0200: 4,217: [CMS-concurrent-abortable-preclean-start]
2018-04-06T22:41:01.489+0200: 4,222: Total time for which application threads were stopped: 0,0019129 seconds, Stopping threads took: 0,0018074 seconds
2018-04-06T22:41:01.490+0200: 4,222: Total time for which application threads were stopped: 0,0000920 seconds, Stopping threads took: 0,0000179 seconds
2018-04-06T22:41:01.501+0200: 4,234: Total time for which application threads were stopped: 0,0036807 seconds, Stopping threads took: 0,0035737 seconds
2018-04-06T22:41:01.505+0200: 4,238: Total time for which application threads were stopped: 0,0001957 seconds, Stopping threads took: 0,0000433 seconds
2018-04-06T22:41:01.529+0200: 4,262: Total time for which application threads were stopped: 0,0062262 seconds, Stopping threads took: 0,0061132 seconds
2018-04-06T22:41:01.618+0200: 4,351: Total time for which application threads were stopped: 0,0002202 seconds, Stopping threads took: 0,0000978 seconds
2018-04-06T22:41:01.660+0200: 4,393: Total time for which application threads were stopped: 0,0029534 seconds, Stopping threads took: 0,0028226 seconds
2018-04-06T22:41:01.660+0200: 4,393: [CMS-concurrent-abortable-preclean: 0,114/0,176 secs] [Times: user=0,43 sys=0,03, real=0,17 secs] 
2018-04-06T22:41:01.660+0200: 4,393: [GC (CMS Final Remark) [YG occupancy: 71968 K (109248 K)]{Heap before GC invocations=3 (full 1):
 par new generation   total 109248K, used 71968K [0x00000000e0000000, 0x00000000e8000000, 0x00000000e8000000)
  eden space 87424K,  69% used [0x00000000e0000000, 0x00000000e3b06920, 0x00000000e5560000)
  from space 21824K,  52% used [0x00000000e6ab0000, 0x00000000e75f1a80, 0x00000000e8000000)
  to   space 21824K,   0% used [0x00000000e5560000, 0x00000000e5560000, 0x00000000e6ab0000)
 concurrent mark-sweep generation total 393216K, used 0K [0x00000000e8000000, 0x0000000100000000, 0x0000000100000000)
 Metaspace       used 21243K, capacity 21601K, committed 21884K, reserved 1069056K
  class space    used 2442K, capacity 2597K, committed 2684K, reserved 1048576K
2018-04-06T22:41:01.660+0200: 4,393: [GC (CMS Final Remark) 2018-04-06T22:41:01.660+0200: 4,393: [ParNew
Desired survivor size 20112992 bytes, new threshold 8 (max 8)
- age   1:    1332408 bytes,    1332408 total
- age   2:    1449576 bytes,    2781984 total
- age   3:     544656 bytes,    3326640 total
- age   4:    6433144 bytes,    9759784 total
: 71968K->11997K(109248K), 0,0271109 secs] 71968K->11997K(502464K), 0,0271633 secs] [Times: user=0,04 sys=0,01, real=0,03 secs] 
Heap after GC invocations=4 (full 1):
 par new generation   total 109248K, used 11997K [0x00000000e0000000, 0x00000000e8000000, 0x00000000e8000000)
  eden space 87424K,   0% used [0x00000000e0000000, 0x00000000e0000000, 0x00000000e5560000)
  from space 21824K,  54% used [0x00000000e5560000, 0x00000000e6117700, 0x00000000e6ab0000)
  to   space 21824K,   0% used [0x00000000e6ab0000, 0x00000000e6ab0000, 0x00000000e8000000)
 concurrent mark-sweep generation total 393216K, used 0K [0x00000000e8000000, 0x0000000100000000, 0x0000000100000000)
 Metaspace       used 21243K, capacity 21601K, committed 21884K, reserved 1069056K
  class space    used 2442K, capacity 2597K, committed 2684K, reserved 1048576K
}
2018-04-06T22:41:01.688+0200: 4,420: [Rescan (parallel) , 0,0101930 secs]2018-04-06T22:41:01.698+0200: 4,431: [weak refs processing, 0,0035964 secs]2018-04-06T22:41:01.702+0200: 4,434: [class unloading, 0,0034990 secs]2018-04-06T22:41:01.705+0200: 4,438: [scrub symbol table, 0,0120507 secs]2018-04-06T22:41:01.717+0200: 4,450: [scrub string table, 0,0005127 secs][1 CMS-remark: 0K(393216K)] 11997K(502464K), 0,0579091 secs] [Times: user=0,09 sys=0,01, real=0,06 secs] 
2018-04-06T22:41:01.718+0200: 4,451: Total time for which application threads were stopped: 0,0580380 seconds, Stopping threads took: 0,0000465 seconds
2018-04-06T22:41:01.720+0200: 4,453: [CMS-concurrent-sweep-start]
2018-04-06T22:41:01.720+0200: 4,453: [CMS-concurrent-sweep: 0,000/0,000 secs] [Times: user=0,00 sys=0,00, real=0,00 secs] 
2018-04-06T22:41:01.720+0200: 4,453: [CMS-concurrent-reset-start]
2018-04-06T22:41:01.723+0200: 4,456: [CMS-concurrent-reset: 0,003/0,003 secs] [Times: user=0,01 sys=0,00, real=0,01 secs] 
2018-04-06T22:41:01.734+0200: 4,467: Total time for which application threads were stopped: 0,0002961 seconds, Stopping threads took: 0,0001328 seconds
2018-04-06T22:41:01.734+0200: 4,467: Total time for which application threads were stopped: 0,0000979 seconds, Stopping threads took: 0,0000335 seconds
2018-04-06T22:41:01.735+0200: 4,467: Total time for which application threads were stopped: 0,0000664 seconds, Stopping threads took: 0,0000093 seconds
2018-04-06T22:41:01.735+0200: 4,468: Total time for which application threads were stopped: 0,0000969 seconds, Stopping threads took: 0,0000258 seconds
2018-04-06T22:41:01.737+0200: 4,470: Total time for which application threads were stopped: 0,0005192 seconds, Stopping threads took: 0,0004108 seconds
2018-04-06T22:41:01.737+0200: 4,470: Total time for which application threads were stopped: 0,0002239 seconds, Stopping threads took: 0,0000897 seconds
2018-04-06T22:41:01.737+0200: 4,470: Total time for which application threads were stopped: 0,0001310 seconds, Stopping threads took: 0,0000165 seconds
2018-04-06T22:41:01.738+0200: 4,471: Total time for which application threads were stopped: 0,0001140 seconds, Stopping threads took: 0,0000128 seconds
2018-04-06T22:41:01.739+0200: 4,472: Total time for which application threads were stopped: 0,0001851 seconds, Stopping threads took: 0,0000304 seconds
2018-04-06T22:41:01.740+0200: 4,472: Total time for which application threads were stopped: 0,0001451 seconds, Stopping threads took: 0,0000318 seconds
2018-04-06T22:41:01.740+0200: 4,473: Total time for which application threads were stopped: 0,0001036 seconds, Stopping threads took: 0,0000181 seconds
2018-04-06T22:41:01.747+0200: 4,480: Total time for which application threads were stopped: 0,0005087 seconds, Stopping threads took: 0,0001630 seconds
2018-04-06T22:41:01.751+0200: 4,484: Total time for which application threads were stopped: 0,0025574 seconds, Stopping threads took: 0,0023002 seconds
2018-04-06T22:41:01.752+0200: 4,485: Total time for which application threads were stopped: 0,0001594 seconds, Stopping threads took: 0,0000302 seconds
2018-04-06T22:41:01.752+0200: 4,485: Total time for which application threads were stopped: 0,0001411 seconds, Stopping threads took: 0,0000719 seconds
2018-04-06T22:41:01.752+0200: 4,485: Total time for which application threads were stopped: 0,0001172 seconds, Stopping threads took: 0,0000472 seconds
2018-04-06T22:41:01.753+0200: 4,485: Total time for which application threads were stopped: 0,0000977 seconds, Stopping threads took: 0,0000159 seconds
2018-04-06T22:41:01.753+0200: 4,486: Total time for which application threads were stopped: 0,0001711 seconds, Stopping threads took: 0,0000900 seconds
2018-04-06T22:41:01.753+0200: 4,486: Total time for which application threads were stopped: 0,0000890 seconds, Stopping threads took: 0,0000144 seconds
2018-04-06T22:41:01.754+0200: 4,487: Total time for which application threads were stopped: 0,0001232 seconds, Stopping threads took: 0,0000154 seconds
2018-04-06T22:41:01.754+0200: 4,487: Total time for which application threads were stopped: 0,0000985 seconds, Stopping threads took: 0,0000137 seconds
2018-04-06T22:41:01.756+0200: 4,489: Total time for which application threads were stopped: 0,0005706 seconds, Stopping threads took: 0,0004625 seconds
2018-04-06T22:41:01.757+0200: 4,490: Total time for which application threads were stopped: 0,0003997 seconds, Stopping threads took: 0,0000913 seconds
2018-04-06T22:41:01.767+0200: 4,500: Total time for which application threads were stopped: 0,0024341 seconds, Stopping threads took: 0,0017305 seconds
2018-04-06T22:41:01.865+0200: 4,598: Total time for which application threads were stopped: 0,0028487 seconds, Stopping threads took: 0,0027203 seconds
2018-04-06T22:41:01.869+0200: 4,602: Total time for which application threads were stopped: 0,0001986 seconds, Stopping threads took: 0,0000658 seconds
2018-04-06T22:41:01.882+0200: 4,615: Total time for which application threads were stopped: 0,0097799 seconds, Stopping threads took: 0,0082754 seconds
2018-04-06T22:41:01.970+0200: 4,703: Total time for which application threads were stopped: 0,0005958 seconds, Stopping threads took: 0,0004944 seconds
2018-04-06T22:41:01.971+0200: 4,704: Total time for which application threads were stopped: 0,0006200 seconds, Stopping threads took: 0,0004462 seconds
2018-04-06T22:41:01.974+0200: 4,706: Total time for which application threads were stopped: 0,0011460 seconds, Stopping threads took: 0,0009928 seconds
2018-04-06T22:41:01.974+0200: 4,707: Total time for which application threads were stopped: 0,0001427 seconds, Stopping threads took: 0,0000473 seconds
2018-04-06T22:41:01.984+0200: 4,717: Total time for which application threads were stopped: 0,0002042 seconds, Stopping threads took: 0,0000727 seconds
2018-04-06T22:41:01.985+0200: 4,717: Total time for which application threads were stopped: 0,0001338 seconds, Stopping threads took: 0,0000364 seconds
2018-04-06T22:41:01.985+0200: 4,718: Total time for which application threads were stopped: 0,0001149 seconds, Stopping threads took: 0,0000247 seconds
2018-04-06T22:41:01.985+0200: 4,718: Total time for which application threads were stopped: 0,0001768 seconds, Stopping threads took: 0,0000380 seconds
2018-04-06T22:41:02.004+0200: 4,737: Total time for which application threads were stopped: 0,0014337 seconds, Stopping threads took: 0,0010562 seconds
2018-04-06T22:41:02.004+0200: 4,737: Total time for which application threads were stopped: 0,0006182 seconds, Stopping threads took: 0,0001178 seconds
2018-04-06T22:41:02.010+0200: 4,743: Total time for which application threads were stopped: 0,0009195 seconds, Stopping threads took: 0,0008095 seconds
2018-04-06T22:41:02.010+0200: 4,743: Total time for which application threads were stopped: 0,0001086 seconds, Stopping threads took: 0,0000404 seconds
2018-04-06T22:41:02.018+0200: 4,751: Total time for which application threads were stopped: 0,0063706 seconds, Stopping threads took: 0,0049341 seconds
2018-04-06T22:41:02.021+0200: 4,754: Total time for which application threads were stopped: 0,0002752 seconds, Stopping threads took: 0,0001506 seconds
2018-04-06T22:41:02.027+0200: 4,760: Total time for which application threads were stopped: 0,0012405 seconds, Stopping threads took: 0,0011286 seconds
{Heap before GC invocations=4 (full 1):
 par new generation   total 109248K, used 99421K [0x00000000e0000000, 0x00000000e8000000, 0x00000000e8000000)
  eden space 87424K, 100% used [0x00000000e0000000, 0x00000000e5560000, 0x00000000e5560000)
  from space 21824K,  54% used [0x00000000e5560000, 0x00000000e6117700, 0x00000000e6ab0000)
  to   space 21824K,   0% used [0x00000000e6ab0000, 0x00000000e6ab0000, 0x00000000e8000000)
 concurrent mark-sweep generation total 393216K, used 0K [0x00000000e8000000, 0x0000000100000000, 0x0000000100000000)
 Metaspace       used 21388K, capacity 21781K, committed 21884K, reserved 1069056K
  class space    used 2463K, capacity 2633K, committed 2684K, reserved 1048576K
2018-04-06T22:41:02.045+0200: 4,778: [GC (Allocation Failure) 2018-04-06T22:41:02.048+0200: 4,781: [ParNew
Desired survivor size 20112992 bytes, new threshold 8 (max 8)
- age   1:     839208 bytes,     839208 total
- age   2:     119800 bytes,     959008 total
- age   3:    1449000 bytes,    2408008 total
- age   4:     540656 bytes,    2948664 total
- age   5:    6433168 bytes,    9381832 total
: 99421K->11434K(109248K), 0,0295468 secs] 99421K->11434K(502464K), 0,0319763 secs] [Times: user=0,06 sys=0,00, real=0,03 secs] 
Heap after GC invocations=5 (full 1):
 par new generation   total 109248K, used 11434K [0x00000000e0000000, 0x00000000e8000000, 0x00000000e8000000)
  eden space 87424K,   0% used [0x00000000e0000000, 0x00000000e0000000, 0x00000000e5560000)
  from space 21824K,  52% used [0x00000000e6ab0000, 0x00000000e75dabb0, 0x00000000e8000000)
  to   space 21824K,   0% used [0x00000000e5560000, 0x00000000e5560000, 0x00000000e6ab0000)
 concurrent mark-sweep generation total 393216K, used 0K [0x00000000e8000000, 0x0000000100000000, 0x0000000100000000)
 Metaspace       used 21388K, capacity 21781K, committed 21884K, reserved 1069056K
  class space    used 2463K, capacity 2633K, committed 2684K, reserved 1048576K
}
2018-04-06T22:41:02.078+0200: 4,810: Total time for which application threads were stopped: 0,0351209 seconds, Stopping threads took: 0,0029383 seconds
2018-04-06T22:41:02.094+0200: 4,827: Total time for which application threads were stopped: 0,0007078 seconds, Stopping threads took: 0,0002305 seconds
2018-04-06T22:41:02.097+0200: 4,830: Total time for which application threads were stopped: 0,0011939 seconds, Stopping threads took: 0,0010510 seconds
2018-04-06T22:41:02.100+0200: 4,832: Total time for which application threads were stopped: 0,0002127 seconds, Stopping threads took: 0,0000907 seconds
2018-04-06T22:41:02.100+0200: 4,833: Total time for which application threads were stopped: 0,0000727 seconds, Stopping threads took: 0,0000131 seconds
2018-04-06T22:41:02.250+0200: 4,983: Total time for which application threads were stopped: 0,0001596 seconds, Stopping threads took: 0,0000440 seconds
2018-04-06T22:41:02.251+0200: 4,984: Total time for which application threads were stopped: 0,0001174 seconds, Stopping threads took: 0,0000458 seconds
2018-04-06T22:41:02.254+0200: 4,986: Total time for which application threads were stopped: 0,0020796 seconds, Stopping threads took: 0,0020063 seconds
2018-04-06T22:41:02.284+0200: 5,017: Total time for which application threads were stopped: 0,0002961 seconds, Stopping threads took: 0,0000658 seconds
2018-04-06T22:41:02.286+0200: 5,019: Total time for which application threads were stopped: 0,0003518 seconds, Stopping threads took: 0,0000264 seconds
2018-04-06T22:41:02.304+0200: 5,037: Total time for which application threads were stopped: 0,0005030 seconds, Stopping threads took: 0,0004128 seconds
2018-04-06T22:41:02.419+0200: 5,152: Total time for which application threads were stopped: 0,0002294 seconds, Stopping threads took: 0,0001094 seconds
2018-04-06T22:41:02.420+0200: 5,153: Total time for which application threads were stopped: 0,0001138 seconds, Stopping threads took: 0,0000276 seconds
2018-04-06T22:41:02.430+0200: 5,163: Total time for which application threads were stopped: 0,0011309 seconds, Stopping threads took: 0,0008253 seconds
2018-04-06T22:41:02.442+0200: 5,175: Total time for which application threads were stopped: 0,0003321 seconds, Stopping threads took: 0,0002469 seconds
2018-04-06T22:41:02.466+0200: 5,199: Total time for which application threads were stopped: 0,0001209 seconds, Stopping threads took: 0,0000505 seconds
2018-04-06T22:41:02.633+0200: 5,366: Total time for which application threads were stopped: 0,0083568 seconds, Stopping threads took: 0,0081787 seconds
2018-04-06T22:41:02.877+0200: 5,609: Total time for which application threads were stopped: 0,0001838 seconds, Stopping threads took: 0,0000535 seconds
2018-04-06T22:41:02.929+0200: 5,661: Total time for which application threads were stopped: 0,0010625 seconds, Stopping threads took: 0,0009460 seconds
2018-04-06T22:41:02.974+0200: 5,707: Total time for which application threads were stopped: 0,0005749 seconds, Stopping threads took: 0,0004590 seconds
2018-04-06T22:41:02.975+0200: 5,708: Total time for which application threads were stopped: 0,0001308 seconds, Stopping threads took: 0,0000289 seconds
2018-04-06T22:41:02.975+0200: 5,708: Total time for which application threads were stopped: 0,0000624 seconds, Stopping threads took: 0,0000120 seconds
2018-04-06T22:41:02.976+0200: 5,708: Total time for which application threads were stopped: 0,0000626 seconds, Stopping threads took: 0,0000123 seconds
2018-04-06T22:41:02.976+0200: 5,709: Total time for which application threads were stopped: 0,0000534 seconds, Stopping threads took: 0,0000111 seconds
2018-04-06T22:41:02.976+0200: 5,709: Total time for which application threads were stopped: 0,0000534 seconds, Stopping threads took: 0,0000101 seconds
2018-04-06T22:41:02.977+0200: 5,709: Total time for which application threads were stopped: 0,0002218 seconds, Stopping threads took: 0,0000330 seconds
2018-04-06T22:41:03.032+0200: 5,764: Total time for which application threads were stopped: 0,0005204 seconds, Stopping threads took: 0,0000584 seconds
2018-04-06T22:41:03.046+0200: 5,779: Total time for which application threads were stopped: 0,0037250 seconds, Stopping threads took: 0,0035656 seconds
2018-04-06T22:41:03.047+0200: 5,780: Total time for which application threads were stopped: 0,0006631 seconds, Stopping threads took: 0,0001064 seconds
2018-04-06T22:41:03.079+0200: 5,812: Total time for which application threads were stopped: 0,0015243 seconds, Stopping threads took: 0,0011535 seconds
2018-04-06T22:41:03.135+0200: 5,868: Total time for which application threads were stopped: 0,0015382 seconds, Stopping threads took: 0,0011958 seconds
2018-04-06T22:41:03.146+0200: 5,879: Total time for which application threads were stopped: 0,0001197 seconds, Stopping threads took: 0,0000361 seconds
2018-04-06T22:41:03.175+0200: 5,908: Total time for which application threads were stopped: 0,0062704 seconds, Stopping threads took: 0,0059272 seconds
2018-04-06T22:41:03.210+0200: 5,943: Total time for which application threads were stopped: 0,0004021 seconds, Stopping threads took: 0,0000338 seconds
2018-04-06T22:41:03.213+0200: 5,946: Total time for which application threads were stopped: 0,0005543 seconds, Stopping threads took: 0,0004751 seconds
2018-04-06T22:41:03.238+0200: 5,971: Total time for which application threads were stopped: 0,0033785 seconds, Stopping threads took: 0,0026696 seconds
2018-04-06T22:41:03.240+0200: 5,973: Total time for which application threads were stopped: 0,0001204 seconds, Stopping threads took: 0,0000204 seconds
2018-04-06T22:41:03.241+0200: 5,974: Total time for which application threads were stopped: 0,0001750 seconds, Stopping threads took: 0,0000533 seconds
2018-04-06T22:41:03.583+0200: 6,316: Total time for which application threads were stopped: 0,0006119 seconds, Stopping threads took: 0,0004554 seconds
2018-04-06T22:41:03.635+0200: 6,368: Total time for which application threads were stopped: 0,0002811 seconds, Stopping threads took: 0,0000875 seconds
2018-04-06T22:41:03.637+0200: 6,369: Total time for which application threads were stopped: 0,0001835 seconds, Stopping threads took: 0,0000657 seconds
2018-04-06T22:41:03.680+0200: 6,413: Total time for which application threads were stopped: 0,0001646 seconds, Stopping threads took: 0,0000767 seconds
2018-04-06T22:41:03.689+0200: 6,422: Total time for which application threads were stopped: 0,0063473 seconds, Stopping threads took: 0,0062454 seconds
{Heap before GC invocations=5 (full 1):
 par new generation   total 109248K, used 98858K [0x00000000e0000000, 0x00000000e8000000, 0x00000000e8000000)
  eden space 87424K, 100% used [0x00000000e0000000, 0x00000000e5560000, 0x00000000e5560000)
  from space 21824K,  52% used [0x00000000e6ab0000, 0x00000000e75dabb0, 0x00000000e8000000)
  to   space 21824K,   0% used [0x00000000e5560000, 0x00000000e5560000, 0x00000000e6ab0000)
 concurrent mark-sweep generation total 393216K, used 0K [0x00000000e8000000, 0x0000000100000000, 0x0000000100000000)
 Metaspace       used 24843K, capacity 25219K, committed 25468K, reserved 1071104K
  class space    used 2897K, capacity 3074K, committed 3196K, reserved 1048576K
2018-04-06T22:41:03.822+0200: 6,555: [GC (Allocation Failure) 2018-04-06T22:41:03.822+0200: 6,555: [ParNew
Desired survivor size 20112992 bytes, new threshold 8 (max 8)
- age   1:    5006712 bytes,    5006712 total
- age   2:     121216 bytes,    5127928 total
- age   3:     114904 bytes,    5242832 total
- age   4:     276888 bytes,    5519720 total
- age   5:     521304 bytes,    6041024 total
- age   6:    6427152 bytes,   12468176 total
: 98858K->16027K(109248K), 0,0413103 secs] 98858K->16027K(502464K), 0,0415469 secs] [Times: user=0,08 sys=0,01, real=0,04 secs] 
Heap after GC invocations=6 (full 1):
 par new generation   total 109248K, used 16027K [0x00000000e0000000, 0x00000000e8000000, 0x00000000e8000000)
  eden space 87424K,   0% used [0x00000000e0000000, 0x00000000e0000000, 0x00000000e5560000)
  from space 21824K,  73% used [0x00000000e5560000, 0x00000000e6506d10, 0x00000000e6ab0000)
  to   space 21824K,   0% used [0x00000000e6ab0000, 0x00000000e6ab0000, 0x00000000e8000000)
 concurrent mark-sweep generation total 393216K, used 0K [0x00000000e8000000, 0x0000000100000000, 0x0000000100000000)
 Metaspace       used 24843K, capacity 25219K, committed 25468K, reserved 1071104K
  class space    used 2897K, capacity 3074K, committed 3196K, reserved 1048576K
}
2018-04-06T22:41:03.864+0200: 6,597: Total time for which application threads were stopped: 0,0420149 seconds, Stopping threads took: 0,0001794 seconds
2018-04-06T22:41:04.156+0200: 6,889: Total time for which application threads were stopped: 0,0064243 seconds, Stopping threads took: 0,0062720 seconds
2018-04-06T22:41:04.177+0200: 6,910: Total time for which application threads were stopped: 0,0001417 seconds, Stopping threads took: 0,0000349 seconds
2018-04-06T22:41:04.190+0200: 6,923: Total time for which application threads were stopped: 0,0022664 seconds, Stopping threads took: 0,0019033 seconds
2018-04-06T22:41:04.190+0200: 6,923: Total time for which application threads were stopped: 0,0001184 seconds, Stopping threads took: 0,0000358 seconds
2018-04-06T22:41:04.195+0200: 6,928: Total time for which application threads were stopped: 0,0001663 seconds, Stopping threads took: 0,0000549 seconds
2018-04-06T22:41:04.218+0200: 6,951: Total time for which application threads were stopped: 0,0029337 seconds, Stopping threads took: 0,0027718 seconds
2018-04-06T22:41:04.269+0200: 7,002: Total time for which application threads were stopped: 0,0074383 seconds, Stopping threads took: 0,0073268 seconds
2018-04-06T22:41:04.352+0200: 7,085: Total time for which application threads were stopped: 0,0005961 seconds, Stopping threads took: 0,0004633 seconds
2018-04-06T22:41:04.507+0200: 7,240: Total time for which application threads were stopped: 0,0019744 seconds, Stopping threads took: 0,0014380 seconds
2018-04-06T22:41:04.514+0200: 7,247: Total time for which application threads were stopped: 0,0010630 seconds, Stopping threads took: 0,0005809 seconds
2018-04-06T22:41:04.570+0200: 7,303: Total time for which application threads were stopped: 0,0005485 seconds, Stopping threads took: 0,0001573 seconds
2018-04-06T22:41:04.722+0200: 7,454: Total time for which application threads were stopped: 0,0012502 seconds, Stopping threads took: 0,0008940 seconds
2018-04-06T22:41:04.723+0200: 7,455: Total time for which application threads were stopped: 0,0001322 seconds, Stopping threads took: 0,0000673 seconds
2018-04-06T22:41:04.736+0200: 7,469: Total time for which application threads were stopped: 0,0007581 seconds, Stopping threads took: 0,0006214 seconds
2018-04-06T22:41:04.736+0200: 7,469: Total time for which application threads were stopped: 0,0001535 seconds, Stopping threads took: 0,0000232 seconds
2018-04-06T22:41:04.822+0200: 7,554: Total time for which application threads were stopped: 0,0001773 seconds, Stopping threads took: 0,0000805 seconds
2018-04-06T22:41:04.829+0200: 7,562: Total time for which application threads were stopped: 0,0003607 seconds, Stopping threads took: 0,0000695 seconds
2018-04-06T22:41:04.838+0200: 7,571: Total time for which application threads were stopped: 0,0001239 seconds, Stopping threads took: 0,0000551 seconds
2018-04-06T22:41:04.847+0200: 7,580: Total time for which application threads were stopped: 0,0002205 seconds, Stopping threads took: 0,0001138 seconds
2018-04-06T22:41:04.894+0200: 7,626: Total time for which application threads were stopped: 0,0041438 seconds, Stopping threads took: 0,0040486 seconds
2018-04-06T22:41:04.906+0200: 7,638: Total time for which application threads were stopped: 0,0031342 seconds, Stopping threads took: 0,0029435 seconds
2018-04-06T22:41:04.932+0200: 7,665: Total time for which application threads were stopped: 0,0025722 seconds, Stopping threads took: 0,0023790 seconds
2018-04-06T22:41:05.010+0200: 7,743: Total time for which application threads were stopped: 0,0073625 seconds, Stopping threads took: 0,0072015 seconds
2018-04-06T22:41:05.011+0200: 7,744: Total time for which application threads were stopped: 0,0006506 seconds, Stopping threads took: 0,0000389 seconds
2018-04-06T22:41:05.033+0200: 7,766: Total time for which application threads were stopped: 0,0027281 seconds, Stopping threads took: 0,0025689 seconds
2018-04-06T22:41:05.128+0200: 7,861: Total time for which application threads were stopped: 0,0083299 seconds, Stopping threads took: 0,0075899 seconds
{Heap before GC invocations=6 (full 1):
 par new generation   total 109248K, used 103451K [0x00000000e0000000, 0x00000000e8000000, 0x00000000e8000000)
  eden space 87424K, 100% used [0x00000000e0000000, 0x00000000e5560000, 0x00000000e5560000)
  from space 21824K,  73% used [0x00000000e5560000, 0x00000000e6506d10, 0x00000000e6ab0000)
  to   space 21824K,   0% used [0x00000000e6ab0000, 0x00000000e6ab0000, 0x00000000e8000000)
 concurrent mark-sweep generation total 393216K, used 0K [0x00000000e8000000, 0x0000000100000000, 0x0000000100000000)
 Metaspace       used 27985K, capacity 28541K, committed 28796K, reserved 1075200K
  class space    used 3220K, capacity 3415K, committed 3452K, reserved 1048576K
2018-04-06T22:41:05.349+0200: 8,081: [GC (Allocation Failure) 2018-04-06T22:41:05.349+0200: 8,082: [ParNew
Desired survivor size 20112992 bytes, new threshold 7 (max 8)
- age   1:   12813776 bytes,   12813776 total
- age   2:    2078792 bytes,   14892568 total
- age   3:     118000 bytes,   15010568 total
- age   4:     114664 bytes,   15125232 total
- age   5:     276168 bytes,   15401400 total
- age   6:     512008 bytes,   15913408 total
- age   7:    6417920 bytes,   22331328 total
: 103451K->21824K(109248K), 0,0789326 secs] 103451K->23846K(502464K), 0,0791043 secs] [Times: user=0,12 sys=0,01, real=0,08 secs] 
Heap after GC invocations=7 (full 1):
 par new generation   total 109248K, used 21824K [0x00000000e0000000, 0x00000000e8000000, 0x00000000e8000000)
  eden space 87424K,   0% used [0x00000000e0000000, 0x00000000e0000000, 0x00000000e5560000)
  from space 21824K, 100% used [0x00000000e6ab0000, 0x00000000e8000000, 0x00000000e8000000)
  to   space 21824K,   0% used [0x00000000e5560000, 0x00000000e5560000, 0x00000000e6ab0000)
 concurrent mark-sweep generation total 393216K, used 2022K [0x00000000e8000000, 0x0000000100000000, 0x0000000100000000)
 Metaspace       used 27985K, capacity 28541K, committed 28796K, reserved 1075200K
  class space    used 3220K, capacity 3415K, committed 3452K, reserved 1048576K
}
2018-04-06T22:41:05.428+0200: 8,161: Total time for which application threads were stopped: 0,0915974 seconds, Stopping threads took: 0,0121366 seconds
2018-04-06T22:41:05.435+0200: 8,167: Total time for which application threads were stopped: 0,0008275 seconds, Stopping threads took: 0,0007207 seconds
2018-04-06T22:41:05.442+0200: 8,174: Total time for which application threads were stopped: 0,0014682 seconds, Stopping threads took: 0,0013687 seconds
2018-04-06T22:41:05.447+0200: 8,180: Total time for which application threads were stopped: 0,0018287 seconds, Stopping threads took: 0,0012300 seconds
2018-04-06T22:41:05.449+0200: 8,181: Total time for which application threads were stopped: 0,0001351 seconds, Stopping threads took: 0,0000317 seconds
{Heap before GC invocations=7 (full 1):
 par new generation   total 109248K, used 109248K [0x00000000e0000000, 0x00000000e8000000, 0x00000000e8000000)
  eden space 87424K, 100% used [0x00000000e0000000, 0x00000000e5560000, 0x00000000e5560000)
  from space 21824K, 100% used [0x00000000e6ab0000, 0x00000000e8000000, 0x00000000e8000000)
  to   space 21824K,   0% used [0x00000000e5560000, 0x00000000e5560000, 0x00000000e6ab0000)
 concurrent mark-sweep generation total 393216K, used 2022K [0x00000000e8000000, 0x0000000100000000, 0x0000000100000000)
 Metaspace       used 28022K, capacity 28623K, committed 28796K, reserved 1075200K
  class space    used 3221K, capacity 3418K, committed 3452K, reserved 1048576K
2018-04-06T22:41:05.670+0200: 8,403: [GC (Allocation Failure) 2018-04-06T22:41:05.670+0200: 8,403: [ParNew
Desired survivor size 20112992 bytes, new threshold 8 (max 8)
- age   1:    1212792 bytes,    1212792 total
- age   2:   11464248 bytes,   12677040 total
- age   3:    2078752 bytes,   14755792 total
- age   4:     118000 bytes,   14873792 total
- age   5:     114560 bytes,   14988352 total
- age   6:     276168 bytes,   15264520 total
- age   7:     512008 bytes,   15776528 total
: 109248K->21824K(109248K), 0,1051161 secs] 111270K->30661K(502464K), 0,1052105 secs] [Times: user=0,17 sys=0,00, real=0,10 secs] 
Heap after GC invocations=8 (full 1):
 par new generation   total 109248K, used 21824K [0x00000000e0000000, 0x00000000e8000000, 0x00000000e8000000)
  eden space 87424K,   0% used [0x00000000e0000000, 0x00000000e0000000, 0x00000000e5560000)
  from space 21824K, 100% used [0x00000000e5560000, 0x00000000e6ab0000, 0x00000000e6ab0000)
  to   space 21824K,   0% used [0x00000000e6ab0000, 0x00000000e6ab0000, 0x00000000e8000000)
 concurrent mark-sweep generation total 393216K, used 8837K [0x00000000e8000000, 0x0000000100000000, 0x0000000100000000)
 Metaspace       used 28022K, capacity 28623K, committed 28796K, reserved 1075200K
  class space    used 3221K, capacity 3418K, committed 3452K, reserved 1048576K
}
2018-04-06T22:41:05.776+0200: 8,509: Total time for which application threads were stopped: 0,1059204 seconds, Stopping threads took: 0,0003862 seconds
{Heap before GC invocations=8 (full 1):
 par new generation   total 109248K, used 109248K [0x00000000e0000000, 0x00000000e8000000, 0x00000000e8000000)
  eden space 87424K, 100% used [0x00000000e0000000, 0x00000000e5560000, 0x00000000e5560000)
  from space 21824K, 100% used [0x00000000e5560000, 0x00000000e6ab0000, 0x00000000e6ab0000)
  to   space 21824K,   0% used [0x00000000e6ab0000, 0x00000000e6ab0000, 0x00000000e8000000)
 concurrent mark-sweep generation total 393216K, used 8837K [0x00000000e8000000, 0x0000000100000000, 0x0000000100000000)
 Metaspace       used 28078K, capacity 28719K, committed 29052K, reserved 1075200K
  class space    used 3225K, capacity 3424K, committed 3452K, reserved 1048576K
2018-04-06T22:41:06.038+0200: 8,771: [GC (Allocation Failure) 2018-04-06T22:41:06.038+0200: 8,771: [ParNew
Desired survivor size 20112992 bytes, new threshold 8 (max 8)
- age   1:     451296 bytes,     451296 total
- age   2:     932048 bytes,    1383344 total
- age   3:   11464248 bytes,   12847592 total
- age   4:    2078752 bytes,   14926344 total
- age   5:     117896 bytes,   15044240 total
- age   6:     114528 bytes,   15158768 total
- age   7:     276168 bytes,   15434936 total
- age   8:     512008 bytes,   15946944 total
: 109248K->20318K(109248K), 0,0853333 secs] 118085K->29155K(502464K), 0,0854208 secs] [Times: user=0,13 sys=0,00, real=0,09 secs] 
Heap after GC invocations=9 (full 1):
 par new generation   total 109248K, used 20318K [0x00000000e0000000, 0x00000000e8000000, 0x00000000e8000000)
  eden space 87424K,   0% used [0x00000000e0000000, 0x00000000e0000000, 0x00000000e5560000)
  from space 21824K,  93% used [0x00000000e6ab0000, 0x00000000e7e87810, 0x00000000e8000000)
  to   space 21824K,   0% used [0x00000000e5560000, 0x00000000e5560000, 0x00000000e6ab0000)
 concurrent mark-sweep generation total 393216K, used 8837K [0x00000000e8000000, 0x0000000100000000, 0x0000000100000000)
 Metaspace       used 28078K, capacity 28719K, committed 29052K, reserved 1075200K
  class space    used 3225K, capacity 3424K, committed 3452K, reserved 1048576K
}
2018-04-06T22:41:06.123+0200: 8,856: Total time for which application threads were stopped: 0,0857289 seconds, Stopping threads took: 0,0000760 seconds
2018-04-06T22:41:06.560+0200: 9,292: Total time for which application threads were stopped: 0,0094962 seconds, Stopping threads took: 0,0091614 seconds
2018-04-06T22:41:06.680+0200: 9,413: Total time for which application threads were stopped: 0,0086755 seconds, Stopping threads took: 0,0085111 seconds
2018-04-06T22:41:06.740+0200: 9,473: Total time for which application threads were stopped: 0,0069526 seconds, Stopping threads took: 0,0068204 seconds
2018-04-06T22:41:06.789+0200: 9,522: Total time for which application threads were stopped: 0,0121065 seconds, Stopping threads took: 0,0119917 seconds
2018-04-06T22:41:07.790+0200: 10,522: Total time for which application threads were stopped: 0,0001377 seconds, Stopping threads took: 0,0000251 seconds
2018-04-06T22:41:09.496+0200: 12,229: Total time for which application threads were stopped: 0,0004922 seconds, Stopping threads took: 0,0000227 seconds
2018-04-06T22:41:09.558+0200: 12,290: Total time for which application threads were stopped: 0,0002200 seconds, Stopping threads took: 0,0000243 seconds
2018-04-06T22:41:09.591+0200: 12,324: Total time for which application threads were stopped: 0,0001525 seconds, Stopping threads took: 0,0000415 seconds
2018-04-06T22:41:09.591+0200: 12,324: Total time for which application threads were stopped: 0,0000445 seconds, Stopping threads took: 0,0000110 seconds
2018-04-06T22:41:09.699+0200: 12,432: Total time for which application threads were stopped: 0,0001789 seconds, Stopping threads took: 0,0000284 seconds
2018-04-06T22:41:10.700+0200: 13,433: Total time for which application threads were stopped: 0,0008296 seconds, Stopping threads took: 0,0004785 seconds
2018-04-06T22:41:11.701+0200: 14,434: Total time for which application threads were stopped: 0,0003036 seconds, Stopping threads took: 0,0001271 seconds
2018-04-06T22:41:11.761+0200: 14,494: Total time for which application threads were stopped: 0,0001095 seconds, Stopping threads took: 0,0000316 seconds
2018-04-06T22:41:11.763+0200: 14,496: Total time for which application threads were stopped: 0,0001411 seconds, Stopping threads took: 0,0000368 seconds
2018-04-06T22:41:11.883+0200: 14,616: Total time for which application threads were stopped: 0,0001435 seconds, Stopping threads took: 0,0000332 seconds
2018-04-06T22:41:11.883+0200: 14,616: Total time for which application threads were stopped: 0,0001727 seconds, Stopping threads took: 0,0000173 seconds
2018-04-06T22:41:12.884+0200: 15,617: Total time for which application threads were stopped: 0,0001640 seconds, Stopping threads took: 0,0000336 seconds
2018-04-06T22:41:14.885+0200: 17,617: Total time for which application threads were stopped: 0,0002102 seconds, Stopping threads took: 0,0000502 seconds
2018-04-06T22:41:15.886+0200: 18,618: Total time for which application threads were stopped: 0,0008491 seconds, Stopping threads took: 0,0002133 seconds
{Heap before GC invocations=9 (full 1):
 par new generation   total 109248K, used 107742K [0x00000000e0000000, 0x00000000e8000000, 0x00000000e8000000)
  eden space 87424K, 100% used [0x00000000e0000000, 0x00000000e5560000, 0x00000000e5560000)
  from space 21824K,  93% used [0x00000000e6ab0000, 0x00000000e7e87810, 0x00000000e8000000)
  to   space 21824K,   0% used [0x00000000e5560000, 0x00000000e5560000, 0x00000000e6ab0000)
 concurrent mark-sweep generation total 393216K, used 8837K [0x00000000e8000000, 0x0000000100000000, 0x0000000100000000)
 Metaspace       used 29972K, capacity 30657K, committed 30844K, reserved 1077248K
  class space    used 3419K, capacity 3664K, committed 3708K, reserved 1048576K
2018-04-06T22:41:15.944+0200: 18,677: [GC (Allocation Failure) 2018-04-06T22:41:15.944+0200: 18,677: [ParNew
Desired survivor size 20112992 bytes, new threshold 5 (max 8)
- age   1:    7567672 bytes,    7567672 total
- age   2:      73576 bytes,    7641248 total
- age   3:     111832 bytes,    7753080 total
- age   4:   11037312 bytes,   18790392 total
- age   5:    1996528 bytes,   20786920 total
- age   6:     105368 bytes,   20892288 total
- age   7:     114464 bytes,   21006752 total
- age   8:     262000 bytes,   21268752 total
: 107742K->21824K(109248K), 0,0678591 secs] 116579K->33004K(502464K), 0,0680386 secs] [Times: user=0,11 sys=0,01, real=0,07 secs] 
Heap after GC invocations=10 (full 1):
 par new generation   total 109248K, used 21824K [0x00000000e0000000, 0x00000000e8000000, 0x00000000e8000000)
  eden space 87424K,   0% used [0x00000000e0000000, 0x00000000e0000000, 0x00000000e5560000)
  from space 21824K, 100% used [0x00000000e5560000, 0x00000000e6ab0000, 0x00000000e6ab0000)
  to   space 21824K,   0% used [0x00000000e6ab0000, 0x00000000e6ab0000, 0x00000000e8000000)
 concurrent mark-sweep generation total 393216K, used 11180K [0x00000000e8000000, 0x0000000100000000, 0x0000000100000000)
 Metaspace       used 29972K, capacity 30657K, committed 30844K, reserved 1077248K
  class space    used 3419K, capacity 3664K, committed 3708K, reserved 1048576K
}
2018-04-06T22:41:16.012+0200: 18,745: Total time for which application threads were stopped: 0,0683274 seconds, Stopping threads took: 0,0000263 seconds
2018-04-06T22:41:16.014+0200: 18,747: Total time for which application threads were stopped: 0,0001250 seconds, Stopping threads took: 0,0000490 seconds
2018-04-06T22:41:16.015+0200: 18,747: Total time for which application threads were stopped: 0,0000753 seconds, Stopping threads took: 0,0000228 seconds
2018-04-06T22:41:17.015+0200: 19,748: Total time for which application threads were stopped: 0,0005466 seconds, Stopping threads took: 0,0000639 seconds
2018-04-06T22:41:17.185+0200: 19,918: Total time for which application threads were stopped: 0,0005064 seconds, Stopping threads took: 0,0000166 seconds
2018-04-06T22:41:17.186+0200: 19,919: Total time for which application threads were stopped: 0,0005038 seconds, Stopping threads took: 0,0000148 seconds
2018-04-06T22:41:17.196+0200: 19,929: Total time for which application threads were stopped: 0,0017368 seconds, Stopping threads took: 0,0010534 seconds
2018-04-06T22:41:17.205+0200: 19,938: Total time for which application threads were stopped: 0,0006436 seconds, Stopping threads took: 0,0001841 seconds
2018-04-06T22:41:17.208+0200: 19,941: Total time for which application threads were stopped: 0,0005460 seconds, Stopping threads took: 0,0001607 seconds
2018-04-06T22:41:17.211+0200: 19,944: Total time for which application threads were stopped: 0,0001115 seconds, Stopping threads took: 0,0000670 seconds
2018-04-06T22:41:17.211+0200: 19,944: Total time for which application threads were stopped: 0,0000736 seconds, Stopping threads took: 0,0000370 seconds
2018-04-06T22:41:17.213+0200: 19,946: Total time for which application threads were stopped: 0,0015092 seconds, Stopping threads took: 0,0014515 seconds
2018-04-06T22:41:17.217+0200: 19,950: Total time for which application threads were stopped: 0,0037677 seconds, Stopping threads took: 0,0037014 seconds
2018-04-06T22:41:17.218+0200: 19,951: Total time for which application threads were stopped: 0,0001174 seconds, Stopping threads took: 0,0000663 seconds
2018-04-06T22:41:17.219+0200: 19,952: Total time for which application threads were stopped: 0,0001003 seconds, Stopping threads took: 0,0000237 seconds
2018-04-06T22:41:17.220+0200: 19,952: Total time for which application threads were stopped: 0,0001756 seconds, Stopping threads took: 0,0001104 seconds
2018-04-06T22:41:17.220+0200: 19,953: Total time for which application threads were stopped: 0,0000977 seconds, Stopping threads took: 0,0000332 seconds
2018-04-06T22:41:17.220+0200: 19,953: Total time for which application threads were stopped: 0,0000987 seconds, Stopping threads took: 0,0000350 seconds
2018-04-06T22:41:17.220+0200: 19,953: Total time for which application threads were stopped: 0,0000817 seconds, Stopping threads took: 0,0000322 seconds
2018-04-06T22:41:17.221+0200: 19,953: Total time for which application threads were stopped: 0,0000761 seconds, Stopping threads took: 0,0000342 seconds
2018-04-06T22:41:17.221+0200: 19,954: Total time for which application threads were stopped: 0,0000833 seconds, Stopping threads took: 0,0000177 seconds
2018-04-06T22:41:17.221+0200: 19,954: Total time for which application threads were stopped: 0,0000512 seconds, Stopping threads took: 0,0000121 seconds
2018-04-06T22:41:17.222+0200: 19,954: Total time for which application threads were stopped: 0,0000826 seconds, Stopping threads took: 0,0000222 seconds
2018-04-06T22:41:17.222+0200: 19,955: Total time for which application threads were stopped: 0,0000732 seconds, Stopping threads took: 0,0000366 seconds
2018-04-06T22:41:17.223+0200: 19,956: Total time for which application threads were stopped: 0,0001156 seconds, Stopping threads took: 0,0000301 seconds
2018-04-06T22:41:17.223+0200: 19,956: Total time for which application threads were stopped: 0,0000614 seconds, Stopping threads took: 0,0000172 seconds
2018-04-06T22:41:17.223+0200: 19,956: Total time for which application threads were stopped: 0,0000769 seconds, Stopping threads took: 0,0000198 seconds
2018-04-06T22:41:17.223+0200: 19,956: Total time for which application threads were stopped: 0,0000869 seconds, Stopping threads took: 0,0000381 seconds
2018-04-06T22:41:17.225+0200: 19,958: Total time for which application threads were stopped: 0,0000985 seconds, Stopping threads took: 0,0000397 seconds
2018-04-06T22:41:17.229+0200: 19,962: Total time for which application threads were stopped: 0,0001064 seconds, Stopping threads took: 0,0000262 seconds
2018-04-06T22:41:17.230+0200: 19,962: Total time for which application threads were stopped: 0,0000655 seconds, Stopping threads took: 0,0000307 seconds
2018-04-06T22:41:17.230+0200: 19,963: Total time for which application threads were stopped: 0,0000654 seconds, Stopping threads took: 0,0000229 seconds
2018-04-06T22:41:17.230+0200: 19,963: Total time for which application threads were stopped: 0,0000624 seconds, Stopping threads took: 0,0000305 seconds
2018-04-06T22:41:17.230+0200: 19,963: Total time for which application threads were stopped: 0,0001684 seconds, Stopping threads took: 0,0000234 seconds
2018-04-06T22:41:17.230+0200: 19,963: Total time for which application threads were stopped: 0,0000494 seconds, Stopping threads took: 0,0000193 seconds
2018-04-06T22:41:17.230+0200: 19,963: Total time for which application threads were stopped: 0,0000952 seconds, Stopping threads took: 0,0000419 seconds
2018-04-06T22:41:17.231+0200: 19,964: Total time for which application threads were stopped: 0,0001066 seconds, Stopping threads took: 0,0000428 seconds
2018-04-06T22:41:17.232+0200: 19,965: Total time for which application threads were stopped: 0,0001092 seconds, Stopping threads took: 0,0000469 seconds
2018-04-06T22:41:17.235+0200: 19,968: Total time for which application threads were stopped: 0,0001126 seconds, Stopping threads took: 0,0000320 seconds
2018-04-06T22:41:17.235+0200: 19,968: Total time for which application threads were stopped: 0,0000838 seconds, Stopping threads took: 0,0000356 seconds
2018-04-06T22:41:17.235+0200: 19,968: Total time for which application threads were stopped: 0,0000541 seconds, Stopping threads took: 0,0000269 seconds
2018-04-06T22:41:17.235+0200: 19,968: Total time for which application threads were stopped: 0,0000539 seconds, Stopping threads took: 0,0000253 seconds
2018-04-06T22:41:17.235+0200: 19,968: Total time for which application threads were stopped: 0,0000537 seconds, Stopping threads took: 0,0000279 seconds
2018-04-06T22:41:17.236+0200: 19,968: Total time for which application threads were stopped: 0,0000647 seconds, Stopping threads took: 0,0000365 seconds
2018-04-06T22:41:17.237+0200: 19,970: Total time for which application threads were stopped: 0,0001700 seconds, Stopping threads took: 0,0000461 seconds
2018-04-06T22:41:17.239+0200: 19,972: Total time for which application threads were stopped: 0,0009949 seconds, Stopping threads took: 0,0009271 seconds
2018-04-06T22:41:17.244+0200: 19,977: Total time for which application threads were stopped: 0,0046702 seconds, Stopping threads took: 0,0045724 seconds
2018-04-06T22:41:17.245+0200: 19,978: Total time for which application threads were stopped: 0,0003857 seconds, Stopping threads took: 0,0003087 seconds
2018-04-06T22:41:17.253+0200: 19,986: Total time for which application threads were stopped: 0,0016617 seconds, Stopping threads took: 0,0015498 seconds
2018-04-06T22:41:17.255+0200: 19,988: Total time for which application threads were stopped: 0,0011801 seconds, Stopping threads took: 0,0011147 seconds
2018-04-06T22:41:17.255+0200: 19,988: Total time for which application threads were stopped: 0,0000567 seconds, Stopping threads took: 0,0000273 seconds
2018-04-06T22:41:17.256+0200: 19,988: Total time for which application threads were stopped: 0,0000572 seconds, Stopping threads took: 0,0000307 seconds
2018-04-06T22:41:17.256+0200: 19,989: Total time for which application threads were stopped: 0,0000750 seconds, Stopping threads took: 0,0000440 seconds
2018-04-06T22:41:17.256+0200: 19,989: Total time for which application threads were stopped: 0,0000705 seconds, Stopping threads took: 0,0000336 seconds
2018-04-06T22:41:17.258+0200: 19,991: Total time for which application threads were stopped: 0,0001624 seconds, Stopping threads took: 0,0000993 seconds
2018-04-06T22:41:17.261+0200: 19,994: Total time for which application threads were stopped: 0,0001002 seconds, Stopping threads took: 0,0000311 seconds
2018-04-06T22:41:17.261+0200: 19,994: Total time for which application threads were stopped: 0,0001712 seconds, Stopping threads took: 0,0000448 seconds
2018-04-06T22:41:17.261+0200: 19,994: Total time for which application threads were stopped: 0,0000535 seconds, Stopping threads took: 0,0000258 seconds
2018-04-06T22:41:17.261+0200: 19,994: Total time for which application threads were stopped: 0,0000842 seconds, Stopping threads took: 0,0000569 seconds
2018-04-06T22:41:17.262+0200: 19,994: Total time for which application threads were stopped: 0,0000770 seconds, Stopping threads took: 0,0000414 seconds
2018-04-06T22:41:17.262+0200: 19,995: Total time for which application threads were stopped: 0,0000902 seconds, Stopping threads took: 0,0000400 seconds
2018-04-06T22:41:17.262+0200: 19,995: Total time for which application threads were stopped: 0,0000823 seconds, Stopping threads took: 0,0000392 seconds
2018-04-06T22:41:17.262+0200: 19,995: Total time for which application threads were stopped: 0,0000909 seconds, Stopping threads took: 0,0000339 seconds
2018-04-06T22:41:17.263+0200: 19,996: Total time for which application threads were stopped: 0,0002364 seconds, Stopping threads took: 0,0000534 seconds
2018-04-06T22:41:17.264+0200: 19,997: Total time for which application threads were stopped: 0,0001280 seconds, Stopping threads took: 0,0000288 seconds
2018-04-06T22:41:17.264+0200: 19,997: Total time for which application threads were stopped: 0,0001007 seconds, Stopping threads took: 0,0000237 seconds
2018-04-06T22:41:17.264+0200: 19,997: Total time for which application threads were stopped: 0,0000814 seconds, Stopping threads took: 0,0000412 seconds
2018-04-06T22:41:17.265+0200: 19,998: Total time for which application threads were stopped: 0,0001935 seconds, Stopping threads took: 0,0001162 seconds
2018-04-06T22:41:17.274+0200: 20,007: Total time for which application threads were stopped: 0,0001092 seconds, Stopping threads took: 0,0000369 seconds
2018-04-06T22:41:17.275+0200: 20,008: Total time for which application threads were stopped: 0,0001031 seconds, Stopping threads took: 0,0000360 seconds
2018-04-06T22:41:17.275+0200: 20,008: Total time for which application threads were stopped: 0,0000778 seconds, Stopping threads took: 0,0000244 seconds
2018-04-06T22:41:17.275+0200: 20,008: Total time for which application threads were stopped: 0,0001119 seconds, Stopping threads took: 0,0000287 seconds
2018-04-06T22:41:17.276+0200: 20,008: Total time for which application threads were stopped: 0,0000884 seconds, Stopping threads took: 0,0000347 seconds
2018-04-06T22:41:17.276+0200: 20,009: Total time for which application threads were stopped: 0,0000674 seconds, Stopping threads took: 0,0000211 seconds
Heap
 par new generation   total 109248K, used 55412K [0x00000000e0000000, 0x00000000e8000000, 0x00000000e8000000)
  eden space 87424K,  38% used [0x00000000e0000000, 0x00000000e20cd0c8, 0x00000000e5560000)
  from space 21824K, 100% used [0x00000000e5560000, 0x00000000e6ab0000, 0x00000000e6ab0000)
  to   space 21824K,   0% used [0x00000000e6ab0000, 0x00000000e6ab0000, 0x00000000e8000000)
 concurrent mark-sweep generation total 393216K, used 11180K [0x00000000e8000000, 0x0000000100000000, 0x0000000100000000)
 Metaspace       used 30273K, capacity 30989K, committed 31100K, reserved 1077248K
  class space    used 3435K, capacity 3666K, committed 3708K, reserved 1048576K
