OpenJDK 64-Bit Server VM (25.171-b11) for linux-amd64 JRE (1.8.0_171-8u171-b11-0ubuntu0.16.04.1-b11), built on Apr 27 2018 17:19:03 by "buildd" with gcc 5.4.0 20160609
Memory: 4k page, physical 7867600k(2665760k free), swap 8076284k(8076284k free)
CommandLine flags: -XX:CMSInitiatingOccupancyFraction=50 -XX:CMSMaxAbortablePrecleanTime=6000 -XX:+CMSParallelRemarkEnabled -XX:+CMSScavengeBeforeRemark -XX:ConcGCThreads=4 -XX:InitialHeapSize=536870912 -XX:MaxHeapSize=536870912 -XX:MaxTenuringThreshold=8 -XX:NewRatio=3 -XX:OldPLABSize=16 -XX:OnOutOfMemoryError=/home/gurnoor/workspace/QTM/solr/bin/oom_solr.sh 8983 /home/gurnoor/workspace/QTM/solr/server/logs -XX:ParallelGCThreads=4 -XX:+ParallelRefProcEnabled -XX:PretenureSizeThreshold=67108864 -XX:+PrintGC -XX:+PrintGCApplicationStoppedTime -XX:+PrintGCDateStamps -XX:+PrintGCDetails -XX:+PrintGCTimeStamps -XX:+PrintHeapAtGC -XX:+PrintTenuringDistribution -XX:SurvivorRatio=4 -XX:TargetSurvivorRatio=90 -XX:ThreadStackSize=256 -XX:+UseCMSInitiatingOccupancyOnly -XX:+UseCompressedClassPointers -XX:+UseCompressedOops -XX:+UseConcMarkSweepGC -XX:+UseParNewGC 
2018-06-25T10:33:15.572+0200: 0,123: Total time for which application threads were stopped: 0,0000735 seconds, Stopping threads took: 0,0000139 seconds
2018-06-25T10:33:15.647+0200: 0,197: Total time for which application threads were stopped: 0,0001337 seconds, Stopping threads took: 0,0000263 seconds
2018-06-25T10:33:15.659+0200: 0,209: Total time for which application threads were stopped: 0,0000875 seconds, Stopping threads took: 0,0000193 seconds
2018-06-25T10:33:15.787+0200: 0,338: Total time for which application threads were stopped: 0,0001739 seconds, Stopping threads took: 0,0000269 seconds
2018-06-25T10:33:15.957+0200: 0,507: Total time for which application threads were stopped: 0,0001313 seconds, Stopping threads took: 0,0000109 seconds
2018-06-25T10:33:16.009+0200: 0,560: Total time for which application threads were stopped: 0,0001691 seconds, Stopping threads took: 0,0000295 seconds
2018-06-25T10:33:16.028+0200: 0,579: Total time for which application threads were stopped: 0,0002274 seconds, Stopping threads took: 0,0000482 seconds
2018-06-25T10:33:16.251+0200: 0,802: Total time for which application threads were stopped: 0,0001815 seconds, Stopping threads took: 0,0000179 seconds
2018-06-25T10:33:16.439+0200: 0,990: Total time for which application threads were stopped: 0,0002530 seconds, Stopping threads took: 0,0000412 seconds
2018-06-25T10:33:16.460+0200: 1,010: Total time for which application threads were stopped: 0,0001866 seconds, Stopping threads took: 0,0000172 seconds
2018-06-25T10:33:16.494+0200: 1,045: Total time for which application threads were stopped: 0,0002834 seconds, Stopping threads took: 0,0000404 seconds
2018-06-25T10:33:16.497+0200: 1,048: Total time for which application threads were stopped: 0,0002453 seconds, Stopping threads took: 0,0000407 seconds
2018-06-25T10:33:16.514+0200: 1,065: Total time for which application threads were stopped: 0,0001860 seconds, Stopping threads took: 0,0000244 seconds
2018-06-25T10:33:16.588+0200: 1,139: Total time for which application threads were stopped: 0,0002365 seconds, Stopping threads took: 0,0000225 seconds
2018-06-25T10:33:16.758+0200: 1,309: Total time for which application threads were stopped: 0,0003021 seconds, Stopping threads took: 0,0000651 seconds
{Heap before GC invocations=0 (full 0):
 par new generation   total 109248K, used 87424K [0x00000000e0000000, 0x00000000e8000000, 0x00000000e8000000)
  eden space 87424K, 100% used [0x00000000e0000000, 0x00000000e5560000, 0x00000000e5560000)
  from space 21824K,   0% used [0x00000000e5560000, 0x00000000e5560000, 0x00000000e6ab0000)
  to   space 21824K,   0% used [0x00000000e6ab0000, 0x00000000e6ab0000, 0x00000000e8000000)
 concurrent mark-sweep generation total 393216K, used 0K [0x00000000e8000000, 0x0000000100000000, 0x0000000100000000)
 Metaspace       used 18162K, capacity 18472K, committed 18688K, reserved 1064960K
  class space    used 2047K, capacity 2198K, committed 2304K, reserved 1048576K
2018-06-25T10:33:16.854+0200: 1,405: [GC (Allocation Failure) 2018-06-25T10:33:16.854+0200: 1,405: [ParNew
Desired survivor size 20112992 bytes, new threshold 8 (max 8)
- age   1:   12506984 bytes,   12506984 total
: 87424K->12326K(109248K), 0,0150341 secs] 87424K->12326K(502464K), 0,0150939 secs] [Times: user=0,03 sys=0,02, real=0,02 secs] 
Heap after GC invocations=1 (full 0):
 par new generation   total 109248K, used 12326K [0x00000000e0000000, 0x00000000e8000000, 0x00000000e8000000)
  eden space 87424K,   0% used [0x00000000e0000000, 0x00000000e0000000, 0x00000000e5560000)
  from space 21824K,  56% used [0x00000000e6ab0000, 0x00000000e76b9950, 0x00000000e8000000)
  to   space 21824K,   0% used [0x00000000e5560000, 0x00000000e5560000, 0x00000000e6ab0000)
 concurrent mark-sweep generation total 393216K, used 0K [0x00000000e8000000, 0x0000000100000000, 0x0000000100000000)
 Metaspace       used 18162K, capacity 18472K, committed 18688K, reserved 1064960K
  class space    used 2047K, capacity 2198K, committed 2304K, reserved 1048576K
}
2018-06-25T10:33:16.869+0200: 1,420: Total time for which application threads were stopped: 0,0153948 seconds, Stopping threads took: 0,0000444 seconds
2018-06-25T10:33:17.218+0200: 1,769: Total time for which application threads were stopped: 0,0002868 seconds, Stopping threads took: 0,0000245 seconds
2018-06-25T10:33:17.257+0200: 1,808: Total time for which application threads were stopped: 0,0033131 seconds, Stopping threads took: 0,0030044 seconds
{Heap before GC invocations=1 (full 0):
 par new generation   total 109248K, used 99750K [0x00000000e0000000, 0x00000000e8000000, 0x00000000e8000000)
  eden space 87424K, 100% used [0x00000000e0000000, 0x00000000e5560000, 0x00000000e5560000)
  from space 21824K,  56% used [0x00000000e6ab0000, 0x00000000e76b9950, 0x00000000e8000000)
  to   space 21824K,   0% used [0x00000000e5560000, 0x00000000e5560000, 0x00000000e6ab0000)
 concurrent mark-sweep generation total 393216K, used 0K [0x00000000e8000000, 0x0000000100000000, 0x0000000100000000)
 Metaspace       used 20148K, capacity 20516K, committed 20736K, reserved 1067008K
  class space    used 2304K, capacity 2478K, committed 2560K, reserved 1048576K
2018-06-25T10:33:17.277+0200: 1,827: [GC (Allocation Failure) 2018-06-25T10:33:17.277+0200: 1,827: [ParNew
Desired survivor size 20112992 bytes, new threshold 8 (max 8)
- age   1:    2852672 bytes,    2852672 total
- age   2:    6486688 bytes,    9339360 total
: 99750K->11555K(109248K), 0,0123928 secs] 99750K->11555K(502464K), 0,0124634 secs] [Times: user=0,04 sys=0,01, real=0,01 secs] 
Heap after GC invocations=2 (full 0):
 par new generation   total 109248K, used 11555K [0x00000000e0000000, 0x00000000e8000000, 0x00000000e8000000)
  eden space 87424K,   0% used [0x00000000e0000000, 0x00000000e0000000, 0x00000000e5560000)
  from space 21824K,  52% used [0x00000000e5560000, 0x00000000e60a8d60, 0x00000000e6ab0000)
  to   space 21824K,   0% used [0x00000000e6ab0000, 0x00000000e6ab0000, 0x00000000e8000000)
 concurrent mark-sweep generation total 393216K, used 0K [0x00000000e8000000, 0x0000000100000000, 0x0000000100000000)
 Metaspace       used 20148K, capacity 20516K, committed 20736K, reserved 1067008K
  class space    used 2304K, capacity 2478K, committed 2560K, reserved 1048576K
}
2018-06-25T10:33:17.289+0200: 1,840: Total time for which application threads were stopped: 0,0164487 seconds, Stopping threads took: 0,0038241 seconds
2018-06-25T10:33:17.327+0200: 1,877: Total time for which application threads were stopped: 0,0004184 seconds, Stopping threads took: 0,0000469 seconds
2018-06-25T10:33:17.437+0200: 1,987: Total time for which application threads were stopped: 0,0033043 seconds, Stopping threads took: 0,0031688 seconds
2018-06-25T10:33:17.452+0200: 2,003: Total time for which application threads were stopped: 0,0003804 seconds, Stopping threads took: 0,0000405 seconds
{Heap before GC invocations=2 (full 0):
 par new generation   total 109248K, used 98979K [0x00000000e0000000, 0x00000000e8000000, 0x00000000e8000000)
  eden space 87424K, 100% used [0x00000000e0000000, 0x00000000e5560000, 0x00000000e5560000)
  from space 21824K,  52% used [0x00000000e5560000, 0x00000000e60a8d60, 0x00000000e6ab0000)
  to   space 21824K,   0% used [0x00000000e6ab0000, 0x00000000e6ab0000, 0x00000000e8000000)
 concurrent mark-sweep generation total 393216K, used 0K [0x00000000e8000000, 0x0000000100000000, 0x0000000100000000)
 Metaspace       used 21184K, capacity 21566K, committed 21628K, reserved 1069056K
  class space    used 2447K, capacity 2597K, committed 2608K, reserved 1048576K
2018-06-25T10:33:17.525+0200: 2,076: [GC (Allocation Failure) 2018-06-25T10:33:17.525+0200: 2,076: [ParNew
Desired survivor size 20112992 bytes, new threshold 8 (max 8)
- age   1:    2404704 bytes,    2404704 total
- age   2:     486544 bytes,    2891248 total
- age   3:    6208856 bytes,    9100104 total
: 98979K->15340K(109248K), 0,0100021 secs] 98979K->15340K(502464K), 0,0101174 secs] [Times: user=0,04 sys=0,00, real=0,01 secs] 
Heap after GC invocations=3 (full 0):
 par new generation   total 109248K, used 15340K [0x00000000e0000000, 0x00000000e8000000, 0x00000000e8000000)
  eden space 87424K,   0% used [0x00000000e0000000, 0x00000000e0000000, 0x00000000e5560000)
  from space 21824K,  70% used [0x00000000e6ab0000, 0x00000000e79ab350, 0x00000000e8000000)
  to   space 21824K,   0% used [0x00000000e5560000, 0x00000000e5560000, 0x00000000e6ab0000)
 concurrent mark-sweep generation total 393216K, used 0K [0x00000000e8000000, 0x0000000100000000, 0x0000000100000000)
 Metaspace       used 21184K, capacity 21566K, committed 21628K, reserved 1069056K
  class space    used 2447K, capacity 2597K, committed 2608K, reserved 1048576K
}
2018-06-25T10:33:17.535+0200: 2,086: Total time for which application threads were stopped: 0,0103928 seconds, Stopping threads took: 0,0000627 seconds
2018-06-25T10:33:17.535+0200: 2,086: [GC (CMS Initial Mark) [1 CMS-initial-mark: 0K(393216K)] 16121K(502464K), 0,0033506 secs] [Times: user=0,01 sys=0,00, real=0,01 secs] 
2018-06-25T10:33:17.539+0200: 2,089: Total time for which application threads were stopped: 0,0036247 seconds, Stopping threads took: 0,0001721 seconds
2018-06-25T10:33:17.539+0200: 2,089: [CMS-concurrent-mark-start]
2018-06-25T10:33:17.539+0200: 2,090: [CMS-concurrent-mark: 0,000/0,000 secs] [Times: user=0,01 sys=0,00, real=0,00 secs] 
2018-06-25T10:33:17.539+0200: 2,090: [CMS-concurrent-preclean-start]
2018-06-25T10:33:17.540+0200: 2,091: [CMS-concurrent-preclean: 0,001/0,001 secs] [Times: user=0,00 sys=0,00, real=0,00 secs] 
2018-06-25T10:33:17.540+0200: 2,091: [CMS-concurrent-abortable-preclean-start]
2018-06-25T10:33:17.559+0200: 2,110: Total time for which application threads were stopped: 0,0068773 seconds, Stopping threads took: 0,0067678 seconds
{Heap before GC invocations=3 (full 1):
 par new generation   total 109248K, used 102764K [0x00000000e0000000, 0x00000000e8000000, 0x00000000e8000000)
  eden space 87424K, 100% used [0x00000000e0000000, 0x00000000e5560000, 0x00000000e5560000)
  from space 21824K,  70% used [0x00000000e6ab0000, 0x00000000e79ab350, 0x00000000e8000000)
  to   space 21824K,   0% used [0x00000000e5560000, 0x00000000e5560000, 0x00000000e6ab0000)
 concurrent mark-sweep generation total 393216K, used 0K [0x00000000e8000000, 0x0000000100000000, 0x0000000100000000)
 Metaspace       used 21390K, capacity 21858K, committed 21960K, reserved 1069056K
  class space    used 2462K, capacity 2641K, committed 2684K, reserved 1048576K
2018-06-25T10:33:17.703+0200: 2,254: [GC (Allocation Failure) 2018-06-25T10:33:17.703+0200: 2,254: [ParNew2018-06-25T10:33:17.714+0200: 2,265: [CMS-concurrent-abortable-preclean: 0,067/0,174 secs] [Times: user=0,60 sys=0,01, real=0,17 secs] 

Desired survivor size 20112992 bytes, new threshold 8 (max 8)
- age   1:     646960 bytes,     646960 total
- age   2:    1323576 bytes,    1970536 total
- age   3:     475872 bytes,    2446408 total
- age   4:    6209016 bytes,    8655424 total
: 102764K->9929K(109248K), 0,0122400 secs] 102764K->9929K(502464K), 0,0123058 secs] [Times: user=0,04 sys=0,00, real=0,01 secs] 
Heap after GC invocations=4 (full 1):
 par new generation   total 109248K, used 9929K [0x00000000e0000000, 0x00000000e8000000, 0x00000000e8000000)
  eden space 87424K,   0% used [0x00000000e0000000, 0x00000000e0000000, 0x00000000e5560000)
  from space 21824K,  45% used [0x00000000e5560000, 0x00000000e5f12740, 0x00000000e6ab0000)
  to   space 21824K,   0% used [0x00000000e6ab0000, 0x00000000e6ab0000, 0x00000000e8000000)
 concurrent mark-sweep generation total 393216K, used 0K [0x00000000e8000000, 0x0000000100000000, 0x0000000100000000)
 Metaspace       used 21390K, capacity 21858K, committed 21960K, reserved 1069056K
  class space    used 2462K, capacity 2641K, committed 2684K, reserved 1048576K
}
2018-06-25T10:33:17.716+0200: 2,267: Total time for which application threads were stopped: 0,0153560 seconds, Stopping threads took: 0,0028123 seconds
2018-06-25T10:33:17.719+0200: 2,269: [GC (CMS Final Remark) [YG occupancy: 11243 K (109248 K)]{Heap before GC invocations=4 (full 1):
 par new generation   total 109248K, used 11243K [0x00000000e0000000, 0x00000000e8000000, 0x00000000e8000000)
  eden space 87424K,   1% used [0x00000000e0000000, 0x00000000e0148818, 0x00000000e5560000)
  from space 21824K,  45% used [0x00000000e5560000, 0x00000000e5f12740, 0x00000000e6ab0000)
  to   space 21824K,   0% used [0x00000000e6ab0000, 0x00000000e6ab0000, 0x00000000e8000000)
 concurrent mark-sweep generation total 393216K, used 0K [0x00000000e8000000, 0x0000000100000000, 0x0000000100000000)
 Metaspace       used 21390K, capacity 21858K, committed 21960K, reserved 1069056K
  class space    used 2462K, capacity 2641K, committed 2684K, reserved 1048576K
2018-06-25T10:33:17.719+0200: 2,269: [GC (CMS Final Remark) 2018-06-25T10:33:17.719+0200: 2,269: [ParNew
Desired survivor size 20112992 bytes, new threshold 8 (max 8)
- age   1:     117304 bytes,     117304 total
- age   2:     493448 bytes,     610752 total
- age   3:    1323576 bytes,    1934328 total
- age   4:     475872 bytes,    2410200 total
- age   5:    6208896 bytes,    8619096 total
: 11243K->13024K(109248K), 0,0087415 secs] 11243K->13024K(502464K), 0,0087896 secs] [Times: user=0,03 sys=0,00, real=0,00 secs] 
Heap after GC invocations=5 (full 1):
 par new generation   total 109248K, used 13024K [0x00000000e0000000, 0x00000000e8000000, 0x00000000e8000000)
  eden space 87424K,   0% used [0x00000000e0000000, 0x00000000e0000000, 0x00000000e5560000)
  from space 21824K,  59% used [0x00000000e6ab0000, 0x00000000e7768298, 0x00000000e8000000)
  to   space 21824K,   0% used [0x00000000e5560000, 0x00000000e5560000, 0x00000000e6ab0000)
 concurrent mark-sweep generation total 393216K, used 0K [0x00000000e8000000, 0x0000000100000000, 0x0000000100000000)
 Metaspace       used 21390K, capacity 21858K, committed 21960K, reserved 1069056K
  class space    used 2462K, capacity 2641K, committed 2684K, reserved 1048576K
}
2018-06-25T10:33:17.727+0200: 2,278: [Rescan (parallel) , 0,0029411 secs]2018-06-25T10:33:17.730+0200: 2,281: [weak refs processing, 0,0009064 secs]2018-06-25T10:33:17.731+0200: 2,282: [class unloading, 0,0030759 secs]2018-06-25T10:33:17.734+0200: 2,285: [scrub symbol table, 0,0026576 secs]2018-06-25T10:33:17.737+0200: 2,288: [scrub string table, 0,0003781 secs][1 CMS-remark: 0K(393216K)] 13024K(502464K), 0,0194811 secs] [Times: user=0,05 sys=0,00, real=0,02 secs] 
2018-06-25T10:33:17.738+0200: 2,289: Total time for which application threads were stopped: 0,0220216 seconds, Stopping threads took: 0,0024554 seconds
2018-06-25T10:33:17.738+0200: 2,289: [CMS-concurrent-sweep-start]
2018-06-25T10:33:17.738+0200: 2,289: [CMS-concurrent-sweep: 0,000/0,000 secs] [Times: user=0,00 sys=0,00, real=0,00 secs] 
2018-06-25T10:33:17.738+0200: 2,289: [CMS-concurrent-reset-start]
2018-06-25T10:33:17.743+0200: 2,294: [CMS-concurrent-reset: 0,005/0,005 secs] [Times: user=0,01 sys=0,01, real=0,00 secs] 
{Heap before GC invocations=5 (full 1):
 par new generation   total 109248K, used 100442K [0x00000000e0000000, 0x00000000e8000000, 0x00000000e8000000)
  eden space 87424K,  99% used [0x00000000e0000000, 0x00000000e555e7c0, 0x00000000e5560000)
  from space 21824K,  59% used [0x00000000e6ab0000, 0x00000000e7768298, 0x00000000e8000000)
  to   space 21824K,   0% used [0x00000000e5560000, 0x00000000e5560000, 0x00000000e6ab0000)
 concurrent mark-sweep generation total 393216K, used 0K [0x00000000e8000000, 0x0000000100000000, 0x0000000100000000)
 Metaspace       used 21555K, capacity 22002K, committed 22216K, reserved 1069056K
  class space    used 2485K, capacity 2644K, committed 2684K, reserved 1048576K
2018-06-25T10:33:17.833+0200: 2,383: [GC (Allocation Failure) 2018-06-25T10:33:17.833+0200: 2,383: [ParNew
Desired survivor size 20112992 bytes, new threshold 8 (max 8)
- age   1:    1143232 bytes,    1143232 total
- age   2:        672 bytes,    1143904 total
- age   3:     336920 bytes,    1480824 total
- age   4:    1322816 bytes,    2803640 total
- age   5:     475824 bytes,    3279464 total
- age   6:    6209016 bytes,    9488480 total
: 100442K->10903K(109248K), 0,0115396 secs] 100442K->10903K(502464K), 0,0116249 secs] [Times: user=0,04 sys=0,00, real=0,01 secs] 
Heap after GC invocations=6 (full 1):
 par new generation   total 109248K, used 10903K [0x00000000e0000000, 0x00000000e8000000, 0x00000000e8000000)
  eden space 87424K,   0% used [0x00000000e0000000, 0x00000000e0000000, 0x00000000e5560000)
  from space 21824K,  49% used [0x00000000e5560000, 0x00000000e6005df8, 0x00000000e6ab0000)
  to   space 21824K,   0% used [0x00000000e6ab0000, 0x00000000e6ab0000, 0x00000000e8000000)
 concurrent mark-sweep generation total 393216K, used 0K [0x00000000e8000000, 0x0000000100000000, 0x0000000100000000)
 Metaspace       used 21555K, capacity 22002K, committed 22216K, reserved 1069056K
  class space    used 2485K, capacity 2644K, committed 2684K, reserved 1048576K
}
2018-06-25T10:33:17.844+0200: 2,395: Total time for which application threads were stopped: 0,0118754 seconds, Stopping threads took: 0,0000970 seconds
2018-06-25T10:33:18.163+0200: 2,713: Total time for which application threads were stopped: 0,0006685 seconds, Stopping threads took: 0,0002162 seconds
2018-06-25T10:33:18.178+0200: 2,728: Total time for which application threads were stopped: 0,0007437 seconds, Stopping threads took: 0,0002599 seconds
2018-06-25T10:33:18.210+0200: 2,760: Total time for which application threads were stopped: 0,0003908 seconds, Stopping threads took: 0,0000162 seconds
{Heap before GC invocations=6 (full 1):
 par new generation   total 109248K, used 98327K [0x00000000e0000000, 0x00000000e8000000, 0x00000000e8000000)
  eden space 87424K, 100% used [0x00000000e0000000, 0x00000000e5560000, 0x00000000e5560000)
  from space 21824K,  49% used [0x00000000e5560000, 0x00000000e6005df8, 0x00000000e6ab0000)
  to   space 21824K,   0% used [0x00000000e6ab0000, 0x00000000e6ab0000, 0x00000000e8000000)
 concurrent mark-sweep generation total 393216K, used 0K [0x00000000e8000000, 0x0000000100000000, 0x0000000100000000)
 Metaspace       used 24505K, capacity 25030K, committed 25084K, reserved 1071104K
  class space    used 2870K, capacity 3054K, committed 3068K, reserved 1048576K
2018-06-25T10:33:18.318+0200: 2,869: [GC (Allocation Failure) 2018-06-25T10:33:18.318+0200: 2,869: [ParNew
Desired survivor size 20112992 bytes, new threshold 8 (max 8)
- age   1:    4291056 bytes,    4291056 total
- age   2:     147216 bytes,    4438272 total
- age   4:     231776 bytes,    4670048 total
- age   5:     539496 bytes,    5209544 total
- age   6:     458120 bytes,    5667664 total
- age   7:    6203184 bytes,   11870848 total
: 98327K->15881K(109248K), 0,0112870 secs] 98327K->15881K(502464K), 0,0113560 secs] [Times: user=0,03 sys=0,01, real=0,01 secs] 
Heap after GC invocations=7 (full 1):
 par new generation   total 109248K, used 15881K [0x00000000e0000000, 0x00000000e8000000, 0x00000000e8000000)
  eden space 87424K,   0% used [0x00000000e0000000, 0x00000000e0000000, 0x00000000e5560000)
  from space 21824K,  72% used [0x00000000e6ab0000, 0x00000000e7a325c0, 0x00000000e8000000)
  to   space 21824K,   0% used [0x00000000e5560000, 0x00000000e5560000, 0x00000000e6ab0000)
 concurrent mark-sweep generation total 393216K, used 0K [0x00000000e8000000, 0x0000000100000000, 0x0000000100000000)
 Metaspace       used 24505K, capacity 25030K, committed 25084K, reserved 1071104K
  class space    used 2870K, capacity 3054K, committed 3068K, reserved 1048576K
}
2018-06-25T10:33:18.329+0200: 2,880: Total time for which application threads were stopped: 0,0115451 seconds, Stopping threads took: 0,0000352 seconds
2018-06-25T10:33:18.635+0200: 3,186: Total time for which application threads were stopped: 0,0006045 seconds, Stopping threads took: 0,0000463 seconds
2018-06-25T10:33:18.657+0200: 3,208: Total time for which application threads were stopped: 0,0005452 seconds, Stopping threads took: 0,0000420 seconds
2018-06-25T10:33:18.730+0200: 3,281: Total time for which application threads were stopped: 0,0005672 seconds, Stopping threads took: 0,0000616 seconds
2018-06-25T10:33:18.849+0200: 3,400: Total time for which application threads were stopped: 0,0085786 seconds, Stopping threads took: 0,0080586 seconds
{Heap before GC invocations=7 (full 1):
 par new generation   total 109248K, used 103305K [0x00000000e0000000, 0x00000000e8000000, 0x00000000e8000000)
  eden space 87424K, 100% used [0x00000000e0000000, 0x00000000e5560000, 0x00000000e5560000)
  from space 21824K,  72% used [0x00000000e6ab0000, 0x00000000e7a325c0, 0x00000000e8000000)
  to   space 21824K,   0% used [0x00000000e5560000, 0x00000000e5560000, 0x00000000e6ab0000)
 concurrent mark-sweep generation total 393216K, used 0K [0x00000000e8000000, 0x0000000100000000, 0x0000000100000000)
 Metaspace       used 28044K, capacity 28630K, committed 28796K, reserved 1075200K
  class space    used 3219K, capacity 3398K, committed 3452K, reserved 1048576K
2018-06-25T10:33:18.939+0200: 3,490: [GC (Allocation Failure) 2018-06-25T10:33:18.939+0200: 3,490: [ParNew
Desired survivor size 20112992 bytes, new threshold 8 (max 8)
- age   1:   12949840 bytes,   12949840 total
- age   2:    1832056 bytes,   14781896 total
- age   3:     147024 bytes,   14928920 total
- age   5:     219528 bytes,   15148448 total
- age   6:     537184 bytes,   15685632 total
- age   7:     455448 bytes,   16141080 total
- age   8:    6195224 bytes,   22336304 total
: 103305K->21824K(109248K), 0,0278518 secs] 103305K->24335K(502464K), 0,0279340 secs] [Times: user=0,10 sys=0,00, real=0,02 secs] 
Heap after GC invocations=8 (full 1):
 par new generation   total 109248K, used 21824K [0x00000000e0000000, 0x00000000e8000000, 0x00000000e8000000)
  eden space 87424K,   0% used [0x00000000e0000000, 0x00000000e0000000, 0x00000000e5560000)
  from space 21824K, 100% used [0x00000000e5560000, 0x00000000e6ab0000, 0x00000000e6ab0000)
  to   space 21824K,   0% used [0x00000000e6ab0000, 0x00000000e6ab0000, 0x00000000e8000000)
 concurrent mark-sweep generation total 393216K, used 2511K [0x00000000e8000000, 0x0000000100000000, 0x0000000100000000)
 Metaspace       used 28044K, capacity 28630K, committed 28796K, reserved 1075200K
  class space    used 3219K, capacity 3398K, committed 3452K, reserved 1048576K
}
2018-06-25T10:33:18.967+0200: 3,518: Total time for which application threads were stopped: 0,0282927 seconds, Stopping threads took: 0,0001651 seconds
{Heap before GC invocations=8 (full 1):
 par new generation   total 109248K, used 109248K [0x00000000e0000000, 0x00000000e8000000, 0x00000000e8000000)
  eden space 87424K, 100% used [0x00000000e0000000, 0x00000000e5560000, 0x00000000e5560000)
  from space 21824K, 100% used [0x00000000e5560000, 0x00000000e6ab0000, 0x00000000e6ab0000)
  to   space 21824K,   0% used [0x00000000e6ab0000, 0x00000000e6ab0000, 0x00000000e8000000)
 concurrent mark-sweep generation total 393216K, used 2511K [0x00000000e8000000, 0x0000000100000000, 0x0000000100000000)
 Metaspace       used 28198K, capacity 28796K, committed 29052K, reserved 1075200K
  class space    used 3233K, capacity 3431K, committed 3452K, reserved 1048576K
2018-06-25T10:33:19.058+0200: 3,609: [GC (Allocation Failure) 2018-06-25T10:33:19.058+0200: 3,609: [ParNew
Desired survivor size 20112992 bytes, new threshold 8 (max 8)
- age   1:    1394248 bytes,    1394248 total
- age   2:   11975976 bytes,   13370224 total
- age   3:    1831960 bytes,   15202184 total
- age   4:     147024 bytes,   15349208 total
- age   6:     219528 bytes,   15568736 total
- age   7:     537048 bytes,   16105784 total
- age   8:     455400 bytes,   16561184 total
: 109248K->21824K(109248K), 0,0668940 secs] 111759K->30458K(502464K), 0,0670211 secs] [Times: user=0,24 sys=0,01, real=0,06 secs] 
Heap after GC invocations=9 (full 1):
 par new generation   total 109248K, used 21824K [0x00000000e0000000, 0x00000000e8000000, 0x00000000e8000000)
  eden space 87424K,   0% used [0x00000000e0000000, 0x00000000e0000000, 0x00000000e5560000)
  from space 21824K, 100% used [0x00000000e6ab0000, 0x00000000e8000000, 0x00000000e8000000)
  to   space 21824K,   0% used [0x00000000e5560000, 0x00000000e5560000, 0x00000000e6ab0000)
 concurrent mark-sweep generation total 393216K, used 8634K [0x00000000e8000000, 0x0000000100000000, 0x0000000100000000)
 Metaspace       used 28198K, capacity 28796K, committed 29052K, reserved 1075200K
  class space    used 3233K, capacity 3431K, committed 3452K, reserved 1048576K
}
2018-06-25T10:33:19.125+0200: 3,676: Total time for which application threads were stopped: 0,0673148 seconds, Stopping threads took: 0,0000653 seconds
{Heap before GC invocations=9 (full 1):
 par new generation   total 109248K, used 109248K [0x00000000e0000000, 0x00000000e8000000, 0x00000000e8000000)
  eden space 87424K, 100% used [0x00000000e0000000, 0x00000000e5560000, 0x00000000e5560000)
  from space 21824K, 100% used [0x00000000e6ab0000, 0x00000000e8000000, 0x00000000e8000000)
  to   space 21824K,   0% used [0x00000000e5560000, 0x00000000e5560000, 0x00000000e6ab0000)
 concurrent mark-sweep generation total 393216K, used 8634K [0x00000000e8000000, 0x0000000100000000, 0x0000000100000000)
 Metaspace       used 28236K, capacity 28886K, committed 29052K, reserved 1075200K
  class space    used 3236K, capacity 3436K, committed 3452K, reserved 1048576K
2018-06-25T10:33:19.213+0200: 3,764: [GC (Allocation Failure) 2018-06-25T10:33:19.213+0200: 3,764: [ParNew
Desired survivor size 20112992 bytes, new threshold 8 (max 8)
- age   1:     150680 bytes,     150680 total
- age   2:     971952 bytes,    1122632 total
- age   3:   11975976 bytes,   13098608 total
- age   4:    1831960 bytes,   14930568 total
- age   5:     147024 bytes,   15077592 total
- age   7:     219424 bytes,   15297016 total
- age   8:     537048 bytes,   15834064 total
: 109248K->21824K(109248K), 0,0736696 secs] 117882K->30915K(502464K), 0,0738163 secs] [Times: user=0,21 sys=0,01, real=0,07 secs] 
Heap after GC invocations=10 (full 1):
 par new generation   total 109248K, used 21824K [0x00000000e0000000, 0x00000000e8000000, 0x00000000e8000000)
  eden space 87424K,   0% used [0x00000000e0000000, 0x00000000e0000000, 0x00000000e5560000)
  from space 21824K, 100% used [0x00000000e5560000, 0x00000000e6ab0000, 0x00000000e6ab0000)
  to   space 21824K,   0% used [0x00000000e6ab0000, 0x00000000e6ab0000, 0x00000000e8000000)
 concurrent mark-sweep generation total 393216K, used 9091K [0x00000000e8000000, 0x0000000100000000, 0x0000000100000000)
 Metaspace       used 28236K, capacity 28886K, committed 29052K, reserved 1075200K
  class space    used 3236K, capacity 3436K, committed 3452K, reserved 1048576K
}
2018-06-25T10:33:19.287+0200: 3,838: Total time for which application threads were stopped: 0,0742374 seconds, Stopping threads took: 0,0001117 seconds
2018-06-25T10:33:19.508+0200: 4,059: Total time for which application threads were stopped: 0,0007801 seconds, Stopping threads took: 0,0000974 seconds
2018-06-25T10:33:20.508+0200: 5,059: Total time for which application threads were stopped: 0,0000758 seconds, Stopping threads took: 0,0000219 seconds
2018-06-25T10:33:34.784+0200: 19,335: Total time for which application threads were stopped: 0,0000893 seconds, Stopping threads took: 0,0000323 seconds
2018-06-25T10:33:34.788+0200: 19,339: Total time for which application threads were stopped: 0,0000718 seconds, Stopping threads took: 0,0000170 seconds
2018-06-25T10:33:34.809+0200: 19,359: Total time for which application threads were stopped: 0,0004915 seconds, Stopping threads took: 0,0000156 seconds
2018-06-25T10:33:34.825+0200: 19,375: Total time for which application threads were stopped: 0,0001576 seconds, Stopping threads took: 0,0000345 seconds
2018-06-25T10:33:34.825+0200: 19,376: Total time for which application threads were stopped: 0,0000968 seconds, Stopping threads took: 0,0000443 seconds
2018-06-25T10:33:34.905+0200: 19,456: Total time for which application threads were stopped: 0,0001122 seconds, Stopping threads took: 0,0000261 seconds
2018-06-25T10:33:34.906+0200: 19,457: Total time for which application threads were stopped: 0,0001100 seconds, Stopping threads took: 0,0000448 seconds
2018-06-25T10:33:34.910+0200: 19,460: Total time for which application threads were stopped: 0,0001100 seconds, Stopping threads took: 0,0000341 seconds
2018-06-25T10:33:34.920+0200: 19,471: Total time for which application threads were stopped: 0,0001363 seconds, Stopping threads took: 0,0000242 seconds
2018-06-25T10:33:39.936+0200: 24,487: Total time for which application threads were stopped: 0,0004646 seconds, Stopping threads took: 0,0000189 seconds
2018-06-25T10:33:39.937+0200: 24,488: Total time for which application threads were stopped: 0,0004271 seconds, Stopping threads took: 0,0000158 seconds
2018-06-25T10:33:39.941+0200: 24,492: Total time for which application threads were stopped: 0,0001319 seconds, Stopping threads took: 0,0000449 seconds
2018-06-25T10:33:39.957+0200: 24,508: Total time for which application threads were stopped: 0,0001361 seconds, Stopping threads took: 0,0000686 seconds
2018-06-25T10:33:39.960+0200: 24,511: Total time for which application threads were stopped: 0,0001577 seconds, Stopping threads took: 0,0001025 seconds
2018-06-25T10:33:39.964+0200: 24,515: Total time for which application threads were stopped: 0,0001923 seconds, Stopping threads took: 0,0000450 seconds
2018-06-25T10:33:39.965+0200: 24,516: Total time for which application threads were stopped: 0,0001646 seconds, Stopping threads took: 0,0000863 seconds
2018-06-25T10:33:39.967+0200: 24,518: Total time for which application threads were stopped: 0,0001817 seconds, Stopping threads took: 0,0000601 seconds
2018-06-25T10:33:39.973+0200: 24,523: Total time for which application threads were stopped: 0,0011407 seconds, Stopping threads took: 0,0010464 seconds
2018-06-25T10:33:39.973+0200: 24,524: Total time for which application threads were stopped: 0,0001046 seconds, Stopping threads took: 0,0000552 seconds
2018-06-25T10:33:39.976+0200: 24,527: Total time for which application threads were stopped: 0,0001936 seconds, Stopping threads took: 0,0000929 seconds
2018-06-25T10:33:39.977+0200: 24,528: Total time for which application threads were stopped: 0,0001025 seconds, Stopping threads took: 0,0000490 seconds
2018-06-25T10:33:39.977+0200: 24,528: Total time for which application threads were stopped: 0,0000913 seconds, Stopping threads took: 0,0000377 seconds
2018-06-25T10:33:39.978+0200: 24,529: Total time for which application threads were stopped: 0,0000854 seconds, Stopping threads took: 0,0000349 seconds
2018-06-25T10:33:39.979+0200: 24,529: Total time for which application threads were stopped: 0,0000922 seconds, Stopping threads took: 0,0000296 seconds
2018-06-25T10:33:39.979+0200: 24,530: Total time for which application threads were stopped: 0,0000887 seconds, Stopping threads took: 0,0000354 seconds
2018-06-25T10:33:39.979+0200: 24,530: Total time for which application threads were stopped: 0,0000697 seconds, Stopping threads took: 0,0000268 seconds
2018-06-25T10:33:39.980+0200: 24,530: Total time for which application threads were stopped: 0,0000656 seconds, Stopping threads took: 0,0000262 seconds
2018-06-25T10:33:39.980+0200: 24,530: Total time for which application threads were stopped: 0,0000517 seconds, Stopping threads took: 0,0000211 seconds
2018-06-25T10:33:39.980+0200: 24,531: Total time for which application threads were stopped: 0,0000560 seconds, Stopping threads took: 0,0000247 seconds
2018-06-25T10:33:39.980+0200: 24,531: Total time for which application threads were stopped: 0,0000600 seconds, Stopping threads took: 0,0000224 seconds
2018-06-25T10:33:39.980+0200: 24,531: Total time for which application threads were stopped: 0,0000581 seconds, Stopping threads took: 0,0000277 seconds
2018-06-25T10:33:39.980+0200: 24,531: Total time for which application threads were stopped: 0,0000546 seconds, Stopping threads took: 0,0000231 seconds
2018-06-25T10:33:39.981+0200: 24,532: Total time for which application threads were stopped: 0,0000482 seconds, Stopping threads took: 0,0000221 seconds
2018-06-25T10:33:39.981+0200: 24,532: Total time for which application threads were stopped: 0,0000441 seconds, Stopping threads took: 0,0000194 seconds
2018-06-25T10:33:39.981+0200: 24,532: Total time for which application threads were stopped: 0,0000486 seconds, Stopping threads took: 0,0000255 seconds
2018-06-25T10:33:39.981+0200: 24,532: Total time for which application threads were stopped: 0,0000821 seconds, Stopping threads took: 0,0000485 seconds
2018-06-25T10:33:39.981+0200: 24,532: Total time for which application threads were stopped: 0,0000475 seconds, Stopping threads took: 0,0000137 seconds
2018-06-25T10:33:39.981+0200: 24,532: Total time for which application threads were stopped: 0,0000413 seconds, Stopping threads took: 0,0000152 seconds
2018-06-25T10:33:39.982+0200: 24,533: Total time for which application threads were stopped: 0,0001115 seconds, Stopping threads took: 0,0000214 seconds
2018-06-25T10:33:39.982+0200: 24,533: Total time for which application threads were stopped: 0,0000379 seconds, Stopping threads took: 0,0000119 seconds
2018-06-25T10:33:39.983+0200: 24,533: Total time for which application threads were stopped: 0,0000912 seconds, Stopping threads took: 0,0000312 seconds
Heap
 par new generation   total 109248K, used 95342K [0x00000000e0000000, 0x00000000e8000000, 0x00000000e8000000)
  eden space 87424K,  84% used [0x00000000e0000000, 0x00000000e47cbb08, 0x00000000e5560000)
  from space 21824K, 100% used [0x00000000e5560000, 0x00000000e6ab0000, 0x00000000e6ab0000)
  to   space 21824K,   0% used [0x00000000e6ab0000, 0x00000000e6ab0000, 0x00000000e8000000)
 concurrent mark-sweep generation total 393216K, used 9091K [0x00000000e8000000, 0x0000000100000000, 0x0000000100000000)
 Metaspace       used 29425K, capacity 30088K, committed 30204K, reserved 1075200K
  class space    used 3381K, capacity 3579K, committed 3580K, reserved 1048576K
