OpenJDK 64-Bit Server VM (25.162-b12) for linux-amd64 JRE (1.8.0_162-8u162-b12-0ubuntu0.16.04.2-b12), built on Mar 14 2018 12:11:18 by "buildd" with gcc 5.4.0 20160609
Memory: 4k page, physical 7867624k(596980k free), swap 8076284k(7975232k free)
CommandLine flags: -XX:CMSInitiatingOccupancyFraction=50 -XX:CMSMaxAbortablePrecleanTime=6000 -XX:+CMSParallelRemarkEnabled -XX:+CMSScavengeBeforeRemark -XX:ConcGCThreads=4 -XX:InitialHeapSize=536870912 -XX:MaxHeapSize=536870912 -XX:MaxTenuringThreshold=8 -XX:NewRatio=3 -XX:OldPLABSize=16 -XX:OnOutOfMemoryError=/home/gurnoor/workspace/QTM/solr/bin/oom_solr.sh 8983 /home/gurnoor/workspace/QTM/solr/server/logs -XX:ParallelGCThreads=4 -XX:+ParallelRefProcEnabled -XX:PretenureSizeThreshold=67108864 -XX:+PrintGC -XX:+PrintGCApplicationStoppedTime -XX:+PrintGCDateStamps -XX:+PrintGCDetails -XX:+PrintGCTimeStamps -XX:+PrintHeapAtGC -XX:+PrintTenuringDistribution -XX:SurvivorRatio=4 -XX:TargetSurvivorRatio=90 -XX:ThreadStackSize=256 -XX:+UseCMSInitiatingOccupancyOnly -XX:+UseCompressedClassPointers -XX:+UseCompressedOops -XX:+UseConcMarkSweepGC -XX:+UseParNewGC 
2018-04-05T15:11:43.992+0200: 0,108: Total time for which application threads were stopped: 0,0000659 seconds, Stopping threads took: 0,0000140 seconds
2018-04-05T15:11:44.059+0200: 0,175: Total time for which application threads were stopped: 0,0001349 seconds, Stopping threads took: 0,0000332 seconds
2018-04-05T15:11:44.071+0200: 0,187: Total time for which application threads were stopped: 0,0000945 seconds, Stopping threads took: 0,0000323 seconds
2018-04-05T15:11:44.197+0200: 0,313: Total time for which application threads were stopped: 0,0001870 seconds, Stopping threads took: 0,0000335 seconds
2018-04-05T15:11:44.369+0200: 0,485: Total time for which application threads were stopped: 0,0001463 seconds, Stopping threads took: 0,0000163 seconds
2018-04-05T15:11:44.419+0200: 0,535: Total time for which application threads were stopped: 0,0001954 seconds, Stopping threads took: 0,0000223 seconds
2018-04-05T15:11:44.433+0200: 0,549: Total time for which application threads were stopped: 0,0001924 seconds, Stopping threads took: 0,0000272 seconds
2018-04-05T15:11:44.615+0200: 0,731: Total time for which application threads were stopped: 0,0001808 seconds, Stopping threads took: 0,0000175 seconds
2018-04-05T15:11:44.763+0200: 0,879: Total time for which application threads were stopped: 0,0002842 seconds, Stopping threads took: 0,0000322 seconds
2018-04-05T15:11:44.785+0200: 0,901: Total time for which application threads were stopped: 0,0002009 seconds, Stopping threads took: 0,0000255 seconds
2018-04-05T15:11:44.807+0200: 0,924: Total time for which application threads were stopped: 0,0002727 seconds, Stopping threads took: 0,0000222 seconds
2018-04-05T15:11:44.809+0200: 0,925: Total time for which application threads were stopped: 0,0001983 seconds, Stopping threads took: 0,0000219 seconds
2018-04-05T15:11:44.821+0200: 0,937: Total time for which application threads were stopped: 0,0002569 seconds, Stopping threads took: 0,0000275 seconds
2018-04-05T15:11:44.887+0200: 1,004: Total time for which application threads were stopped: 0,0002551 seconds, Stopping threads took: 0,0000224 seconds
2018-04-05T15:11:45.041+0200: 1,157: Total time for which application threads were stopped: 0,0002863 seconds, Stopping threads took: 0,0000445 seconds
{Heap before GC invocations=0 (full 0):
 par new generation   total 109248K, used 87424K [0x00000000e0000000, 0x00000000e8000000, 0x00000000e8000000)
  eden space 87424K, 100% used [0x00000000e0000000, 0x00000000e5560000, 0x00000000e5560000)
  from space 21824K,   0% used [0x00000000e5560000, 0x00000000e5560000, 0x00000000e6ab0000)
  to   space 21824K,   0% used [0x00000000e6ab0000, 0x00000000e6ab0000, 0x00000000e8000000)
 concurrent mark-sweep generation total 393216K, used 0K [0x00000000e8000000, 0x0000000100000000, 0x0000000100000000)
 Metaspace       used 17826K, capacity 18184K, committed 18304K, reserved 1064960K
  class space    used 2024K, capacity 2166K, committed 2176K, reserved 1048576K
2018-04-05T15:11:45.065+0200: 1,182: [GC (Allocation Failure) 2018-04-05T15:11:45.065+0200: 1,182: [ParNew
Desired survivor size 20112992 bytes, new threshold 8 (max 8)
- age   1:   11340184 bytes,   11340184 total
: 87424K->11174K(109248K), 0,0222979 secs] 87424K->11174K(502464K), 0,0223564 secs] [Times: user=0,05 sys=0,03, real=0,02 secs] 
Heap after GC invocations=1 (full 0):
 par new generation   total 109248K, used 11174K [0x00000000e0000000, 0x00000000e8000000, 0x00000000e8000000)
  eden space 87424K,   0% used [0x00000000e0000000, 0x00000000e0000000, 0x00000000e5560000)
  from space 21824K,  51% used [0x00000000e6ab0000, 0x00000000e7599bd8, 0x00000000e8000000)
  to   space 21824K,   0% used [0x00000000e5560000, 0x00000000e5560000, 0x00000000e6ab0000)
 concurrent mark-sweep generation total 393216K, used 0K [0x00000000e8000000, 0x0000000100000000, 0x0000000100000000)
 Metaspace       used 17826K, capacity 18184K, committed 18304K, reserved 1064960K
  class space    used 2024K, capacity 2166K, committed 2176K, reserved 1048576K
}
2018-04-05T15:11:45.088+0200: 1,204: Total time for which application threads were stopped: 0,0229977 seconds, Stopping threads took: 0,0004626 seconds
2018-04-05T15:11:45.380+0200: 1,496: Total time for which application threads were stopped: 0,0004629 seconds, Stopping threads took: 0,0000861 seconds
2018-04-05T15:11:45.423+0200: 1,539: Total time for which application threads were stopped: 0,0003794 seconds, Stopping threads took: 0,0000704 seconds
{Heap before GC invocations=1 (full 0):
 par new generation   total 109248K, used 98596K [0x00000000e0000000, 0x00000000e8000000, 0x00000000e8000000)
  eden space 87424K,  99% used [0x00000000e0000000, 0x00000000e555f4f0, 0x00000000e5560000)
  from space 21824K,  51% used [0x00000000e6ab0000, 0x00000000e7599bd8, 0x00000000e8000000)
  to   space 21824K,   0% used [0x00000000e5560000, 0x00000000e5560000, 0x00000000e6ab0000)
 concurrent mark-sweep generation total 393216K, used 0K [0x00000000e8000000, 0x0000000100000000, 0x0000000100000000)
 Metaspace       used 20092K, capacity 20426K, committed 20736K, reserved 1067008K
  class space    used 2298K, capacity 2469K, committed 2560K, reserved 1048576K
2018-04-05T15:11:45.436+0200: 1,552: [GC (Allocation Failure) 2018-04-05T15:11:45.436+0200: 1,552: [ParNew
Desired survivor size 20112992 bytes, new threshold 8 (max 8)
- age   1:    3534112 bytes,    3534112 total
- age   2:    5860960 bytes,    9395072 total
: 98596K->12339K(109248K), 0,0242658 secs] 98596K->12339K(502464K), 0,0243492 secs] [Times: user=0,05 sys=0,01, real=0,03 secs] 
Heap after GC invocations=2 (full 0):
 par new generation   total 109248K, used 12339K [0x00000000e0000000, 0x00000000e8000000, 0x00000000e8000000)
  eden space 87424K,   0% used [0x00000000e0000000, 0x00000000e0000000, 0x00000000e5560000)
  from space 21824K,  56% used [0x00000000e5560000, 0x00000000e616cde0, 0x00000000e6ab0000)
  to   space 21824K,   0% used [0x00000000e6ab0000, 0x00000000e6ab0000, 0x00000000e8000000)
 concurrent mark-sweep generation total 393216K, used 0K [0x00000000e8000000, 0x0000000100000000, 0x0000000100000000)
 Metaspace       used 20092K, capacity 20426K, committed 20736K, reserved 1067008K
  class space    used 2298K, capacity 2469K, committed 2560K, reserved 1048576K
}
2018-04-05T15:11:45.460+0200: 1,576: Total time for which application threads were stopped: 0,0245620 seconds, Stopping threads took: 0,0000482 seconds
2018-04-05T15:11:45.519+0200: 1,635: Total time for which application threads were stopped: 0,0003377 seconds, Stopping threads took: 0,0000329 seconds
2018-04-05T15:11:45.638+0200: 1,755: Total time for which application threads were stopped: 0,0007619 seconds, Stopping threads took: 0,0006240 seconds
{Heap before GC invocations=2 (full 0):
 par new generation   total 109248K, used 99763K [0x00000000e0000000, 0x00000000e8000000, 0x00000000e8000000)
  eden space 87424K, 100% used [0x00000000e0000000, 0x00000000e5560000, 0x00000000e5560000)
  from space 21824K,  56% used [0x00000000e5560000, 0x00000000e616cde0, 0x00000000e6ab0000)
  to   space 21824K,   0% used [0x00000000e6ab0000, 0x00000000e6ab0000, 0x00000000e8000000)
 concurrent mark-sweep generation total 393216K, used 0K [0x00000000e8000000, 0x0000000100000000, 0x0000000100000000)
 Metaspace       used 21042K, capacity 21360K, committed 21628K, reserved 1069056K
  class space    used 2426K, capacity 2590K, committed 2684K, reserved 1048576K
2018-04-05T15:11:45.676+0200: 1,793: [GC (Allocation Failure) 2018-04-05T15:11:45.676+0200: 1,793: [ParNew
Desired survivor size 20112992 bytes, new threshold 8 (max 8)
- age   1:    2161344 bytes,    2161344 total
- age   2:    1124248 bytes,    3285592 total
- age   3:    5859008 bytes,    9144600 total
: 99763K->10406K(109248K), 0,0103239 secs] 99763K->10406K(502464K), 0,0103927 secs] [Times: user=0,03 sys=0,00, real=0,02 secs] 
Heap after GC invocations=3 (full 0):
 par new generation   total 109248K, used 10406K [0x00000000e0000000, 0x00000000e8000000, 0x00000000e8000000)
  eden space 87424K,   0% used [0x00000000e0000000, 0x00000000e0000000, 0x00000000e5560000)
  from space 21824K,  47% used [0x00000000e6ab0000, 0x00000000e74d99c0, 0x00000000e8000000)
  to   space 21824K,   0% used [0x00000000e5560000, 0x00000000e5560000, 0x00000000e6ab0000)
 concurrent mark-sweep generation total 393216K, used 0K [0x00000000e8000000, 0x0000000100000000, 0x0000000100000000)
 Metaspace       used 21042K, capacity 21360K, committed 21628K, reserved 1069056K
  class space    used 2426K, capacity 2590K, committed 2684K, reserved 1048576K
}
2018-04-05T15:11:45.687+0200: 1,803: Total time for which application threads were stopped: 0,0106335 seconds, Stopping threads took: 0,0000906 seconds
2018-04-05T15:11:45.701+0200: 1,817: [GC (CMS Initial Mark) [1 CMS-initial-mark: 0K(393216K)] 25978K(502464K), 0,0068576 secs] [Times: user=0,03 sys=0,00, real=0,01 secs] 
2018-04-05T15:11:45.708+0200: 1,824: Total time for which application threads were stopped: 0,0070244 seconds, Stopping threads took: 0,0000591 seconds
2018-04-05T15:11:45.708+0200: 1,824: [CMS-concurrent-mark-start]
2018-04-05T15:11:45.711+0200: 1,827: [CMS-concurrent-mark: 0,003/0,003 secs] [Times: user=0,01 sys=0,00, real=0,00 secs] 
2018-04-05T15:11:45.711+0200: 1,827: [CMS-concurrent-preclean-start]
2018-04-05T15:11:45.712+0200: 1,828: [CMS-concurrent-preclean: 0,001/0,001 secs] [Times: user=0,00 sys=0,00, real=0,00 secs] 
2018-04-05T15:11:45.712+0200: 1,828: [CMS-concurrent-abortable-preclean-start]
2018-04-05T15:11:45.713+0200: 1,830: Total time for which application threads were stopped: 0,0004114 seconds, Stopping threads took: 0,0003308 seconds
{Heap before GC invocations=3 (full 1):
 par new generation   total 109248K, used 97830K [0x00000000e0000000, 0x00000000e8000000, 0x00000000e8000000)
  eden space 87424K, 100% used [0x00000000e0000000, 0x00000000e5560000, 0x00000000e5560000)
  from space 21824K,  47% used [0x00000000e6ab0000, 0x00000000e74d99c0, 0x00000000e8000000)
  to   space 21824K,   0% used [0x00000000e5560000, 0x00000000e5560000, 0x00000000e6ab0000)
 concurrent mark-sweep generation total 393216K, used 0K [0x00000000e8000000, 0x0000000100000000, 0x0000000100000000)
 Metaspace       used 21308K, capacity 21700K, committed 21884K, reserved 1069056K
  class space    used 2452K, capacity 2605K, committed 2684K, reserved 1048576K
2018-04-05T15:11:45.821+0200: 1,938: [GC (Allocation Failure) 2018-04-05T15:11:45.821+0200: 1,938: [ParNew
Desired survivor size 20112992 bytes, new threshold 8 (max 8)
- age   1:    1088056 bytes,    1088056 total
- age   2:    1444816 bytes,    2532872 total
- age   3:    1120552 bytes,    3653424 total
- age   4:    5859096 bytes,    9512520 total
: 97830K->13997K(109248K), 0,0085402 secs] 97830K->13997K(502464K), 0,0086001 secs] [Times: user=0,03 sys=0,00, real=0,01 secs] 
Heap after GC invocations=4 (full 1):
 par new generation   total 109248K, used 13997K [0x00000000e0000000, 0x00000000e8000000, 0x00000000e8000000)
  eden space 87424K,   0% used [0x00000000e0000000, 0x00000000e0000000, 0x00000000e5560000)
  from space 21824K,  64% used [0x00000000e5560000, 0x00000000e630b510, 0x00000000e6ab0000)
  to   space 21824K,   0% used [0x00000000e6ab0000, 0x00000000e6ab0000, 0x00000000e8000000)
 concurrent mark-sweep generation total 393216K, used 0K [0x00000000e8000000, 0x0000000100000000, 0x0000000100000000)
 Metaspace       used 21308K, capacity 21700K, committed 21884K, reserved 1069056K
  class space    used 2452K, capacity 2605K, committed 2684K, reserved 1048576K
}
2018-04-05T15:11:45.830+0200: 1,946: Total time for which application threads were stopped: 0,0127347 seconds, Stopping threads took: 0,0039847 seconds
{Heap before GC invocations=4 (full 1):
 par new generation   total 109248K, used 101421K [0x00000000e0000000, 0x00000000e8000000, 0x00000000e8000000)
  eden space 87424K, 100% used [0x00000000e0000000, 0x00000000e5560000, 0x00000000e5560000)
  from space 21824K,  64% used [0x00000000e5560000, 0x00000000e630b510, 0x00000000e6ab0000)
  to   space 21824K,   0% used [0x00000000e6ab0000, 0x00000000e6ab0000, 0x00000000e8000000)
 concurrent mark-sweep generation total 393216K, used 0K [0x00000000e8000000, 0x0000000100000000, 0x0000000100000000)
 Metaspace       used 21495K, capacity 21884K, committed 21960K, reserved 1069056K
  class space    used 2473K, capacity 2641K, committed 2684K, reserved 1048576K
2018-04-05T15:11:45.916+0200: 2,032: [GC (Allocation Failure) 2018-04-05T15:11:45.916+0200: 2,032: [ParNew
Desired survivor size 20112992 bytes, new threshold 8 (max 8)
- age   1:     775512 bytes,     775512 total
- age   2:     182400 bytes,     957912 total
- age   3:    1443952 bytes,    2401864 total
- age   4:    1116592 bytes,    3518456 total
- age   5:    5859240 bytes,    9377696 total
: 101421K->11885K(109248K), 0,0135221 secs] 101421K->11885K(502464K), 0,0136028 secs] [Times: user=0,04 sys=0,00, real=0,02 secs] 
Heap after GC invocations=5 (full 1):
 par new generation   total 109248K, used 11885K [0x00000000e0000000, 0x00000000e8000000, 0x00000000e8000000)
  eden space 87424K,   0% used [0x00000000e0000000, 0x00000000e0000000, 0x00000000e5560000)
  from space 21824K,  54% used [0x00000000e6ab0000, 0x00000000e764b550, 0x00000000e8000000)
  to   space 21824K,   0% used [0x00000000e5560000, 0x00000000e5560000, 0x00000000e6ab0000)
 concurrent mark-sweep generation total 393216K, used 0K [0x00000000e8000000, 0x0000000100000000, 0x0000000100000000)
 Metaspace       used 21495K, capacity 21884K, committed 21960K, reserved 1069056K
  class space    used 2473K, capacity 2641K, committed 2684K, reserved 1048576K
}
2018-04-05T15:11:45.930+0200: 2,046: Total time for which application threads were stopped: 0,0142409 seconds, Stopping threads took: 0,0004742 seconds
2018-04-05T15:11:45.949+0200: 2,066: Total time for which application threads were stopped: 0,0002103 seconds, Stopping threads took: 0,0001158 seconds
2018-04-05T15:11:45.969+0200: 2,085: Total time for which application threads were stopped: 0,0004292 seconds, Stopping threads took: 0,0000475 seconds
2018-04-05T15:11:46.008+0200: 2,124: Total time for which application threads were stopped: 0,0001552 seconds, Stopping threads took: 0,0000574 seconds
2018-04-05T15:11:46.028+0200: 2,144: Total time for which application threads were stopped: 0,0001068 seconds, Stopping threads took: 0,0000276 seconds
2018-04-05T15:11:46.028+0200: 2,144: Total time for which application threads were stopped: 0,0000699 seconds, Stopping threads took: 0,0000283 seconds
2018-04-05T15:11:46.033+0200: 2,149: Total time for which application threads were stopped: 0,0001324 seconds, Stopping threads took: 0,0000614 seconds
2018-04-05T15:11:46.189+0200: 2,305: Total time for which application threads were stopped: 0,0002338 seconds, Stopping threads took: 0,0000637 seconds
2018-04-05T15:11:46.229+0200: 2,345: Total time for which application threads were stopped: 0,0001445 seconds, Stopping threads took: 0,0000349 seconds
2018-04-05T15:11:46.233+0200: 2,349: Total time for which application threads were stopped: 0,0004386 seconds, Stopping threads took: 0,0000302 seconds
2018-04-05T15:11:46.255+0200: 2,372: Total time for which application threads were stopped: 0,0004968 seconds, Stopping threads took: 0,0001315 seconds
2018-04-05T15:11:46.270+0200: 2,386: Total time for which application threads were stopped: 0,0001296 seconds, Stopping threads took: 0,0000410 seconds
2018-04-05T15:11:46.321+0200: 2,437: Total time for which application threads were stopped: 0,0002329 seconds, Stopping threads took: 0,0000860 seconds
2018-04-05T15:11:46.347+0200: 2,463: Total time for which application threads were stopped: 0,0001097 seconds, Stopping threads took: 0,0000269 seconds
2018-04-05T15:11:46.359+0200: 2,475: Total time for which application threads were stopped: 0,0000785 seconds, Stopping threads took: 0,0000148 seconds
2018-04-05T15:11:46.359+0200: 2,475: [CMS-concurrent-abortable-preclean: 0,363/0,647 secs] [Times: user=2,26 sys=0,03, real=0,65 secs] 
2018-04-05T15:11:46.359+0200: 2,475: [GC (CMS Final Remark) [YG occupancy: 58435 K (109248 K)]{Heap before GC invocations=5 (full 1):
 par new generation   total 109248K, used 58435K [0x00000000e0000000, 0x00000000e8000000, 0x00000000e8000000)
  eden space 87424K,  53% used [0x00000000e0000000, 0x00000000e2d756b0, 0x00000000e5560000)
  from space 21824K,  54% used [0x00000000e6ab0000, 0x00000000e764b550, 0x00000000e8000000)
  to   space 21824K,   0% used [0x00000000e5560000, 0x00000000e5560000, 0x00000000e6ab0000)
 concurrent mark-sweep generation total 393216K, used 0K [0x00000000e8000000, 0x0000000100000000, 0x0000000100000000)
 Metaspace       used 24087K, capacity 24546K, committed 24872K, reserved 1071104K
  class space    used 2836K, capacity 3016K, committed 3092K, reserved 1048576K
2018-04-05T15:11:46.359+0200: 2,475: [GC (CMS Final Remark) 2018-04-05T15:11:46.359+0200: 2,475: [ParNew
Desired survivor size 20112992 bytes, new threshold 8 (max 8)
- age   1:    3852440 bytes,    3852440 total
- age   2:     135320 bytes,    3987760 total
- age   3:     181304 bytes,    4169064 total
- age   4:     276536 bytes,    4445600 total
- age   5:    1099648 bytes,    5545248 total
- age   6:    5853824 bytes,   11399072 total
: 58435K->13543K(109248K), 0,0093393 secs] 58435K->13543K(502464K), 0,0093798 secs] [Times: user=0,03 sys=0,00, real=0,01 secs] 
Heap after GC invocations=6 (full 1):
 par new generation   total 109248K, used 13543K [0x00000000e0000000, 0x00000000e8000000, 0x00000000e8000000)
  eden space 87424K,   0% used [0x00000000e0000000, 0x00000000e0000000, 0x00000000e5560000)
  from space 21824K,  62% used [0x00000000e5560000, 0x00000000e6299e00, 0x00000000e6ab0000)
  to   space 21824K,   0% used [0x00000000e6ab0000, 0x00000000e6ab0000, 0x00000000e8000000)
 concurrent mark-sweep generation total 393216K, used 0K [0x00000000e8000000, 0x0000000100000000, 0x0000000100000000)
 Metaspace       used 24087K, capacity 24546K, committed 24872K, reserved 1071104K
  class space    used 2836K, capacity 3016K, committed 3092K, reserved 1048576K
}
2018-04-05T15:11:46.368+0200: 2,485: [Rescan (parallel) , 0,0031904 secs]2018-04-05T15:11:46.372+0200: 2,488: [weak refs processing, 0,0014824 secs]2018-04-05T15:11:46.373+0200: 2,489: [class unloading, 0,0033154 secs]2018-04-05T15:11:46.376+0200: 2,493: [scrub symbol table, 0,0032831 secs]2018-04-05T15:11:46.380+0200: 2,496: [scrub string table, 0,0003920 secs][1 CMS-remark: 0K(393216K)] 13543K(502464K), 0,0219662 secs] [Times: user=0,05 sys=0,00, real=0,02 secs] 
2018-04-05T15:11:46.381+0200: 2,497: Total time for which application threads were stopped: 0,0220563 seconds, Stopping threads took: 0,0000135 seconds
2018-04-05T15:11:46.382+0200: 2,498: [CMS-concurrent-sweep-start]
2018-04-05T15:11:46.382+0200: 2,498: [CMS-concurrent-sweep: 0,000/0,000 secs] [Times: user=0,01 sys=0,00, real=0,00 secs] 
2018-04-05T15:11:46.382+0200: 2,498: [CMS-concurrent-reset-start]
2018-04-05T15:11:46.390+0200: 2,506: [CMS-concurrent-reset: 0,008/0,008 secs] [Times: user=0,00 sys=0,01, real=0,01 secs] 
2018-04-05T15:11:46.678+0200: 2,794: Total time for which application threads were stopped: 0,0004825 seconds, Stopping threads took: 0,0000513 seconds
2018-04-05T15:11:46.694+0200: 2,810: Total time for which application threads were stopped: 0,0004754 seconds, Stopping threads took: 0,0000275 seconds
2018-04-05T15:11:46.754+0200: 2,870: Total time for which application threads were stopped: 0,0012594 seconds, Stopping threads took: 0,0008846 seconds
2018-04-05T15:11:46.878+0200: 2,994: Total time for which application threads were stopped: 0,0043987 seconds, Stopping threads took: 0,0038697 seconds
{Heap before GC invocations=6 (full 1):
 par new generation   total 109248K, used 100967K [0x00000000e0000000, 0x00000000e8000000, 0x00000000e8000000)
  eden space 87424K, 100% used [0x00000000e0000000, 0x00000000e5560000, 0x00000000e5560000)
  from space 21824K,  62% used [0x00000000e5560000, 0x00000000e6299e00, 0x00000000e6ab0000)
  to   space 21824K,   0% used [0x00000000e6ab0000, 0x00000000e6ab0000, 0x00000000e8000000)
 concurrent mark-sweep generation total 393216K, used 0K [0x00000000e8000000, 0x0000000100000000, 0x0000000100000000)
 Metaspace       used 27905K, capacity 28490K, committed 28816K, reserved 1075200K
  class space    used 3209K, capacity 3392K, committed 3476K, reserved 1048576K
2018-04-05T15:11:46.925+0200: 3,041: [GC (Allocation Failure) 2018-04-05T15:11:46.925+0200: 3,041: [ParNew
Desired survivor size 20112992 bytes, new threshold 7 (max 8)
- age   1:   13493344 bytes,   13493344 total
- age   2:    1609696 bytes,   15103040 total
- age   3:     112792 bytes,   15215832 total
- age   4:     168792 bytes,   15384624 total
- age   5:     258416 bytes,   15643040 total
- age   6:     910056 bytes,   16553096 total
- age   7:    5759456 bytes,   22312552 total
: 100967K->21824K(109248K), 0,0365440 secs] 100967K->24254K(502464K), 0,0366343 secs] [Times: user=0,10 sys=0,02, real=0,04 secs] 
Heap after GC invocations=7 (full 1):
 par new generation   total 109248K, used 21824K [0x00000000e0000000, 0x00000000e8000000, 0x00000000e8000000)
  eden space 87424K,   0% used [0x00000000e0000000, 0x00000000e0000000, 0x00000000e5560000)
  from space 21824K, 100% used [0x00000000e6ab0000, 0x00000000e8000000, 0x00000000e8000000)
  to   space 21824K,   0% used [0x00000000e5560000, 0x00000000e5560000, 0x00000000e6ab0000)
 concurrent mark-sweep generation total 393216K, used 2430K [0x00000000e8000000, 0x0000000100000000, 0x0000000100000000)
 Metaspace       used 27905K, capacity 28490K, committed 28816K, reserved 1075200K
  class space    used 3209K, capacity 3392K, committed 3476K, reserved 1048576K
}
2018-04-05T15:11:46.962+0200: 3,078: Total time for which application threads were stopped: 0,0370194 seconds, Stopping threads took: 0,0001200 seconds
{Heap before GC invocations=7 (full 1):
 par new generation   total 109248K, used 109248K [0x00000000e0000000, 0x00000000e8000000, 0x00000000e8000000)
  eden space 87424K, 100% used [0x00000000e0000000, 0x00000000e5560000, 0x00000000e5560000)
  from space 21824K, 100% used [0x00000000e6ab0000, 0x00000000e8000000, 0x00000000e8000000)
  to   space 21824K,   0% used [0x00000000e5560000, 0x00000000e5560000, 0x00000000e6ab0000)
 concurrent mark-sweep generation total 393216K, used 2430K [0x00000000e8000000, 0x0000000100000000, 0x0000000100000000)
 Metaspace       used 28070K, capacity 28662K, committed 28816K, reserved 1075200K
  class space    used 3225K, capacity 3426K, committed 3476K, reserved 1048576K
2018-04-05T15:11:47.078+0200: 3,194: [GC (Allocation Failure) 2018-04-05T15:11:47.078+0200: 3,194: [ParNew
Desired survivor size 20112992 bytes, new threshold 8 (max 8)
- age   1:    1296648 bytes,    1296648 total
- age   2:   11538448 bytes,   12835096 total
- age   3:    1492376 bytes,   14327472 total
- age   4:      96472 bytes,   14423944 total
- age   5:     159488 bytes,   14583432 total
- age   6:     245512 bytes,   14828944 total
- age   7:     900792 bytes,   15729736 total
: 109248K->21824K(109248K), 0,0411370 secs] 111678K->30301K(502464K), 0,0412104 secs] [Times: user=0,12 sys=0,01, real=0,04 secs] 
Heap after GC invocations=8 (full 1):
 par new generation   total 109248K, used 21824K [0x00000000e0000000, 0x00000000e8000000, 0x00000000e8000000)
  eden space 87424K,   0% used [0x00000000e0000000, 0x00000000e0000000, 0x00000000e5560000)
  from space 21824K, 100% used [0x00000000e5560000, 0x00000000e6ab0000, 0x00000000e6ab0000)
  to   space 21824K,   0% used [0x00000000e6ab0000, 0x00000000e6ab0000, 0x00000000e8000000)
 concurrent mark-sweep generation total 393216K, used 8477K [0x00000000e8000000, 0x0000000100000000, 0x0000000100000000)
 Metaspace       used 28070K, capacity 28662K, committed 28816K, reserved 1075200K
  class space    used 3225K, capacity 3426K, committed 3476K, reserved 1048576K
}
2018-04-05T15:11:47.119+0200: 3,236: Total time for which application threads were stopped: 0,0414839 seconds, Stopping threads took: 0,0000526 seconds
{Heap before GC invocations=8 (full 1):
 par new generation   total 109248K, used 109248K [0x00000000e0000000, 0x00000000e8000000, 0x00000000e8000000)
  eden space 87424K, 100% used [0x00000000e0000000, 0x00000000e5560000, 0x00000000e5560000)
  from space 21824K, 100% used [0x00000000e5560000, 0x00000000e6ab0000, 0x00000000e6ab0000)
  to   space 21824K,   0% used [0x00000000e6ab0000, 0x00000000e6ab0000, 0x00000000e8000000)
 concurrent mark-sweep generation total 393216K, used 8477K [0x00000000e8000000, 0x0000000100000000, 0x0000000100000000)
 Metaspace       used 28117K, capacity 28752K, committed 29072K, reserved 1075200K
  class space    used 3228K, capacity 3431K, committed 3476K, reserved 1048576K
2018-04-05T15:11:47.184+0200: 3,300: [GC (Allocation Failure) 2018-04-05T15:11:47.184+0200: 3,300: [ParNew
Desired survivor size 20112992 bytes, new threshold 8 (max 8)
- age   1:    1095960 bytes,    1095960 total
- age   2:    1004016 bytes,    2099976 total
- age   3:   11538448 bytes,   13638424 total
- age   4:    1492376 bytes,   15130800 total
- age   5:      96472 bytes,   15227272 total
- age   6:     159384 bytes,   15386656 total
- age   7:     245512 bytes,   15632168 total
- age   8:     900792 bytes,   16532960 total
: 109248K->21824K(109248K), 0,0301114 secs] 117725K->30301K(502464K), 0,0302687 secs] [Times: user=0,10 sys=0,01, real=0,03 secs] 
Heap after GC invocations=9 (full 1):
 par new generation   total 109248K, used 21824K [0x00000000e0000000, 0x00000000e8000000, 0x00000000e8000000)
  eden space 87424K,   0% used [0x00000000e0000000, 0x00000000e0000000, 0x00000000e5560000)
  from space 21824K, 100% used [0x00000000e6ab0000, 0x00000000e8000000, 0x00000000e8000000)
  to   space 21824K,   0% used [0x00000000e5560000, 0x00000000e5560000, 0x00000000e6ab0000)
 concurrent mark-sweep generation total 393216K, used 8477K [0x00000000e8000000, 0x0000000100000000, 0x0000000100000000)
 Metaspace       used 28117K, capacity 28752K, committed 29072K, reserved 1075200K
  class space    used 3228K, capacity 3431K, committed 3476K, reserved 1048576K
}
2018-04-05T15:11:47.214+0200: 3,330: Total time for which application threads were stopped: 0,0306234 seconds, Stopping threads took: 0,0000742 seconds
2018-04-05T15:11:47.942+0200: 4,058: Total time for which application threads were stopped: 0,0004365 seconds, Stopping threads took: 0,0000232 seconds
2018-04-05T15:11:50.179+0200: 6,295: Total time for which application threads were stopped: 0,0000864 seconds, Stopping threads took: 0,0000332 seconds
2018-04-05T15:11:50.182+0200: 6,298: Total time for which application threads were stopped: 0,0000651 seconds, Stopping threads took: 0,0000158 seconds
2018-04-05T15:11:50.200+0200: 6,316: Total time for which application threads were stopped: 0,0004018 seconds, Stopping threads took: 0,0000301 seconds
2018-04-05T15:11:50.214+0200: 6,330: Total time for which application threads were stopped: 0,0001169 seconds, Stopping threads took: 0,0000537 seconds
2018-04-05T15:11:50.214+0200: 6,330: Total time for which application threads were stopped: 0,0000604 seconds, Stopping threads took: 0,0000229 seconds
2018-04-05T15:11:50.437+0200: 6,553: Total time for which application threads were stopped: 0,0001600 seconds, Stopping threads took: 0,0000755 seconds
2018-04-05T15:11:50.439+0200: 6,555: Total time for which application threads were stopped: 0,0001192 seconds, Stopping threads took: 0,0000506 seconds
2018-04-05T15:11:50.810+0200: 6,926: Total time for which application threads were stopped: 0,0001034 seconds, Stopping threads took: 0,0000461 seconds
2018-04-05T15:11:50.810+0200: 6,926: Total time for which application threads were stopped: 0,0000482 seconds, Stopping threads took: 0,0000182 seconds
2018-04-05T15:11:50.810+0200: 6,926: Total time for which application threads were stopped: 0,0002022 seconds, Stopping threads took: 0,0001610 seconds
2018-04-05T15:11:50.810+0200: 6,927: Total time for which application threads were stopped: 0,0001284 seconds, Stopping threads took: 0,0001015 seconds
2018-04-05T15:11:50.811+0200: 6,927: Total time for which application threads were stopped: 0,0000672 seconds, Stopping threads took: 0,0000323 seconds
2018-04-05T15:11:50.811+0200: 6,927: Total time for which application threads were stopped: 0,0000466 seconds, Stopping threads took: 0,0000228 seconds
2018-04-05T15:11:50.811+0200: 6,927: Total time for which application threads were stopped: 0,0000482 seconds, Stopping threads took: 0,0000234 seconds
2018-04-05T15:11:50.811+0200: 6,927: Total time for which application threads were stopped: 0,0000530 seconds, Stopping threads took: 0,0000259 seconds
2018-04-05T15:11:50.811+0200: 6,927: Total time for which application threads were stopped: 0,0000417 seconds, Stopping threads took: 0,0000174 seconds
2018-04-05T15:11:50.811+0200: 6,927: Total time for which application threads were stopped: 0,0000491 seconds, Stopping threads took: 0,0000250 seconds
2018-04-05T15:11:50.811+0200: 6,928: Total time for which application threads were stopped: 0,0000492 seconds, Stopping threads took: 0,0000165 seconds
2018-04-05T15:11:50.811+0200: 6,928: Total time for which application threads were stopped: 0,0000354 seconds, Stopping threads took: 0,0000101 seconds
2018-04-05T15:11:50.812+0200: 6,928: Total time for which application threads were stopped: 0,0000355 seconds, Stopping threads took: 0,0000104 seconds
2018-04-05T15:11:50.812+0200: 6,928: Total time for which application threads were stopped: 0,0000338 seconds, Stopping threads took: 0,0000101 seconds
2018-04-05T15:11:50.812+0200: 6,928: Total time for which application threads were stopped: 0,0000347 seconds, Stopping threads took: 0,0000099 seconds
2018-04-05T15:11:50.812+0200: 6,928: Total time for which application threads were stopped: 0,0000435 seconds, Stopping threads took: 0,0000135 seconds
2018-04-05T15:11:50.812+0200: 6,928: Total time for which application threads were stopped: 0,0000294 seconds, Stopping threads took: 0,0000079 seconds
2018-04-05T15:11:50.812+0200: 6,928: Total time for which application threads were stopped: 0,0000300 seconds, Stopping threads took: 0,0000077 seconds
2018-04-05T15:11:50.812+0200: 6,928: Total time for which application threads were stopped: 0,0001004 seconds, Stopping threads took: 0,0000076 seconds
2018-04-05T15:11:50.812+0200: 6,928: Total time for which application threads were stopped: 0,0000300 seconds, Stopping threads took: 0,0000074 seconds
2018-04-05T15:11:50.813+0200: 6,929: Total time for which application threads were stopped: 0,0000303 seconds, Stopping threads took: 0,0000081 seconds
2018-04-05T15:11:50.813+0200: 6,929: Total time for which application threads were stopped: 0,0000293 seconds, Stopping threads took: 0,0000077 seconds
2018-04-05T15:11:50.813+0200: 6,929: Total time for which application threads were stopped: 0,0000430 seconds, Stopping threads took: 0,0000174 seconds
2018-04-05T15:11:50.813+0200: 6,929: Total time for which application threads were stopped: 0,0000355 seconds, Stopping threads took: 0,0000096 seconds
2018-04-05T15:11:50.813+0200: 6,929: Total time for which application threads were stopped: 0,0000522 seconds, Stopping threads took: 0,0000268 seconds
2018-04-05T15:11:50.813+0200: 6,930: Total time for which application threads were stopped: 0,0000385 seconds, Stopping threads took: 0,0000111 seconds
2018-04-05T15:11:50.813+0200: 6,930: Total time for which application threads were stopped: 0,0000336 seconds, Stopping threads took: 0,0000088 seconds
2018-04-05T15:11:50.814+0200: 6,930: Total time for which application threads were stopped: 0,0000372 seconds, Stopping threads took: 0,0000108 seconds
2018-04-05T15:11:50.814+0200: 6,930: Total time for which application threads were stopped: 0,0000367 seconds, Stopping threads took: 0,0000104 seconds
2018-04-05T15:11:50.814+0200: 6,930: Total time for which application threads were stopped: 0,0000683 seconds, Stopping threads took: 0,0000210 seconds
2018-04-05T15:11:50.815+0200: 6,931: Total time for which application threads were stopped: 0,0000670 seconds, Stopping threads took: 0,0000296 seconds
2018-04-05T15:11:50.815+0200: 6,931: Total time for which application threads were stopped: 0,0000435 seconds, Stopping threads took: 0,0000121 seconds
2018-04-05T15:11:50.815+0200: 6,931: Total time for which application threads were stopped: 0,0000495 seconds, Stopping threads took: 0,0000115 seconds
2018-04-05T15:11:50.816+0200: 6,932: Total time for which application threads were stopped: 0,0001260 seconds, Stopping threads took: 0,0000115 seconds
2018-04-05T15:11:51.816+0200: 7,932: Total time for which application threads were stopped: 0,0000989 seconds, Stopping threads took: 0,0000214 seconds
2018-04-05T15:11:52.816+0200: 8,932: Total time for which application threads were stopped: 0,0000923 seconds, Stopping threads took: 0,0000217 seconds
2018-04-05T15:11:53.816+0200: 9,932: Total time for which application threads were stopped: 0,0000872 seconds, Stopping threads took: 0,0000194 seconds
2018-04-05T15:11:54.725+0200: 10,841: Total time for which application threads were stopped: 0,0000893 seconds, Stopping threads took: 0,0000249 seconds
2018-04-05T15:11:54.725+0200: 10,841: Total time for which application threads were stopped: 0,0000573 seconds, Stopping threads took: 0,0000205 seconds
2018-04-05T15:11:54.725+0200: 10,841: Total time for which application threads were stopped: 0,0000312 seconds, Stopping threads took: 0,0000087 seconds
2018-04-05T15:11:54.726+0200: 10,842: Total time for which application threads were stopped: 0,0000762 seconds, Stopping threads took: 0,0000207 seconds
2018-04-05T15:11:54.726+0200: 10,842: Total time for which application threads were stopped: 0,0000519 seconds, Stopping threads took: 0,0000206 seconds
2018-04-05T15:11:54.726+0200: 10,842: Total time for which application threads were stopped: 0,0000502 seconds, Stopping threads took: 0,0000119 seconds
2018-04-05T15:11:54.726+0200: 10,842: Total time for which application threads were stopped: 0,0000459 seconds, Stopping threads took: 0,0000095 seconds
2018-04-05T15:11:54.726+0200: 10,842: Total time for which application threads were stopped: 0,0000495 seconds, Stopping threads took: 0,0000130 seconds
2018-04-05T15:11:54.726+0200: 10,842: Total time for which application threads were stopped: 0,0000388 seconds, Stopping threads took: 0,0000096 seconds
2018-04-05T15:11:54.726+0200: 10,842: Total time for which application threads were stopped: 0,0000368 seconds, Stopping threads took: 0,0000093 seconds
2018-04-05T15:11:54.727+0200: 10,843: Total time for which application threads were stopped: 0,0000551 seconds, Stopping threads took: 0,0000163 seconds
2018-04-05T15:11:54.727+0200: 10,843: Total time for which application threads were stopped: 0,0000486 seconds, Stopping threads took: 0,0000125 seconds
2018-04-05T15:11:54.727+0200: 10,843: Total time for which application threads were stopped: 0,0000474 seconds, Stopping threads took: 0,0000122 seconds
2018-04-05T15:11:54.727+0200: 10,843: Total time for which application threads were stopped: 0,0000353 seconds, Stopping threads took: 0,0000088 seconds
2018-04-05T15:11:54.727+0200: 10,843: Total time for which application threads were stopped: 0,0000329 seconds, Stopping threads took: 0,0000081 seconds
2018-04-05T15:11:54.727+0200: 10,843: Total time for which application threads were stopped: 0,0000355 seconds, Stopping threads took: 0,0000106 seconds
2018-04-05T15:11:54.727+0200: 10,843: Total time for which application threads were stopped: 0,0000329 seconds, Stopping threads took: 0,0000082 seconds
2018-04-05T15:11:54.727+0200: 10,843: Total time for which application threads were stopped: 0,0000338 seconds, Stopping threads took: 0,0000080 seconds
2018-04-05T15:11:54.728+0200: 10,844: Total time for which application threads were stopped: 0,0000343 seconds, Stopping threads took: 0,0000088 seconds
2018-04-05T15:11:54.728+0200: 10,844: Total time for which application threads were stopped: 0,0001172 seconds, Stopping threads took: 0,0000084 seconds
2018-04-05T15:11:54.729+0200: 10,845: Total time for which application threads were stopped: 0,0000784 seconds, Stopping threads took: 0,0000190 seconds
2018-04-05T15:11:54.729+0200: 10,846: Total time for which application threads were stopped: 0,0000403 seconds, Stopping threads took: 0,0000110 seconds
2018-04-05T15:11:54.729+0200: 10,846: Total time for which application threads were stopped: 0,0000322 seconds, Stopping threads took: 0,0000086 seconds
2018-04-05T15:11:54.730+0200: 10,846: Total time for which application threads were stopped: 0,0000322 seconds, Stopping threads took: 0,0000087 seconds
2018-04-05T15:11:54.730+0200: 10,846: Total time for which application threads were stopped: 0,0000316 seconds, Stopping threads took: 0,0000081 seconds
2018-04-05T15:11:54.730+0200: 10,846: Total time for which application threads were stopped: 0,0000315 seconds, Stopping threads took: 0,0000081 seconds
2018-04-05T15:11:54.730+0200: 10,846: Total time for which application threads were stopped: 0,0000307 seconds, Stopping threads took: 0,0000080 seconds
2018-04-05T15:11:54.730+0200: 10,846: Total time for which application threads were stopped: 0,0000375 seconds, Stopping threads took: 0,0000106 seconds
2018-04-05T15:11:54.730+0200: 10,847: Total time for which application threads were stopped: 0,0000364 seconds, Stopping threads took: 0,0000097 seconds
2018-04-05T15:11:54.730+0200: 10,847: Total time for which application threads were stopped: 0,0000334 seconds, Stopping threads took: 0,0000080 seconds
2018-04-05T15:11:54.731+0200: 10,847: Total time for which application threads were stopped: 0,0000344 seconds, Stopping threads took: 0,0000081 seconds
2018-04-05T15:11:54.731+0200: 10,847: Total time for which application threads were stopped: 0,0000332 seconds, Stopping threads took: 0,0000077 seconds
2018-04-05T15:11:54.731+0200: 10,847: Total time for which application threads were stopped: 0,0000859 seconds, Stopping threads took: 0,0000507 seconds
2018-04-05T15:11:54.731+0200: 10,847: Total time for which application threads were stopped: 0,0000688 seconds, Stopping threads took: 0,0000160 seconds
2018-04-05T15:11:54.731+0200: 10,848: Total time for which application threads were stopped: 0,0000642 seconds, Stopping threads took: 0,0000268 seconds
2018-04-05T15:11:54.732+0200: 10,848: Total time for which application threads were stopped: 0,0001031 seconds, Stopping threads took: 0,0000377 seconds
2018-04-05T15:11:54.732+0200: 10,849: Total time for which application threads were stopped: 0,0000711 seconds, Stopping threads took: 0,0000243 seconds
2018-04-05T15:11:54.733+0200: 10,849: Total time for which application threads were stopped: 0,0000705 seconds, Stopping threads took: 0,0000241 seconds
2018-04-05T15:11:54.733+0200: 10,849: Total time for which application threads were stopped: 0,0000479 seconds, Stopping threads took: 0,0000203 seconds
2018-04-05T15:11:54.733+0200: 10,849: Total time for which application threads were stopped: 0,0001164 seconds, Stopping threads took: 0,0000189 seconds
2018-04-05T15:11:54.865+0200: 10,981: Total time for which application threads were stopped: 0,0004746 seconds, Stopping threads took: 0,0002941 seconds
2018-04-05T15:11:55.501+0200: 11,617: Total time for which application threads were stopped: 0,0004798 seconds, Stopping threads took: 0,0000177 seconds
2018-04-05T15:11:55.504+0200: 11,620: Total time for which application threads were stopped: 0,0004900 seconds, Stopping threads took: 0,0000172 seconds
{Heap before GC invocations=9 (full 1):
 par new generation   total 109248K, used 109248K [0x00000000e0000000, 0x00000000e8000000, 0x00000000e8000000)
  eden space 87424K, 100% used [0x00000000e0000000, 0x00000000e5560000, 0x00000000e5560000)
  from space 21824K, 100% used [0x00000000e6ab0000, 0x00000000e8000000, 0x00000000e8000000)
  to   space 21824K,   0% used [0x00000000e5560000, 0x00000000e5560000, 0x00000000e6ab0000)
 concurrent mark-sweep generation total 393216K, used 8477K [0x00000000e8000000, 0x0000000100000000, 0x0000000100000000)
 Metaspace       used 29891K, capacity 30602K, committed 30736K, reserved 1077248K
  class space    used 3448K, capacity 3774K, committed 3860K, reserved 1048576K
2018-04-05T15:11:55.509+0200: 11,625: [GC (Allocation Failure) 2018-04-05T15:11:55.509+0200: 11,625: [ParNew
Desired survivor size 20112992 bytes, new threshold 4 (max 8)
- age   1:    8399968 bytes,    8399968 total
- age   2:     115992 bytes,    8515960 total
- age   3:     224760 bytes,    8740720 total
- age   4:   11525904 bytes,   20266624 total
- age   5:    1321864 bytes,   21588488 total
- age   6:      79464 bytes,   21667952 total
- age   7:     151368 bytes,   21819320 total
- age   8:     234976 bytes,   22054296 total
: 109248K->21824K(109248K), 0,0292301 secs] 117725K->33098K(502464K), 0,0293151 secs] [Times: user=0,08 sys=0,00, real=0,03 secs] 
Heap after GC invocations=10 (full 1):
 par new generation   total 109248K, used 21824K [0x00000000e0000000, 0x00000000e8000000, 0x00000000e8000000)
  eden space 87424K,   0% used [0x00000000e0000000, 0x00000000e0000000, 0x00000000e5560000)
  from space 21824K, 100% used [0x00000000e5560000, 0x00000000e6ab0000, 0x00000000e6ab0000)
  to   space 21824K,   0% used [0x00000000e6ab0000, 0x00000000e6ab0000, 0x00000000e8000000)
 concurrent mark-sweep generation total 393216K, used 11274K [0x00000000e8000000, 0x0000000100000000, 0x0000000100000000)
 Metaspace       used 29891K, capacity 30602K, committed 30736K, reserved 1077248K
  class space    used 3448K, capacity 3774K, committed 3860K, reserved 1048576K
}
2018-04-05T15:11:55.538+0200: 11,654: Total time for which application threads were stopped: 0,0294825 seconds, Stopping threads took: 0,0000167 seconds
2018-04-05T15:11:55.539+0200: 11,655: Total time for which application threads were stopped: 0,0001096 seconds, Stopping threads took: 0,0000476 seconds
2018-04-05T15:11:55.555+0200: 11,672: Total time for which application threads were stopped: 0,0007997 seconds, Stopping threads took: 0,0006894 seconds
2018-04-05T15:11:55.559+0200: 11,675: Total time for which application threads were stopped: 0,0001480 seconds, Stopping threads took: 0,0000544 seconds
2018-04-05T15:11:55.561+0200: 11,678: Total time for which application threads were stopped: 0,0008746 seconds, Stopping threads took: 0,0007809 seconds
2018-04-05T15:11:55.562+0200: 11,678: Total time for which application threads were stopped: 0,0000903 seconds, Stopping threads took: 0,0000350 seconds
2018-04-05T15:11:55.565+0200: 11,682: Total time for which application threads were stopped: 0,0001177 seconds, Stopping threads took: 0,0000503 seconds
2018-04-05T15:11:55.568+0200: 11,684: Total time for which application threads were stopped: 0,0001303 seconds, Stopping threads took: 0,0000455 seconds
2018-04-05T15:11:55.568+0200: 11,684: Total time for which application threads were stopped: 0,0001031 seconds, Stopping threads took: 0,0000374 seconds
Heap
 par new generation   total 109248K, used 33123K [0x00000000e0000000, 0x00000000e8000000, 0x00000000e8000000)
  eden space 87424K,  12% used [0x00000000e0000000, 0x00000000e0b08c30, 0x00000000e5560000)
  from space 21824K, 100% used [0x00000000e5560000, 0x00000000e6ab0000, 0x00000000e6ab0000)
  to   space 21824K,   0% used [0x00000000e6ab0000, 0x00000000e6ab0000, 0x00000000e8000000)
 concurrent mark-sweep generation total 393216K, used 11274K [0x00000000e8000000, 0x0000000100000000, 0x0000000100000000)
 Metaspace       used 29987K, capacity 30672K, committed 30992K, reserved 1077248K
  class space    used 3458K, capacity 3775K, committed 3860K, reserved 1048576K
