OpenJDK 64-Bit Server VM (25.171-b11) for linux-amd64 JRE (1.8.0_171-8u171-b11-0ubuntu0.16.04.1-b11), built on Apr 27 2018 17:19:03 by "buildd" with gcc 5.4.0 20160609
Memory: 4k page, physical 7867600k(812776k free), swap 8076284k(8009580k free)
CommandLine flags: -XX:CMSInitiatingOccupancyFraction=50 -XX:CMSMaxAbortablePrecleanTime=6000 -XX:+CMSParallelRemarkEnabled -XX:+CMSScavengeBeforeRemark -XX:ConcGCThreads=4 -XX:InitialHeapSize=536870912 -XX:MaxHeapSize=536870912 -XX:MaxTenuringThreshold=8 -XX:NewRatio=3 -XX:OldPLABSize=16 -XX:OnOutOfMemoryError=/home/gurnoor/workspace/QTM/solr/bin/oom_solr.sh 8983 /home/gurnoor/workspace/QTM/solr/server/logs -XX:ParallelGCThreads=4 -XX:+ParallelRefProcEnabled -XX:PretenureSizeThreshold=67108864 -XX:+PrintGC -XX:+PrintGCApplicationStoppedTime -XX:+PrintGCDateStamps -XX:+PrintGCDetails -XX:+PrintGCTimeStamps -XX:+PrintHeapAtGC -XX:+PrintTenuringDistribution -XX:SurvivorRatio=4 -XX:TargetSurvivorRatio=90 -XX:ThreadStackSize=256 -XX:+UseCMSInitiatingOccupancyOnly -XX:+UseCompressedClassPointers -XX:+UseCompressedOops -XX:+UseConcMarkSweepGC -XX:+UseParNewGC 
2018-06-19T14:51:38.163+0200: 0,120: Total time for which application threads were stopped: 0,0000781 seconds, Stopping threads took: 0,0000166 seconds
2018-06-19T14:51:38.232+0200: 0,188: Total time for which application threads were stopped: 0,0001168 seconds, Stopping threads took: 0,0000236 seconds
2018-06-19T14:51:38.242+0200: 0,199: Total time for which application threads were stopped: 0,0001029 seconds, Stopping threads took: 0,0000328 seconds
2018-06-19T14:51:38.361+0200: 0,318: Total time for which application threads were stopped: 0,0001871 seconds, Stopping threads took: 0,0000450 seconds
2018-06-19T14:51:38.634+0200: 0,591: Total time for which application threads were stopped: 0,0001695 seconds, Stopping threads took: 0,0000247 seconds
2018-06-19T14:51:38.714+0200: 0,671: Total time for which application threads were stopped: 0,0001925 seconds, Stopping threads took: 0,0000465 seconds
2018-06-19T14:51:38.742+0200: 0,699: Total time for which application threads were stopped: 0,0001737 seconds, Stopping threads took: 0,0000252 seconds
2018-06-19T14:51:39.082+0200: 1,039: Total time for which application threads were stopped: 0,0001880 seconds, Stopping threads took: 0,0000143 seconds
2018-06-19T14:51:39.358+0200: 1,314: Total time for which application threads were stopped: 0,0002881 seconds, Stopping threads took: 0,0000340 seconds
2018-06-19T14:51:39.384+0200: 1,340: Total time for which application threads were stopped: 0,0001860 seconds, Stopping threads took: 0,0000228 seconds
2018-06-19T14:51:39.409+0200: 1,365: Total time for which application threads were stopped: 0,0002398 seconds, Stopping threads took: 0,0000330 seconds
2018-06-19T14:51:39.410+0200: 1,367: Total time for which application threads were stopped: 0,0002557 seconds, Stopping threads took: 0,0000232 seconds
2018-06-19T14:51:39.424+0200: 1,380: Total time for which application threads were stopped: 0,0002538 seconds, Stopping threads took: 0,0000261 seconds
2018-06-19T14:51:39.493+0200: 1,449: Total time for which application threads were stopped: 0,0002678 seconds, Stopping threads took: 0,0000230 seconds
2018-06-19T14:51:39.643+0200: 1,600: Total time for which application threads were stopped: 0,0003304 seconds, Stopping threads took: 0,0000522 seconds
{Heap before GC invocations=0 (full 0):
 par new generation   total 109248K, used 87424K [0x00000000e0000000, 0x00000000e8000000, 0x00000000e8000000)
  eden space 87424K, 100% used [0x00000000e0000000, 0x00000000e5560000, 0x00000000e5560000)
  from space 21824K,   0% used [0x00000000e5560000, 0x00000000e5560000, 0x00000000e6ab0000)
  to   space 21824K,   0% used [0x00000000e6ab0000, 0x00000000e6ab0000, 0x00000000e8000000)
 concurrent mark-sweep generation total 393216K, used 0K [0x00000000e8000000, 0x0000000100000000, 0x0000000100000000)
 Metaspace       used 17912K, capacity 18248K, committed 18304K, reserved 1064960K
  class space    used 2026K, capacity 2166K, committed 2176K, reserved 1048576K
2018-06-19T14:51:39.700+0200: 1,656: [GC (Allocation Failure) 2018-06-19T14:51:39.700+0200: 1,656: [ParNew
Desired survivor size 20112992 bytes, new threshold 8 (max 8)
- age   1:   11665944 bytes,   11665944 total
: 87424K->11511K(109248K), 0,0120472 secs] 87424K->11511K(502464K), 0,0121187 secs] [Times: user=0,03 sys=0,01, real=0,02 secs] 
Heap after GC invocations=1 (full 0):
 par new generation   total 109248K, used 11511K [0x00000000e0000000, 0x00000000e8000000, 0x00000000e8000000)
  eden space 87424K,   0% used [0x00000000e0000000, 0x00000000e0000000, 0x00000000e5560000)
  from space 21824K,  52% used [0x00000000e6ab0000, 0x00000000e75edcf8, 0x00000000e8000000)
  to   space 21824K,   0% used [0x00000000e5560000, 0x00000000e5560000, 0x00000000e6ab0000)
 concurrent mark-sweep generation total 393216K, used 0K [0x00000000e8000000, 0x0000000100000000, 0x0000000100000000)
 Metaspace       used 17912K, capacity 18248K, committed 18304K, reserved 1064960K
  class space    used 2026K, capacity 2166K, committed 2176K, reserved 1048576K
}
2018-06-19T14:51:39.712+0200: 1,669: Total time for which application threads were stopped: 0,0124049 seconds, Stopping threads took: 0,0000642 seconds
2018-06-19T14:51:39.998+0200: 1,954: Total time for which application threads were stopped: 0,0004534 seconds, Stopping threads took: 0,0001318 seconds
2018-06-19T14:51:40.056+0200: 2,012: Total time for which application threads were stopped: 0,0003974 seconds, Stopping threads took: 0,0000812 seconds
{Heap before GC invocations=1 (full 0):
 par new generation   total 109248K, used 98935K [0x00000000e0000000, 0x00000000e8000000, 0x00000000e8000000)
  eden space 87424K, 100% used [0x00000000e0000000, 0x00000000e5560000, 0x00000000e5560000)
  from space 21824K,  52% used [0x00000000e6ab0000, 0x00000000e75edcf8, 0x00000000e8000000)
  to   space 21824K,   0% used [0x00000000e5560000, 0x00000000e5560000, 0x00000000e6ab0000)
 concurrent mark-sweep generation total 393216K, used 0K [0x00000000e8000000, 0x0000000100000000, 0x0000000100000000)
 Metaspace       used 20080K, capacity 20364K, committed 20736K, reserved 1067008K
  class space    used 2301K, capacity 2470K, committed 2560K, reserved 1048576K
2018-06-19T14:51:40.056+0200: 2,012: [GC (Allocation Failure) 2018-06-19T14:51:40.056+0200: 2,012: [ParNew
Desired survivor size 20112992 bytes, new threshold 8 (max 8)
- age   1:    3298752 bytes,    3298752 total
- age   2:    6194392 bytes,    9493144 total
: 98935K->12980K(109248K), 0,0104377 secs] 98935K->12980K(502464K), 0,0104987 secs] [Times: user=0,02 sys=0,01, real=0,01 secs] 
Heap after GC invocations=2 (full 0):
 par new generation   total 109248K, used 12980K [0x00000000e0000000, 0x00000000e8000000, 0x00000000e8000000)
  eden space 87424K,   0% used [0x00000000e0000000, 0x00000000e0000000, 0x00000000e5560000)
  from space 21824K,  59% used [0x00000000e5560000, 0x00000000e620d168, 0x00000000e6ab0000)
  to   space 21824K,   0% used [0x00000000e6ab0000, 0x00000000e6ab0000, 0x00000000e8000000)
 concurrent mark-sweep generation total 393216K, used 0K [0x00000000e8000000, 0x0000000100000000, 0x0000000100000000)
 Metaspace       used 20080K, capacity 20364K, committed 20736K, reserved 1067008K
  class space    used 2301K, capacity 2470K, committed 2560K, reserved 1048576K
}
2018-06-19T14:51:40.066+0200: 2,023: Total time for which application threads were stopped: 0,0106395 seconds, Stopping threads took: 0,0000239 seconds
2018-06-19T14:51:40.101+0200: 2,058: Total time for which application threads were stopped: 0,0004552 seconds, Stopping threads took: 0,0001733 seconds
2018-06-19T14:51:40.224+0200: 2,180: Total time for which application threads were stopped: 0,0002048 seconds, Stopping threads took: 0,0000612 seconds
{Heap before GC invocations=2 (full 0):
 par new generation   total 109248K, used 100404K [0x00000000e0000000, 0x00000000e8000000, 0x00000000e8000000)
  eden space 87424K, 100% used [0x00000000e0000000, 0x00000000e5560000, 0x00000000e5560000)
  from space 21824K,  59% used [0x00000000e5560000, 0x00000000e620d168, 0x00000000e6ab0000)
  to   space 21824K,   0% used [0x00000000e6ab0000, 0x00000000e6ab0000, 0x00000000e8000000)
 concurrent mark-sweep generation total 393216K, used 0K [0x00000000e8000000, 0x0000000100000000, 0x0000000100000000)
 Metaspace       used 20998K, capacity 21350K, committed 21628K, reserved 1069056K
  class space    used 2423K, capacity 2589K, committed 2684K, reserved 1048576K
2018-06-19T14:51:40.282+0200: 2,238: [GC (Allocation Failure) 2018-06-19T14:51:40.282+0200: 2,238: [ParNew
Desired survivor size 20112992 bytes, new threshold 8 (max 8)
- age   1:    2120416 bytes,    2120416 total
- age   2:     781224 bytes,    2901640 total
- age   3:    6192552 bytes,    9094192 total
: 100404K->11994K(109248K), 0,0119904 secs] 100404K->11994K(502464K), 0,0120941 secs] [Times: user=0,03 sys=0,00, real=0,02 secs] 
Heap after GC invocations=3 (full 0):
 par new generation   total 109248K, used 11994K [0x00000000e0000000, 0x00000000e8000000, 0x00000000e8000000)
  eden space 87424K,   0% used [0x00000000e0000000, 0x00000000e0000000, 0x00000000e5560000)
  from space 21824K,  54% used [0x00000000e6ab0000, 0x00000000e7666998, 0x00000000e8000000)
  to   space 21824K,   0% used [0x00000000e5560000, 0x00000000e5560000, 0x00000000e6ab0000)
 concurrent mark-sweep generation total 393216K, used 0K [0x00000000e8000000, 0x0000000100000000, 0x0000000100000000)
 Metaspace       used 20998K, capacity 21350K, committed 21628K, reserved 1069056K
  class space    used 2423K, capacity 2589K, committed 2684K, reserved 1048576K
}
2018-06-19T14:51:40.294+0200: 2,250: Total time for which application threads were stopped: 0,0123397 seconds, Stopping threads took: 0,0000537 seconds
2018-06-19T14:51:40.297+0200: 2,253: [GC (CMS Initial Mark) [1 CMS-initial-mark: 0K(393216K)] 11994K(502464K), 0,0049958 secs] [Times: user=0,02 sys=0,00, real=0,00 secs] 
2018-06-19T14:51:40.302+0200: 2,258: Total time for which application threads were stopped: 0,0081269 seconds, Stopping threads took: 0,0029956 seconds
2018-06-19T14:51:40.302+0200: 2,258: [CMS-concurrent-mark-start]
2018-06-19T14:51:40.307+0200: 2,263: [CMS-concurrent-mark: 0,005/0,005 secs] [Times: user=0,02 sys=0,00, real=0,01 secs] 
2018-06-19T14:51:40.307+0200: 2,263: [CMS-concurrent-preclean-start]
2018-06-19T14:51:40.308+0200: 2,265: [CMS-concurrent-preclean: 0,001/0,001 secs] [Times: user=0,00 sys=0,00, real=0,00 secs] 
2018-06-19T14:51:40.308+0200: 2,265: [CMS-concurrent-abortable-preclean-start]
2018-06-19T14:51:40.344+0200: 2,300: Total time for which application threads were stopped: 0,0002182 seconds, Stopping threads took: 0,0001187 seconds
{Heap before GC invocations=3 (full 1):
 par new generation   total 109248K, used 99418K [0x00000000e0000000, 0x00000000e8000000, 0x00000000e8000000)
  eden space 87424K, 100% used [0x00000000e0000000, 0x00000000e5560000, 0x00000000e5560000)
  from space 21824K,  54% used [0x00000000e6ab0000, 0x00000000e7666998, 0x00000000e8000000)
  to   space 21824K,   0% used [0x00000000e5560000, 0x00000000e5560000, 0x00000000e6ab0000)
 concurrent mark-sweep generation total 393216K, used 0K [0x00000000e8000000, 0x0000000100000000, 0x0000000100000000)
 Metaspace       used 21272K, capacity 21620K, committed 21884K, reserved 1069056K
  class space    used 2451K, capacity 2603K, committed 2684K, reserved 1048576K
2018-06-19T14:51:40.423+0200: 2,380: [GC (Allocation Failure) 2018-06-19T14:51:40.423+0200: 2,380: [ParNew
Desired survivor size 20112992 bytes, new threshold 8 (max 8)
- age   1:     860432 bytes,     860432 total
- age   2:    1448352 bytes,    2308784 total
- age   3:     779488 bytes,    3088272 total
- age   4:    6192592 bytes,    9280864 total
: 99418K->10491K(109248K), 0,0094709 secs] 99418K->10491K(502464K), 0,0095400 secs] [Times: user=0,03 sys=0,00, real=0,01 secs] 
Heap after GC invocations=4 (full 1):
 par new generation   total 109248K, used 10491K [0x00000000e0000000, 0x00000000e8000000, 0x00000000e8000000)
  eden space 87424K,   0% used [0x00000000e0000000, 0x00000000e0000000, 0x00000000e5560000)
  from space 21824K,  48% used [0x00000000e5560000, 0x00000000e5f9ef90, 0x00000000e6ab0000)
  to   space 21824K,   0% used [0x00000000e6ab0000, 0x00000000e6ab0000, 0x00000000e8000000)
 concurrent mark-sweep generation total 393216K, used 0K [0x00000000e8000000, 0x0000000100000000, 0x0000000100000000)
 Metaspace       used 21272K, capacity 21620K, committed 21884K, reserved 1069056K
  class space    used 2451K, capacity 2603K, committed 2684K, reserved 1048576K
}
2018-06-19T14:51:40.433+0200: 2,389: Total time for which application threads were stopped: 0,0097279 seconds, Stopping threads took: 0,0000333 seconds
2018-06-19T14:51:40.433+0200: 2,389: [CMS-concurrent-abortable-preclean: 0,087/0,125 secs] [Times: user=0,48 sys=0,00, real=0,13 secs] 
2018-06-19T14:51:40.435+0200: 2,391: [GC (CMS Final Remark) [YG occupancy: 11157 K (109248 K)]{Heap before GC invocations=4 (full 1):
 par new generation   total 109248K, used 11157K [0x00000000e0000000, 0x00000000e8000000, 0x00000000e8000000)
  eden space 87424K,   0% used [0x00000000e0000000, 0x00000000e00a6850, 0x00000000e5560000)
  from space 21824K,  48% used [0x00000000e5560000, 0x00000000e5f9ef90, 0x00000000e6ab0000)
  to   space 21824K,   0% used [0x00000000e6ab0000, 0x00000000e6ab0000, 0x00000000e8000000)
 concurrent mark-sweep generation total 393216K, used 0K [0x00000000e8000000, 0x0000000100000000, 0x0000000100000000)
 Metaspace       used 21272K, capacity 21620K, committed 21884K, reserved 1069056K
  class space    used 2451K, capacity 2603K, committed 2684K, reserved 1048576K
2018-06-19T14:51:40.435+0200: 2,391: [GC (CMS Final Remark) 2018-06-19T14:51:40.435+0200: 2,391: [ParNew
Desired survivor size 20112992 bytes, new threshold 8 (max 8)
- age   1:      58560 bytes,      58560 total
- age   2:     623656 bytes,     682216 total
- age   3:    1448352 bytes,    2130568 total
- age   4:     779488 bytes,    2910056 total
- age   5:    6192608 bytes,    9102664 total
: 11157K->15926K(109248K), 0,0086438 secs] 11157K->15926K(502464K), 0,0086886 secs] [Times: user=0,03 sys=0,00, real=0,01 secs] 
Heap after GC invocations=5 (full 1):
 par new generation   total 109248K, used 15926K [0x00000000e0000000, 0x00000000e8000000, 0x00000000e8000000)
  eden space 87424K,   0% used [0x00000000e0000000, 0x00000000e0000000, 0x00000000e5560000)
  from space 21824K,  72% used [0x00000000e6ab0000, 0x00000000e7a3d940, 0x00000000e8000000)
  to   space 21824K,   0% used [0x00000000e5560000, 0x00000000e5560000, 0x00000000e6ab0000)
 concurrent mark-sweep generation total 393216K, used 0K [0x00000000e8000000, 0x0000000100000000, 0x0000000100000000)
 Metaspace       used 21272K, capacity 21620K, committed 21884K, reserved 1069056K
  class space    used 2451K, capacity 2603K, committed 2684K, reserved 1048576K
}
2018-06-19T14:51:40.444+0200: 2,400: [Rescan (parallel) , 0,0033837 secs]2018-06-19T14:51:40.447+0200: 2,403: [weak refs processing, 0,0008722 secs]2018-06-19T14:51:40.448+0200: 2,404: [class unloading, 0,0029170 secs]2018-06-19T14:51:40.451+0200: 2,407: [scrub symbol table, 0,0026347 secs]2018-06-19T14:51:40.453+0200: 2,410: [scrub string table, 0,0003745 secs][1 CMS-remark: 0K(393216K)] 15926K(502464K), 0,0195311 secs] [Times: user=0,05 sys=0,00, real=0,02 secs] 
2018-06-19T14:51:40.454+0200: 2,411: Total time for which application threads were stopped: 0,0212854 seconds, Stopping threads took: 0,0016765 seconds
2018-06-19T14:51:40.454+0200: 2,411: [CMS-concurrent-sweep-start]
2018-06-19T14:51:40.454+0200: 2,411: [CMS-concurrent-sweep: 0,000/0,000 secs] [Times: user=0,00 sys=0,00, real=0,00 secs] 
2018-06-19T14:51:40.455+0200: 2,411: [CMS-concurrent-reset-start]
2018-06-19T14:51:40.458+0200: 2,415: [CMS-concurrent-reset: 0,004/0,004 secs] [Times: user=0,01 sys=0,00, real=0,00 secs] 
{Heap before GC invocations=5 (full 1):
 par new generation   total 109248K, used 103350K [0x00000000e0000000, 0x00000000e8000000, 0x00000000e8000000)
  eden space 87424K, 100% used [0x00000000e0000000, 0x00000000e5560000, 0x00000000e5560000)
  from space 21824K,  72% used [0x00000000e6ab0000, 0x00000000e7a3d940, 0x00000000e8000000)
  to   space 21824K,   0% used [0x00000000e5560000, 0x00000000e5560000, 0x00000000e6ab0000)
 concurrent mark-sweep generation total 393216K, used 0K [0x00000000e8000000, 0x0000000100000000, 0x0000000100000000)
 Metaspace       used 21431K, capacity 21798K, committed 21884K, reserved 1069056K
  class space    used 2472K, capacity 2638K, committed 2684K, reserved 1048576K
2018-06-19T14:51:40.537+0200: 2,493: [GC (Allocation Failure) 2018-06-19T14:51:40.537+0200: 2,493: [ParNew
Desired survivor size 20112992 bytes, new threshold 8 (max 8)
- age   1:     784896 bytes,     784896 total
- age   3:     185368 bytes,     970264 total
- age   4:    1447912 bytes,    2418176 total
- age   5:     775568 bytes,    3193744 total
- age   6:    6192432 bytes,    9386176 total
: 103350K->11585K(109248K), 0,0106222 secs] 103350K->11585K(502464K), 0,0106984 secs] [Times: user=0,03 sys=0,00, real=0,01 secs] 
Heap after GC invocations=6 (full 1):
 par new generation   total 109248K, used 11585K [0x00000000e0000000, 0x00000000e8000000, 0x00000000e8000000)
  eden space 87424K,   0% used [0x00000000e0000000, 0x00000000e0000000, 0x00000000e5560000)
  from space 21824K,  53% used [0x00000000e5560000, 0x00000000e60b07b0, 0x00000000e6ab0000)
  to   space 21824K,   0% used [0x00000000e6ab0000, 0x00000000e6ab0000, 0x00000000e8000000)
 concurrent mark-sweep generation total 393216K, used 0K [0x00000000e8000000, 0x0000000100000000, 0x0000000100000000)
 Metaspace       used 21431K, capacity 21798K, committed 21884K, reserved 1069056K
  class space    used 2472K, capacity 2638K, committed 2684K, reserved 1048576K
}
2018-06-19T14:51:40.547+0200: 2,504: Total time for which application threads were stopped: 0,0109540 seconds, Stopping threads took: 0,0001170 seconds
2018-06-19T14:51:40.577+0200: 2,533: Total time for which application threads were stopped: 0,0003580 seconds, Stopping threads took: 0,0000294 seconds
2018-06-19T14:51:40.876+0200: 2,832: Total time for which application threads were stopped: 0,0004902 seconds, Stopping threads took: 0,0000244 seconds
2018-06-19T14:51:40.890+0200: 2,846: Total time for which application threads were stopped: 0,0004682 seconds, Stopping threads took: 0,0000533 seconds
2018-06-19T14:51:41.206+0200: 3,162: Total time for which application threads were stopped: 0,0006144 seconds, Stopping threads took: 0,0000672 seconds
{Heap before GC invocations=6 (full 1):
 par new generation   total 109248K, used 99009K [0x00000000e0000000, 0x00000000e8000000, 0x00000000e8000000)
  eden space 87424K,  99% used [0x00000000e0000000, 0x00000000e555fff8, 0x00000000e5560000)
  from space 21824K,  53% used [0x00000000e5560000, 0x00000000e60b07b0, 0x00000000e6ab0000)
  to   space 21824K,   0% used [0x00000000e6ab0000, 0x00000000e6ab0000, 0x00000000e8000000)
 concurrent mark-sweep generation total 393216K, used 0K [0x00000000e8000000, 0x0000000100000000, 0x0000000100000000)
 Metaspace       used 25515K, capacity 26074K, committed 26236K, reserved 1073152K
  class space    used 2952K, capacity 3154K, committed 3196K, reserved 1048576K
2018-06-19T14:51:41.217+0200: 3,173: [GC (Allocation Failure) 2018-06-19T14:51:41.217+0200: 3,173: [ParNew
Desired survivor size 20112992 bytes, new threshold 8 (max 8)
- age   1:    7714928 bytes,    7714928 total
- age   2:     131944 bytes,    7846872 total
- age   4:     183744 bytes,    8030616 total
- age   5:     275304 bytes,    8305920 total
- age   6:     753552 bytes,    9059472 total
- age   7:    6185480 bytes,   15244952 total
: 99009K->19819K(109248K), 0,0256619 secs] 99009K->19819K(502464K), 0,0257485 secs] [Times: user=0,09 sys=0,00, real=0,02 secs] 
Heap after GC invocations=7 (full 1):
 par new generation   total 109248K, used 19819K [0x00000000e0000000, 0x00000000e8000000, 0x00000000e8000000)
  eden space 87424K,   0% used [0x00000000e0000000, 0x00000000e0000000, 0x00000000e5560000)
  from space 21824K,  90% used [0x00000000e6ab0000, 0x00000000e7e0af10, 0x00000000e8000000)
  to   space 21824K,   0% used [0x00000000e5560000, 0x00000000e5560000, 0x00000000e6ab0000)
 concurrent mark-sweep generation total 393216K, used 0K [0x00000000e8000000, 0x0000000100000000, 0x0000000100000000)
 Metaspace       used 25515K, capacity 26074K, committed 26236K, reserved 1073152K
  class space    used 2952K, capacity 3154K, committed 3196K, reserved 1048576K
}
2018-06-19T14:51:41.243+0200: 3,199: Total time for which application threads were stopped: 0,0260287 seconds, Stopping threads took: 0,0000891 seconds
2018-06-19T14:51:41.341+0200: 3,298: Total time for which application threads were stopped: 0,0004951 seconds, Stopping threads took: 0,0000609 seconds
2018-06-19T14:51:41.373+0200: 3,330: Total time for which application threads were stopped: 0,0004823 seconds, Stopping threads took: 0,0000262 seconds
2018-06-19T14:51:41.438+0200: 3,395: Total time for which application threads were stopped: 0,0005640 seconds, Stopping threads took: 0,0000491 seconds
2018-06-19T14:51:41.543+0200: 3,499: Total time for which application threads were stopped: 0,0007091 seconds, Stopping threads took: 0,0000799 seconds
{Heap before GC invocations=7 (full 1):
 par new generation   total 109248K, used 107243K [0x00000000e0000000, 0x00000000e8000000, 0x00000000e8000000)
  eden space 87424K, 100% used [0x00000000e0000000, 0x00000000e5560000, 0x00000000e5560000)
  from space 21824K,  90% used [0x00000000e6ab0000, 0x00000000e7e0af10, 0x00000000e8000000)
  to   space 21824K,   0% used [0x00000000e5560000, 0x00000000e5560000, 0x00000000e6ab0000)
 concurrent mark-sweep generation total 393216K, used 0K [0x00000000e8000000, 0x0000000100000000, 0x0000000100000000)
 Metaspace       used 28015K, capacity 28558K, committed 28796K, reserved 1075200K
  class space    used 3224K, capacity 3420K, committed 3452K, reserved 1048576K
2018-06-19T14:51:41.712+0200: 3,668: [GC (Allocation Failure) 2018-06-19T14:51:41.712+0200: 3,668: [ParNew
Desired survivor size 20112992 bytes, new threshold 8 (max 8)
- age   1:   10539616 bytes,   10539616 total
- age   2:    4223040 bytes,   14762656 total
- age   3:     131944 bytes,   14894600 total
- age   5:     183568 bytes,   15078168 total
- age   6:     274744 bytes,   15352912 total
- age   7:     745080 bytes,   16097992 total
- age   8:    6178824 bytes,   22276816 total
: 107243K->21824K(109248K), 0,1038340 secs] 107243K->23551K(502464K), 0,1039365 secs] [Times: user=0,28 sys=0,02, real=0,10 secs] 
Heap after GC invocations=8 (full 1):
 par new generation   total 109248K, used 21824K [0x00000000e0000000, 0x00000000e8000000, 0x00000000e8000000)
  eden space 87424K,   0% used [0x00000000e0000000, 0x00000000e0000000, 0x00000000e5560000)
  from space 21824K, 100% used [0x00000000e5560000, 0x00000000e6ab0000, 0x00000000e6ab0000)
  to   space 21824K,   0% used [0x00000000e6ab0000, 0x00000000e6ab0000, 0x00000000e8000000)
 concurrent mark-sweep generation total 393216K, used 1727K [0x00000000e8000000, 0x0000000100000000, 0x0000000100000000)
 Metaspace       used 28015K, capacity 28558K, committed 28796K, reserved 1075200K
  class space    used 3224K, capacity 3420K, committed 3452K, reserved 1048576K
}
2018-06-19T14:51:41.816+0200: 3,772: Total time for which application threads were stopped: 0,1043234 seconds, Stopping threads took: 0,0000989 seconds
{Heap before GC invocations=8 (full 1):
 par new generation   total 109248K, used 109248K [0x00000000e0000000, 0x00000000e8000000, 0x00000000e8000000)
  eden space 87424K, 100% used [0x00000000e0000000, 0x00000000e5560000, 0x00000000e5560000)
  from space 21824K, 100% used [0x00000000e5560000, 0x00000000e6ab0000, 0x00000000e6ab0000)
  to   space 21824K,   0% used [0x00000000e6ab0000, 0x00000000e6ab0000, 0x00000000e8000000)
 concurrent mark-sweep generation total 393216K, used 1727K [0x00000000e8000000, 0x0000000100000000, 0x0000000100000000)
 Metaspace       used 28062K, capacity 28644K, committed 28796K, reserved 1075200K
  class space    used 3226K, capacity 3424K, committed 3452K, reserved 1048576K
2018-06-19T14:51:41.979+0200: 3,936: [GC (Allocation Failure) 2018-06-19T14:51:41.979+0200: 3,936: [ParNew
Desired survivor size 20112992 bytes, new threshold 8 (max 8)
- age   1:     863376 bytes,     863376 total
- age   2:    9537968 bytes,   10401344 total
- age   3:    4157368 bytes,   14558712 total
- age   4:     131944 bytes,   14690656 total
- age   6:     183360 bytes,   14874016 total
- age   7:     274744 bytes,   15148760 total
- age   8:     745080 bytes,   15893840 total
: 109248K->21824K(109248K), 0,0897647 secs] 110975K->29879K(502464K), 0,0898904 secs] [Times: user=0,24 sys=0,01, real=0,09 secs] 
Heap after GC invocations=9 (full 1):
 par new generation   total 109248K, used 21824K [0x00000000e0000000, 0x00000000e8000000, 0x00000000e8000000)
  eden space 87424K,   0% used [0x00000000e0000000, 0x00000000e0000000, 0x00000000e5560000)
  from space 21824K, 100% used [0x00000000e6ab0000, 0x00000000e8000000, 0x00000000e8000000)
  to   space 21824K,   0% used [0x00000000e5560000, 0x00000000e5560000, 0x00000000e6ab0000)
 concurrent mark-sweep generation total 393216K, used 8055K [0x00000000e8000000, 0x0000000100000000, 0x0000000100000000)
 Metaspace       used 28062K, capacity 28644K, committed 28796K, reserved 1075200K
  class space    used 3226K, capacity 3424K, committed 3452K, reserved 1048576K
}
2018-06-19T14:51:42.069+0200: 4,026: Total time for which application threads were stopped: 0,0967667 seconds, Stopping threads took: 0,0066176 seconds
2018-06-19T14:51:42.117+0200: 4,073: Total time for which application threads were stopped: 0,0071034 seconds, Stopping threads took: 0,0065087 seconds
2018-06-19T14:51:42.302+0200: 4,258: Total time for which application threads were stopped: 0,0002624 seconds, Stopping threads took: 0,0000825 seconds
{Heap before GC invocations=9 (full 1):
 par new generation   total 109248K, used 109248K [0x00000000e0000000, 0x00000000e8000000, 0x00000000e8000000)
  eden space 87424K, 100% used [0x00000000e0000000, 0x00000000e5560000, 0x00000000e5560000)
  from space 21824K, 100% used [0x00000000e6ab0000, 0x00000000e8000000, 0x00000000e8000000)
  to   space 21824K,   0% used [0x00000000e5560000, 0x00000000e5560000, 0x00000000e6ab0000)
 concurrent mark-sweep generation total 393216K, used 8055K [0x00000000e8000000, 0x0000000100000000, 0x0000000100000000)
 Metaspace       used 28237K, capacity 28868K, committed 29052K, reserved 1075200K
  class space    used 3233K, capacity 3433K, committed 3452K, reserved 1048576K
2018-06-19T14:51:42.368+0200: 4,324: [GC (Allocation Failure) 2018-06-19T14:51:42.368+0200: 4,324: [ParNew
Desired survivor size 20112992 bytes, new threshold 8 (max 8)
- age   1:    1099704 bytes,    1099704 total
- age   2:     135632 bytes,    1235336 total
- age   3:    9147648 bytes,   10382984 total
- age   4:    4157104 bytes,   14540088 total
- age   5:     131944 bytes,   14672032 total
- age   7:     183360 bytes,   14855392 total
- age   8:     274744 bytes,   15130136 total
: 109248K->19407K(109248K), 0,0708042 secs] 117303K->28291K(502464K), 0,0709153 secs] [Times: user=0,20 sys=0,00, real=0,07 secs] 
Heap after GC invocations=10 (full 1):
 par new generation   total 109248K, used 19407K [0x00000000e0000000, 0x00000000e8000000, 0x00000000e8000000)
  eden space 87424K,   0% used [0x00000000e0000000, 0x00000000e0000000, 0x00000000e5560000)
  from space 21824K,  88% used [0x00000000e5560000, 0x00000000e6853d20, 0x00000000e6ab0000)
  to   space 21824K,   0% used [0x00000000e6ab0000, 0x00000000e6ab0000, 0x00000000e8000000)
 concurrent mark-sweep generation total 393216K, used 8884K [0x00000000e8000000, 0x0000000100000000, 0x0000000100000000)
 Metaspace       used 28237K, capacity 28868K, committed 29052K, reserved 1075200K
  class space    used 3233K, capacity 3433K, committed 3452K, reserved 1048576K
}
2018-06-19T14:51:42.439+0200: 4,395: Total time for which application threads were stopped: 0,0726334 seconds, Stopping threads took: 0,0014700 seconds
2018-06-19T14:51:42.440+0200: 4,397: Total time for which application threads were stopped: 0,0002064 seconds, Stopping threads took: 0,0000852 seconds
2018-06-19T14:51:42.441+0200: 4,397: Total time for which application threads were stopped: 0,0002078 seconds, Stopping threads took: 0,0000371 seconds
2018-06-19T14:51:42.527+0200: 4,484: Total time for which application threads were stopped: 0,0001992 seconds, Stopping threads took: 0,0000980 seconds
2018-06-19T14:51:42.594+0200: 4,551: Total time for which application threads were stopped: 0,0002206 seconds, Stopping threads took: 0,0000712 seconds
2018-06-19T14:51:42.595+0200: 4,551: Total time for which application threads were stopped: 0,0000856 seconds, Stopping threads took: 0,0000267 seconds
2018-06-19T14:51:42.595+0200: 4,551: Total time for which application threads were stopped: 0,0000561 seconds, Stopping threads took: 0,0000162 seconds
2018-06-19T14:51:42.628+0200: 4,584: Total time for which application threads were stopped: 0,0073184 seconds, Stopping threads took: 0,0065561 seconds
2018-06-19T14:51:42.629+0200: 4,586: Total time for which application threads were stopped: 0,0007392 seconds, Stopping threads took: 0,0002195 seconds
2018-06-19T14:51:42.630+0200: 4,586: Total time for which application threads were stopped: 0,0005992 seconds, Stopping threads took: 0,0001396 seconds
2018-06-19T14:51:43.632+0200: 5,588: Total time for which application threads were stopped: 0,0007399 seconds, Stopping threads took: 0,0001795 seconds
2018-06-19T14:51:55.563+0200: 17,520: Total time for which application threads were stopped: 0,0001635 seconds, Stopping threads took: 0,0000622 seconds
2018-06-19T14:51:55.563+0200: 17,520: Total time for which application threads were stopped: 0,0000664 seconds, Stopping threads took: 0,0000214 seconds
2018-06-19T14:51:55.564+0200: 17,520: Total time for which application threads were stopped: 0,0001002 seconds, Stopping threads took: 0,0000309 seconds
2018-06-19T14:51:55.567+0200: 17,524: Total time for which application threads were stopped: 0,0016800 seconds, Stopping threads took: 0,0014632 seconds
2018-06-19T14:51:55.572+0200: 17,529: Total time for which application threads were stopped: 0,0003049 seconds, Stopping threads took: 0,0001970 seconds
2018-06-19T14:51:55.576+0200: 17,533: Total time for which application threads were stopped: 0,0010267 seconds, Stopping threads took: 0,0005787 seconds
2018-06-19T14:51:55.577+0200: 17,534: Total time for which application threads were stopped: 0,0004880 seconds, Stopping threads took: 0,0001878 seconds
2018-06-19T14:51:55.578+0200: 17,534: Total time for which application threads were stopped: 0,0000758 seconds, Stopping threads took: 0,0000174 seconds
2018-06-19T14:51:55.579+0200: 17,536: Total time for which application threads were stopped: 0,0004525 seconds, Stopping threads took: 0,0000764 seconds
2018-06-19T14:51:55.580+0200: 17,536: Total time for which application threads were stopped: 0,0001698 seconds, Stopping threads took: 0,0000409 seconds
2018-06-19T14:51:55.584+0200: 17,540: Total time for which application threads were stopped: 0,0004750 seconds, Stopping threads took: 0,0000944 seconds
2018-06-19T14:51:55.589+0200: 17,545: Total time for which application threads were stopped: 0,0017178 seconds, Stopping threads took: 0,0015949 seconds
2018-06-19T14:51:55.591+0200: 17,548: Total time for which application threads were stopped: 0,0008116 seconds, Stopping threads took: 0,0000519 seconds
2018-06-19T14:51:55.593+0200: 17,549: Total time for which application threads were stopped: 0,0002319 seconds, Stopping threads took: 0,0001352 seconds
2018-06-19T14:51:55.593+0200: 17,550: Total time for which application threads were stopped: 0,0001095 seconds, Stopping threads took: 0,0000501 seconds
2018-06-19T14:51:55.594+0200: 17,550: Total time for which application threads were stopped: 0,0001013 seconds, Stopping threads took: 0,0000419 seconds
2018-06-19T14:51:55.595+0200: 17,551: Total time for which application threads were stopped: 0,0000977 seconds, Stopping threads took: 0,0000490 seconds
2018-06-19T14:51:55.597+0200: 17,553: Total time for which application threads were stopped: 0,0001090 seconds, Stopping threads took: 0,0000462 seconds
2018-06-19T14:51:55.597+0200: 17,554: Total time for which application threads were stopped: 0,0001129 seconds, Stopping threads took: 0,0000497 seconds
2018-06-19T14:51:55.598+0200: 17,554: Total time for which application threads were stopped: 0,0000863 seconds, Stopping threads took: 0,0000373 seconds
2018-06-19T14:51:55.598+0200: 17,554: Total time for which application threads were stopped: 0,0000802 seconds, Stopping threads took: 0,0000359 seconds
2018-06-19T14:51:55.599+0200: 17,556: Total time for which application threads were stopped: 0,0000945 seconds, Stopping threads took: 0,0000387 seconds
2018-06-19T14:51:55.608+0200: 17,564: Total time for which application threads were stopped: 0,0001018 seconds, Stopping threads took: 0,0000265 seconds
2018-06-19T14:51:55.613+0200: 17,570: Total time for which application threads were stopped: 0,0002076 seconds, Stopping threads took: 0,0000515 seconds
2018-06-19T14:51:55.620+0200: 17,576: Total time for which application threads were stopped: 0,0010694 seconds, Stopping threads took: 0,0001351 seconds
2018-06-19T14:51:55.630+0200: 17,587: Total time for which application threads were stopped: 0,0004483 seconds, Stopping threads took: 0,0000299 seconds
2018-06-19T14:51:55.641+0200: 17,598: Total time for which application threads were stopped: 0,0006728 seconds, Stopping threads took: 0,0005858 seconds
2018-06-19T14:51:55.647+0200: 17,603: Total time for which application threads were stopped: 0,0001164 seconds, Stopping threads took: 0,0000409 seconds
2018-06-19T14:51:55.647+0200: 17,603: Total time for which application threads were stopped: 0,0000558 seconds, Stopping threads took: 0,0000159 seconds
2018-06-19T14:51:55.648+0200: 17,605: Total time for which application threads were stopped: 0,0001248 seconds, Stopping threads took: 0,0000602 seconds
2018-06-19T14:51:55.669+0200: 17,626: Total time for which application threads were stopped: 0,0002875 seconds, Stopping threads took: 0,0001002 seconds
2018-06-19T14:51:56.644+0200: 18,601: Total time for which application threads were stopped: 0,0006100 seconds, Stopping threads took: 0,0000467 seconds
2018-06-19T14:51:56.645+0200: 18,601: Total time for which application threads were stopped: 0,0005485 seconds, Stopping threads took: 0,0001222 seconds
2018-06-19T14:51:56.649+0200: 18,605: Total time for which application threads were stopped: 0,0016625 seconds, Stopping threads took: 0,0015473 seconds
2018-06-19T14:51:56.649+0200: 18,606: Total time for which application threads were stopped: 0,0001588 seconds, Stopping threads took: 0,0000584 seconds
2018-06-19T14:51:56.655+0200: 18,612: Total time for which application threads were stopped: 0,0056614 seconds, Stopping threads took: 0,0054942 seconds
2018-06-19T14:51:56.682+0200: 18,638: Total time for which application threads were stopped: 0,0005727 seconds, Stopping threads took: 0,0001421 seconds
2018-06-19T14:51:56.682+0200: 18,639: Total time for which application threads were stopped: 0,0004847 seconds, Stopping threads took: 0,0001575 seconds
2018-06-19T14:51:56.701+0200: 18,658: Total time for which application threads were stopped: 0,0001346 seconds, Stopping threads took: 0,0000457 seconds
2018-06-19T14:52:01.702+0200: 23,658: Total time for which application threads were stopped: 0,0000991 seconds, Stopping threads took: 0,0000198 seconds
2018-06-19T14:52:08.703+0200: 30,659: Total time for which application threads were stopped: 0,0002127 seconds, Stopping threads took: 0,0000458 seconds
2018-06-19T14:52:40.286+0200: 62,242: Total time for which application threads were stopped: 0,0001224 seconds, Stopping threads took: 0,0000289 seconds
2018-06-19T14:52:40.300+0200: 62,256: Total time for which application threads were stopped: 0,0005632 seconds, Stopping threads took: 0,0000318 seconds
2018-06-19T14:52:40.446+0200: 62,403: Total time for which application threads were stopped: 0,0002475 seconds, Stopping threads took: 0,0000440 seconds
2018-06-19T14:52:40.549+0200: 62,505: Total time for which application threads were stopped: 0,0001652 seconds, Stopping threads took: 0,0000964 seconds
2018-06-19T14:52:40.550+0200: 62,507: Total time for which application threads were stopped: 0,0001389 seconds, Stopping threads took: 0,0000485 seconds
2018-06-19T14:52:40.550+0200: 62,507: Total time for which application threads were stopped: 0,0001092 seconds, Stopping threads took: 0,0000476 seconds
2018-06-19T14:52:40.552+0200: 62,508: Total time for which application threads were stopped: 0,0001438 seconds, Stopping threads took: 0,0000574 seconds
2018-06-19T14:52:40.552+0200: 62,508: Total time for which application threads were stopped: 0,0000726 seconds, Stopping threads took: 0,0000153 seconds
2018-06-19T14:52:40.552+0200: 62,509: Total time for which application threads were stopped: 0,0001308 seconds, Stopping threads took: 0,0000853 seconds
2018-06-19T14:52:40.661+0200: 62,618: Total time for which application threads were stopped: 0,0001627 seconds, Stopping threads took: 0,0000445 seconds
2018-06-19T14:52:40.672+0200: 62,629: Total time for which application threads were stopped: 0,0005495 seconds, Stopping threads took: 0,0001164 seconds
2018-06-19T14:52:40.681+0200: 62,638: Total time for which application threads were stopped: 0,0000876 seconds, Stopping threads took: 0,0000212 seconds
2018-06-19T14:52:40.681+0200: 62,638: Total time for which application threads were stopped: 0,0000497 seconds, Stopping threads took: 0,0000156 seconds
2018-06-19T14:52:40.682+0200: 62,638: Total time for which application threads were stopped: 0,0000843 seconds, Stopping threads took: 0,0000292 seconds
2018-06-19T14:52:40.682+0200: 62,638: Total time for which application threads were stopped: 0,0000777 seconds, Stopping threads took: 0,0000292 seconds
2018-06-19T14:52:40.700+0200: 62,657: Total time for which application threads were stopped: 0,0005586 seconds, Stopping threads took: 0,0000293 seconds
2018-06-19T14:52:40.702+0200: 62,658: Total time for which application threads were stopped: 0,0005284 seconds, Stopping threads took: 0,0000321 seconds
2018-06-19T14:52:41.057+0200: 63,014: Total time for which application threads were stopped: 0,0002609 seconds, Stopping threads took: 0,0000788 seconds
{Heap before GC invocations=10 (full 1):
 par new generation   total 109248K, used 106831K [0x00000000e0000000, 0x00000000e8000000, 0x00000000e8000000)
  eden space 87424K, 100% used [0x00000000e0000000, 0x00000000e5560000, 0x00000000e5560000)
  from space 21824K,  88% used [0x00000000e5560000, 0x00000000e6853d20, 0x00000000e6ab0000)
  to   space 21824K,   0% used [0x00000000e6ab0000, 0x00000000e6ab0000, 0x00000000e8000000)
 concurrent mark-sweep generation total 393216K, used 8884K [0x00000000e8000000, 0x0000000100000000, 0x0000000100000000)
 Metaspace       used 31360K, capacity 32048K, committed 32252K, reserved 1077248K
  class space    used 3567K, capacity 3781K, committed 3836K, reserved 1048576K
2018-06-19T14:52:41.243+0200: 63,199: [GC (Allocation Failure) 2018-06-19T14:52:41.243+0200: 63,199: [ParNew
Desired survivor size 20112992 bytes, new threshold 5 (max 8)
- age   1:    7296456 bytes,    7296456 total
- age   2:    1041008 bytes,    8337464 total
- age   3:     135600 bytes,    8473064 total
- age   4:    8860112 bytes,   17333176 total
- age   5:    4131928 bytes,   21465104 total
- age   6:     131720 bytes,   21596824 total
- age   8:     183088 bytes,   21779912 total
: 106831K->21824K(109248K), 0,0324720 secs] 115715K->31467K(502464K), 0,0325583 secs] [Times: user=0,09 sys=0,00, real=0,04 secs] 
Heap after GC invocations=11 (full 1):
 par new generation   total 109248K, used 21824K [0x00000000e0000000, 0x00000000e8000000, 0x00000000e8000000)
  eden space 87424K,   0% used [0x00000000e0000000, 0x00000000e0000000, 0x00000000e5560000)
  from space 21824K, 100% used [0x00000000e6ab0000, 0x00000000e8000000, 0x00000000e8000000)
  to   space 21824K,   0% used [0x00000000e5560000, 0x00000000e5560000, 0x00000000e6ab0000)
 concurrent mark-sweep generation total 393216K, used 9643K [0x00000000e8000000, 0x0000000100000000, 0x0000000100000000)
 Metaspace       used 31360K, capacity 32048K, committed 32252K, reserved 1077248K
  class space    used 3567K, capacity 3781K, committed 3836K, reserved 1048576K
}
2018-06-19T14:52:41.275+0200: 63,232: Total time for which application threads were stopped: 0,0327725 seconds, Stopping threads took: 0,0000346 seconds
2018-06-19T14:52:41.276+0200: 63,233: Total time for which application threads were stopped: 0,0001200 seconds, Stopping threads took: 0,0000502 seconds
2018-06-19T14:52:41.276+0200: 63,233: Total time for which application threads were stopped: 0,0000516 seconds, Stopping threads took: 0,0000109 seconds
2018-06-19T14:52:41.462+0200: 63,418: Total time for which application threads were stopped: 0,0001909 seconds, Stopping threads took: 0,0000281 seconds
2018-06-19T14:52:41.462+0200: 63,419: Total time for which application threads were stopped: 0,0000602 seconds, Stopping threads took: 0,0000085 seconds
2018-06-19T14:52:41.490+0200: 63,446: Total time for which application threads were stopped: 0,0001518 seconds, Stopping threads took: 0,0000559 seconds
2018-06-19T14:52:41.519+0200: 63,475: Total time for which application threads were stopped: 0,0001760 seconds, Stopping threads took: 0,0000519 seconds
2018-06-19T14:52:41.615+0200: 63,572: Total time for which application threads were stopped: 0,0001716 seconds, Stopping threads took: 0,0000529 seconds
2018-06-19T14:52:41.615+0200: 63,572: Total time for which application threads were stopped: 0,0000728 seconds, Stopping threads took: 0,0000210 seconds
{Heap before GC invocations=11 (full 1):
 par new generation   total 109248K, used 109248K [0x00000000e0000000, 0x00000000e8000000, 0x00000000e8000000)
  eden space 87424K, 100% used [0x00000000e0000000, 0x00000000e5560000, 0x00000000e5560000)
  from space 21824K, 100% used [0x00000000e6ab0000, 0x00000000e8000000, 0x00000000e8000000)
  to   space 21824K,   0% used [0x00000000e5560000, 0x00000000e5560000, 0x00000000e6ab0000)
 concurrent mark-sweep generation total 393216K, used 9643K [0x00000000e8000000, 0x0000000100000000, 0x0000000100000000)
 Metaspace       used 31432K, capacity 32112K, committed 32252K, reserved 1077248K
  class space    used 3568K, capacity 3781K, committed 3836K, reserved 1048576K
2018-06-19T14:52:41.697+0200: 63,653: [GC (Allocation Failure) 2018-06-19T14:52:41.697+0200: 63,653: [ParNew
Desired survivor size 20112992 bytes, new threshold 8 (max 8)
- age   1:    1273760 bytes,    1273760 total
- age   2:    6063488 bytes,    7337248 total
- age   3:    1041008 bytes,    8378256 total
- age   4:     135600 bytes,    8513856 total
- age   5:   11087536 bytes,   19601392 total
: 109248K->21824K(109248K), 0,0551133 secs] 118891K->36337K(502464K), 0,0552286 secs] [Times: user=0,15 sys=0,01, real=0,06 secs] 
Heap after GC invocations=12 (full 1):
 par new generation   total 109248K, used 21824K [0x00000000e0000000, 0x00000000e8000000, 0x00000000e8000000)
  eden space 87424K,   0% used [0x00000000e0000000, 0x00000000e0000000, 0x00000000e5560000)
  from space 21824K, 100% used [0x00000000e5560000, 0x00000000e6ab0000, 0x00000000e6ab0000)
  to   space 21824K,   0% used [0x00000000e6ab0000, 0x00000000e6ab0000, 0x00000000e8000000)
 concurrent mark-sweep generation total 393216K, used 14513K [0x00000000e8000000, 0x0000000100000000, 0x0000000100000000)
 Metaspace       used 31432K, capacity 32112K, committed 32252K, reserved 1077248K
  class space    used 3568K, capacity 3781K, committed 3836K, reserved 1048576K
}
2018-06-19T14:52:41.752+0200: 63,708: Total time for which application threads were stopped: 0,0555214 seconds, Stopping threads took: 0,0000617 seconds
2018-06-19T14:52:41.840+0200: 63,796: Total time for which application threads were stopped: 0,0050770 seconds, Stopping threads took: 0,0041499 seconds
2018-06-19T14:52:41.844+0200: 63,800: Total time for which application threads were stopped: 0,0026253 seconds, Stopping threads took: 0,0016465 seconds
2018-06-19T14:52:41.848+0200: 63,805: Total time for which application threads were stopped: 0,0003231 seconds, Stopping threads took: 0,0000486 seconds
2018-06-19T14:52:41.855+0200: 63,812: Total time for which application threads were stopped: 0,0003424 seconds, Stopping threads took: 0,0002358 seconds
2018-06-19T14:52:41.866+0200: 63,822: Total time for which application threads were stopped: 0,0007506 seconds, Stopping threads took: 0,0002352 seconds
2018-06-19T14:52:41.947+0200: 63,903: Total time for which application threads were stopped: 0,0111699 seconds, Stopping threads took: 0,0109804 seconds
2018-06-19T14:52:41.950+0200: 63,907: Total time for which application threads were stopped: 0,0001468 seconds, Stopping threads took: 0,0000389 seconds
2018-06-19T14:52:41.965+0200: 63,921: Total time for which application threads were stopped: 0,0017533 seconds, Stopping threads took: 0,0016313 seconds
2018-06-19T14:52:42.015+0200: 63,971: Total time for which application threads were stopped: 0,0160211 seconds, Stopping threads took: 0,0158672 seconds
{Heap before GC invocations=12 (full 1):
 par new generation   total 109248K, used 109248K [0x00000000e0000000, 0x00000000e8000000, 0x00000000e8000000)
  eden space 87424K, 100% used [0x00000000e0000000, 0x00000000e5560000, 0x00000000e5560000)
  from space 21824K, 100% used [0x00000000e5560000, 0x00000000e6ab0000, 0x00000000e6ab0000)
  to   space 21824K,   0% used [0x00000000e6ab0000, 0x00000000e6ab0000, 0x00000000e8000000)
 concurrent mark-sweep generation total 393216K, used 14513K [0x00000000e8000000, 0x0000000100000000, 0x0000000100000000)
 Metaspace       used 31674K, capacity 32336K, committed 32508K, reserved 1077248K
  class space    used 3590K, capacity 3813K, committed 3836K, reserved 1048576K
2018-06-19T14:52:42.268+0200: 64,225: [GC (Allocation Failure) 2018-06-19T14:52:42.268+0200: 64,225: [ParNew
Desired survivor size 20112992 bytes, new threshold 8 (max 8)
- age   1:    1633552 bytes,    1633552 total
- age   2:     102944 bytes,    1736496 total
- age   3:    5459808 bytes,    7196304 total
- age   4:    1041008 bytes,    8237312 total
- age   5:     135600 bytes,    8372912 total
- age   6:    8859240 bytes,   17232152 total
: 109248K->20465K(109248K), 0,0687168 secs] 123761K->34979K(502464K), 0,0688509 secs] [Times: user=0,11 sys=0,00, real=0,07 secs] 
Heap after GC invocations=13 (full 1):
 par new generation   total 109248K, used 20465K [0x00000000e0000000, 0x00000000e8000000, 0x00000000e8000000)
  eden space 87424K,   0% used [0x00000000e0000000, 0x00000000e0000000, 0x00000000e5560000)
  from space 21824K,  93% used [0x00000000e6ab0000, 0x00000000e7eac680, 0x00000000e8000000)
  to   space 21824K,   0% used [0x00000000e5560000, 0x00000000e5560000, 0x00000000e6ab0000)
 concurrent mark-sweep generation total 393216K, used 14513K [0x00000000e8000000, 0x0000000100000000, 0x0000000100000000)
 Metaspace       used 31674K, capacity 32336K, committed 32508K, reserved 1077248K
  class space    used 3590K, capacity 3813K, committed 3836K, reserved 1048576K
}
2018-06-19T14:52:42.337+0200: 64,294: Total time for which application threads were stopped: 0,0692072 seconds, Stopping threads took: 0,0000577 seconds
{Heap before GC invocations=13 (full 1):
 par new generation   total 109248K, used 107889K [0x00000000e0000000, 0x00000000e8000000, 0x00000000e8000000)
  eden space 87424K, 100% used [0x00000000e0000000, 0x00000000e5560000, 0x00000000e5560000)
  from space 21824K,  93% used [0x00000000e6ab0000, 0x00000000e7eac680, 0x00000000e8000000)
  to   space 21824K,   0% used [0x00000000e5560000, 0x00000000e5560000, 0x00000000e6ab0000)
 concurrent mark-sweep generation total 393216K, used 14513K [0x00000000e8000000, 0x0000000100000000, 0x0000000100000000)
 Metaspace       used 31694K, capacity 32400K, committed 32508K, reserved 1077248K
  class space    used 3590K, capacity 3813K, committed 3836K, reserved 1048576K
2018-06-19T14:52:42.638+0200: 64,594: [GC (Allocation Failure) 2018-06-19T14:52:42.638+0200: 64,594: [ParNew
Desired survivor size 20112992 bytes, new threshold 8 (max 8)
- age   1:    1466032 bytes,    1466032 total
- age   2:    1181360 bytes,    2647392 total
- age   3:     102920 bytes,    2750312 total
- age   4:    5458704 bytes,    8209016 total
- age   5:    1041008 bytes,    9250024 total
- age   6:     135600 bytes,    9385624 total
- age   7:    8859240 bytes,   18244864 total
: 107889K->21824K(109248K), 0,0749420 secs] 122403K->36337K(502464K), 0,0751897 secs] [Times: user=0,09 sys=0,00, real=0,08 secs] 
Heap after GC invocations=14 (full 1):
 par new generation   total 109248K, used 21824K [0x00000000e0000000, 0x00000000e8000000, 0x00000000e8000000)
  eden space 87424K,   0% used [0x00000000e0000000, 0x00000000e0000000, 0x00000000e5560000)
  from space 21824K, 100% used [0x00000000e5560000, 0x00000000e6ab0000, 0x00000000e6ab0000)
  to   space 21824K,   0% used [0x00000000e6ab0000, 0x00000000e6ab0000, 0x00000000e8000000)
 concurrent mark-sweep generation total 393216K, used 14513K [0x00000000e8000000, 0x0000000100000000, 0x0000000100000000)
 Metaspace       used 31694K, capacity 32400K, committed 32508K, reserved 1077248K
  class space    used 3590K, capacity 3813K, committed 3836K, reserved 1048576K
}
2018-06-19T14:52:42.713+0200: 64,670: Total time for which application threads were stopped: 0,0755935 seconds, Stopping threads took: 0,0000544 seconds
2018-06-19T14:52:42.761+0200: 64,718: Total time for which application threads were stopped: 0,0017457 seconds, Stopping threads took: 0,0016346 seconds
2018-06-19T14:52:42.793+0200: 64,749: Total time for which application threads were stopped: 0,0081438 seconds, Stopping threads took: 0,0079877 seconds
2018-06-19T14:52:42.807+0200: 64,763: Total time for which application threads were stopped: 0,0001776 seconds, Stopping threads took: 0,0000581 seconds
2018-06-19T14:52:42.808+0200: 64,764: Total time for which application threads were stopped: 0,0001643 seconds, Stopping threads took: 0,0000475 seconds
2018-06-19T14:52:42.937+0200: 64,893: Total time for which application threads were stopped: 0,0004567 seconds, Stopping threads took: 0,0000708 seconds
2018-06-19T14:52:43.037+0200: 64,994: Total time for which application threads were stopped: 0,0001889 seconds, Stopping threads took: 0,0000615 seconds
2018-06-19T14:52:43.042+0200: 64,998: Total time for which application threads were stopped: 0,0003007 seconds, Stopping threads took: 0,0001484 seconds
2018-06-19T14:52:43.058+0200: 65,014: Total time for which application threads were stopped: 0,0099917 seconds, Stopping threads took: 0,0098591 seconds
{Heap before GC invocations=14 (full 1):
 par new generation   total 109248K, used 109248K [0x00000000e0000000, 0x00000000e8000000, 0x00000000e8000000)
  eden space 87424K, 100% used [0x00000000e0000000, 0x00000000e5560000, 0x00000000e5560000)
  from space 21824K, 100% used [0x00000000e5560000, 0x00000000e6ab0000, 0x00000000e6ab0000)
  to   space 21824K,   0% used [0x00000000e6ab0000, 0x00000000e6ab0000, 0x00000000e8000000)
 concurrent mark-sweep generation total 393216K, used 14513K [0x00000000e8000000, 0x0000000100000000, 0x0000000100000000)
 Metaspace       used 31720K, capacity 32464K, committed 32764K, reserved 1079296K
  class space    used 3590K, capacity 3813K, committed 3836K, reserved 1048576K
2018-06-19T14:52:43.069+0200: 65,025: [GC (Allocation Failure) 2018-06-19T14:52:43.069+0200: 65,025: [ParNew
Desired survivor size 20112992 bytes, new threshold 8 (max 8)
- age   1:    1600520 bytes,    1600520 total
- age   2:    1259176 bytes,    2859696 total
- age   3:    1058000 bytes,    3917696 total
- age   4:     102888 bytes,    4020584 total
- age   5:    5458376 bytes,    9478960 total
- age   6:    1041008 bytes,   10519968 total
- age   7:     135600 bytes,   10655568 total
- age   8:    8859240 bytes,   19514808 total
: 109248K->21824K(109248K), 0,0366702 secs] 123761K->36337K(502464K), 0,0368023 secs] [Times: user=0,09 sys=0,00, real=0,04 secs] 
Heap after GC invocations=15 (full 1):
 par new generation   total 109248K, used 21824K [0x00000000e0000000, 0x00000000e8000000, 0x00000000e8000000)
  eden space 87424K,   0% used [0x00000000e0000000, 0x00000000e0000000, 0x00000000e5560000)
  from space 21824K, 100% used [0x00000000e6ab0000, 0x00000000e8000000, 0x00000000e8000000)
  to   space 21824K,   0% used [0x00000000e5560000, 0x00000000e5560000, 0x00000000e6ab0000)
 concurrent mark-sweep generation total 393216K, used 14513K [0x00000000e8000000, 0x0000000100000000, 0x0000000100000000)
 Metaspace       used 31720K, capacity 32464K, committed 32764K, reserved 1079296K
  class space    used 3590K, capacity 3813K, committed 3836K, reserved 1048576K
}
2018-06-19T14:52:43.106+0200: 65,062: Total time for which application threads were stopped: 0,0371386 seconds, Stopping threads took: 0,0000630 seconds
{Heap before GC invocations=15 (full 1):
 par new generation   total 109248K, used 109248K [0x00000000e0000000, 0x00000000e8000000, 0x00000000e8000000)
  eden space 87424K, 100% used [0x00000000e0000000, 0x00000000e5560000, 0x00000000e5560000)
  from space 21824K, 100% used [0x00000000e6ab0000, 0x00000000e8000000, 0x00000000e8000000)
  to   space 21824K,   0% used [0x00000000e5560000, 0x00000000e5560000, 0x00000000e6ab0000)
 concurrent mark-sweep generation total 393216K, used 14513K [0x00000000e8000000, 0x0000000100000000, 0x0000000100000000)
 Metaspace       used 31745K, capacity 32470K, committed 32764K, reserved 1079296K
  class space    used 3591K, capacity 3814K, committed 3836K, reserved 1048576K
2018-06-19T14:52:43.367+0200: 65,323: [GC (Allocation Failure) 2018-06-19T14:52:43.367+0200: 65,323: [ParNew
Desired survivor size 20112992 bytes, new threshold 8 (max 8)
- age   1:    1496552 bytes,    1496552 total
- age   2:    1004528 bytes,    2501080 total
- age   3:      99304 bytes,    2600384 total
- age   4:     310024 bytes,    2910408 total
- age   5:     102720 bytes,    3013128 total
- age   6:    5457856 bytes,    8470984 total
- age   7:    1041008 bytes,    9511992 total
- age   8:     135600 bytes,    9647592 total
: 109248K->18582K(109248K), 0,0411384 secs] 123761K->42465K(502464K), 0,0412667 secs] [Times: user=0,10 sys=0,02, real=0,04 secs] 
Heap after GC invocations=16 (full 1):
 par new generation   total 109248K, used 18582K [0x00000000e0000000, 0x00000000e8000000, 0x00000000e8000000)
  eden space 87424K,   0% used [0x00000000e0000000, 0x00000000e0000000, 0x00000000e5560000)
  from space 21824K,  85% used [0x00000000e5560000, 0x00000000e6785a40, 0x00000000e6ab0000)
  to   space 21824K,   0% used [0x00000000e6ab0000, 0x00000000e6ab0000, 0x00000000e8000000)
 concurrent mark-sweep generation total 393216K, used 23882K [0x00000000e8000000, 0x0000000100000000, 0x0000000100000000)
 Metaspace       used 31745K, capacity 32470K, committed 32764K, reserved 1079296K
  class space    used 3591K, capacity 3814K, committed 3836K, reserved 1048576K
}
2018-06-19T14:52:43.408+0200: 65,365: Total time for which application threads were stopped: 0,0416796 seconds, Stopping threads took: 0,0000994 seconds
{Heap before GC invocations=16 (full 1):
 par new generation   total 109248K, used 106006K [0x00000000e0000000, 0x00000000e8000000, 0x00000000e8000000)
  eden space 87424K, 100% used [0x00000000e0000000, 0x00000000e5560000, 0x00000000e5560000)
  from space 21824K,  85% used [0x00000000e5560000, 0x00000000e6785a40, 0x00000000e6ab0000)
  to   space 21824K,   0% used [0x00000000e6ab0000, 0x00000000e6ab0000, 0x00000000e8000000)
 concurrent mark-sweep generation total 393216K, used 23882K [0x00000000e8000000, 0x0000000100000000, 0x0000000100000000)
 Metaspace       used 31746K, capacity 32470K, committed 32764K, reserved 1079296K
  class space    used 3591K, capacity 3814K, committed 3836K, reserved 1048576K
2018-06-19T14:52:43.672+0200: 65,628: [GC (Allocation Failure) 2018-06-19T14:52:43.672+0200: 65,628: [ParNew
Desired survivor size 20112992 bytes, new threshold 8 (max 8)
- age   1:    1506280 bytes,    1506280 total
- age   2:    1072768 bytes,    2579048 total
- age   3:    1004352 bytes,    3583400 total
- age   4:      99280 bytes,    3682680 total
- age   5:     309208 bytes,    3991888 total
- age   6:     102720 bytes,    4094608 total
- age   7:    5457312 bytes,    9551920 total
- age   8:    1041008 bytes,   10592928 total
: 106006K->14683K(109248K), 0,0573843 secs] 129889K->38701K(502464K), 0,0576070 secs] [Times: user=0,16 sys=0,01, real=0,05 secs] 
Heap after GC invocations=17 (full 1):
 par new generation   total 109248K, used 14683K [0x00000000e0000000, 0x00000000e8000000, 0x00000000e8000000)
  eden space 87424K,   0% used [0x00000000e0000000, 0x00000000e0000000, 0x00000000e5560000)
  from space 21824K,  67% used [0x00000000e6ab0000, 0x00000000e7906d78, 0x00000000e8000000)
  to   space 21824K,   0% used [0x00000000e5560000, 0x00000000e5560000, 0x00000000e6ab0000)
 concurrent mark-sweep generation total 393216K, used 24017K [0x00000000e8000000, 0x0000000100000000, 0x0000000100000000)
 Metaspace       used 31746K, capacity 32470K, committed 32764K, reserved 1079296K
  class space    used 3591K, capacity 3814K, committed 3836K, reserved 1048576K
}
2018-06-19T14:52:43.729+0200: 65,686: Total time for which application threads were stopped: 0,0579775 seconds, Stopping threads took: 0,0000410 seconds
2018-06-19T14:52:43.768+0200: 65,724: Total time for which application threads were stopped: 0,0001664 seconds, Stopping threads took: 0,0000535 seconds
2018-06-19T14:52:43.785+0200: 65,742: Total time for which application threads were stopped: 0,0009540 seconds, Stopping threads took: 0,0008561 seconds
2018-06-19T14:52:43.790+0200: 65,747: Total time for which application threads were stopped: 0,0002318 seconds, Stopping threads took: 0,0000981 seconds
2018-06-19T14:52:43.791+0200: 65,748: Total time for which application threads were stopped: 0,0002038 seconds, Stopping threads took: 0,0000467 seconds
2018-06-19T14:52:43.836+0200: 65,793: Total time for which application threads were stopped: 0,0002138 seconds, Stopping threads took: 0,0000867 seconds
2018-06-19T14:52:43.847+0200: 65,804: Total time for which application threads were stopped: 0,0001957 seconds, Stopping threads took: 0,0000736 seconds
2018-06-19T14:52:43.849+0200: 65,806: Total time for which application threads were stopped: 0,0001743 seconds, Stopping threads took: 0,0000593 seconds
{Heap before GC invocations=17 (full 1):
 par new generation   total 109248K, used 102107K [0x00000000e0000000, 0x00000000e8000000, 0x00000000e8000000)
  eden space 87424K, 100% used [0x00000000e0000000, 0x00000000e5560000, 0x00000000e5560000)
  from space 21824K,  67% used [0x00000000e6ab0000, 0x00000000e7906d78, 0x00000000e8000000)
  to   space 21824K,   0% used [0x00000000e5560000, 0x00000000e5560000, 0x00000000e6ab0000)
 concurrent mark-sweep generation total 393216K, used 24017K [0x00000000e8000000, 0x0000000100000000, 0x0000000100000000)
 Metaspace       used 31758K, capacity 32470K, committed 32764K, reserved 1079296K
  class space    used 3591K, capacity 3814K, committed 3836K, reserved 1048576K
2018-06-19T14:52:43.947+0200: 65,903: [GC (Allocation Failure) 2018-06-19T14:52:43.947+0200: 65,903: [ParNew
Desired survivor size 20112992 bytes, new threshold 8 (max 8)
- age   1:    2038488 bytes,    2038488 total
- age   2:     970304 bytes,    3008792 total
- age   3:    1017504 bytes,    4026296 total
- age   4:     887320 bytes,    4913616 total
- age   5:      99280 bytes,    5012896 total
- age   6:     309176 bytes,    5322072 total
- age   7:     102688 bytes,    5424760 total
- age   8:    5456488 bytes,   10881248 total
: 102107K->13465K(109248K), 0,0604859 secs] 126125K->38509K(502464K), 0,0608817 secs] [Times: user=0,11 sys=0,00, real=0,06 secs] 
Heap after GC invocations=18 (full 1):
 par new generation   total 109248K, used 13465K [0x00000000e0000000, 0x00000000e8000000, 0x00000000e8000000)
  eden space 87424K,   0% used [0x00000000e0000000, 0x00000000e0000000, 0x00000000e5560000)
  from space 21824K,  61% used [0x00000000e5560000, 0x00000000e62866d0, 0x00000000e6ab0000)
  to   space 21824K,   0% used [0x00000000e6ab0000, 0x00000000e6ab0000, 0x00000000e8000000)
 concurrent mark-sweep generation total 393216K, used 25044K [0x00000000e8000000, 0x0000000100000000, 0x0000000100000000)
 Metaspace       used 31758K, capacity 32470K, committed 32764K, reserved 1079296K
  class space    used 3591K, capacity 3814K, committed 3836K, reserved 1048576K
}
2018-06-19T14:52:44.007+0200: 65,964: Total time for which application threads were stopped: 0,0619190 seconds, Stopping threads took: 0,0003001 seconds
{Heap before GC invocations=18 (full 1):
 par new generation   total 109248K, used 100887K [0x00000000e0000000, 0x00000000e8000000, 0x00000000e8000000)
  eden space 87424K,  99% used [0x00000000e0000000, 0x00000000e555f910, 0x00000000e5560000)
  from space 21824K,  61% used [0x00000000e5560000, 0x00000000e62866d0, 0x00000000e6ab0000)
  to   space 21824K,   0% used [0x00000000e6ab0000, 0x00000000e6ab0000, 0x00000000e8000000)
 concurrent mark-sweep generation total 393216K, used 25044K [0x00000000e8000000, 0x0000000100000000, 0x0000000100000000)
 Metaspace       used 31776K, capacity 32470K, committed 32764K, reserved 1079296K
  class space    used 3591K, capacity 3814K, committed 3836K, reserved 1048576K
2018-06-19T14:52:44.201+0200: 66,158: [GC (Allocation Failure) 2018-06-19T14:52:44.201+0200: 66,158: [ParNew
Desired survivor size 20112992 bytes, new threshold 8 (max 8)
- age   1:    1545456 bytes,    1545456 total
- age   2:     895264 bytes,    2440720 total
- age   3:      88424 bytes,    2529144 total
- age   4:     235216 bytes,    2764360 total
- age   5:     196952 bytes,    2961312 total
- age   6:      99280 bytes,    3060592 total
- age   7:     309096 bytes,    3369688 total
- age   8:     102688 bytes,    3472376 total
: 100887K->9316K(109248K), 0,0326956 secs] 125932K->39984K(502464K), 0,0328031 secs] [Times: user=0,09 sys=0,01, real=0,04 secs] 
Heap after GC invocations=19 (full 1):
 par new generation   total 109248K, used 9316K [0x00000000e0000000, 0x00000000e8000000, 0x00000000e8000000)
  eden space 87424K,   0% used [0x00000000e0000000, 0x00000000e0000000, 0x00000000e5560000)
  from space 21824K,  42% used [0x00000000e6ab0000, 0x00000000e73c9120, 0x00000000e8000000)
  to   space 21824K,   0% used [0x00000000e5560000, 0x00000000e5560000, 0x00000000e6ab0000)
 concurrent mark-sweep generation total 393216K, used 30668K [0x00000000e8000000, 0x0000000100000000, 0x0000000100000000)
 Metaspace       used 31776K, capacity 32470K, committed 32764K, reserved 1079296K
  class space    used 3591K, capacity 3814K, committed 3836K, reserved 1048576K
}
2018-06-19T14:52:44.234+0200: 66,190: Total time for which application threads were stopped: 0,0330827 seconds, Stopping threads took: 0,0000558 seconds
{Heap before GC invocations=19 (full 1):
 par new generation   total 109248K, used 96740K [0x00000000e0000000, 0x00000000e8000000, 0x00000000e8000000)
  eden space 87424K, 100% used [0x00000000e0000000, 0x00000000e5560000, 0x00000000e5560000)
  from space 21824K,  42% used [0x00000000e6ab0000, 0x00000000e73c9120, 0x00000000e8000000)
  to   space 21824K,   0% used [0x00000000e5560000, 0x00000000e5560000, 0x00000000e6ab0000)
 concurrent mark-sweep generation total 393216K, used 30668K [0x00000000e8000000, 0x0000000100000000, 0x0000000100000000)
 Metaspace       used 31798K, capacity 32470K, committed 32764K, reserved 1079296K
  class space    used 3591K, capacity 3814K, committed 3836K, reserved 1048576K
2018-06-19T14:52:44.392+0200: 66,349: [GC (Allocation Failure) 2018-06-19T14:52:44.392+0200: 66,349: [ParNew
Desired survivor size 20112992 bytes, new threshold 8 (max 8)
- age   1:    1596456 bytes,    1596456 total
- age   2:    1143144 bytes,    2739600 total
- age   3:     896888 bytes,    3636488 total
- age   4:      88424 bytes,    3724912 total
- age   5:     234400 bytes,    3959312 total
- age   6:     196952 bytes,    4156264 total
- age   7:      99280 bytes,    4255544 total
- age   8:     309064 bytes,    4564608 total
: 96740K->5675K(109248K), 0,0207100 secs] 127408K->36443K(502464K), 0,0208984 secs] [Times: user=0,05 sys=0,00, real=0,02 secs] 
Heap after GC invocations=20 (full 1):
 par new generation   total 109248K, used 5675K [0x00000000e0000000, 0x00000000e8000000, 0x00000000e8000000)
  eden space 87424K,   0% used [0x00000000e0000000, 0x00000000e0000000, 0x00000000e5560000)
  from space 21824K,  26% used [0x00000000e5560000, 0x00000000e5aead80, 0x00000000e6ab0000)
  to   space 21824K,   0% used [0x00000000e6ab0000, 0x00000000e6ab0000, 0x00000000e8000000)
 concurrent mark-sweep generation total 393216K, used 30767K [0x00000000e8000000, 0x0000000100000000, 0x0000000100000000)
 Metaspace       used 31798K, capacity 32470K, committed 32764K, reserved 1079296K
  class space    used 3591K, capacity 3814K, committed 3836K, reserved 1048576K
}
2018-06-19T14:52:44.413+0200: 66,370: Total time for which application threads were stopped: 0,0213952 seconds, Stopping threads took: 0,0000789 seconds
{Heap before GC invocations=20 (full 1):
 par new generation   total 109248K, used 93088K [0x00000000e0000000, 0x00000000e8000000, 0x00000000e8000000)
  eden space 87424K,  99% used [0x00000000e0000000, 0x00000000e555d540, 0x00000000e5560000)
  from space 21824K,  26% used [0x00000000e5560000, 0x00000000e5aead80, 0x00000000e6ab0000)
  to   space 21824K,   0% used [0x00000000e6ab0000, 0x00000000e6ab0000, 0x00000000e8000000)
 concurrent mark-sweep generation total 393216K, used 30767K [0x00000000e8000000, 0x0000000100000000, 0x0000000100000000)
 Metaspace       used 31815K, capacity 32534K, committed 32764K, reserved 1079296K
  class space    used 3591K, capacity 3814K, committed 3836K, reserved 1048576K
2018-06-19T14:52:44.601+0200: 66,557: [GC (Allocation Failure) 2018-06-19T14:52:44.601+0200: 66,558: [ParNew
Desired survivor size 20112992 bytes, new threshold 8 (max 8)
- age   1:    2039968 bytes,    2039968 total
- age   2:     889456 bytes,    2929424 total
- age   3:    1092448 bytes,    4021872 total
- age   4:     895544 bytes,    4917416 total
- age   5:      88424 bytes,    5005840 total
- age   6:     234520 bytes,    5240360 total
- age   7:     196952 bytes,    5437312 total
- age   8:      99248 bytes,    5536560 total
: 93088K->8078K(109248K), 0,0266326 secs] 123856K->39148K(502464K), 0,0267425 secs] [Times: user=0,07 sys=0,01, real=0,03 secs] 
Heap after GC invocations=21 (full 1):
 par new generation   total 109248K, used 8078K [0x00000000e0000000, 0x00000000e8000000, 0x00000000e8000000)
  eden space 87424K,   0% used [0x00000000e0000000, 0x00000000e0000000, 0x00000000e5560000)
  from space 21824K,  37% used [0x00000000e6ab0000, 0x00000000e7293800, 0x00000000e8000000)
  to   space 21824K,   0% used [0x00000000e5560000, 0x00000000e5560000, 0x00000000e6ab0000)
 concurrent mark-sweep generation total 393216K, used 31070K [0x00000000e8000000, 0x0000000100000000, 0x0000000100000000)
 Metaspace       used 31815K, capacity 32534K, committed 32764K, reserved 1079296K
  class space    used 3591K, capacity 3814K, committed 3836K, reserved 1048576K
}
2018-06-19T14:52:44.628+0200: 66,584: Total time for which application threads were stopped: 0,0270149 seconds, Stopping threads took: 0,0000500 seconds
{Heap before GC invocations=21 (full 1):
 par new generation   total 109248K, used 95502K [0x00000000e0000000, 0x00000000e8000000, 0x00000000e8000000)
  eden space 87424K, 100% used [0x00000000e0000000, 0x00000000e5560000, 0x00000000e5560000)
  from space 21824K,  37% used [0x00000000e6ab0000, 0x00000000e7293800, 0x00000000e8000000)
  to   space 21824K,   0% used [0x00000000e5560000, 0x00000000e5560000, 0x00000000e6ab0000)
 concurrent mark-sweep generation total 393216K, used 31070K [0x00000000e8000000, 0x0000000100000000, 0x0000000100000000)
 Metaspace       used 31841K, capacity 32598K, committed 32764K, reserved 1079296K
  class space    used 3591K, capacity 3814K, committed 3836K, reserved 1048576K
2018-06-19T14:52:44.839+0200: 66,796: [GC (Allocation Failure) 2018-06-19T14:52:44.839+0200: 66,796: [ParNew
Desired survivor size 20112992 bytes, new threshold 8 (max 8)
- age   1:    1977696 bytes,    1977696 total
- age   2:    1368872 bytes,    3346568 total
- age   3:     887448 bytes,    4234016 total
- age   4:    1091544 bytes,    5325560 total
- age   5:     894944 bytes,    6220504 total
- age   6:      88424 bytes,    6308928 total
- age   7:     234368 bytes,    6543296 total
- age   8:     196600 bytes,    6739896 total
: 95502K->7588K(109248K), 0,0329499 secs] 126572K->38754K(502464K), 0,0332492 secs] [Times: user=0,08 sys=0,01, real=0,04 secs] 
Heap after GC invocations=22 (full 1):
 par new generation   total 109248K, used 7588K [0x00000000e0000000, 0x00000000e8000000, 0x00000000e8000000)
  eden space 87424K,   0% used [0x00000000e0000000, 0x00000000e0000000, 0x00000000e5560000)
  from space 21824K,  34% used [0x00000000e5560000, 0x00000000e5cc9080, 0x00000000e6ab0000)
  to   space 21824K,   0% used [0x00000000e6ab0000, 0x00000000e6ab0000, 0x00000000e8000000)
 concurrent mark-sweep generation total 393216K, used 31166K [0x00000000e8000000, 0x0000000100000000, 0x0000000100000000)
 Metaspace       used 31841K, capacity 32598K, committed 32764K, reserved 1079296K
  class space    used 3591K, capacity 3814K, committed 3836K, reserved 1048576K
}
2018-06-19T14:52:44.873+0200: 66,829: Total time for which application threads were stopped: 0,0491539 seconds, Stopping threads took: 0,0153824 seconds
2018-06-19T14:52:44.880+0200: 66,837: Total time for which application threads were stopped: 0,0002651 seconds, Stopping threads took: 0,0000902 seconds
2018-06-19T14:52:44.880+0200: 66,837: Total time for which application threads were stopped: 0,0000685 seconds, Stopping threads took: 0,0000165 seconds
2018-06-19T14:52:44.883+0200: 66,839: Total time for which application threads were stopped: 0,0001352 seconds, Stopping threads took: 0,0000311 seconds
2018-06-19T14:52:44.883+0200: 66,840: Total time for which application threads were stopped: 0,0001721 seconds, Stopping threads took: 0,0000889 seconds
2018-06-19T14:52:45.003+0200: 66,959: Total time for which application threads were stopped: 0,0009799 seconds, Stopping threads took: 0,0008793 seconds
2018-06-19T14:52:45.005+0200: 66,962: Total time for which application threads were stopped: 0,0001621 seconds, Stopping threads took: 0,0000620 seconds
2018-06-19T14:52:45.009+0200: 66,965: Total time for which application threads were stopped: 0,0001766 seconds, Stopping threads took: 0,0000645 seconds
{Heap before GC invocations=22 (full 1):
 par new generation   total 109248K, used 95010K [0x00000000e0000000, 0x00000000e8000000, 0x00000000e8000000)
  eden space 87424K,  99% used [0x00000000e0000000, 0x00000000e555f9e0, 0x00000000e5560000)
  from space 21824K,  34% used [0x00000000e5560000, 0x00000000e5cc9080, 0x00000000e6ab0000)
  to   space 21824K,   0% used [0x00000000e6ab0000, 0x00000000e6ab0000, 0x00000000e8000000)
 concurrent mark-sweep generation total 393216K, used 31166K [0x00000000e8000000, 0x0000000100000000, 0x0000000100000000)
 Metaspace       used 31848K, capacity 32598K, committed 32764K, reserved 1079296K
  class space    used 3591K, capacity 3814K, committed 3836K, reserved 1048576K
2018-06-19T14:52:45.023+0200: 66,979: [GC (Allocation Failure) 2018-06-19T14:52:45.023+0200: 66,979: [ParNew
Desired survivor size 20112992 bytes, new threshold 8 (max 8)
- age   1:    1493112 bytes,    1493112 total
- age   2:    1794048 bytes,    3287160 total
- age   3:    1312912 bytes,    4600072 total
- age   4:     830424 bytes,    5430496 total
- age   5:    1040280 bytes,    6470776 total
- age   6:     819880 bytes,    7290656 total
- age   7:      88424 bytes,    7379080 total
- age   8:     234336 bytes,    7613416 total
: 95010K->9966K(109248K), 0,0173353 secs] 126176K->41324K(502464K), 0,0174457 secs] [Times: user=0,07 sys=0,00, real=0,02 secs] 
Heap after GC invocations=23 (full 1):
 par new generation   total 109248K, used 9966K [0x00000000e0000000, 0x00000000e8000000, 0x00000000e8000000)
  eden space 87424K,   0% used [0x00000000e0000000, 0x00000000e0000000, 0x00000000e5560000)
  from space 21824K,  45% used [0x00000000e6ab0000, 0x00000000e746baf8, 0x00000000e8000000)
  to   space 21824K,   0% used [0x00000000e5560000, 0x00000000e5560000, 0x00000000e6ab0000)
 concurrent mark-sweep generation total 393216K, used 31357K [0x00000000e8000000, 0x0000000100000000, 0x0000000100000000)
 Metaspace       used 31848K, capacity 32598K, committed 32764K, reserved 1079296K
  class space    used 3591K, capacity 3814K, committed 3836K, reserved 1048576K
}
2018-06-19T14:52:45.040+0200: 66,997: Total time for which application threads were stopped: 0,0177697 seconds, Stopping threads took: 0,0000815 seconds
{Heap before GC invocations=23 (full 1):
 par new generation   total 109248K, used 97390K [0x00000000e0000000, 0x00000000e8000000, 0x00000000e8000000)
  eden space 87424K, 100% used [0x00000000e0000000, 0x00000000e5560000, 0x00000000e5560000)
  from space 21824K,  45% used [0x00000000e6ab0000, 0x00000000e746baf8, 0x00000000e8000000)
  to   space 21824K,   0% used [0x00000000e5560000, 0x00000000e5560000, 0x00000000e6ab0000)
 concurrent mark-sweep generation total 393216K, used 31357K [0x00000000e8000000, 0x0000000100000000, 0x0000000100000000)
 Metaspace       used 31874K, capacity 32598K, committed 32764K, reserved 1079296K
  class space    used 3591K, capacity 3814K, committed 3836K, reserved 1048576K
2018-06-19T14:52:45.153+0200: 67,109: [GC (Allocation Failure) 2018-06-19T14:52:45.153+0200: 67,109: [ParNew
Desired survivor size 20112992 bytes, new threshold 8 (max 8)
- age   1:    1637728 bytes,    1637728 total
- age   2:    1084624 bytes,    2722352 total
- age   3:    1793888 bytes,    4516240 total
- age   4:    1312912 bytes,    5829152 total
- age   5:     830424 bytes,    6659576 total
- age   6:    1040280 bytes,    7699856 total
- age   7:     787096 bytes,    8486952 total
- age   8:      88392 bytes,    8575344 total
: 97390K->10499K(109248K), 0,0104002 secs] 128748K->42086K(502464K), 0,0105006 secs] [Times: user=0,04 sys=0,01, real=0,01 secs] 
Heap after GC invocations=24 (full 1):
 par new generation   total 109248K, used 10499K [0x00000000e0000000, 0x00000000e8000000, 0x00000000e8000000)
  eden space 87424K,   0% used [0x00000000e0000000, 0x00000000e0000000, 0x00000000e5560000)
  from space 21824K,  48% used [0x00000000e5560000, 0x00000000e5fa0f60, 0x00000000e6ab0000)
  to   space 21824K,   0% used [0x00000000e6ab0000, 0x00000000e6ab0000, 0x00000000e8000000)
 concurrent mark-sweep generation total 393216K, used 31586K [0x00000000e8000000, 0x0000000100000000, 0x0000000100000000)
 Metaspace       used 31874K, capacity 32598K, committed 32764K, reserved 1079296K
  class space    used 3591K, capacity 3814K, committed 3836K, reserved 1048576K
}
2018-06-19T14:52:45.163+0200: 67,120: Total time for which application threads were stopped: 0,0107225 seconds, Stopping threads took: 0,0000407 seconds
{Heap before GC invocations=24 (full 1):
 par new generation   total 109248K, used 97923K [0x00000000e0000000, 0x00000000e8000000, 0x00000000e8000000)
  eden space 87424K, 100% used [0x00000000e0000000, 0x00000000e5560000, 0x00000000e5560000)
  from space 21824K,  48% used [0x00000000e5560000, 0x00000000e5fa0f60, 0x00000000e6ab0000)
  to   space 21824K,   0% used [0x00000000e6ab0000, 0x00000000e6ab0000, 0x00000000e8000000)
 concurrent mark-sweep generation total 393216K, used 31586K [0x00000000e8000000, 0x0000000100000000, 0x0000000100000000)
 Metaspace       used 31882K, capacity 32598K, committed 32764K, reserved 1079296K
  class space    used 3591K, capacity 3814K, committed 3836K, reserved 1048576K
2018-06-19T14:52:45.280+0200: 67,237: [GC (Allocation Failure) 2018-06-19T14:52:45.280+0200: 67,237: [ParNew
Desired survivor size 20112992 bytes, new threshold 8 (max 8)
- age   1:    1733008 bytes,    1733008 total
- age   2:    1143880 bytes,    2876888 total
- age   3:     891864 bytes,    3768752 total
- age   4:     382024 bytes,    4150776 total
- age   5:      78800 bytes,    4229576 total
- age   6:      79160 bytes,    4308736 total
- age   7:     351888 bytes,    4660624 total
- age   8:     168680 bytes,    4829304 total
: 97923K->9163K(109248K), 0,0123543 secs] 129510K->40835K(502464K), 0,0124500 secs] [Times: user=0,04 sys=0,00, real=0,02 secs] 
Heap after GC invocations=25 (full 1):
 par new generation   total 109248K, used 9163K [0x00000000e0000000, 0x00000000e8000000, 0x00000000e8000000)
  eden space 87424K,   0% used [0x00000000e0000000, 0x00000000e0000000, 0x00000000e5560000)
  from space 21824K,  41% used [0x00000000e6ab0000, 0x00000000e73a2de8, 0x00000000e8000000)
  to   space 21824K,   0% used [0x00000000e5560000, 0x00000000e5560000, 0x00000000e6ab0000)
 concurrent mark-sweep generation total 393216K, used 31672K [0x00000000e8000000, 0x0000000100000000, 0x0000000100000000)
 Metaspace       used 31882K, capacity 32598K, committed 32764K, reserved 1079296K
  class space    used 3591K, capacity 3814K, committed 3836K, reserved 1048576K
}
2018-06-19T14:52:45.293+0200: 67,249: Total time for which application threads were stopped: 0,0127260 seconds, Stopping threads took: 0,0000398 seconds
{Heap before GC invocations=25 (full 1):
 par new generation   total 109248K, used 96587K [0x00000000e0000000, 0x00000000e8000000, 0x00000000e8000000)
  eden space 87424K, 100% used [0x00000000e0000000, 0x00000000e5560000, 0x00000000e5560000)
  from space 21824K,  41% used [0x00000000e6ab0000, 0x00000000e73a2de8, 0x00000000e8000000)
  to   space 21824K,   0% used [0x00000000e5560000, 0x00000000e5560000, 0x00000000e6ab0000)
 concurrent mark-sweep generation total 393216K, used 31672K [0x00000000e8000000, 0x0000000100000000, 0x0000000100000000)
 Metaspace       used 31885K, capacity 32598K, committed 32764K, reserved 1079296K
  class space    used 3591K, capacity 3814K, committed 3836K, reserved 1048576K
2018-06-19T14:52:45.441+0200: 67,398: [GC (Allocation Failure) 2018-06-19T14:52:45.441+0200: 67,398: [ParNew
Desired survivor size 20112992 bytes, new threshold 8 (max 8)
- age   1:    1958280 bytes,    1958280 total
- age   2:    1184864 bytes,    3143144 total
- age   3:     944992 bytes,    4088136 total
- age   4:     889488 bytes,    4977624 total
- age   5:     381640 bytes,    5359264 total
- age   6:      78800 bytes,    5438064 total
- age   7:      79128 bytes,    5517192 total
- age   8:     350840 bytes,    5868032 total
: 96587K->8141K(109248K), 0,0272979 secs] 128259K->39978K(502464K), 0,0273838 secs] [Times: user=0,08 sys=0,00, real=0,03 secs] 
Heap after GC invocations=26 (full 1):
 par new generation   total 109248K, used 8141K [0x00000000e0000000, 0x00000000e8000000, 0x00000000e8000000)
  eden space 87424K,   0% used [0x00000000e0000000, 0x00000000e0000000, 0x00000000e5560000)
  from space 21824K,  37% used [0x00000000e5560000, 0x00000000e5d53440, 0x00000000e6ab0000)
  to   space 21824K,   0% used [0x00000000e6ab0000, 0x00000000e6ab0000, 0x00000000e8000000)
 concurrent mark-sweep generation total 393216K, used 31837K [0x00000000e8000000, 0x0000000100000000, 0x0000000100000000)
 Metaspace       used 31885K, capacity 32598K, committed 32764K, reserved 1079296K
  class space    used 3591K, capacity 3814K, committed 3836K, reserved 1048576K
}
2018-06-19T14:52:45.469+0200: 67,425: Total time for which application threads were stopped: 0,0276071 seconds, Stopping threads took: 0,0000321 seconds
{Heap before GC invocations=26 (full 1):
 par new generation   total 109248K, used 95565K [0x00000000e0000000, 0x00000000e8000000, 0x00000000e8000000)
  eden space 87424K, 100% used [0x00000000e0000000, 0x00000000e5560000, 0x00000000e5560000)
  from space 21824K,  37% used [0x00000000e5560000, 0x00000000e5d53440, 0x00000000e6ab0000)
  to   space 21824K,   0% used [0x00000000e6ab0000, 0x00000000e6ab0000, 0x00000000e8000000)
 concurrent mark-sweep generation total 393216K, used 31837K [0x00000000e8000000, 0x0000000100000000, 0x0000000100000000)
 Metaspace       used 31885K, capacity 32598K, committed 32764K, reserved 1079296K
  class space    used 3591K, capacity 3814K, committed 3836K, reserved 1048576K
2018-06-19T14:52:45.552+0200: 67,508: [GC (Allocation Failure) 2018-06-19T14:52:45.552+0200: 67,509: [ParNew
Desired survivor size 20112992 bytes, new threshold 8 (max 8)
- age   1:    1668808 bytes,    1668808 total
- age   2:    1260912 bytes,    2929720 total
- age   3:    1185992 bytes,    4115712 total
- age   4:     946240 bytes,    5061952 total
- age   5:     890568 bytes,    5952520 total
- age   6:     382000 bytes,    6334520 total
- age   7:      78768 bytes,    6413288 total
- age   8:      78896 bytes,    6492184 total
: 95565K->7772K(109248K), 0,0084850 secs] 127402K->39952K(502464K), 0,0085600 secs] [Times: user=0,03 sys=0,00, real=0,00 secs] 
Heap after GC invocations=27 (full 1):
 par new generation   total 109248K, used 7772K [0x00000000e0000000, 0x00000000e8000000, 0x00000000e8000000)
  eden space 87424K,   0% used [0x00000000e0000000, 0x00000000e0000000, 0x00000000e5560000)
  from space 21824K,  35% used [0x00000000e6ab0000, 0x00000000e72471c8, 0x00000000e8000000)
  to   space 21824K,   0% used [0x00000000e5560000, 0x00000000e5560000, 0x00000000e6ab0000)
 concurrent mark-sweep generation total 393216K, used 32180K [0x00000000e8000000, 0x0000000100000000, 0x0000000100000000)
 Metaspace       used 31885K, capacity 32598K, committed 32764K, reserved 1079296K
  class space    used 3591K, capacity 3814K, committed 3836K, reserved 1048576K
}
2018-06-19T14:52:45.561+0200: 67,517: Total time for which application threads were stopped: 0,0087875 seconds, Stopping threads took: 0,0000392 seconds
{Heap before GC invocations=27 (full 1):
 par new generation   total 109248K, used 95196K [0x00000000e0000000, 0x00000000e8000000, 0x00000000e8000000)
  eden space 87424K, 100% used [0x00000000e0000000, 0x00000000e5560000, 0x00000000e5560000)
  from space 21824K,  35% used [0x00000000e6ab0000, 0x00000000e72471c8, 0x00000000e8000000)
  to   space 21824K,   0% used [0x00000000e5560000, 0x00000000e5560000, 0x00000000e6ab0000)
 concurrent mark-sweep generation total 393216K, used 32180K [0x00000000e8000000, 0x0000000100000000, 0x0000000100000000)
 Metaspace       used 31889K, capacity 32604K, committed 32764K, reserved 1079296K
  class space    used 3592K, capacity 3815K, committed 3836K, reserved 1048576K
2018-06-19T14:52:45.637+0200: 67,594: [GC (Allocation Failure) 2018-06-19T14:52:45.637+0200: 67,594: [ParNew
Desired survivor size 20112992 bytes, new threshold 8 (max 8)
- age   1:    2015688 bytes,    2015688 total
- age   2:     823368 bytes,    2839056 total
- age   3:    1257768 bytes,    4096824 total
- age   4:    1086440 bytes,    5183264 total
- age   5:     945064 bytes,    6128328 total
- age   6:     889464 bytes,    7017792 total
- age   7:     381608 bytes,    7399400 total
- age   8:      78536 bytes,    7477936 total
: 95196K->10893K(109248K), 0,0214351 secs] 127376K->43150K(502464K), 0,0217093 secs] [Times: user=0,06 sys=0,00, real=0,02 secs] 
Heap after GC invocations=28 (full 1):
 par new generation   total 109248K, used 10893K [0x00000000e0000000, 0x00000000e8000000, 0x00000000e8000000)
  eden space 87424K,   0% used [0x00000000e0000000, 0x00000000e0000000, 0x00000000e5560000)
  from space 21824K,  49% used [0x00000000e5560000, 0x00000000e6003700, 0x00000000e6ab0000)
  to   space 21824K,   0% used [0x00000000e6ab0000, 0x00000000e6ab0000, 0x00000000e8000000)
 concurrent mark-sweep generation total 393216K, used 32257K [0x00000000e8000000, 0x0000000100000000, 0x0000000100000000)
 Metaspace       used 31889K, capacity 32604K, committed 32764K, reserved 1079296K
  class space    used 3592K, capacity 3815K, committed 3836K, reserved 1048576K
}
2018-06-19T14:52:45.659+0200: 67,615: Total time for which application threads were stopped: 0,0220998 seconds, Stopping threads took: 0,0000431 seconds
{Heap before GC invocations=28 (full 1):
 par new generation   total 109248K, used 98317K [0x00000000e0000000, 0x00000000e8000000, 0x00000000e8000000)
  eden space 87424K, 100% used [0x00000000e0000000, 0x00000000e5560000, 0x00000000e5560000)
  from space 21824K,  49% used [0x00000000e5560000, 0x00000000e6003700, 0x00000000e6ab0000)
  to   space 21824K,   0% used [0x00000000e6ab0000, 0x00000000e6ab0000, 0x00000000e8000000)
 concurrent mark-sweep generation total 393216K, used 32257K [0x00000000e8000000, 0x0000000100000000, 0x0000000100000000)
 Metaspace       used 31890K, capacity 32604K, committed 32764K, reserved 1079296K
  class space    used 3592K, capacity 3815K, committed 3836K, reserved 1048576K
2018-06-19T14:52:45.751+0200: 67,708: [GC (Allocation Failure) 2018-06-19T14:52:45.751+0200: 67,708: [ParNew
Desired survivor size 20112992 bytes, new threshold 8 (max 8)
- age   1:    2014928 bytes,    2014928 total
- age   2:    1059024 bytes,    3073952 total
- age   3:     825816 bytes,    3899768 total
- age   4:    1260384 bytes,    5160152 total
- age   5:    1088864 bytes,    6249016 total
- age   6:     946360 bytes,    7195376 total
- age   7:     891328 bytes,    8086704 total
- age   8:     381352 bytes,    8468056 total
: 98317K->9221K(109248K), 0,0118012 secs] 130574K->41555K(502464K), 0,0119193 secs] [Times: user=0,04 sys=0,00, real=0,01 secs] 
Heap after GC invocations=29 (full 1):
 par new generation   total 109248K, used 9221K [0x00000000e0000000, 0x00000000e8000000, 0x00000000e8000000)
  eden space 87424K,   0% used [0x00000000e0000000, 0x00000000e0000000, 0x00000000e5560000)
  from space 21824K,  42% used [0x00000000e6ab0000, 0x00000000e73b17e8, 0x00000000e8000000)
  to   space 21824K,   0% used [0x00000000e5560000, 0x00000000e5560000, 0x00000000e6ab0000)
 concurrent mark-sweep generation total 393216K, used 32333K [0x00000000e8000000, 0x0000000100000000, 0x0000000100000000)
 Metaspace       used 31890K, capacity 32604K, committed 32764K, reserved 1079296K
  class space    used 3592K, capacity 3815K, committed 3836K, reserved 1048576K
}
2018-06-19T14:52:45.763+0200: 67,720: Total time for which application threads were stopped: 0,0121814 seconds, Stopping threads took: 0,0000392 seconds
2018-06-19T14:52:45.854+0200: 67,810: Total time for which application threads were stopped: 0,0001320 seconds, Stopping threads took: 0,0000311 seconds
2018-06-19T14:52:45.857+0200: 67,814: Total time for which application threads were stopped: 0,0002075 seconds, Stopping threads took: 0,0000804 seconds
2018-06-19T14:52:45.863+0200: 67,819: Total time for which application threads were stopped: 0,0001767 seconds, Stopping threads took: 0,0000549 seconds
2018-06-19T14:52:45.863+0200: 67,820: Total time for which application threads were stopped: 0,0003098 seconds, Stopping threads took: 0,0000415 seconds
{Heap before GC invocations=29 (full 1):
 par new generation   total 109248K, used 96645K [0x00000000e0000000, 0x00000000e8000000, 0x00000000e8000000)
  eden space 87424K, 100% used [0x00000000e0000000, 0x00000000e5560000, 0x00000000e5560000)
  from space 21824K,  42% used [0x00000000e6ab0000, 0x00000000e73b17e8, 0x00000000e8000000)
  to   space 21824K,   0% used [0x00000000e5560000, 0x00000000e5560000, 0x00000000e6ab0000)
 concurrent mark-sweep generation total 393216K, used 32333K [0x00000000e8000000, 0x0000000100000000, 0x0000000100000000)
 Metaspace       used 31893K, capacity 32604K, committed 32764K, reserved 1079296K
  class space    used 3592K, capacity 3815K, committed 3836K, reserved 1048576K
2018-06-19T14:52:45.879+0200: 67,836: [GC (Allocation Failure) 2018-06-19T14:52:45.879+0200: 67,836: [ParNew
Desired survivor size 20112992 bytes, new threshold 8 (max 8)
- age   1:    1990864 bytes,    1990864 total
- age   2:    1842384 bytes,    3833248 total
- age   3:     998688 bytes,    4831936 total
- age   4:     765840 bytes,    5597776 total
- age   5:    1003440 bytes,    6601216 total
- age   6:    1030552 bytes,    7631768 total
- age   7:     901808 bytes,    8533576 total
- age   8:     832632 bytes,    9366208 total
: 96645K->14399K(109248K), 0,0096980 secs] 128979K->47028K(502464K), 0,0097958 secs] [Times: user=0,03 sys=0,00, real=0,01 secs] 
Heap after GC invocations=30 (full 1):
 par new generation   total 109248K, used 14399K [0x00000000e0000000, 0x00000000e8000000, 0x00000000e8000000)
  eden space 87424K,   0% used [0x00000000e0000000, 0x00000000e0000000, 0x00000000e5560000)
  from space 21824K,  65% used [0x00000000e5560000, 0x00000000e636fd00, 0x00000000e6ab0000)
  to   space 21824K,   0% used [0x00000000e6ab0000, 0x00000000e6ab0000, 0x00000000e8000000)
 concurrent mark-sweep generation total 393216K, used 32629K [0x00000000e8000000, 0x0000000100000000, 0x0000000100000000)
 Metaspace       used 31893K, capacity 32604K, committed 32764K, reserved 1079296K
  class space    used 3592K, capacity 3815K, committed 3836K, reserved 1048576K
}
2018-06-19T14:52:45.889+0200: 67,846: Total time for which application threads were stopped: 0,0100793 seconds, Stopping threads took: 0,0000681 seconds
{Heap before GC invocations=30 (full 1):
 par new generation   total 109248K, used 101823K [0x00000000e0000000, 0x00000000e8000000, 0x00000000e8000000)
  eden space 87424K, 100% used [0x00000000e0000000, 0x00000000e5560000, 0x00000000e5560000)
  from space 21824K,  65% used [0x00000000e5560000, 0x00000000e636fd00, 0x00000000e6ab0000)
  to   space 21824K,   0% used [0x00000000e6ab0000, 0x00000000e6ab0000, 0x00000000e8000000)
 concurrent mark-sweep generation total 393216K, used 32629K [0x00000000e8000000, 0x0000000100000000, 0x0000000100000000)
 Metaspace       used 31901K, capacity 32604K, committed 32764K, reserved 1079296K
  class space    used 3592K, capacity 3815K, committed 3836K, reserved 1048576K
2018-06-19T14:52:46.055+0200: 68,011: [GC (Allocation Failure) 2018-06-19T14:52:46.055+0200: 68,011: [ParNew
Desired survivor size 20112992 bytes, new threshold 8 (max 8)
- age   1:    1389248 bytes,    1389248 total
- age   2:    1756880 bytes,    3146128 total
- age   3:    1842336 bytes,    4988464 total
- age   4:     998688 bytes,    5987152 total
- age   5:     765840 bytes,    6752992 total
- age   6:    1003440 bytes,    7756432 total
- age   7:    1030552 bytes,    8786984 total
- age   8:     901808 bytes,    9688792 total
: 101823K->11366K(109248K), 0,0155474 secs] 134452K->44817K(502464K), 0,0156315 secs] [Times: user=0,05 sys=0,00, real=0,01 secs] 
Heap after GC invocations=31 (full 1):
 par new generation   total 109248K, used 11366K [0x00000000e0000000, 0x00000000e8000000, 0x00000000e8000000)
  eden space 87424K,   0% used [0x00000000e0000000, 0x00000000e0000000, 0x00000000e5560000)
  from space 21824K,  52% used [0x00000000e6ab0000, 0x00000000e75c9840, 0x00000000e8000000)
  to   space 21824K,   0% used [0x00000000e5560000, 0x00000000e5560000, 0x00000000e6ab0000)
 concurrent mark-sweep generation total 393216K, used 33451K [0x00000000e8000000, 0x0000000100000000, 0x0000000100000000)
 Metaspace       used 31901K, capacity 32604K, committed 32764K, reserved 1079296K
  class space    used 3592K, capacity 3815K, committed 3836K, reserved 1048576K
}
2018-06-19T14:52:46.071+0200: 68,027: Total time for which application threads were stopped: 0,0158723 seconds, Stopping threads took: 0,0000345 seconds
2018-06-19T14:52:46.197+0200: 68,153: Total time for which application threads were stopped: 0,0002039 seconds, Stopping threads took: 0,0000648 seconds
2018-06-19T14:52:46.217+0200: 68,174: Total time for which application threads were stopped: 0,0008094 seconds, Stopping threads took: 0,0002026 seconds
2018-06-19T14:52:46.217+0200: 68,174: Total time for which application threads were stopped: 0,0001008 seconds, Stopping threads took: 0,0000343 seconds
2018-06-19T14:52:46.235+0200: 68,191: Total time for which application threads were stopped: 0,0001439 seconds, Stopping threads took: 0,0000485 seconds
2018-06-19T14:52:46.235+0200: 68,191: Total time for which application threads were stopped: 0,0000740 seconds, Stopping threads took: 0,0000288 seconds
2018-06-19T14:52:46.235+0200: 68,191: Total time for which application threads were stopped: 0,0000748 seconds, Stopping threads took: 0,0000231 seconds
2018-06-19T14:52:46.235+0200: 68,191: Total time for which application threads were stopped: 0,0000625 seconds, Stopping threads took: 0,0000236 seconds
2018-06-19T14:52:46.235+0200: 68,191: Total time for which application threads were stopped: 0,0000563 seconds, Stopping threads took: 0,0000201 seconds
2018-06-19T14:52:46.236+0200: 68,193: Total time for which application threads were stopped: 0,0001388 seconds, Stopping threads took: 0,0000504 seconds
2018-06-19T14:52:46.236+0200: 68,193: Total time for which application threads were stopped: 0,0000896 seconds, Stopping threads took: 0,0000233 seconds
2018-06-19T14:52:46.236+0200: 68,193: Total time for which application threads were stopped: 0,0000712 seconds, Stopping threads took: 0,0000229 seconds
2018-06-19T14:52:46.236+0200: 68,193: Total time for which application threads were stopped: 0,0000676 seconds, Stopping threads took: 0,0000266 seconds
2018-06-19T14:52:46.249+0200: 68,206: Total time for which application threads were stopped: 0,0001420 seconds, Stopping threads took: 0,0000466 seconds
2018-06-19T14:52:46.249+0200: 68,206: Total time for which application threads were stopped: 0,0000775 seconds, Stopping threads took: 0,0000260 seconds
2018-06-19T14:52:46.249+0200: 68,206: Total time for which application threads were stopped: 0,0000594 seconds, Stopping threads took: 0,0000244 seconds
2018-06-19T14:52:46.249+0200: 68,206: Total time for which application threads were stopped: 0,0000537 seconds, Stopping threads took: 0,0000209 seconds
2018-06-19T14:52:46.249+0200: 68,206: Total time for which application threads were stopped: 0,0000500 seconds, Stopping threads took: 0,0000211 seconds
2018-06-19T14:52:46.251+0200: 68,207: Total time for which application threads were stopped: 0,0001319 seconds, Stopping threads took: 0,0000505 seconds
2018-06-19T14:52:46.251+0200: 68,208: Total time for which application threads were stopped: 0,0000767 seconds, Stopping threads took: 0,0000211 seconds
2018-06-19T14:52:46.251+0200: 68,208: Total time for which application threads were stopped: 0,0000554 seconds, Stopping threads took: 0,0000264 seconds
2018-06-19T14:52:46.251+0200: 68,208: Total time for which application threads were stopped: 0,0001400 seconds, Stopping threads took: 0,0001056 seconds
2018-06-19T14:52:46.251+0200: 68,208: Total time for which application threads were stopped: 0,0000940 seconds, Stopping threads took: 0,0000257 seconds
2018-06-19T14:52:46.252+0200: 68,208: Total time for which application threads were stopped: 0,0000743 seconds, Stopping threads took: 0,0000375 seconds
2018-06-19T14:52:46.252+0200: 68,208: Total time for which application threads were stopped: 0,0000497 seconds, Stopping threads took: 0,0000227 seconds
2018-06-19T14:52:46.252+0200: 68,208: Total time for which application threads were stopped: 0,0000492 seconds, Stopping threads took: 0,0000178 seconds
2018-06-19T14:52:46.252+0200: 68,208: Total time for which application threads were stopped: 0,0000599 seconds, Stopping threads took: 0,0000304 seconds
2018-06-19T14:52:46.252+0200: 68,208: Total time for which application threads were stopped: 0,0000560 seconds, Stopping threads took: 0,0000208 seconds
2018-06-19T14:52:46.252+0200: 68,209: Total time for which application threads were stopped: 0,0001462 seconds, Stopping threads took: 0,0000206 seconds
2018-06-19T14:52:46.263+0200: 68,219: Total time for which application threads were stopped: 0,0001600 seconds, Stopping threads took: 0,0000496 seconds
2018-06-19T14:52:46.265+0200: 68,221: Total time for which application threads were stopped: 0,0001241 seconds, Stopping threads took: 0,0000475 seconds
2018-06-19T14:52:46.265+0200: 68,222: Total time for which application threads were stopped: 0,0001770 seconds, Stopping threads took: 0,0000282 seconds
2018-06-19T14:52:46.801+0200: 68,757: Total time for which application threads were stopped: 0,0001772 seconds, Stopping threads took: 0,0000376 seconds
2018-06-19T14:52:46.806+0200: 68,762: Total time for which application threads were stopped: 0,0001345 seconds, Stopping threads took: 0,0000588 seconds
2018-06-19T14:52:46.806+0200: 68,762: Total time for which application threads were stopped: 0,0000706 seconds, Stopping threads took: 0,0000245 seconds
2018-06-19T14:52:46.806+0200: 68,763: Total time for which application threads were stopped: 0,0001138 seconds, Stopping threads took: 0,0000853 seconds
2018-06-19T14:52:46.806+0200: 68,763: Total time for which application threads were stopped: 0,0000361 seconds, Stopping threads took: 0,0000105 seconds
2018-06-19T14:52:46.810+0200: 68,767: Total time for which application threads were stopped: 0,0001344 seconds, Stopping threads took: 0,0000566 seconds
2018-06-19T14:52:47.810+0200: 69,767: Total time for which application threads were stopped: 0,0000865 seconds, Stopping threads took: 0,0000228 seconds
2018-06-19T14:52:51.254+0200: 73,211: Total time for which application threads were stopped: 0,0005433 seconds, Stopping threads took: 0,0000177 seconds
2018-06-19T14:52:51.255+0200: 73,212: Total time for which application threads were stopped: 0,0005284 seconds, Stopping threads took: 0,0000134 seconds
2018-06-19T14:52:51.260+0200: 73,216: Total time for which application threads were stopped: 0,0001715 seconds, Stopping threads took: 0,0000792 seconds
2018-06-19T14:52:51.275+0200: 73,231: Total time for which application threads were stopped: 0,0018461 seconds, Stopping threads took: 0,0017699 seconds
2018-06-19T14:52:51.277+0200: 73,234: Total time for which application threads were stopped: 0,0017565 seconds, Stopping threads took: 0,0016968 seconds
2018-06-19T14:52:51.277+0200: 73,234: Total time for which application threads were stopped: 0,0000712 seconds, Stopping threads took: 0,0000147 seconds
2018-06-19T14:52:51.279+0200: 73,235: Total time for which application threads were stopped: 0,0010558 seconds, Stopping threads took: 0,0009711 seconds
2018-06-19T14:52:51.280+0200: 73,236: Total time for which application threads were stopped: 0,0001206 seconds, Stopping threads took: 0,0000474 seconds
2018-06-19T14:52:51.280+0200: 73,237: Total time for which application threads were stopped: 0,0000853 seconds, Stopping threads took: 0,0000251 seconds
2018-06-19T14:52:51.280+0200: 73,237: Total time for which application threads were stopped: 0,0000655 seconds, Stopping threads took: 0,0000127 seconds
2018-06-19T14:52:51.280+0200: 73,237: Total time for which application threads were stopped: 0,0000891 seconds, Stopping threads took: 0,0000336 seconds
2018-06-19T14:52:51.281+0200: 73,237: Total time for which application threads were stopped: 0,0000913 seconds, Stopping threads took: 0,0000395 seconds
2018-06-19T14:52:51.281+0200: 73,237: Total time for which application threads were stopped: 0,0000794 seconds, Stopping threads took: 0,0000327 seconds
2018-06-19T14:52:51.281+0200: 73,237: Total time for which application threads were stopped: 0,0000528 seconds, Stopping threads took: 0,0000112 seconds
2018-06-19T14:52:51.281+0200: 73,237: Total time for which application threads were stopped: 0,0000723 seconds, Stopping threads took: 0,0000247 seconds
2018-06-19T14:52:51.281+0200: 73,237: Total time for which application threads were stopped: 0,0000597 seconds, Stopping threads took: 0,0000124 seconds
2018-06-19T14:52:51.281+0200: 73,238: Total time for which application threads were stopped: 0,0000547 seconds, Stopping threads took: 0,0000110 seconds
2018-06-19T14:52:51.284+0200: 73,240: Total time for which application threads were stopped: 0,0003089 seconds, Stopping threads took: 0,0002227 seconds
2018-06-19T14:52:51.285+0200: 73,241: Total time for which application threads were stopped: 0,0001590 seconds, Stopping threads took: 0,0000869 seconds
2018-06-19T14:52:51.285+0200: 73,242: Total time for which application threads were stopped: 0,0001139 seconds, Stopping threads took: 0,0000520 seconds
2018-06-19T14:52:51.286+0200: 73,243: Total time for which application threads were stopped: 0,0001060 seconds, Stopping threads took: 0,0000423 seconds
2018-06-19T14:52:51.287+0200: 73,243: Total time for which application threads were stopped: 0,0002279 seconds, Stopping threads took: 0,0001619 seconds
2018-06-19T14:52:51.287+0200: 73,244: Total time for which application threads were stopped: 0,0000991 seconds, Stopping threads took: 0,0000502 seconds
2018-06-19T14:52:51.288+0200: 73,244: Total time for which application threads were stopped: 0,0000941 seconds, Stopping threads took: 0,0000448 seconds
2018-06-19T14:52:51.288+0200: 73,244: Total time for which application threads were stopped: 0,0001149 seconds, Stopping threads took: 0,0000609 seconds
2018-06-19T14:52:51.289+0200: 73,245: Total time for which application threads were stopped: 0,0000950 seconds, Stopping threads took: 0,0000384 seconds
2018-06-19T14:52:51.295+0200: 73,251: Total time for which application threads were stopped: 0,0001246 seconds, Stopping threads took: 0,0000354 seconds
2018-06-19T14:52:51.295+0200: 73,252: Total time for which application threads were stopped: 0,0000558 seconds, Stopping threads took: 0,0000244 seconds
2018-06-19T14:52:51.295+0200: 73,252: Total time for which application threads were stopped: 0,0000933 seconds, Stopping threads took: 0,0000519 seconds
2018-06-19T14:52:51.295+0200: 73,252: Total time for which application threads were stopped: 0,0000514 seconds, Stopping threads took: 0,0000216 seconds
2018-06-19T14:52:51.296+0200: 73,252: Total time for which application threads were stopped: 0,0004370 seconds, Stopping threads took: 0,0004094 seconds
2018-06-19T14:52:51.296+0200: 73,252: Total time for which application threads were stopped: 0,0000446 seconds, Stopping threads took: 0,0000173 seconds
2018-06-19T14:52:51.296+0200: 73,252: Total time for which application threads were stopped: 0,0000376 seconds, Stopping threads took: 0,0000106 seconds
2018-06-19T14:52:51.296+0200: 73,253: Total time for which application threads were stopped: 0,0001440 seconds, Stopping threads took: 0,0000121 seconds
2018-06-19T14:52:51.298+0200: 73,255: Total time for which application threads were stopped: 0,0001092 seconds, Stopping threads took: 0,0000290 seconds
2018-06-19T14:52:51.298+0200: 73,255: Total time for which application threads were stopped: 0,0000655 seconds, Stopping threads took: 0,0000388 seconds
2018-06-19T14:52:51.298+0200: 73,255: Total time for which application threads were stopped: 0,0000637 seconds, Stopping threads took: 0,0000407 seconds
2018-06-19T14:52:51.299+0200: 73,255: Total time for which application threads were stopped: 0,0000872 seconds, Stopping threads took: 0,0000583 seconds
2018-06-19T14:52:51.299+0200: 73,255: Total time for which application threads were stopped: 0,0000352 seconds, Stopping threads took: 0,0000108 seconds
2018-06-19T14:52:51.299+0200: 73,255: Total time for which application threads were stopped: 0,0000314 seconds, Stopping threads took: 0,0000093 seconds
2018-06-19T14:52:51.299+0200: 73,255: Total time for which application threads were stopped: 0,0000337 seconds, Stopping threads took: 0,0000098 seconds
2018-06-19T14:52:51.299+0200: 73,255: Total time for which application threads were stopped: 0,0000308 seconds, Stopping threads took: 0,0000092 seconds
2018-06-19T14:52:51.300+0200: 73,256: Total time for which application threads were stopped: 0,0000573 seconds, Stopping threads took: 0,0000169 seconds
2018-06-19T14:52:51.300+0200: 73,256: Total time for which application threads were stopped: 0,0000329 seconds, Stopping threads took: 0,0000095 seconds
2018-06-19T14:52:51.300+0200: 73,256: Total time for which application threads were stopped: 0,0000290 seconds, Stopping threads took: 0,0000091 seconds
2018-06-19T14:52:51.300+0200: 73,256: Total time for which application threads were stopped: 0,0000286 seconds, Stopping threads took: 0,0000091 seconds
2018-06-19T14:52:51.300+0200: 73,256: Total time for which application threads were stopped: 0,0000285 seconds, Stopping threads took: 0,0000091 seconds
2018-06-19T14:52:51.300+0200: 73,257: Total time for which application threads were stopped: 0,0000287 seconds, Stopping threads took: 0,0000091 seconds
2018-06-19T14:52:51.300+0200: 73,257: Total time for which application threads were stopped: 0,0000312 seconds, Stopping threads took: 0,0000118 seconds
2018-06-19T14:52:51.300+0200: 73,257: Total time for which application threads were stopped: 0,0000288 seconds, Stopping threads took: 0,0000092 seconds
2018-06-19T14:52:51.300+0200: 73,257: Total time for which application threads were stopped: 0,0000286 seconds, Stopping threads took: 0,0000091 seconds
2018-06-19T14:52:51.300+0200: 73,257: Total time for which application threads were stopped: 0,0000294 seconds, Stopping threads took: 0,0000101 seconds
2018-06-19T14:52:51.302+0200: 73,258: Total time for which application threads were stopped: 0,0000839 seconds, Stopping threads took: 0,0000322 seconds
2018-06-19T14:52:51.302+0200: 73,258: Total time for which application threads were stopped: 0,0000415 seconds, Stopping threads took: 0,0000186 seconds
2018-06-19T14:52:51.302+0200: 73,258: Total time for which application threads were stopped: 0,0000373 seconds, Stopping threads took: 0,0000157 seconds
2018-06-19T14:52:51.304+0200: 73,261: Total time for which application threads were stopped: 0,0001080 seconds, Stopping threads took: 0,0000254 seconds
Heap
 par new generation   total 109248K, used 67465K [0x00000000e0000000, 0x00000000e8000000, 0x00000000e8000000)
  eden space 87424K,  64% used [0x00000000e0000000, 0x00000000e36c8d10, 0x00000000e5560000)
  from space 21824K,  52% used [0x00000000e6ab0000, 0x00000000e75c9840, 0x00000000e8000000)
  to   space 21824K,   0% used [0x00000000e5560000, 0x00000000e5560000, 0x00000000e6ab0000)
 concurrent mark-sweep generation total 393216K, used 33451K [0x00000000e8000000, 0x0000000100000000, 0x0000000100000000)
 Metaspace       used 32035K, capacity 32684K, committed 33020K, reserved 1079296K
  class space    used 3604K, capacity 3817K, committed 3836K, reserved 1048576K
