OpenJDK 64-Bit Server VM (25.171-b11) for linux-amd64 JRE (1.8.0_171-8u171-b11-0ubuntu0.16.04.1-b11), built on Apr 27 2018 17:19:03 by "buildd" with gcc 5.4.0 20160609
Memory: 4k page, physical 7867608k(1671696k free), swap 8076284k(8076284k free)
CommandLine flags: -XX:CMSInitiatingOccupancyFraction=50 -XX:CMSMaxAbortablePrecleanTime=6000 -XX:+CMSParallelRemarkEnabled -XX:+CMSScavengeBeforeRemark -XX:ConcGCThreads=4 -XX:InitialHeapSize=536870912 -XX:MaxHeapSize=536870912 -XX:MaxTenuringThreshold=8 -XX:NewRatio=3 -XX:OldPLABSize=16 -XX:OnOutOfMemoryError=/home/gurnoor/workspace/QTM/solr/bin/oom_solr.sh 8983 /home/gurnoor/workspace/QTM/solr/server/logs -XX:ParallelGCThreads=4 -XX:+ParallelRefProcEnabled -XX:PretenureSizeThreshold=67108864 -XX:+PrintGC -XX:+PrintGCApplicationStoppedTime -XX:+PrintGCDateStamps -XX:+PrintGCDetails -XX:+PrintGCTimeStamps -XX:+PrintHeapAtGC -XX:+PrintTenuringDistribution -XX:SurvivorRatio=4 -XX:TargetSurvivorRatio=90 -XX:ThreadStackSize=256 -XX:+UseCMSInitiatingOccupancyOnly -XX:+UseCompressedClassPointers -XX:+UseCompressedOops -XX:+UseConcMarkSweepGC -XX:+UseParNewGC 
2018-05-31T10:20:19.939+0200: 0,118: Total time for which application threads were stopped: 0,0000739 seconds, Stopping threads took: 0,0000151 seconds
2018-05-31T10:20:20.002+0200: 0,181: Total time for which application threads were stopped: 0,0001330 seconds, Stopping threads took: 0,0000196 seconds
2018-05-31T10:20:20.015+0200: 0,194: Total time for which application threads were stopped: 0,0000842 seconds, Stopping threads took: 0,0000135 seconds
2018-05-31T10:20:20.143+0200: 0,322: Total time for which application threads were stopped: 0,0001742 seconds, Stopping threads took: 0,0000258 seconds
2018-05-31T10:20:20.309+0200: 0,488: Total time for which application threads were stopped: 0,0001445 seconds, Stopping threads took: 0,0000144 seconds
2018-05-31T10:20:20.360+0200: 0,539: Total time for which application threads were stopped: 0,0001597 seconds, Stopping threads took: 0,0000243 seconds
2018-05-31T10:20:20.383+0200: 0,562: Total time for which application threads were stopped: 0,0002389 seconds, Stopping threads took: 0,0000262 seconds
2018-05-31T10:20:20.573+0200: 0,752: Total time for which application threads were stopped: 0,0002064 seconds, Stopping threads took: 0,0000173 seconds
2018-05-31T10:20:20.782+0200: 0,961: Total time for which application threads were stopped: 0,0002712 seconds, Stopping threads took: 0,0000222 seconds
2018-05-31T10:20:20.827+0200: 1,006: Total time for which application threads were stopped: 0,0009143 seconds, Stopping threads took: 0,0001842 seconds
2018-05-31T10:20:20.876+0200: 1,056: Total time for which application threads were stopped: 0,0003602 seconds, Stopping threads took: 0,0000676 seconds
2018-05-31T10:20:20.879+0200: 1,058: Total time for which application threads were stopped: 0,0009670 seconds, Stopping threads took: 0,0000472 seconds
2018-05-31T10:20:20.939+0200: 1,119: Total time for which application threads were stopped: 0,0005944 seconds, Stopping threads took: 0,0000205 seconds
2018-05-31T10:20:21.102+0200: 1,282: Total time for which application threads were stopped: 0,0002309 seconds, Stopping threads took: 0,0000225 seconds
2018-05-31T10:20:21.258+0200: 1,437: Total time for which application threads were stopped: 0,0003128 seconds, Stopping threads took: 0,0000232 seconds
{Heap before GC invocations=0 (full 0):
 par new generation   total 109248K, used 87424K [0x00000000e0000000, 0x00000000e8000000, 0x00000000e8000000)
  eden space 87424K, 100% used [0x00000000e0000000, 0x00000000e5560000, 0x00000000e5560000)
  from space 21824K,   0% used [0x00000000e5560000, 0x00000000e5560000, 0x00000000e6ab0000)
  to   space 21824K,   0% used [0x00000000e6ab0000, 0x00000000e6ab0000, 0x00000000e8000000)
 concurrent mark-sweep generation total 393216K, used 0K [0x00000000e8000000, 0x0000000100000000, 0x0000000100000000)
 Metaspace       used 17832K, capacity 18184K, committed 18304K, reserved 1064960K
  class space    used 2023K, capacity 2166K, committed 2176K, reserved 1048576K
2018-05-31T10:20:21.298+0200: 1,477: [GC (Allocation Failure) 2018-05-31T10:20:21.298+0200: 1,477: [ParNew
Desired survivor size 20112992 bytes, new threshold 8 (max 8)
- age   1:   11527792 bytes,   11527792 total
: 87424K->11359K(109248K), 0,0116082 secs] 87424K->11359K(502464K), 0,0116876 secs] [Times: user=0,02 sys=0,03, real=0,01 secs] 
Heap after GC invocations=1 (full 0):
 par new generation   total 109248K, used 11359K [0x00000000e0000000, 0x00000000e8000000, 0x00000000e8000000)
  eden space 87424K,   0% used [0x00000000e0000000, 0x00000000e0000000, 0x00000000e5560000)
  from space 21824K,  52% used [0x00000000e6ab0000, 0x00000000e75c7e88, 0x00000000e8000000)
  to   space 21824K,   0% used [0x00000000e5560000, 0x00000000e5560000, 0x00000000e6ab0000)
 concurrent mark-sweep generation total 393216K, used 0K [0x00000000e8000000, 0x0000000100000000, 0x0000000100000000)
 Metaspace       used 17832K, capacity 18184K, committed 18304K, reserved 1064960K
  class space    used 2023K, capacity 2166K, committed 2176K, reserved 1048576K
}
2018-05-31T10:20:21.310+0200: 1,489: Total time for which application threads were stopped: 0,0119786 seconds, Stopping threads took: 0,0000632 seconds
2018-05-31T10:20:21.781+0200: 1,961: Total time for which application threads were stopped: 0,0006324 seconds, Stopping threads took: 0,0001503 seconds
{Heap before GC invocations=1 (full 0):
 par new generation   total 109248K, used 98783K [0x00000000e0000000, 0x00000000e8000000, 0x00000000e8000000)
  eden space 87424K, 100% used [0x00000000e0000000, 0x00000000e5560000, 0x00000000e5560000)
  from space 21824K,  52% used [0x00000000e6ab0000, 0x00000000e75c7e88, 0x00000000e8000000)
  to   space 21824K,   0% used [0x00000000e5560000, 0x00000000e5560000, 0x00000000e6ab0000)
 concurrent mark-sweep generation total 393216K, used 0K [0x00000000e8000000, 0x0000000100000000, 0x0000000100000000)
 Metaspace       used 20108K, capacity 20508K, committed 20736K, reserved 1067008K
  class space    used 2300K, capacity 2474K, committed 2560K, reserved 1048576K
2018-05-31T10:20:21.925+0200: 2,104: [GC (Allocation Failure) 2018-05-31T10:20:21.925+0200: 2,104: [ParNew
Desired survivor size 20112992 bytes, new threshold 8 (max 8)
- age   1:    3297728 bytes,    3297728 total
- age   2:    6001272 bytes,    9299000 total
: 98783K->12603K(109248K), 0,0284896 secs] 98783K->12603K(502464K), 0,0288432 secs] [Times: user=0,08 sys=0,00, real=0,02 secs] 
Heap after GC invocations=2 (full 0):
 par new generation   total 109248K, used 12603K [0x00000000e0000000, 0x00000000e8000000, 0x00000000e8000000)
  eden space 87424K,   0% used [0x00000000e0000000, 0x00000000e0000000, 0x00000000e5560000)
  from space 21824K,  57% used [0x00000000e5560000, 0x00000000e61aed90, 0x00000000e6ab0000)
  to   space 21824K,   0% used [0x00000000e6ab0000, 0x00000000e6ab0000, 0x00000000e8000000)
 concurrent mark-sweep generation total 393216K, used 0K [0x00000000e8000000, 0x0000000100000000, 0x0000000100000000)
 Metaspace       used 20108K, capacity 20508K, committed 20736K, reserved 1067008K
  class space    used 2300K, capacity 2474K, committed 2560K, reserved 1048576K
}
2018-05-31T10:20:21.954+0200: 2,133: Total time for which application threads were stopped: 0,0300395 seconds, Stopping threads took: 0,0004529 seconds
2018-05-31T10:20:21.969+0200: 2,148: Total time for which application threads were stopped: 0,0005324 seconds, Stopping threads took: 0,0000652 seconds
2018-05-31T10:20:22.047+0200: 2,227: Total time for which application threads were stopped: 0,0016467 seconds, Stopping threads took: 0,0013185 seconds
2018-05-31T10:20:22.311+0200: 2,490: Total time for which application threads were stopped: 0,0219101 seconds, Stopping threads took: 0,0211656 seconds
{Heap before GC invocations=2 (full 0):
 par new generation   total 109248K, used 100027K [0x00000000e0000000, 0x00000000e8000000, 0x00000000e8000000)
  eden space 87424K, 100% used [0x00000000e0000000, 0x00000000e5560000, 0x00000000e5560000)
  from space 21824K,  57% used [0x00000000e5560000, 0x00000000e61aed90, 0x00000000e6ab0000)
  to   space 21824K,   0% used [0x00000000e6ab0000, 0x00000000e6ab0000, 0x00000000e8000000)
 concurrent mark-sweep generation total 393216K, used 0K [0x00000000e8000000, 0x0000000100000000, 0x0000000100000000)
 Metaspace       used 20997K, capacity 21366K, committed 21628K, reserved 1069056K
  class space    used 2423K, capacity 2593K, committed 2684K, reserved 1048576K
2018-05-31T10:20:22.398+0200: 2,577: [GC (Allocation Failure) 2018-05-31T10:20:22.398+0200: 2,577: [ParNew
Desired survivor size 20112992 bytes, new threshold 8 (max 8)
- age   1:    2237424 bytes,    2237424 total
- age   2:     974072 bytes,    3211496 total
- age   3:    5999152 bytes,    9210648 total
: 100027K->11713K(109248K), 0,0309578 secs] 100027K->11713K(502464K), 0,0311212 secs] [Times: user=0,04 sys=0,01, real=0,03 secs] 
Heap after GC invocations=3 (full 0):
 par new generation   total 109248K, used 11713K [0x00000000e0000000, 0x00000000e8000000, 0x00000000e8000000)
  eden space 87424K,   0% used [0x00000000e0000000, 0x00000000e0000000, 0x00000000e5560000)
  from space 21824K,  53% used [0x00000000e6ab0000, 0x00000000e76204e0, 0x00000000e8000000)
  to   space 21824K,   0% used [0x00000000e5560000, 0x00000000e5560000, 0x00000000e6ab0000)
 concurrent mark-sweep generation total 393216K, used 0K [0x00000000e8000000, 0x0000000100000000, 0x0000000100000000)
 Metaspace       used 20997K, capacity 21366K, committed 21628K, reserved 1069056K
  class space    used 2423K, capacity 2593K, committed 2684K, reserved 1048576K
}
2018-05-31T10:20:22.429+0200: 2,609: Total time for which application threads were stopped: 0,0320719 seconds, Stopping threads took: 0,0006892 seconds
2018-05-31T10:20:22.433+0200: 2,612: [GC (CMS Initial Mark) [1 CMS-initial-mark: 0K(393216K)] 13887K(502464K), 0,0114839 secs] [Times: user=0,01 sys=0,00, real=0,01 secs] 
2018-05-31T10:20:22.444+0200: 2,624: Total time for which application threads were stopped: 0,0116692 seconds, Stopping threads took: 0,0000641 seconds
2018-05-31T10:20:22.444+0200: 2,624: [CMS-concurrent-mark-start]
2018-05-31T10:20:22.445+0200: 2,624: [CMS-concurrent-mark: 0,000/0,000 secs] [Times: user=0,00 sys=0,00, real=0,01 secs] 
2018-05-31T10:20:22.445+0200: 2,624: [CMS-concurrent-preclean-start]
2018-05-31T10:20:22.446+0200: 2,625: [CMS-concurrent-preclean: 0,001/0,001 secs] [Times: user=0,00 sys=0,00, real=0,00 secs] 
2018-05-31T10:20:22.446+0200: 2,625: [CMS-concurrent-abortable-preclean-start]
2018-05-31T10:20:22.509+0200: 2,688: Total time for which application threads were stopped: 0,0018568 seconds, Stopping threads took: 0,0017349 seconds
{Heap before GC invocations=3 (full 1):
 par new generation   total 109248K, used 99137K [0x00000000e0000000, 0x00000000e8000000, 0x00000000e8000000)
  eden space 87424K, 100% used [0x00000000e0000000, 0x00000000e5560000, 0x00000000e5560000)
  from space 21824K,  53% used [0x00000000e6ab0000, 0x00000000e76204e0, 0x00000000e8000000)
  to   space 21824K,   0% used [0x00000000e5560000, 0x00000000e5560000, 0x00000000e6ab0000)
 concurrent mark-sweep generation total 393216K, used 0K [0x00000000e8000000, 0x0000000100000000, 0x0000000100000000)
 Metaspace       used 21285K, capacity 21718K, committed 21884K, reserved 1069056K
  class space    used 2454K, capacity 2610K, committed 2684K, reserved 1048576K
2018-05-31T10:20:22.649+0200: 2,828: [GC (Allocation Failure) 2018-05-31T10:20:22.649+0200: 2,828: [ParNew
Desired survivor size 20112992 bytes, new threshold 8 (max 8)
- age   1:     970144 bytes,     970144 total
- age   2:    1443680 bytes,    2413824 total
- age   3:     972336 bytes,    3386160 total
- age   4:    5999368 bytes,    9385528 total
: 99137K->10517K(109248K), 0,0286568 secs] 99137K->10517K(502464K), 0,0287491 secs] [Times: user=0,06 sys=0,00, real=0,03 secs] 
Heap after GC invocations=4 (full 1):
 par new generation   total 109248K, used 10517K [0x00000000e0000000, 0x00000000e8000000, 0x00000000e8000000)
  eden space 87424K,   0% used [0x00000000e0000000, 0x00000000e0000000, 0x00000000e5560000)
  from space 21824K,  48% used [0x00000000e5560000, 0x00000000e5fa5680, 0x00000000e6ab0000)
  to   space 21824K,   0% used [0x00000000e6ab0000, 0x00000000e6ab0000, 0x00000000e8000000)
 concurrent mark-sweep generation total 393216K, used 0K [0x00000000e8000000, 0x0000000100000000, 0x0000000100000000)
 Metaspace       used 21285K, capacity 21718K, committed 21884K, reserved 1069056K
  class space    used 2454K, capacity 2610K, committed 2684K, reserved 1048576K
}
2018-05-31T10:20:22.678+0200: 2,857: Total time for which application threads were stopped: 0,0290350 seconds, Stopping threads took: 0,0000614 seconds
2018-05-31T10:20:22.779+0200: 2,958: [CMS-concurrent-abortable-preclean: 0,102/0,333 secs] [Times: user=0,91 sys=0,00, real=0,33 secs] 
2018-05-31T10:20:22.779+0200: 2,959: [GC (CMS Final Remark) [YG occupancy: 66807 K (109248 K)]{Heap before GC invocations=4 (full 1):
 par new generation   total 109248K, used 66807K [0x00000000e0000000, 0x00000000e8000000, 0x00000000e8000000)
  eden space 87424K,  64% used [0x00000000e0000000, 0x00000000e36f8760, 0x00000000e5560000)
  from space 21824K,  48% used [0x00000000e5560000, 0x00000000e5fa5680, 0x00000000e6ab0000)
  to   space 21824K,   0% used [0x00000000e6ab0000, 0x00000000e6ab0000, 0x00000000e8000000)
 concurrent mark-sweep generation total 393216K, used 0K [0x00000000e8000000, 0x0000000100000000, 0x0000000100000000)
 Metaspace       used 21382K, capacity 21814K, committed 21884K, reserved 1069056K
  class space    used 2466K, capacity 2642K, committed 2684K, reserved 1048576K
2018-05-31T10:20:22.779+0200: 2,959: [GC (CMS Final Remark) 2018-05-31T10:20:22.779+0200: 2,959: [ParNew
Desired survivor size 20112992 bytes, new threshold 8 (max 8)
- age   1:     452600 bytes,     452600 total
- age   2:     185064 bytes,     637664 total
- age   3:    1443416 bytes,    2081080 total
- age   4:     968448 bytes,    3049528 total
- age   5:    5999152 bytes,    9048680 total
: 66807K->12063K(109248K), 0,0197147 secs] 66807K->12063K(502464K), 0,0197651 secs] [Times: user=0,06 sys=0,00, real=0,02 secs] 
Heap after GC invocations=5 (full 1):
 par new generation   total 109248K, used 12063K [0x00000000e0000000, 0x00000000e8000000, 0x00000000e8000000)
  eden space 87424K,   0% used [0x00000000e0000000, 0x00000000e0000000, 0x00000000e5560000)
  from space 21824K,  55% used [0x00000000e6ab0000, 0x00000000e7677fc0, 0x00000000e8000000)
  to   space 21824K,   0% used [0x00000000e5560000, 0x00000000e5560000, 0x00000000e6ab0000)
 concurrent mark-sweep generation total 393216K, used 0K [0x00000000e8000000, 0x0000000100000000, 0x0000000100000000)
 Metaspace       used 21382K, capacity 21814K, committed 21884K, reserved 1069056K
  class space    used 2466K, capacity 2642K, committed 2684K, reserved 1048576K
}
2018-05-31T10:20:22.799+0200: 2,978: [Rescan (parallel) , 0,0073026 secs]2018-05-31T10:20:22.806+0200: 2,986: [weak refs processing, 0,0084342 secs]2018-05-31T10:20:22.815+0200: 2,994: [class unloading, 0,0032479 secs]2018-05-31T10:20:22.818+0200: 2,997: [scrub symbol table, 0,0032287 secs]2018-05-31T10:20:22.821+0200: 3,001: [scrub string table, 0,0003912 secs][1 CMS-remark: 0K(393216K)] 12063K(502464K), 0,0431155 secs] [Times: user=0,10 sys=0,00, real=0,04 secs] 
2018-05-31T10:20:22.822+0200: 3,002: Total time for which application threads were stopped: 0,0433086 seconds, Stopping threads took: 0,0000888 seconds
2018-05-31T10:20:22.825+0200: 3,004: [CMS-concurrent-sweep-start]
2018-05-31T10:20:22.825+0200: 3,004: [CMS-concurrent-sweep: 0,000/0,000 secs] [Times: user=0,00 sys=0,00, real=0,00 secs] 
2018-05-31T10:20:22.825+0200: 3,004: [CMS-concurrent-reset-start]
2018-05-31T10:20:22.832+0200: 3,011: [CMS-concurrent-reset: 0,007/0,007 secs] [Times: user=0,02 sys=0,00, real=0,00 secs] 
2018-05-31T10:20:22.922+0200: 3,101: Total time for which application threads were stopped: 0,0004531 seconds, Stopping threads took: 0,0000486 seconds
2018-05-31T10:20:23.469+0200: 3,648: Total time for which application threads were stopped: 0,0011599 seconds, Stopping threads took: 0,0005408 seconds
2018-05-31T10:20:23.486+0200: 3,666: Total time for which application threads were stopped: 0,0004519 seconds, Stopping threads took: 0,0000467 seconds
{Heap before GC invocations=5 (full 1):
 par new generation   total 109248K, used 99487K [0x00000000e0000000, 0x00000000e8000000, 0x00000000e8000000)
  eden space 87424K, 100% used [0x00000000e0000000, 0x00000000e5560000, 0x00000000e5560000)
  from space 21824K,  55% used [0x00000000e6ab0000, 0x00000000e7677fc0, 0x00000000e8000000)
  to   space 21824K,   0% used [0x00000000e5560000, 0x00000000e5560000, 0x00000000e6ab0000)
 concurrent mark-sweep generation total 393216K, used 0K [0x00000000e8000000, 0x0000000100000000, 0x0000000100000000)
 Metaspace       used 24398K, capacity 24778K, committed 24828K, reserved 1071104K
  class space    used 2868K, capacity 3052K, committed 3068K, reserved 1048576K
2018-05-31T10:20:23.684+0200: 3,863: [GC (Allocation Failure) 2018-05-31T10:20:23.684+0200: 3,863: [ParNew
Desired survivor size 20112992 bytes, new threshold 8 (max 8)
- age   1:    4509432 bytes,    4509432 total
- age   2:      61448 bytes,    4570880 total
- age   3:     183088 bytes,    4753968 total
- age   4:     272816 bytes,    5026784 total
- age   5:     948736 bytes,    5975520 total
- age   6:    5995096 bytes,   11970616 total
: 99487K->14642K(109248K), 0,0125430 secs] 99487K->14642K(502464K), 0,0126323 secs] [Times: user=0,05 sys=0,00, real=0,01 secs] 
Heap after GC invocations=6 (full 1):
 par new generation   total 109248K, used 14642K [0x00000000e0000000, 0x00000000e8000000, 0x00000000e8000000)
  eden space 87424K,   0% used [0x00000000e0000000, 0x00000000e0000000, 0x00000000e5560000)
  from space 21824K,  67% used [0x00000000e5560000, 0x00000000e63ac820, 0x00000000e6ab0000)
  to   space 21824K,   0% used [0x00000000e6ab0000, 0x00000000e6ab0000, 0x00000000e8000000)
 concurrent mark-sweep generation total 393216K, used 0K [0x00000000e8000000, 0x0000000100000000, 0x0000000100000000)
 Metaspace       used 24398K, capacity 24778K, committed 24828K, reserved 1071104K
  class space    used 2868K, capacity 3052K, committed 3068K, reserved 1048576K
}
2018-05-31T10:20:23.696+0200: 3,876: Total time for which application threads were stopped: 0,0129624 seconds, Stopping threads took: 0,0000571 seconds
2018-05-31T10:20:23.891+0200: 4,071: Total time for which application threads were stopped: 0,0029424 seconds, Stopping threads took: 0,0025573 seconds
2018-05-31T10:20:23.895+0200: 4,074: Total time for which application threads were stopped: 0,0001842 seconds, Stopping threads took: 0,0000460 seconds
2018-05-31T10:20:23.895+0200: 4,074: Total time for which application threads were stopped: 0,0000798 seconds, Stopping threads took: 0,0000140 seconds
2018-05-31T10:20:23.895+0200: 4,074: Total time for which application threads were stopped: 0,0001592 seconds, Stopping threads took: 0,0000937 seconds
2018-05-31T10:20:23.895+0200: 4,075: Total time for which application threads were stopped: 0,0000785 seconds, Stopping threads took: 0,0000196 seconds
2018-05-31T10:20:23.895+0200: 4,075: Total time for which application threads were stopped: 0,0001180 seconds, Stopping threads took: 0,0000620 seconds
2018-05-31T10:20:23.896+0200: 4,076: Total time for which application threads were stopped: 0,0008628 seconds, Stopping threads took: 0,0007813 seconds
2018-05-31T10:20:23.897+0200: 4,076: Total time for which application threads were stopped: 0,0000632 seconds, Stopping threads took: 0,0000219 seconds
2018-05-31T10:20:23.897+0200: 4,076: Total time for which application threads were stopped: 0,0000903 seconds, Stopping threads took: 0,0000461 seconds
2018-05-31T10:20:23.897+0200: 4,076: Total time for which application threads were stopped: 0,0001157 seconds, Stopping threads took: 0,0000443 seconds
2018-05-31T10:20:23.897+0200: 4,076: Total time for which application threads were stopped: 0,0000814 seconds, Stopping threads took: 0,0000290 seconds
2018-05-31T10:20:23.897+0200: 4,077: Total time for which application threads were stopped: 0,0000938 seconds, Stopping threads took: 0,0000158 seconds
2018-05-31T10:20:23.898+0200: 4,077: Total time for which application threads were stopped: 0,0001033 seconds, Stopping threads took: 0,0000513 seconds
2018-05-31T10:20:23.898+0200: 4,077: Total time for which application threads were stopped: 0,0000420 seconds, Stopping threads took: 0,0000097 seconds
2018-05-31T10:20:23.898+0200: 4,077: Total time for which application threads were stopped: 0,0000500 seconds, Stopping threads took: 0,0000153 seconds
2018-05-31T10:20:23.898+0200: 4,077: Total time for which application threads were stopped: 0,0000413 seconds, Stopping threads took: 0,0000098 seconds
2018-05-31T10:20:23.898+0200: 4,077: Total time for which application threads were stopped: 0,0000427 seconds, Stopping threads took: 0,0000082 seconds
2018-05-31T10:20:23.898+0200: 4,077: Total time for which application threads were stopped: 0,0000392 seconds, Stopping threads took: 0,0000079 seconds
2018-05-31T10:20:23.898+0200: 4,077: Total time for which application threads were stopped: 0,0000398 seconds, Stopping threads took: 0,0000078 seconds
2018-05-31T10:20:23.898+0200: 4,078: Total time for which application threads were stopped: 0,0001137 seconds, Stopping threads took: 0,0000085 seconds
2018-05-31T10:20:23.899+0200: 4,079: Total time for which application threads were stopped: 0,0000930 seconds, Stopping threads took: 0,0000241 seconds
2018-05-31T10:20:23.901+0200: 4,080: Total time for which application threads were stopped: 0,0001391 seconds, Stopping threads took: 0,0000460 seconds
2018-05-31T10:20:23.905+0200: 4,084: Total time for which application threads were stopped: 0,0001639 seconds, Stopping threads took: 0,0000543 seconds
2018-05-31T10:20:23.907+0200: 4,087: Total time for which application threads were stopped: 0,0004284 seconds, Stopping threads took: 0,0003121 seconds
2018-05-31T10:20:23.909+0200: 4,088: Total time for which application threads were stopped: 0,0001434 seconds, Stopping threads took: 0,0000527 seconds
2018-05-31T10:20:23.912+0200: 4,092: Total time for which application threads were stopped: 0,0003038 seconds, Stopping threads took: 0,0001781 seconds
2018-05-31T10:20:23.914+0200: 4,093: Total time for which application threads were stopped: 0,0003338 seconds, Stopping threads took: 0,0001794 seconds
2018-05-31T10:20:23.914+0200: 4,093: Total time for which application threads were stopped: 0,0001773 seconds, Stopping threads took: 0,0000551 seconds
2018-05-31T10:20:23.914+0200: 4,094: Total time for which application threads were stopped: 0,0000888 seconds, Stopping threads took: 0,0000135 seconds
2018-05-31T10:20:23.915+0200: 4,094: Total time for which application threads were stopped: 0,0001563 seconds, Stopping threads took: 0,0000221 seconds
2018-05-31T10:20:23.915+0200: 4,094: Total time for which application threads were stopped: 0,0000892 seconds, Stopping threads took: 0,0000186 seconds
2018-05-31T10:20:23.915+0200: 4,094: Total time for which application threads were stopped: 0,0000823 seconds, Stopping threads took: 0,0000178 seconds
2018-05-31T10:20:23.918+0200: 4,097: Total time for which application threads were stopped: 0,0007018 seconds, Stopping threads took: 0,0001958 seconds
2018-05-31T10:20:23.919+0200: 4,098: Total time for which application threads were stopped: 0,0005286 seconds, Stopping threads took: 0,0001187 seconds
2018-05-31T10:20:23.919+0200: 4,098: Total time for which application threads were stopped: 0,0001001 seconds, Stopping threads took: 0,0000226 seconds
2018-05-31T10:20:23.919+0200: 4,099: Total time for which application threads were stopped: 0,0000736 seconds, Stopping threads took: 0,0000133 seconds
2018-05-31T10:20:23.920+0200: 4,099: Total time for which application threads were stopped: 0,0003027 seconds, Stopping threads took: 0,0002495 seconds
2018-05-31T10:20:23.920+0200: 4,099: Total time for which application threads were stopped: 0,0002591 seconds, Stopping threads took: 0,0000544 seconds
2018-05-31T10:20:23.921+0200: 4,100: Total time for which application threads were stopped: 0,0000714 seconds, Stopping threads took: 0,0000189 seconds
2018-05-31T10:20:23.921+0200: 4,101: Total time for which application threads were stopped: 0,0002451 seconds, Stopping threads took: 0,0001637 seconds
2018-05-31T10:20:23.922+0200: 4,101: Total time for which application threads were stopped: 0,0001657 seconds, Stopping threads took: 0,0000597 seconds
2018-05-31T10:20:23.922+0200: 4,101: Total time for which application threads were stopped: 0,0001431 seconds, Stopping threads took: 0,0000704 seconds
2018-05-31T10:20:23.922+0200: 4,101: Total time for which application threads were stopped: 0,0000838 seconds, Stopping threads took: 0,0000365 seconds
2018-05-31T10:20:23.922+0200: 4,101: Total time for which application threads were stopped: 0,0000488 seconds, Stopping threads took: 0,0000203 seconds
2018-05-31T10:20:23.923+0200: 4,102: Total time for which application threads were stopped: 0,0001275 seconds, Stopping threads took: 0,0000644 seconds
2018-05-31T10:20:23.923+0200: 4,102: Total time for which application threads were stopped: 0,0001110 seconds, Stopping threads took: 0,0000208 seconds
2018-05-31T10:20:23.923+0200: 4,102: Total time for which application threads were stopped: 0,0001075 seconds, Stopping threads took: 0,0000335 seconds
2018-05-31T10:20:23.926+0200: 4,105: Total time for which application threads were stopped: 0,0004028 seconds, Stopping threads took: 0,0002840 seconds
2018-05-31T10:20:23.931+0200: 4,111: Total time for which application threads were stopped: 0,0001504 seconds, Stopping threads took: 0,0000356 seconds
2018-05-31T10:20:23.933+0200: 4,112: Total time for which application threads were stopped: 0,0009915 seconds, Stopping threads took: 0,0009229 seconds
2018-05-31T10:20:23.933+0200: 4,112: Total time for which application threads were stopped: 0,0000719 seconds, Stopping threads took: 0,0000389 seconds
2018-05-31T10:20:23.934+0200: 4,114: Total time for which application threads were stopped: 0,0015224 seconds, Stopping threads took: 0,0013620 seconds
2018-05-31T10:20:23.935+0200: 4,115: Total time for which application threads were stopped: 0,0005183 seconds, Stopping threads took: 0,0004285 seconds
2018-05-31T10:20:23.936+0200: 4,115: Total time for which application threads were stopped: 0,0002191 seconds, Stopping threads took: 0,0001741 seconds
2018-05-31T10:20:23.936+0200: 4,116: Total time for which application threads were stopped: 0,0001784 seconds, Stopping threads took: 0,0000961 seconds
2018-05-31T10:20:23.937+0200: 4,116: Total time for which application threads were stopped: 0,0003912 seconds, Stopping threads took: 0,0003411 seconds
2018-05-31T10:20:23.937+0200: 4,117: Total time for which application threads were stopped: 0,0005539 seconds, Stopping threads took: 0,0004384 seconds
2018-05-31T10:20:23.939+0200: 4,118: Total time for which application threads were stopped: 0,0001377 seconds, Stopping threads took: 0,0000486 seconds
2018-05-31T10:20:23.947+0200: 4,126: Total time for which application threads were stopped: 0,0020418 seconds, Stopping threads took: 0,0019530 seconds
2018-05-31T10:20:23.947+0200: 4,127: Total time for which application threads were stopped: 0,0001430 seconds, Stopping threads took: 0,0000407 seconds
2018-05-31T10:20:23.948+0200: 4,127: Total time for which application threads were stopped: 0,0000901 seconds, Stopping threads took: 0,0000305 seconds
2018-05-31T10:20:23.948+0200: 4,127: Total time for which application threads were stopped: 0,0001510 seconds, Stopping threads took: 0,0001037 seconds
2018-05-31T10:20:23.948+0200: 4,127: Total time for which application threads were stopped: 0,0000616 seconds, Stopping threads took: 0,0000250 seconds
2018-05-31T10:20:23.948+0200: 4,128: Total time for which application threads were stopped: 0,0001130 seconds, Stopping threads took: 0,0000424 seconds
2018-05-31T10:20:23.949+0200: 4,128: Total time for which application threads were stopped: 0,0000829 seconds, Stopping threads took: 0,0000249 seconds
2018-05-31T10:20:23.950+0200: 4,129: Total time for which application threads were stopped: 0,0001578 seconds, Stopping threads took: 0,0000785 seconds
2018-05-31T10:20:23.950+0200: 4,129: Total time for which application threads were stopped: 0,0000728 seconds, Stopping threads took: 0,0000244 seconds
2018-05-31T10:20:23.950+0200: 4,130: Total time for which application threads were stopped: 0,0000584 seconds, Stopping threads took: 0,0000139 seconds
2018-05-31T10:20:23.950+0200: 4,130: Total time for which application threads were stopped: 0,0001083 seconds, Stopping threads took: 0,0000497 seconds
2018-05-31T10:20:23.951+0200: 4,130: Total time for which application threads were stopped: 0,0000589 seconds, Stopping threads took: 0,0000251 seconds
2018-05-31T10:20:23.951+0200: 4,130: Total time for which application threads were stopped: 0,0000953 seconds, Stopping threads took: 0,0000349 seconds
2018-05-31T10:20:23.951+0200: 4,130: Total time for which application threads were stopped: 0,0000725 seconds, Stopping threads took: 0,0000237 seconds
2018-05-31T10:20:23.951+0200: 4,130: Total time for which application threads were stopped: 0,0000891 seconds, Stopping threads took: 0,0000290 seconds
2018-05-31T10:20:23.951+0200: 4,130: Total time for which application threads were stopped: 0,0000667 seconds, Stopping threads took: 0,0000262 seconds
2018-05-31T10:20:23.951+0200: 4,130: Total time for which application threads were stopped: 0,0000661 seconds, Stopping threads took: 0,0000231 seconds
2018-05-31T10:20:23.951+0200: 4,131: Total time for which application threads were stopped: 0,0000758 seconds, Stopping threads took: 0,0000137 seconds
2018-05-31T10:20:23.952+0200: 4,131: Total time for which application threads were stopped: 0,0002323 seconds, Stopping threads took: 0,0000130 seconds
2018-05-31T10:20:23.965+0200: 4,144: Total time for which application threads were stopped: 0,0001521 seconds, Stopping threads took: 0,0000430 seconds
2018-05-31T10:20:23.969+0200: 4,148: Total time for which application threads were stopped: 0,0001313 seconds, Stopping threads took: 0,0000473 seconds
2018-05-31T10:20:23.970+0200: 4,149: Total time for which application threads were stopped: 0,0003086 seconds, Stopping threads took: 0,0002329 seconds
2018-05-31T10:20:23.979+0200: 4,158: Total time for which application threads were stopped: 0,0001483 seconds, Stopping threads took: 0,0000642 seconds
2018-05-31T10:20:23.981+0200: 4,160: Total time for which application threads were stopped: 0,0011985 seconds, Stopping threads took: 0,0010845 seconds
2018-05-31T10:20:24.010+0200: 4,189: Total time for which application threads were stopped: 0,0001488 seconds, Stopping threads took: 0,0000719 seconds
2018-05-31T10:20:24.058+0200: 4,238: Total time for which application threads were stopped: 0,0001400 seconds, Stopping threads took: 0,0000390 seconds
2018-05-31T10:20:24.117+0200: 4,296: Total time for which application threads were stopped: 0,0005960 seconds, Stopping threads took: 0,0000328 seconds
2018-05-31T10:20:24.135+0200: 4,314: Total time for which application threads were stopped: 0,0004469 seconds, Stopping threads took: 0,0000297 seconds
2018-05-31T10:20:24.231+0200: 4,410: Total time for which application threads were stopped: 0,0007203 seconds, Stopping threads took: 0,0001956 seconds
2018-05-31T10:20:24.233+0200: 4,412: Total time for which application threads were stopped: 0,0003584 seconds, Stopping threads took: 0,0002537 seconds
2018-05-31T10:20:24.239+0200: 4,419: Total time for which application threads were stopped: 0,0025357 seconds, Stopping threads took: 0,0024388 seconds
2018-05-31T10:20:24.246+0200: 4,425: Total time for which application threads were stopped: 0,0001390 seconds, Stopping threads took: 0,0000534 seconds
2018-05-31T10:20:24.269+0200: 4,448: Total time for which application threads were stopped: 0,0003679 seconds, Stopping threads took: 0,0002507 seconds
2018-05-31T10:20:24.311+0200: 4,490: Total time for which application threads were stopped: 0,0041785 seconds, Stopping threads took: 0,0040409 seconds
2018-05-31T10:20:24.359+0200: 4,538: Total time for which application threads were stopped: 0,0005646 seconds, Stopping threads took: 0,0000472 seconds
{Heap before GC invocations=6 (full 1):
 par new generation   total 109248K, used 102066K [0x00000000e0000000, 0x00000000e8000000, 0x00000000e8000000)
  eden space 87424K, 100% used [0x00000000e0000000, 0x00000000e5560000, 0x00000000e5560000)
  from space 21824K,  67% used [0x00000000e5560000, 0x00000000e63ac820, 0x00000000e6ab0000)
  to   space 21824K,   0% used [0x00000000e6ab0000, 0x00000000e6ab0000, 0x00000000e8000000)
 concurrent mark-sweep generation total 393216K, used 0K [0x00000000e8000000, 0x0000000100000000, 0x0000000100000000)
 Metaspace       used 27970K, capacity 28586K, committed 28796K, reserved 1075200K
  class space    used 3228K, capacity 3426K, committed 3452K, reserved 1048576K
2018-05-31T10:20:24.528+0200: 4,708: [GC (Allocation Failure) 2018-05-31T10:20:24.528+0200: 4,708: [ParNew
Desired survivor size 20112992 bytes, new threshold 7 (max 8)
- age   1:   13454200 bytes,   13454200 total
- age   2:    1611640 bytes,   15065840 total
- age   3:      48656 bytes,   15114496 total
- age   4:     154680 bytes,   15269176 total
- age   5:     238816 bytes,   15507992 total
- age   6:     893520 bytes,   16401512 total
- age   7:    5936208 bytes,   22337720 total
: 102066K->21824K(109248K), 0,0306535 secs] 102066K->24205K(502464K), 0,0307351 secs] [Times: user=0,11 sys=0,01, real=0,03 secs] 
Heap after GC invocations=7 (full 1):
 par new generation   total 109248K, used 21824K [0x00000000e0000000, 0x00000000e8000000, 0x00000000e8000000)
  eden space 87424K,   0% used [0x00000000e0000000, 0x00000000e0000000, 0x00000000e5560000)
  from space 21824K, 100% used [0x00000000e6ab0000, 0x00000000e8000000, 0x00000000e8000000)
  to   space 21824K,   0% used [0x00000000e5560000, 0x00000000e5560000, 0x00000000e6ab0000)
 concurrent mark-sweep generation total 393216K, used 2381K [0x00000000e8000000, 0x0000000100000000, 0x0000000100000000)
 Metaspace       used 27970K, capacity 28586K, committed 28796K, reserved 1075200K
  class space    used 3228K, capacity 3426K, committed 3452K, reserved 1048576K
}
2018-05-31T10:20:24.559+0200: 4,738: Total time for which application threads were stopped: 0,0310509 seconds, Stopping threads took: 0,0001032 seconds
2018-05-31T10:20:24.573+0200: 4,752: Total time for which application threads were stopped: 0,0037158 seconds, Stopping threads took: 0,0035892 seconds
2018-05-31T10:20:24.573+0200: 4,752: Total time for which application threads were stopped: 0,0001423 seconds, Stopping threads took: 0,0000590 seconds
2018-05-31T10:20:24.573+0200: 4,753: Total time for which application threads were stopped: 0,0001410 seconds, Stopping threads took: 0,0000606 seconds
{Heap before GC invocations=7 (full 1):
 par new generation   total 109248K, used 109248K [0x00000000e0000000, 0x00000000e8000000, 0x00000000e8000000)
  eden space 87424K, 100% used [0x00000000e0000000, 0x00000000e5560000, 0x00000000e5560000)
  from space 21824K, 100% used [0x00000000e6ab0000, 0x00000000e8000000, 0x00000000e8000000)
  to   space 21824K,   0% used [0x00000000e5560000, 0x00000000e5560000, 0x00000000e6ab0000)
 concurrent mark-sweep generation total 393216K, used 2381K [0x00000000e8000000, 0x0000000100000000, 0x0000000100000000)
 Metaspace       used 28020K, capacity 28656K, committed 28796K, reserved 1075200K
  class space    used 3228K, capacity 3427K, committed 3452K, reserved 1048576K
2018-05-31T10:20:24.740+0200: 4,919: [GC (Allocation Failure) 2018-05-31T10:20:24.740+0200: 4,919: [ParNew
Desired survivor size 20112992 bytes, new threshold 8 (max 8)
- age   1:    1383544 bytes,    1383544 total
- age   2:   11984224 bytes,   13367768 total
- age   3:    1599872 bytes,   14967640 total
- age   4:      48288 bytes,   15015928 total
- age   5:     154512 bytes,   15170440 total
- age   6:     233776 bytes,   15404216 total
- age   7:     860368 bytes,   16264584 total
: 109248K->21824K(109248K), 0,0469908 secs] 111629K->30681K(502464K), 0,0470737 secs] [Times: user=0,17 sys=0,01, real=0,05 secs] 
Heap after GC invocations=8 (full 1):
 par new generation   total 109248K, used 21824K [0x00000000e0000000, 0x00000000e8000000, 0x00000000e8000000)
  eden space 87424K,   0% used [0x00000000e0000000, 0x00000000e0000000, 0x00000000e5560000)
  from space 21824K, 100% used [0x00000000e5560000, 0x00000000e6ab0000, 0x00000000e6ab0000)
  to   space 21824K,   0% used [0x00000000e6ab0000, 0x00000000e6ab0000, 0x00000000e8000000)
 concurrent mark-sweep generation total 393216K, used 8857K [0x00000000e8000000, 0x0000000100000000, 0x0000000100000000)
 Metaspace       used 28020K, capacity 28656K, committed 28796K, reserved 1075200K
  class space    used 3228K, capacity 3427K, committed 3452K, reserved 1048576K
}
2018-05-31T10:20:24.787+0200: 4,966: Total time for which application threads were stopped: 0,0473866 seconds, Stopping threads took: 0,0000955 seconds
{Heap before GC invocations=8 (full 1):
 par new generation   total 109248K, used 109248K [0x00000000e0000000, 0x00000000e8000000, 0x00000000e8000000)
  eden space 87424K, 100% used [0x00000000e0000000, 0x00000000e5560000, 0x00000000e5560000)
  from space 21824K, 100% used [0x00000000e5560000, 0x00000000e6ab0000, 0x00000000e6ab0000)
  to   space 21824K,   0% used [0x00000000e6ab0000, 0x00000000e6ab0000, 0x00000000e8000000)
 concurrent mark-sweep generation total 393216K, used 8857K [0x00000000e8000000, 0x0000000100000000, 0x0000000100000000)
 Metaspace       used 28085K, capacity 28752K, committed 29052K, reserved 1075200K
  class space    used 3232K, capacity 3433K, committed 3452K, reserved 1048576K
2018-05-31T10:20:24.960+0200: 5,140: [GC (Allocation Failure) 2018-05-31T10:20:24.960+0200: 5,140: [ParNew
Desired survivor size 20112992 bytes, new threshold 8 (max 8)
- age   1:     421912 bytes,     421912 total
- age   2:     927248 bytes,    1349160 total
- age   3:   11984224 bytes,   13333384 total
- age   4:    1599872 bytes,   14933256 total
- age   5:      48288 bytes,   14981544 total
- age   6:     154304 bytes,   15135848 total
- age   7:     233736 bytes,   15369584 total
- age   8:     860368 bytes,   16229952 total
: 109248K->21824K(109248K), 0,0372826 secs] 118105K->30681K(502464K), 0,0373743 secs] [Times: user=0,13 sys=0,00, real=0,04 secs] 
Heap after GC invocations=9 (full 1):
 par new generation   total 109248K, used 21824K [0x00000000e0000000, 0x00000000e8000000, 0x00000000e8000000)
  eden space 87424K,   0% used [0x00000000e0000000, 0x00000000e0000000, 0x00000000e5560000)
  from space 21824K, 100% used [0x00000000e6ab0000, 0x00000000e8000000, 0x00000000e8000000)
  to   space 21824K,   0% used [0x00000000e5560000, 0x00000000e5560000, 0x00000000e6ab0000)
 concurrent mark-sweep generation total 393216K, used 8857K [0x00000000e8000000, 0x0000000100000000, 0x0000000100000000)
 Metaspace       used 28085K, capacity 28752K, committed 29052K, reserved 1075200K
  class space    used 3232K, capacity 3433K, committed 3452K, reserved 1048576K
}
2018-05-31T10:20:24.998+0200: 5,177: Total time for which application threads were stopped: 0,0436428 seconds, Stopping threads took: 0,0060637 seconds
2018-05-31T10:20:25.155+0200: 5,334: Total time for which application threads were stopped: 0,0002403 seconds, Stopping threads took: 0,0000919 seconds
2018-05-31T10:20:25.181+0200: 5,360: Total time for which application threads were stopped: 0,0042257 seconds, Stopping threads took: 0,0041143 seconds
2018-05-31T10:20:25.185+0200: 5,365: Total time for which application threads were stopped: 0,0007273 seconds, Stopping threads took: 0,0006305 seconds
2018-05-31T10:20:25.205+0200: 5,384: Total time for which application threads were stopped: 0,0001949 seconds, Stopping threads took: 0,0000634 seconds
2018-05-31T10:20:26.210+0200: 6,389: Total time for which application threads were stopped: 0,0004232 seconds, Stopping threads took: 0,0001072 seconds
2018-05-31T10:20:50.626+0200: 30,805: Total time for which application threads were stopped: 0,0004412 seconds, Stopping threads took: 0,0000223 seconds
2018-05-31T10:20:51.626+0200: 31,805: Total time for which application threads were stopped: 0,0003594 seconds, Stopping threads took: 0,0000749 seconds
2018-05-31T10:20:51.925+0200: 32,105: Total time for which application threads were stopped: 0,0028596 seconds, Stopping threads took: 0,0022182 seconds
2018-05-31T10:20:51.926+0200: 32,106: Total time for which application threads were stopped: 0,0006182 seconds, Stopping threads took: 0,0000582 seconds
2018-05-31T10:20:51.930+0200: 32,109: Total time for which application threads were stopped: 0,0018725 seconds, Stopping threads took: 0,0012174 seconds
2018-05-31T10:20:51.935+0200: 32,114: Total time for which application threads were stopped: 0,0001543 seconds, Stopping threads took: 0,0000422 seconds
2018-05-31T10:20:51.941+0200: 32,120: Total time for which application threads were stopped: 0,0004084 seconds, Stopping threads took: 0,0003059 seconds
2018-05-31T10:20:51.941+0200: 32,121: Total time for which application threads were stopped: 0,0001034 seconds, Stopping threads took: 0,0000166 seconds
2018-05-31T10:20:51.942+0200: 32,121: Total time for which application threads were stopped: 0,0001684 seconds, Stopping threads took: 0,0000492 seconds
2018-05-31T10:20:51.987+0200: 32,167: Total time for which application threads were stopped: 0,0001821 seconds, Stopping threads took: 0,0000744 seconds
2018-05-31T10:20:51.988+0200: 32,167: Total time for which application threads were stopped: 0,0001119 seconds, Stopping threads took: 0,0000345 seconds
2018-05-31T10:20:51.988+0200: 32,168: Total time for which application threads were stopped: 0,0000811 seconds, Stopping threads took: 0,0000310 seconds
2018-05-31T10:20:51.988+0200: 32,168: Total time for which application threads were stopped: 0,0000657 seconds, Stopping threads took: 0,0000176 seconds
2018-05-31T10:20:51.989+0200: 32,168: Total time for which application threads were stopped: 0,0000729 seconds, Stopping threads took: 0,0000190 seconds
2018-05-31T10:20:51.990+0200: 32,169: Total time for which application threads were stopped: 0,0000801 seconds, Stopping threads took: 0,0000228 seconds
2018-05-31T10:20:51.990+0200: 32,169: Total time for which application threads were stopped: 0,0000329 seconds, Stopping threads took: 0,0000067 seconds
2018-05-31T10:20:51.990+0200: 32,169: Total time for which application threads were stopped: 0,0000587 seconds, Stopping threads took: 0,0000082 seconds
2018-05-31T10:20:51.990+0200: 32,169: Total time for which application threads were stopped: 0,0000357 seconds, Stopping threads took: 0,0000135 seconds
2018-05-31T10:20:51.990+0200: 32,169: Total time for which application threads were stopped: 0,0000528 seconds, Stopping threads took: 0,0000197 seconds
2018-05-31T10:20:51.990+0200: 32,169: Total time for which application threads were stopped: 0,0000405 seconds, Stopping threads took: 0,0000128 seconds
2018-05-31T10:20:51.990+0200: 32,169: Total time for which application threads were stopped: 0,0000497 seconds, Stopping threads took: 0,0000144 seconds
2018-05-31T10:20:51.990+0200: 32,169: Total time for which application threads were stopped: 0,0000469 seconds, Stopping threads took: 0,0000206 seconds
2018-05-31T10:20:51.991+0200: 32,171: Total time for which application threads were stopped: 0,0001044 seconds, Stopping threads took: 0,0000239 seconds
2018-05-31T10:20:51.992+0200: 32,171: Total time for which application threads were stopped: 0,0000476 seconds, Stopping threads took: 0,0000129 seconds
2018-05-31T10:20:51.993+0200: 32,173: Total time for which application threads were stopped: 0,0001109 seconds, Stopping threads took: 0,0000421 seconds
2018-05-31T10:20:51.993+0200: 32,173: Total time for which application threads were stopped: 0,0000595 seconds, Stopping threads took: 0,0000246 seconds
2018-05-31T10:20:51.997+0200: 32,176: Total time for which application threads were stopped: 0,0002613 seconds, Stopping threads took: 0,0001523 seconds
2018-05-31T10:20:51.997+0200: 32,176: Total time for which application threads were stopped: 0,0000912 seconds, Stopping threads took: 0,0000419 seconds
2018-05-31T10:20:52.997+0200: 33,177: Total time for which application threads were stopped: 0,0000742 seconds, Stopping threads took: 0,0000228 seconds
2018-05-31T10:20:57.488+0200: 37,667: Total time for which application threads were stopped: 0,0001548 seconds, Stopping threads took: 0,0000352 seconds
2018-05-31T10:20:57.488+0200: 37,667: Total time for which application threads were stopped: 0,0000906 seconds, Stopping threads took: 0,0000291 seconds
2018-05-31T10:20:57.492+0200: 37,671: Total time for which application threads were stopped: 0,0012210 seconds, Stopping threads took: 0,0010891 seconds
2018-05-31T10:20:57.497+0200: 37,676: Total time for which application threads were stopped: 0,0002473 seconds, Stopping threads took: 0,0001209 seconds
2018-05-31T10:20:57.517+0200: 37,696: Total time for which application threads were stopped: 0,0002131 seconds, Stopping threads took: 0,0000564 seconds
2018-05-31T10:20:57.517+0200: 37,696: Total time for which application threads were stopped: 0,0000754 seconds, Stopping threads took: 0,0000106 seconds
2018-05-31T10:20:57.523+0200: 37,703: Total time for which application threads were stopped: 0,0001607 seconds, Stopping threads took: 0,0000688 seconds
2018-05-31T10:20:57.524+0200: 37,703: Total time for which application threads were stopped: 0,0000690 seconds, Stopping threads took: 0,0000088 seconds
2018-05-31T10:21:01.633+0200: 41,812: Total time for which application threads were stopped: 0,0012478 seconds, Stopping threads took: 0,0011283 seconds
2018-05-31T10:21:01.635+0200: 41,815: Total time for which application threads were stopped: 0,0001267 seconds, Stopping threads took: 0,0000227 seconds
2018-05-31T10:21:01.638+0200: 41,817: Total time for which application threads were stopped: 0,0001213 seconds, Stopping threads took: 0,0000273 seconds
2018-05-31T10:21:01.638+0200: 41,817: Total time for which application threads were stopped: 0,0000536 seconds, Stopping threads took: 0,0000093 seconds
2018-05-31T10:21:02.638+0200: 42,817: Total time for which application threads were stopped: 0,0000753 seconds, Stopping threads took: 0,0000192 seconds
2018-05-31T10:21:12.328+0200: 52,507: Total time for which application threads were stopped: 0,0001358 seconds, Stopping threads took: 0,0000451 seconds
2018-05-31T10:21:13.328+0200: 53,507: Total time for which application threads were stopped: 0,0001046 seconds, Stopping threads took: 0,0000257 seconds
2018-05-31T10:21:42.332+0200: 82,511: Total time for which application threads were stopped: 0,0000775 seconds, Stopping threads took: 0,0000209 seconds
2018-05-31T10:21:43.332+0200: 83,511: Total time for which application threads were stopped: 0,0000834 seconds, Stopping threads took: 0,0000212 seconds
2018-05-31T10:21:52.333+0200: 92,512: Total time for which application threads were stopped: 0,0001072 seconds, Stopping threads took: 0,0000232 seconds
2018-05-31T10:22:01.636+0200: 101,815: Total time for which application threads were stopped: 0,0001345 seconds, Stopping threads took: 0,0000493 seconds
2018-05-31T10:22:01.638+0200: 101,818: Total time for which application threads were stopped: 0,0000753 seconds, Stopping threads took: 0,0000201 seconds
2018-05-31T10:22:37.644+0200: 137,823: Total time for which application threads were stopped: 0,0000885 seconds, Stopping threads took: 0,0000232 seconds
2018-05-31T10:25:36.672+0200: 316,851: Total time for which application threads were stopped: 0,0001175 seconds, Stopping threads took: 0,0000513 seconds
2018-05-31T10:30:01.707+0200: 581,886: Total time for which application threads were stopped: 0,0000929 seconds, Stopping threads took: 0,0000390 seconds
2018-05-31T10:30:06.708+0200: 586,887: Total time for which application threads were stopped: 0,0000917 seconds, Stopping threads took: 0,0000385 seconds
2018-05-31T10:50:11.261+0200: 1791,441: Total time for which application threads were stopped: 0,0001471 seconds, Stopping threads took: 0,0000647 seconds
2018-05-31T10:50:12.262+0200: 1792,441: Total time for which application threads were stopped: 0,0000758 seconds, Stopping threads took: 0,0000200 seconds
2018-05-31T10:50:16.262+0200: 1796,442: Total time for which application threads were stopped: 0,0001710 seconds, Stopping threads took: 0,0000419 seconds
2018-05-31T10:50:24.264+0200: 1804,443: Total time for which application threads were stopped: 0,0001751 seconds, Stopping threads took: 0,0000646 seconds
2018-05-31T10:54:43.302+0200: 2063,481: Total time for which application threads were stopped: 0,0004341 seconds, Stopping threads took: 0,0001518 seconds
2018-05-31T11:46:45.176+0200: 3541,984: Total time for which application threads were stopped: 0,0002685 seconds, Stopping threads took: 0,0000964 seconds
2018-05-31T11:48:47.195+0200: 3664,004: Total time for which application threads were stopped: 0,0001039 seconds, Stopping threads took: 0,0000416 seconds
2018-05-31T12:58:35.256+0200: 4482,284: Total time for which application threads were stopped: 0,0001958 seconds, Stopping threads took: 0,0000747 seconds
2018-05-31T13:00:10.268+0200: 4577,297: Total time for which application threads were stopped: 0,0002525 seconds, Stopping threads took: 0,0000928 seconds
2018-05-31T13:01:15.277+0200: 4642,306: Total time for which application threads were stopped: 0,0000911 seconds, Stopping threads took: 0,0000351 seconds
2018-05-31T13:22:11.910+0200: 5641,210: Total time for which application threads were stopped: 0,0001872 seconds, Stopping threads took: 0,0000713 seconds
2018-05-31T13:23:11.919+0200: 5701,219: Total time for which application threads were stopped: 0,0001858 seconds, Stopping threads took: 0,0000703 seconds
2018-05-31T13:26:11.946+0200: 5881,245: Total time for which application threads were stopped: 0,0001018 seconds, Stopping threads took: 0,0000401 seconds
2018-05-31T13:27:41.957+0200: 5971,257: Total time for which application threads were stopped: 0,0000950 seconds, Stopping threads took: 0,0000336 seconds
2018-05-31T13:30:11.973+0200: 6121,272: Total time for which application threads were stopped: 0,0000870 seconds, Stopping threads took: 0,0000361 seconds
2018-05-31T13:36:12.015+0200: 6481,315: Total time for which application threads were stopped: 0,0000912 seconds, Stopping threads took: 0,0000386 seconds
2018-05-31T13:46:12.101+0200: 7081,400: Total time for which application threads were stopped: 0,0001158 seconds, Stopping threads took: 0,0000463 seconds
2018-05-31T13:56:42.198+0200: 7711,497: Total time for which application threads were stopped: 0,0000931 seconds, Stopping threads took: 0,0000403 seconds
2018-05-31T20:17:49.738+0200: 10948,467: Total time for which application threads were stopped: 0,0001194 seconds, Stopping threads took: 0,0000315 seconds
2018-05-31T20:17:49.782+0200: 10948,511: Total time for which application threads were stopped: 0,0061509 seconds, Stopping threads took: 0,0060705 seconds
2018-05-31T20:17:49.783+0200: 10948,511: Total time for which application threads were stopped: 0,0000847 seconds, Stopping threads took: 0,0000261 seconds
2018-05-31T20:17:49.783+0200: 10948,511: Total time for which application threads were stopped: 0,0000898 seconds, Stopping threads took: 0,0000344 seconds
2018-05-31T20:17:49.787+0200: 10948,516: Total time for which application threads were stopped: 0,0001361 seconds, Stopping threads took: 0,0000506 seconds
2018-05-31T20:17:49.815+0200: 10948,544: Total time for which application threads were stopped: 0,0159399 seconds, Stopping threads took: 0,0158374 seconds
2018-05-31T20:17:49.819+0200: 10948,548: Total time for which application threads were stopped: 0,0001539 seconds, Stopping threads took: 0,0000605 seconds
2018-05-31T20:17:49.855+0200: 10948,584: Total time for which application threads were stopped: 0,0078832 seconds, Stopping threads took: 0,0077575 seconds
2018-05-31T20:17:49.875+0200: 10948,604: Total time for which application threads were stopped: 0,0148710 seconds, Stopping threads took: 0,0147490 seconds
2018-05-31T20:17:49.888+0200: 10948,616: Total time for which application threads were stopped: 0,0001335 seconds, Stopping threads took: 0,0000454 seconds
2018-05-31T20:17:49.891+0200: 10948,620: Total time for which application threads were stopped: 0,0032128 seconds, Stopping threads took: 0,0030921 seconds
2018-05-31T20:17:49.895+0200: 10948,623: Total time for which application threads were stopped: 0,0000968 seconds, Stopping threads took: 0,0000184 seconds
2018-05-31T20:17:49.897+0200: 10948,626: Total time for which application threads were stopped: 0,0026158 seconds, Stopping threads took: 0,0025278 seconds
2018-05-31T20:17:49.905+0200: 10948,633: Total time for which application threads were stopped: 0,0067648 seconds, Stopping threads took: 0,0066479 seconds
2018-05-31T20:17:49.913+0200: 10948,642: Total time for which application threads were stopped: 0,0001207 seconds, Stopping threads took: 0,0000278 seconds
2018-05-31T20:17:49.915+0200: 10948,644: Total time for which application threads were stopped: 0,0001731 seconds, Stopping threads took: 0,0000702 seconds
2018-05-31T20:17:49.917+0200: 10948,645: Total time for which application threads were stopped: 0,0012507 seconds, Stopping threads took: 0,0000439 seconds
2018-05-31T20:17:49.917+0200: 10948,646: Total time for which application threads were stopped: 0,0000839 seconds, Stopping threads took: 0,0000138 seconds
2018-05-31T20:17:49.917+0200: 10948,646: Total time for which application threads were stopped: 0,0000661 seconds, Stopping threads took: 0,0000111 seconds
2018-05-31T20:17:49.920+0200: 10948,649: Total time for which application threads were stopped: 0,0001106 seconds, Stopping threads took: 0,0000200 seconds
2018-05-31T20:17:49.922+0200: 10948,651: Total time for which application threads were stopped: 0,0001245 seconds, Stopping threads took: 0,0000293 seconds
2018-05-31T20:17:49.925+0200: 10948,654: Total time for which application threads were stopped: 0,0002071 seconds, Stopping threads took: 0,0000911 seconds
2018-05-31T20:17:49.931+0200: 10948,660: Total time for which application threads were stopped: 0,0040520 seconds, Stopping threads took: 0,0039252 seconds
2018-05-31T20:17:49.932+0200: 10948,661: Total time for which application threads were stopped: 0,0001172 seconds, Stopping threads took: 0,0000271 seconds
2018-05-31T20:17:49.941+0200: 10948,670: Total time for which application threads were stopped: 0,0001375 seconds, Stopping threads took: 0,0000432 seconds
2018-05-31T20:17:49.942+0200: 10948,671: Total time for which application threads were stopped: 0,0000867 seconds, Stopping threads took: 0,0000154 seconds
2018-05-31T20:17:49.943+0200: 10948,672: Total time for which application threads were stopped: 0,0001251 seconds, Stopping threads took: 0,0000441 seconds
2018-05-31T20:17:49.943+0200: 10948,672: Total time for which application threads were stopped: 0,0000507 seconds, Stopping threads took: 0,0000087 seconds
2018-05-31T20:17:49.943+0200: 10948,672: Total time for which application threads were stopped: 0,0000410 seconds, Stopping threads took: 0,0000068 seconds
2018-05-31T20:17:49.943+0200: 10948,672: Total time for which application threads were stopped: 0,0002207 seconds, Stopping threads took: 0,0000064 seconds
2018-05-31T20:17:49.944+0200: 10948,673: Total time for which application threads were stopped: 0,0000867 seconds, Stopping threads took: 0,0000188 seconds
2018-05-31T20:17:49.948+0200: 10948,677: Total time for which application threads were stopped: 0,0001013 seconds, Stopping threads took: 0,0000200 seconds
2018-05-31T20:17:49.948+0200: 10948,677: Total time for which application threads were stopped: 0,0000420 seconds, Stopping threads took: 0,0000069 seconds
2018-05-31T20:17:49.949+0200: 10948,677: Total time for which application threads were stopped: 0,0000517 seconds, Stopping threads took: 0,0000136 seconds
2018-05-31T20:17:49.949+0200: 10948,678: Total time for which application threads were stopped: 0,0000426 seconds, Stopping threads took: 0,0000075 seconds
2018-05-31T20:17:49.949+0200: 10948,678: Total time for which application threads were stopped: 0,0000419 seconds, Stopping threads took: 0,0000070 seconds
2018-05-31T20:17:49.949+0200: 10948,678: Total time for which application threads were stopped: 0,0002211 seconds, Stopping threads took: 0,0000069 seconds
2018-05-31T20:17:49.952+0200: 10948,681: Total time for which application threads were stopped: 0,0005085 seconds, Stopping threads took: 0,0004274 seconds
2018-05-31T20:17:49.952+0200: 10948,681: Total time for which application threads were stopped: 0,0000446 seconds, Stopping threads took: 0,0000086 seconds
2018-05-31T20:17:49.953+0200: 10948,682: Total time for which application threads were stopped: 0,0001111 seconds, Stopping threads took: 0,0000254 seconds
2018-05-31T20:17:49.953+0200: 10948,682: Total time for which application threads were stopped: 0,0000606 seconds, Stopping threads took: 0,0000094 seconds
2018-05-31T20:17:49.956+0200: 10948,685: Total time for which application threads were stopped: 0,0001211 seconds, Stopping threads took: 0,0000467 seconds
2018-05-31T20:17:49.956+0200: 10948,685: Total time for which application threads were stopped: 0,0000550 seconds, Stopping threads took: 0,0000126 seconds
2018-05-31T20:17:49.961+0200: 10948,690: Total time for which application threads were stopped: 0,0001503 seconds, Stopping threads took: 0,0000548 seconds
2018-05-31T20:17:49.964+0200: 10948,693: Total time for which application threads were stopped: 0,0029274 seconds, Stopping threads took: 0,0028423 seconds
2018-05-31T20:17:49.965+0200: 10948,693: Total time for which application threads were stopped: 0,0000670 seconds, Stopping threads took: 0,0000115 seconds
2018-05-31T20:17:49.966+0200: 10948,695: Total time for which application threads were stopped: 0,0000892 seconds, Stopping threads took: 0,0000169 seconds
2018-05-31T20:17:49.967+0200: 10948,696: Total time for which application threads were stopped: 0,0002080 seconds, Stopping threads took: 0,0000089 seconds
2018-05-31T20:17:49.982+0200: 10948,711: Total time for which application threads were stopped: 0,0001864 seconds, Stopping threads took: 0,0000513 seconds
2018-05-31T20:17:49.982+0200: 10948,711: Total time for which application threads were stopped: 0,0001163 seconds, Stopping threads took: 0,0000147 seconds
2018-05-31T20:17:49.986+0200: 10948,714: Total time for which application threads were stopped: 0,0005925 seconds, Stopping threads took: 0,0004625 seconds
2018-05-31T20:17:49.990+0200: 10948,718: Total time for which application threads were stopped: 0,0001477 seconds, Stopping threads took: 0,0000471 seconds
Heap
 par new generation   total 109248K, used 100438K [0x00000000e0000000, 0x00000000e8000000, 0x00000000e8000000)
  eden space 87424K,  89% used [0x00000000e0000000, 0x00000000e4cc5b40, 0x00000000e5560000)
  from space 21824K, 100% used [0x00000000e6ab0000, 0x00000000e8000000, 0x00000000e8000000)
  to   space 21824K,   0% used [0x00000000e5560000, 0x00000000e5560000, 0x00000000e6ab0000)
 concurrent mark-sweep generation total 393216K, used 8857K [0x00000000e8000000, 0x0000000100000000, 0x0000000100000000)
 Metaspace       used 30435K, capacity 31210K, committed 31356K, reserved 1077248K
  class space    used 3470K, capacity 3690K, committed 3708K, reserved 1048576K
