OpenJDK 64-Bit Server VM (25.171-b11) for linux-amd64 JRE (1.8.0_171-8u171-b11-0ubuntu0.16.04.1-b11), built on Apr 27 2018 17:19:03 by "buildd" with gcc 5.4.0 20160609
Memory: 4k page, physical 7867600k(389620k free), swap 8076284k(8076220k free)
CommandLine flags: -XX:CMSInitiatingOccupancyFraction=50 -XX:CMSMaxAbortablePrecleanTime=6000 -XX:+CMSParallelRemarkEnabled -XX:+CMSScavengeBeforeRemark -XX:ConcGCThreads=4 -XX:InitialHeapSize=536870912 -XX:MaxHeapSize=536870912 -XX:MaxTenuringThreshold=8 -XX:NewRatio=3 -XX:OldPLABSize=16 -XX:OnOutOfMemoryError=/home/gurnoor/workspace/QTM/solr/bin/oom_solr.sh 8983 /home/gurnoor/workspace/QTM/solr/server/logs -XX:ParallelGCThreads=4 -XX:+ParallelRefProcEnabled -XX:PretenureSizeThreshold=67108864 -XX:+PrintGC -XX:+PrintGCApplicationStoppedTime -XX:+PrintGCDateStamps -XX:+PrintGCDetails -XX:+PrintGCTimeStamps -XX:+PrintHeapAtGC -XX:+PrintTenuringDistribution -XX:SurvivorRatio=4 -XX:TargetSurvivorRatio=90 -XX:ThreadStackSize=256 -XX:+UseCMSInitiatingOccupancyOnly -XX:+UseCompressedClassPointers -XX:+UseCompressedOops -XX:+UseConcMarkSweepGC -XX:+UseParNewGC 
2018-06-14T10:47:31.322+0200: 0,113: Total time for which application threads were stopped: 0,0000847 seconds, Stopping threads took: 0,0000228 seconds
2018-06-14T10:47:31.394+0200: 0,185: Total time for which application threads were stopped: 0,0001504 seconds, Stopping threads took: 0,0000357 seconds
2018-06-14T10:47:31.408+0200: 0,199: Total time for which application threads were stopped: 0,0001112 seconds, Stopping threads took: 0,0000415 seconds
2018-06-14T10:47:31.536+0200: 0,328: Total time for which application threads were stopped: 0,0001501 seconds, Stopping threads took: 0,0000187 seconds
2018-06-14T10:47:31.702+0200: 0,493: Total time for which application threads were stopped: 0,0001285 seconds, Stopping threads took: 0,0000153 seconds
2018-06-14T10:47:31.756+0200: 0,548: Total time for which application threads were stopped: 0,0001621 seconds, Stopping threads took: 0,0000247 seconds
2018-06-14T10:47:31.775+0200: 0,566: Total time for which application threads were stopped: 0,0002317 seconds, Stopping threads took: 0,0000275 seconds
2018-06-14T10:47:31.963+0200: 0,754: Total time for which application threads were stopped: 0,0001877 seconds, Stopping threads took: 0,0000209 seconds
2018-06-14T10:47:32.110+0200: 0,901: Total time for which application threads were stopped: 0,0002923 seconds, Stopping threads took: 0,0000343 seconds
2018-06-14T10:47:32.132+0200: 0,923: Total time for which application threads were stopped: 0,0002867 seconds, Stopping threads took: 0,0000280 seconds
2018-06-14T10:47:32.157+0200: 0,949: Total time for which application threads were stopped: 0,0002066 seconds, Stopping threads took: 0,0000233 seconds
2018-06-14T10:47:32.159+0200: 0,950: Total time for which application threads were stopped: 0,0001882 seconds, Stopping threads took: 0,0000224 seconds
2018-06-14T10:47:32.172+0200: 0,963: Total time for which application threads were stopped: 0,0002211 seconds, Stopping threads took: 0,0000231 seconds
2018-06-14T10:47:32.240+0200: 1,032: Total time for which application threads were stopped: 0,0002787 seconds, Stopping threads took: 0,0000288 seconds
2018-06-14T10:47:32.416+0200: 1,207: Total time for which application threads were stopped: 0,0005471 seconds, Stopping threads took: 0,0002883 seconds
{Heap before GC invocations=0 (full 0):
 par new generation   total 109248K, used 87424K [0x00000000e0000000, 0x00000000e8000000, 0x00000000e8000000)
  eden space 87424K, 100% used [0x00000000e0000000, 0x00000000e5560000, 0x00000000e5560000)
  from space 21824K,   0% used [0x00000000e5560000, 0x00000000e5560000, 0x00000000e6ab0000)
  to   space 21824K,   0% used [0x00000000e6ab0000, 0x00000000e6ab0000, 0x00000000e8000000)
 concurrent mark-sweep generation total 393216K, used 0K [0x00000000e8000000, 0x0000000100000000, 0x0000000100000000)
 Metaspace       used 17855K, capacity 18184K, committed 18304K, reserved 1064960K
  class space    used 2025K, capacity 2166K, committed 2176K, reserved 1048576K
2018-06-14T10:47:32.447+0200: 1,239: [GC (Allocation Failure) 2018-06-14T10:47:32.447+0200: 1,239: [ParNew
Desired survivor size 20112992 bytes, new threshold 8 (max 8)
- age   1:   11446512 bytes,   11446512 total
: 87424K->11272K(109248K), 0,0130213 secs] 87424K->11272K(502464K), 0,0130836 secs] [Times: user=0,04 sys=0,00, real=0,01 secs] 
Heap after GC invocations=1 (full 0):
 par new generation   total 109248K, used 11272K [0x00000000e0000000, 0x00000000e8000000, 0x00000000e8000000)
  eden space 87424K,   0% used [0x00000000e0000000, 0x00000000e0000000, 0x00000000e5560000)
  from space 21824K,  51% used [0x00000000e6ab0000, 0x00000000e75b21c0, 0x00000000e8000000)
  to   space 21824K,   0% used [0x00000000e5560000, 0x00000000e5560000, 0x00000000e6ab0000)
 concurrent mark-sweep generation total 393216K, used 0K [0x00000000e8000000, 0x0000000100000000, 0x0000000100000000)
 Metaspace       used 17855K, capacity 18184K, committed 18304K, reserved 1064960K
  class space    used 2025K, capacity 2166K, committed 2176K, reserved 1048576K
}
2018-06-14T10:47:32.460+0200: 1,252: Total time for which application threads were stopped: 0,0134843 seconds, Stopping threads took: 0,0002144 seconds
2018-06-14T10:47:32.761+0200: 1,552: Total time for which application threads were stopped: 0,0004684 seconds, Stopping threads took: 0,0000714 seconds
{Heap before GC invocations=1 (full 0):
 par new generation   total 109248K, used 98696K [0x00000000e0000000, 0x00000000e8000000, 0x00000000e8000000)
  eden space 87424K, 100% used [0x00000000e0000000, 0x00000000e5560000, 0x00000000e5560000)
  from space 21824K,  51% used [0x00000000e6ab0000, 0x00000000e75b21c0, 0x00000000e8000000)
  to   space 21824K,   0% used [0x00000000e5560000, 0x00000000e5560000, 0x00000000e6ab0000)
 concurrent mark-sweep generation total 393216K, used 0K [0x00000000e8000000, 0x0000000100000000, 0x0000000100000000)
 Metaspace       used 20103K, capacity 20502K, committed 20736K, reserved 1067008K
  class space    used 2299K, capacity 2471K, committed 2560K, reserved 1048576K
2018-06-14T10:47:32.819+0200: 1,611: [GC (Allocation Failure) 2018-06-14T10:47:32.819+0200: 1,611: [ParNew
Desired survivor size 20112992 bytes, new threshold 8 (max 8)
- age   1:    3369472 bytes,    3369472 total
- age   2:    5930656 bytes,    9300128 total
: 98696K->12589K(109248K), 0,0166396 secs] 98696K->12589K(502464K), 0,0167118 secs] [Times: user=0,05 sys=0,00, real=0,02 secs] 
Heap after GC invocations=2 (full 0):
 par new generation   total 109248K, used 12589K [0x00000000e0000000, 0x00000000e8000000, 0x00000000e8000000)
  eden space 87424K,   0% used [0x00000000e0000000, 0x00000000e0000000, 0x00000000e5560000)
  from space 21824K,  57% used [0x00000000e5560000, 0x00000000e61ab440, 0x00000000e6ab0000)
  to   space 21824K,   0% used [0x00000000e6ab0000, 0x00000000e6ab0000, 0x00000000e8000000)
 concurrent mark-sweep generation total 393216K, used 0K [0x00000000e8000000, 0x0000000100000000, 0x0000000100000000)
 Metaspace       used 20103K, capacity 20502K, committed 20736K, reserved 1067008K
  class space    used 2299K, capacity 2471K, committed 2560K, reserved 1048576K
}
2018-06-14T10:47:32.836+0200: 1,627: Total time for which application threads were stopped: 0,0169601 seconds, Stopping threads took: 0,0000718 seconds
2018-06-14T10:47:32.850+0200: 1,641: Total time for which application threads were stopped: 0,0006361 seconds, Stopping threads took: 0,0002078 seconds
2018-06-14T10:47:32.896+0200: 1,687: Total time for which application threads were stopped: 0,0004209 seconds, Stopping threads took: 0,0000899 seconds
2018-06-14T10:47:33.013+0200: 1,804: Total time for which application threads were stopped: 0,0002373 seconds, Stopping threads took: 0,0000714 seconds
{Heap before GC invocations=2 (full 0):
 par new generation   total 109248K, used 100013K [0x00000000e0000000, 0x00000000e8000000, 0x00000000e8000000)
  eden space 87424K, 100% used [0x00000000e0000000, 0x00000000e5560000, 0x00000000e5560000)
  from space 21824K,  57% used [0x00000000e5560000, 0x00000000e61ab440, 0x00000000e6ab0000)
  to   space 21824K,   0% used [0x00000000e6ab0000, 0x00000000e6ab0000, 0x00000000e8000000)
 concurrent mark-sweep generation total 393216K, used 0K [0x00000000e8000000, 0x0000000100000000, 0x0000000100000000)
 Metaspace       used 21022K, capacity 21366K, committed 21628K, reserved 1069056K
  class space    used 2424K, capacity 2591K, committed 2684K, reserved 1048576K
2018-06-14T10:47:33.054+0200: 1,845: [GC (Allocation Failure) 2018-06-14T10:47:33.054+0200: 1,845: [ParNew
Desired survivor size 20112992 bytes, new threshold 8 (max 8)
- age   1:    2111296 bytes,    2111296 total
- age   2:    1028248 bytes,    3139544 total
- age   3:    5928696 bytes,    9068240 total
: 100013K->10408K(109248K), 0,0090315 secs] 100013K->10408K(502464K), 0,0091093 secs] [Times: user=0,03 sys=0,00, real=0,01 secs] 
Heap after GC invocations=3 (full 0):
 par new generation   total 109248K, used 10408K [0x00000000e0000000, 0x00000000e8000000, 0x00000000e8000000)
  eden space 87424K,   0% used [0x00000000e0000000, 0x00000000e0000000, 0x00000000e5560000)
  from space 21824K,  47% used [0x00000000e6ab0000, 0x00000000e74da1c0, 0x00000000e8000000)
  to   space 21824K,   0% used [0x00000000e5560000, 0x00000000e5560000, 0x00000000e6ab0000)
 concurrent mark-sweep generation total 393216K, used 0K [0x00000000e8000000, 0x0000000100000000, 0x0000000100000000)
 Metaspace       used 21022K, capacity 21366K, committed 21628K, reserved 1069056K
  class space    used 2424K, capacity 2591K, committed 2684K, reserved 1048576K
}
2018-06-14T10:47:33.063+0200: 1,855: Total time for which application threads were stopped: 0,0093532 seconds, Stopping threads took: 0,0001028 seconds
2018-06-14T10:47:33.063+0200: 1,855: [GC (CMS Initial Mark) [1 CMS-initial-mark: 0K(393216K)] 10424K(502464K), 0,0049187 secs] [Times: user=0,01 sys=0,00, real=0,01 secs] 
2018-06-14T10:47:33.068+0200: 1,860: Total time for which application threads were stopped: 0,0050650 seconds, Stopping threads took: 0,0000377 seconds
2018-06-14T10:47:33.068+0200: 1,860: [CMS-concurrent-mark-start]
2018-06-14T10:47:33.069+0200: 1,860: [CMS-concurrent-mark: 0,001/0,001 secs] [Times: user=0,01 sys=0,00, real=0,00 secs] 
2018-06-14T10:47:33.069+0200: 1,860: [CMS-concurrent-preclean-start]
2018-06-14T10:47:33.070+0200: 1,861: [CMS-concurrent-preclean: 0,001/0,001 secs] [Times: user=0,00 sys=0,00, real=0,00 secs] 
2018-06-14T10:47:33.070+0200: 1,862: [CMS-concurrent-abortable-preclean-start]
2018-06-14T10:47:33.171+0200: 1,962: Total time for which application threads were stopped: 0,0002492 seconds, Stopping threads took: 0,0001644 seconds
{Heap before GC invocations=3 (full 1):
 par new generation   total 109248K, used 97832K [0x00000000e0000000, 0x00000000e8000000, 0x00000000e8000000)
  eden space 87424K, 100% used [0x00000000e0000000, 0x00000000e5560000, 0x00000000e5560000)
  from space 21824K,  47% used [0x00000000e6ab0000, 0x00000000e74da1c0, 0x00000000e8000000)
  to   space 21824K,   0% used [0x00000000e5560000, 0x00000000e5560000, 0x00000000e6ab0000)
 concurrent mark-sweep generation total 393216K, used 0K [0x00000000e8000000, 0x0000000100000000, 0x0000000100000000)
 Metaspace       used 21294K, capacity 21700K, committed 21884K, reserved 1069056K
  class space    used 2454K, capacity 2606K, committed 2684K, reserved 1048576K
2018-06-14T10:47:33.203+0200: 1,995: [GC (Allocation Failure) 2018-06-14T10:47:33.203+0200: 1,995: [ParNew
Desired survivor size 20112992 bytes, new threshold 8 (max 8)
- age   1:    1149040 bytes,    1149040 total
- age   2:    1460064 bytes,    2609104 total
- age   3:    1026480 bytes,    3635584 total
- age   4:    5928896 bytes,    9564480 total
: 97832K->13899K(109248K), 0,0149600 secs] 97832K->13899K(502464K), 0,0150277 secs] [Times: user=0,05 sys=0,00, real=0,02 secs] 
Heap after GC invocations=4 (full 1):
 par new generation   total 109248K, used 13899K [0x00000000e0000000, 0x00000000e8000000, 0x00000000e8000000)
  eden space 87424K,   0% used [0x00000000e0000000, 0x00000000e0000000, 0x00000000e5560000)
  from space 21824K,  63% used [0x00000000e5560000, 0x00000000e62f2fe8, 0x00000000e6ab0000)
  to   space 21824K,   0% used [0x00000000e6ab0000, 0x00000000e6ab0000, 0x00000000e8000000)
 concurrent mark-sweep generation total 393216K, used 0K [0x00000000e8000000, 0x0000000100000000, 0x0000000100000000)
 Metaspace       used 21294K, capacity 21700K, committed 21884K, reserved 1069056K
  class space    used 2454K, capacity 2606K, committed 2684K, reserved 1048576K
}
2018-06-14T10:47:33.218+0200: 2,010: Total time for which application threads were stopped: 0,0152636 seconds, Stopping threads took: 0,0000672 seconds
2018-06-14T10:47:33.320+0200: 2,111: [CMS-concurrent-abortable-preclean: 0,105/0,250 secs] [Times: user=0,91 sys=0,01, real=0,25 secs] 
2018-06-14T10:47:33.320+0200: 2,112: [GC (CMS Final Remark) [YG occupancy: 101243 K (109248 K)]{Heap before GC invocations=4 (full 1):
 par new generation   total 109248K, used 101243K [0x00000000e0000000, 0x00000000e8000000, 0x00000000e8000000)
  eden space 87424K,  99% used [0x00000000e0000000, 0x00000000e554bff0, 0x00000000e5560000)
  from space 21824K,  63% used [0x00000000e5560000, 0x00000000e62f2fe8, 0x00000000e6ab0000)
  to   space 21824K,   0% used [0x00000000e6ab0000, 0x00000000e6ab0000, 0x00000000e8000000)
 concurrent mark-sweep generation total 393216K, used 0K [0x00000000e8000000, 0x0000000100000000, 0x0000000100000000)
 Metaspace       used 21456K, capacity 21802K, committed 21884K, reserved 1069056K
  class space    used 2473K, capacity 2639K, committed 2684K, reserved 1048576K
2018-06-14T10:47:33.320+0200: 2,112: [GC (CMS Final Remark) 2018-06-14T10:47:33.320+0200: 2,112: [ParNew
Desired survivor size 20112992 bytes, new threshold 8 (max 8)
- age   1:    1104840 bytes,    1104840 total
- age   2:     176424 bytes,    1281264 total
- age   3:    1459672 bytes,    2740936 total
- age   4:    1020720 bytes,    3761656 total
- age   5:    5928872 bytes,    9690528 total
: 101243K->12348K(109248K), 0,0089716 secs] 101243K->12348K(502464K), 0,0090149 secs] [Times: user=0,03 sys=0,00, real=0,01 secs] 
Heap after GC invocations=5 (full 1):
 par new generation   total 109248K, used 12348K [0x00000000e0000000, 0x00000000e8000000, 0x00000000e8000000)
  eden space 87424K,   0% used [0x00000000e0000000, 0x00000000e0000000, 0x00000000e5560000)
  from space 21824K,  56% used [0x00000000e6ab0000, 0x00000000e76bf240, 0x00000000e8000000)
  to   space 21824K,   0% used [0x00000000e5560000, 0x00000000e5560000, 0x00000000e6ab0000)
 concurrent mark-sweep generation total 393216K, used 0K [0x00000000e8000000, 0x0000000100000000, 0x0000000100000000)
 Metaspace       used 21456K, capacity 21802K, committed 21884K, reserved 1069056K
  class space    used 2473K, capacity 2639K, committed 2684K, reserved 1048576K
}
2018-06-14T10:47:33.329+0200: 2,121: [Rescan (parallel) , 0,0035659 secs]2018-06-14T10:47:33.333+0200: 2,124: [weak refs processing, 0,0011096 secs]2018-06-14T10:47:33.334+0200: 2,125: [class unloading, 0,0032371 secs]2018-06-14T10:47:33.337+0200: 2,129: [scrub symbol table, 0,0042564 secs]2018-06-14T10:47:33.341+0200: 2,133: [scrub string table, 0,0003877 secs][1 CMS-remark: 0K(393216K)] 12348K(502464K), 0,0222748 secs] [Times: user=0,05 sys=0,00, real=0,02 secs] 
2018-06-14T10:47:33.342+0200: 2,134: Total time for which application threads were stopped: 0,0224896 seconds, Stopping threads took: 0,0000948 seconds
2018-06-14T10:47:33.342+0200: 2,134: [CMS-concurrent-sweep-start]
2018-06-14T10:47:33.343+0200: 2,134: [CMS-concurrent-sweep: 0,000/0,000 secs] [Times: user=0,01 sys=0,00, real=0,00 secs] 
2018-06-14T10:47:33.343+0200: 2,134: [CMS-concurrent-reset-start]
2018-06-14T10:47:33.346+0200: 2,137: [CMS-concurrent-reset: 0,003/0,003 secs] [Times: user=0,00 sys=0,01, real=0,00 secs] 
2018-06-14T10:47:33.379+0200: 2,171: Total time for which application threads were stopped: 0,0040595 seconds, Stopping threads took: 0,0037603 seconds
2018-06-14T10:47:33.641+0200: 2,433: Total time for which application threads were stopped: 0,0004729 seconds, Stopping threads took: 0,0000229 seconds
2018-06-14T10:47:33.655+0200: 2,446: Total time for which application threads were stopped: 0,0003621 seconds, Stopping threads took: 0,0000359 seconds
{Heap before GC invocations=5 (full 1):
 par new generation   total 109248K, used 99772K [0x00000000e0000000, 0x00000000e8000000, 0x00000000e8000000)
  eden space 87424K, 100% used [0x00000000e0000000, 0x00000000e5560000, 0x00000000e5560000)
  from space 21824K,  56% used [0x00000000e6ab0000, 0x00000000e76bf240, 0x00000000e8000000)
  to   space 21824K,   0% used [0x00000000e5560000, 0x00000000e5560000, 0x00000000e6ab0000)
 concurrent mark-sweep generation total 393216K, used 0K [0x00000000e8000000, 0x0000000100000000, 0x0000000100000000)
 Metaspace       used 25253K, capacity 25792K, committed 25980K, reserved 1073152K
  class space    used 2931K, capacity 3120K, committed 3196K, reserved 1048576K
2018-06-14T10:47:33.955+0200: 2,747: [GC (Allocation Failure) 2018-06-14T10:47:33.955+0200: 2,747: [ParNew
Desired survivor size 20112992 bytes, new threshold 8 (max 8)
- age   1:    5552264 bytes,    5552264 total
- age   2:     126464 bytes,    5678728 total
- age   3:     174624 bytes,    5853352 total
- age   4:     288344 bytes,    6141696 total
- age   5:    1000480 bytes,    7142176 total
- age   6:    5924856 bytes,   13067032 total
: 99772K->15992K(109248K), 0,0194662 secs] 99772K->15992K(502464K), 0,0195667 secs] [Times: user=0,07 sys=0,00, real=0,01 secs] 
Heap after GC invocations=6 (full 1):
 par new generation   total 109248K, used 15992K [0x00000000e0000000, 0x00000000e8000000, 0x00000000e8000000)
  eden space 87424K,   0% used [0x00000000e0000000, 0x00000000e0000000, 0x00000000e5560000)
  from space 21824K,  73% used [0x00000000e5560000, 0x00000000e64fe228, 0x00000000e6ab0000)
  to   space 21824K,   0% used [0x00000000e6ab0000, 0x00000000e6ab0000, 0x00000000e8000000)
 concurrent mark-sweep generation total 393216K, used 0K [0x00000000e8000000, 0x0000000100000000, 0x0000000100000000)
 Metaspace       used 25253K, capacity 25792K, committed 25980K, reserved 1073152K
  class space    used 2931K, capacity 3120K, committed 3196K, reserved 1048576K
}
2018-06-14T10:47:33.975+0200: 2,766: Total time for which application threads were stopped: 0,0199747 seconds, Stopping threads took: 0,0000857 seconds
2018-06-14T10:47:34.108+0200: 2,899: Total time for which application threads were stopped: 0,0004858 seconds, Stopping threads took: 0,0000482 seconds
2018-06-14T10:47:34.127+0200: 2,919: Total time for which application threads were stopped: 0,0004116 seconds, Stopping threads took: 0,0000262 seconds
2018-06-14T10:47:34.185+0200: 2,977: Total time for which application threads were stopped: 0,0005102 seconds, Stopping threads took: 0,0000764 seconds
2018-06-14T10:47:34.304+0200: 3,095: Total time for which application threads were stopped: 0,0030163 seconds, Stopping threads took: 0,0025375 seconds
{Heap before GC invocations=6 (full 1):
 par new generation   total 109248K, used 103416K [0x00000000e0000000, 0x00000000e8000000, 0x00000000e8000000)
  eden space 87424K, 100% used [0x00000000e0000000, 0x00000000e5560000, 0x00000000e5560000)
  from space 21824K,  73% used [0x00000000e5560000, 0x00000000e64fe228, 0x00000000e6ab0000)
  to   space 21824K,   0% used [0x00000000e6ab0000, 0x00000000e6ab0000, 0x00000000e8000000)
 concurrent mark-sweep generation total 393216K, used 0K [0x00000000e8000000, 0x0000000100000000, 0x0000000100000000)
 Metaspace       used 28043K, capacity 28636K, committed 28796K, reserved 1075200K
  class space    used 3225K, capacity 3422K, committed 3452K, reserved 1048576K
2018-06-14T10:47:34.519+0200: 3,311: [GC (Allocation Failure) 2018-06-14T10:47:34.519+0200: 3,311: [ParNew
Desired survivor size 20112992 bytes, new threshold 7 (max 8)
- age   1:   13096328 bytes,   13096328 total
- age   2:    1985728 bytes,   15082056 total
- age   3:     111680 bytes,   15193736 total
- age   4:     147376 bytes,   15341112 total
- age   5:     257912 bytes,   15599024 total
- age   6:     765960 bytes,   16364984 total
- age   7:    5888384 bytes,   22253368 total
: 103416K->21824K(109248K), 0,0301831 secs] 103416K->23473K(502464K), 0,0302860 secs] [Times: user=0,11 sys=0,00, real=0,03 secs] 
Heap after GC invocations=7 (full 1):
 par new generation   total 109248K, used 21824K [0x00000000e0000000, 0x00000000e8000000, 0x00000000e8000000)
  eden space 87424K,   0% used [0x00000000e0000000, 0x00000000e0000000, 0x00000000e5560000)
  from space 21824K, 100% used [0x00000000e6ab0000, 0x00000000e8000000, 0x00000000e8000000)
  to   space 21824K,   0% used [0x00000000e5560000, 0x00000000e5560000, 0x00000000e6ab0000)
 concurrent mark-sweep generation total 393216K, used 1649K [0x00000000e8000000, 0x0000000100000000, 0x0000000100000000)
 Metaspace       used 28043K, capacity 28636K, committed 28796K, reserved 1075200K
  class space    used 3225K, capacity 3422K, committed 3452K, reserved 1048576K
}
2018-06-14T10:47:34.550+0200: 3,341: Total time for which application threads were stopped: 0,0306045 seconds, Stopping threads took: 0,0000385 seconds
{Heap before GC invocations=7 (full 1):
 par new generation   total 109248K, used 109248K [0x00000000e0000000, 0x00000000e8000000, 0x00000000e8000000)
  eden space 87424K, 100% used [0x00000000e0000000, 0x00000000e5560000, 0x00000000e5560000)
  from space 21824K, 100% used [0x00000000e6ab0000, 0x00000000e8000000, 0x00000000e8000000)
  to   space 21824K,   0% used [0x00000000e5560000, 0x00000000e5560000, 0x00000000e6ab0000)
 concurrent mark-sweep generation total 393216K, used 1649K [0x00000000e8000000, 0x0000000100000000, 0x0000000100000000)
 Metaspace       used 28094K, capacity 28728K, committed 29052K, reserved 1075200K
  class space    used 3228K, capacity 3427K, committed 3452K, reserved 1048576K
2018-06-14T10:47:34.643+0200: 3,435: [GC (Allocation Failure) 2018-06-14T10:47:34.643+0200: 3,435: [ParNew
Desired survivor size 20112992 bytes, new threshold 8 (max 8)
- age   1:    1184376 bytes,    1184376 total
- age   2:   11554528 bytes,   12738904 total
- age   3:    1985688 bytes,   14724592 total
- age   4:     111680 bytes,   14836272 total
- age   5:     147272 bytes,   14983544 total
- age   6:     257912 bytes,   15241456 total
- age   7:     765960 bytes,   16007416 total
: 109248K->21824K(109248K), 0,0340144 secs] 110897K->29296K(502464K), 0,0341009 secs] [Times: user=0,11 sys=0,01, real=0,04 secs] 
Heap after GC invocations=8 (full 1):
 par new generation   total 109248K, used 21824K [0x00000000e0000000, 0x00000000e8000000, 0x00000000e8000000)
  eden space 87424K,   0% used [0x00000000e0000000, 0x00000000e0000000, 0x00000000e5560000)
  from space 21824K, 100% used [0x00000000e5560000, 0x00000000e6ab0000, 0x00000000e6ab0000)
  to   space 21824K,   0% used [0x00000000e6ab0000, 0x00000000e6ab0000, 0x00000000e8000000)
 concurrent mark-sweep generation total 393216K, used 7472K [0x00000000e8000000, 0x0000000100000000, 0x0000000100000000)
 Metaspace       used 28094K, capacity 28728K, committed 29052K, reserved 1075200K
  class space    used 3228K, capacity 3427K, committed 3452K, reserved 1048576K
}
2018-06-14T10:47:34.677+0200: 3,469: Total time for which application threads were stopped: 0,0344583 seconds, Stopping threads took: 0,0001134 seconds
{Heap before GC invocations=8 (full 1):
 par new generation   total 109248K, used 109248K [0x00000000e0000000, 0x00000000e8000000, 0x00000000e8000000)
  eden space 87424K, 100% used [0x00000000e0000000, 0x00000000e5560000, 0x00000000e5560000)
  from space 21824K, 100% used [0x00000000e5560000, 0x00000000e6ab0000, 0x00000000e6ab0000)
  to   space 21824K,   0% used [0x00000000e6ab0000, 0x00000000e6ab0000, 0x00000000e8000000)
 concurrent mark-sweep generation total 393216K, used 7472K [0x00000000e8000000, 0x0000000100000000, 0x0000000100000000)
 Metaspace       used 28159K, capacity 28802K, committed 29052K, reserved 1075200K
  class space    used 3229K, capacity 3429K, committed 3452K, reserved 1048576K
2018-06-14T10:47:34.842+0200: 3,633: [GC (Allocation Failure) 2018-06-14T10:47:34.842+0200: 3,633: [ParNew
Desired survivor size 20112992 bytes, new threshold 8 (max 8)
- age   1:     918888 bytes,     918888 total
- age   2:     151408 bytes,    1070296 total
- age   3:   11554528 bytes,   12624824 total
- age   4:    1985688 bytes,   14610512 total
- age   5:     111680 bytes,   14722192 total
- age   6:     147168 bytes,   14869360 total
- age   7:     257952 bytes,   15127312 total
- age   8:     766000 bytes,   15893312 total
: 109248K->19646K(109248K), 0,0233005 secs] 116720K->27118K(502464K), 0,0233982 secs] [Times: user=0,08 sys=0,00, real=0,02 secs] 
Heap after GC invocations=9 (full 1):
 par new generation   total 109248K, used 19646K [0x00000000e0000000, 0x00000000e8000000, 0x00000000e8000000)
  eden space 87424K,   0% used [0x00000000e0000000, 0x00000000e0000000, 0x00000000e5560000)
  from space 21824K,  90% used [0x00000000e6ab0000, 0x00000000e7ddfb78, 0x00000000e8000000)
  to   space 21824K,   0% used [0x00000000e5560000, 0x00000000e5560000, 0x00000000e6ab0000)
 concurrent mark-sweep generation total 393216K, used 7472K [0x00000000e8000000, 0x0000000100000000, 0x0000000100000000)
 Metaspace       used 28159K, capacity 28802K, committed 29052K, reserved 1075200K
  class space    used 3229K, capacity 3429K, committed 3452K, reserved 1048576K
}
2018-06-14T10:47:34.865+0200: 3,657: Total time for which application threads were stopped: 0,0237238 seconds, Stopping threads took: 0,0000669 seconds
2018-06-14T10:47:35.262+0200: 4,053: Total time for which application threads were stopped: 0,0003875 seconds, Stopping threads took: 0,0000206 seconds
2018-06-14T10:47:54.686+0200: 23,477: Total time for which application threads were stopped: 0,0004835 seconds, Stopping threads took: 0,0000289 seconds
2018-06-14T10:47:54.687+0200: 23,478: Total time for which application threads were stopped: 0,0004438 seconds, Stopping threads took: 0,0000154 seconds
2018-06-14T10:47:54.701+0200: 23,493: Total time for which application threads were stopped: 0,0013230 seconds, Stopping threads took: 0,0012014 seconds
2018-06-14T10:47:54.715+0200: 23,506: Total time for which application threads were stopped: 0,0031814 seconds, Stopping threads took: 0,0030303 seconds
2018-06-14T10:47:54.729+0200: 23,520: Total time for which application threads were stopped: 0,0001367 seconds, Stopping threads took: 0,0000428 seconds
2018-06-14T10:47:54.731+0200: 23,523: Total time for which application threads were stopped: 0,0021618 seconds, Stopping threads took: 0,0020410 seconds
2018-06-14T10:47:54.733+0200: 23,524: Total time for which application threads were stopped: 0,0001264 seconds, Stopping threads took: 0,0000622 seconds
Heap
 par new generation   total 109248K, used 50087K [0x00000000e0000000, 0x00000000e8000000, 0x00000000e8000000)
  eden space 87424K,  34% used [0x00000000e0000000, 0x00000000e1dba198, 0x00000000e5560000)
  from space 21824K,  90% used [0x00000000e6ab0000, 0x00000000e7ddfb78, 0x00000000e8000000)
  to   space 21824K,   0% used [0x00000000e5560000, 0x00000000e5560000, 0x00000000e6ab0000)
 concurrent mark-sweep generation total 393216K, used 7472K [0x00000000e8000000, 0x0000000100000000, 0x0000000100000000)
 Metaspace       used 28487K, capacity 29140K, committed 29436K, reserved 1075200K
  class space    used 3259K, capacity 3476K, committed 3580K, reserved 1048576K
