OpenJDK 64-Bit Server VM (25.171-b11) for linux-amd64 JRE (1.8.0_171-8u171-b11-0ubuntu0.16.04.1-b11), built on Apr 27 2018 17:19:03 by "buildd" with gcc 5.4.0 20160609
Memory: 4k page, physical 7867600k(760152k free), swap 8076284k(7967968k free)
CommandLine flags: -XX:CMSInitiatingOccupancyFraction=50 -XX:CMSMaxAbortablePrecleanTime=6000 -XX:+CMSParallelRemarkEnabled -XX:+CMSScavengeBeforeRemark -XX:ConcGCThreads=4 -XX:InitialHeapSize=536870912 -XX:MaxHeapSize=536870912 -XX:MaxTenuringThreshold=8 -XX:NewRatio=3 -XX:OldPLABSize=16 -XX:OnOutOfMemoryError=/home/gurnoor/workspace/QTM/solr/bin/oom_solr.sh 8983 /home/gurnoor/workspace/QTM/solr/server/logs -XX:ParallelGCThreads=4 -XX:+ParallelRefProcEnabled -XX:PretenureSizeThreshold=67108864 -XX:+PrintGC -XX:+PrintGCApplicationStoppedTime -XX:+PrintGCDateStamps -XX:+PrintGCDetails -XX:+PrintGCTimeStamps -XX:+PrintHeapAtGC -XX:+PrintTenuringDistribution -XX:SurvivorRatio=4 -XX:TargetSurvivorRatio=90 -XX:ThreadStackSize=256 -XX:+UseCMSInitiatingOccupancyOnly -XX:+UseCompressedClassPointers -XX:+UseCompressedOops -XX:+UseConcMarkSweepGC -XX:+UseParNewGC 
2018-06-19T15:59:22.995+0200: 0,149: Total time for which application threads were stopped: 0,0003035 seconds, Stopping threads took: 0,0000624 seconds
2018-06-19T15:59:23.062+0200: 0,216: Total time for which application threads were stopped: 0,0001101 seconds, Stopping threads took: 0,0000198 seconds
2018-06-19T15:59:23.074+0200: 0,228: Total time for which application threads were stopped: 0,0000831 seconds, Stopping threads took: 0,0000146 seconds
2018-06-19T15:59:23.218+0200: 0,372: Total time for which application threads were stopped: 0,0001752 seconds, Stopping threads took: 0,0000238 seconds
2018-06-19T15:59:23.400+0200: 0,554: Total time for which application threads were stopped: 0,0012489 seconds, Stopping threads took: 0,0000780 seconds
2018-06-19T15:59:23.446+0200: 0,600: Total time for which application threads were stopped: 0,0001649 seconds, Stopping threads took: 0,0000175 seconds
2018-06-19T15:59:23.459+0200: 0,613: Total time for which application threads were stopped: 0,0001956 seconds, Stopping threads took: 0,0000279 seconds
2018-06-19T15:59:23.651+0200: 0,805: Total time for which application threads were stopped: 0,0002003 seconds, Stopping threads took: 0,0000196 seconds
2018-06-19T15:59:23.802+0200: 0,956: Total time for which application threads were stopped: 0,0002542 seconds, Stopping threads took: 0,0000293 seconds
2018-06-19T15:59:23.822+0200: 0,976: Total time for which application threads were stopped: 0,0002584 seconds, Stopping threads took: 0,0000447 seconds
2018-06-19T15:59:23.848+0200: 1,002: Total time for which application threads were stopped: 0,0002630 seconds, Stopping threads took: 0,0000328 seconds
2018-06-19T15:59:23.849+0200: 1,003: Total time for which application threads were stopped: 0,0002096 seconds, Stopping threads took: 0,0000270 seconds
2018-06-19T15:59:23.859+0200: 1,013: Total time for which application threads were stopped: 0,0002793 seconds, Stopping threads took: 0,0000301 seconds
2018-06-19T15:59:23.944+0200: 1,098: Total time for which application threads were stopped: 0,0002680 seconds, Stopping threads took: 0,0000230 seconds
2018-06-19T15:59:24.104+0200: 1,258: Total time for which application threads were stopped: 0,0004322 seconds, Stopping threads took: 0,0001808 seconds
{Heap before GC invocations=0 (full 0):
 par new generation   total 109248K, used 87424K [0x00000000e0000000, 0x00000000e8000000, 0x00000000e8000000)
  eden space 87424K, 100% used [0x00000000e0000000, 0x00000000e5560000, 0x00000000e5560000)
  from space 21824K,   0% used [0x00000000e5560000, 0x00000000e5560000, 0x00000000e6ab0000)
  to   space 21824K,   0% used [0x00000000e6ab0000, 0x00000000e6ab0000, 0x00000000e8000000)
 concurrent mark-sweep generation total 393216K, used 0K [0x00000000e8000000, 0x0000000100000000, 0x0000000100000000)
 Metaspace       used 18125K, capacity 18472K, committed 18688K, reserved 1064960K
  class space    used 2045K, capacity 2198K, committed 2304K, reserved 1048576K
2018-06-19T15:59:24.181+0200: 1,335: [GC (Allocation Failure) 2018-06-19T15:59:24.181+0200: 1,335: [ParNew
Desired survivor size 20112992 bytes, new threshold 8 (max 8)
- age   1:   12345920 bytes,   12345920 total
: 87424K->12179K(109248K), 0,0111828 secs] 87424K->12179K(502464K), 0,0112463 secs] [Times: user=0,04 sys=0,01, real=0,02 secs] 
Heap after GC invocations=1 (full 0):
 par new generation   total 109248K, used 12179K [0x00000000e0000000, 0x00000000e8000000, 0x00000000e8000000)
  eden space 87424K,   0% used [0x00000000e0000000, 0x00000000e0000000, 0x00000000e5560000)
  from space 21824K,  55% used [0x00000000e6ab0000, 0x00000000e7694cf8, 0x00000000e8000000)
  to   space 21824K,   0% used [0x00000000e5560000, 0x00000000e5560000, 0x00000000e6ab0000)
 concurrent mark-sweep generation total 393216K, used 0K [0x00000000e8000000, 0x0000000100000000, 0x0000000100000000)
 Metaspace       used 18125K, capacity 18472K, committed 18688K, reserved 1064960K
  class space    used 2045K, capacity 2198K, committed 2304K, reserved 1048576K
}
2018-06-19T15:59:24.192+0200: 1,346: Total time for which application threads were stopped: 0,0115637 seconds, Stopping threads took: 0,0000830 seconds
2018-06-19T15:59:24.435+0200: 1,589: Total time for which application threads were stopped: 0,0006969 seconds, Stopping threads took: 0,0003302 seconds
2018-06-19T15:59:24.493+0200: 1,646: Total time for which application threads were stopped: 0,0003551 seconds, Stopping threads took: 0,0000660 seconds
{Heap before GC invocations=1 (full 0):
 par new generation   total 109248K, used 99603K [0x00000000e0000000, 0x00000000e8000000, 0x00000000e8000000)
  eden space 87424K, 100% used [0x00000000e0000000, 0x00000000e5560000, 0x00000000e5560000)
  from space 21824K,  55% used [0x00000000e6ab0000, 0x00000000e7694cf8, 0x00000000e8000000)
  to   space 21824K,   0% used [0x00000000e5560000, 0x00000000e5560000, 0x00000000e6ab0000)
 concurrent mark-sweep generation total 393216K, used 0K [0x00000000e8000000, 0x0000000100000000, 0x0000000100000000)
 Metaspace       used 20104K, capacity 20482K, committed 20736K, reserved 1067008K
  class space    used 2296K, capacity 2465K, committed 2560K, reserved 1048576K
2018-06-19T15:59:24.503+0200: 1,657: [GC (Allocation Failure) 2018-06-19T15:59:24.503+0200: 1,657: [ParNew
Desired survivor size 20112992 bytes, new threshold 8 (max 8)
- age   1:    2616000 bytes,    2616000 total
- age   2:    6468168 bytes,    9084168 total
: 99603K->11564K(109248K), 0,0129088 secs] 99603K->11564K(502464K), 0,0129777 secs] [Times: user=0,04 sys=0,00, real=0,01 secs] 
Heap after GC invocations=2 (full 0):
 par new generation   total 109248K, used 11564K [0x00000000e0000000, 0x00000000e8000000, 0x00000000e8000000)
  eden space 87424K,   0% used [0x00000000e0000000, 0x00000000e0000000, 0x00000000e5560000)
  from space 21824K,  52% used [0x00000000e5560000, 0x00000000e60ab010, 0x00000000e6ab0000)
  to   space 21824K,   0% used [0x00000000e6ab0000, 0x00000000e6ab0000, 0x00000000e8000000)
 concurrent mark-sweep generation total 393216K, used 0K [0x00000000e8000000, 0x0000000100000000, 0x0000000100000000)
 Metaspace       used 20104K, capacity 20482K, committed 20736K, reserved 1067008K
  class space    used 2296K, capacity 2465K, committed 2560K, reserved 1048576K
}
2018-06-19T15:59:24.516+0200: 1,670: Total time for which application threads were stopped: 0,0162109 seconds, Stopping threads took: 0,0031040 seconds
2018-06-19T15:59:24.556+0200: 1,710: Total time for which application threads were stopped: 0,0003932 seconds, Stopping threads took: 0,0000772 seconds
2018-06-19T15:59:24.685+0200: 1,839: Total time for which application threads were stopped: 0,0001824 seconds, Stopping threads took: 0,0000508 seconds
{Heap before GC invocations=2 (full 0):
 par new generation   total 109248K, used 98988K [0x00000000e0000000, 0x00000000e8000000, 0x00000000e8000000)
  eden space 87424K, 100% used [0x00000000e0000000, 0x00000000e5560000, 0x00000000e5560000)
  from space 21824K,  52% used [0x00000000e5560000, 0x00000000e60ab010, 0x00000000e6ab0000)
  to   space 21824K,   0% used [0x00000000e6ab0000, 0x00000000e6ab0000, 0x00000000e8000000)
 concurrent mark-sweep generation total 393216K, used 0K [0x00000000e8000000, 0x0000000100000000, 0x0000000100000000)
 Metaspace       used 21052K, capacity 21340K, committed 21628K, reserved 1069056K
  class space    used 2424K, capacity 2584K, committed 2684K, reserved 1048576K
2018-06-19T15:59:24.736+0200: 1,890: [GC (Allocation Failure) 2018-06-19T15:59:24.736+0200: 1,890: [ParNew
Desired survivor size 20112992 bytes, new threshold 8 (max 8)
- age   1:    2563168 bytes,    2563168 total
- age   2:     525528 bytes,    3088696 total
- age   3:    6464728 bytes,    9553424 total
: 98988K->11821K(109248K), 0,0141414 secs] 98988K->11821K(502464K), 0,0142324 secs] [Times: user=0,06 sys=0,00, real=0,01 secs] 
Heap after GC invocations=3 (full 0):
 par new generation   total 109248K, used 11821K [0x00000000e0000000, 0x00000000e8000000, 0x00000000e8000000)
  eden space 87424K,   0% used [0x00000000e0000000, 0x00000000e0000000, 0x00000000e5560000)
  from space 21824K,  54% used [0x00000000e6ab0000, 0x00000000e763b648, 0x00000000e8000000)
  to   space 21824K,   0% used [0x00000000e5560000, 0x00000000e5560000, 0x00000000e6ab0000)
 concurrent mark-sweep generation total 393216K, used 0K [0x00000000e8000000, 0x0000000100000000, 0x0000000100000000)
 Metaspace       used 21052K, capacity 21340K, committed 21628K, reserved 1069056K
  class space    used 2424K, capacity 2584K, committed 2684K, reserved 1048576K
}
2018-06-19T15:59:24.750+0200: 1,904: Total time for which application threads were stopped: 0,0146431 seconds, Stopping threads took: 0,0002338 seconds
2018-06-19T15:59:24.751+0200: 1,905: [GC (CMS Initial Mark) [1 CMS-initial-mark: 0K(393216K)] 12520K(502464K), 0,0048159 secs] [Times: user=0,01 sys=0,00, real=0,00 secs] 
2018-06-19T15:59:24.756+0200: 1,910: Total time for which application threads were stopped: 0,0053065 seconds, Stopping threads took: 0,0003849 seconds
2018-06-19T15:59:24.756+0200: 1,910: [CMS-concurrent-mark-start]
2018-06-19T15:59:24.756+0200: 1,910: [CMS-concurrent-mark: 0,000/0,000 secs] [Times: user=0,00 sys=0,00, real=0,00 secs] 
2018-06-19T15:59:24.756+0200: 1,910: [CMS-concurrent-preclean-start]
2018-06-19T15:59:24.757+0200: 1,911: [CMS-concurrent-preclean: 0,001/0,001 secs] [Times: user=0,01 sys=0,00, real=0,00 secs] 
2018-06-19T15:59:24.757+0200: 1,911: [CMS-concurrent-abortable-preclean-start]
2018-06-19T15:59:24.812+0200: 1,965: Total time for which application threads were stopped: 0,0001984 seconds, Stopping threads took: 0,0000776 seconds
{Heap before GC invocations=3 (full 1):
 par new generation   total 109248K, used 99245K [0x00000000e0000000, 0x00000000e8000000, 0x00000000e8000000)
  eden space 87424K, 100% used [0x00000000e0000000, 0x00000000e5560000, 0x00000000e5560000)
  from space 21824K,  54% used [0x00000000e6ab0000, 0x00000000e763b648, 0x00000000e8000000)
  to   space 21824K,   0% used [0x00000000e5560000, 0x00000000e5560000, 0x00000000e6ab0000)
 concurrent mark-sweep generation total 393216K, used 0K [0x00000000e8000000, 0x0000000100000000, 0x0000000100000000)
 Metaspace       used 21299K, capacity 21680K, committed 21884K, reserved 1069056K
  class space    used 2447K, capacity 2599K, committed 2684K, reserved 1048576K
2018-06-19T15:59:24.905+0200: 2,059: [GC (Allocation Failure) 2018-06-19T15:59:24.905+0200: 2,059: [ParNew
Desired survivor size 20112992 bytes, new threshold 8 (max 8)
- age   1:     855432 bytes,     855432 total
- age   2:    1444560 bytes,    2299992 total
- age   3:     523368 bytes,    2823360 total
- age   4:    6464776 bytes,    9288136 total
: 99245K->12465K(109248K), 0,0090916 secs] 99245K->12465K(502464K), 0,0091607 secs] [Times: user=0,03 sys=0,00, real=0,01 secs] 
Heap after GC invocations=4 (full 1):
 par new generation   total 109248K, used 12465K [0x00000000e0000000, 0x00000000e8000000, 0x00000000e8000000)
  eden space 87424K,   0% used [0x00000000e0000000, 0x00000000e0000000, 0x00000000e5560000)
  from space 21824K,  57% used [0x00000000e5560000, 0x00000000e618c6d0, 0x00000000e6ab0000)
  to   space 21824K,   0% used [0x00000000e6ab0000, 0x00000000e6ab0000, 0x00000000e8000000)
 concurrent mark-sweep generation total 393216K, used 0K [0x00000000e8000000, 0x0000000100000000, 0x0000000100000000)
 Metaspace       used 21299K, capacity 21680K, committed 21884K, reserved 1069056K
  class space    used 2447K, capacity 2599K, committed 2684K, reserved 1048576K
}
2018-06-19T15:59:24.914+0200: 2,068: Total time for which application threads were stopped: 0,0104625 seconds, Stopping threads took: 0,0011501 seconds
2018-06-19T15:59:24.914+0200: 2,068: [CMS-concurrent-abortable-preclean: 0,126/0,157 secs] [Times: user=0,60 sys=0,01, real=0,16 secs] 
2018-06-19T15:59:24.914+0200: 2,068: [GC (CMS Final Remark) [YG occupancy: 13172 K (109248 K)]{Heap before GC invocations=4 (full 1):
 par new generation   total 109248K, used 13172K [0x00000000e0000000, 0x00000000e8000000, 0x00000000e8000000)
  eden space 87424K,   0% used [0x00000000e0000000, 0x00000000e00b09d8, 0x00000000e5560000)
  from space 21824K,  57% used [0x00000000e5560000, 0x00000000e618c6d0, 0x00000000e6ab0000)
  to   space 21824K,   0% used [0x00000000e6ab0000, 0x00000000e6ab0000, 0x00000000e8000000)
 concurrent mark-sweep generation total 393216K, used 0K [0x00000000e8000000, 0x0000000100000000, 0x0000000100000000)
 Metaspace       used 21299K, capacity 21680K, committed 21884K, reserved 1069056K
  class space    used 2447K, capacity 2599K, committed 2684K, reserved 1048576K
2018-06-19T15:59:24.914+0200: 2,068: [GC (CMS Final Remark) 2018-06-19T15:59:24.914+0200: 2,068: [ParNew
Desired survivor size 20112992 bytes, new threshold 8 (max 8)
- age   1:      83152 bytes,      83152 total
- age   2:     822648 bytes,     905800 total
- age   3:    1444560 bytes,    2350360 total
- age   4:     523368 bytes,    2873728 total
- age   5:    6464560 bytes,    9338288 total
: 13172K->10957K(109248K), 0,0156129 secs] 13172K->10957K(502464K), 0,0156563 secs] [Times: user=0,06 sys=0,00, real=0,01 secs] 
Heap after GC invocations=5 (full 1):
 par new generation   total 109248K, used 10957K [0x00000000e0000000, 0x00000000e8000000, 0x00000000e8000000)
  eden space 87424K,   0% used [0x00000000e0000000, 0x00000000e0000000, 0x00000000e5560000)
  from space 21824K,  50% used [0x00000000e6ab0000, 0x00000000e7563780, 0x00000000e8000000)
  to   space 21824K,   0% used [0x00000000e5560000, 0x00000000e5560000, 0x00000000e6ab0000)
 concurrent mark-sweep generation total 393216K, used 0K [0x00000000e8000000, 0x0000000100000000, 0x0000000100000000)
 Metaspace       used 21299K, capacity 21680K, committed 21884K, reserved 1069056K
  class space    used 2447K, capacity 2599K, committed 2684K, reserved 1048576K
}
2018-06-19T15:59:24.930+0200: 2,084: [Rescan (parallel) , 0,0031365 secs]2018-06-19T15:59:24.933+0200: 2,087: [weak refs processing, 0,0007019 secs]2018-06-19T15:59:24.934+0200: 2,088: [class unloading, 0,0029855 secs]2018-06-19T15:59:24.937+0200: 2,091: [scrub symbol table, 0,0029036 secs]2018-06-19T15:59:24.940+0200: 2,094: [scrub string table, 0,0003663 secs][1 CMS-remark: 0K(393216K)] 10957K(502464K), 0,0264319 secs] [Times: user=0,08 sys=0,00, real=0,02 secs] 
2018-06-19T15:59:24.941+0200: 2,095: Total time for which application threads were stopped: 0,0265568 seconds, Stopping threads took: 0,0000419 seconds
2018-06-19T15:59:24.941+0200: 2,095: [CMS-concurrent-sweep-start]
2018-06-19T15:59:24.941+0200: 2,095: [CMS-concurrent-sweep: 0,000/0,000 secs] [Times: user=0,00 sys=0,00, real=0,00 secs] 
2018-06-19T15:59:24.941+0200: 2,095: [CMS-concurrent-reset-start]
2018-06-19T15:59:24.948+0200: 2,102: [CMS-concurrent-reset: 0,007/0,007 secs] [Times: user=0,03 sys=0,00, real=0,01 secs] 
{Heap before GC invocations=5 (full 1):
 par new generation   total 109248K, used 98381K [0x00000000e0000000, 0x00000000e8000000, 0x00000000e8000000)
  eden space 87424K, 100% used [0x00000000e0000000, 0x00000000e5560000, 0x00000000e5560000)
  from space 21824K,  50% used [0x00000000e6ab0000, 0x00000000e7563780, 0x00000000e8000000)
  to   space 21824K,   0% used [0x00000000e5560000, 0x00000000e5560000, 0x00000000e6ab0000)
 concurrent mark-sweep generation total 393216K, used 0K [0x00000000e8000000, 0x0000000100000000, 0x0000000100000000)
 Metaspace       used 21496K, capacity 21852K, committed 22140K, reserved 1069056K
  class space    used 2470K, capacity 2633K, committed 2684K, reserved 1048576K
2018-06-19T15:59:25.060+0200: 2,214: [GC (Allocation Failure) 2018-06-19T15:59:25.060+0200: 2,214: [ParNew
Desired survivor size 20112992 bytes, new threshold 8 (max 8)
- age   1:    1179048 bytes,    1179048 total
- age   3:     186840 bytes,    1365888 total
- age   4:    1443512 bytes,    2809400 total
- age   5:     521352 bytes,    3330752 total
- age   6:    6464536 bytes,    9795288 total
: 98381K->14366K(109248K), 0,0092612 secs] 98381K->14366K(502464K), 0,0093301 secs] [Times: user=0,03 sys=0,00, real=0,01 secs] 
Heap after GC invocations=6 (full 1):
 par new generation   total 109248K, used 14366K [0x00000000e0000000, 0x00000000e8000000, 0x00000000e8000000)
  eden space 87424K,   0% used [0x00000000e0000000, 0x00000000e0000000, 0x00000000e5560000)
  from space 21824K,  65% used [0x00000000e5560000, 0x00000000e63678f8, 0x00000000e6ab0000)
  to   space 21824K,   0% used [0x00000000e6ab0000, 0x00000000e6ab0000, 0x00000000e8000000)
 concurrent mark-sweep generation total 393216K, used 0K [0x00000000e8000000, 0x0000000100000000, 0x0000000100000000)
 Metaspace       used 21496K, capacity 21852K, committed 22140K, reserved 1069056K
  class space    used 2470K, capacity 2633K, committed 2684K, reserved 1048576K
}
2018-06-19T15:59:25.069+0200: 2,223: Total time for which application threads were stopped: 0,0095805 seconds, Stopping threads took: 0,0000815 seconds
2018-06-19T15:59:25.091+0200: 2,245: Total time for which application threads were stopped: 0,0003837 seconds, Stopping threads took: 0,0000531 seconds
2018-06-19T15:59:25.327+0200: 2,481: Total time for which application threads were stopped: 0,0034131 seconds, Stopping threads took: 0,0028904 seconds
2018-06-19T15:59:25.341+0200: 2,494: Total time for which application threads were stopped: 0,0004179 seconds, Stopping threads took: 0,0000552 seconds
{Heap before GC invocations=6 (full 1):
 par new generation   total 109248K, used 101790K [0x00000000e0000000, 0x00000000e8000000, 0x00000000e8000000)
  eden space 87424K,  99% used [0x00000000e0000000, 0x00000000e555fff8, 0x00000000e5560000)
  from space 21824K,  65% used [0x00000000e5560000, 0x00000000e63678f8, 0x00000000e6ab0000)
  to   space 21824K,   0% used [0x00000000e6ab0000, 0x00000000e6ab0000, 0x00000000e8000000)
 concurrent mark-sweep generation total 393216K, used 0K [0x00000000e8000000, 0x0000000100000000, 0x0000000100000000)
 Metaspace       used 25528K, capacity 26072K, committed 26236K, reserved 1073152K
  class space    used 2949K, capacity 3151K, committed 3196K, reserved 1048576K
2018-06-19T15:59:25.707+0200: 2,861: [GC (Allocation Failure) 2018-06-19T15:59:25.707+0200: 2,861: [ParNew
Desired survivor size 20112992 bytes, new threshold 8 (max 8)
- age   1:    9609904 bytes,    9609904 total
- age   2:     141440 bytes,    9751344 total
- age   4:     183408 bytes,    9934752 total
- age   5:     269968 bytes,   10204720 total
- age   6:     499336 bytes,   10704056 total
- age   7:    6457560 bytes,   17161616 total
: 101790K->18286K(109248K), 0,0309419 secs] 101790K->18286K(502464K), 0,0310230 secs] [Times: user=0,06 sys=0,00, real=0,03 secs] 
Heap after GC invocations=7 (full 1):
 par new generation   total 109248K, used 18286K [0x00000000e0000000, 0x00000000e8000000, 0x00000000e8000000)
  eden space 87424K,   0% used [0x00000000e0000000, 0x00000000e0000000, 0x00000000e5560000)
  from space 21824K,  83% used [0x00000000e6ab0000, 0x00000000e7c8bba0, 0x00000000e8000000)
  to   space 21824K,   0% used [0x00000000e5560000, 0x00000000e5560000, 0x00000000e6ab0000)
 concurrent mark-sweep generation total 393216K, used 0K [0x00000000e8000000, 0x0000000100000000, 0x0000000100000000)
 Metaspace       used 25528K, capacity 26072K, committed 26236K, reserved 1073152K
  class space    used 2949K, capacity 3151K, committed 3196K, reserved 1048576K
}
2018-06-19T15:59:25.738+0200: 2,892: Total time for which application threads were stopped: 0,0339959 seconds, Stopping threads took: 0,0027250 seconds
2018-06-19T15:59:25.863+0200: 3,016: Total time for which application threads were stopped: 0,0005954 seconds, Stopping threads took: 0,0000710 seconds
2018-06-19T15:59:25.895+0200: 3,048: Total time for which application threads were stopped: 0,0004789 seconds, Stopping threads took: 0,0000856 seconds
2018-06-19T15:59:25.961+0200: 3,115: Total time for which application threads were stopped: 0,0015761 seconds, Stopping threads took: 0,0011908 seconds
2018-06-19T15:59:26.067+0200: 3,221: Total time for which application threads were stopped: 0,0015233 seconds, Stopping threads took: 0,0009935 seconds
{Heap before GC invocations=7 (full 1):
 par new generation   total 109248K, used 105686K [0x00000000e0000000, 0x00000000e8000000, 0x00000000e8000000)
  eden space 87424K,  99% used [0x00000000e0000000, 0x00000000e5559e90, 0x00000000e5560000)
  from space 21824K,  83% used [0x00000000e6ab0000, 0x00000000e7c8bba0, 0x00000000e8000000)
  to   space 21824K,   0% used [0x00000000e5560000, 0x00000000e5560000, 0x00000000e6ab0000)
 concurrent mark-sweep generation total 393216K, used 0K [0x00000000e8000000, 0x0000000100000000, 0x0000000100000000)
 Metaspace       used 27900K, capacity 28522K, committed 28796K, reserved 1075200K
  class space    used 3205K, capacity 3384K, committed 3452K, reserved 1048576K
2018-06-19T15:59:26.225+0200: 3,379: [GC (Allocation Failure) 2018-06-19T15:59:26.225+0200: 3,379: [ParNew
Desired survivor size 20112992 bytes, new threshold 8 (max 8)
- age   1:    8880512 bytes,    8880512 total
- age   2:    5672256 bytes,   14552768 total
- age   3:     117784 bytes,   14670552 total
- age   5:     169784 bytes,   14840336 total
- age   6:     251864 bytes,   15092200 total
- age   7:     488344 bytes,   15580544 total
- age   8:    6172104 bytes,   21752648 total
: 105686K->21824K(109248K), 0,0297597 secs] 105686K->23139K(502464K), 0,0298482 secs] [Times: user=0,11 sys=0,01, real=0,03 secs] 
Heap after GC invocations=8 (full 1):
 par new generation   total 109248K, used 21824K [0x00000000e0000000, 0x00000000e8000000, 0x00000000e8000000)
  eden space 87424K,   0% used [0x00000000e0000000, 0x00000000e0000000, 0x00000000e5560000)
  from space 21824K, 100% used [0x00000000e5560000, 0x00000000e6ab0000, 0x00000000e6ab0000)
  to   space 21824K,   0% used [0x00000000e6ab0000, 0x00000000e6ab0000, 0x00000000e8000000)
 concurrent mark-sweep generation total 393216K, used 1315K [0x00000000e8000000, 0x0000000100000000, 0x0000000100000000)
 Metaspace       used 27900K, capacity 28522K, committed 28796K, reserved 1075200K
  class space    used 3205K, capacity 3384K, committed 3452K, reserved 1048576K
}
2018-06-19T15:59:26.255+0200: 3,409: Total time for which application threads were stopped: 0,0301387 seconds, Stopping threads took: 0,0000829 seconds
{Heap before GC invocations=8 (full 1):
 par new generation   total 109248K, used 109248K [0x00000000e0000000, 0x00000000e8000000, 0x00000000e8000000)
  eden space 87424K, 100% used [0x00000000e0000000, 0x00000000e5560000, 0x00000000e5560000)
  from space 21824K, 100% used [0x00000000e5560000, 0x00000000e6ab0000, 0x00000000e6ab0000)
  to   space 21824K,   0% used [0x00000000e6ab0000, 0x00000000e6ab0000, 0x00000000e8000000)
 concurrent mark-sweep generation total 393216K, used 1315K [0x00000000e8000000, 0x0000000100000000, 0x0000000100000000)
 Metaspace       used 27939K, capacity 28528K, committed 28796K, reserved 1075200K
  class space    used 3205K, capacity 3385K, committed 3452K, reserved 1048576K
2018-06-19T15:59:26.365+0200: 3,519: [GC (Allocation Failure) 2018-06-19T15:59:26.365+0200: 3,519: [ParNew
Desired survivor size 20112992 bytes, new threshold 8 (max 8)
- age   1:    1153592 bytes,    1153592 total
- age   2:    7477728 bytes,    8631320 total
- age   3:    5669712 bytes,   14301032 total
- age   4:     117784 bytes,   14418816 total
- age   6:     169680 bytes,   14588496 total
- age   7:     251864 bytes,   14840360 total
- age   8:     488344 bytes,   15328704 total
: 109248K->21824K(109248K), 0,0402145 secs] 110563K->29244K(502464K), 0,0404518 secs] [Times: user=0,13 sys=0,00, real=0,04 secs] 
Heap after GC invocations=9 (full 1):
 par new generation   total 109248K, used 21824K [0x00000000e0000000, 0x00000000e8000000, 0x00000000e8000000)
  eden space 87424K,   0% used [0x00000000e0000000, 0x00000000e0000000, 0x00000000e5560000)
  from space 21824K, 100% used [0x00000000e6ab0000, 0x00000000e8000000, 0x00000000e8000000)
  to   space 21824K,   0% used [0x00000000e5560000, 0x00000000e5560000, 0x00000000e6ab0000)
 concurrent mark-sweep generation total 393216K, used 7420K [0x00000000e8000000, 0x0000000100000000, 0x0000000100000000)
 Metaspace       used 27939K, capacity 28528K, committed 28796K, reserved 1075200K
  class space    used 3205K, capacity 3385K, committed 3452K, reserved 1048576K
}
2018-06-19T15:59:26.405+0200: 3,559: Total time for which application threads were stopped: 0,0409048 seconds, Stopping threads took: 0,0000769 seconds
{Heap before GC invocations=9 (full 1):
 par new generation   total 109248K, used 109248K [0x00000000e0000000, 0x00000000e8000000, 0x00000000e8000000)
  eden space 87424K, 100% used [0x00000000e0000000, 0x00000000e5560000, 0x00000000e5560000)
  from space 21824K, 100% used [0x00000000e6ab0000, 0x00000000e8000000, 0x00000000e8000000)
  to   space 21824K,   0% used [0x00000000e5560000, 0x00000000e5560000, 0x00000000e6ab0000)
 concurrent mark-sweep generation total 393216K, used 7420K [0x00000000e8000000, 0x0000000100000000, 0x0000000100000000)
 Metaspace       used 27991K, capacity 28564K, committed 28796K, reserved 1075200K
  class space    used 3209K, capacity 3392K, committed 3452K, reserved 1048576K
2018-06-19T15:59:26.475+0200: 3,629: [GC (Allocation Failure) 2018-06-19T15:59:26.475+0200: 3,629: [ParNew
Desired survivor size 20112992 bytes, new threshold 8 (max 8)
- age   1:     602496 bytes,     602496 total
- age   2:     946696 bytes,    1549192 total
- age   3:    7477728 bytes,    9026920 total
- age   4:    5669712 bytes,   14696632 total
- age   5:     117784 bytes,   14814416 total
- age   7:     169576 bytes,   14983992 total
- age   8:     251888 bytes,   15235880 total
: 109248K->19710K(109248K), 0,0324209 secs] 116668K->27619K(502464K), 0,0326790 secs] [Times: user=0,10 sys=0,00, real=0,03 secs] 
Heap after GC invocations=10 (full 1):
 par new generation   total 109248K, used 19710K [0x00000000e0000000, 0x00000000e8000000, 0x00000000e8000000)
  eden space 87424K,   0% used [0x00000000e0000000, 0x00000000e0000000, 0x00000000e5560000)
  from space 21824K,  90% used [0x00000000e5560000, 0x00000000e689f938, 0x00000000e6ab0000)
  to   space 21824K,   0% used [0x00000000e6ab0000, 0x00000000e6ab0000, 0x00000000e8000000)
 concurrent mark-sweep generation total 393216K, used 7909K [0x00000000e8000000, 0x0000000100000000, 0x0000000100000000)
 Metaspace       used 27991K, capacity 28564K, committed 28796K, reserved 1075200K
  class space    used 3209K, capacity 3392K, committed 3452K, reserved 1048576K
}
2018-06-19T15:59:26.508+0200: 3,662: Total time for which application threads were stopped: 0,0346758 seconds, Stopping threads took: 0,0015514 seconds
{Heap before GC invocations=10 (full 1):
 par new generation   total 109248K, used 107134K [0x00000000e0000000, 0x00000000e8000000, 0x00000000e8000000)
  eden space 87424K, 100% used [0x00000000e0000000, 0x00000000e5560000, 0x00000000e5560000)
  from space 21824K,  90% used [0x00000000e5560000, 0x00000000e689f938, 0x00000000e6ab0000)
  to   space 21824K,   0% used [0x00000000e6ab0000, 0x00000000e6ab0000, 0x00000000e8000000)
 concurrent mark-sweep generation total 393216K, used 7909K [0x00000000e8000000, 0x0000000100000000, 0x0000000100000000)
 Metaspace       used 28028K, capacity 28634K, committed 28796K, reserved 1075200K
  class space    used 3210K, capacity 3393K, committed 3452K, reserved 1048576K
2018-06-19T15:59:26.662+0200: 3,815: [GC (Allocation Failure) 2018-06-19T15:59:26.662+0200: 3,816: [ParNew
Desired survivor size 20112992 bytes, new threshold 8 (max 8)
- age   1:     627768 bytes,     627768 total
- age   2:     300232 bytes,     928000 total
- age   3:     380176 bytes,    1308176 total
- age   4:    7268440 bytes,    8576616 total
- age   5:    5669712 bytes,   14246328 total
- age   6:     117680 bytes,   14364008 total
- age   8:     169576 bytes,   14533584 total
: 107134K->18529K(109248K), 0,0357175 secs] 115043K->26691K(502464K), 0,0358307 secs] [Times: user=0,12 sys=0,00, real=0,04 secs] 
Heap after GC invocations=11 (full 1):
 par new generation   total 109248K, used 18529K [0x00000000e0000000, 0x00000000e8000000, 0x00000000e8000000)
  eden space 87424K,   0% used [0x00000000e0000000, 0x00000000e0000000, 0x00000000e5560000)
  from space 21824K,  84% used [0x00000000e6ab0000, 0x00000000e7cc87b8, 0x00000000e8000000)
  to   space 21824K,   0% used [0x00000000e5560000, 0x00000000e5560000, 0x00000000e6ab0000)
 concurrent mark-sweep generation total 393216K, used 8161K [0x00000000e8000000, 0x0000000100000000, 0x0000000100000000)
 Metaspace       used 28028K, capacity 28634K, committed 28796K, reserved 1075200K
  class space    used 3210K, capacity 3393K, committed 3452K, reserved 1048576K
}
2018-06-19T15:59:26.698+0200: 3,851: Total time for which application threads were stopped: 0,0411499 seconds, Stopping threads took: 0,0050753 seconds
2018-06-19T15:59:26.914+0200: 4,068: Total time for which application threads were stopped: 0,0008053 seconds, Stopping threads took: 0,0002102 seconds
2018-06-19T15:59:27.914+0200: 5,068: Total time for which application threads were stopped: 0,0001244 seconds, Stopping threads took: 0,0000242 seconds
2018-06-19T15:59:28.463+0200: 5,617: Total time for which application threads were stopped: 0,0001672 seconds, Stopping threads took: 0,0000533 seconds
2018-06-19T15:59:28.471+0200: 5,625: Total time for which application threads were stopped: 0,0007425 seconds, Stopping threads took: 0,0002215 seconds
2018-06-19T15:59:28.471+0200: 5,625: Total time for which application threads were stopped: 0,0001370 seconds, Stopping threads took: 0,0000232 seconds
2018-06-19T15:59:28.472+0200: 5,626: Total time for which application threads were stopped: 0,0001125 seconds, Stopping threads took: 0,0000239 seconds
2018-06-19T15:59:28.474+0200: 5,628: Total time for which application threads were stopped: 0,0006190 seconds, Stopping threads took: 0,0005141 seconds
2018-06-19T15:59:28.474+0200: 5,628: Total time for which application threads were stopped: 0,0002709 seconds, Stopping threads took: 0,0000872 seconds
2018-06-19T15:59:28.475+0200: 5,629: Total time for which application threads were stopped: 0,0003350 seconds, Stopping threads took: 0,0002233 seconds
2018-06-19T15:59:28.476+0200: 5,630: Total time for which application threads were stopped: 0,0002407 seconds, Stopping threads took: 0,0001608 seconds
2018-06-19T15:59:28.476+0200: 5,630: Total time for which application threads were stopped: 0,0000925 seconds, Stopping threads took: 0,0000250 seconds
2018-06-19T15:59:28.478+0200: 5,632: Total time for which application threads were stopped: 0,0001428 seconds, Stopping threads took: 0,0000272 seconds
2018-06-19T15:59:28.483+0200: 5,637: Total time for which application threads were stopped: 0,0006174 seconds, Stopping threads took: 0,0002428 seconds
2018-06-19T15:59:28.483+0200: 5,637: Total time for which application threads were stopped: 0,0001158 seconds, Stopping threads took: 0,0000196 seconds
2018-06-19T15:59:28.493+0200: 5,647: Total time for which application threads were stopped: 0,0002581 seconds, Stopping threads took: 0,0000719 seconds
2018-06-19T15:59:28.494+0200: 5,647: Total time for which application threads were stopped: 0,0001112 seconds, Stopping threads took: 0,0000425 seconds
2018-06-19T15:59:28.497+0200: 5,651: Total time for which application threads were stopped: 0,0001465 seconds, Stopping threads took: 0,0000606 seconds
2018-06-19T15:59:28.499+0200: 5,653: Total time for which application threads were stopped: 0,0002029 seconds, Stopping threads took: 0,0001145 seconds
2018-06-19T15:59:28.500+0200: 5,654: Total time for which application threads were stopped: 0,0001075 seconds, Stopping threads took: 0,0000322 seconds
2018-06-19T15:59:28.502+0200: 5,656: Total time for which application threads were stopped: 0,0001700 seconds, Stopping threads took: 0,0000798 seconds
2018-06-19T15:59:28.503+0200: 5,657: Total time for which application threads were stopped: 0,0002711 seconds, Stopping threads took: 0,0001998 seconds
2018-06-19T15:59:28.505+0200: 5,659: Total time for which application threads were stopped: 0,0001083 seconds, Stopping threads took: 0,0000319 seconds
2018-06-19T15:59:28.520+0200: 5,674: Total time for which application threads were stopped: 0,0001604 seconds, Stopping threads took: 0,0000786 seconds
2018-06-19T15:59:28.524+0200: 5,678: Total time for which application threads were stopped: 0,0004282 seconds, Stopping threads took: 0,0000185 seconds
2018-06-19T15:59:28.528+0200: 5,682: Total time for which application threads were stopped: 0,0002930 seconds, Stopping threads took: 0,0000442 seconds
2018-06-19T15:59:28.533+0200: 5,687: Total time for which application threads were stopped: 0,0001522 seconds, Stopping threads took: 0,0000543 seconds
2018-06-19T15:59:28.535+0200: 5,689: Total time for which application threads were stopped: 0,0006345 seconds, Stopping threads took: 0,0002932 seconds
2018-06-19T15:59:28.538+0200: 5,692: Total time for which application threads were stopped: 0,0004790 seconds, Stopping threads took: 0,0001535 seconds
2018-06-19T15:59:28.557+0200: 5,711: Total time for which application threads were stopped: 0,0012092 seconds, Stopping threads took: 0,0001487 seconds
2018-06-19T15:59:29.360+0200: 6,514: Total time for which application threads were stopped: 0,0012413 seconds, Stopping threads took: 0,0006790 seconds
2018-06-19T15:59:29.361+0200: 6,515: Total time for which application threads were stopped: 0,0007072 seconds, Stopping threads took: 0,0000251 seconds
2018-06-19T15:59:29.367+0200: 6,521: Total time for which application threads were stopped: 0,0005025 seconds, Stopping threads took: 0,0003882 seconds
2018-06-19T15:59:29.375+0200: 6,529: Total time for which application threads were stopped: 0,0002120 seconds, Stopping threads took: 0,0000654 seconds
2018-06-19T15:59:29.376+0200: 6,530: Total time for which application threads were stopped: 0,0001598 seconds, Stopping threads took: 0,0000260 seconds
2018-06-19T15:59:30.376+0200: 7,530: Total time for which application threads were stopped: 0,0001041 seconds, Stopping threads took: 0,0000262 seconds
2018-06-19T15:59:37.917+0200: 15,071: Total time for which application threads were stopped: 0,0001701 seconds, Stopping threads took: 0,0000337 seconds
2018-06-19T15:59:37.918+0200: 15,072: Total time for which application threads were stopped: 0,0001394 seconds, Stopping threads took: 0,0000525 seconds
2018-06-19T15:59:37.919+0200: 15,073: Total time for which application threads were stopped: 0,0001243 seconds, Stopping threads took: 0,0000309 seconds
2018-06-19T15:59:37.919+0200: 15,073: Total time for which application threads were stopped: 0,0001053 seconds, Stopping threads took: 0,0000336 seconds
2018-06-19T15:59:37.919+0200: 15,073: Total time for which application threads were stopped: 0,0000627 seconds, Stopping threads took: 0,0000093 seconds
2018-06-19T15:59:37.920+0200: 15,074: Total time for which application threads were stopped: 0,0000887 seconds, Stopping threads took: 0,0000181 seconds
2018-06-19T15:59:37.920+0200: 15,074: Total time for which application threads were stopped: 0,0001567 seconds, Stopping threads took: 0,0000512 seconds
2018-06-19T15:59:37.935+0200: 15,089: Total time for which application threads were stopped: 0,0002576 seconds, Stopping threads took: 0,0000963 seconds
2018-06-19T15:59:37.945+0200: 15,098: Total time for which application threads were stopped: 0,0016896 seconds, Stopping threads took: 0,0010215 seconds
2018-06-19T15:59:37.946+0200: 15,100: Total time for which application threads were stopped: 0,0005468 seconds, Stopping threads took: 0,0002269 seconds
2018-06-19T15:59:37.946+0200: 15,100: Total time for which application threads were stopped: 0,0001058 seconds, Stopping threads took: 0,0000495 seconds
2018-06-19T15:59:37.946+0200: 15,100: Total time for which application threads were stopped: 0,0001658 seconds, Stopping threads took: 0,0001022 seconds
2018-06-19T15:59:37.947+0200: 15,100: Total time for which application threads were stopped: 0,0000771 seconds, Stopping threads took: 0,0000222 seconds
2018-06-19T15:59:37.947+0200: 15,101: Total time for which application threads were stopped: 0,0001041 seconds, Stopping threads took: 0,0000230 seconds
2018-06-19T15:59:37.948+0200: 15,102: Total time for which application threads were stopped: 0,0001556 seconds, Stopping threads took: 0,0000471 seconds
2018-06-19T15:59:37.948+0200: 15,102: Total time for which application threads were stopped: 0,0000825 seconds, Stopping threads took: 0,0000253 seconds
2018-06-19T15:59:37.953+0200: 15,107: Total time for which application threads were stopped: 0,0009866 seconds, Stopping threads took: 0,0003770 seconds
2018-06-19T15:59:37.954+0200: 15,108: Total time for which application threads were stopped: 0,0003797 seconds, Stopping threads took: 0,0000709 seconds
2018-06-19T15:59:37.963+0200: 15,117: Total time for which application threads were stopped: 0,0007431 seconds, Stopping threads took: 0,0003407 seconds
2018-06-19T15:59:37.963+0200: 15,117: Total time for which application threads were stopped: 0,0001418 seconds, Stopping threads took: 0,0000461 seconds
2018-06-19T15:59:38.963+0200: 16,117: Total time for which application threads were stopped: 0,0001162 seconds, Stopping threads took: 0,0000193 seconds
2018-06-19T15:59:44.091+0200: 21,245: Total time for which application threads were stopped: 0,0002058 seconds, Stopping threads took: 0,0000765 seconds
2018-06-19T15:59:44.094+0200: 21,248: Total time for which application threads were stopped: 0,0004394 seconds, Stopping threads took: 0,0002384 seconds
2018-06-19T15:59:44.096+0200: 21,249: Total time for which application threads were stopped: 0,0002297 seconds, Stopping threads took: 0,0000912 seconds
2018-06-19T15:59:44.098+0200: 21,252: Total time for which application threads were stopped: 0,0002779 seconds, Stopping threads took: 0,0000957 seconds
2018-06-19T15:59:44.150+0200: 21,304: Total time for which application threads were stopped: 0,0004251 seconds, Stopping threads took: 0,0000185 seconds
2018-06-19T15:59:44.151+0200: 21,305: Total time for which application threads were stopped: 0,0003891 seconds, Stopping threads took: 0,0000124 seconds
2018-06-19T15:59:44.160+0200: 21,314: Total time for which application threads were stopped: 0,0001818 seconds, Stopping threads took: 0,0000823 seconds
2018-06-19T15:59:44.162+0200: 21,316: Total time for which application threads were stopped: 0,0001629 seconds, Stopping threads took: 0,0000518 seconds
2018-06-19T15:59:44.169+0200: 21,323: Total time for which application threads were stopped: 0,0001122 seconds, Stopping threads took: 0,0000406 seconds
2018-06-19T15:59:44.177+0200: 21,331: Total time for which application threads were stopped: 0,0001893 seconds, Stopping threads took: 0,0000634 seconds
2018-06-19T15:59:44.181+0200: 21,335: Total time for which application threads were stopped: 0,0014165 seconds, Stopping threads took: 0,0009973 seconds
2018-06-19T15:59:44.185+0200: 21,339: Total time for which application threads were stopped: 0,0004580 seconds, Stopping threads took: 0,0001366 seconds
2018-06-19T15:59:44.185+0200: 21,339: Total time for which application threads were stopped: 0,0000856 seconds, Stopping threads took: 0,0000228 seconds
2018-06-19T15:59:44.199+0200: 21,353: Total time for which application threads were stopped: 0,0008271 seconds, Stopping threads took: 0,0003527 seconds
2018-06-19T15:59:44.199+0200: 21,353: Total time for which application threads were stopped: 0,0000728 seconds, Stopping threads took: 0,0000221 seconds
2018-06-19T15:59:44.229+0200: 21,383: Total time for which application threads were stopped: 0,0001833 seconds, Stopping threads took: 0,0000489 seconds
2018-06-19T15:59:44.230+0200: 21,384: Total time for which application threads were stopped: 0,0001311 seconds, Stopping threads took: 0,0000456 seconds
2018-06-19T15:59:44.230+0200: 21,384: Total time for which application threads were stopped: 0,0000917 seconds, Stopping threads took: 0,0000366 seconds
2018-06-19T15:59:44.231+0200: 21,385: Total time for which application threads were stopped: 0,0000817 seconds, Stopping threads took: 0,0000310 seconds
2018-06-19T15:59:44.231+0200: 21,385: Total time for which application threads were stopped: 0,0000591 seconds, Stopping threads took: 0,0000176 seconds
2018-06-19T15:59:44.238+0200: 21,392: Total time for which application threads were stopped: 0,0001050 seconds, Stopping threads took: 0,0000350 seconds
2018-06-19T15:59:44.238+0200: 21,392: Total time for which application threads were stopped: 0,0000535 seconds, Stopping threads took: 0,0000161 seconds
2018-06-19T15:59:44.238+0200: 21,392: Total time for which application threads were stopped: 0,0000499 seconds, Stopping threads took: 0,0000211 seconds
2018-06-19T15:59:45.238+0200: 22,392: Total time for which application threads were stopped: 0,0001723 seconds, Stopping threads took: 0,0000397 seconds
2018-06-19T15:59:46.601+0200: 23,755: Total time for which application threads were stopped: 0,0001584 seconds, Stopping threads took: 0,0000436 seconds
2018-06-19T15:59:46.606+0200: 23,760: Total time for which application threads were stopped: 0,0001403 seconds, Stopping threads took: 0,0000543 seconds
2018-06-19T15:59:46.606+0200: 23,760: Total time for which application threads were stopped: 0,0001247 seconds, Stopping threads took: 0,0000454 seconds
2018-06-19T15:59:46.606+0200: 23,760: Total time for which application threads were stopped: 0,0000862 seconds, Stopping threads took: 0,0000265 seconds
2018-06-19T15:59:46.607+0200: 23,761: Total time for which application threads were stopped: 0,0001361 seconds, Stopping threads took: 0,0000330 seconds
2018-06-19T15:59:46.608+0200: 23,762: Total time for which application threads were stopped: 0,0001685 seconds, Stopping threads took: 0,0000609 seconds
2018-06-19T15:59:46.608+0200: 23,762: Total time for which application threads were stopped: 0,0002572 seconds, Stopping threads took: 0,0000173 seconds
2018-06-19T15:59:46.622+0200: 23,776: Total time for which application threads were stopped: 0,0001722 seconds, Stopping threads took: 0,0000626 seconds
2018-06-19T15:59:46.622+0200: 23,776: Total time for which application threads were stopped: 0,0000812 seconds, Stopping threads took: 0,0000139 seconds
2018-06-19T15:59:46.626+0200: 23,780: Total time for which application threads were stopped: 0,0028870 seconds, Stopping threads took: 0,0020162 seconds
2018-06-19T15:59:46.629+0200: 23,783: Total time for which application threads were stopped: 0,0001927 seconds, Stopping threads took: 0,0000562 seconds
2018-06-19T15:59:46.630+0200: 23,784: Total time for which application threads were stopped: 0,0001407 seconds, Stopping threads took: 0,0000274 seconds
2018-06-19T15:59:46.640+0200: 23,793: Total time for which application threads were stopped: 0,0003764 seconds, Stopping threads took: 0,0002627 seconds
2018-06-19T15:59:46.643+0200: 23,797: Total time for which application threads were stopped: 0,0001736 seconds, Stopping threads took: 0,0000478 seconds
2018-06-19T15:59:46.645+0200: 23,798: Total time for which application threads were stopped: 0,0010743 seconds, Stopping threads took: 0,0008680 seconds
2018-06-19T15:59:46.647+0200: 23,801: Total time for which application threads were stopped: 0,0015763 seconds, Stopping threads took: 0,0011533 seconds
2018-06-19T15:59:46.653+0200: 23,807: Total time for which application threads were stopped: 0,0012793 seconds, Stopping threads took: 0,0007078 seconds
2018-06-19T15:59:46.657+0200: 23,811: Total time for which application threads were stopped: 0,0018021 seconds, Stopping threads took: 0,0008809 seconds
2018-06-19T15:59:46.657+0200: 23,811: Total time for which application threads were stopped: 0,0001227 seconds, Stopping threads took: 0,0000218 seconds
2018-06-19T15:59:46.657+0200: 23,811: Total time for which application threads were stopped: 0,0000777 seconds, Stopping threads took: 0,0000092 seconds
2018-06-19T15:59:46.657+0200: 23,811: Total time for which application threads were stopped: 0,0000675 seconds, Stopping threads took: 0,0000090 seconds
2018-06-19T15:59:46.657+0200: 23,811: Total time for which application threads were stopped: 0,0000654 seconds, Stopping threads took: 0,0000078 seconds
2018-06-19T15:59:46.661+0200: 23,815: Total time for which application threads were stopped: 0,0002675 seconds, Stopping threads took: 0,0001216 seconds
2018-06-19T15:59:46.662+0200: 23,816: Total time for which application threads were stopped: 0,0002658 seconds, Stopping threads took: 0,0000112 seconds
2018-06-19T15:59:46.667+0200: 23,821: Total time for which application threads were stopped: 0,0001971 seconds, Stopping threads took: 0,0000614 seconds
2018-06-19T15:59:46.667+0200: 23,821: Total time for which application threads were stopped: 0,0000779 seconds, Stopping threads took: 0,0000129 seconds
2018-06-19T15:59:46.680+0200: 23,833: Total time for which application threads were stopped: 0,0005853 seconds, Stopping threads took: 0,0001605 seconds
2018-06-19T15:59:46.681+0200: 23,835: Total time for which application threads were stopped: 0,0005124 seconds, Stopping threads took: 0,0000824 seconds
2018-06-19T15:59:50.202+0200: 27,355: Total time for which application threads were stopped: 0,0001388 seconds, Stopping threads took: 0,0000282 seconds
2018-06-19T15:59:50.204+0200: 27,357: Total time for which application threads were stopped: 0,0017851 seconds, Stopping threads took: 0,0017029 seconds
2018-06-19T15:59:50.206+0200: 27,360: Total time for which application threads were stopped: 0,0001333 seconds, Stopping threads took: 0,0000502 seconds
2018-06-19T15:59:50.206+0200: 27,360: Total time for which application threads were stopped: 0,0000574 seconds, Stopping threads took: 0,0000177 seconds
2018-06-19T15:59:51.206+0200: 28,360: Total time for which application threads were stopped: 0,0001870 seconds, Stopping threads took: 0,0000350 seconds
2018-06-19T15:59:59.158+0200: 36,312: Total time for which application threads were stopped: 0,0001219 seconds, Stopping threads took: 0,0000321 seconds
2018-06-19T15:59:59.158+0200: 36,312: Total time for which application threads were stopped: 0,0001009 seconds, Stopping threads took: 0,0000658 seconds
2018-06-19T15:59:59.168+0200: 36,322: Total time for which application threads were stopped: 0,0001056 seconds, Stopping threads took: 0,0000298 seconds
2018-06-19T15:59:59.169+0200: 36,323: Total time for which application threads were stopped: 0,0000701 seconds, Stopping threads took: 0,0000169 seconds
2018-06-19T15:59:59.169+0200: 36,323: Total time for which application threads were stopped: 0,0001115 seconds, Stopping threads took: 0,0000432 seconds
2018-06-19T15:59:59.170+0200: 36,324: Total time for which application threads were stopped: 0,0000716 seconds, Stopping threads took: 0,0000272 seconds
2018-06-19T15:59:59.170+0200: 36,324: Total time for which application threads were stopped: 0,0000697 seconds, Stopping threads took: 0,0000190 seconds
2018-06-19T15:59:59.171+0200: 36,325: Total time for which application threads were stopped: 0,0000594 seconds, Stopping threads took: 0,0000113 seconds
2018-06-19T15:59:59.171+0200: 36,325: Total time for which application threads were stopped: 0,0000483 seconds, Stopping threads took: 0,0000145 seconds
2018-06-19T15:59:59.341+0200: 36,495: Total time for which application threads were stopped: 0,0000948 seconds, Stopping threads took: 0,0000278 seconds
2018-06-19T15:59:59.341+0200: 36,495: Total time for which application threads were stopped: 0,0000446 seconds, Stopping threads took: 0,0000125 seconds
2018-06-19T15:59:59.342+0200: 36,496: Total time for which application threads were stopped: 0,0001112 seconds, Stopping threads took: 0,0000359 seconds
2018-06-19T15:59:59.342+0200: 36,496: Total time for which application threads were stopped: 0,0000940 seconds, Stopping threads took: 0,0000324 seconds
2018-06-19T15:59:59.342+0200: 36,496: Total time for which application threads were stopped: 0,0000600 seconds, Stopping threads took: 0,0000267 seconds
2018-06-19T16:00:00.342+0200: 37,496: Total time for which application threads were stopped: 0,0001039 seconds, Stopping threads took: 0,0000233 seconds
2018-06-19T16:00:29.378+0200: 66,532: Total time for which application threads were stopped: 0,0000891 seconds, Stopping threads took: 0,0000253 seconds
2018-06-19T16:00:50.206+0200: 87,360: Total time for which application threads were stopped: 0,0001165 seconds, Stopping threads took: 0,0000396 seconds
2018-06-19T16:02:07.217+0200: 164,370: Total time for which application threads were stopped: 0,0004780 seconds, Stopping threads took: 0,0001522 seconds
2018-06-19T16:02:09.217+0200: 166,371: Total time for which application threads were stopped: 0,0000847 seconds, Stopping threads took: 0,0000195 seconds
2018-06-19T16:02:46.042+0200: 203,196: Total time for which application threads were stopped: 0,0004609 seconds, Stopping threads took: 0,0000182 seconds
2018-06-19T16:02:46.043+0200: 203,197: Total time for which application threads were stopped: 0,0004641 seconds, Stopping threads took: 0,0000128 seconds
2018-06-19T16:02:46.046+0200: 203,200: Total time for which application threads were stopped: 0,0001131 seconds, Stopping threads took: 0,0000342 seconds
2018-06-19T16:02:46.056+0200: 203,210: Total time for which application threads were stopped: 0,0003285 seconds, Stopping threads took: 0,0002329 seconds
2018-06-19T16:02:46.056+0200: 203,210: Total time for which application threads were stopped: 0,0001017 seconds, Stopping threads took: 0,0000256 seconds
2018-06-19T16:02:46.057+0200: 203,211: Total time for which application threads were stopped: 0,0000935 seconds, Stopping threads took: 0,0000238 seconds
2018-06-19T16:02:46.058+0200: 203,212: Total time for which application threads were stopped: 0,0001203 seconds, Stopping threads took: 0,0000549 seconds
2018-06-19T16:02:46.061+0200: 203,214: Total time for which application threads were stopped: 0,0005975 seconds, Stopping threads took: 0,0005156 seconds
2018-06-19T16:02:46.066+0200: 203,219: Total time for which application threads were stopped: 0,0001641 seconds, Stopping threads took: 0,0000576 seconds
2018-06-19T16:02:46.068+0200: 203,222: Total time for which application threads were stopped: 0,0020667 seconds, Stopping threads took: 0,0019839 seconds
2018-06-19T16:02:46.069+0200: 203,222: Total time for which application threads were stopped: 0,0000854 seconds, Stopping threads took: 0,0000405 seconds
2018-06-19T16:02:46.070+0200: 203,224: Total time for which application threads were stopped: 0,0001814 seconds, Stopping threads took: 0,0000734 seconds
2018-06-19T16:02:46.071+0200: 203,225: Total time for which application threads were stopped: 0,0001196 seconds, Stopping threads took: 0,0000475 seconds
2018-06-19T16:02:46.074+0200: 203,228: Total time for which application threads were stopped: 0,0001449 seconds, Stopping threads took: 0,0000662 seconds
2018-06-19T16:02:46.074+0200: 203,228: Total time for which application threads were stopped: 0,0000896 seconds, Stopping threads took: 0,0000318 seconds
2018-06-19T16:02:46.075+0200: 203,229: Total time for which application threads were stopped: 0,0000947 seconds, Stopping threads took: 0,0000362 seconds
2018-06-19T16:02:46.075+0200: 203,229: Total time for which application threads were stopped: 0,0001046 seconds, Stopping threads took: 0,0000392 seconds
2018-06-19T16:02:46.076+0200: 203,229: Total time for which application threads were stopped: 0,0000850 seconds, Stopping threads took: 0,0000408 seconds
2018-06-19T16:02:46.076+0200: 203,230: Total time for which application threads were stopped: 0,0000787 seconds, Stopping threads took: 0,0000298 seconds
2018-06-19T16:02:46.076+0200: 203,230: Total time for which application threads were stopped: 0,0000712 seconds, Stopping threads took: 0,0000276 seconds
2018-06-19T16:02:46.076+0200: 203,230: Total time for which application threads were stopped: 0,0000740 seconds, Stopping threads took: 0,0000306 seconds
2018-06-19T16:02:46.076+0200: 203,230: Total time for which application threads were stopped: 0,0000745 seconds, Stopping threads took: 0,0000371 seconds
2018-06-19T16:02:46.077+0200: 203,230: Total time for which application threads were stopped: 0,0000798 seconds, Stopping threads took: 0,0000400 seconds
2018-06-19T16:02:46.079+0200: 203,233: Total time for which application threads were stopped: 0,0001346 seconds, Stopping threads took: 0,0000506 seconds
2018-06-19T16:02:46.079+0200: 203,233: Total time for which application threads were stopped: 0,0000765 seconds, Stopping threads took: 0,0000338 seconds
2018-06-19T16:02:46.082+0200: 203,235: Total time for which application threads were stopped: 0,0024169 seconds, Stopping threads took: 0,0023876 seconds
2018-06-19T16:02:46.082+0200: 203,236: Total time for which application threads were stopped: 0,0000607 seconds, Stopping threads took: 0,0000370 seconds
2018-06-19T16:02:46.082+0200: 203,236: Total time for which application threads were stopped: 0,0001749 seconds, Stopping threads took: 0,0000375 seconds
2018-06-19T16:02:46.084+0200: 203,238: Total time for which application threads were stopped: 0,0004635 seconds, Stopping threads took: 0,0003807 seconds
2018-06-19T16:02:46.084+0200: 203,238: Total time for which application threads were stopped: 0,0001068 seconds, Stopping threads took: 0,0000283 seconds
2018-06-19T16:02:46.087+0200: 203,241: Total time for which application threads were stopped: 0,0001367 seconds, Stopping threads took: 0,0000314 seconds
Heap
 par new generation   total 109248K, used 99711K [0x00000000e0000000, 0x00000000e8000000, 0x00000000e8000000)
  eden space 87424K,  92% used [0x00000000e0000000, 0x00000000e4f47740, 0x00000000e5560000)
  from space 21824K,  84% used [0x00000000e6ab0000, 0x00000000e7cc87b8, 0x00000000e8000000)
  to   space 21824K,   0% used [0x00000000e5560000, 0x00000000e5560000, 0x00000000e6ab0000)
 concurrent mark-sweep generation total 393216K, used 8161K [0x00000000e8000000, 0x0000000100000000, 0x0000000100000000)
 Metaspace       used 31183K, capacity 32012K, committed 32252K, reserved 1077248K
  class space    used 3568K, capacity 3788K, committed 3836K, reserved 1048576K
