OpenJDK 64-Bit Server VM (25.171-b11) for linux-amd64 JRE (1.8.0_171-8u171-b11-0ubuntu0.16.04.1-b11), built on Apr 27 2018 17:19:03 by "buildd" with gcc 5.4.0 20160609
Memory: 4k page, physical 7867600k(1025168k free), swap 8076284k(8076284k free)
CommandLine flags: -XX:CMSInitiatingOccupancyFraction=50 -XX:CMSMaxAbortablePrecleanTime=6000 -XX:+CMSParallelRemarkEnabled -XX:+CMSScavengeBeforeRemark -XX:ConcGCThreads=4 -XX:InitialHeapSize=536870912 -XX:MaxHeapSize=536870912 -XX:MaxTenuringThreshold=8 -XX:NewRatio=3 -XX:OldPLABSize=16 -XX:OnOutOfMemoryError=/home/gurnoor/workspace/QTM/solr/bin/oom_solr.sh 8983 /home/gurnoor/workspace/QTM/solr/server/logs -XX:ParallelGCThreads=4 -XX:+ParallelRefProcEnabled -XX:PretenureSizeThreshold=67108864 -XX:+PrintGC -XX:+PrintGCApplicationStoppedTime -XX:+PrintGCDateStamps -XX:+PrintGCDetails -XX:+PrintGCTimeStamps -XX:+PrintHeapAtGC -XX:+PrintTenuringDistribution -XX:SurvivorRatio=4 -XX:TargetSurvivorRatio=90 -XX:ThreadStackSize=256 -XX:+UseCMSInitiatingOccupancyOnly -XX:+UseCompressedClassPointers -XX:+UseCompressedOops -XX:+UseConcMarkSweepGC -XX:+UseParNewGC 
2018-06-19T11:43:47.730+0200: 0,126: Total time for which application threads were stopped: 0,0000688 seconds, Stopping threads took: 0,0000142 seconds
2018-06-19T11:43:47.809+0200: 0,205: Total time for which application threads were stopped: 0,0032889 seconds, Stopping threads took: 0,0027772 seconds
2018-06-19T11:43:47.828+0200: 0,225: Total time for which application threads were stopped: 0,0003740 seconds, Stopping threads took: 0,0000709 seconds
2018-06-19T11:43:48.072+0200: 0,469: Total time for which application threads were stopped: 0,0002257 seconds, Stopping threads took: 0,0000394 seconds
2018-06-19T11:43:48.273+0200: 0,669: Total time for which application threads were stopped: 0,0001365 seconds, Stopping threads took: 0,0000179 seconds
2018-06-19T11:43:48.317+0200: 0,713: Total time for which application threads were stopped: 0,0001714 seconds, Stopping threads took: 0,0000173 seconds
2018-06-19T11:43:48.334+0200: 0,730: Total time for which application threads were stopped: 0,0002414 seconds, Stopping threads took: 0,0000447 seconds
2018-06-19T11:43:48.533+0200: 0,929: Total time for which application threads were stopped: 0,0002191 seconds, Stopping threads took: 0,0000180 seconds
2018-06-19T11:43:48.765+0200: 1,161: Total time for which application threads were stopped: 0,0002384 seconds, Stopping threads took: 0,0000192 seconds
2018-06-19T11:43:48.785+0200: 1,181: Total time for which application threads were stopped: 0,0001966 seconds, Stopping threads took: 0,0000162 seconds
2018-06-19T11:43:48.811+0200: 1,207: Total time for which application threads were stopped: 0,0002346 seconds, Stopping threads took: 0,0000229 seconds
2018-06-19T11:43:48.812+0200: 1,209: Total time for which application threads were stopped: 0,0002475 seconds, Stopping threads took: 0,0000278 seconds
2018-06-19T11:43:48.825+0200: 1,221: Total time for which application threads were stopped: 0,0002782 seconds, Stopping threads took: 0,0000245 seconds
2018-06-19T11:43:48.918+0200: 1,315: Total time for which application threads were stopped: 0,0002698 seconds, Stopping threads took: 0,0000289 seconds
2018-06-19T11:43:49.131+0200: 1,527: Total time for which application threads were stopped: 0,0003775 seconds, Stopping threads took: 0,0001273 seconds
{Heap before GC invocations=0 (full 0):
 par new generation   total 109248K, used 87424K [0x00000000e0000000, 0x00000000e8000000, 0x00000000e8000000)
  eden space 87424K, 100% used [0x00000000e0000000, 0x00000000e5560000, 0x00000000e5560000)
  from space 21824K,   0% used [0x00000000e5560000, 0x00000000e5560000, 0x00000000e6ab0000)
  to   space 21824K,   0% used [0x00000000e6ab0000, 0x00000000e6ab0000, 0x00000000e8000000)
 concurrent mark-sweep generation total 393216K, used 0K [0x00000000e8000000, 0x0000000100000000, 0x0000000100000000)
 Metaspace       used 18066K, capacity 18408K, committed 18688K, reserved 1064960K
  class space    used 2036K, capacity 2198K, committed 2304K, reserved 1048576K
2018-06-19T11:43:49.209+0200: 1,605: [GC (Allocation Failure) 2018-06-19T11:43:49.209+0200: 1,605: [ParNew
Desired survivor size 20112992 bytes, new threshold 8 (max 8)
- age   1:   12510080 bytes,   12510080 total
: 87424K->12321K(109248K), 0,0290350 secs] 87424K->12321K(502464K), 0,0291069 secs] [Times: user=0,06 sys=0,00, real=0,03 secs] 
Heap after GC invocations=1 (full 0):
 par new generation   total 109248K, used 12321K [0x00000000e0000000, 0x00000000e8000000, 0x00000000e8000000)
  eden space 87424K,   0% used [0x00000000e0000000, 0x00000000e0000000, 0x00000000e5560000)
  from space 21824K,  56% used [0x00000000e6ab0000, 0x00000000e76b8480, 0x00000000e8000000)
  to   space 21824K,   0% used [0x00000000e5560000, 0x00000000e5560000, 0x00000000e6ab0000)
 concurrent mark-sweep generation total 393216K, used 0K [0x00000000e8000000, 0x0000000100000000, 0x0000000100000000)
 Metaspace       used 18066K, capacity 18408K, committed 18688K, reserved 1064960K
  class space    used 2036K, capacity 2198K, committed 2304K, reserved 1048576K
}
2018-06-19T11:43:49.238+0200: 1,634: Total time for which application threads were stopped: 0,0306265 seconds, Stopping threads took: 0,0012556 seconds
2018-06-19T11:43:49.560+0200: 1,956: Total time for which application threads were stopped: 0,0032785 seconds, Stopping threads took: 0,0029890 seconds
2018-06-19T11:43:49.608+0200: 2,005: Total time for which application threads were stopped: 0,0004397 seconds, Stopping threads took: 0,0001013 seconds
{Heap before GC invocations=1 (full 0):
 par new generation   total 109248K, used 99745K [0x00000000e0000000, 0x00000000e8000000, 0x00000000e8000000)
  eden space 87424K, 100% used [0x00000000e0000000, 0x00000000e5560000, 0x00000000e5560000)
  from space 21824K,  56% used [0x00000000e6ab0000, 0x00000000e76b8480, 0x00000000e8000000)
  to   space 21824K,   0% used [0x00000000e5560000, 0x00000000e5560000, 0x00000000e6ab0000)
 concurrent mark-sweep generation total 393216K, used 0K [0x00000000e8000000, 0x0000000100000000, 0x0000000100000000)
 Metaspace       used 20095K, capacity 20440K, committed 20736K, reserved 1067008K
  class space    used 2301K, capacity 2474K, committed 2560K, reserved 1048576K
2018-06-19T11:43:49.610+0200: 2,007: [GC (Allocation Failure) 2018-06-19T11:43:49.610+0200: 2,007: [ParNew
Desired survivor size 20112992 bytes, new threshold 8 (max 8)
- age   1:    2814288 bytes,    2814288 total
- age   2:    6463024 bytes,    9277312 total
: 99745K->13607K(109248K), 0,0181149 secs] 99745K->13607K(502464K), 0,0182164 secs] [Times: user=0,06 sys=0,01, real=0,02 secs] 
Heap after GC invocations=2 (full 0):
 par new generation   total 109248K, used 13607K [0x00000000e0000000, 0x00000000e8000000, 0x00000000e8000000)
  eden space 87424K,   0% used [0x00000000e0000000, 0x00000000e0000000, 0x00000000e5560000)
  from space 21824K,  62% used [0x00000000e5560000, 0x00000000e62a9cf0, 0x00000000e6ab0000)
  to   space 21824K,   0% used [0x00000000e6ab0000, 0x00000000e6ab0000, 0x00000000e8000000)
 concurrent mark-sweep generation total 393216K, used 0K [0x00000000e8000000, 0x0000000100000000, 0x0000000100000000)
 Metaspace       used 20095K, capacity 20440K, committed 20736K, reserved 1067008K
  class space    used 2301K, capacity 2474K, committed 2560K, reserved 1048576K
}
2018-06-19T11:43:49.629+0200: 2,025: Total time for which application threads were stopped: 0,0184794 seconds, Stopping threads took: 0,0000706 seconds
2018-06-19T11:43:49.667+0200: 2,063: Total time for which application threads were stopped: 0,0003982 seconds, Stopping threads took: 0,0000782 seconds
2018-06-19T11:43:49.898+0200: 2,295: Total time for which application threads were stopped: 0,0009356 seconds, Stopping threads took: 0,0007853 seconds
{Heap before GC invocations=2 (full 0):
 par new generation   total 109248K, used 101031K [0x00000000e0000000, 0x00000000e8000000, 0x00000000e8000000)
  eden space 87424K, 100% used [0x00000000e0000000, 0x00000000e5560000, 0x00000000e5560000)
  from space 21824K,  62% used [0x00000000e5560000, 0x00000000e62a9cf0, 0x00000000e6ab0000)
  to   space 21824K,   0% used [0x00000000e6ab0000, 0x00000000e6ab0000, 0x00000000e8000000)
 concurrent mark-sweep generation total 393216K, used 0K [0x00000000e8000000, 0x0000000100000000, 0x0000000100000000)
 Metaspace       used 21005K, capacity 21362K, committed 21628K, reserved 1069056K
  class space    used 2422K, capacity 2593K, committed 2684K, reserved 1048576K
2018-06-19T11:43:49.955+0200: 2,351: [GC (Allocation Failure) 2018-06-19T11:43:49.955+0200: 2,351: [ParNew
Desired survivor size 20112992 bytes, new threshold 8 (max 8)
- age   1:    2026736 bytes,    2026736 total
- age   2:     496528 bytes,    2523264 total
- age   3:    6459480 bytes,    8982744 total
: 101031K->12018K(109248K), 0,0159635 secs] 101031K->12018K(502464K), 0,0160536 secs] [Times: user=0,05 sys=0,00, real=0,01 secs] 
Heap after GC invocations=3 (full 0):
 par new generation   total 109248K, used 12018K [0x00000000e0000000, 0x00000000e8000000, 0x00000000e8000000)
  eden space 87424K,   0% used [0x00000000e0000000, 0x00000000e0000000, 0x00000000e5560000)
  from space 21824K,  55% used [0x00000000e6ab0000, 0x00000000e766c818, 0x00000000e8000000)
  to   space 21824K,   0% used [0x00000000e5560000, 0x00000000e5560000, 0x00000000e6ab0000)
 concurrent mark-sweep generation total 393216K, used 0K [0x00000000e8000000, 0x0000000100000000, 0x0000000100000000)
 Metaspace       used 21005K, capacity 21362K, committed 21628K, reserved 1069056K
  class space    used 2422K, capacity 2593K, committed 2684K, reserved 1048576K
}
2018-06-19T11:43:49.971+0200: 2,367: Total time for which application threads were stopped: 0,0178902 seconds, Stopping threads took: 0,0016353 seconds
2018-06-19T11:43:49.978+0200: 2,374: [GC (CMS Initial Mark) [1 CMS-initial-mark: 0K(393216K)] 16373K(502464K), 0,0063655 secs] [Times: user=0,01 sys=0,00, real=0,01 secs] 
2018-06-19T11:43:49.984+0200: 2,381: Total time for which application threads were stopped: 0,0099665 seconds, Stopping threads took: 0,0032453 seconds
2018-06-19T11:43:49.984+0200: 2,381: [CMS-concurrent-mark-start]
2018-06-19T11:43:49.985+0200: 2,381: [CMS-concurrent-mark: 0,000/0,000 secs] [Times: user=0,01 sys=0,00, real=0,00 secs] 
2018-06-19T11:43:49.985+0200: 2,381: [CMS-concurrent-preclean-start]
2018-06-19T11:43:49.986+0200: 2,382: [CMS-concurrent-preclean: 0,001/0,001 secs] [Times: user=0,00 sys=0,00, real=0,00 secs] 
2018-06-19T11:43:49.986+0200: 2,382: [CMS-concurrent-abortable-preclean-start]
2018-06-19T11:43:50.024+0200: 2,421: Total time for which application threads were stopped: 0,0016881 seconds, Stopping threads took: 0,0010844 seconds
{Heap before GC invocations=3 (full 1):
 par new generation   total 109248K, used 99442K [0x00000000e0000000, 0x00000000e8000000, 0x00000000e8000000)
  eden space 87424K, 100% used [0x00000000e0000000, 0x00000000e5560000, 0x00000000e5560000)
  from space 21824K,  55% used [0x00000000e6ab0000, 0x00000000e766c818, 0x00000000e8000000)
  to   space 21824K,   0% used [0x00000000e5560000, 0x00000000e5560000, 0x00000000e6ab0000)
 concurrent mark-sweep generation total 393216K, used 0K [0x00000000e8000000, 0x0000000100000000, 0x0000000100000000)
 Metaspace       used 21299K, capacity 21740K, committed 21884K, reserved 1069056K
  class space    used 2454K, capacity 2641K, committed 2684K, reserved 1048576K
2018-06-19T11:43:50.165+0200: 2,562: [GC (Allocation Failure) 2018-06-19T11:43:50.165+0200: 2,562: [ParNew
Desired survivor size 20112992 bytes, new threshold 8 (max 8)
- age   1:    1042648 bytes,    1042648 total
- age   2:    1463072 bytes,    2505720 total
- age   3:     494256 bytes,    2999976 total
- age   4:    6459720 bytes,    9459696 total
: 99442K->11562K(109248K), 0,0117661 secs] 99442K->11562K(502464K), 0,0119557 secs] [Times: user=0,04 sys=0,00, real=0,01 secs] 
Heap after GC invocations=4 (full 1):
 par new generation   total 109248K, used 11562K [0x00000000e0000000, 0x00000000e8000000, 0x00000000e8000000)
  eden space 87424K,   0% used [0x00000000e0000000, 0x00000000e0000000, 0x00000000e5560000)
  from space 21824K,  52% used [0x00000000e5560000, 0x00000000e60aa910, 0x00000000e6ab0000)
  to   space 21824K,   0% used [0x00000000e6ab0000, 0x00000000e6ab0000, 0x00000000e8000000)
 concurrent mark-sweep generation total 393216K, used 0K [0x00000000e8000000, 0x0000000100000000, 0x0000000100000000)
 Metaspace       used 21299K, capacity 21740K, committed 21884K, reserved 1069056K
  class space    used 2454K, capacity 2641K, committed 2684K, reserved 1048576K
}
2018-06-19T11:43:50.178+0200: 2,574: Total time for which application threads were stopped: 0,0134716 seconds, Stopping threads took: 0,0012258 seconds
2018-06-19T11:43:50.178+0200: 2,574: [CMS-concurrent-abortable-preclean: 0,140/0,192 secs] [Times: user=0,67 sys=0,01, real=0,19 secs] 
2018-06-19T11:43:50.184+0200: 2,580: [GC (CMS Final Remark) [YG occupancy: 13539 K (109248 K)]{Heap before GC invocations=4 (full 1):
 par new generation   total 109248K, used 13539K [0x00000000e0000000, 0x00000000e8000000, 0x00000000e8000000)
  eden space 87424K,   2% used [0x00000000e0000000, 0x00000000e01ee570, 0x00000000e5560000)
  from space 21824K,  52% used [0x00000000e5560000, 0x00000000e60aa910, 0x00000000e6ab0000)
  to   space 21824K,   0% used [0x00000000e6ab0000, 0x00000000e6ab0000, 0x00000000e8000000)
 concurrent mark-sweep generation total 393216K, used 0K [0x00000000e8000000, 0x0000000100000000, 0x0000000100000000)
 Metaspace       used 21299K, capacity 21740K, committed 21884K, reserved 1069056K
  class space    used 2454K, capacity 2641K, committed 2684K, reserved 1048576K
2018-06-19T11:43:50.184+0200: 2,580: [GC (CMS Final Remark) 2018-06-19T11:43:50.184+0200: 2,580: [ParNew
Desired survivor size 20112992 bytes, new threshold 8 (max 8)
- age   1:     300344 bytes,     300344 total
- age   2:     991208 bytes,    1291552 total
- age   3:    1463072 bytes,    2754624 total
- age   4:     494256 bytes,    3248880 total
- age   5:    6459504 bytes,    9708384 total
: 13539K->12126K(109248K), 0,0166649 secs] 13539K->12126K(502464K), 0,0167017 secs] [Times: user=0,05 sys=0,00, real=0,01 secs] 
Heap after GC invocations=5 (full 1):
 par new generation   total 109248K, used 12126K [0x00000000e0000000, 0x00000000e8000000, 0x00000000e8000000)
  eden space 87424K,   0% used [0x00000000e0000000, 0x00000000e0000000, 0x00000000e5560000)
  from space 21824K,  55% used [0x00000000e6ab0000, 0x00000000e7687b60, 0x00000000e8000000)
  to   space 21824K,   0% used [0x00000000e5560000, 0x00000000e5560000, 0x00000000e6ab0000)
 concurrent mark-sweep generation total 393216K, used 0K [0x00000000e8000000, 0x0000000100000000, 0x0000000100000000)
 Metaspace       used 21299K, capacity 21740K, committed 21884K, reserved 1069056K
  class space    used 2454K, capacity 2641K, committed 2684K, reserved 1048576K
}
2018-06-19T11:43:50.201+0200: 2,597: [Rescan (parallel) , 0,0048007 secs]2018-06-19T11:43:50.206+0200: 2,602: [weak refs processing, 0,0016851 secs]2018-06-19T11:43:50.207+0200: 2,604: [class unloading, 0,0062499 secs]2018-06-19T11:43:50.214+0200: 2,610: [scrub symbol table, 0,0026056 secs]2018-06-19T11:43:50.216+0200: 2,613: [scrub string table, 0,0003756 secs][1 CMS-remark: 0K(393216K)] 12126K(502464K), 0,0332953 secs] [Times: user=0,08 sys=0,00, real=0,03 secs] 
2018-06-19T11:43:50.217+0200: 2,614: Total time for which application threads were stopped: 0,0343856 seconds, Stopping threads took: 0,0009981 seconds
2018-06-19T11:43:50.217+0200: 2,614: [CMS-concurrent-sweep-start]
2018-06-19T11:43:50.217+0200: 2,614: [CMS-concurrent-sweep: 0,000/0,000 secs] [Times: user=0,00 sys=0,00, real=0,00 secs] 
2018-06-19T11:43:50.218+0200: 2,614: [CMS-concurrent-reset-start]
2018-06-19T11:43:50.221+0200: 2,617: [CMS-concurrent-reset: 0,003/0,003 secs] [Times: user=0,01 sys=0,00, real=0,00 secs] 
{Heap before GC invocations=5 (full 1):
 par new generation   total 109248K, used 99550K [0x00000000e0000000, 0x00000000e8000000, 0x00000000e8000000)
  eden space 87424K, 100% used [0x00000000e0000000, 0x00000000e5560000, 0x00000000e5560000)
  from space 21824K,  55% used [0x00000000e6ab0000, 0x00000000e7687b60, 0x00000000e8000000)
  to   space 21824K,   0% used [0x00000000e5560000, 0x00000000e5560000, 0x00000000e6ab0000)
 concurrent mark-sweep generation total 393216K, used 0K [0x00000000e8000000, 0x0000000100000000, 0x0000000100000000)
 Metaspace       used 21562K, capacity 21970K, committed 22140K, reserved 1069056K
  class space    used 2493K, capacity 2674K, committed 2684K, reserved 1048576K
2018-06-19T11:43:50.387+0200: 2,783: [GC (Allocation Failure) 2018-06-19T11:43:50.387+0200: 2,783: [ParNew
Desired survivor size 20112992 bytes, new threshold 8 (max 8)
- age   1:     937744 bytes,     937744 total
- age   2:       1200 bytes,     938944 total
- age   3:     182640 bytes,    1121584 total
- age   4:    1073520 bytes,    2195104 total
- age   5:     490320 bytes,    2685424 total
- age   6:    6459488 bytes,    9144912 total
: 99550K->11414K(109248K), 0,0242252 secs] 99550K->11414K(502464K), 0,0244191 secs] [Times: user=0,05 sys=0,00, real=0,02 secs] 
Heap after GC invocations=6 (full 1):
 par new generation   total 109248K, used 11414K [0x00000000e0000000, 0x00000000e8000000, 0x00000000e8000000)
  eden space 87424K,   0% used [0x00000000e0000000, 0x00000000e0000000, 0x00000000e5560000)
  from space 21824K,  52% used [0x00000000e5560000, 0x00000000e6085ae8, 0x00000000e6ab0000)
  to   space 21824K,   0% used [0x00000000e6ab0000, 0x00000000e6ab0000, 0x00000000e8000000)
 concurrent mark-sweep generation total 393216K, used 0K [0x00000000e8000000, 0x0000000100000000, 0x0000000100000000)
 Metaspace       used 21562K, capacity 21970K, committed 22140K, reserved 1069056K
  class space    used 2493K, capacity 2674K, committed 2684K, reserved 1048576K
}
2018-06-19T11:43:50.411+0200: 2,808: Total time for which application threads were stopped: 0,0248640 seconds, Stopping threads took: 0,0000716 seconds
2018-06-19T11:43:50.437+0200: 2,833: Total time for which application threads were stopped: 0,0015264 seconds, Stopping threads took: 0,0011448 seconds
2018-06-19T11:43:50.867+0200: 3,263: Total time for which application threads were stopped: 0,0006301 seconds, Stopping threads took: 0,0000459 seconds
2018-06-19T11:43:50.895+0200: 3,291: Total time for which application threads were stopped: 0,0022367 seconds, Stopping threads took: 0,0002341 seconds
{Heap before GC invocations=6 (full 1):
 par new generation   total 109248K, used 98838K [0x00000000e0000000, 0x00000000e8000000, 0x00000000e8000000)
  eden space 87424K, 100% used [0x00000000e0000000, 0x00000000e5560000, 0x00000000e5560000)
  from space 21824K,  52% used [0x00000000e5560000, 0x00000000e6085ae8, 0x00000000e6ab0000)
  to   space 21824K,   0% used [0x00000000e6ab0000, 0x00000000e6ab0000, 0x00000000e8000000)
 concurrent mark-sweep generation total 393216K, used 0K [0x00000000e8000000, 0x0000000100000000, 0x0000000100000000)
 Metaspace       used 25288K, capacity 25872K, committed 26236K, reserved 1073152K
  class space    used 2936K, capacity 3127K, committed 3196K, reserved 1048576K
2018-06-19T11:43:51.397+0200: 3,793: [GC (Allocation Failure) 2018-06-19T11:43:51.397+0200: 3,793: [ParNew
Desired survivor size 20112992 bytes, new threshold 8 (max 8)
- age   1:    5517856 bytes,    5517856 total
- age   2:     149064 bytes,    5666920 total
- age   3:       1200 bytes,    5668120 total
- age   4:     178648 bytes,    5846768 total
- age   5:     291632 bytes,    6138400 total
- age   6:     470432 bytes,    6608832 total
- age   7:    6452824 bytes,   13061656 total
: 98838K->15716K(109248K), 0,0169360 secs] 98838K->15716K(502464K), 0,0170261 secs] [Times: user=0,06 sys=0,00, real=0,02 secs] 
Heap after GC invocations=7 (full 1):
 par new generation   total 109248K, used 15716K [0x00000000e0000000, 0x00000000e8000000, 0x00000000e8000000)
  eden space 87424K,   0% used [0x00000000e0000000, 0x00000000e0000000, 0x00000000e5560000)
  from space 21824K,  72% used [0x00000000e6ab0000, 0x00000000e7a091e8, 0x00000000e8000000)
  to   space 21824K,   0% used [0x00000000e5560000, 0x00000000e5560000, 0x00000000e6ab0000)
 concurrent mark-sweep generation total 393216K, used 0K [0x00000000e8000000, 0x0000000100000000, 0x0000000100000000)
 Metaspace       used 25288K, capacity 25872K, committed 26236K, reserved 1073152K
  class space    used 2936K, capacity 3127K, committed 3196K, reserved 1048576K
}
2018-06-19T11:43:51.414+0200: 3,810: Total time for which application threads were stopped: 0,0174305 seconds, Stopping threads took: 0,0000860 seconds
2018-06-19T11:43:51.544+0200: 3,941: Total time for which application threads were stopped: 0,0005699 seconds, Stopping threads took: 0,0000933 seconds
2018-06-19T11:43:51.562+0200: 3,958: Total time for which application threads were stopped: 0,0005630 seconds, Stopping threads took: 0,0000463 seconds
2018-06-19T11:43:51.629+0200: 4,025: Total time for which application threads were stopped: 0,0004678 seconds, Stopping threads took: 0,0000477 seconds
2018-06-19T11:43:51.657+0200: 4,053: Total time for which application threads were stopped: 0,0005112 seconds, Stopping threads took: 0,0000458 seconds
2018-06-19T11:43:51.664+0200: 4,061: Total time for which application threads were stopped: 0,0001949 seconds, Stopping threads took: 0,0000596 seconds
2018-06-19T11:43:51.664+0200: 4,061: Total time for which application threads were stopped: 0,0001076 seconds, Stopping threads took: 0,0000173 seconds
2018-06-19T11:43:51.665+0200: 4,061: Total time for which application threads were stopped: 0,0001046 seconds, Stopping threads took: 0,0000360 seconds
2018-06-19T11:43:51.665+0200: 4,061: Total time for which application threads were stopped: 0,0000887 seconds, Stopping threads took: 0,0000273 seconds
2018-06-19T11:43:51.665+0200: 4,061: Total time for which application threads were stopped: 0,0000620 seconds, Stopping threads took: 0,0000116 seconds
2018-06-19T11:43:51.668+0200: 4,064: Total time for which application threads were stopped: 0,0028486 seconds, Stopping threads took: 0,0027345 seconds
2018-06-19T11:43:51.673+0200: 4,069: Total time for which application threads were stopped: 0,0049544 seconds, Stopping threads took: 0,0040915 seconds
2018-06-19T11:43:51.676+0200: 4,073: Total time for which application threads were stopped: 0,0002839 seconds, Stopping threads took: 0,0001845 seconds
2018-06-19T11:43:51.677+0200: 4,073: Total time for which application threads were stopped: 0,0002598 seconds, Stopping threads took: 0,0001898 seconds
2018-06-19T11:43:51.677+0200: 4,073: Total time for which application threads were stopped: 0,0001003 seconds, Stopping threads took: 0,0000185 seconds
2018-06-19T11:43:51.677+0200: 4,073: Total time for which application threads were stopped: 0,0001217 seconds, Stopping threads took: 0,0000483 seconds
2018-06-19T11:43:51.678+0200: 4,074: Total time for which application threads were stopped: 0,0001447 seconds, Stopping threads took: 0,0000743 seconds
2018-06-19T11:43:51.678+0200: 4,074: Total time for which application threads were stopped: 0,0000961 seconds, Stopping threads took: 0,0000259 seconds
2018-06-19T11:43:51.678+0200: 4,074: Total time for which application threads were stopped: 0,0000921 seconds, Stopping threads took: 0,0000147 seconds
2018-06-19T11:43:51.678+0200: 4,075: Total time for which application threads were stopped: 0,0001348 seconds, Stopping threads took: 0,0000333 seconds
2018-06-19T11:43:51.678+0200: 4,075: Total time for which application threads were stopped: 0,0000859 seconds, Stopping threads took: 0,0000229 seconds
2018-06-19T11:43:51.679+0200: 4,075: Total time for which application threads were stopped: 0,0000735 seconds, Stopping threads took: 0,0000230 seconds
2018-06-19T11:43:51.679+0200: 4,075: Total time for which application threads were stopped: 0,0001633 seconds, Stopping threads took: 0,0000835 seconds
2018-06-19T11:43:51.679+0200: 4,075: Total time for which application threads were stopped: 0,0001323 seconds, Stopping threads took: 0,0000368 seconds
2018-06-19T11:43:51.679+0200: 4,076: Total time for which application threads were stopped: 0,0001016 seconds, Stopping threads took: 0,0000150 seconds
2018-06-19T11:43:51.680+0200: 4,076: Total time for which application threads were stopped: 0,0001134 seconds, Stopping threads took: 0,0000259 seconds
2018-06-19T11:43:51.680+0200: 4,076: Total time for which application threads were stopped: 0,0003476 seconds, Stopping threads took: 0,0001836 seconds
2018-06-19T11:43:51.686+0200: 4,082: Total time for which application threads were stopped: 0,0003831 seconds, Stopping threads took: 0,0000493 seconds
2018-06-19T11:43:51.696+0200: 4,092: Total time for which application threads were stopped: 0,0001615 seconds, Stopping threads took: 0,0000535 seconds
2018-06-19T11:43:51.701+0200: 4,098: Total time for which application threads were stopped: 0,0001825 seconds, Stopping threads took: 0,0000544 seconds
2018-06-19T11:43:51.702+0200: 4,098: Total time for which application threads were stopped: 0,0001267 seconds, Stopping threads took: 0,0000529 seconds
2018-06-19T11:43:51.702+0200: 4,098: Total time for which application threads were stopped: 0,0000993 seconds, Stopping threads took: 0,0000273 seconds
2018-06-19T11:43:51.702+0200: 4,098: Total time for which application threads were stopped: 0,0001031 seconds, Stopping threads took: 0,0000243 seconds
2018-06-19T11:43:51.702+0200: 4,098: Total time for which application threads were stopped: 0,0001223 seconds, Stopping threads took: 0,0000394 seconds
2018-06-19T11:43:51.703+0200: 4,099: Total time for which application threads were stopped: 0,0003523 seconds, Stopping threads took: 0,0002372 seconds
2018-06-19T11:43:51.705+0200: 4,101: Total time for which application threads were stopped: 0,0015653 seconds, Stopping threads took: 0,0009247 seconds
2018-06-19T11:43:51.706+0200: 4,102: Total time for which application threads were stopped: 0,0004867 seconds, Stopping threads took: 0,0001434 seconds
2018-06-19T11:43:51.707+0200: 4,103: Total time for which application threads were stopped: 0,0006429 seconds, Stopping threads took: 0,0003534 seconds
2018-06-19T11:43:51.708+0200: 4,104: Total time for which application threads were stopped: 0,0009483 seconds, Stopping threads took: 0,0008972 seconds
2018-06-19T11:43:51.708+0200: 4,104: Total time for which application threads were stopped: 0,0001057 seconds, Stopping threads took: 0,0000494 seconds
2018-06-19T11:43:51.709+0200: 4,105: Total time for which application threads were stopped: 0,0002639 seconds, Stopping threads took: 0,0002075 seconds
2018-06-19T11:43:51.709+0200: 4,105: Total time for which application threads were stopped: 0,0000624 seconds, Stopping threads took: 0,0000256 seconds
2018-06-19T11:43:51.711+0200: 4,107: Total time for which application threads were stopped: 0,0019477 seconds, Stopping threads took: 0,0019108 seconds
2018-06-19T11:43:51.711+0200: 4,108: Total time for which application threads were stopped: 0,0005468 seconds, Stopping threads took: 0,0004623 seconds
2018-06-19T11:43:51.711+0200: 4,108: Total time for which application threads were stopped: 0,0000936 seconds, Stopping threads took: 0,0000328 seconds
2018-06-19T11:43:51.712+0200: 4,108: Total time for which application threads were stopped: 0,0000754 seconds, Stopping threads took: 0,0000225 seconds
2018-06-19T11:43:51.712+0200: 4,108: Total time for which application threads were stopped: 0,0000692 seconds, Stopping threads took: 0,0000264 seconds
2018-06-19T11:43:51.712+0200: 4,109: Total time for which application threads were stopped: 0,0001259 seconds, Stopping threads took: 0,0000597 seconds
2018-06-19T11:43:51.712+0200: 4,109: Total time for which application threads were stopped: 0,0000850 seconds, Stopping threads took: 0,0000348 seconds
2018-06-19T11:43:51.713+0200: 4,109: Total time for which application threads were stopped: 0,0001101 seconds, Stopping threads took: 0,0000437 seconds
2018-06-19T11:43:51.713+0200: 4,109: Total time for which application threads were stopped: 0,0001523 seconds, Stopping threads took: 0,0000137 seconds
2018-06-19T11:43:51.713+0200: 4,110: Total time for which application threads were stopped: 0,0000815 seconds, Stopping threads took: 0,0000325 seconds
2018-06-19T11:43:51.713+0200: 4,110: Total time for which application threads were stopped: 0,0000706 seconds, Stopping threads took: 0,0000368 seconds
2018-06-19T11:43:51.714+0200: 4,110: Total time for which application threads were stopped: 0,0001324 seconds, Stopping threads took: 0,0000771 seconds
2018-06-19T11:43:51.714+0200: 4,110: Total time for which application threads were stopped: 0,0001850 seconds, Stopping threads took: 0,0000321 seconds
2018-06-19T11:43:51.723+0200: 4,120: Total time for which application threads were stopped: 0,0001197 seconds, Stopping threads took: 0,0000322 seconds
2018-06-19T11:43:51.725+0200: 4,121: Total time for which application threads were stopped: 0,0007279 seconds, Stopping threads took: 0,0006154 seconds
2018-06-19T11:43:51.740+0200: 4,137: Total time for which application threads were stopped: 0,0003360 seconds, Stopping threads took: 0,0002320 seconds
2018-06-19T11:43:51.760+0200: 4,156: Total time for which application threads were stopped: 0,0010205 seconds, Stopping threads took: 0,0000848 seconds
2018-06-19T11:43:51.772+0200: 4,168: Total time for which application threads were stopped: 0,0001858 seconds, Stopping threads took: 0,0000656 seconds
2018-06-19T11:43:51.808+0200: 4,204: Total time for which application threads were stopped: 0,0027593 seconds, Stopping threads took: 0,0004123 seconds
{Heap before GC invocations=7 (full 1):
 par new generation   total 109248K, used 103140K [0x00000000e0000000, 0x00000000e8000000, 0x00000000e8000000)
  eden space 87424K, 100% used [0x00000000e0000000, 0x00000000e5560000, 0x00000000e5560000)
  from space 21824K,  72% used [0x00000000e6ab0000, 0x00000000e7a091e8, 0x00000000e8000000)
  to   space 21824K,   0% used [0x00000000e5560000, 0x00000000e5560000, 0x00000000e6ab0000)
 concurrent mark-sweep generation total 393216K, used 0K [0x00000000e8000000, 0x0000000100000000, 0x0000000100000000)
 Metaspace       used 27998K, capacity 28580K, committed 28796K, reserved 1075200K
  class space    used 3225K, capacity 3425K, committed 3452K, reserved 1048576K
2018-06-19T11:43:51.964+0200: 4,361: [GC (Allocation Failure) 2018-06-19T11:43:51.964+0200: 4,361: [ParNew
Desired survivor size 20112992 bytes, new threshold 8 (max 8)
- age   1:   12569288 bytes,   12569288 total
- age   2:    2054608 bytes,   14623896 total
- age   3:     141256 bytes,   14765152 total
- age   4:       1200 bytes,   14766352 total
- age   5:     161464 bytes,   14927816 total
- age   6:     271152 bytes,   15198968 total
- age   7:     461960 bytes,   15660928 total
- age   8:    6445864 bytes,   22106792 total
: 103140K->21824K(109248K), 0,0342600 secs] 103140K->23625K(502464K), 0,0343346 secs] [Times: user=0,11 sys=0,00, real=0,03 secs] 
Heap after GC invocations=8 (full 1):
 par new generation   total 109248K, used 21824K [0x00000000e0000000, 0x00000000e8000000, 0x00000000e8000000)
  eden space 87424K,   0% used [0x00000000e0000000, 0x00000000e0000000, 0x00000000e5560000)
  from space 21824K, 100% used [0x00000000e5560000, 0x00000000e6ab0000, 0x00000000e6ab0000)
  to   space 21824K,   0% used [0x00000000e6ab0000, 0x00000000e6ab0000, 0x00000000e8000000)
 concurrent mark-sweep generation total 393216K, used 1801K [0x00000000e8000000, 0x0000000100000000, 0x0000000100000000)
 Metaspace       used 27998K, capacity 28580K, committed 28796K, reserved 1075200K
  class space    used 3225K, capacity 3425K, committed 3452K, reserved 1048576K
}
2018-06-19T11:43:51.999+0200: 4,395: Total time for which application threads were stopped: 0,0345963 seconds, Stopping threads took: 0,0000504 seconds
2018-06-19T11:43:52.015+0200: 4,411: Total time for which application threads were stopped: 0,0058892 seconds, Stopping threads took: 0,0057374 seconds
{Heap before GC invocations=8 (full 1):
 par new generation   total 109248K, used 109248K [0x00000000e0000000, 0x00000000e8000000, 0x00000000e8000000)
  eden space 87424K, 100% used [0x00000000e0000000, 0x00000000e5560000, 0x00000000e5560000)
  from space 21824K, 100% used [0x00000000e5560000, 0x00000000e6ab0000, 0x00000000e6ab0000)
  to   space 21824K,   0% used [0x00000000e6ab0000, 0x00000000e6ab0000, 0x00000000e8000000)
 concurrent mark-sweep generation total 393216K, used 1801K [0x00000000e8000000, 0x0000000100000000, 0x0000000100000000)
 Metaspace       used 28048K, capacity 28672K, committed 28796K, reserved 1075200K
  class space    used 3228K, capacity 3430K, committed 3452K, reserved 1048576K
2018-06-19T11:43:52.135+0200: 4,531: [GC (Allocation Failure) 2018-06-19T11:43:52.135+0200: 4,531: [ParNew
Desired survivor size 20112992 bytes, new threshold 8 (max 8)
- age   1:    1331184 bytes,    1331184 total
- age   2:   11242216 bytes,   12573400 total
- age   3:    1847984 bytes,   14421384 total
- age   4:     114384 bytes,   14535768 total
- age   5:       1200 bytes,   14536968 total
- age   6:     132936 bytes,   14669904 total
- age   7:     247616 bytes,   14917520 total
- age   8:     461960 bytes,   15379480 total
: 109248K->21824K(109248K), 0,0663131 secs] 111049K->31224K(502464K), 0,0664274 secs] [Times: user=0,22 sys=0,00, real=0,06 secs] 
Heap after GC invocations=9 (full 1):
 par new generation   total 109248K, used 21824K [0x00000000e0000000, 0x00000000e8000000, 0x00000000e8000000)
  eden space 87424K,   0% used [0x00000000e0000000, 0x00000000e0000000, 0x00000000e5560000)
  from space 21824K, 100% used [0x00000000e6ab0000, 0x00000000e8000000, 0x00000000e8000000)
  to   space 21824K,   0% used [0x00000000e5560000, 0x00000000e5560000, 0x00000000e6ab0000)
 concurrent mark-sweep generation total 393216K, used 9400K [0x00000000e8000000, 0x0000000100000000, 0x0000000100000000)
 Metaspace       used 28048K, capacity 28672K, committed 28796K, reserved 1075200K
  class space    used 3228K, capacity 3430K, committed 3452K, reserved 1048576K
}
2018-06-19T11:43:52.201+0200: 4,598: Total time for which application threads were stopped: 0,0667216 seconds, Stopping threads took: 0,0000655 seconds
2018-06-19T11:43:52.271+0200: 4,667: Total time for which application threads were stopped: 0,0003783 seconds, Stopping threads took: 0,0002603 seconds
2018-06-19T11:43:52.311+0200: 4,707: Total time for which application threads were stopped: 0,0001577 seconds, Stopping threads took: 0,0000555 seconds
2018-06-19T11:43:52.346+0200: 4,743: Total time for which application threads were stopped: 0,0001658 seconds, Stopping threads took: 0,0000703 seconds
{Heap before GC invocations=9 (full 1):
 par new generation   total 109248K, used 109248K [0x00000000e0000000, 0x00000000e8000000, 0x00000000e8000000)
  eden space 87424K, 100% used [0x00000000e0000000, 0x00000000e5560000, 0x00000000e5560000)
  from space 21824K, 100% used [0x00000000e6ab0000, 0x00000000e8000000, 0x00000000e8000000)
  to   space 21824K,   0% used [0x00000000e5560000, 0x00000000e5560000, 0x00000000e6ab0000)
 concurrent mark-sweep generation total 393216K, used 9400K [0x00000000e8000000, 0x0000000100000000, 0x0000000100000000)
 Metaspace       used 28124K, capacity 28752K, committed 29052K, reserved 1075200K
  class space    used 3229K, capacity 3433K, committed 3452K, reserved 1048576K
2018-06-19T11:43:52.349+0200: 4,746: [GC (Allocation Failure) 2018-06-19T11:43:52.349+0200: 4,746: [ParNew
Desired survivor size 20112992 bytes, new threshold 8 (max 8)
- age   1:     878752 bytes,     878752 total
- age   2:     152640 bytes,    1031392 total
- age   3:   11240280 bytes,   12271672 total
- age   4:    1847984 bytes,   14119656 total
- age   5:     114384 bytes,   14234040 total
- age   6:       1200 bytes,   14235240 total
- age   7:     132936 bytes,   14368176 total
- age   8:     247616 bytes,   14615792 total
: 109248K->19693K(109248K), 0,0160080 secs] 118648K->29557K(502464K), 0,0161070 secs] [Times: user=0,06 sys=0,00, real=0,02 secs] 
Heap after GC invocations=10 (full 1):
 par new generation   total 109248K, used 19693K [0x00000000e0000000, 0x00000000e8000000, 0x00000000e8000000)
  eden space 87424K,   0% used [0x00000000e0000000, 0x00000000e0000000, 0x00000000e5560000)
  from space 21824K,  90% used [0x00000000e5560000, 0x00000000e689b7d0, 0x00000000e6ab0000)
  to   space 21824K,   0% used [0x00000000e6ab0000, 0x00000000e6ab0000, 0x00000000e8000000)
 concurrent mark-sweep generation total 393216K, used 9864K [0x00000000e8000000, 0x0000000100000000, 0x0000000100000000)
 Metaspace       used 28124K, capacity 28752K, committed 29052K, reserved 1075200K
  class space    used 3229K, capacity 3433K, committed 3452K, reserved 1048576K
}
2018-06-19T11:43:52.365+0200: 4,762: Total time for which application threads were stopped: 0,0163629 seconds, Stopping threads took: 0,0000639 seconds
2018-06-19T11:43:52.381+0200: 4,778: Total time for which application threads were stopped: 0,0001536 seconds, Stopping threads took: 0,0000666 seconds
2018-06-19T11:43:52.396+0200: 4,792: Total time for which application threads were stopped: 0,0036376 seconds, Stopping threads took: 0,0035416 seconds
2018-06-19T11:43:52.396+0200: 4,793: Total time for which application threads were stopped: 0,0000732 seconds, Stopping threads took: 0,0000354 seconds
2018-06-19T11:43:52.424+0200: 4,820: Total time for which application threads were stopped: 0,0018048 seconds, Stopping threads took: 0,0016827 seconds
2018-06-19T11:43:52.443+0200: 4,840: Total time for which application threads were stopped: 0,0001922 seconds, Stopping threads took: 0,0000502 seconds
2018-06-19T11:43:52.481+0200: 4,878: Total time for which application threads were stopped: 0,0001812 seconds, Stopping threads took: 0,0000517 seconds
2018-06-19T11:43:52.482+0200: 4,878: Total time for which application threads were stopped: 0,0000985 seconds, Stopping threads took: 0,0000365 seconds
2018-06-19T11:43:52.482+0200: 4,879: Total time for which application threads were stopped: 0,0001234 seconds, Stopping threads took: 0,0000450 seconds
2018-06-19T11:43:52.483+0200: 4,879: Total time for which application threads were stopped: 0,0000970 seconds, Stopping threads took: 0,0000375 seconds
2018-06-19T11:43:52.483+0200: 4,879: Total time for which application threads were stopped: 0,0000857 seconds, Stopping threads took: 0,0000231 seconds
2018-06-19T11:43:52.483+0200: 4,879: Total time for which application threads were stopped: 0,0000793 seconds, Stopping threads took: 0,0000309 seconds
2018-06-19T11:43:52.483+0200: 4,880: Total time for which application threads were stopped: 0,0000750 seconds, Stopping threads took: 0,0000283 seconds
2018-06-19T11:43:52.483+0200: 4,880: Total time for which application threads were stopped: 0,0000964 seconds, Stopping threads took: 0,0000394 seconds
2018-06-19T11:43:52.484+0200: 4,880: Total time for which application threads were stopped: 0,0000624 seconds, Stopping threads took: 0,0000136 seconds
2018-06-19T11:43:52.484+0200: 4,880: Total time for which application threads were stopped: 0,0000651 seconds, Stopping threads took: 0,0000162 seconds
2018-06-19T11:43:52.492+0200: 4,888: Total time for which application threads were stopped: 0,0027851 seconds, Stopping threads took: 0,0026653 seconds
2018-06-19T11:43:52.492+0200: 4,889: Total time for which application threads were stopped: 0,0001382 seconds, Stopping threads took: 0,0000700 seconds
2018-06-19T11:43:53.492+0200: 5,889: Total time for which application threads were stopped: 0,0000811 seconds, Stopping threads took: 0,0000228 seconds
2018-06-19T11:44:41.038+0200: 53,435: Total time for which application threads were stopped: 0,0014062 seconds, Stopping threads took: 0,0000749 seconds
2018-06-19T11:44:41.072+0200: 53,468: Total time for which application threads were stopped: 0,0006325 seconds, Stopping threads took: 0,0005290 seconds
2018-06-19T11:44:41.073+0200: 53,469: Total time for which application threads were stopped: 0,0001157 seconds, Stopping threads took: 0,0000439 seconds
2018-06-19T11:44:41.073+0200: 53,469: Total time for which application threads were stopped: 0,0000619 seconds, Stopping threads took: 0,0000219 seconds
2018-06-19T11:44:41.073+0200: 53,470: Total time for which application threads were stopped: 0,0000566 seconds, Stopping threads took: 0,0000223 seconds
2018-06-19T11:44:41.073+0200: 53,470: Total time for which application threads were stopped: 0,0000606 seconds, Stopping threads took: 0,0000228 seconds
2018-06-19T11:44:41.093+0200: 53,490: Total time for which application threads were stopped: 0,0001607 seconds, Stopping threads took: 0,0000508 seconds
2018-06-19T11:44:41.111+0200: 53,507: Total time for which application threads were stopped: 0,0007758 seconds, Stopping threads took: 0,0000207 seconds
2018-06-19T11:44:41.331+0200: 53,727: Total time for which application threads were stopped: 0,0001708 seconds, Stopping threads took: 0,0000330 seconds
2018-06-19T11:44:41.331+0200: 53,727: Total time for which application threads were stopped: 0,0000899 seconds, Stopping threads took: 0,0000234 seconds
2018-06-19T11:44:41.331+0200: 53,727: Total time for which application threads were stopped: 0,0001113 seconds, Stopping threads took: 0,0000411 seconds
2018-06-19T11:44:41.332+0200: 53,728: Total time for which application threads were stopped: 0,0001078 seconds, Stopping threads took: 0,0000299 seconds
2018-06-19T11:44:41.332+0200: 53,729: Total time for which application threads were stopped: 0,0000792 seconds, Stopping threads took: 0,0000200 seconds
2018-06-19T11:44:41.332+0200: 53,729: Total time for which application threads were stopped: 0,0000746 seconds, Stopping threads took: 0,0000149 seconds
2018-06-19T11:44:41.465+0200: 53,862: Total time for which application threads were stopped: 0,0004201 seconds, Stopping threads took: 0,0000404 seconds
2018-06-19T11:44:41.467+0200: 53,863: Total time for which application threads were stopped: 0,0004629 seconds, Stopping threads took: 0,0000266 seconds
2018-06-19T11:44:41.673+0200: 54,069: Total time for which application threads were stopped: 0,0002126 seconds, Stopping threads took: 0,0000435 seconds
{Heap before GC invocations=10 (full 1):
 par new generation   total 109248K, used 107117K [0x00000000e0000000, 0x00000000e8000000, 0x00000000e8000000)
  eden space 87424K, 100% used [0x00000000e0000000, 0x00000000e5560000, 0x00000000e5560000)
  from space 21824K,  90% used [0x00000000e5560000, 0x00000000e689b7d0, 0x00000000e6ab0000)
  to   space 21824K,   0% used [0x00000000e6ab0000, 0x00000000e6ab0000, 0x00000000e8000000)
 concurrent mark-sweep generation total 393216K, used 9864K [0x00000000e8000000, 0x0000000100000000, 0x0000000100000000)
 Metaspace       used 30428K, capacity 31170K, committed 31356K, reserved 1077248K
  class space    used 3486K, capacity 3704K, committed 3708K, reserved 1048576K
2018-06-19T11:44:41.813+0200: 54,210: [GC (Allocation Failure) 2018-06-19T11:44:41.813+0200: 54,210: [ParNew
Desired survivor size 20112992 bytes, new threshold 5 (max 8)
- age   1:    7212040 bytes,    7212040 total
- age   2:     800944 bytes,    8012984 total
- age   3:     150896 bytes,    8163880 total
- age   4:   10889384 bytes,   19053264 total
- age   5:    1846272 bytes,   20899536 total
- age   6:     114256 bytes,   21013792 total
- age   7:       1200 bytes,   21014992 total
- age   8:     132888 bytes,   21147880 total
: 107117K->21824K(109248K), 0,0307613 secs] 116981K->32364K(502464K), 0,0308600 secs] [Times: user=0,08 sys=0,01, real=0,03 secs] 
Heap after GC invocations=11 (full 1):
 par new generation   total 109248K, used 21824K [0x00000000e0000000, 0x00000000e8000000, 0x00000000e8000000)
  eden space 87424K,   0% used [0x00000000e0000000, 0x00000000e0000000, 0x00000000e5560000)
  from space 21824K, 100% used [0x00000000e6ab0000, 0x00000000e8000000, 0x00000000e8000000)
  to   space 21824K,   0% used [0x00000000e5560000, 0x00000000e5560000, 0x00000000e6ab0000)
 concurrent mark-sweep generation total 393216K, used 10540K [0x00000000e8000000, 0x0000000100000000, 0x0000000100000000)
 Metaspace       used 30428K, capacity 31170K, committed 31356K, reserved 1077248K
  class space    used 3486K, capacity 3704K, committed 3708K, reserved 1048576K
}
2018-06-19T11:44:41.844+0200: 54,240: Total time for which application threads were stopped: 0,0311023 seconds, Stopping threads took: 0,0000544 seconds
2018-06-19T11:44:41.852+0200: 54,248: Total time for which application threads were stopped: 0,0001529 seconds, Stopping threads took: 0,0000634 seconds
2018-06-19T11:44:41.852+0200: 54,249: Total time for which application threads were stopped: 0,0000732 seconds, Stopping threads took: 0,0000238 seconds
2018-06-19T11:44:42.026+0200: 54,422: Total time for which application threads were stopped: 0,0001546 seconds, Stopping threads took: 0,0000305 seconds
2018-06-19T11:44:42.026+0200: 54,423: Total time for which application threads were stopped: 0,0000714 seconds, Stopping threads took: 0,0000141 seconds
2018-06-19T11:44:42.054+0200: 54,450: Total time for which application threads were stopped: 0,0002912 seconds, Stopping threads took: 0,0000647 seconds
2018-06-19T11:44:42.085+0200: 54,481: Total time for which application threads were stopped: 0,0001744 seconds, Stopping threads took: 0,0000241 seconds
2018-06-19T11:44:42.227+0200: 54,623: Total time for which application threads were stopped: 0,0002429 seconds, Stopping threads took: 0,0000638 seconds
2018-06-19T11:44:42.227+0200: 54,624: Total time for which application threads were stopped: 0,0001278 seconds, Stopping threads took: 0,0000399 seconds
{Heap before GC invocations=11 (full 1):
 par new generation   total 109248K, used 109248K [0x00000000e0000000, 0x00000000e8000000, 0x00000000e8000000)
  eden space 87424K, 100% used [0x00000000e0000000, 0x00000000e5560000, 0x00000000e5560000)
  from space 21824K, 100% used [0x00000000e6ab0000, 0x00000000e8000000, 0x00000000e8000000)
  to   space 21824K,   0% used [0x00000000e5560000, 0x00000000e5560000, 0x00000000e6ab0000)
 concurrent mark-sweep generation total 393216K, used 10540K [0x00000000e8000000, 0x0000000100000000, 0x0000000100000000)
 Metaspace       used 30517K, capacity 31234K, committed 31356K, reserved 1077248K
  class space    used 3487K, capacity 3704K, committed 3708K, reserved 1048576K
2018-06-19T11:44:42.358+0200: 54,754: [GC (Allocation Failure) 2018-06-19T11:44:42.358+0200: 54,754: [ParNew
Desired survivor size 20112992 bytes, new threshold 8 (max 8)
- age   1:    1349432 bytes,    1349432 total
- age   2:    6095360 bytes,    7444792 total
- age   3:     800944 bytes,    8245736 total
- age   4:     150896 bytes,    8396632 total
- age   5:   10889192 bytes,   19285824 total
: 109248K->21824K(109248K), 0,0384570 secs] 119788K->34463K(502464K), 0,0385821 secs] [Times: user=0,06 sys=0,01, real=0,04 secs] 
Heap after GC invocations=12 (full 1):
 par new generation   total 109248K, used 21824K [0x00000000e0000000, 0x00000000e8000000, 0x00000000e8000000)
  eden space 87424K,   0% used [0x00000000e0000000, 0x00000000e0000000, 0x00000000e5560000)
  from space 21824K, 100% used [0x00000000e5560000, 0x00000000e6ab0000, 0x00000000e6ab0000)
  to   space 21824K,   0% used [0x00000000e6ab0000, 0x00000000e6ab0000, 0x00000000e8000000)
 concurrent mark-sweep generation total 393216K, used 12639K [0x00000000e8000000, 0x0000000100000000, 0x0000000100000000)
 Metaspace       used 30517K, capacity 31234K, committed 31356K, reserved 1077248K
  class space    used 3487K, capacity 3704K, committed 3708K, reserved 1048576K
}
2018-06-19T11:44:42.397+0200: 54,793: Total time for which application threads were stopped: 0,0388903 seconds, Stopping threads took: 0,0000564 seconds
2018-06-19T11:44:42.526+0200: 54,922: Total time for which application threads were stopped: 0,0050218 seconds, Stopping threads took: 0,0048622 seconds
2018-06-19T11:44:42.576+0200: 54,973: Total time for which application threads were stopped: 0,0123456 seconds, Stopping threads took: 0,0121870 seconds
2018-06-19T11:44:42.578+0200: 54,974: Total time for which application threads were stopped: 0,0001392 seconds, Stopping threads took: 0,0000271 seconds
2018-06-19T11:44:42.578+0200: 54,974: Total time for which application threads were stopped: 0,0001076 seconds, Stopping threads took: 0,0000186 seconds
2018-06-19T11:44:42.578+0200: 54,974: Total time for which application threads were stopped: 0,0001218 seconds, Stopping threads took: 0,0000464 seconds
2018-06-19T11:44:42.599+0200: 54,996: Total time for which application threads were stopped: 0,0102011 seconds, Stopping threads took: 0,0100391 seconds
2018-06-19T11:44:42.600+0200: 54,996: Total time for which application threads were stopped: 0,0001212 seconds, Stopping threads took: 0,0000222 seconds
2018-06-19T11:44:42.600+0200: 54,996: Total time for which application threads were stopped: 0,0000998 seconds, Stopping threads took: 0,0000212 seconds
2018-06-19T11:44:42.600+0200: 54,996: Total time for which application threads were stopped: 0,0000908 seconds, Stopping threads took: 0,0000141 seconds
2018-06-19T11:44:42.600+0200: 54,996: Total time for which application threads were stopped: 0,0000787 seconds, Stopping threads took: 0,0000136 seconds
2018-06-19T11:44:42.600+0200: 54,996: Total time for which application threads were stopped: 0,0000575 seconds, Stopping threads took: 0,0000111 seconds
2018-06-19T11:44:42.600+0200: 54,997: Total time for which application threads were stopped: 0,0000587 seconds, Stopping threads took: 0,0000105 seconds
2018-06-19T11:44:42.600+0200: 54,997: Total time for which application threads were stopped: 0,0000582 seconds, Stopping threads took: 0,0000160 seconds
2018-06-19T11:44:42.600+0200: 54,997: Total time for which application threads were stopped: 0,0000536 seconds, Stopping threads took: 0,0000108 seconds
2018-06-19T11:44:42.601+0200: 54,997: Total time for which application threads were stopped: 0,0000523 seconds, Stopping threads took: 0,0000102 seconds
2018-06-19T11:44:42.601+0200: 54,997: Total time for which application threads were stopped: 0,0003941 seconds, Stopping threads took: 0,0000105 seconds
2018-06-19T11:44:42.615+0200: 55,011: Total time for which application threads were stopped: 0,0087286 seconds, Stopping threads took: 0,0086166 seconds
2018-06-19T11:44:42.617+0200: 55,013: Total time for which application threads were stopped: 0,0002739 seconds, Stopping threads took: 0,0000624 seconds
{Heap before GC invocations=12 (full 1):
 par new generation   total 109248K, used 109248K [0x00000000e0000000, 0x00000000e8000000, 0x00000000e8000000)
  eden space 87424K, 100% used [0x00000000e0000000, 0x00000000e5560000, 0x00000000e5560000)
  from space 21824K, 100% used [0x00000000e5560000, 0x00000000e6ab0000, 0x00000000e6ab0000)
  to   space 21824K,   0% used [0x00000000e6ab0000, 0x00000000e6ab0000, 0x00000000e8000000)
 concurrent mark-sweep generation total 393216K, used 12639K [0x00000000e8000000, 0x0000000100000000, 0x0000000100000000)
 Metaspace       used 30711K, capacity 31362K, committed 31612K, reserved 1077248K
  class space    used 3504K, capacity 3704K, committed 3708K, reserved 1048576K
2018-06-19T11:44:42.949+0200: 55,345: [GC (Allocation Failure) 2018-06-19T11:44:42.949+0200: 55,345: [ParNew
Desired survivor size 20112992 bytes, new threshold 6 (max 8)
- age   1:    1865824 bytes,    1865824 total
- age   2:     962744 bytes,    2828568 total
- age   3:    6002624 bytes,    8831192 total
- age   4:     800944 bytes,    9632136 total
- age   5:     150896 bytes,    9783032 total
- age   6:   10887464 bytes,   20670496 total
: 109248K->21824K(109248K), 0,0902947 secs] 121887K->34463K(502464K), 0,0905719 secs] [Times: user=0,17 sys=0,00, real=0,09 secs] 
Heap after GC invocations=13 (full 1):
 par new generation   total 109248K, used 21824K [0x00000000e0000000, 0x00000000e8000000, 0x00000000e8000000)
  eden space 87424K,   0% used [0x00000000e0000000, 0x00000000e0000000, 0x00000000e5560000)
  from space 21824K, 100% used [0x00000000e6ab0000, 0x00000000e8000000, 0x00000000e8000000)
  to   space 21824K,   0% used [0x00000000e5560000, 0x00000000e5560000, 0x00000000e6ab0000)
 concurrent mark-sweep generation total 393216K, used 12639K [0x00000000e8000000, 0x0000000100000000, 0x0000000100000000)
 Metaspace       used 30711K, capacity 31362K, committed 31612K, reserved 1077248K
  class space    used 3504K, capacity 3704K, committed 3708K, reserved 1048576K
}
2018-06-19T11:44:43.040+0200: 55,436: Total time for which application threads were stopped: 0,0994787 seconds, Stopping threads took: 0,0082373 seconds
2018-06-19T11:44:43.107+0200: 55,504: Total time for which application threads were stopped: 0,0047466 seconds, Stopping threads took: 0,0045900 seconds
2018-06-19T11:44:43.124+0200: 55,520: Total time for which application threads were stopped: 0,0002061 seconds, Stopping threads took: 0,0000733 seconds
2018-06-19T11:44:43.130+0200: 55,526: Total time for which application threads were stopped: 0,0003193 seconds, Stopping threads took: 0,0000958 seconds
{Heap before GC invocations=13 (full 1):
 par new generation   total 109248K, used 109248K [0x00000000e0000000, 0x00000000e8000000, 0x00000000e8000000)
  eden space 87424K, 100% used [0x00000000e0000000, 0x00000000e5560000, 0x00000000e5560000)
  from space 21824K, 100% used [0x00000000e6ab0000, 0x00000000e8000000, 0x00000000e8000000)
  to   space 21824K,   0% used [0x00000000e5560000, 0x00000000e5560000, 0x00000000e6ab0000)
 concurrent mark-sweep generation total 393216K, used 12639K [0x00000000e8000000, 0x0000000100000000, 0x0000000100000000)
 Metaspace       used 30773K, capacity 31458K, committed 31740K, reserved 1077248K
  class space    used 3508K, capacity 3736K, committed 3836K, reserved 1048576K
2018-06-19T11:44:43.368+0200: 55,764: [GC (Allocation Failure) 2018-06-19T11:44:43.368+0200: 55,764: [ParNew
Desired survivor size 20112992 bytes, new threshold 8 (max 8)
- age   1:    1556016 bytes,    1556016 total
- age   2:    1028352 bytes,    2584368 total
- age   3:     108816 bytes,    2693184 total
- age   4:    5470144 bytes,    8163328 total
- age   5:     800944 bytes,    8964272 total
- age   6:     150896 bytes,    9115168 total
: 109248K->19634K(109248K), 0,0500035 secs] 121887K->43885K(502464K), 0,0501138 secs] [Times: user=0,09 sys=0,00, real=0,05 secs] 
Heap after GC invocations=14 (full 1):
 par new generation   total 109248K, used 19634K [0x00000000e0000000, 0x00000000e8000000, 0x00000000e8000000)
  eden space 87424K,   0% used [0x00000000e0000000, 0x00000000e0000000, 0x00000000e5560000)
  from space 21824K,  89% used [0x00000000e5560000, 0x00000000e688cbe0, 0x00000000e6ab0000)
  to   space 21824K,   0% used [0x00000000e6ab0000, 0x00000000e6ab0000, 0x00000000e8000000)
 concurrent mark-sweep generation total 393216K, used 24250K [0x00000000e8000000, 0x0000000100000000, 0x0000000100000000)
 Metaspace       used 30773K, capacity 31458K, committed 31740K, reserved 1077248K
  class space    used 3508K, capacity 3736K, committed 3836K, reserved 1048576K
}
2018-06-19T11:44:43.418+0200: 55,814: Total time for which application threads were stopped: 0,0504211 seconds, Stopping threads took: 0,0000446 seconds
2018-06-19T11:44:43.544+0200: 55,941: Total time for which application threads were stopped: 0,0002090 seconds, Stopping threads took: 0,0000836 seconds
2018-06-19T11:44:43.556+0200: 55,952: Total time for which application threads were stopped: 0,0021061 seconds, Stopping threads took: 0,0020168 seconds
2018-06-19T11:44:43.557+0200: 55,953: Total time for which application threads were stopped: 0,0001644 seconds, Stopping threads took: 0,0000494 seconds
2018-06-19T11:44:43.560+0200: 55,956: Total time for which application threads were stopped: 0,0002175 seconds, Stopping threads took: 0,0000681 seconds
2018-06-19T11:44:43.561+0200: 55,957: Total time for which application threads were stopped: 0,0001453 seconds, Stopping threads took: 0,0000511 seconds
{Heap before GC invocations=14 (full 1):
 par new generation   total 109248K, used 107058K [0x00000000e0000000, 0x00000000e8000000, 0x00000000e8000000)
  eden space 87424K, 100% used [0x00000000e0000000, 0x00000000e5560000, 0x00000000e5560000)
  from space 21824K,  89% used [0x00000000e5560000, 0x00000000e688cbe0, 0x00000000e6ab0000)
  to   space 21824K,   0% used [0x00000000e6ab0000, 0x00000000e6ab0000, 0x00000000e8000000)
 concurrent mark-sweep generation total 393216K, used 24250K [0x00000000e8000000, 0x0000000100000000, 0x0000000100000000)
 Metaspace       used 30777K, capacity 31458K, committed 31740K, reserved 1077248K
  class space    used 3508K, capacity 3736K, committed 3836K, reserved 1048576K
2018-06-19T11:44:43.567+0200: 55,963: [GC (Allocation Failure) 2018-06-19T11:44:43.567+0200: 55,963: [ParNew
Desired survivor size 20112992 bytes, new threshold 8 (max 8)
- age   1:    1788768 bytes,    1788768 total
- age   2:    1079752 bytes,    2868520 total
- age   3:     910288 bytes,    3778808 total
- age   4:     108784 bytes,    3887592 total
- age   5:    5469216 bytes,    9356808 total
- age   6:     800944 bytes,   10157752 total
- age   7:     150896 bytes,   10308648 total
: 107058K->13155K(109248K), 0,0098573 secs] 131309K->37406K(502464K), 0,0099410 secs] [Times: user=0,03 sys=0,01, real=0,01 secs] 
Heap after GC invocations=15 (full 1):
 par new generation   total 109248K, used 13155K [0x00000000e0000000, 0x00000000e8000000, 0x00000000e8000000)
  eden space 87424K,   0% used [0x00000000e0000000, 0x00000000e0000000, 0x00000000e5560000)
  from space 21824K,  60% used [0x00000000e6ab0000, 0x00000000e7788e00, 0x00000000e8000000)
  to   space 21824K,   0% used [0x00000000e5560000, 0x00000000e5560000, 0x00000000e6ab0000)
 concurrent mark-sweep generation total 393216K, used 24250K [0x00000000e8000000, 0x0000000100000000, 0x0000000100000000)
 Metaspace       used 30777K, capacity 31458K, committed 31740K, reserved 1077248K
  class space    used 3508K, capacity 3736K, committed 3836K, reserved 1048576K
}
2018-06-19T11:44:43.577+0200: 55,973: Total time for which application threads were stopped: 0,0101884 seconds, Stopping threads took: 0,0000764 seconds
2018-06-19T11:44:43.716+0200: 56,112: Total time for which application threads were stopped: 0,0055743 seconds, Stopping threads took: 0,0054654 seconds
2018-06-19T11:44:43.719+0200: 56,115: Total time for which application threads were stopped: 0,0001300 seconds, Stopping threads took: 0,0000386 seconds
2018-06-19T11:44:43.722+0200: 56,118: Total time for which application threads were stopped: 0,0001802 seconds, Stopping threads took: 0,0000564 seconds
{Heap before GC invocations=15 (full 1):
 par new generation   total 109248K, used 100579K [0x00000000e0000000, 0x00000000e8000000, 0x00000000e8000000)
  eden space 87424K, 100% used [0x00000000e0000000, 0x00000000e5560000, 0x00000000e5560000)
  from space 21824K,  60% used [0x00000000e6ab0000, 0x00000000e7788e00, 0x00000000e8000000)
  to   space 21824K,   0% used [0x00000000e5560000, 0x00000000e5560000, 0x00000000e6ab0000)
 concurrent mark-sweep generation total 393216K, used 24250K [0x00000000e8000000, 0x0000000100000000, 0x0000000100000000)
 Metaspace       used 30797K, capacity 31458K, committed 31740K, reserved 1077248K
  class space    used 3509K, capacity 3736K, committed 3836K, reserved 1048576K
2018-06-19T11:44:43.742+0200: 56,139: [GC (Allocation Failure) 2018-06-19T11:44:43.742+0200: 56,139: [ParNew
Desired survivor size 20112992 bytes, new threshold 8 (max 8)
- age   1:    1447568 bytes,    1447568 total
- age   2:     807496 bytes,    2255064 total
- age   3:     551128 bytes,    2806192 total
- age   4:     434256 bytes,    3240448 total
- age   5:     108784 bytes,    3349232 total
- age   6:    5468792 bytes,    8818024 total
- age   7:     800944 bytes,    9618968 total
- age   8:     150896 bytes,    9769864 total
: 100579K->12194K(109248K), 0,0179342 secs] 124830K->36444K(502464K), 0,0180256 secs] [Times: user=0,05 sys=0,00, real=0,02 secs] 
Heap after GC invocations=16 (full 1):
 par new generation   total 109248K, used 12194K [0x00000000e0000000, 0x00000000e8000000, 0x00000000e8000000)
  eden space 87424K,   0% used [0x00000000e0000000, 0x00000000e0000000, 0x00000000e5560000)
  from space 21824K,  55% used [0x00000000e5560000, 0x00000000e6148810, 0x00000000e6ab0000)
  to   space 21824K,   0% used [0x00000000e6ab0000, 0x00000000e6ab0000, 0x00000000e8000000)
 concurrent mark-sweep generation total 393216K, used 24250K [0x00000000e8000000, 0x0000000100000000, 0x0000000100000000)
 Metaspace       used 30797K, capacity 31458K, committed 31740K, reserved 1077248K
  class space    used 3509K, capacity 3736K, committed 3836K, reserved 1048576K
}
2018-06-19T11:44:43.761+0200: 56,157: Total time for which application threads were stopped: 0,0182899 seconds, Stopping threads took: 0,0000646 seconds
{Heap before GC invocations=16 (full 1):
 par new generation   total 109248K, used 99601K [0x00000000e0000000, 0x00000000e8000000, 0x00000000e8000000)
  eden space 87424K,  99% used [0x00000000e0000000, 0x00000000e555bd30, 0x00000000e5560000)
  from space 21824K,  55% used [0x00000000e5560000, 0x00000000e6148810, 0x00000000e6ab0000)
  to   space 21824K,   0% used [0x00000000e6ab0000, 0x00000000e6ab0000, 0x00000000e8000000)
 concurrent mark-sweep generation total 393216K, used 24250K [0x00000000e8000000, 0x0000000100000000, 0x0000000100000000)
 Metaspace       used 30804K, capacity 31522K, committed 31740K, reserved 1077248K
  class space    used 3509K, capacity 3736K, committed 3836K, reserved 1048576K
2018-06-19T11:44:43.888+0200: 56,285: [GC (Allocation Failure) 2018-06-19T11:44:43.888+0200: 56,285: [ParNew
Desired survivor size 20112992 bytes, new threshold 8 (max 8)
- age   1:    1466928 bytes,    1466928 total
- age   2:    1059984 bytes,    2526912 total
- age   3:     479376 bytes,    3006288 total
- age   4:     269696 bytes,    3275984 total
- age   5:     210584 bytes,    3486568 total
- age   6:     108784 bytes,    3595352 total
- age   7:    5468192 bytes,    9063544 total
- age   8:     800944 bytes,    9864488 total
: 99601K->14893K(109248K), 0,0506197 secs] 123851K->39293K(502464K), 0,0507261 secs] [Times: user=0,16 sys=0,00, real=0,05 secs] 
Heap after GC invocations=17 (full 1):
 par new generation   total 109248K, used 14893K [0x00000000e0000000, 0x00000000e8000000, 0x00000000e8000000)
  eden space 87424K,   0% used [0x00000000e0000000, 0x00000000e0000000, 0x00000000e5560000)
  from space 21824K,  68% used [0x00000000e6ab0000, 0x00000000e793b5f0, 0x00000000e8000000)
  to   space 21824K,   0% used [0x00000000e5560000, 0x00000000e5560000, 0x00000000e6ab0000)
 concurrent mark-sweep generation total 393216K, used 24400K [0x00000000e8000000, 0x0000000100000000, 0x0000000100000000)
 Metaspace       used 30804K, capacity 31522K, committed 31740K, reserved 1077248K
  class space    used 3509K, capacity 3736K, committed 3836K, reserved 1048576K
}
2018-06-19T11:44:43.939+0200: 56,335: Total time for which application threads were stopped: 0,0510198 seconds, Stopping threads took: 0,0000364 seconds
{Heap before GC invocations=17 (full 1):
 par new generation   total 109248K, used 102317K [0x00000000e0000000, 0x00000000e8000000, 0x00000000e8000000)
  eden space 87424K, 100% used [0x00000000e0000000, 0x00000000e5560000, 0x00000000e5560000)
  from space 21824K,  68% used [0x00000000e6ab0000, 0x00000000e793b5f0, 0x00000000e8000000)
  to   space 21824K,   0% used [0x00000000e5560000, 0x00000000e5560000, 0x00000000e6ab0000)
 concurrent mark-sweep generation total 393216K, used 24400K [0x00000000e8000000, 0x0000000100000000, 0x0000000100000000)
 Metaspace       used 30807K, capacity 31522K, committed 31740K, reserved 1077248K
  class space    used 3509K, capacity 3736K, committed 3836K, reserved 1048576K
2018-06-19T11:44:44.045+0200: 56,441: [GC (Allocation Failure) 2018-06-19T11:44:44.045+0200: 56,441: [ParNew
Desired survivor size 20112992 bytes, new threshold 8 (max 8)
- age   1:    1518720 bytes,    1518720 total
- age   2:    1037352 bytes,    2556072 total
- age   3:    1059960 bytes,    3616032 total
- age   4:     479376 bytes,    4095408 total
- age   5:     268880 bytes,    4364288 total
- age   6:     210584 bytes,    4574872 total
- age   7:     108752 bytes,    4683624 total
- age   8:    5467936 bytes,   10151560 total
: 102317K->11339K(109248K), 0,0190383 secs] 126717K->36529K(502464K), 0,0191447 secs] [Times: user=0,07 sys=0,00, real=0,01 secs] 
Heap after GC invocations=18 (full 1):
 par new generation   total 109248K, used 11339K [0x00000000e0000000, 0x00000000e8000000, 0x00000000e8000000)
  eden space 87424K,   0% used [0x00000000e0000000, 0x00000000e0000000, 0x00000000e5560000)
  from space 21824K,  51% used [0x00000000e5560000, 0x00000000e6072f60, 0x00000000e6ab0000)
  to   space 21824K,   0% used [0x00000000e6ab0000, 0x00000000e6ab0000, 0x00000000e8000000)
 concurrent mark-sweep generation total 393216K, used 25189K [0x00000000e8000000, 0x0000000100000000, 0x0000000100000000)
 Metaspace       used 30807K, capacity 31522K, committed 31740K, reserved 1077248K
  class space    used 3509K, capacity 3736K, committed 3836K, reserved 1048576K
}
2018-06-19T11:44:44.064+0200: 56,460: Total time for which application threads were stopped: 0,0194101 seconds, Stopping threads took: 0,0000360 seconds
{Heap before GC invocations=18 (full 1):
 par new generation   total 109248K, used 98763K [0x00000000e0000000, 0x00000000e8000000, 0x00000000e8000000)
  eden space 87424K, 100% used [0x00000000e0000000, 0x00000000e5560000, 0x00000000e5560000)
  from space 21824K,  51% used [0x00000000e5560000, 0x00000000e6072f60, 0x00000000e6ab0000)
  to   space 21824K,   0% used [0x00000000e6ab0000, 0x00000000e6ab0000, 0x00000000e8000000)
 concurrent mark-sweep generation total 393216K, used 25189K [0x00000000e8000000, 0x0000000100000000, 0x0000000100000000)
 Metaspace       used 30815K, capacity 31522K, committed 31740K, reserved 1077248K
  class space    used 3509K, capacity 3736K, committed 3836K, reserved 1048576K
2018-06-19T11:44:44.194+0200: 56,591: [GC (Allocation Failure) 2018-06-19T11:44:44.194+0200: 56,591: [ParNew
Desired survivor size 20112992 bytes, new threshold 8 (max 8)
- age   1:    2047896 bytes,    2047896 total
- age   2:     937752 bytes,    2985648 total
- age   3:     840624 bytes,    3826272 total
- age   4:    1059960 bytes,    4886232 total
- age   5:     479376 bytes,    5365608 total
- age   6:     268824 bytes,    5634432 total
- age   7:     210552 bytes,    5844984 total
- age   8:     108344 bytes,    5953328 total
: 98763K->10711K(109248K), 0,0328137 secs] 123953K->41543K(502464K), 0,0329337 secs] [Times: user=0,06 sys=0,00, real=0,03 secs] 
Heap after GC invocations=19 (full 1):
 par new generation   total 109248K, used 10711K [0x00000000e0000000, 0x00000000e8000000, 0x00000000e8000000)
  eden space 87424K,   0% used [0x00000000e0000000, 0x00000000e0000000, 0x00000000e5560000)
  from space 21824K,  49% used [0x00000000e6ab0000, 0x00000000e7525e40, 0x00000000e8000000)
  to   space 21824K,   0% used [0x00000000e5560000, 0x00000000e5560000, 0x00000000e6ab0000)
 concurrent mark-sweep generation total 393216K, used 30832K [0x00000000e8000000, 0x0000000100000000, 0x0000000100000000)
 Metaspace       used 30815K, capacity 31522K, committed 31740K, reserved 1077248K
  class space    used 3509K, capacity 3736K, committed 3836K, reserved 1048576K
}
2018-06-19T11:44:44.227+0200: 56,624: Total time for which application threads were stopped: 0,0331964 seconds, Stopping threads took: 0,0000418 seconds
{Heap before GC invocations=19 (full 1):
 par new generation   total 109248K, used 98135K [0x00000000e0000000, 0x00000000e8000000, 0x00000000e8000000)
  eden space 87424K, 100% used [0x00000000e0000000, 0x00000000e5560000, 0x00000000e5560000)
  from space 21824K,  49% used [0x00000000e6ab0000, 0x00000000e7525e40, 0x00000000e8000000)
  to   space 21824K,   0% used [0x00000000e5560000, 0x00000000e5560000, 0x00000000e6ab0000)
 concurrent mark-sweep generation total 393216K, used 30832K [0x00000000e8000000, 0x0000000100000000, 0x0000000100000000)
 Metaspace       used 30870K, capacity 31586K, committed 31996K, reserved 1077248K
  class space    used 3509K, capacity 3736K, committed 3836K, reserved 1048576K
2018-06-19T11:44:44.341+0200: 56,737: [GC (Allocation Failure) 2018-06-19T11:44:44.341+0200: 56,737: [ParNew
Desired survivor size 20112992 bytes, new threshold 8 (max 8)
- age   1:    1838456 bytes,    1838456 total
- age   2:    1314280 bytes,    3152736 total
- age   3:     937896 bytes,    4090632 total
- age   4:     840744 bytes,    4931376 total
- age   5:    1060032 bytes,    5991408 total
- age   6:     479424 bytes,    6470832 total
- age   7:     268792 bytes,    6739624 total
- age   8:     210144 bytes,    6949768 total
: 98135K->8080K(109248K), 0,0111755 secs] 128967K->39019K(502464K), 0,0112611 secs] [Times: user=0,03 sys=0,00, real=0,02 secs] 
Heap after GC invocations=20 (full 1):
 par new generation   total 109248K, used 8080K [0x00000000e0000000, 0x00000000e8000000, 0x00000000e8000000)
  eden space 87424K,   0% used [0x00000000e0000000, 0x00000000e0000000, 0x00000000e5560000)
  from space 21824K,  37% used [0x00000000e5560000, 0x00000000e5d443c0, 0x00000000e6ab0000)
  to   space 21824K,   0% used [0x00000000e6ab0000, 0x00000000e6ab0000, 0x00000000e8000000)
 concurrent mark-sweep generation total 393216K, used 30938K [0x00000000e8000000, 0x0000000100000000, 0x0000000100000000)
 Metaspace       used 30870K, capacity 31586K, committed 31996K, reserved 1077248K
  class space    used 3509K, capacity 3736K, committed 3836K, reserved 1048576K
}
2018-06-19T11:44:44.352+0200: 56,748: Total time for which application threads were stopped: 0,0114937 seconds, Stopping threads took: 0,0000349 seconds
{Heap before GC invocations=20 (full 1):
 par new generation   total 109248K, used 95493K [0x00000000e0000000, 0x00000000e8000000, 0x00000000e8000000)
  eden space 87424K,  99% used [0x00000000e0000000, 0x00000000e555d308, 0x00000000e5560000)
  from space 21824K,  37% used [0x00000000e5560000, 0x00000000e5d443c0, 0x00000000e6ab0000)
  to   space 21824K,   0% used [0x00000000e6ab0000, 0x00000000e6ab0000, 0x00000000e8000000)
 concurrent mark-sweep generation total 393216K, used 30938K [0x00000000e8000000, 0x0000000100000000, 0x0000000100000000)
 Metaspace       used 30881K, capacity 31586K, committed 31996K, reserved 1077248K
  class space    used 3509K, capacity 3736K, committed 3836K, reserved 1048576K
2018-06-19T11:44:44.487+0200: 56,883: [GC (Allocation Failure) 2018-06-19T11:44:44.487+0200: 56,883: [ParNew
Desired survivor size 20112992 bytes, new threshold 8 (max 8)
- age   1:    2190808 bytes,    2190808 total
- age   2:     926304 bytes,    3117112 total
- age   3:    1312552 bytes,    4429664 total
- age   4:     839376 bytes,    5269040 total
- age   5:     840624 bytes,    6109664 total
- age   6:    1059960 bytes,    7169624 total
- age   7:     479344 bytes,    7648968 total
- age   8:     267944 bytes,    7916912 total
: 95493K->11794K(109248K), 0,0154281 secs] 126431K->42938K(502464K), 0,0155075 secs] [Times: user=0,04 sys=0,00, real=0,01 secs] 
Heap after GC invocations=21 (full 1):
 par new generation   total 109248K, used 11794K [0x00000000e0000000, 0x00000000e8000000, 0x00000000e8000000)
  eden space 87424K,   0% used [0x00000000e0000000, 0x00000000e0000000, 0x00000000e5560000)
  from space 21824K,  54% used [0x00000000e6ab0000, 0x00000000e7634a80, 0x00000000e8000000)
  to   space 21824K,   0% used [0x00000000e5560000, 0x00000000e5560000, 0x00000000e6ab0000)
 concurrent mark-sweep generation total 393216K, used 31143K [0x00000000e8000000, 0x0000000100000000, 0x0000000100000000)
 Metaspace       used 30881K, capacity 31586K, committed 31996K, reserved 1077248K
  class space    used 3509K, capacity 3736K, committed 3836K, reserved 1048576K
}
2018-06-19T11:44:44.502+0200: 56,898: Total time for which application threads were stopped: 0,0157149 seconds, Stopping threads took: 0,0000351 seconds
2018-06-19T11:44:44.567+0200: 56,964: Total time for which application threads were stopped: 0,0001628 seconds, Stopping threads took: 0,0000622 seconds
2018-06-19T11:44:44.569+0200: 56,965: Total time for which application threads were stopped: 0,0001436 seconds, Stopping threads took: 0,0000561 seconds
2018-06-19T11:44:44.580+0200: 56,976: Total time for which application threads were stopped: 0,0008977 seconds, Stopping threads took: 0,0008074 seconds
2018-06-19T11:44:44.588+0200: 56,984: Total time for which application threads were stopped: 0,0010785 seconds, Stopping threads took: 0,0009739 seconds
2018-06-19T11:44:44.588+0200: 56,985: Total time for which application threads were stopped: 0,0001141 seconds, Stopping threads took: 0,0000510 seconds
{Heap before GC invocations=21 (full 1):
 par new generation   total 109248K, used 99218K [0x00000000e0000000, 0x00000000e8000000, 0x00000000e8000000)
  eden space 87424K, 100% used [0x00000000e0000000, 0x00000000e5560000, 0x00000000e5560000)
  from space 21824K,  54% used [0x00000000e6ab0000, 0x00000000e7634a80, 0x00000000e8000000)
  to   space 21824K,   0% used [0x00000000e5560000, 0x00000000e5560000, 0x00000000e6ab0000)
 concurrent mark-sweep generation total 393216K, used 31143K [0x00000000e8000000, 0x0000000100000000, 0x0000000100000000)
 Metaspace       used 30891K, capacity 31586K, committed 31996K, reserved 1077248K
  class space    used 3509K, capacity 3736K, committed 3836K, reserved 1048576K
2018-06-19T11:44:44.591+0200: 56,987: [GC (Allocation Failure) 2018-06-19T11:44:44.591+0200: 56,987: [ParNew
Desired survivor size 20112992 bytes, new threshold 8 (max 8)
- age   1:    1822712 bytes,    1822712 total
- age   2:    1821968 bytes,    3644680 total
- age   3:     869280 bytes,    4513960 total
- age   4:    1255624 bytes,    5769584 total
- age   5:     783696 bytes,    6553280 total
- age   6:     783936 bytes,    7337216 total
- age   7:    1010352 bytes,    8347568 total
- age   8:     467144 bytes,    8814712 total
: 99218K->10221K(109248K), 0,0145455 secs] 130362K->41627K(502464K), 0,0146375 secs] [Times: user=0,06 sys=0,00, real=0,02 secs] 
Heap after GC invocations=22 (full 1):
 par new generation   total 109248K, used 10221K [0x00000000e0000000, 0x00000000e8000000, 0x00000000e8000000)
  eden space 87424K,   0% used [0x00000000e0000000, 0x00000000e0000000, 0x00000000e5560000)
  from space 21824K,  46% used [0x00000000e5560000, 0x00000000e5f5b5e0, 0x00000000e6ab0000)
  to   space 21824K,   0% used [0x00000000e6ab0000, 0x00000000e6ab0000, 0x00000000e8000000)
 concurrent mark-sweep generation total 393216K, used 31405K [0x00000000e8000000, 0x0000000100000000, 0x0000000100000000)
 Metaspace       used 30891K, capacity 31586K, committed 31996K, reserved 1077248K
  class space    used 3509K, capacity 3736K, committed 3836K, reserved 1048576K
}
2018-06-19T11:44:44.606+0200: 57,002: Total time for which application threads were stopped: 0,0148685 seconds, Stopping threads took: 0,0000547 seconds
2018-06-19T11:44:44.612+0200: 57,009: Total time for which application threads were stopped: 0,0002434 seconds, Stopping threads took: 0,0000664 seconds
2018-06-19T11:44:44.614+0200: 57,010: Total time for which application threads were stopped: 0,0007051 seconds, Stopping threads took: 0,0003997 seconds
{Heap before GC invocations=22 (full 1):
 par new generation   total 109248K, used 97645K [0x00000000e0000000, 0x00000000e8000000, 0x00000000e8000000)
  eden space 87424K, 100% used [0x00000000e0000000, 0x00000000e5560000, 0x00000000e5560000)
  from space 21824K,  46% used [0x00000000e5560000, 0x00000000e5f5b5e0, 0x00000000e6ab0000)
  to   space 21824K,   0% used [0x00000000e6ab0000, 0x00000000e6ab0000, 0x00000000e8000000)
 concurrent mark-sweep generation total 393216K, used 31405K [0x00000000e8000000, 0x0000000100000000, 0x0000000100000000)
 Metaspace       used 30919K, capacity 31650K, committed 31996K, reserved 1077248K
  class space    used 3509K, capacity 3736K, committed 3836K, reserved 1048576K
2018-06-19T11:44:44.735+0200: 57,131: [GC (Allocation Failure) 2018-06-19T11:44:44.735+0200: 57,131: [ParNew
Desired survivor size 20112992 bytes, new threshold 8 (max 8)
- age   1:    1361760 bytes,    1361760 total
- age   2:    1591664 bytes,    2953424 total
- age   3:    1821944 bytes,    4775368 total
- age   4:     869280 bytes,    5644648 total
- age   5:    1255624 bytes,    6900272 total
- age   6:     783696 bytes,    7683968 total
- age   7:     783904 bytes,    8467872 total
- age   8:    1009944 bytes,    9477816 total
: 97645K->12788K(109248K), 0,0472748 secs] 129051K->44581K(502464K), 0,0475921 secs] [Times: user=0,13 sys=0,00, real=0,04 secs] 
Heap after GC invocations=23 (full 1):
 par new generation   total 109248K, used 12788K [0x00000000e0000000, 0x00000000e8000000, 0x00000000e8000000)
  eden space 87424K,   0% used [0x00000000e0000000, 0x00000000e0000000, 0x00000000e5560000)
  from space 21824K,  58% used [0x00000000e6ab0000, 0x00000000e772d358, 0x00000000e8000000)
  to   space 21824K,   0% used [0x00000000e5560000, 0x00000000e5560000, 0x00000000e6ab0000)
 concurrent mark-sweep generation total 393216K, used 31793K [0x00000000e8000000, 0x0000000100000000, 0x0000000100000000)
 Metaspace       used 30919K, capacity 31650K, committed 31996K, reserved 1077248K
  class space    used 3509K, capacity 3736K, committed 3836K, reserved 1048576K
}
2018-06-19T11:44:44.783+0200: 57,179: Total time for which application threads were stopped: 0,0481700 seconds, Stopping threads took: 0,0000904 seconds
{Heap before GC invocations=23 (full 1):
 par new generation   total 109248K, used 100212K [0x00000000e0000000, 0x00000000e8000000, 0x00000000e8000000)
  eden space 87424K, 100% used [0x00000000e0000000, 0x00000000e5560000, 0x00000000e5560000)
  from space 21824K,  58% used [0x00000000e6ab0000, 0x00000000e772d358, 0x00000000e8000000)
  to   space 21824K,   0% used [0x00000000e5560000, 0x00000000e5560000, 0x00000000e6ab0000)
 concurrent mark-sweep generation total 393216K, used 31793K [0x00000000e8000000, 0x0000000100000000, 0x0000000100000000)
 Metaspace       used 30929K, capacity 31650K, committed 31996K, reserved 1077248K
  class space    used 3509K, capacity 3736K, committed 3836K, reserved 1048576K
2018-06-19T11:44:44.918+0200: 57,314: [GC (Allocation Failure) 2018-06-19T11:44:44.918+0200: 57,314: [ParNew
Desired survivor size 20112992 bytes, new threshold 8 (max 8)
- age   1:    1330912 bytes,    1330912 total
- age   2:     968360 bytes,    2299272 total
- age   3:    1591584 bytes,    3890856 total
- age   4:    1821944 bytes,    5712800 total
- age   5:     869280 bytes,    6582080 total
- age   6:    1255624 bytes,    7837704 total
- age   7:     783664 bytes,    8621368 total
- age   8:     783672 bytes,    9405040 total
: 100212K->13244K(109248K), 0,0321289 secs] 132005K->46032K(502464K), 0,0324614 secs] [Times: user=0,08 sys=0,00, real=0,03 secs] 
Heap after GC invocations=24 (full 1):
 par new generation   total 109248K, used 13244K [0x00000000e0000000, 0x00000000e8000000, 0x00000000e8000000)
  eden space 87424K,   0% used [0x00000000e0000000, 0x00000000e0000000, 0x00000000e5560000)
  from space 21824K,  60% used [0x00000000e5560000, 0x00000000e624f270, 0x00000000e6ab0000)
  to   space 21824K,   0% used [0x00000000e6ab0000, 0x00000000e6ab0000, 0x00000000e8000000)
 concurrent mark-sweep generation total 393216K, used 32787K [0x00000000e8000000, 0x0000000100000000, 0x0000000100000000)
 Metaspace       used 30929K, capacity 31650K, committed 31996K, reserved 1077248K
  class space    used 3509K, capacity 3736K, committed 3836K, reserved 1048576K
}
2018-06-19T11:44:44.951+0200: 57,347: Total time for which application threads were stopped: 0,0391084 seconds, Stopping threads took: 0,0060193 seconds
{Heap before GC invocations=24 (full 1):
 par new generation   total 109248K, used 100668K [0x00000000e0000000, 0x00000000e8000000, 0x00000000e8000000)
  eden space 87424K, 100% used [0x00000000e0000000, 0x00000000e5560000, 0x00000000e5560000)
  from space 21824K,  60% used [0x00000000e5560000, 0x00000000e624f270, 0x00000000e6ab0000)
  to   space 21824K,   0% used [0x00000000e6ab0000, 0x00000000e6ab0000, 0x00000000e8000000)
 concurrent mark-sweep generation total 393216K, used 32787K [0x00000000e8000000, 0x0000000100000000, 0x0000000100000000)
 Metaspace       used 30938K, capacity 31650K, committed 31996K, reserved 1077248K
  class space    used 3509K, capacity 3736K, committed 3836K, reserved 1048576K
2018-06-19T11:44:45.092+0200: 57,488: [GC (Allocation Failure) 2018-06-19T11:44:45.092+0200: 57,488: [ParNew
Desired survivor size 20112992 bytes, new threshold 8 (max 8)
- age   1:    1435480 bytes,    1435480 total
- age   2:     861600 bytes,    2297080 total
- age   3:     918944 bytes,    3216024 total
- age   4:    1590704 bytes,    4806728 total
- age   5:    1821944 bytes,    6628672 total
- age   6:     869280 bytes,    7497952 total
- age   7:    1255536 bytes,    8753488 total
- age   8:     783432 bytes,    9536920 total
: 100668K->11921K(109248K), 0,0436737 secs] 133456K->45484K(502464K), 0,0437953 secs] [Times: user=0,08 sys=0,00, real=0,04 secs] 
Heap after GC invocations=25 (full 1):
 par new generation   total 109248K, used 11921K [0x00000000e0000000, 0x00000000e8000000, 0x00000000e8000000)
  eden space 87424K,   0% used [0x00000000e0000000, 0x00000000e0000000, 0x00000000e5560000)
  from space 21824K,  54% used [0x00000000e6ab0000, 0x00000000e76546e0, 0x00000000e8000000)
  to   space 21824K,   0% used [0x00000000e5560000, 0x00000000e5560000, 0x00000000e6ab0000)
 concurrent mark-sweep generation total 393216K, used 33562K [0x00000000e8000000, 0x0000000100000000, 0x0000000100000000)
 Metaspace       used 30938K, capacity 31650K, committed 31996K, reserved 1077248K
  class space    used 3509K, capacity 3736K, committed 3836K, reserved 1048576K
}
2018-06-19T11:44:45.136+0200: 57,532: Total time for which application threads were stopped: 0,0475157 seconds, Stopping threads took: 0,0034842 seconds
{Heap before GC invocations=25 (full 1):
 par new generation   total 109248K, used 99345K [0x00000000e0000000, 0x00000000e8000000, 0x00000000e8000000)
  eden space 87424K, 100% used [0x00000000e0000000, 0x00000000e5560000, 0x00000000e5560000)
  from space 21824K,  54% used [0x00000000e6ab0000, 0x00000000e76546e0, 0x00000000e8000000)
  to   space 21824K,   0% used [0x00000000e5560000, 0x00000000e5560000, 0x00000000e6ab0000)
 concurrent mark-sweep generation total 393216K, used 33562K [0x00000000e8000000, 0x0000000100000000, 0x0000000100000000)
 Metaspace       used 30949K, capacity 31656K, committed 31996K, reserved 1077248K
  class space    used 3509K, capacity 3737K, committed 3836K, reserved 1048576K
2018-06-19T11:44:45.269+0200: 57,665: [GC (Allocation Failure) 2018-06-19T11:44:45.269+0200: 57,665: [ParNew
Desired survivor size 20112992 bytes, new threshold 8 (max 8)
- age   1:    2055432 bytes,    2055432 total
- age   2:     786424 bytes,    2841856 total
- age   3:     662096 bytes,    3503952 total
- age   4:     877288 bytes,    4381240 total
- age   5:    1202888 bytes,    5584128 total
- age   6:    1664216 bytes,    7248344 total
- age   7:     711728 bytes,    7960072 total
- age   8:    1102544 bytes,    9062616 total
: 99345K->14310K(109248K), 0,0315195 secs] 132908K->48492K(502464K), 0,0316637 secs] [Times: user=0,09 sys=0,00, real=0,03 secs] 
Heap after GC invocations=26 (full 1):
 par new generation   total 109248K, used 14310K [0x00000000e0000000, 0x00000000e8000000, 0x00000000e8000000)
  eden space 87424K,   0% used [0x00000000e0000000, 0x00000000e0000000, 0x00000000e5560000)
  from space 21824K,  65% used [0x00000000e5560000, 0x00000000e63598c0, 0x00000000e6ab0000)
  to   space 21824K,   0% used [0x00000000e6ab0000, 0x00000000e6ab0000, 0x00000000e8000000)
 concurrent mark-sweep generation total 393216K, used 34181K [0x00000000e8000000, 0x0000000100000000, 0x0000000100000000)
 Metaspace       used 30949K, capacity 31656K, committed 31996K, reserved 1077248K
  class space    used 3509K, capacity 3737K, committed 3836K, reserved 1048576K
}
2018-06-19T11:44:45.301+0200: 57,697: Total time for which application threads were stopped: 0,0320030 seconds, Stopping threads took: 0,0000457 seconds
{Heap before GC invocations=26 (full 1):
 par new generation   total 109248K, used 101734K [0x00000000e0000000, 0x00000000e8000000, 0x00000000e8000000)
  eden space 87424K, 100% used [0x00000000e0000000, 0x00000000e5560000, 0x00000000e5560000)
  from space 21824K,  65% used [0x00000000e5560000, 0x00000000e63598c0, 0x00000000e6ab0000)
  to   space 21824K,   0% used [0x00000000e6ab0000, 0x00000000e6ab0000, 0x00000000e8000000)
 concurrent mark-sweep generation total 393216K, used 34181K [0x00000000e8000000, 0x0000000100000000, 0x0000000100000000)
 Metaspace       used 30953K, capacity 31656K, committed 31996K, reserved 1077248K
  class space    used 3509K, capacity 3737K, committed 3836K, reserved 1048576K
2018-06-19T11:44:45.413+0200: 57,809: [GC (Allocation Failure) 2018-06-19T11:44:45.413+0200: 57,809: [ParNew
Desired survivor size 20112992 bytes, new threshold 8 (max 8)
- age   1:    1662808 bytes,    1662808 total
- age   2:    1346952 bytes,    3009760 total
- age   3:     817816 bytes,    3827576 total
- age   4:     660776 bytes,    4488352 total
- age   5:     875512 bytes,    5363864 total
- age   6:    1202408 bytes,    6566272 total
- age   7:    1664184 bytes,    8230456 total
- age   8:     711496 bytes,    8941952 total
: 101734K->11699K(109248K), 0,0272464 secs] 135916K->46959K(502464K), 0,0273728 secs] [Times: user=0,08 sys=0,01, real=0,02 secs] 
Heap after GC invocations=27 (full 1):
 par new generation   total 109248K, used 11699K [0x00000000e0000000, 0x00000000e8000000, 0x00000000e8000000)
  eden space 87424K,   0% used [0x00000000e0000000, 0x00000000e0000000, 0x00000000e5560000)
  from space 21824K,  53% used [0x00000000e6ab0000, 0x00000000e761cd70, 0x00000000e8000000)
  to   space 21824K,   0% used [0x00000000e5560000, 0x00000000e5560000, 0x00000000e6ab0000)
 concurrent mark-sweep generation total 393216K, used 35259K [0x00000000e8000000, 0x0000000100000000, 0x0000000100000000)
 Metaspace       used 30953K, capacity 31656K, committed 31996K, reserved 1077248K
  class space    used 3509K, capacity 3737K, committed 3836K, reserved 1048576K
}
2018-06-19T11:44:45.440+0200: 57,837: Total time for which application threads were stopped: 0,0276553 seconds, Stopping threads took: 0,0000403 seconds
{Heap before GC invocations=27 (full 1):
 par new generation   total 109248K, used 99123K [0x00000000e0000000, 0x00000000e8000000, 0x00000000e8000000)
  eden space 87424K, 100% used [0x00000000e0000000, 0x00000000e5560000, 0x00000000e5560000)
  from space 21824K,  53% used [0x00000000e6ab0000, 0x00000000e761cd70, 0x00000000e8000000)
  to   space 21824K,   0% used [0x00000000e5560000, 0x00000000e5560000, 0x00000000e6ab0000)
 concurrent mark-sweep generation total 393216K, used 35259K [0x00000000e8000000, 0x0000000100000000, 0x0000000100000000)
 Metaspace       used 30957K, capacity 31656K, committed 31996K, reserved 1077248K
  class space    used 3509K, capacity 3737K, committed 3836K, reserved 1048576K
2018-06-19T11:44:45.585+0200: 57,981: [GC (Allocation Failure) 2018-06-19T11:44:45.585+0200: 57,981: [ParNew
Desired survivor size 20112992 bytes, new threshold 8 (max 8)
- age   1:    2378192 bytes,    2378192 total
- age   2:     823920 bytes,    3202112 total
- age   3:    1345160 bytes,    4547272 total
- age   4:     719440 bytes,    5266712 total
- age   5:     660776 bytes,    5927488 total
- age   6:     875512 bytes,    6803000 total
- age   7:    1202264 bytes,    8005264 total
- age   8:    1663920 bytes,    9669184 total
: 99123K->11897K(109248K), 0,0342034 secs] 134383K->47853K(502464K), 0,0343673 secs] [Times: user=0,10 sys=0,00, real=0,03 secs] 
Heap after GC invocations=28 (full 1):
 par new generation   total 109248K, used 11897K [0x00000000e0000000, 0x00000000e8000000, 0x00000000e8000000)
  eden space 87424K,   0% used [0x00000000e0000000, 0x00000000e0000000, 0x00000000e5560000)
  from space 21824K,  54% used [0x00000000e5560000, 0x00000000e60fe468, 0x00000000e6ab0000)
  to   space 21824K,   0% used [0x00000000e6ab0000, 0x00000000e6ab0000, 0x00000000e8000000)
 concurrent mark-sweep generation total 393216K, used 35955K [0x00000000e8000000, 0x0000000100000000, 0x0000000100000000)
 Metaspace       used 30957K, capacity 31656K, committed 31996K, reserved 1077248K
  class space    used 3509K, capacity 3737K, committed 3836K, reserved 1048576K
}
2018-06-19T11:44:45.619+0200: 58,015: Total time for which application threads were stopped: 0,0349560 seconds, Stopping threads took: 0,0001414 seconds
2018-06-19T11:44:45.666+0200: 58,062: Total time for which application threads were stopped: 0,0006351 seconds, Stopping threads took: 0,0005232 seconds
2018-06-19T11:44:45.668+0200: 58,065: Total time for which application threads were stopped: 0,0001737 seconds, Stopping threads took: 0,0000629 seconds
2018-06-19T11:44:45.671+0200: 58,067: Total time for which application threads were stopped: 0,0001762 seconds, Stopping threads took: 0,0000574 seconds
2018-06-19T11:44:45.714+0200: 58,110: Total time for which application threads were stopped: 0,0141270 seconds, Stopping threads took: 0,0138879 seconds
2018-06-19T11:44:45.721+0200: 58,117: Total time for which application threads were stopped: 0,0002105 seconds, Stopping threads took: 0,0000538 seconds
2018-06-19T11:44:45.721+0200: 58,117: Total time for which application threads were stopped: 0,0001331 seconds, Stopping threads took: 0,0000322 seconds
{Heap before GC invocations=28 (full 1):
 par new generation   total 109248K, used 99320K [0x00000000e0000000, 0x00000000e8000000, 0x00000000e8000000)
  eden space 87424K,  99% used [0x00000000e0000000, 0x00000000e555fbd8, 0x00000000e5560000)
  from space 21824K,  54% used [0x00000000e5560000, 0x00000000e60fe468, 0x00000000e6ab0000)
  to   space 21824K,   0% used [0x00000000e6ab0000, 0x00000000e6ab0000, 0x00000000e8000000)
 concurrent mark-sweep generation total 393216K, used 35955K [0x00000000e8000000, 0x0000000100000000, 0x0000000100000000)
 Metaspace       used 30964K, capacity 31662K, committed 31996K, reserved 1077248K
  class space    used 3510K, capacity 3738K, committed 3836K, reserved 1048576K
2018-06-19T11:44:45.836+0200: 58,232: [GC (Allocation Failure) 2018-06-19T11:44:45.836+0200: 58,232: [ParNew
Desired survivor size 20112992 bytes, new threshold 8 (max 8)
- age   1:    1463808 bytes,    1463808 total
- age   2:    2131968 bytes,    3595776 total
- age   3:     766680 bytes,    4362456 total
- age   4:    1288808 bytes,    5651264 total
- age   5:     640336 bytes,    6291600 total
- age   6:     618872 bytes,    6910472 total
- age   7:     821048 bytes,    7731520 total
- age   8:    1109976 bytes,    8841496 total
: 99320K->12209K(109248K), 0,0155549 secs] 135276K->49791K(502464K), 0,0159042 secs] [Times: user=0,05 sys=0,01, real=0,01 secs] 
Heap after GC invocations=29 (full 1):
 par new generation   total 109248K, used 12209K [0x00000000e0000000, 0x00000000e8000000, 0x00000000e8000000)
  eden space 87424K,   0% used [0x00000000e0000000, 0x00000000e0000000, 0x00000000e5560000)
  from space 21824K,  55% used [0x00000000e6ab0000, 0x00000000e769c500, 0x00000000e8000000)
  to   space 21824K,   0% used [0x00000000e5560000, 0x00000000e5560000, 0x00000000e6ab0000)
 concurrent mark-sweep generation total 393216K, used 37581K [0x00000000e8000000, 0x0000000100000000, 0x0000000100000000)
 Metaspace       used 30964K, capacity 31662K, committed 31996K, reserved 1077248K
  class space    used 3510K, capacity 3738K, committed 3836K, reserved 1048576K
}
2018-06-19T11:44:45.852+0200: 58,248: Total time for which application threads were stopped: 0,0169179 seconds, Stopping threads took: 0,0004499 seconds
{Heap before GC invocations=29 (full 1):
 par new generation   total 109248K, used 99633K [0x00000000e0000000, 0x00000000e8000000, 0x00000000e8000000)
  eden space 87424K, 100% used [0x00000000e0000000, 0x00000000e5560000, 0x00000000e5560000)
  from space 21824K,  55% used [0x00000000e6ab0000, 0x00000000e769c500, 0x00000000e8000000)
  to   space 21824K,   0% used [0x00000000e5560000, 0x00000000e5560000, 0x00000000e6ab0000)
 concurrent mark-sweep generation total 393216K, used 37581K [0x00000000e8000000, 0x0000000100000000, 0x0000000100000000)
 Metaspace       used 30964K, capacity 31662K, committed 31996K, reserved 1077248K
  class space    used 3510K, capacity 3738K, committed 3836K, reserved 1048576K
2018-06-19T11:44:45.939+0200: 58,335: [GC (Allocation Failure) 2018-06-19T11:44:45.939+0200: 58,335: [ParNew
Desired survivor size 20112992 bytes, new threshold 8 (max 8)
- age   1:    1192224 bytes,    1192224 total
- age   2:    1141448 bytes,    2333672 total
- age   3:    2131824 bytes,    4465496 total
- age   4:     766680 bytes,    5232176 total
- age   5:    1288808 bytes,    6520984 total
- age   6:     640336 bytes,    7161320 total
- age   7:     618872 bytes,    7780192 total
- age   8:     821048 bytes,    8601240 total
: 99633K->11863K(109248K), 0,0099095 secs] 137215K->50532K(502464K), 0,0099920 secs] [Times: user=0,03 sys=0,00, real=0,01 secs] 
Heap after GC invocations=30 (full 1):
 par new generation   total 109248K, used 11863K [0x00000000e0000000, 0x00000000e8000000, 0x00000000e8000000)
  eden space 87424K,   0% used [0x00000000e0000000, 0x00000000e0000000, 0x00000000e5560000)
  from space 21824K,  54% used [0x00000000e5560000, 0x00000000e60f5e78, 0x00000000e6ab0000)
  to   space 21824K,   0% used [0x00000000e6ab0000, 0x00000000e6ab0000, 0x00000000e8000000)
 concurrent mark-sweep generation total 393216K, used 38669K [0x00000000e8000000, 0x0000000100000000, 0x0000000100000000)
 Metaspace       used 30964K, capacity 31662K, committed 31996K, reserved 1077248K
  class space    used 3510K, capacity 3738K, committed 3836K, reserved 1048576K
}
2018-06-19T11:44:45.949+0200: 58,345: Total time for which application threads were stopped: 0,0104219 seconds, Stopping threads took: 0,0002396 seconds
{Heap before GC invocations=30 (full 1):
 par new generation   total 109248K, used 99287K [0x00000000e0000000, 0x00000000e8000000, 0x00000000e8000000)
  eden space 87424K, 100% used [0x00000000e0000000, 0x00000000e5560000, 0x00000000e5560000)
  from space 21824K,  54% used [0x00000000e5560000, 0x00000000e60f5e78, 0x00000000e6ab0000)
  to   space 21824K,   0% used [0x00000000e6ab0000, 0x00000000e6ab0000, 0x00000000e8000000)
 concurrent mark-sweep generation total 393216K, used 38669K [0x00000000e8000000, 0x0000000100000000, 0x0000000100000000)
 Metaspace       used 30990K, capacity 31730K, committed 31996K, reserved 1077248K
  class space    used 3510K, capacity 3738K, committed 3836K, reserved 1048576K
2018-06-19T11:44:46.043+0200: 58,439: [GC (Allocation Failure) 2018-06-19T11:44:46.043+0200: 58,439: [ParNew
Desired survivor size 20112992 bytes, new threshold 8 (max 8)
- age   1:    1461328 bytes,    1461328 total
- age   2:     732200 bytes,    2193528 total
- age   3:     834472 bytes,    3028000 total
- age   4:    1989336 bytes,    5017336 total
- age   5:     590664 bytes,    5608000 total
- age   6:    1132080 bytes,    6740080 total
- age   7:     496912 bytes,    7236992 total
- age   8:     490976 bytes,    7727968 total
: 99287K->8936K(109248K), 0,0104598 secs] 137956K->48244K(502464K), 0,0105742 secs] [Times: user=0,04 sys=0,00, real=0,02 secs] 
Heap after GC invocations=31 (full 1):
 par new generation   total 109248K, used 8936K [0x00000000e0000000, 0x00000000e8000000, 0x00000000e8000000)
  eden space 87424K,   0% used [0x00000000e0000000, 0x00000000e0000000, 0x00000000e5560000)
  from space 21824K,  40% used [0x00000000e6ab0000, 0x00000000e736a080, 0x00000000e8000000)
  to   space 21824K,   0% used [0x00000000e5560000, 0x00000000e5560000, 0x00000000e6ab0000)
 concurrent mark-sweep generation total 393216K, used 39307K [0x00000000e8000000, 0x0000000100000000, 0x0000000100000000)
 Metaspace       used 30990K, capacity 31730K, committed 31996K, reserved 1077248K
  class space    used 3510K, capacity 3738K, committed 3836K, reserved 1048576K
}
2018-06-19T11:44:46.054+0200: 58,450: Total time for which application threads were stopped: 0,0108349 seconds, Stopping threads took: 0,0000420 seconds
2018-06-19T11:44:46.110+0200: 58,507: Total time for which application threads were stopped: 0,0001479 seconds, Stopping threads took: 0,0000499 seconds
2018-06-19T11:44:46.111+0200: 58,507: Total time for which application threads were stopped: 0,0001027 seconds, Stopping threads took: 0,0000343 seconds
2018-06-19T11:44:46.115+0200: 58,512: Total time for which application threads were stopped: 0,0001662 seconds, Stopping threads took: 0,0000514 seconds
2018-06-19T11:44:46.116+0200: 58,512: Total time for which application threads were stopped: 0,0002199 seconds, Stopping threads took: 0,0000237 seconds
2018-06-19T11:44:46.143+0200: 58,539: Total time for which application threads were stopped: 0,0001274 seconds, Stopping threads took: 0,0000293 seconds
2018-06-19T11:44:46.143+0200: 58,540: Total time for which application threads were stopped: 0,0001056 seconds, Stopping threads took: 0,0000380 seconds
2018-06-19T11:44:46.144+0200: 58,540: Total time for which application threads were stopped: 0,0000741 seconds, Stopping threads took: 0,0000200 seconds
2018-06-19T11:44:46.144+0200: 58,540: Total time for which application threads were stopped: 0,0000618 seconds, Stopping threads took: 0,0000233 seconds
2018-06-19T11:44:46.144+0200: 58,540: Total time for which application threads were stopped: 0,0000562 seconds, Stopping threads took: 0,0000165 seconds
2018-06-19T11:44:46.144+0200: 58,540: Total time for which application threads were stopped: 0,0000624 seconds, Stopping threads took: 0,0000144 seconds
2018-06-19T11:44:46.144+0200: 58,540: Total time for which application threads were stopped: 0,0000531 seconds, Stopping threads took: 0,0000211 seconds
2018-06-19T11:44:46.144+0200: 58,540: Total time for which application threads were stopped: 0,0000610 seconds, Stopping threads took: 0,0000232 seconds
2018-06-19T11:44:46.144+0200: 58,540: Total time for which application threads were stopped: 0,0000527 seconds, Stopping threads took: 0,0000196 seconds
2018-06-19T11:44:46.144+0200: 58,540: Total time for which application threads were stopped: 0,0000545 seconds, Stopping threads took: 0,0000198 seconds
2018-06-19T11:44:46.144+0200: 58,541: Total time for which application threads were stopped: 0,0000543 seconds, Stopping threads took: 0,0000251 seconds
2018-06-19T11:44:46.144+0200: 58,541: Total time for which application threads were stopped: 0,0000524 seconds, Stopping threads took: 0,0000235 seconds
2018-06-19T11:44:46.144+0200: 58,541: Total time for which application threads were stopped: 0,0000473 seconds, Stopping threads took: 0,0000197 seconds
2018-06-19T11:44:46.144+0200: 58,541: Total time for which application threads were stopped: 0,0000468 seconds, Stopping threads took: 0,0000121 seconds
2018-06-19T11:44:46.145+0200: 58,541: Total time for which application threads were stopped: 0,0000459 seconds, Stopping threads took: 0,0000121 seconds
2018-06-19T11:44:46.145+0200: 58,541: Total time for which application threads were stopped: 0,0001440 seconds, Stopping threads took: 0,0000190 seconds
2018-06-19T11:44:46.188+0200: 58,584: Total time for which application threads were stopped: 0,0002065 seconds, Stopping threads took: 0,0000383 seconds
2018-06-19T11:44:46.188+0200: 58,584: Total time for which application threads were stopped: 0,0001090 seconds, Stopping threads took: 0,0000145 seconds
2018-06-19T11:44:46.188+0200: 58,585: Total time for which application threads were stopped: 0,0000583 seconds, Stopping threads took: 0,0000185 seconds
2018-06-19T11:44:46.188+0200: 58,585: Total time for which application threads were stopped: 0,0000512 seconds, Stopping threads took: 0,0000125 seconds
2018-06-19T11:44:46.665+0200: 59,061: Total time for which application threads were stopped: 0,0001091 seconds, Stopping threads took: 0,0000420 seconds
2018-06-19T11:44:46.665+0200: 59,061: Total time for which application threads were stopped: 0,0000499 seconds, Stopping threads took: 0,0000183 seconds
2018-06-19T11:44:46.665+0200: 59,061: Total time for which application threads were stopped: 0,0000570 seconds, Stopping threads took: 0,0000266 seconds
2018-06-19T11:44:46.665+0200: 59,061: Total time for which application threads were stopped: 0,0000511 seconds, Stopping threads took: 0,0000237 seconds
2018-06-19T11:44:46.665+0200: 59,062: Total time for which application threads were stopped: 0,0000488 seconds, Stopping threads took: 0,0000228 seconds
2018-06-19T11:44:46.668+0200: 59,064: Total time for which application threads were stopped: 0,0001041 seconds, Stopping threads took: 0,0000396 seconds
2018-06-19T11:44:47.668+0200: 60,064: Total time for which application threads were stopped: 0,0000853 seconds, Stopping threads took: 0,0000190 seconds
2018-06-19T11:45:24.900+0200: 97,297: Total time for which application threads were stopped: 0,0033508 seconds, Stopping threads took: 0,0001412 seconds
2018-06-19T11:45:24.902+0200: 97,298: Total time for which application threads were stopped: 0,0005155 seconds, Stopping threads took: 0,0000134 seconds
2018-06-19T11:45:24.906+0200: 97,302: Total time for which application threads were stopped: 0,0001045 seconds, Stopping threads took: 0,0000430 seconds
2018-06-19T11:45:24.916+0200: 97,312: Total time for which application threads were stopped: 0,0049619 seconds, Stopping threads took: 0,0043859 seconds
2018-06-19T11:45:24.918+0200: 97,314: Total time for which application threads were stopped: 0,0006454 seconds, Stopping threads took: 0,0005794 seconds
2018-06-19T11:45:24.920+0200: 97,316: Total time for which application threads were stopped: 0,0006748 seconds, Stopping threads took: 0,0006071 seconds
2018-06-19T11:45:24.920+0200: 97,316: Total time for which application threads were stopped: 0,0000842 seconds, Stopping threads took: 0,0000428 seconds
2018-06-19T11:45:24.927+0200: 97,323: Total time for which application threads were stopped: 0,0006468 seconds, Stopping threads took: 0,0005804 seconds
2018-06-19T11:45:24.929+0200: 97,326: Total time for which application threads were stopped: 0,0011726 seconds, Stopping threads took: 0,0010820 seconds
2018-06-19T11:45:24.934+0200: 97,331: Total time for which application threads were stopped: 0,0001397 seconds, Stopping threads took: 0,0000721 seconds
2018-06-19T11:45:24.935+0200: 97,331: Total time for which application threads were stopped: 0,0000526 seconds, Stopping threads took: 0,0000124 seconds
2018-06-19T11:45:24.935+0200: 97,331: Total time for which application threads were stopped: 0,0000623 seconds, Stopping threads took: 0,0000307 seconds
2018-06-19T11:45:24.935+0200: 97,331: Total time for which application threads were stopped: 0,0000385 seconds, Stopping threads took: 0,0000130 seconds
2018-06-19T11:45:24.935+0200: 97,331: Total time for which application threads were stopped: 0,0000485 seconds, Stopping threads took: 0,0000218 seconds
2018-06-19T11:45:24.935+0200: 97,331: Total time for which application threads were stopped: 0,0000379 seconds, Stopping threads took: 0,0000102 seconds
2018-06-19T11:45:24.935+0200: 97,331: Total time for which application threads were stopped: 0,0000315 seconds, Stopping threads took: 0,0000070 seconds
2018-06-19T11:45:24.935+0200: 97,331: Total time for which application threads were stopped: 0,0000329 seconds, Stopping threads took: 0,0000071 seconds
2018-06-19T11:45:24.935+0200: 97,331: Total time for which application threads were stopped: 0,0000702 seconds, Stopping threads took: 0,0000365 seconds
2018-06-19T11:45:24.935+0200: 97,331: Total time for which application threads were stopped: 0,0000748 seconds, Stopping threads took: 0,0000248 seconds
2018-06-19T11:45:24.938+0200: 97,334: Total time for which application threads were stopped: 0,0001296 seconds, Stopping threads took: 0,0000513 seconds
2018-06-19T11:45:24.938+0200: 97,334: Total time for which application threads were stopped: 0,0000609 seconds, Stopping threads took: 0,0000263 seconds
2018-06-19T11:45:24.938+0200: 97,335: Total time for which application threads were stopped: 0,0001303 seconds, Stopping threads took: 0,0000418 seconds
2018-06-19T11:45:24.939+0200: 97,335: Total time for which application threads were stopped: 0,0001606 seconds, Stopping threads took: 0,0001030 seconds
2018-06-19T11:45:24.939+0200: 97,335: Total time for which application threads were stopped: 0,0000811 seconds, Stopping threads took: 0,0000326 seconds
2018-06-19T11:45:24.944+0200: 97,341: Total time for which application threads were stopped: 0,0001496 seconds, Stopping threads took: 0,0000597 seconds
2018-06-19T11:45:24.949+0200: 97,345: Total time for which application threads were stopped: 0,0020438 seconds, Stopping threads took: 0,0011477 seconds
2018-06-19T11:45:24.950+0200: 97,346: Total time for which application threads were stopped: 0,0006937 seconds, Stopping threads took: 0,0001829 seconds
2018-06-19T11:45:24.951+0200: 97,347: Total time for which application threads were stopped: 0,0001457 seconds, Stopping threads took: 0,0000330 seconds
2018-06-19T11:45:24.952+0200: 97,349: Total time for which application threads were stopped: 0,0001035 seconds, Stopping threads took: 0,0000260 seconds
2018-06-19T11:45:24.952+0200: 97,349: Total time for which application threads were stopped: 0,0000642 seconds, Stopping threads took: 0,0000187 seconds
2018-06-19T11:45:24.953+0200: 97,349: Total time for which application threads were stopped: 0,0005381 seconds, Stopping threads took: 0,0004902 seconds
2018-06-19T11:45:24.955+0200: 97,352: Total time for which application threads were stopped: 0,0006044 seconds, Stopping threads took: 0,0000490 seconds
2018-06-19T11:45:24.956+0200: 97,352: Total time for which application threads were stopped: 0,0001012 seconds, Stopping threads took: 0,0000416 seconds
2018-06-19T11:45:24.956+0200: 97,353: Total time for which application threads were stopped: 0,0000988 seconds, Stopping threads took: 0,0000471 seconds
2018-06-19T11:45:24.958+0200: 97,354: Total time for which application threads were stopped: 0,0001260 seconds, Stopping threads took: 0,0000604 seconds
2018-06-19T11:45:24.958+0200: 97,354: Total time for which application threads were stopped: 0,0000770 seconds, Stopping threads took: 0,0000287 seconds
2018-06-19T11:45:24.958+0200: 97,354: Total time for which application threads were stopped: 0,0000724 seconds, Stopping threads took: 0,0000287 seconds
2018-06-19T11:45:24.958+0200: 97,355: Total time for which application threads were stopped: 0,0000675 seconds, Stopping threads took: 0,0000293 seconds
2018-06-19T11:45:24.958+0200: 97,355: Total time for which application threads were stopped: 0,0001445 seconds, Stopping threads took: 0,0000293 seconds
2018-06-19T11:45:24.960+0200: 97,356: Total time for which application threads were stopped: 0,0000979 seconds, Stopping threads took: 0,0000375 seconds
2018-06-19T11:45:24.960+0200: 97,357: Total time for which application threads were stopped: 0,0000810 seconds, Stopping threads took: 0,0000392 seconds
2018-06-19T11:45:24.960+0200: 97,357: Total time for which application threads were stopped: 0,0000743 seconds, Stopping threads took: 0,0000384 seconds
2018-06-19T11:45:24.960+0200: 97,357: Total time for which application threads were stopped: 0,0000647 seconds, Stopping threads took: 0,0000295 seconds
2018-06-19T11:45:24.961+0200: 97,357: Total time for which application threads were stopped: 0,0000635 seconds, Stopping threads took: 0,0000280 seconds
2018-06-19T11:45:24.961+0200: 97,357: Total time for which application threads were stopped: 0,0000662 seconds, Stopping threads took: 0,0000284 seconds
2018-06-19T11:45:24.961+0200: 97,357: Total time for which application threads were stopped: 0,0000573 seconds, Stopping threads took: 0,0000284 seconds
2018-06-19T11:45:24.962+0200: 97,358: Total time for which application threads were stopped: 0,0001162 seconds, Stopping threads took: 0,0000454 seconds
2018-06-19T11:45:24.962+0200: 97,359: Total time for which application threads were stopped: 0,0000808 seconds, Stopping threads took: 0,0000153 seconds
2018-06-19T11:45:24.962+0200: 97,359: Total time for which application threads were stopped: 0,0000936 seconds, Stopping threads took: 0,0000150 seconds
2018-06-19T11:45:24.963+0200: 97,359: Total time for which application threads were stopped: 0,0000484 seconds, Stopping threads took: 0,0000122 seconds
2018-06-19T11:45:24.963+0200: 97,359: Total time for which application threads were stopped: 0,0000727 seconds, Stopping threads took: 0,0000322 seconds
2018-06-19T11:45:24.963+0200: 97,359: Total time for which application threads were stopped: 0,0000648 seconds, Stopping threads took: 0,0000227 seconds
2018-06-19T11:45:24.963+0200: 97,359: Total time for which application threads were stopped: 0,0000652 seconds, Stopping threads took: 0,0000307 seconds
2018-06-19T11:45:24.963+0200: 97,359: Total time for which application threads were stopped: 0,0000891 seconds, Stopping threads took: 0,0000527 seconds
2018-06-19T11:45:24.963+0200: 97,359: Total time for which application threads were stopped: 0,0000515 seconds, Stopping threads took: 0,0000204 seconds
2018-06-19T11:45:24.963+0200: 97,360: Total time for which application threads were stopped: 0,0000592 seconds, Stopping threads took: 0,0000199 seconds
2018-06-19T11:45:24.963+0200: 97,360: Total time for which application threads were stopped: 0,0000622 seconds, Stopping threads took: 0,0000175 seconds
2018-06-19T11:45:24.968+0200: 97,364: Total time for which application threads were stopped: 0,0000863 seconds, Stopping threads took: 0,0000323 seconds
2018-06-19T11:45:24.968+0200: 97,364: Total time for which application threads were stopped: 0,0000739 seconds, Stopping threads took: 0,0000206 seconds
2018-06-19T11:45:24.968+0200: 97,364: Total time for which application threads were stopped: 0,0000620 seconds, Stopping threads took: 0,0000285 seconds
2018-06-19T11:45:24.971+0200: 97,367: Total time for which application threads were stopped: 0,0001819 seconds, Stopping threads took: 0,0000738 seconds
Heap
 par new generation   total 109248K, used 66341K [0x00000000e0000000, 0x00000000e8000000, 0x00000000e8000000)
  eden space 87424K,  65% used [0x00000000e0000000, 0x00000000e380f528, 0x00000000e5560000)
  from space 21824K,  40% used [0x00000000e6ab0000, 0x00000000e736a080, 0x00000000e8000000)
  to   space 21824K,   0% used [0x00000000e5560000, 0x00000000e5560000, 0x00000000e6ab0000)
 concurrent mark-sweep generation total 393216K, used 39307K [0x00000000e8000000, 0x0000000100000000, 0x0000000100000000)
 Metaspace       used 31114K, capacity 31882K, committed 32252K, reserved 1077248K
  class space    used 3521K, capacity 3740K, committed 3836K, reserved 1048576K
