OpenJDK 64-Bit Server VM (25.171-b11) for linux-amd64 JRE (1.8.0_171-8u171-b11-0ubuntu0.16.04.1-b11), built on Apr 27 2018 17:19:03 by "buildd" with gcc 5.4.0 20160609
Memory: 4k page, physical 7867600k(1065852k free), swap 8076284k(8076284k free)
CommandLine flags: -XX:CMSInitiatingOccupancyFraction=50 -XX:CMSMaxAbortablePrecleanTime=6000 -XX:+CMSParallelRemarkEnabled -XX:+CMSScavengeBeforeRemark -XX:ConcGCThreads=4 -XX:InitialHeapSize=536870912 -XX:MaxHeapSize=536870912 -XX:MaxTenuringThreshold=8 -XX:NewRatio=3 -XX:OldPLABSize=16 -XX:OnOutOfMemoryError=/home/gurnoor/workspace/QTM/solr/bin/oom_solr.sh 8983 /home/gurnoor/workspace/QTM/solr/server/logs -XX:ParallelGCThreads=4 -XX:+ParallelRefProcEnabled -XX:PretenureSizeThreshold=67108864 -XX:+PrintGC -XX:+PrintGCApplicationStoppedTime -XX:+PrintGCDateStamps -XX:+PrintGCDetails -XX:+PrintGCTimeStamps -XX:+PrintHeapAtGC -XX:+PrintTenuringDistribution -XX:SurvivorRatio=4 -XX:TargetSurvivorRatio=90 -XX:ThreadStackSize=256 -XX:+UseCMSInitiatingOccupancyOnly -XX:+UseCompressedClassPointers -XX:+UseCompressedOops -XX:+UseConcMarkSweepGC -XX:+UseParNewGC 
2018-06-19T11:51:55.064+0200: 0,116: Total time for which application threads were stopped: 0,0000762 seconds, Stopping threads took: 0,0000191 seconds
2018-06-19T11:51:55.133+0200: 0,185: Total time for which application threads were stopped: 0,0000921 seconds, Stopping threads took: 0,0000133 seconds
2018-06-19T11:51:55.142+0200: 0,195: Total time for which application threads were stopped: 0,0000804 seconds, Stopping threads took: 0,0000135 seconds
2018-06-19T11:51:55.258+0200: 0,310: Total time for which application threads were stopped: 0,0001441 seconds, Stopping threads took: 0,0000185 seconds
2018-06-19T11:51:55.413+0200: 0,465: Total time for which application threads were stopped: 0,0001304 seconds, Stopping threads took: 0,0000133 seconds
2018-06-19T11:51:55.497+0200: 0,550: Total time for which application threads were stopped: 0,0002234 seconds, Stopping threads took: 0,0000313 seconds
2018-06-19T11:51:55.528+0200: 0,580: Total time for which application threads were stopped: 0,0001622 seconds, Stopping threads took: 0,0000200 seconds
2018-06-19T11:51:55.865+0200: 0,917: Total time for which application threads were stopped: 0,0002545 seconds, Stopping threads took: 0,0000301 seconds
2018-06-19T11:51:56.298+0200: 1,350: Total time for which application threads were stopped: 0,0003292 seconds, Stopping threads took: 0,0000268 seconds
2018-06-19T11:51:56.342+0200: 1,395: Total time for which application threads were stopped: 0,0003148 seconds, Stopping threads took: 0,0000305 seconds
2018-06-19T11:51:56.407+0200: 1,459: Total time for which application threads were stopped: 0,0004799 seconds, Stopping threads took: 0,0000265 seconds
2018-06-19T11:51:56.409+0200: 1,461: Total time for which application threads were stopped: 0,0005116 seconds, Stopping threads took: 0,0000419 seconds
2018-06-19T11:51:56.446+0200: 1,498: Total time for which application threads were stopped: 0,0002744 seconds, Stopping threads took: 0,0000168 seconds
2018-06-19T11:51:56.620+0200: 1,672: Total time for which application threads were stopped: 0,0014652 seconds, Stopping threads took: 0,0001183 seconds
2018-06-19T11:51:57.070+0200: 2,122: Total time for which application threads were stopped: 0,0003628 seconds, Stopping threads took: 0,0000679 seconds
{Heap before GC invocations=0 (full 0):
 par new generation   total 109248K, used 87424K [0x00000000e0000000, 0x00000000e8000000, 0x00000000e8000000)
  eden space 87424K, 100% used [0x00000000e0000000, 0x00000000e5560000, 0x00000000e5560000)
  from space 21824K,   0% used [0x00000000e5560000, 0x00000000e5560000, 0x00000000e6ab0000)
  to   space 21824K,   0% used [0x00000000e6ab0000, 0x00000000e6ab0000, 0x00000000e8000000)
 concurrent mark-sweep generation total 393216K, used 0K [0x00000000e8000000, 0x0000000100000000, 0x0000000100000000)
 Metaspace       used 18116K, capacity 18408K, committed 18688K, reserved 1064960K
  class space    used 2049K, capacity 2198K, committed 2304K, reserved 1048576K
2018-06-19T11:51:57.229+0200: 2,281: [GC (Allocation Failure) 2018-06-19T11:51:57.229+0200: 2,281: [ParNew
Desired survivor size 20112992 bytes, new threshold 8 (max 8)
- age   1:   12541432 bytes,   12541432 total
: 87424K->12368K(109248K), 0,0249226 secs] 87424K->12368K(502464K), 0,0249971 secs] [Times: user=0,05 sys=0,00, real=0,03 secs] 
Heap after GC invocations=1 (full 0):
 par new generation   total 109248K, used 12368K [0x00000000e0000000, 0x00000000e8000000, 0x00000000e8000000)
  eden space 87424K,   0% used [0x00000000e0000000, 0x00000000e0000000, 0x00000000e5560000)
  from space 21824K,  56% used [0x00000000e6ab0000, 0x00000000e76c4128, 0x00000000e8000000)
  to   space 21824K,   0% used [0x00000000e5560000, 0x00000000e5560000, 0x00000000e6ab0000)
 concurrent mark-sweep generation total 393216K, used 0K [0x00000000e8000000, 0x0000000100000000, 0x0000000100000000)
 Metaspace       used 18116K, capacity 18408K, committed 18688K, reserved 1064960K
  class space    used 2049K, capacity 2198K, committed 2304K, reserved 1048576K
}
2018-06-19T11:51:57.254+0200: 2,306: Total time for which application threads were stopped: 0,0253593 seconds, Stopping threads took: 0,0000516 seconds
2018-06-19T11:51:57.578+0200: 2,631: Total time for which application threads were stopped: 0,0005640 seconds, Stopping threads took: 0,0002015 seconds
2018-06-19T11:51:57.592+0200: 2,644: Total time for which application threads were stopped: 0,0016936 seconds, Stopping threads took: 0,0013895 seconds
2018-06-19T11:51:57.641+0200: 2,693: Total time for which application threads were stopped: 0,0004040 seconds, Stopping threads took: 0,0001228 seconds
{Heap before GC invocations=1 (full 0):
 par new generation   total 109248K, used 99792K [0x00000000e0000000, 0x00000000e8000000, 0x00000000e8000000)
  eden space 87424K, 100% used [0x00000000e0000000, 0x00000000e5560000, 0x00000000e5560000)
  from space 21824K,  56% used [0x00000000e6ab0000, 0x00000000e76c4128, 0x00000000e8000000)
  to   space 21824K,   0% used [0x00000000e5560000, 0x00000000e5560000, 0x00000000e6ab0000)
 concurrent mark-sweep generation total 393216K, used 0K [0x00000000e8000000, 0x0000000100000000, 0x0000000100000000)
 Metaspace       used 20664K, capacity 21036K, committed 21248K, reserved 1069056K
  class space    used 2379K, capacity 2546K, committed 2560K, reserved 1048576K
2018-06-19T11:51:57.645+0200: 2,697: [GC (Allocation Failure) 2018-06-19T11:51:57.645+0200: 2,697: [ParNew
Desired survivor size 20112992 bytes, new threshold 8 (max 8)
- age   1:    3470752 bytes,    3470752 total
- age   2:    6491816 bytes,    9962568 total
: 99792K->11602K(109248K), 0,0105730 secs] 99792K->11602K(502464K), 0,0106379 secs] [Times: user=0,04 sys=0,00, real=0,01 secs] 
Heap after GC invocations=2 (full 0):
 par new generation   total 109248K, used 11602K [0x00000000e0000000, 0x00000000e8000000, 0x00000000e8000000)
  eden space 87424K,   0% used [0x00000000e0000000, 0x00000000e0000000, 0x00000000e5560000)
  from space 21824K,  53% used [0x00000000e5560000, 0x00000000e60b4b50, 0x00000000e6ab0000)
  to   space 21824K,   0% used [0x00000000e6ab0000, 0x00000000e6ab0000, 0x00000000e8000000)
 concurrent mark-sweep generation total 393216K, used 0K [0x00000000e8000000, 0x0000000100000000, 0x0000000100000000)
 Metaspace       used 20664K, capacity 21036K, committed 21248K, reserved 1069056K
  class space    used 2379K, capacity 2546K, committed 2560K, reserved 1048576K
}
2018-06-19T11:51:57.656+0200: 2,708: Total time for which application threads were stopped: 0,0108195 seconds, Stopping threads took: 0,0000352 seconds
2018-06-19T11:51:57.727+0200: 2,779: Total time for which application threads were stopped: 0,0106808 seconds, Stopping threads took: 0,0105362 seconds
2018-06-19T11:51:57.737+0200: 2,789: Total time for which application threads were stopped: 0,0006667 seconds, Stopping threads took: 0,0005734 seconds
2018-06-19T11:51:57.748+0200: 2,800: Total time for which application threads were stopped: 0,0043193 seconds, Stopping threads took: 0,0040284 seconds
2018-06-19T11:51:57.780+0200: 2,832: Total time for which application threads were stopped: 0,0004030 seconds, Stopping threads took: 0,0002842 seconds
2018-06-19T11:51:57.836+0200: 2,888: Total time for which application threads were stopped: 0,0026074 seconds, Stopping threads took: 0,0024724 seconds
2018-06-19T11:51:57.913+0200: 2,965: Total time for which application threads were stopped: 0,0006792 seconds, Stopping threads took: 0,0001280 seconds
{Heap before GC invocations=2 (full 0):
 par new generation   total 109248K, used 99026K [0x00000000e0000000, 0x00000000e8000000, 0x00000000e8000000)
  eden space 87424K, 100% used [0x00000000e0000000, 0x00000000e5560000, 0x00000000e5560000)
  from space 21824K,  53% used [0x00000000e5560000, 0x00000000e60b4b50, 0x00000000e6ab0000)
  to   space 21824K,   0% used [0x00000000e6ab0000, 0x00000000e6ab0000, 0x00000000e8000000)
 concurrent mark-sweep generation total 393216K, used 0K [0x00000000e8000000, 0x0000000100000000, 0x0000000100000000)
 Metaspace       used 21844K, capacity 22273K, committed 22548K, reserved 1069056K
  class space    used 2547K, capacity 2697K, committed 2760K, reserved 1048576K
2018-06-19T11:51:57.956+0200: 3,008: [GC (Allocation Failure) 2018-06-19T11:51:57.956+0200: 3,008: [ParNew
Desired survivor size 20112992 bytes, new threshold 8 (max 8)
- age   1:    2335144 bytes,    2335144 total
- age   2:     796384 bytes,    3131528 total
- age   3:    6476336 bytes,    9607864 total
: 99026K->13845K(109248K), 0,0186967 secs] 99026K->13845K(502464K), 0,0188626 secs] [Times: user=0,04 sys=0,01, real=0,02 secs] 
Heap after GC invocations=3 (full 0):
 par new generation   total 109248K, used 13845K [0x00000000e0000000, 0x00000000e8000000, 0x00000000e8000000)
  eden space 87424K,   0% used [0x00000000e0000000, 0x00000000e0000000, 0x00000000e5560000)
  from space 21824K,  63% used [0x00000000e6ab0000, 0x00000000e78357c0, 0x00000000e8000000)
  to   space 21824K,   0% used [0x00000000e5560000, 0x00000000e5560000, 0x00000000e6ab0000)
 concurrent mark-sweep generation total 393216K, used 0K [0x00000000e8000000, 0x0000000100000000, 0x0000000100000000)
 Metaspace       used 21844K, capacity 22273K, committed 22548K, reserved 1069056K
  class space    used 2547K, capacity 2697K, committed 2760K, reserved 1048576K
}
2018-06-19T11:51:57.975+0200: 3,027: Total time for which application threads were stopped: 0,0192203 seconds, Stopping threads took: 0,0000573 seconds
2018-06-19T11:51:57.977+0200: 3,029: [GC (CMS Initial Mark) [1 CMS-initial-mark: 0K(393216K)] 14529K(502464K), 0,0060519 secs] [Times: user=0,02 sys=0,00, real=0,00 secs] 
2018-06-19T11:51:57.983+0200: 3,035: Total time for which application threads were stopped: 0,0077875 seconds, Stopping threads took: 0,0012643 seconds
2018-06-19T11:51:57.983+0200: 3,036: [CMS-concurrent-mark-start]
2018-06-19T11:51:57.987+0200: 3,040: [CMS-concurrent-mark: 0,004/0,004 secs] [Times: user=0,01 sys=0,01, real=0,01 secs] 
2018-06-19T11:51:57.987+0200: 3,040: [CMS-concurrent-preclean-start]
2018-06-19T11:51:57.989+0200: 3,041: [CMS-concurrent-preclean: 0,001/0,001 secs] [Times: user=0,00 sys=0,00, real=0,00 secs] 
2018-06-19T11:51:57.989+0200: 3,041: [CMS-concurrent-abortable-preclean-start]
2018-06-19T11:51:58.213+0200: 3,266: Total time for which application threads were stopped: 0,0004658 seconds, Stopping threads took: 0,0000396 seconds
{Heap before GC invocations=3 (full 1):
 par new generation   total 109248K, used 101269K [0x00000000e0000000, 0x00000000e8000000, 0x00000000e8000000)
  eden space 87424K, 100% used [0x00000000e0000000, 0x00000000e5560000, 0x00000000e5560000)
  from space 21824K,  63% used [0x00000000e6ab0000, 0x00000000e78357c0, 0x00000000e8000000)
  to   space 21824K,   0% used [0x00000000e5560000, 0x00000000e5560000, 0x00000000e6ab0000)
 concurrent mark-sweep generation total 393216K, used 0K [0x00000000e8000000, 0x0000000100000000, 0x0000000100000000)
 Metaspace       used 22154K, capacity 22629K, committed 22880K, reserved 1069056K
  class space    used 2582K, capacity 2741K, committed 2760K, reserved 1048576K
2018-06-19T11:51:58.215+0200: 3,268: [GC (Allocation Failure) 2018-06-19T11:51:58.215+0200: 3,268: [ParNew
Desired survivor size 20112992 bytes, new threshold 8 (max 8)
- age   1:     959496 bytes,     959496 total
- age   2:    1055752 bytes,    2015248 total
- age   3:     768464 bytes,    2783712 total
- age   4:    6202000 bytes,    8985712 total
: 101269K->11651K(109248K), 0,0184024 secs] 101269K->11651K(502464K), 0,0187103 secs] [Times: user=0,05 sys=0,00, real=0,02 secs] 
Heap after GC invocations=4 (full 1):
 par new generation   total 109248K, used 11651K [0x00000000e0000000, 0x00000000e8000000, 0x00000000e8000000)
  eden space 87424K,   0% used [0x00000000e0000000, 0x00000000e0000000, 0x00000000e5560000)
  from space 21824K,  53% used [0x00000000e5560000, 0x00000000e60c0dc0, 0x00000000e6ab0000)
  to   space 21824K,   0% used [0x00000000e6ab0000, 0x00000000e6ab0000, 0x00000000e8000000)
 concurrent mark-sweep generation total 393216K, used 0K [0x00000000e8000000, 0x0000000100000000, 0x0000000100000000)
 Metaspace       used 22154K, capacity 22629K, committed 22880K, reserved 1069056K
  class space    used 2582K, capacity 2741K, committed 2760K, reserved 1048576K
}
2018-06-19T11:51:58.234+0200: 3,286: Total time for which application threads were stopped: 0,0191089 seconds, Stopping threads took: 0,0000904 seconds
2018-06-19T11:51:58.335+0200: 3,388: [CMS-concurrent-abortable-preclean: 0,126/0,347 secs] [Times: user=1,00 sys=0,00, real=0,35 secs] 
2018-06-19T11:51:58.338+0200: 3,390: [GC (CMS Final Remark) [YG occupancy: 54858 K (109248 K)]{Heap before GC invocations=4 (full 1):
 par new generation   total 109248K, used 54858K [0x00000000e0000000, 0x00000000e8000000, 0x00000000e8000000)
  eden space 87424K,  49% used [0x00000000e0000000, 0x00000000e2a31b38, 0x00000000e5560000)
  from space 21824K,  53% used [0x00000000e5560000, 0x00000000e60c0dc0, 0x00000000e6ab0000)
  to   space 21824K,   0% used [0x00000000e6ab0000, 0x00000000e6ab0000, 0x00000000e8000000)
 concurrent mark-sweep generation total 393216K, used 0K [0x00000000e8000000, 0x0000000100000000, 0x0000000100000000)
 Metaspace       used 22211K, capacity 22661K, committed 22956K, reserved 1069056K
  class space    used 2591K, capacity 2773K, committed 2836K, reserved 1048576K
2018-06-19T11:51:58.338+0200: 3,390: [GC (CMS Final Remark) 2018-06-19T11:51:58.338+0200: 3,390: [ParNew
Desired survivor size 20112992 bytes, new threshold 8 (max 8)
- age   1:     602632 bytes,     602632 total
- age   2:     511472 bytes,    1114104 total
- age   3:    1055752 bytes,    2169856 total
- age   4:     768384 bytes,    2938240 total
- age   5:    6202080 bytes,    9140320 total
: 54858K->10680K(109248K), 0,0255016 secs] 54858K->10680K(502464K), 0,0255572 secs] [Times: user=0,06 sys=0,00, real=0,02 secs] 
Heap after GC invocations=5 (full 1):
 par new generation   total 109248K, used 10680K [0x00000000e0000000, 0x00000000e8000000, 0x00000000e8000000)
  eden space 87424K,   0% used [0x00000000e0000000, 0x00000000e0000000, 0x00000000e5560000)
  from space 21824K,  48% used [0x00000000e6ab0000, 0x00000000e751e348, 0x00000000e8000000)
  to   space 21824K,   0% used [0x00000000e5560000, 0x00000000e5560000, 0x00000000e6ab0000)
 concurrent mark-sweep generation total 393216K, used 0K [0x00000000e8000000, 0x0000000100000000, 0x0000000100000000)
 Metaspace       used 22211K, capacity 22661K, committed 22956K, reserved 1069056K
  class space    used 2591K, capacity 2773K, committed 2836K, reserved 1048576K
}
2018-06-19T11:51:58.363+0200: 3,416: [Rescan (parallel) , 0,0066884 secs]2018-06-19T11:51:58.370+0200: 3,422: [weak refs processing, 0,0019744 secs]2018-06-19T11:51:58.372+0200: 3,424: [class unloading, 0,0076502 secs]2018-06-19T11:51:58.380+0200: 3,432: [scrub symbol table, 0,0037476 secs]2018-06-19T11:51:58.384+0200: 3,436: [scrub string table, 0,0008691 secs][1 CMS-remark: 0K(393216K)] 10680K(502464K), 0,0480465 secs] [Times: user=0,10 sys=0,00, real=0,05 secs] 
2018-06-19T11:51:58.386+0200: 3,438: Total time for which application threads were stopped: 0,0504061 seconds, Stopping threads took: 0,0021329 seconds
2018-06-19T11:51:58.386+0200: 3,438: [CMS-concurrent-sweep-start]
2018-06-19T11:51:58.386+0200: 3,438: [CMS-concurrent-sweep: 0,000/0,000 secs] [Times: user=0,00 sys=0,00, real=0,00 secs] 
2018-06-19T11:51:58.386+0200: 3,438: [CMS-concurrent-reset-start]
2018-06-19T11:51:58.390+0200: 3,442: [CMS-concurrent-reset: 0,004/0,004 secs] [Times: user=0,00 sys=0,01, real=0,00 secs] 
{Heap before GC invocations=5 (full 1):
 par new generation   total 109248K, used 98104K [0x00000000e0000000, 0x00000000e8000000, 0x00000000e8000000)
  eden space 87424K, 100% used [0x00000000e0000000, 0x00000000e5560000, 0x00000000e5560000)
  from space 21824K,  48% used [0x00000000e6ab0000, 0x00000000e751e348, 0x00000000e8000000)
  to   space 21824K,   0% used [0x00000000e5560000, 0x00000000e5560000, 0x00000000e6ab0000)
 concurrent mark-sweep generation total 393216K, used 0K [0x00000000e8000000, 0x0000000100000000, 0x0000000100000000)
 Metaspace       used 22448K, capacity 22875K, committed 22956K, reserved 1069056K
  class space    used 2624K, capacity 2777K, committed 2836K, reserved 1048576K
2018-06-19T11:51:58.577+0200: 3,629: [GC (Allocation Failure) 2018-06-19T11:51:58.577+0200: 3,629: [ParNew
Desired survivor size 20112992 bytes, new threshold 8 (max 8)
- age   1:    1053640 bytes,    1053640 total
- age   2:      53776 bytes,    1107416 total
- age   3:     510072 bytes,    1617488 total
- age   4:     279216 bytes,    1896704 total
- age   5:     768320 bytes,    2665024 total
- age   6:    6202032 bytes,    8867056 total
: 98104K->13792K(109248K), 0,0215976 secs] 98104K->13792K(502464K), 0,0216846 secs] [Times: user=0,05 sys=0,01, real=0,02 secs] 
Heap after GC invocations=6 (full 1):
 par new generation   total 109248K, used 13792K [0x00000000e0000000, 0x00000000e8000000, 0x00000000e8000000)
  eden space 87424K,   0% used [0x00000000e0000000, 0x00000000e0000000, 0x00000000e5560000)
  from space 21824K,  63% used [0x00000000e5560000, 0x00000000e62d8018, 0x00000000e6ab0000)
  to   space 21824K,   0% used [0x00000000e6ab0000, 0x00000000e6ab0000, 0x00000000e8000000)
 concurrent mark-sweep generation total 393216K, used 0K [0x00000000e8000000, 0x0000000100000000, 0x0000000100000000)
 Metaspace       used 22448K, capacity 22875K, committed 22956K, reserved 1069056K
  class space    used 2624K, capacity 2777K, committed 2836K, reserved 1048576K
}
2018-06-19T11:51:58.599+0200: 3,651: Total time for which application threads were stopped: 0,0220277 seconds, Stopping threads took: 0,0001366 seconds
2018-06-19T11:51:59.015+0200: 4,068: Total time for which application threads were stopped: 0,0006354 seconds, Stopping threads took: 0,0002185 seconds
2018-06-19T11:51:59.035+0200: 4,087: Total time for which application threads were stopped: 0,0002218 seconds, Stopping threads took: 0,0000748 seconds
2018-06-19T11:51:59.036+0200: 4,088: Total time for which application threads were stopped: 0,0001742 seconds, Stopping threads took: 0,0000632 seconds
2018-06-19T11:51:59.042+0200: 4,094: Total time for which application threads were stopped: 0,0001784 seconds, Stopping threads took: 0,0000685 seconds
2018-06-19T11:51:59.042+0200: 4,094: Total time for which application threads were stopped: 0,0000810 seconds, Stopping threads took: 0,0000361 seconds
2018-06-19T11:51:59.042+0200: 4,094: Total time for which application threads were stopped: 0,0001476 seconds, Stopping threads took: 0,0000956 seconds
2018-06-19T11:51:59.042+0200: 4,094: Total time for which application threads were stopped: 0,0000768 seconds, Stopping threads took: 0,0000291 seconds
2018-06-19T11:51:59.042+0200: 4,094: Total time for which application threads were stopped: 0,0000604 seconds, Stopping threads took: 0,0000196 seconds
2018-06-19T11:51:59.043+0200: 4,095: Total time for which application threads were stopped: 0,0000762 seconds, Stopping threads took: 0,0000271 seconds
2018-06-19T11:51:59.043+0200: 4,095: Total time for which application threads were stopped: 0,0000758 seconds, Stopping threads took: 0,0000291 seconds
2018-06-19T11:51:59.043+0200: 4,095: Total time for which application threads were stopped: 0,0000885 seconds, Stopping threads took: 0,0000355 seconds
2018-06-19T11:51:59.043+0200: 4,095: Total time for which application threads were stopped: 0,0000736 seconds, Stopping threads took: 0,0000213 seconds
2018-06-19T11:51:59.043+0200: 4,095: Total time for which application threads were stopped: 0,0000759 seconds, Stopping threads took: 0,0000253 seconds
2018-06-19T11:51:59.043+0200: 4,096: Total time for which application threads were stopped: 0,0000828 seconds, Stopping threads took: 0,0000161 seconds
2018-06-19T11:51:59.044+0200: 4,096: Total time for which application threads were stopped: 0,0000881 seconds, Stopping threads took: 0,0000196 seconds
2018-06-19T11:51:59.044+0200: 4,096: Total time for which application threads were stopped: 0,0000784 seconds, Stopping threads took: 0,0000148 seconds
2018-06-19T11:51:59.044+0200: 4,096: Total time for which application threads were stopped: 0,0000869 seconds, Stopping threads took: 0,0000271 seconds
2018-06-19T11:51:59.044+0200: 4,096: Total time for which application threads were stopped: 0,0000678 seconds, Stopping threads took: 0,0000147 seconds
2018-06-19T11:51:59.044+0200: 4,097: Total time for which application threads were stopped: 0,0000929 seconds, Stopping threads took: 0,0000280 seconds
2018-06-19T11:51:59.044+0200: 4,097: Total time for which application threads were stopped: 0,0000705 seconds, Stopping threads took: 0,0000130 seconds
2018-06-19T11:51:59.045+0200: 4,097: Total time for which application threads were stopped: 0,0000946 seconds, Stopping threads took: 0,0000299 seconds
2018-06-19T11:51:59.045+0200: 4,097: Total time for which application threads were stopped: 0,0001922 seconds, Stopping threads took: 0,0000316 seconds
2018-06-19T11:51:59.058+0200: 4,110: Total time for which application threads were stopped: 0,0004962 seconds, Stopping threads took: 0,0003252 seconds
2018-06-19T11:51:59.066+0200: 4,118: Total time for which application threads were stopped: 0,0006748 seconds, Stopping threads took: 0,0002630 seconds
2018-06-19T11:51:59.068+0200: 4,120: Total time for which application threads were stopped: 0,0018505 seconds, Stopping threads took: 0,0001090 seconds
2018-06-19T11:51:59.075+0200: 4,127: Total time for which application threads were stopped: 0,0001974 seconds, Stopping threads took: 0,0000710 seconds
2018-06-19T11:51:59.075+0200: 4,128: Total time for which application threads were stopped: 0,0000731 seconds, Stopping threads took: 0,0000120 seconds
2018-06-19T11:51:59.076+0200: 4,128: Total time for which application threads were stopped: 0,0001170 seconds, Stopping threads took: 0,0000496 seconds
2018-06-19T11:51:59.076+0200: 4,128: Total time for which application threads were stopped: 0,0000619 seconds, Stopping threads took: 0,0000301 seconds
2018-06-19T11:51:59.076+0200: 4,128: Total time for which application threads were stopped: 0,0001145 seconds, Stopping threads took: 0,0000615 seconds
2018-06-19T11:51:59.078+0200: 4,130: Total time for which application threads were stopped: 0,0001353 seconds, Stopping threads took: 0,0000712 seconds
2018-06-19T11:51:59.084+0200: 4,136: Total time for which application threads were stopped: 0,0005212 seconds, Stopping threads took: 0,0000535 seconds
2018-06-19T11:51:59.100+0200: 4,152: Total time for which application threads were stopped: 0,0002029 seconds, Stopping threads took: 0,0000612 seconds
2018-06-19T11:51:59.104+0200: 4,156: Total time for which application threads were stopped: 0,0035676 seconds, Stopping threads took: 0,0034711 seconds
2018-06-19T11:51:59.105+0200: 4,157: Total time for which application threads were stopped: 0,0001295 seconds, Stopping threads took: 0,0000460 seconds
2018-06-19T11:51:59.105+0200: 4,157: Total time for which application threads were stopped: 0,0000692 seconds, Stopping threads took: 0,0000146 seconds
2018-06-19T11:51:59.105+0200: 4,157: Total time for which application threads were stopped: 0,0000985 seconds, Stopping threads took: 0,0000339 seconds
2018-06-19T11:51:59.105+0200: 4,157: Total time for which application threads were stopped: 0,0000703 seconds, Stopping threads took: 0,0000178 seconds
2018-06-19T11:51:59.105+0200: 4,157: Total time for which application threads were stopped: 0,0000566 seconds, Stopping threads took: 0,0000108 seconds
2018-06-19T11:51:59.106+0200: 4,158: Total time for which application threads were stopped: 0,0000784 seconds, Stopping threads took: 0,0000131 seconds
2018-06-19T11:51:59.109+0200: 4,161: Total time for which application threads were stopped: 0,0008437 seconds, Stopping threads took: 0,0007426 seconds
2018-06-19T11:51:59.109+0200: 4,161: Total time for which application threads were stopped: 0,0000887 seconds, Stopping threads took: 0,0000257 seconds
2018-06-19T11:51:59.109+0200: 4,162: Total time for which application threads were stopped: 0,0002531 seconds, Stopping threads took: 0,0001820 seconds
2018-06-19T11:51:59.109+0200: 4,162: Total time for which application threads were stopped: 0,0000680 seconds, Stopping threads took: 0,0000166 seconds
2018-06-19T11:51:59.109+0200: 4,162: Total time for which application threads were stopped: 0,0000636 seconds, Stopping threads took: 0,0000105 seconds
2018-06-19T11:51:59.110+0200: 4,162: Total time for which application threads were stopped: 0,0000996 seconds, Stopping threads took: 0,0000152 seconds
2018-06-19T11:51:59.110+0200: 4,162: Total time for which application threads were stopped: 0,0000709 seconds, Stopping threads took: 0,0000112 seconds
2018-06-19T11:51:59.110+0200: 4,162: Total time for which application threads were stopped: 0,0000711 seconds, Stopping threads took: 0,0000117 seconds
2018-06-19T11:51:59.110+0200: 4,162: Total time for which application threads were stopped: 0,0000623 seconds, Stopping threads took: 0,0000109 seconds
2018-06-19T11:51:59.110+0200: 4,163: Total time for which application threads were stopped: 0,0001690 seconds, Stopping threads took: 0,0000108 seconds
2018-06-19T11:51:59.112+0200: 4,164: Total time for which application threads were stopped: 0,0001302 seconds, Stopping threads took: 0,0000328 seconds
2018-06-19T11:51:59.119+0200: 4,171: Total time for which application threads were stopped: 0,0007098 seconds, Stopping threads took: 0,0006426 seconds
2018-06-19T11:51:59.119+0200: 4,171: Total time for which application threads were stopped: 0,0000841 seconds, Stopping threads took: 0,0000266 seconds
2018-06-19T11:51:59.120+0200: 4,172: Total time for which application threads were stopped: 0,0006204 seconds, Stopping threads took: 0,0005702 seconds
2018-06-19T11:51:59.120+0200: 4,172: Total time for which application threads were stopped: 0,0000663 seconds, Stopping threads took: 0,0000155 seconds
2018-06-19T11:51:59.120+0200: 4,173: Total time for which application threads were stopped: 0,0000760 seconds, Stopping threads took: 0,0000265 seconds
2018-06-19T11:51:59.122+0200: 4,174: Total time for which application threads were stopped: 0,0008519 seconds, Stopping threads took: 0,0007984 seconds
2018-06-19T11:51:59.122+0200: 4,174: Total time for which application threads were stopped: 0,0000459 seconds, Stopping threads took: 0,0000140 seconds
2018-06-19T11:51:59.122+0200: 4,174: Total time for which application threads were stopped: 0,0002096 seconds, Stopping threads took: 0,0001561 seconds
2018-06-19T11:51:59.122+0200: 4,175: Total time for which application threads were stopped: 0,0000605 seconds, Stopping threads took: 0,0000159 seconds
2018-06-19T11:51:59.123+0200: 4,175: Total time for which application threads were stopped: 0,0000619 seconds, Stopping threads took: 0,0000141 seconds
2018-06-19T11:51:59.125+0200: 4,177: Total time for which application threads were stopped: 0,0002600 seconds, Stopping threads took: 0,0001689 seconds
2018-06-19T11:51:59.125+0200: 4,178: Total time for which application threads were stopped: 0,0000765 seconds, Stopping threads took: 0,0000320 seconds
2018-06-19T11:51:59.131+0200: 4,183: Total time for which application threads were stopped: 0,0003820 seconds, Stopping threads took: 0,0000284 seconds
2018-06-19T11:51:59.132+0200: 4,184: Total time for which application threads were stopped: 0,0000890 seconds, Stopping threads took: 0,0000436 seconds
2018-06-19T11:51:59.132+0200: 4,184: Total time for which application threads were stopped: 0,0000546 seconds, Stopping threads took: 0,0000156 seconds
2018-06-19T11:51:59.132+0200: 4,185: Total time for which application threads were stopped: 0,0000569 seconds, Stopping threads took: 0,0000275 seconds
2018-06-19T11:51:59.136+0200: 4,188: Total time for which application threads were stopped: 0,0001310 seconds, Stopping threads took: 0,0000575 seconds
2018-06-19T11:51:59.136+0200: 4,188: Total time for which application threads were stopped: 0,0001744 seconds, Stopping threads took: 0,0000268 seconds
2018-06-19T11:51:59.137+0200: 4,189: Total time for which application threads were stopped: 0,0001048 seconds, Stopping threads took: 0,0000386 seconds
2018-06-19T11:51:59.138+0200: 4,190: Total time for which application threads were stopped: 0,0000652 seconds, Stopping threads took: 0,0000124 seconds
2018-06-19T11:51:59.138+0200: 4,190: Total time for which application threads were stopped: 0,0000921 seconds, Stopping threads took: 0,0000523 seconds
2018-06-19T11:51:59.138+0200: 4,190: Total time for which application threads were stopped: 0,0000580 seconds, Stopping threads took: 0,0000225 seconds
2018-06-19T11:51:59.138+0200: 4,190: Total time for which application threads were stopped: 0,0000454 seconds, Stopping threads took: 0,0000159 seconds
2018-06-19T11:51:59.138+0200: 4,191: Total time for which application threads were stopped: 0,0000788 seconds, Stopping threads took: 0,0000297 seconds
2018-06-19T11:51:59.140+0200: 4,192: Total time for which application threads were stopped: 0,0001174 seconds, Stopping threads took: 0,0000308 seconds
2018-06-19T11:51:59.140+0200: 4,192: Total time for which application threads were stopped: 0,0000508 seconds, Stopping threads took: 0,0000146 seconds
2018-06-19T11:51:59.140+0200: 4,192: Total time for which application threads were stopped: 0,0000434 seconds, Stopping threads took: 0,0000129 seconds
2018-06-19T11:51:59.140+0200: 4,192: Total time for which application threads were stopped: 0,0000398 seconds, Stopping threads took: 0,0000098 seconds
2018-06-19T11:51:59.140+0200: 4,192: Total time for which application threads were stopped: 0,0000921 seconds, Stopping threads took: 0,0000435 seconds
2018-06-19T11:51:59.140+0200: 4,193: Total time for which application threads were stopped: 0,0000650 seconds, Stopping threads took: 0,0000335 seconds
2018-06-19T11:51:59.140+0200: 4,193: Total time for which application threads were stopped: 0,0000553 seconds, Stopping threads took: 0,0000266 seconds
2018-06-19T11:51:59.141+0200: 4,193: Total time for which application threads were stopped: 0,0000426 seconds, Stopping threads took: 0,0000176 seconds
2018-06-19T11:51:59.141+0200: 4,193: Total time for which application threads were stopped: 0,0000593 seconds, Stopping threads took: 0,0000305 seconds
2018-06-19T11:51:59.141+0200: 4,193: Total time for which application threads were stopped: 0,0000453 seconds, Stopping threads took: 0,0000197 seconds
2018-06-19T11:51:59.141+0200: 4,193: Total time for which application threads were stopped: 0,0000782 seconds, Stopping threads took: 0,0000310 seconds
2018-06-19T11:51:59.141+0200: 4,193: Total time for which application threads were stopped: 0,0000509 seconds, Stopping threads took: 0,0000236 seconds
2018-06-19T11:51:59.141+0200: 4,193: Total time for which application threads were stopped: 0,0000515 seconds, Stopping threads took: 0,0000245 seconds
2018-06-19T11:51:59.141+0200: 4,193: Total time for which application threads were stopped: 0,0000655 seconds, Stopping threads took: 0,0000222 seconds
2018-06-19T11:51:59.141+0200: 4,194: Total time for which application threads were stopped: 0,0000394 seconds, Stopping threads took: 0,0000118 seconds
2018-06-19T11:51:59.142+0200: 4,194: Total time for which application threads were stopped: 0,0000915 seconds, Stopping threads took: 0,0000285 seconds
2018-06-19T11:51:59.144+0200: 4,197: Total time for which application threads were stopped: 0,0002248 seconds, Stopping threads took: 0,0000696 seconds
2018-06-19T11:51:59.237+0200: 4,289: Total time for which application threads were stopped: 0,0002219 seconds, Stopping threads took: 0,0000647 seconds
2018-06-19T11:51:59.249+0200: 4,301: Total time for which application threads were stopped: 0,0001203 seconds, Stopping threads took: 0,0000506 seconds
2018-06-19T11:51:59.258+0200: 4,310: Total time for which application threads were stopped: 0,0002096 seconds, Stopping threads took: 0,0000608 seconds
2018-06-19T11:51:59.259+0200: 4,311: Total time for which application threads were stopped: 0,0002726 seconds, Stopping threads took: 0,0001763 seconds
2018-06-19T11:51:59.274+0200: 4,326: Total time for which application threads were stopped: 0,0001713 seconds, Stopping threads took: 0,0000761 seconds
2018-06-19T11:51:59.274+0200: 4,327: Total time for which application threads were stopped: 0,0001302 seconds, Stopping threads took: 0,0000285 seconds
2018-06-19T11:51:59.282+0200: 4,334: Total time for which application threads were stopped: 0,0002033 seconds, Stopping threads took: 0,0000666 seconds
2018-06-19T11:51:59.288+0200: 4,340: Total time for which application threads were stopped: 0,0002269 seconds, Stopping threads took: 0,0000858 seconds
{Heap before GC invocations=6 (full 1):
 par new generation   total 109248K, used 101216K [0x00000000e0000000, 0x00000000e8000000, 0x00000000e8000000)
  eden space 87424K, 100% used [0x00000000e0000000, 0x00000000e5560000, 0x00000000e5560000)
  from space 21824K,  63% used [0x00000000e5560000, 0x00000000e62d8018, 0x00000000e6ab0000)
  to   space 21824K,   0% used [0x00000000e6ab0000, 0x00000000e6ab0000, 0x00000000e8000000)
 concurrent mark-sweep generation total 393216K, used 0K [0x00000000e8000000, 0x0000000100000000, 0x0000000100000000)
 Metaspace       used 25639K, capacity 26123K, committed 26260K, reserved 1073152K
  class space    used 3025K, capacity 3217K, committed 3220K, reserved 1048576K
2018-06-19T11:51:59.290+0200: 4,342: [GC (Allocation Failure) 2018-06-19T11:51:59.290+0200: 4,342: [ParNew
Desired survivor size 20112992 bytes, new threshold 8 (max 8)
- age   1:    4615448 bytes,    4615448 total
- age   2:     199920 bytes,    4815368 total
- age   3:      53608 bytes,    4868976 total
- age   4:     507240 bytes,    5376216 total
- age   5:     273472 bytes,    5649688 total
- age   6:     748640 bytes,    6398328 total
- age   7:    6195808 bytes,   12594136 total
: 101216K->14472K(109248K), 0,0116570 secs] 101216K->14472K(502464K), 0,0117155 secs] [Times: user=0,04 sys=0,01, real=0,01 secs] 
Heap after GC invocations=7 (full 1):
 par new generation   total 109248K, used 14472K [0x00000000e0000000, 0x00000000e8000000, 0x00000000e8000000)
  eden space 87424K,   0% used [0x00000000e0000000, 0x00000000e0000000, 0x00000000e5560000)
  from space 21824K,  66% used [0x00000000e6ab0000, 0x00000000e78d2270, 0x00000000e8000000)
  to   space 21824K,   0% used [0x00000000e5560000, 0x00000000e5560000, 0x00000000e6ab0000)
 concurrent mark-sweep generation total 393216K, used 0K [0x00000000e8000000, 0x0000000100000000, 0x0000000100000000)
 Metaspace       used 25639K, capacity 26123K, committed 26260K, reserved 1073152K
  class space    used 3025K, capacity 3217K, committed 3220K, reserved 1048576K
}
2018-06-19T11:51:59.301+0200: 4,354: Total time for which application threads were stopped: 0,0119807 seconds, Stopping threads took: 0,0000540 seconds
2018-06-19T11:51:59.403+0200: 4,455: Total time for which application threads were stopped: 0,0001631 seconds, Stopping threads took: 0,0000645 seconds
2018-06-19T11:51:59.403+0200: 4,456: Total time for which application threads were stopped: 0,0000837 seconds, Stopping threads took: 0,0000362 seconds
2018-06-19T11:51:59.409+0200: 4,462: Total time for which application threads were stopped: 0,0001400 seconds, Stopping threads took: 0,0000655 seconds
2018-06-19T11:51:59.411+0200: 4,463: Total time for which application threads were stopped: 0,0004134 seconds, Stopping threads took: 0,0002690 seconds
2018-06-19T11:51:59.414+0200: 4,466: Total time for which application threads were stopped: 0,0001927 seconds, Stopping threads took: 0,0000764 seconds
2018-06-19T11:51:59.416+0200: 4,468: Total time for which application threads were stopped: 0,0001933 seconds, Stopping threads took: 0,0000667 seconds
2018-06-19T11:51:59.465+0200: 4,517: Total time for which application threads were stopped: 0,0001731 seconds, Stopping threads took: 0,0000532 seconds
2018-06-19T11:51:59.487+0200: 4,540: Total time for which application threads were stopped: 0,0001717 seconds, Stopping threads took: 0,0000608 seconds
2018-06-19T11:51:59.528+0200: 4,581: Total time for which application threads were stopped: 0,0001409 seconds, Stopping threads took: 0,0000496 seconds
2018-06-19T11:51:59.540+0200: 4,593: Total time for which application threads were stopped: 0,0048373 seconds, Stopping threads took: 0,0044026 seconds
2018-06-19T11:51:59.556+0200: 4,608: Total time for which application threads were stopped: 0,0004707 seconds, Stopping threads took: 0,0000370 seconds
2018-06-19T11:51:59.611+0200: 4,663: Total time for which application threads were stopped: 0,0005607 seconds, Stopping threads took: 0,0001529 seconds
2018-06-19T11:51:59.620+0200: 4,672: Total time for which application threads were stopped: 0,0002276 seconds, Stopping threads took: 0,0000896 seconds
2018-06-19T11:51:59.625+0200: 4,677: Total time for which application threads were stopped: 0,0024266 seconds, Stopping threads took: 0,0023124 seconds
2018-06-19T11:51:59.640+0200: 4,692: Total time for which application threads were stopped: 0,0002068 seconds, Stopping threads took: 0,0001224 seconds
2018-06-19T11:51:59.649+0200: 4,701: Total time for which application threads were stopped: 0,0001134 seconds, Stopping threads took: 0,0000448 seconds
2018-06-19T11:51:59.658+0200: 4,711: Total time for which application threads were stopped: 0,0001712 seconds, Stopping threads took: 0,0000682 seconds
2018-06-19T11:51:59.670+0200: 4,722: Total time for which application threads were stopped: 0,0001723 seconds, Stopping threads took: 0,0000728 seconds
2018-06-19T11:51:59.693+0200: 4,745: Total time for which application threads were stopped: 0,0005964 seconds, Stopping threads took: 0,0002664 seconds
2018-06-19T11:51:59.700+0200: 4,752: Total time for which application threads were stopped: 0,0008644 seconds, Stopping threads took: 0,0007142 seconds
2018-06-19T11:51:59.707+0200: 4,759: Total time for which application threads were stopped: 0,0009778 seconds, Stopping threads took: 0,0008616 seconds
2018-06-19T11:51:59.707+0200: 4,759: Total time for which application threads were stopped: 0,0001746 seconds, Stopping threads took: 0,0000548 seconds
2018-06-19T11:51:59.752+0200: 4,805: Total time for which application threads were stopped: 0,0064398 seconds, Stopping threads took: 0,0060473 seconds
2018-06-19T11:51:59.800+0200: 4,852: Total time for which application threads were stopped: 0,0016980 seconds, Stopping threads took: 0,0015621 seconds
{Heap before GC invocations=7 (full 1):
 par new generation   total 109248K, used 101896K [0x00000000e0000000, 0x00000000e8000000, 0x00000000e8000000)
  eden space 87424K, 100% used [0x00000000e0000000, 0x00000000e5560000, 0x00000000e5560000)
  from space 21824K,  66% used [0x00000000e6ab0000, 0x00000000e78d2270, 0x00000000e8000000)
  to   space 21824K,   0% used [0x00000000e5560000, 0x00000000e5560000, 0x00000000e6ab0000)
 concurrent mark-sweep generation total 393216K, used 0K [0x00000000e8000000, 0x0000000100000000, 0x0000000100000000)
 Metaspace       used 28882K, capacity 29513K, committed 29716K, reserved 1075200K
  class space    used 3351K, capacity 3558K, committed 3604K, reserved 1048576K
2018-06-19T11:51:59.840+0200: 4,892: [GC (Allocation Failure) 2018-06-19T11:51:59.840+0200: 4,892: [ParNew
Desired survivor size 20112992 bytes, new threshold 8 (max 8)
- age   1:   12445248 bytes,   12445248 total
- age   2:    1931296 bytes,   14376544 total
- age   3:     199280 bytes,   14575824 total
- age   4:      53576 bytes,   14629400 total
- age   5:     495912 bytes,   15125312 total
- age   6:     272896 bytes,   15398208 total
- age   7:     744832 bytes,   16143040 total
- age   8:    6157104 bytes,   22300144 total
: 101896K->21824K(109248K), 0,0284972 secs] 101896K->23835K(502464K), 0,0286135 secs] [Times: user=0,09 sys=0,01, real=0,03 secs] 
Heap after GC invocations=8 (full 1):
 par new generation   total 109248K, used 21824K [0x00000000e0000000, 0x00000000e8000000, 0x00000000e8000000)
  eden space 87424K,   0% used [0x00000000e0000000, 0x00000000e0000000, 0x00000000e5560000)
  from space 21824K, 100% used [0x00000000e5560000, 0x00000000e6ab0000, 0x00000000e6ab0000)
  to   space 21824K,   0% used [0x00000000e6ab0000, 0x00000000e6ab0000, 0x00000000e8000000)
 concurrent mark-sweep generation total 393216K, used 2011K [0x00000000e8000000, 0x0000000100000000, 0x0000000100000000)
 Metaspace       used 28882K, capacity 29513K, committed 29716K, reserved 1075200K
  class space    used 3351K, capacity 3558K, committed 3604K, reserved 1048576K
}
2018-06-19T11:51:59.869+0200: 4,921: Total time for which application threads were stopped: 0,0288320 seconds, Stopping threads took: 0,0000372 seconds
2018-06-19T11:51:59.873+0200: 4,925: Total time for which application threads were stopped: 0,0001328 seconds, Stopping threads took: 0,0000529 seconds
2018-06-19T11:51:59.873+0200: 4,926: Total time for which application threads were stopped: 0,0001394 seconds, Stopping threads took: 0,0000609 seconds
2018-06-19T11:51:59.874+0200: 4,926: Total time for which application threads were stopped: 0,0001255 seconds, Stopping threads took: 0,0000335 seconds
2018-06-19T11:51:59.874+0200: 4,926: Total time for which application threads were stopped: 0,0000800 seconds, Stopping threads took: 0,0000349 seconds
2018-06-19T11:52:00.067+0200: 5,120: Total time for which application threads were stopped: 0,0001901 seconds, Stopping threads took: 0,0000440 seconds
2018-06-19T11:52:00.093+0200: 5,145: Total time for which application threads were stopped: 0,0001422 seconds, Stopping threads took: 0,0000434 seconds
{Heap before GC invocations=8 (full 1):
 par new generation   total 109248K, used 109248K [0x00000000e0000000, 0x00000000e8000000, 0x00000000e8000000)
  eden space 87424K, 100% used [0x00000000e0000000, 0x00000000e5560000, 0x00000000e5560000)
  from space 21824K, 100% used [0x00000000e5560000, 0x00000000e6ab0000, 0x00000000e6ab0000)
  to   space 21824K,   0% used [0x00000000e6ab0000, 0x00000000e6ab0000, 0x00000000e8000000)
 concurrent mark-sweep generation total 393216K, used 2011K [0x00000000e8000000, 0x0000000100000000, 0x0000000100000000)
 Metaspace       used 28979K, capacity 29599K, committed 29972K, reserved 1075200K
  class space    used 3353K, capacity 3562K, committed 3604K, reserved 1048576K
2018-06-19T11:52:00.140+0200: 5,193: [GC (Allocation Failure) 2018-06-19T11:52:00.141+0200: 5,193: [ParNew
Desired survivor size 20112992 bytes, new threshold 8 (max 8)
- age   1:     562528 bytes,     562528 total
- age   2:   11514096 bytes,   12076624 total
- age   3:    1928656 bytes,   14005280 total
- age   4:     199280 bytes,   14204560 total
- age   5:      53576 bytes,   14258136 total
- age   6:     495808 bytes,   14753944 total
- age   7:     272896 bytes,   15026840 total
- age   8:     744832 bytes,   15771672 total
: 109248K->21824K(109248K), 0,0611515 secs] 111259K->30391K(502464K), 0,0612473 secs] [Times: user=0,22 sys=0,00, real=0,06 secs] 
Heap after GC invocations=9 (full 1):
 par new generation   total 109248K, used 21824K [0x00000000e0000000, 0x00000000e8000000, 0x00000000e8000000)
  eden space 87424K,   0% used [0x00000000e0000000, 0x00000000e0000000, 0x00000000e5560000)
  from space 21824K, 100% used [0x00000000e6ab0000, 0x00000000e8000000, 0x00000000e8000000)
  to   space 21824K,   0% used [0x00000000e5560000, 0x00000000e5560000, 0x00000000e6ab0000)
 concurrent mark-sweep generation total 393216K, used 8567K [0x00000000e8000000, 0x0000000100000000, 0x0000000100000000)
 Metaspace       used 28979K, capacity 29599K, committed 29972K, reserved 1075200K
  class space    used 3353K, capacity 3562K, committed 3604K, reserved 1048576K
}
2018-06-19T11:52:00.202+0200: 5,254: Total time for which application threads were stopped: 0,0615400 seconds, Stopping threads took: 0,0000736 seconds
2018-06-19T11:52:00.202+0200: 5,255: Total time for which application threads were stopped: 0,0001448 seconds, Stopping threads took: 0,0000502 seconds
2018-06-19T11:52:00.219+0200: 5,271: Total time for which application threads were stopped: 0,0001584 seconds, Stopping threads took: 0,0000433 seconds
2018-06-19T11:52:01.219+0200: 6,271: Total time for which application threads were stopped: 0,0001270 seconds, Stopping threads took: 0,0000236 seconds
2018-06-19T11:52:03.219+0200: 8,272: Total time for which application threads were stopped: 0,0000832 seconds, Stopping threads took: 0,0000207 seconds
2018-06-19T11:52:35.517+0200: 40,569: Total time for which application threads were stopped: 0,0005469 seconds, Stopping threads took: 0,0000208 seconds
2018-06-19T11:52:35.518+0200: 40,570: Total time for which application threads were stopped: 0,0004558 seconds, Stopping threads took: 0,0000177 seconds
2018-06-19T11:52:35.535+0200: 40,587: Total time for which application threads were stopped: 0,0015119 seconds, Stopping threads took: 0,0013547 seconds
2018-06-19T11:52:35.539+0200: 40,591: Total time for which application threads were stopped: 0,0032904 seconds, Stopping threads took: 0,0032022 seconds
2018-06-19T11:52:35.541+0200: 40,593: Total time for which application threads were stopped: 0,0001098 seconds, Stopping threads took: 0,0000355 seconds
2018-06-19T11:52:35.544+0200: 40,596: Total time for which application threads were stopped: 0,0001412 seconds, Stopping threads took: 0,0000485 seconds
2018-06-19T11:52:35.544+0200: 40,596: Total time for which application threads were stopped: 0,0001384 seconds, Stopping threads took: 0,0000682 seconds
2018-06-19T11:52:35.550+0200: 40,603: Total time for which application threads were stopped: 0,0006392 seconds, Stopping threads took: 0,0001788 seconds
2018-06-19T11:52:35.551+0200: 40,603: Total time for which application threads were stopped: 0,0003785 seconds, Stopping threads took: 0,0000645 seconds
2018-06-19T11:52:35.552+0200: 40,604: Total time for which application threads were stopped: 0,0000799 seconds, Stopping threads took: 0,0000298 seconds
2018-06-19T11:52:35.554+0200: 40,606: Total time for which application threads were stopped: 0,0000990 seconds, Stopping threads took: 0,0000173 seconds
2018-06-19T11:52:35.555+0200: 40,607: Total time for which application threads were stopped: 0,0006440 seconds, Stopping threads took: 0,0002896 seconds
2018-06-19T11:52:35.561+0200: 40,613: Total time for which application threads were stopped: 0,0001172 seconds, Stopping threads took: 0,0000425 seconds
2018-06-19T11:52:35.562+0200: 40,614: Total time for which application threads were stopped: 0,0000924 seconds, Stopping threads took: 0,0000211 seconds
2018-06-19T11:52:35.562+0200: 40,614: Total time for which application threads were stopped: 0,0000654 seconds, Stopping threads took: 0,0000222 seconds
2018-06-19T11:52:35.562+0200: 40,614: Total time for which application threads were stopped: 0,0000599 seconds, Stopping threads took: 0,0000202 seconds
2018-06-19T11:52:35.562+0200: 40,614: Total time for which application threads were stopped: 0,0000628 seconds, Stopping threads took: 0,0000262 seconds
2018-06-19T11:52:35.562+0200: 40,614: Total time for which application threads were stopped: 0,0000753 seconds, Stopping threads took: 0,0000132 seconds
2018-06-19T11:52:35.562+0200: 40,615: Total time for which application threads were stopped: 0,0000612 seconds, Stopping threads took: 0,0000241 seconds
2018-06-19T11:52:35.562+0200: 40,615: Total time for which application threads were stopped: 0,0000621 seconds, Stopping threads took: 0,0000234 seconds
2018-06-19T11:52:35.563+0200: 40,615: Total time for which application threads were stopped: 0,0000587 seconds, Stopping threads took: 0,0000227 seconds
2018-06-19T11:52:35.563+0200: 40,615: Total time for which application threads were stopped: 0,0000464 seconds, Stopping threads took: 0,0000110 seconds
2018-06-19T11:52:35.568+0200: 40,620: Total time for which application threads were stopped: 0,0001457 seconds, Stopping threads took: 0,0000614 seconds
2018-06-19T11:52:35.568+0200: 40,620: Total time for which application threads were stopped: 0,0000556 seconds, Stopping threads took: 0,0000223 seconds
2018-06-19T11:52:35.568+0200: 40,620: Total time for which application threads were stopped: 0,0000700 seconds, Stopping threads took: 0,0000316 seconds
2018-06-19T11:52:35.568+0200: 40,620: Total time for which application threads were stopped: 0,0000805 seconds, Stopping threads took: 0,0000198 seconds
2018-06-19T11:52:35.570+0200: 40,622: Total time for which application threads were stopped: 0,0006326 seconds, Stopping threads took: 0,0004465 seconds
2018-06-19T11:52:35.576+0200: 40,628: Total time for which application threads were stopped: 0,0007899 seconds, Stopping threads took: 0,0002525 seconds
2018-06-19T11:52:35.580+0200: 40,632: Total time for which application threads were stopped: 0,0002284 seconds, Stopping threads took: 0,0000646 seconds
2018-06-19T11:52:35.580+0200: 40,632: Total time for which application threads were stopped: 0,0002229 seconds, Stopping threads took: 0,0000855 seconds
2018-06-19T11:52:35.580+0200: 40,632: Total time for which application threads were stopped: 0,0000891 seconds, Stopping threads took: 0,0000320 seconds
2018-06-19T11:52:35.580+0200: 40,632: Total time for which application threads were stopped: 0,0000707 seconds, Stopping threads took: 0,0000407 seconds
2018-06-19T11:52:35.580+0200: 40,633: Total time for which application threads were stopped: 0,0000523 seconds, Stopping threads took: 0,0000196 seconds
2018-06-19T11:52:35.580+0200: 40,633: Total time for which application threads were stopped: 0,0000450 seconds, Stopping threads took: 0,0000181 seconds
2018-06-19T11:52:35.582+0200: 40,634: Total time for which application threads were stopped: 0,0000709 seconds, Stopping threads took: 0,0000285 seconds
2018-06-19T11:52:35.583+0200: 40,635: Total time for which application threads were stopped: 0,0001985 seconds, Stopping threads took: 0,0001347 seconds
2018-06-19T11:52:35.583+0200: 40,635: Total time for which application threads were stopped: 0,0000930 seconds, Stopping threads took: 0,0000424 seconds
2018-06-19T11:52:35.586+0200: 40,638: Total time for which application threads were stopped: 0,0001181 seconds, Stopping threads took: 0,0000401 seconds
2018-06-19T11:52:35.586+0200: 40,638: Total time for which application threads were stopped: 0,0000703 seconds, Stopping threads took: 0,0000266 seconds
2018-06-19T11:52:35.586+0200: 40,638: Total time for which application threads were stopped: 0,0000567 seconds, Stopping threads took: 0,0000259 seconds
2018-06-19T11:52:35.588+0200: 40,640: Total time for which application threads were stopped: 0,0001100 seconds, Stopping threads took: 0,0000392 seconds
2018-06-19T11:52:35.590+0200: 40,642: Total time for which application threads were stopped: 0,0019418 seconds, Stopping threads took: 0,0018594 seconds
2018-06-19T11:52:35.590+0200: 40,642: Total time for which application threads were stopped: 0,0000898 seconds, Stopping threads took: 0,0000188 seconds
2018-06-19T11:52:35.590+0200: 40,642: Total time for which application threads were stopped: 0,0001117 seconds, Stopping threads took: 0,0000391 seconds
2018-06-19T11:52:35.590+0200: 40,642: Total time for which application threads were stopped: 0,0001014 seconds, Stopping threads took: 0,0000331 seconds
2018-06-19T11:52:35.591+0200: 40,643: Total time for which application threads were stopped: 0,0000968 seconds, Stopping threads took: 0,0000368 seconds
2018-06-19T11:52:35.596+0200: 40,649: Total time for which application threads were stopped: 0,0011959 seconds, Stopping threads took: 0,0002259 seconds
2018-06-19T11:52:35.600+0200: 40,652: Total time for which application threads were stopped: 0,0013827 seconds, Stopping threads took: 0,0012659 seconds
2018-06-19T11:52:35.600+0200: 40,653: Total time for which application threads were stopped: 0,0001134 seconds, Stopping threads took: 0,0000450 seconds
2018-06-19T11:52:35.601+0200: 40,654: Total time for which application threads were stopped: 0,0009584 seconds, Stopping threads took: 0,0008998 seconds
2018-06-19T11:52:35.602+0200: 40,654: Total time for which application threads were stopped: 0,0005667 seconds, Stopping threads took: 0,0005097 seconds
2018-06-19T11:52:35.604+0200: 40,657: Total time for which application threads were stopped: 0,0001070 seconds, Stopping threads took: 0,0000358 seconds
2018-06-19T11:52:35.605+0200: 40,657: Total time for which application threads were stopped: 0,0000988 seconds, Stopping threads took: 0,0000432 seconds
2018-06-19T11:52:35.609+0200: 40,661: Total time for which application threads were stopped: 0,0001415 seconds, Stopping threads took: 0,0000382 seconds
2018-06-19T11:52:35.609+0200: 40,661: Total time for which application threads were stopped: 0,0000630 seconds, Stopping threads took: 0,0000141 seconds
2018-06-19T11:52:35.610+0200: 40,662: Total time for which application threads were stopped: 0,0002780 seconds, Stopping threads took: 0,0001476 seconds
2018-06-19T11:52:35.610+0200: 40,663: Total time for which application threads were stopped: 0,0001122 seconds, Stopping threads took: 0,0000490 seconds
2018-06-19T11:52:35.611+0200: 40,663: Total time for which application threads were stopped: 0,0000793 seconds, Stopping threads took: 0,0000299 seconds
2018-06-19T11:52:35.611+0200: 40,663: Total time for which application threads were stopped: 0,0000906 seconds, Stopping threads took: 0,0000417 seconds
2018-06-19T11:52:35.611+0200: 40,663: Total time for which application threads were stopped: 0,0000766 seconds, Stopping threads took: 0,0000385 seconds
2018-06-19T11:52:35.611+0200: 40,663: Total time for which application threads were stopped: 0,0001740 seconds, Stopping threads took: 0,0000181 seconds
2018-06-19T11:52:35.613+0200: 40,665: Total time for which application threads were stopped: 0,0001114 seconds, Stopping threads took: 0,0000416 seconds
2018-06-19T11:52:35.613+0200: 40,666: Total time for which application threads were stopped: 0,0001179 seconds, Stopping threads took: 0,0000506 seconds
2018-06-19T11:52:35.620+0200: 40,673: Total time for which application threads were stopped: 0,0003625 seconds, Stopping threads took: 0,0000823 seconds
2018-06-19T11:52:35.621+0200: 40,674: Total time for which application threads were stopped: 0,0001148 seconds, Stopping threads took: 0,0000380 seconds
2018-06-19T11:52:35.622+0200: 40,675: Total time for which application threads were stopped: 0,0001563 seconds, Stopping threads took: 0,0000933 seconds
2018-06-19T11:52:35.623+0200: 40,675: Total time for which application threads were stopped: 0,0000628 seconds, Stopping threads took: 0,0000249 seconds
2018-06-19T11:52:35.623+0200: 40,675: Total time for which application threads were stopped: 0,0000712 seconds, Stopping threads took: 0,0000280 seconds
2018-06-19T11:52:35.623+0200: 40,675: Total time for which application threads were stopped: 0,0000706 seconds, Stopping threads took: 0,0000299 seconds
2018-06-19T11:52:35.624+0200: 40,676: Total time for which application threads were stopped: 0,0001996 seconds, Stopping threads took: 0,0001328 seconds
2018-06-19T11:52:35.624+0200: 40,676: Total time for which application threads were stopped: 0,0000976 seconds, Stopping threads took: 0,0000290 seconds
2018-06-19T11:52:35.626+0200: 40,678: Total time for which application threads were stopped: 0,0001459 seconds, Stopping threads took: 0,0000725 seconds
2018-06-19T11:52:35.626+0200: 40,679: Total time for which application threads were stopped: 0,0001391 seconds, Stopping threads took: 0,0000871 seconds
2018-06-19T11:52:35.626+0200: 40,679: Total time for which application threads were stopped: 0,0000810 seconds, Stopping threads took: 0,0000321 seconds
2018-06-19T11:52:35.627+0200: 40,679: Total time for which application threads were stopped: 0,0000753 seconds, Stopping threads took: 0,0000292 seconds
2018-06-19T11:52:35.627+0200: 40,679: Total time for which application threads were stopped: 0,0000728 seconds, Stopping threads took: 0,0000252 seconds
2018-06-19T11:52:35.627+0200: 40,679: Total time for which application threads were stopped: 0,0000428 seconds, Stopping threads took: 0,0000190 seconds
2018-06-19T11:52:35.627+0200: 40,679: Total time for which application threads were stopped: 0,0001210 seconds, Stopping threads took: 0,0000121 seconds
2018-06-19T11:52:35.631+0200: 40,683: Total time for which application threads were stopped: 0,0004203 seconds, Stopping threads took: 0,0000678 seconds
2018-06-19T11:52:35.641+0200: 40,694: Total time for which application threads were stopped: 0,0002925 seconds, Stopping threads took: 0,0001119 seconds
Heap
 par new generation   total 109248K, used 49972K [0x00000000e0000000, 0x00000000e8000000, 0x00000000e8000000)
  eden space 87424K,  32% used [0x00000000e0000000, 0x00000000e1b7d038, 0x00000000e5560000)
  from space 21824K, 100% used [0x00000000e6ab0000, 0x00000000e8000000, 0x00000000e8000000)
  to   space 21824K,   0% used [0x00000000e5560000, 0x00000000e5560000, 0x00000000e6ab0000)
 concurrent mark-sweep generation total 393216K, used 8567K [0x00000000e8000000, 0x0000000100000000, 0x0000000100000000)
 Metaspace       used 29213K, capacity 29889K, committed 30228K, reserved 1075200K
  class space    used 3375K, capacity 3571K, committed 3604K, reserved 1048576K
