OpenJDK 64-Bit Server VM (25.171-b11) for linux-amd64 JRE (1.8.0_171-8u171-b11-0ubuntu0.16.04.1-b11), built on Apr 27 2018 17:19:03 by "buildd" with gcc 5.4.0 20160609
Memory: 4k page, physical 7867600k(821400k free), swap 8076284k(8009588k free)
CommandLine flags: -XX:CMSInitiatingOccupancyFraction=50 -XX:CMSMaxAbortablePrecleanTime=6000 -XX:+CMSParallelRemarkEnabled -XX:+CMSScavengeBeforeRemark -XX:ConcGCThreads=4 -XX:InitialHeapSize=536870912 -XX:MaxHeapSize=536870912 -XX:MaxTenuringThreshold=8 -XX:NewRatio=3 -XX:OldPLABSize=16 -XX:OnOutOfMemoryError=/home/gurnoor/workspace/QTM/solr/bin/oom_solr.sh 8983 /home/gurnoor/workspace/QTM/solr/server/logs -XX:ParallelGCThreads=4 -XX:+ParallelRefProcEnabled -XX:PretenureSizeThreshold=67108864 -XX:+PrintGC -XX:+PrintGCApplicationStoppedTime -XX:+PrintGCDateStamps -XX:+PrintGCDetails -XX:+PrintGCTimeStamps -XX:+PrintHeapAtGC -XX:+PrintTenuringDistribution -XX:SurvivorRatio=4 -XX:TargetSurvivorRatio=90 -XX:ThreadStackSize=256 -XX:+UseCMSInitiatingOccupancyOnly -XX:+UseCompressedClassPointers -XX:+UseCompressedOops -XX:+UseConcMarkSweepGC -XX:+UseParNewGC 
2018-06-19T15:00:57.541+0200: 0,115: Total time for which application threads were stopped: 0,0000767 seconds, Stopping threads took: 0,0000150 seconds
2018-06-19T15:00:57.605+0200: 0,179: Total time for which application threads were stopped: 0,0001111 seconds, Stopping threads took: 0,0000233 seconds
2018-06-19T15:00:57.615+0200: 0,189: Total time for which application threads were stopped: 0,0000954 seconds, Stopping threads took: 0,0000135 seconds
2018-06-19T15:00:57.738+0200: 0,313: Total time for which application threads were stopped: 0,0001636 seconds, Stopping threads took: 0,0000192 seconds
2018-06-19T15:00:57.889+0200: 0,463: Total time for which application threads were stopped: 0,0001421 seconds, Stopping threads took: 0,0000160 seconds
2018-06-19T15:00:57.932+0200: 0,506: Total time for which application threads were stopped: 0,0001708 seconds, Stopping threads took: 0,0000238 seconds
2018-06-19T15:00:57.948+0200: 0,522: Total time for which application threads were stopped: 0,0002567 seconds, Stopping threads took: 0,0000342 seconds
2018-06-19T15:00:58.156+0200: 0,730: Total time for which application threads were stopped: 0,0001989 seconds, Stopping threads took: 0,0000205 seconds
2018-06-19T15:00:58.304+0200: 0,878: Total time for which application threads were stopped: 0,0002480 seconds, Stopping threads took: 0,0000314 seconds
2018-06-19T15:00:58.324+0200: 0,898: Total time for which application threads were stopped: 0,0002664 seconds, Stopping threads took: 0,0000539 seconds
2018-06-19T15:00:58.348+0200: 0,923: Total time for which application threads were stopped: 0,0002562 seconds, Stopping threads took: 0,0000247 seconds
2018-06-19T15:00:58.349+0200: 0,923: Total time for which application threads were stopped: 0,0001850 seconds, Stopping threads took: 0,0000161 seconds
2018-06-19T15:00:58.359+0200: 0,933: Total time for which application threads were stopped: 0,0002533 seconds, Stopping threads took: 0,0000353 seconds
2018-06-19T15:00:58.441+0200: 1,016: Total time for which application threads were stopped: 0,0002691 seconds, Stopping threads took: 0,0000280 seconds
2018-06-19T15:00:58.589+0200: 1,163: Total time for which application threads were stopped: 0,0004181 seconds, Stopping threads took: 0,0001759 seconds
{Heap before GC invocations=0 (full 0):
 par new generation   total 109248K, used 87424K [0x00000000e0000000, 0x00000000e8000000, 0x00000000e8000000)
  eden space 87424K, 100% used [0x00000000e0000000, 0x00000000e5560000, 0x00000000e5560000)
  from space 21824K,   0% used [0x00000000e5560000, 0x00000000e5560000, 0x00000000e6ab0000)
  to   space 21824K,   0% used [0x00000000e6ab0000, 0x00000000e6ab0000, 0x00000000e8000000)
 concurrent mark-sweep generation total 393216K, used 0K [0x00000000e8000000, 0x0000000100000000, 0x0000000100000000)
 Metaspace       used 18066K, capacity 18344K, committed 18688K, reserved 1064960K
  class space    used 2040K, capacity 2198K, committed 2304K, reserved 1048576K
2018-06-19T15:00:58.657+0200: 1,231: [GC (Allocation Failure) 2018-06-19T15:00:58.657+0200: 1,231: [ParNew
Desired survivor size 20112992 bytes, new threshold 8 (max 8)
- age   1:   11999784 bytes,   11999784 total
: 87424K->11822K(109248K), 0,0111374 secs] 87424K->11822K(502464K), 0,0111944 secs] [Times: user=0,02 sys=0,02, real=0,01 secs] 
Heap after GC invocations=1 (full 0):
 par new generation   total 109248K, used 11822K [0x00000000e0000000, 0x00000000e8000000, 0x00000000e8000000)
  eden space 87424K,   0% used [0x00000000e0000000, 0x00000000e0000000, 0x00000000e5560000)
  from space 21824K,  54% used [0x00000000e6ab0000, 0x00000000e763b8c8, 0x00000000e8000000)
  to   space 21824K,   0% used [0x00000000e5560000, 0x00000000e5560000, 0x00000000e6ab0000)
 concurrent mark-sweep generation total 393216K, used 0K [0x00000000e8000000, 0x0000000100000000, 0x0000000100000000)
 Metaspace       used 18066K, capacity 18344K, committed 18688K, reserved 1064960K
  class space    used 2040K, capacity 2198K, committed 2304K, reserved 1048576K
}
2018-06-19T15:00:58.668+0200: 1,242: Total time for which application threads were stopped: 0,0114794 seconds, Stopping threads took: 0,0000664 seconds
2018-06-19T15:00:58.924+0200: 1,498: Total time for which application threads were stopped: 0,0004613 seconds, Stopping threads took: 0,0000472 seconds
2018-06-19T15:00:58.978+0200: 1,553: Total time for which application threads were stopped: 0,0004092 seconds, Stopping threads took: 0,0000922 seconds
{Heap before GC invocations=1 (full 0):
 par new generation   total 109248K, used 99246K [0x00000000e0000000, 0x00000000e8000000, 0x00000000e8000000)
  eden space 87424K, 100% used [0x00000000e0000000, 0x00000000e5560000, 0x00000000e5560000)
  from space 21824K,  54% used [0x00000000e6ab0000, 0x00000000e763b8c8, 0x00000000e8000000)
  to   space 21824K,   0% used [0x00000000e5560000, 0x00000000e5560000, 0x00000000e6ab0000)
 concurrent mark-sweep generation total 393216K, used 0K [0x00000000e8000000, 0x0000000100000000, 0x0000000100000000)
 Metaspace       used 20116K, capacity 20492K, committed 20736K, reserved 1067008K
  class space    used 2300K, capacity 2468K, committed 2560K, reserved 1048576K
2018-06-19T15:00:58.984+0200: 1,558: [GC (Allocation Failure) 2018-06-19T15:00:58.984+0200: 1,558: [ParNew
Desired survivor size 20112992 bytes, new threshold 8 (max 8)
- age   1:    3079784 bytes,    3079784 total
- age   2:    6285776 bytes,    9365560 total
: 99246K->13159K(109248K), 0,0258244 secs] 99246K->13159K(502464K), 0,0259151 secs] [Times: user=0,06 sys=0,01, real=0,02 secs] 
Heap after GC invocations=2 (full 0):
 par new generation   total 109248K, used 13159K [0x00000000e0000000, 0x00000000e8000000, 0x00000000e8000000)
  eden space 87424K,   0% used [0x00000000e0000000, 0x00000000e0000000, 0x00000000e5560000)
  from space 21824K,  60% used [0x00000000e5560000, 0x00000000e6239f20, 0x00000000e6ab0000)
  to   space 21824K,   0% used [0x00000000e6ab0000, 0x00000000e6ab0000, 0x00000000e8000000)
 concurrent mark-sweep generation total 393216K, used 0K [0x00000000e8000000, 0x0000000100000000, 0x0000000100000000)
 Metaspace       used 20116K, capacity 20492K, committed 20736K, reserved 1067008K
  class space    used 2300K, capacity 2468K, committed 2560K, reserved 1048576K
}
2018-06-19T15:00:59.010+0200: 1,584: Total time for which application threads were stopped: 0,0262022 seconds, Stopping threads took: 0,0001164 seconds
2018-06-19T15:00:59.069+0200: 1,643: Total time for which application threads were stopped: 0,0004413 seconds, Stopping threads took: 0,0000923 seconds
2018-06-19T15:00:59.207+0200: 1,781: Total time for which application threads were stopped: 0,0006247 seconds, Stopping threads took: 0,0004785 seconds
{Heap before GC invocations=2 (full 0):
 par new generation   total 109248K, used 100583K [0x00000000e0000000, 0x00000000e8000000, 0x00000000e8000000)
  eden space 87424K, 100% used [0x00000000e0000000, 0x00000000e5560000, 0x00000000e5560000)
  from space 21824K,  60% used [0x00000000e5560000, 0x00000000e6239f20, 0x00000000e6ab0000)
  to   space 21824K,   0% used [0x00000000e6ab0000, 0x00000000e6ab0000, 0x00000000e8000000)
 concurrent mark-sweep generation total 393216K, used 0K [0x00000000e8000000, 0x0000000100000000, 0x0000000100000000)
 Metaspace       used 21075K, capacity 21420K, committed 21628K, reserved 1069056K
  class space    used 2425K, capacity 2588K, committed 2684K, reserved 1048576K
2018-06-19T15:00:59.259+0200: 1,833: [GC (Allocation Failure) 2018-06-19T15:00:59.259+0200: 1,833: [ParNew
Desired survivor size 20112992 bytes, new threshold 8 (max 8)
- age   1:    2082120 bytes,    2082120 total
- age   2:     699288 bytes,    2781408 total
- age   3:    6281928 bytes,    9063336 total
: 100583K->11946K(109248K), 0,0105656 secs] 100583K->11946K(502464K), 0,0106565 secs] [Times: user=0,02 sys=0,00, real=0,01 secs] 
Heap after GC invocations=3 (full 0):
 par new generation   total 109248K, used 11946K [0x00000000e0000000, 0x00000000e8000000, 0x00000000e8000000)
  eden space 87424K,   0% used [0x00000000e0000000, 0x00000000e0000000, 0x00000000e5560000)
  from space 21824K,  54% used [0x00000000e6ab0000, 0x00000000e765aa58, 0x00000000e8000000)
  to   space 21824K,   0% used [0x00000000e5560000, 0x00000000e5560000, 0x00000000e6ab0000)
 concurrent mark-sweep generation total 393216K, used 0K [0x00000000e8000000, 0x0000000100000000, 0x0000000100000000)
 Metaspace       used 21075K, capacity 21420K, committed 21628K, reserved 1069056K
  class space    used 2425K, capacity 2588K, committed 2684K, reserved 1048576K
}
2018-06-19T15:00:59.270+0200: 1,844: Total time for which application threads were stopped: 0,0110165 seconds, Stopping threads took: 0,0002059 seconds
2018-06-19T15:00:59.270+0200: 1,845: [GC (CMS Initial Mark) [1 CMS-initial-mark: 0K(393216K)] 14068K(502464K), 0,0035556 secs] [Times: user=0,01 sys=0,00, real=0,01 secs] 
2018-06-19T15:00:59.274+0200: 1,848: Total time for which application threads were stopped: 0,0037191 seconds, Stopping threads took: 0,0000632 seconds
2018-06-19T15:00:59.274+0200: 1,848: [CMS-concurrent-mark-start]
2018-06-19T15:00:59.275+0200: 1,849: [CMS-concurrent-mark: 0,001/0,001 secs] [Times: user=0,00 sys=0,00, real=0,00 secs] 
2018-06-19T15:00:59.275+0200: 1,849: [CMS-concurrent-preclean-start]
2018-06-19T15:00:59.276+0200: 1,850: [CMS-concurrent-preclean: 0,001/0,001 secs] [Times: user=0,01 sys=0,00, real=0,00 secs] 
2018-06-19T15:00:59.276+0200: 1,850: [CMS-concurrent-abortable-preclean-start]
2018-06-19T15:00:59.316+0200: 1,890: Total time for which application threads were stopped: 0,0001955 seconds, Stopping threads took: 0,0000783 seconds
2018-06-19T15:00:59.399+0200: 1,973: Total time for which application threads were stopped: 0,0004849 seconds, Stopping threads took: 0,0004017 seconds
2018-06-19T15:00:59.399+0200: 1,973: [CMS-concurrent-abortable-preclean: 0,096/0,123 secs] [Times: user=0,49 sys=0,00, real=0,12 secs] 
2018-06-19T15:00:59.400+0200: 1,974: [GC (CMS Final Remark) [YG occupancy: 99372 K (109248 K)]{Heap before GC invocations=3 (full 1):
 par new generation   total 109248K, used 99372K [0x00000000e0000000, 0x00000000e8000000, 0x00000000e8000000)
  eden space 87424K, 100% used [0x00000000e0000000, 0x00000000e5560000, 0x00000000e5560000)
  from space 21824K,  54% used [0x00000000e6ab0000, 0x00000000e765b268, 0x00000000e8000000)
  to   space 21824K,   0% used [0x00000000e5560000, 0x00000000e5560000, 0x00000000e6ab0000)
 concurrent mark-sweep generation total 393216K, used 0K [0x00000000e8000000, 0x0000000100000000, 0x0000000100000000)
 Metaspace       used 21336K, capacity 21708K, committed 21884K, reserved 1069056K
  class space    used 2453K, capacity 2605K, committed 2684K, reserved 1048576K
2018-06-19T15:00:59.400+0200: 1,974: [GC (CMS Final Remark) 2018-06-19T15:00:59.400+0200: 1,974: [ParNew
Desired survivor size 20112992 bytes, new threshold 8 (max 8)
- age   1:    1114680 bytes,    1114680 total
- age   2:    1448216 bytes,    2562896 total
- age   3:     693224 bytes,    3256120 total
- age   4:    6282136 bytes,    9538256 total
: 99372K->11616K(109248K), 0,0106503 secs] 99372K->11616K(502464K), 0,0107038 secs] [Times: user=0,03 sys=0,00, real=0,01 secs] 
Heap after GC invocations=4 (full 1):
 par new generation   total 109248K, used 11616K [0x00000000e0000000, 0x00000000e8000000, 0x00000000e8000000)
  eden space 87424K,   0% used [0x00000000e0000000, 0x00000000e0000000, 0x00000000e5560000)
  from space 21824K,  53% used [0x00000000e5560000, 0x00000000e60b8100, 0x00000000e6ab0000)
  to   space 21824K,   0% used [0x00000000e6ab0000, 0x00000000e6ab0000, 0x00000000e8000000)
 concurrent mark-sweep generation total 393216K, used 0K [0x00000000e8000000, 0x0000000100000000, 0x0000000100000000)
 Metaspace       used 21336K, capacity 21708K, committed 21884K, reserved 1069056K
  class space    used 2453K, capacity 2605K, committed 2684K, reserved 1048576K
}
2018-06-19T15:00:59.410+0200: 1,985: [Rescan (parallel) , 0,0030968 secs]2018-06-19T15:00:59.414+0200: 1,988: [weak refs processing, 0,0006991 secs]2018-06-19T15:00:59.414+0200: 1,988: [class unloading, 0,0029863 secs]2018-06-19T15:00:59.417+0200: 1,991: [scrub symbol table, 0,0026894 secs]2018-06-19T15:00:59.420+0200: 1,994: [scrub string table, 0,0003731 secs][1 CMS-remark: 0K(393216K)] 11616K(502464K), 0,0212583 secs] [Times: user=0,05 sys=0,00, real=0,02 secs] 
2018-06-19T15:00:59.421+0200: 1,995: Total time for which application threads were stopped: 0,0213896 seconds, Stopping threads took: 0,0000350 seconds
2018-06-19T15:00:59.421+0200: 1,995: [CMS-concurrent-sweep-start]
2018-06-19T15:00:59.421+0200: 1,995: [CMS-concurrent-sweep: 0,000/0,000 secs] [Times: user=0,00 sys=0,00, real=0,00 secs] 
2018-06-19T15:00:59.421+0200: 1,995: [CMS-concurrent-reset-start]
2018-06-19T15:00:59.425+0200: 1,999: [CMS-concurrent-reset: 0,003/0,003 secs] [Times: user=0,00 sys=0,00, real=0,01 secs] 
{Heap before GC invocations=4 (full 1):
 par new generation   total 109248K, used 13581K [0x00000000e0000000, 0x00000000e8000000, 0x00000000e8000000)
  eden space 87424K,   2% used [0x00000000e0000000, 0x00000000e01eb630, 0x00000000e5560000)
  from space 21824K,  53% used [0x00000000e5560000, 0x00000000e60b8100, 0x00000000e6ab0000)
  to   space 21824K,   0% used [0x00000000e6ab0000, 0x00000000e6ab0000, 0x00000000e8000000)
 concurrent mark-sweep generation total 393216K, used 0K [0x00000000e8000000, 0x0000000100000000, 0x0000000100000000)
 Metaspace       used 21336K, capacity 21708K, committed 21884K, reserved 1069056K
  class space    used 2453K, capacity 2605K, committed 2684K, reserved 1048576K
2018-06-19T15:00:59.426+0200: 2,000: [GC (GCLocker Initiated GC) 2018-06-19T15:00:59.426+0200: 2,000: [ParNew
Desired survivor size 20112992 bytes, new threshold 8 (max 8)
- age   1:     164112 bytes,     164112 total
- age   2:     816600 bytes,     980712 total
- age   3:    1448216 bytes,    2428928 total
- age   4:     693224 bytes,    3122152 total
- age   5:    6282160 bytes,    9404312 total
: 13581K->14258K(109248K), 0,0083282 secs] 13581K->14258K(502464K), 0,0083914 secs] [Times: user=0,03 sys=0,00, real=0,01 secs] 
Heap after GC invocations=5 (full 1):
 par new generation   total 109248K, used 14258K [0x00000000e0000000, 0x00000000e8000000, 0x00000000e8000000)
  eden space 87424K,   0% used [0x00000000e0000000, 0x00000000e0000000, 0x00000000e5560000)
  from space 21824K,  65% used [0x00000000e6ab0000, 0x00000000e789c8b8, 0x00000000e8000000)
  to   space 21824K,   0% used [0x00000000e5560000, 0x00000000e5560000, 0x00000000e6ab0000)
 concurrent mark-sweep generation total 393216K, used 0K [0x00000000e8000000, 0x0000000100000000, 0x0000000100000000)
 Metaspace       used 21336K, capacity 21708K, committed 21884K, reserved 1069056K
  class space    used 2453K, capacity 2605K, committed 2684K, reserved 1048576K
}
2018-06-19T15:00:59.434+0200: 2,008: Total time for which application threads were stopped: 0,0086546 seconds, Stopping threads took: 0,0001014 seconds
{Heap before GC invocations=5 (full 1):
 par new generation   total 109248K, used 101682K [0x00000000e0000000, 0x00000000e8000000, 0x00000000e8000000)
  eden space 87424K, 100% used [0x00000000e0000000, 0x00000000e5560000, 0x00000000e5560000)
  from space 21824K,  65% used [0x00000000e6ab0000, 0x00000000e789c8b8, 0x00000000e8000000)
  to   space 21824K,   0% used [0x00000000e5560000, 0x00000000e5560000, 0x00000000e6ab0000)
 concurrent mark-sweep generation total 393216K, used 0K [0x00000000e8000000, 0x0000000100000000, 0x0000000100000000)
 Metaspace       used 21540K, capacity 21880K, committed 22140K, reserved 1069056K
  class space    used 2480K, capacity 2639K, committed 2684K, reserved 1048576K
2018-06-19T15:00:59.535+0200: 2,109: [GC (Allocation Failure) 2018-06-19T15:00:59.535+0200: 2,109: [ParNew
Desired survivor size 20112992 bytes, new threshold 8 (max 8)
- age   1:     420760 bytes,     420760 total
- age   2:       2376 bytes,     423136 total
- age   3:     203472 bytes,     626608 total
- age   4:    1446256 bytes,    2072864 total
- age   5:     693144 bytes,    2766008 total
- age   6:    6281960 bytes,    9047968 total
: 101682K->10831K(109248K), 0,0190905 secs] 101682K->10831K(502464K), 0,0191900 secs] [Times: user=0,05 sys=0,00, real=0,02 secs] 
Heap after GC invocations=6 (full 1):
 par new generation   total 109248K, used 10831K [0x00000000e0000000, 0x00000000e8000000, 0x00000000e8000000)
  eden space 87424K,   0% used [0x00000000e0000000, 0x00000000e0000000, 0x00000000e5560000)
  from space 21824K,  49% used [0x00000000e5560000, 0x00000000e5ff3fd0, 0x00000000e6ab0000)
  to   space 21824K,   0% used [0x00000000e6ab0000, 0x00000000e6ab0000, 0x00000000e8000000)
 concurrent mark-sweep generation total 393216K, used 0K [0x00000000e8000000, 0x0000000100000000, 0x0000000100000000)
 Metaspace       used 21540K, capacity 21880K, committed 22140K, reserved 1069056K
  class space    used 2480K, capacity 2639K, committed 2684K, reserved 1048576K
}
2018-06-19T15:00:59.554+0200: 2,128: Total time for which application threads were stopped: 0,0217345 seconds, Stopping threads took: 0,0023339 seconds
2018-06-19T15:00:59.585+0200: 2,159: Total time for which application threads were stopped: 0,0003818 seconds, Stopping threads took: 0,0000256 seconds
2018-06-19T15:00:59.841+0200: 2,415: Total time for which application threads were stopped: 0,0004701 seconds, Stopping threads took: 0,0000150 seconds
2018-06-19T15:00:59.852+0200: 2,427: Total time for which application threads were stopped: 0,0003684 seconds, Stopping threads took: 0,0000283 seconds
{Heap before GC invocations=6 (full 1):
 par new generation   total 109248K, used 98255K [0x00000000e0000000, 0x00000000e8000000, 0x00000000e8000000)
  eden space 87424K, 100% used [0x00000000e0000000, 0x00000000e5560000, 0x00000000e5560000)
  from space 21824K,  49% used [0x00000000e5560000, 0x00000000e5ff3fd0, 0x00000000e6ab0000)
  to   space 21824K,   0% used [0x00000000e6ab0000, 0x00000000e6ab0000, 0x00000000e8000000)
 concurrent mark-sweep generation total 393216K, used 0K [0x00000000e8000000, 0x0000000100000000, 0x0000000100000000)
 Metaspace       used 25523K, capacity 26040K, committed 26236K, reserved 1073152K
  class space    used 2954K, capacity 3157K, committed 3196K, reserved 1048576K
2018-06-19T15:01:00.171+0200: 2,746: [GC (Allocation Failure) 2018-06-19T15:01:00.172+0200: 2,746: [ParNew
Desired survivor size 20112992 bytes, new threshold 8 (max 8)
- age   1:    9846912 bytes,    9846912 total
- age   2:     177880 bytes,   10024792 total
- age   3:       2376 bytes,   10027168 total
- age   4:     191064 bytes,   10218232 total
- age   5:     275152 bytes,   10493384 total
- age   6:     673128 bytes,   11166512 total
- age   7:    6274960 bytes,   17441472 total
: 98255K->21202K(109248K), 0,0158422 secs] 98255K->21202K(502464K), 0,0159100 secs] [Times: user=0,05 sys=0,00, real=0,01 secs] 
Heap after GC invocations=7 (full 1):
 par new generation   total 109248K, used 21202K [0x00000000e0000000, 0x00000000e8000000, 0x00000000e8000000)
  eden space 87424K,   0% used [0x00000000e0000000, 0x00000000e0000000, 0x00000000e5560000)
  from space 21824K,  97% used [0x00000000e6ab0000, 0x00000000e7f64b08, 0x00000000e8000000)
  to   space 21824K,   0% used [0x00000000e5560000, 0x00000000e5560000, 0x00000000e6ab0000)
 concurrent mark-sweep generation total 393216K, used 0K [0x00000000e8000000, 0x0000000100000000, 0x0000000100000000)
 Metaspace       used 25523K, capacity 26040K, committed 26236K, reserved 1073152K
  class space    used 2954K, capacity 3157K, committed 3196K, reserved 1048576K
}
2018-06-19T15:01:00.187+0200: 2,762: Total time for which application threads were stopped: 0,0162200 seconds, Stopping threads took: 0,0000777 seconds
2018-06-19T15:01:00.271+0200: 2,845: Total time for which application threads were stopped: 0,0005115 seconds, Stopping threads took: 0,0000561 seconds
2018-06-19T15:01:00.287+0200: 2,861: Total time for which application threads were stopped: 0,0004708 seconds, Stopping threads took: 0,0000259 seconds
2018-06-19T15:01:00.351+0200: 2,925: Total time for which application threads were stopped: 0,0006197 seconds, Stopping threads took: 0,0000766 seconds
2018-06-19T15:01:00.479+0200: 3,053: Total time for which application threads were stopped: 0,0023807 seconds, Stopping threads took: 0,0018420 seconds
{Heap before GC invocations=7 (full 1):
 par new generation   total 109248K, used 108626K [0x00000000e0000000, 0x00000000e8000000, 0x00000000e8000000)
  eden space 87424K, 100% used [0x00000000e0000000, 0x00000000e5560000, 0x00000000e5560000)
  from space 21824K,  97% used [0x00000000e6ab0000, 0x00000000e7f64b08, 0x00000000e8000000)
  to   space 21824K,   0% used [0x00000000e5560000, 0x00000000e5560000, 0x00000000e6ab0000)
 concurrent mark-sweep generation total 393216K, used 0K [0x00000000e8000000, 0x0000000100000000, 0x0000000100000000)
 Metaspace       used 28057K, capacity 28656K, committed 28796K, reserved 1075200K
  class space    used 3227K, capacity 3425K, committed 3452K, reserved 1048576K
2018-06-19T15:01:00.605+0200: 3,179: [GC (Allocation Failure) 2018-06-19T15:01:00.605+0200: 3,179: [ParNew
Desired survivor size 20112992 bytes, new threshold 8 (max 8)
- age   1:    8653352 bytes,    8653352 total
- age   2:    5909448 bytes,   14562800 total
- age   3:     170544 bytes,   14733344 total
- age   4:       2376 bytes,   14735720 total
- age   5:     183280 bytes,   14919000 total
- age   6:     268488 bytes,   15187488 total
- age   7:     664656 bytes,   15852144 total
- age   8:    6268328 bytes,   22120472 total
: 108626K->21824K(109248K), 0,0289772 secs] 108626K->23390K(502464K), 0,0291003 secs] [Times: user=0,10 sys=0,01, real=0,03 secs] 
Heap after GC invocations=8 (full 1):
 par new generation   total 109248K, used 21824K [0x00000000e0000000, 0x00000000e8000000, 0x00000000e8000000)
  eden space 87424K,   0% used [0x00000000e0000000, 0x00000000e0000000, 0x00000000e5560000)
  from space 21824K, 100% used [0x00000000e5560000, 0x00000000e6ab0000, 0x00000000e6ab0000)
  to   space 21824K,   0% used [0x00000000e6ab0000, 0x00000000e6ab0000, 0x00000000e8000000)
 concurrent mark-sweep generation total 393216K, used 1566K [0x00000000e8000000, 0x0000000100000000, 0x0000000100000000)
 Metaspace       used 28057K, capacity 28656K, committed 28796K, reserved 1075200K
  class space    used 3227K, capacity 3425K, committed 3452K, reserved 1048576K
}
2018-06-19T15:01:00.634+0200: 3,208: Total time for which application threads were stopped: 0,0294461 seconds, Stopping threads took: 0,0000915 seconds
{Heap before GC invocations=8 (full 1):
 par new generation   total 109248K, used 109248K [0x00000000e0000000, 0x00000000e8000000, 0x00000000e8000000)
  eden space 87424K, 100% used [0x00000000e0000000, 0x00000000e5560000, 0x00000000e5560000)
  from space 21824K, 100% used [0x00000000e5560000, 0x00000000e6ab0000, 0x00000000e6ab0000)
  to   space 21824K,   0% used [0x00000000e6ab0000, 0x00000000e6ab0000, 0x00000000e8000000)
 concurrent mark-sweep generation total 393216K, used 1566K [0x00000000e8000000, 0x0000000100000000, 0x0000000100000000)
 Metaspace       used 28113K, capacity 28748K, committed 29052K, reserved 1075200K
  class space    used 3230K, capacity 3430K, committed 3452K, reserved 1048576K
2018-06-19T15:01:00.728+0200: 3,302: [GC (Allocation Failure) 2018-06-19T15:01:00.728+0200: 3,302: [ParNew
Desired survivor size 20112992 bytes, new threshold 8 (max 8)
- age   1:    1420464 bytes,    1420464 total
- age   2:    7630280 bytes,    9050744 total
- age   3:    5906904 bytes,   14957648 total
- age   4:     170544 bytes,   15128192 total
- age   5:       2376 bytes,   15130568 total
- age   6:     183072 bytes,   15313640 total
- age   7:     268488 bytes,   15582128 total
- age   8:     664656 bytes,   16246784 total
: 109248K->21824K(109248K), 0,0498010 secs] 110814K->29586K(502464K), 0,0499154 secs] [Times: user=0,15 sys=0,00, real=0,05 secs] 
Heap after GC invocations=9 (full 1):
 par new generation   total 109248K, used 21824K [0x00000000e0000000, 0x00000000e8000000, 0x00000000e8000000)
  eden space 87424K,   0% used [0x00000000e0000000, 0x00000000e0000000, 0x00000000e5560000)
  from space 21824K, 100% used [0x00000000e6ab0000, 0x00000000e8000000, 0x00000000e8000000)
  to   space 21824K,   0% used [0x00000000e5560000, 0x00000000e5560000, 0x00000000e6ab0000)
 concurrent mark-sweep generation total 393216K, used 7762K [0x00000000e8000000, 0x0000000100000000, 0x0000000100000000)
 Metaspace       used 28113K, capacity 28748K, committed 29052K, reserved 1075200K
  class space    used 3230K, capacity 3430K, committed 3452K, reserved 1048576K
}
2018-06-19T15:01:00.778+0200: 3,352: Total time for which application threads were stopped: 0,0504310 seconds, Stopping threads took: 0,0002644 seconds
{Heap before GC invocations=9 (full 1):
 par new generation   total 109248K, used 109248K [0x00000000e0000000, 0x00000000e8000000, 0x00000000e8000000)
  eden space 87424K, 100% used [0x00000000e0000000, 0x00000000e5560000, 0x00000000e5560000)
  from space 21824K, 100% used [0x00000000e6ab0000, 0x00000000e8000000, 0x00000000e8000000)
  to   space 21824K,   0% used [0x00000000e5560000, 0x00000000e5560000, 0x00000000e6ab0000)
 concurrent mark-sweep generation total 393216K, used 7762K [0x00000000e8000000, 0x0000000100000000, 0x0000000100000000)
 Metaspace       used 28279K, capacity 28908K, committed 29052K, reserved 1075200K
  class space    used 3237K, capacity 3439K, committed 3452K, reserved 1048576K
2018-06-19T15:01:00.962+0200: 3,536: [GC (Allocation Failure) 2018-06-19T15:01:00.962+0200: 3,536: [ParNew
Desired survivor size 20112992 bytes, new threshold 8 (max 8)
- age   1:    3053592 bytes,    3053592 total
- age   2:     159416 bytes,    3213008 total
- age   3:    7628344 bytes,   10841352 total
- age   4:    5906696 bytes,   16748048 total
- age   5:     170544 bytes,   16918592 total
- age   6:       2376 bytes,   16920968 total
- age   7:     183072 bytes,   17104040 total
- age   8:     268488 bytes,   17372528 total
: 109248K->21824K(109248K), 0,0276684 secs] 117010K->30248K(502464K), 0,0277504 secs] [Times: user=0,10 sys=0,00, real=0,03 secs] 
Heap after GC invocations=10 (full 1):
 par new generation   total 109248K, used 21824K [0x00000000e0000000, 0x00000000e8000000, 0x00000000e8000000)
  eden space 87424K,   0% used [0x00000000e0000000, 0x00000000e0000000, 0x00000000e5560000)
  from space 21824K, 100% used [0x00000000e5560000, 0x00000000e6ab0000, 0x00000000e6ab0000)
  to   space 21824K,   0% used [0x00000000e6ab0000, 0x00000000e6ab0000, 0x00000000e8000000)
 concurrent mark-sweep generation total 393216K, used 8424K [0x00000000e8000000, 0x0000000100000000, 0x0000000100000000)
 Metaspace       used 28279K, capacity 28908K, committed 29052K, reserved 1075200K
  class space    used 3237K, capacity 3439K, committed 3452K, reserved 1048576K
}
2018-06-19T15:01:00.990+0200: 3,564: Total time for which application threads were stopped: 0,0280873 seconds, Stopping threads took: 0,0000904 seconds
2018-06-19T15:01:01.484+0200: 4,058: Total time for which application threads were stopped: 0,0003581 seconds, Stopping threads took: 0,0000246 seconds
2018-06-19T15:01:10.880+0200: 13,454: Total time for which application threads were stopped: 0,0000748 seconds, Stopping threads took: 0,0000275 seconds
2018-06-19T15:01:10.884+0200: 13,458: Total time for which application threads were stopped: 0,0000702 seconds, Stopping threads took: 0,0000171 seconds
2018-06-19T15:01:10.902+0200: 13,476: Total time for which application threads were stopped: 0,0004599 seconds, Stopping threads took: 0,0000300 seconds
2018-06-19T15:01:10.917+0200: 13,492: Total time for which application threads were stopped: 0,0001733 seconds, Stopping threads took: 0,0001052 seconds
2018-06-19T15:01:10.918+0200: 13,492: Total time for which application threads were stopped: 0,0001437 seconds, Stopping threads took: 0,0001020 seconds
2018-06-19T15:01:10.973+0200: 13,547: Total time for which application threads were stopped: 0,0001167 seconds, Stopping threads took: 0,0000250 seconds
2018-06-19T15:01:10.976+0200: 13,551: Total time for which application threads were stopped: 0,0002058 seconds, Stopping threads took: 0,0001214 seconds
2018-06-19T15:01:11.002+0200: 13,576: Total time for which application threads were stopped: 0,0000979 seconds, Stopping threads took: 0,0000264 seconds
2018-06-19T15:01:11.010+0200: 13,584: Total time for which application threads were stopped: 0,0001639 seconds, Stopping threads took: 0,0000784 seconds
2018-06-19T15:01:11.026+0200: 13,600: Total time for which application threads were stopped: 0,0001133 seconds, Stopping threads took: 0,0000388 seconds
2018-06-19T15:01:11.083+0200: 13,657: Total time for which application threads were stopped: 0,0006373 seconds, Stopping threads took: 0,0005187 seconds
2018-06-19T15:01:16.976+0200: 19,550: Total time for which application threads were stopped: 0,0001172 seconds, Stopping threads took: 0,0000385 seconds
2018-06-19T15:01:16.977+0200: 19,551: Total time for which application threads were stopped: 0,0000517 seconds, Stopping threads took: 0,0000174 seconds
2018-06-19T15:01:17.009+0200: 19,583: Total time for which application threads were stopped: 0,0004389 seconds, Stopping threads took: 0,0000209 seconds
2018-06-19T15:01:17.060+0200: 19,634: Total time for which application threads were stopped: 0,0001413 seconds, Stopping threads took: 0,0000383 seconds
2018-06-19T15:01:17.090+0200: 19,664: Total time for which application threads were stopped: 0,0001188 seconds, Stopping threads took: 0,0000398 seconds
2018-06-19T15:01:17.114+0200: 19,688: Total time for which application threads were stopped: 0,0001065 seconds, Stopping threads took: 0,0000324 seconds
2018-06-19T15:01:17.114+0200: 19,688: Total time for which application threads were stopped: 0,0000909 seconds, Stopping threads took: 0,0000346 seconds
2018-06-19T15:01:17.114+0200: 19,688: Total time for which application threads were stopped: 0,0000840 seconds, Stopping threads took: 0,0000238 seconds
2018-06-19T15:01:17.114+0200: 19,688: Total time for which application threads were stopped: 0,0000940 seconds, Stopping threads took: 0,0000412 seconds
2018-06-19T15:01:17.121+0200: 19,695: Total time for which application threads were stopped: 0,0001168 seconds, Stopping threads took: 0,0000205 seconds
2018-06-19T15:01:17.121+0200: 19,695: Total time for which application threads were stopped: 0,0000610 seconds, Stopping threads took: 0,0000134 seconds
2018-06-19T15:01:17.121+0200: 19,695: Total time for which application threads were stopped: 0,0000563 seconds, Stopping threads took: 0,0000171 seconds
2018-06-19T15:01:17.126+0200: 19,700: Total time for which application threads were stopped: 0,0000976 seconds, Stopping threads took: 0,0000305 seconds
2018-06-19T15:01:17.186+0200: 19,760: Total time for which application threads were stopped: 0,0001128 seconds, Stopping threads took: 0,0000252 seconds
2018-06-19T15:01:17.188+0200: 19,762: Total time for which application threads were stopped: 0,0000705 seconds, Stopping threads took: 0,0000218 seconds
2018-06-19T15:01:17.188+0200: 19,762: Total time for which application threads were stopped: 0,0000441 seconds, Stopping threads took: 0,0000188 seconds
2018-06-19T15:01:17.188+0200: 19,762: Total time for which application threads were stopped: 0,0000532 seconds, Stopping threads took: 0,0000194 seconds
2018-06-19T15:01:17.188+0200: 19,762: Total time for which application threads were stopped: 0,0000552 seconds, Stopping threads took: 0,0000194 seconds
2018-06-19T15:01:17.191+0200: 19,765: Total time for which application threads were stopped: 0,0000670 seconds, Stopping threads took: 0,0000180 seconds
2018-06-19T15:01:17.199+0200: 19,773: Total time for which application threads were stopped: 0,0004684 seconds, Stopping threads took: 0,0000231 seconds
2018-06-19T15:01:17.201+0200: 19,775: Total time for which application threads were stopped: 0,0004823 seconds, Stopping threads took: 0,0000636 seconds
2018-06-19T15:01:17.413+0200: 19,987: Total time for which application threads were stopped: 0,0002389 seconds, Stopping threads took: 0,0000377 seconds
{Heap before GC invocations=10 (full 1):
 par new generation   total 109248K, used 109248K [0x00000000e0000000, 0x00000000e8000000, 0x00000000e8000000)
  eden space 87424K, 100% used [0x00000000e0000000, 0x00000000e5560000, 0x00000000e5560000)
  from space 21824K, 100% used [0x00000000e5560000, 0x00000000e6ab0000, 0x00000000e6ab0000)
  to   space 21824K,   0% used [0x00000000e6ab0000, 0x00000000e6ab0000, 0x00000000e8000000)
 concurrent mark-sweep generation total 393216K, used 8424K [0x00000000e8000000, 0x0000000100000000, 0x0000000100000000)
 Metaspace       used 30819K, capacity 31516K, committed 31740K, reserved 1077248K
  class space    used 3517K, capacity 3770K, committed 3836K, reserved 1048576K
2018-06-19T15:01:17.548+0200: 20,122: [GC (Allocation Failure) 2018-06-19T15:01:17.548+0200: 20,122: [ParNew
Desired survivor size 20112992 bytes, new threshold 5 (max 8)
- age   1:    3829296 bytes,    3829296 total
- age   2:    2690032 bytes,    6519328 total
- age   3:     127360 bytes,    6646688 total
- age   4:    9514280 bytes,   16160968 total
- age   5:    5804280 bytes,   21965248 total
- age   6:     169232 bytes,   22134480 total
- age   7:       2376 bytes,   22136856 total
- age   8:     181952 bytes,   22318808 total
: 109248K->21824K(109248K), 0,0236100 secs] 117672K->33022K(502464K), 0,0236999 secs] [Times: user=0,07 sys=0,01, real=0,03 secs] 
Heap after GC invocations=11 (full 1):
 par new generation   total 109248K, used 21824K [0x00000000e0000000, 0x00000000e8000000, 0x00000000e8000000)
  eden space 87424K,   0% used [0x00000000e0000000, 0x00000000e0000000, 0x00000000e5560000)
  from space 21824K, 100% used [0x00000000e6ab0000, 0x00000000e8000000, 0x00000000e8000000)
  to   space 21824K,   0% used [0x00000000e5560000, 0x00000000e5560000, 0x00000000e6ab0000)
 concurrent mark-sweep generation total 393216K, used 11198K [0x00000000e8000000, 0x0000000100000000, 0x0000000100000000)
 Metaspace       used 30819K, capacity 31516K, committed 31740K, reserved 1077248K
  class space    used 3517K, capacity 3770K, committed 3836K, reserved 1048576K
}
2018-06-19T15:01:17.572+0200: 20,146: Total time for which application threads were stopped: 0,0239546 seconds, Stopping threads took: 0,0000584 seconds
2018-06-19T15:01:17.688+0200: 20,263: Total time for which application threads were stopped: 0,0001983 seconds, Stopping threads took: 0,0000541 seconds
2018-06-19T15:01:17.691+0200: 20,265: Total time for which application threads were stopped: 0,0001183 seconds, Stopping threads took: 0,0000290 seconds
2018-06-19T15:01:17.719+0200: 20,293: Total time for which application threads were stopped: 0,0001617 seconds, Stopping threads took: 0,0000575 seconds
2018-06-19T15:01:17.751+0200: 20,325: Total time for which application threads were stopped: 0,0002068 seconds, Stopping threads took: 0,0000541 seconds
2018-06-19T15:01:17.824+0200: 20,398: Total time for which application threads were stopped: 0,0054404 seconds, Stopping threads took: 0,0051312 seconds
2018-06-19T15:01:17.824+0200: 20,398: Total time for which application threads were stopped: 0,0002486 seconds, Stopping threads took: 0,0000506 seconds
2018-06-19T15:01:17.824+0200: 20,398: Total time for which application threads were stopped: 0,0001055 seconds, Stopping threads took: 0,0000290 seconds
{Heap before GC invocations=11 (full 1):
 par new generation   total 109248K, used 109248K [0x00000000e0000000, 0x00000000e8000000, 0x00000000e8000000)
  eden space 87424K, 100% used [0x00000000e0000000, 0x00000000e5560000, 0x00000000e5560000)
  from space 21824K, 100% used [0x00000000e6ab0000, 0x00000000e8000000, 0x00000000e8000000)
  to   space 21824K,   0% used [0x00000000e5560000, 0x00000000e5560000, 0x00000000e6ab0000)
 concurrent mark-sweep generation total 393216K, used 11198K [0x00000000e8000000, 0x0000000100000000, 0x0000000100000000)
 Metaspace       used 30898K, capacity 31580K, committed 31740K, reserved 1077248K
  class space    used 3517K, capacity 3770K, committed 3836K, reserved 1048576K
2018-06-19T15:01:17.937+0200: 20,511: [GC (Allocation Failure) 2018-06-19T15:01:17.937+0200: 20,511: [ParNew
Desired survivor size 20112992 bytes, new threshold 8 (max 8)
- age   1:    1303576 bytes,    1303576 total
- age   2:    3321904 bytes,    4625480 total
- age   3:    2690032 bytes,    7315512 total
- age   4:     127360 bytes,    7442872 total
- age   5:    7285848 bytes,   14728720 total
: 109248K->21824K(109248K), 0,0420672 secs] 120446K->40084K(502464K), 0,0421899 secs] [Times: user=0,11 sys=0,01, real=0,04 secs] 
Heap after GC invocations=12 (full 1):
 par new generation   total 109248K, used 21824K [0x00000000e0000000, 0x00000000e8000000, 0x00000000e8000000)
  eden space 87424K,   0% used [0x00000000e0000000, 0x00000000e0000000, 0x00000000e5560000)
  from space 21824K, 100% used [0x00000000e5560000, 0x00000000e6ab0000, 0x00000000e6ab0000)
  to   space 21824K,   0% used [0x00000000e6ab0000, 0x00000000e6ab0000, 0x00000000e8000000)
 concurrent mark-sweep generation total 393216K, used 18260K [0x00000000e8000000, 0x0000000100000000, 0x0000000100000000)
 Metaspace       used 30898K, capacity 31580K, committed 31740K, reserved 1077248K
  class space    used 3517K, capacity 3770K, committed 3836K, reserved 1048576K
}
2018-06-19T15:01:17.979+0200: 20,553: Total time for which application threads were stopped: 0,0425490 seconds, Stopping threads took: 0,0000779 seconds
2018-06-19T15:01:18.289+0200: 20,863: Total time for which application threads were stopped: 0,0012610 seconds, Stopping threads took: 0,0010781 seconds
2018-06-19T15:01:18.299+0200: 20,873: Total time for which application threads were stopped: 0,0066830 seconds, Stopping threads took: 0,0065535 seconds
2018-06-19T15:01:18.316+0200: 20,890: Total time for which application threads were stopped: 0,0055603 seconds, Stopping threads took: 0,0054257 seconds
2018-06-19T15:01:18.318+0200: 20,892: Total time for which application threads were stopped: 0,0002477 seconds, Stopping threads took: 0,0000575 seconds
2018-06-19T15:01:18.441+0200: 21,015: Total time for which application threads were stopped: 0,0097179 seconds, Stopping threads took: 0,0095694 seconds
{Heap before GC invocations=12 (full 1):
 par new generation   total 109248K, used 109248K [0x00000000e0000000, 0x00000000e8000000, 0x00000000e8000000)
  eden space 87424K, 100% used [0x00000000e0000000, 0x00000000e5560000, 0x00000000e5560000)
  from space 21824K, 100% used [0x00000000e5560000, 0x00000000e6ab0000, 0x00000000e6ab0000)
  to   space 21824K,   0% used [0x00000000e6ab0000, 0x00000000e6ab0000, 0x00000000e8000000)
 concurrent mark-sweep generation total 393216K, used 18260K [0x00000000e8000000, 0x0000000100000000, 0x0000000100000000)
 Metaspace       used 30957K, capacity 31644K, committed 31996K, reserved 1077248K
  class space    used 3524K, capacity 3770K, committed 3836K, reserved 1048576K
2018-06-19T15:01:18.456+0200: 21,030: [GC (Allocation Failure) 2018-06-19T15:01:18.456+0200: 21,030: [ParNew
Desired survivor size 20112992 bytes, new threshold 8 (max 8)
- age   1:    1790616 bytes,    1790616 total
- age   2:     881392 bytes,    2672008 total
- age   3:    3218168 bytes,    5890176 total
- age   4:    2690032 bytes,    8580208 total
- age   5:     127360 bytes,    8707568 total
- age   6:    7285848 bytes,   15993416 total
: 109248K->20762K(109248K), 0,0344362 secs] 127508K->39023K(502464K), 0,0348666 secs] [Times: user=0,08 sys=0,00, real=0,03 secs] 
Heap after GC invocations=13 (full 1):
 par new generation   total 109248K, used 20762K [0x00000000e0000000, 0x00000000e8000000, 0x00000000e8000000)
  eden space 87424K,   0% used [0x00000000e0000000, 0x00000000e0000000, 0x00000000e5560000)
  from space 21824K,  95% used [0x00000000e6ab0000, 0x00000000e7ef6be0, 0x00000000e8000000)
  to   space 21824K,   0% used [0x00000000e5560000, 0x00000000e5560000, 0x00000000e6ab0000)
 concurrent mark-sweep generation total 393216K, used 18260K [0x00000000e8000000, 0x0000000100000000, 0x0000000100000000)
 Metaspace       used 30957K, capacity 31644K, committed 31996K, reserved 1077248K
  class space    used 3524K, capacity 3770K, committed 3836K, reserved 1048576K
}
2018-06-19T15:01:18.491+0200: 21,065: Total time for which application threads were stopped: 0,0420776 seconds, Stopping threads took: 0,0066174 seconds
2018-06-19T15:01:18.503+0200: 21,078: Total time for which application threads were stopped: 0,0002061 seconds, Stopping threads took: 0,0000816 seconds
2018-06-19T15:01:18.545+0200: 21,119: Total time for which application threads were stopped: 0,0125745 seconds, Stopping threads took: 0,0118173 seconds
2018-06-19T15:01:18.582+0200: 21,156: Total time for which application threads were stopped: 0,0002184 seconds, Stopping threads took: 0,0000849 seconds
2018-06-19T15:01:18.583+0200: 21,157: Total time for which application threads were stopped: 0,0001375 seconds, Stopping threads took: 0,0000451 seconds
{Heap before GC invocations=13 (full 1):
 par new generation   total 109248K, used 108186K [0x00000000e0000000, 0x00000000e8000000, 0x00000000e8000000)
  eden space 87424K, 100% used [0x00000000e0000000, 0x00000000e5560000, 0x00000000e5560000)
  from space 21824K,  95% used [0x00000000e6ab0000, 0x00000000e7ef6be0, 0x00000000e8000000)
  to   space 21824K,   0% used [0x00000000e5560000, 0x00000000e5560000, 0x00000000e6ab0000)
 concurrent mark-sweep generation total 393216K, used 18260K [0x00000000e8000000, 0x0000000100000000, 0x0000000100000000)
 Metaspace       used 31115K, capacity 31772K, committed 31996K, reserved 1077248K
  class space    used 3536K, capacity 3770K, committed 3836K, reserved 1048576K
2018-06-19T15:01:18.973+0200: 21,547: [GC (Allocation Failure) 2018-06-19T15:01:18.973+0200: 21,547: [ParNew
Desired survivor size 20112992 bytes, new threshold 8 (max 8)
- age   1:    1457056 bytes,    1457056 total
- age   2:     591904 bytes,    2048960 total
- age   3:     118136 bytes,    2167096 total
- age   4:    2681808 bytes,    4848904 total
- age   5:    2690032 bytes,    7538936 total
- age   6:     127360 bytes,    7666296 total
- age   7:    7285792 bytes,   14952088 total
: 108186K->18287K(109248K), 0,0499733 secs] 126447K->36548K(502464K), 0,0500676 secs] [Times: user=0,06 sys=0,01, real=0,05 secs] 
Heap after GC invocations=14 (full 1):
 par new generation   total 109248K, used 18287K [0x00000000e0000000, 0x00000000e8000000, 0x00000000e8000000)
  eden space 87424K,   0% used [0x00000000e0000000, 0x00000000e0000000, 0x00000000e5560000)
  from space 21824K,  83% used [0x00000000e5560000, 0x00000000e673bfe8, 0x00000000e6ab0000)
  to   space 21824K,   0% used [0x00000000e6ab0000, 0x00000000e6ab0000, 0x00000000e8000000)
 concurrent mark-sweep generation total 393216K, used 18260K [0x00000000e8000000, 0x0000000100000000, 0x0000000100000000)
 Metaspace       used 31115K, capacity 31772K, committed 31996K, reserved 1077248K
  class space    used 3536K, capacity 3770K, committed 3836K, reserved 1048576K
}
2018-06-19T15:01:19.023+0200: 21,597: Total time for which application threads were stopped: 0,0504204 seconds, Stopping threads took: 0,0000503 seconds
2018-06-19T15:01:19.252+0200: 21,826: Total time for which application threads were stopped: 0,0089184 seconds, Stopping threads took: 0,0087939 seconds
2018-06-19T15:01:19.256+0200: 21,830: Total time for which application threads were stopped: 0,0041792 seconds, Stopping threads took: 0,0039981 seconds
2018-06-19T15:01:19.258+0200: 21,832: Total time for which application threads were stopped: 0,0001391 seconds, Stopping threads took: 0,0000338 seconds
2018-06-19T15:01:19.259+0200: 21,833: Total time for which application threads were stopped: 0,0001455 seconds, Stopping threads took: 0,0000314 seconds
2018-06-19T15:01:19.284+0200: 21,858: Total time for which application threads were stopped: 0,0043183 seconds, Stopping threads took: 0,0042222 seconds
2018-06-19T15:01:19.292+0200: 21,866: Total time for which application threads were stopped: 0,0013131 seconds, Stopping threads took: 0,0011959 seconds
2018-06-19T15:01:19.315+0200: 21,889: Total time for which application threads were stopped: 0,0068250 seconds, Stopping threads took: 0,0066760 seconds
{Heap before GC invocations=14 (full 1):
 par new generation   total 109248K, used 105691K [0x00000000e0000000, 0x00000000e8000000, 0x00000000e8000000)
  eden space 87424K,  99% used [0x00000000e0000000, 0x00000000e555ac28, 0x00000000e5560000)
  from space 21824K,  83% used [0x00000000e5560000, 0x00000000e673bfe8, 0x00000000e6ab0000)
  to   space 21824K,   0% used [0x00000000e6ab0000, 0x00000000e6ab0000, 0x00000000e8000000)
 concurrent mark-sweep generation total 393216K, used 18260K [0x00000000e8000000, 0x0000000100000000, 0x0000000100000000)
 Metaspace       used 31125K, capacity 31772K, committed 31996K, reserved 1077248K
  class space    used 3536K, capacity 3770K, committed 3836K, reserved 1048576K
2018-06-19T15:01:19.321+0200: 21,895: [GC (Allocation Failure) 2018-06-19T15:01:19.321+0200: 21,895: [ParNew
Desired survivor size 20112992 bytes, new threshold 8 (max 8)
- age   1:    1675376 bytes,    1675376 total
- age   2:     989248 bytes,    2664624 total
- age   3:     505264 bytes,    3169888 total
- age   4:     118136 bytes,    3288024 total
- age   5:    2680824 bytes,    5968848 total
- age   6:    2690032 bytes,    8658880 total
- age   7:     127360 bytes,    8786240 total
- age   8:    7285792 bytes,   16072032 total
: 105691K->19127K(109248K), 0,0309783 secs] 123951K->37387K(502464K), 0,0310800 secs] [Times: user=0,06 sys=0,00, real=0,04 secs] 
Heap after GC invocations=15 (full 1):
 par new generation   total 109248K, used 19127K [0x00000000e0000000, 0x00000000e8000000, 0x00000000e8000000)
  eden space 87424K,   0% used [0x00000000e0000000, 0x00000000e0000000, 0x00000000e5560000)
  from space 21824K,  87% used [0x00000000e6ab0000, 0x00000000e7d5dd70, 0x00000000e8000000)
  to   space 21824K,   0% used [0x00000000e5560000, 0x00000000e5560000, 0x00000000e6ab0000)
 concurrent mark-sweep generation total 393216K, used 18260K [0x00000000e8000000, 0x0000000100000000, 0x0000000100000000)
 Metaspace       used 31125K, capacity 31772K, committed 31996K, reserved 1077248K
  class space    used 3536K, capacity 3770K, committed 3836K, reserved 1048576K
}
2018-06-19T15:01:19.352+0200: 21,926: Total time for which application threads were stopped: 0,0313191 seconds, Stopping threads took: 0,0000485 seconds
{Heap before GC invocations=15 (full 1):
 par new generation   total 109248K, used 106551K [0x00000000e0000000, 0x00000000e8000000, 0x00000000e8000000)
  eden space 87424K, 100% used [0x00000000e0000000, 0x00000000e5560000, 0x00000000e5560000)
  from space 21824K,  87% used [0x00000000e6ab0000, 0x00000000e7d5dd70, 0x00000000e8000000)
  to   space 21824K,   0% used [0x00000000e5560000, 0x00000000e5560000, 0x00000000e6ab0000)
 concurrent mark-sweep generation total 393216K, used 18260K [0x00000000e8000000, 0x0000000100000000, 0x0000000100000000)
 Metaspace       used 31167K, capacity 31842K, committed 31996K, reserved 1077248K
  class space    used 3537K, capacity 3771K, committed 3836K, reserved 1048576K
2018-06-19T15:01:19.561+0200: 22,135: [GC (Allocation Failure) 2018-06-19T15:01:19.561+0200: 22,135: [ParNew
Desired survivor size 20112992 bytes, new threshold 8 (max 8)
- age   1:    1353664 bytes,    1353664 total
- age   2:     503312 bytes,    1856976 total
- age   3:     378632 bytes,    2235608 total
- age   4:     139696 bytes,    2375304 total
- age   5:     118136 bytes,    2493440 total
- age   6:    2680376 bytes,    5173816 total
- age   7:    2690032 bytes,    7863848 total
- age   8:     127360 bytes,    7991208 total
: 106551K->17520K(109248K), 0,0310299 secs] 124811K->42914K(502464K), 0,0311343 secs] [Times: user=0,08 sys=0,00, real=0,04 secs] 
Heap after GC invocations=16 (full 1):
 par new generation   total 109248K, used 17520K [0x00000000e0000000, 0x00000000e8000000, 0x00000000e8000000)
  eden space 87424K,   0% used [0x00000000e0000000, 0x00000000e0000000, 0x00000000e5560000)
  from space 21824K,  80% used [0x00000000e5560000, 0x00000000e667c360, 0x00000000e6ab0000)
  to   space 21824K,   0% used [0x00000000e6ab0000, 0x00000000e6ab0000, 0x00000000e8000000)
 concurrent mark-sweep generation total 393216K, used 25393K [0x00000000e8000000, 0x0000000100000000, 0x0000000100000000)
 Metaspace       used 31167K, capacity 31842K, committed 31996K, reserved 1077248K
  class space    used 3537K, capacity 3771K, committed 3836K, reserved 1048576K
}
2018-06-19T15:01:19.592+0200: 22,166: Total time for which application threads were stopped: 0,0314205 seconds, Stopping threads took: 0,0000337 seconds
{Heap before GC invocations=16 (full 1):
 par new generation   total 109248K, used 104926K [0x00000000e0000000, 0x00000000e8000000, 0x00000000e8000000)
  eden space 87424K,  99% used [0x00000000e0000000, 0x00000000e555b6d8, 0x00000000e5560000)
  from space 21824K,  80% used [0x00000000e5560000, 0x00000000e667c360, 0x00000000e6ab0000)
  to   space 21824K,   0% used [0x00000000e6ab0000, 0x00000000e6ab0000, 0x00000000e8000000)
 concurrent mark-sweep generation total 393216K, used 25393K [0x00000000e8000000, 0x0000000100000000, 0x0000000100000000)
 Metaspace       used 31168K, capacity 31842K, committed 31996K, reserved 1077248K
  class space    used 3537K, capacity 3771K, committed 3836K, reserved 1048576K
2018-06-19T15:01:19.765+0200: 22,339: [GC (Allocation Failure) 2018-06-19T15:01:19.765+0200: 22,339: [ParNew
Desired survivor size 20112992 bytes, new threshold 8 (max 8)
- age   1:    1450312 bytes,    1450312 total
- age   2:    1054144 bytes,    2504456 total
- age   3:     501912 bytes,    3006368 total
- age   4:     377816 bytes,    3384184 total
- age   5:     139696 bytes,    3523880 total
- age   6:     118136 bytes,    3642016 total
- age   7:    2679736 bytes,    6321752 total
- age   8:    2690032 bytes,    9011784 total
: 104926K->10958K(109248K), 0,0350363 secs] 130320K->36478K(502464K), 0,0351354 secs] [Times: user=0,08 sys=0,00, real=0,03 secs] 
Heap after GC invocations=17 (full 1):
 par new generation   total 109248K, used 10958K [0x00000000e0000000, 0x00000000e8000000, 0x00000000e8000000)
  eden space 87424K,   0% used [0x00000000e0000000, 0x00000000e0000000, 0x00000000e5560000)
  from space 21824K,  50% used [0x00000000e6ab0000, 0x00000000e7563970, 0x00000000e8000000)
  to   space 21824K,   0% used [0x00000000e5560000, 0x00000000e5560000, 0x00000000e6ab0000)
 concurrent mark-sweep generation total 393216K, used 25520K [0x00000000e8000000, 0x0000000100000000, 0x0000000100000000)
 Metaspace       used 31168K, capacity 31842K, committed 31996K, reserved 1077248K
  class space    used 3537K, capacity 3771K, committed 3836K, reserved 1048576K
}
2018-06-19T15:01:19.800+0200: 22,374: Total time for which application threads were stopped: 0,0354062 seconds, Stopping threads took: 0,0000407 seconds
{Heap before GC invocations=17 (full 1):
 par new generation   total 109248K, used 98364K [0x00000000e0000000, 0x00000000e8000000, 0x00000000e8000000)
  eden space 87424K,  99% used [0x00000000e0000000, 0x00000000e555b8b0, 0x00000000e5560000)
  from space 21824K,  50% used [0x00000000e6ab0000, 0x00000000e7563970, 0x00000000e8000000)
  to   space 21824K,   0% used [0x00000000e5560000, 0x00000000e5560000, 0x00000000e6ab0000)
 concurrent mark-sweep generation total 393216K, used 25520K [0x00000000e8000000, 0x0000000100000000, 0x0000000100000000)
 Metaspace       used 31175K, capacity 31842K, committed 31996K, reserved 1077248K
  class space    used 3537K, capacity 3771K, committed 3836K, reserved 1048576K
2018-06-19T15:01:19.927+0200: 22,501: [GC (Allocation Failure) 2018-06-19T15:01:19.927+0200: 22,501: [ParNew
Desired survivor size 20112992 bytes, new threshold 8 (max 8)
- age   1:    1458000 bytes,    1458000 total
- age   2:    1035472 bytes,    2493472 total
- age   3:    1021336 bytes,    3514808 total
- age   4:     501912 bytes,    4016720 total
- age   5:     377816 bytes,    4394536 total
- age   6:     139696 bytes,    4534232 total
- age   7:     118088 bytes,    4652320 total
- age   8:    2679400 bytes,    7331720 total
: 98364K->11508K(109248K), 0,0244087 secs] 123884K->39664K(502464K), 0,0245079 secs] [Times: user=0,08 sys=0,00, real=0,03 secs] 
Heap after GC invocations=18 (full 1):
 par new generation   total 109248K, used 11508K [0x00000000e0000000, 0x00000000e8000000, 0x00000000e8000000)
  eden space 87424K,   0% used [0x00000000e0000000, 0x00000000e0000000, 0x00000000e5560000)
  from space 21824K,  52% used [0x00000000e5560000, 0x00000000e609d1b0, 0x00000000e6ab0000)
  to   space 21824K,   0% used [0x00000000e6ab0000, 0x00000000e6ab0000, 0x00000000e8000000)
 concurrent mark-sweep generation total 393216K, used 28155K [0x00000000e8000000, 0x0000000100000000, 0x0000000100000000)
 Metaspace       used 31175K, capacity 31842K, committed 31996K, reserved 1077248K
  class space    used 3537K, capacity 3771K, committed 3836K, reserved 1048576K
}
2018-06-19T15:01:19.952+0200: 22,526: Total time for which application threads were stopped: 0,0247557 seconds, Stopping threads took: 0,0000513 seconds
{Heap before GC invocations=18 (full 1):
 par new generation   total 109248K, used 98932K [0x00000000e0000000, 0x00000000e8000000, 0x00000000e8000000)
  eden space 87424K, 100% used [0x00000000e0000000, 0x00000000e5560000, 0x00000000e5560000)
  from space 21824K,  52% used [0x00000000e5560000, 0x00000000e609d1b0, 0x00000000e6ab0000)
  to   space 21824K,   0% used [0x00000000e6ab0000, 0x00000000e6ab0000, 0x00000000e8000000)
 concurrent mark-sweep generation total 393216K, used 28155K [0x00000000e8000000, 0x0000000100000000, 0x0000000100000000)
 Metaspace       used 31192K, capacity 31842K, committed 31996K, reserved 1077248K
  class space    used 3537K, capacity 3771K, committed 3836K, reserved 1048576K
2018-06-19T15:01:20.112+0200: 22,686: [GC (Allocation Failure) 2018-06-19T15:01:20.112+0200: 22,687: [ParNew
Desired survivor size 20112992 bytes, new threshold 8 (max 8)
- age   1:    1775408 bytes,    1775408 total
- age   2:     980488 bytes,    2755896 total
- age   3:     872584 bytes,    3628480 total
- age   4:    1022560 bytes,    4651040 total
- age   5:     502264 bytes,    5153304 total
- age   6:     377816 bytes,    5531120 total
- age   7:     139648 bytes,    5670768 total
- age   8:     117752 bytes,    5788520 total
: 98932K->8343K(109248K), 0,0311558 secs] 127088K->39134K(502464K), 0,0312376 secs] [Times: user=0,06 sys=0,01, real=0,03 secs] 
Heap after GC invocations=19 (full 1):
 par new generation   total 109248K, used 8343K [0x00000000e0000000, 0x00000000e8000000, 0x00000000e8000000)
  eden space 87424K,   0% used [0x00000000e0000000, 0x00000000e0000000, 0x00000000e5560000)
  from space 21824K,  38% used [0x00000000e6ab0000, 0x00000000e72d5c48, 0x00000000e8000000)
  to   space 21824K,   0% used [0x00000000e5560000, 0x00000000e5560000, 0x00000000e6ab0000)
 concurrent mark-sweep generation total 393216K, used 30791K [0x00000000e8000000, 0x0000000100000000, 0x0000000100000000)
 Metaspace       used 31192K, capacity 31842K, committed 31996K, reserved 1077248K
  class space    used 3537K, capacity 3771K, committed 3836K, reserved 1048576K
}
2018-06-19T15:01:20.144+0200: 22,718: Total time for which application threads were stopped: 0,0315338 seconds, Stopping threads took: 0,0000657 seconds
2018-06-19T15:01:20.254+0200: 22,828: Total time for which application threads were stopped: 0,0001722 seconds, Stopping threads took: 0,0000538 seconds
{Heap before GC invocations=19 (full 1):
 par new generation   total 109248K, used 95762K [0x00000000e0000000, 0x00000000e8000000, 0x00000000e8000000)
  eden space 87424K,  99% used [0x00000000e0000000, 0x00000000e555eda8, 0x00000000e5560000)
  from space 21824K,  38% used [0x00000000e6ab0000, 0x00000000e72d5c48, 0x00000000e8000000)
  to   space 21824K,   0% used [0x00000000e5560000, 0x00000000e5560000, 0x00000000e6ab0000)
 concurrent mark-sweep generation total 393216K, used 30791K [0x00000000e8000000, 0x0000000100000000, 0x0000000100000000)
 Metaspace       used 31213K, capacity 31906K, committed 32252K, reserved 1077248K
  class space    used 3537K, capacity 3771K, committed 3836K, reserved 1048576K
2018-06-19T15:01:20.286+0200: 22,861: [GC (Allocation Failure) 2018-06-19T15:01:20.286+0200: 22,861: [ParNew
Desired survivor size 20112992 bytes, new threshold 8 (max 8)
- age   1:    1965528 bytes,    1965528 total
- age   2:    1181104 bytes,    3146632 total
- age   3:     979256 bytes,    4125888 total
- age   4:     871384 bytes,    4997272 total
- age   5:    1021032 bytes,    6018304 total
- age   6:     501760 bytes,    6520064 total
- age   7:     377784 bytes,    6897848 total
- age   8:     138944 bytes,    7036792 total
: 95762K->8370K(109248K), 0,0320274 secs] 126554K->39277K(502464K), 0,0321032 secs] [Times: user=0,09 sys=0,00, real=0,03 secs] 
Heap after GC invocations=20 (full 1):
 par new generation   total 109248K, used 8370K [0x00000000e0000000, 0x00000000e8000000, 0x00000000e8000000)
  eden space 87424K,   0% used [0x00000000e0000000, 0x00000000e0000000, 0x00000000e5560000)
  from space 21824K,  38% used [0x00000000e5560000, 0x00000000e5d8cb50, 0x00000000e6ab0000)
  to   space 21824K,   0% used [0x00000000e6ab0000, 0x00000000e6ab0000, 0x00000000e8000000)
 concurrent mark-sweep generation total 393216K, used 30906K [0x00000000e8000000, 0x0000000100000000, 0x0000000100000000)
 Metaspace       used 31213K, capacity 31906K, committed 32252K, reserved 1077248K
  class space    used 3537K, capacity 3771K, committed 3836K, reserved 1048576K
}
2018-06-19T15:01:20.319+0200: 22,893: Total time for which application threads were stopped: 0,0323426 seconds, Stopping threads took: 0,0000595 seconds
2018-06-19T15:01:20.325+0200: 22,899: Total time for which application threads were stopped: 0,0035966 seconds, Stopping threads took: 0,0027321 seconds
2018-06-19T15:01:20.330+0200: 22,904: Total time for which application threads were stopped: 0,0001593 seconds, Stopping threads took: 0,0000641 seconds
2018-06-19T15:01:20.331+0200: 22,905: Total time for which application threads were stopped: 0,0001094 seconds, Stopping threads took: 0,0000423 seconds
2018-06-19T15:01:20.366+0200: 22,940: Total time for which application threads were stopped: 0,0002628 seconds, Stopping threads took: 0,0000823 seconds
2018-06-19T15:01:20.373+0200: 22,947: Total time for which application threads were stopped: 0,0004017 seconds, Stopping threads took: 0,0001581 seconds
2018-06-19T15:01:20.391+0200: 22,965: Total time for which application threads were stopped: 0,0041715 seconds, Stopping threads took: 0,0040420 seconds
{Heap before GC invocations=20 (full 1):
 par new generation   total 109248K, used 95794K [0x00000000e0000000, 0x00000000e8000000, 0x00000000e8000000)
  eden space 87424K, 100% used [0x00000000e0000000, 0x00000000e5560000, 0x00000000e5560000)
  from space 21824K,  38% used [0x00000000e5560000, 0x00000000e5d8cb50, 0x00000000e6ab0000)
  to   space 21824K,   0% used [0x00000000e6ab0000, 0x00000000e6ab0000, 0x00000000e8000000)
 concurrent mark-sweep generation total 393216K, used 30906K [0x00000000e8000000, 0x0000000100000000, 0x0000000100000000)
 Metaspace       used 31230K, capacity 31970K, committed 32252K, reserved 1077248K
  class space    used 3537K, capacity 3771K, committed 3836K, reserved 1048576K
2018-06-19T15:01:20.596+0200: 23,170: [GC (Allocation Failure) 2018-06-19T15:01:20.596+0200: 23,170: [ParNew
Desired survivor size 20112992 bytes, new threshold 8 (max 8)
- age   1:    1455104 bytes,    1455104 total
- age   2:    1709664 bytes,    3164768 total
- age   3:    1124632 bytes,    4289400 total
- age   4:     922952 bytes,    5212352 total
- age   5:     815128 bytes,    6027480 total
- age   6:     956472 bytes,    6983952 total
- age   7:     428712 bytes,    7412664 total
- age   8:     377736 bytes,    7790400 total
: 95794K->11829K(109248K), 0,0260452 secs] 126701K->42872K(502464K), 0,0261616 secs] [Times: user=0,07 sys=0,00, real=0,02 secs] 
Heap after GC invocations=21 (full 1):
 par new generation   total 109248K, used 11829K [0x00000000e0000000, 0x00000000e8000000, 0x00000000e8000000)
  eden space 87424K,   0% used [0x00000000e0000000, 0x00000000e0000000, 0x00000000e5560000)
  from space 21824K,  54% used [0x00000000e6ab0000, 0x00000000e763d740, 0x00000000e8000000)
  to   space 21824K,   0% used [0x00000000e5560000, 0x00000000e5560000, 0x00000000e6ab0000)
 concurrent mark-sweep generation total 393216K, used 31042K [0x00000000e8000000, 0x0000000100000000, 0x0000000100000000)
 Metaspace       used 31230K, capacity 31970K, committed 32252K, reserved 1077248K
  class space    used 3537K, capacity 3771K, committed 3836K, reserved 1048576K
}
2018-06-19T15:01:20.622+0200: 23,196: Total time for which application threads were stopped: 0,0264802 seconds, Stopping threads took: 0,0000743 seconds
{Heap before GC invocations=21 (full 1):
 par new generation   total 109248K, used 99253K [0x00000000e0000000, 0x00000000e8000000, 0x00000000e8000000)
  eden space 87424K, 100% used [0x00000000e0000000, 0x00000000e5560000, 0x00000000e5560000)
  from space 21824K,  54% used [0x00000000e6ab0000, 0x00000000e763d740, 0x00000000e8000000)
  to   space 21824K,   0% used [0x00000000e5560000, 0x00000000e5560000, 0x00000000e6ab0000)
 concurrent mark-sweep generation total 393216K, used 31042K [0x00000000e8000000, 0x0000000100000000, 0x0000000100000000)
 Metaspace       used 31246K, capacity 31970K, committed 32252K, reserved 1077248K
  class space    used 3537K, capacity 3771K, committed 3836K, reserved 1048576K
2018-06-19T15:01:20.780+0200: 23,354: [GC (Allocation Failure) 2018-06-19T15:01:20.780+0200: 23,354: [ParNew
Desired survivor size 20112992 bytes, new threshold 8 (max 8)
- age   1:    1777024 bytes,    1777024 total
- age   2:     864632 bytes,    2641656 total
- age   3:     454072 bytes,    3095728 total
- age   4:      83000 bytes,    3178728 total
- age   5:      78672 bytes,    3257400 total
- age   6:     100720 bytes,    3358120 total
- age   7:     334232 bytes,    3692352 total
- age   8:     115576 bytes,    3807928 total
: 99253K->5070K(109248K), 0,0284857 secs] 130296K->36482K(502464K), 0,0286033 secs] [Times: user=0,08 sys=0,00, real=0,03 secs] 
Heap after GC invocations=22 (full 1):
 par new generation   total 109248K, used 5070K [0x00000000e0000000, 0x00000000e8000000, 0x00000000e8000000)
  eden space 87424K,   0% used [0x00000000e0000000, 0x00000000e0000000, 0x00000000e5560000)
  from space 21824K,  23% used [0x00000000e5560000, 0x00000000e5a53bf0, 0x00000000e6ab0000)
  to   space 21824K,   0% used [0x00000000e6ab0000, 0x00000000e6ab0000, 0x00000000e8000000)
 concurrent mark-sweep generation total 393216K, used 31411K [0x00000000e8000000, 0x0000000100000000, 0x0000000100000000)
 Metaspace       used 31246K, capacity 31970K, committed 32252K, reserved 1077248K
  class space    used 3537K, capacity 3771K, committed 3836K, reserved 1048576K
}
2018-06-19T15:01:20.808+0200: 23,383: Total time for which application threads were stopped: 0,0289029 seconds, Stopping threads took: 0,0000377 seconds
{Heap before GC invocations=22 (full 1):
 par new generation   total 109248K, used 92494K [0x00000000e0000000, 0x00000000e8000000, 0x00000000e8000000)
  eden space 87424K, 100% used [0x00000000e0000000, 0x00000000e5560000, 0x00000000e5560000)
  from space 21824K,  23% used [0x00000000e5560000, 0x00000000e5a53bf0, 0x00000000e6ab0000)
  to   space 21824K,   0% used [0x00000000e6ab0000, 0x00000000e6ab0000, 0x00000000e8000000)
 concurrent mark-sweep generation total 393216K, used 31411K [0x00000000e8000000, 0x0000000100000000, 0x0000000100000000)
 Metaspace       used 31254K, capacity 31976K, committed 32252K, reserved 1077248K
  class space    used 3538K, capacity 3772K, committed 3836K, reserved 1048576K
2018-06-19T15:01:20.991+0200: 23,565: [GC (Allocation Failure) 2018-06-19T15:01:20.991+0200: 23,565: [ParNew
Desired survivor size 20112992 bytes, new threshold 8 (max 8)
- age   1:    1443512 bytes,    1443512 total
- age   2:    1382624 bytes,    2826136 total
- age   3:     864608 bytes,    3690744 total
- age   4:     454072 bytes,    4144816 total
- age   5:      83000 bytes,    4227816 total
- age   6:      78672 bytes,    4306488 total
- age   7:     100672 bytes,    4407160 total
- age   8:     333048 bytes,    4740208 total
: 92494K->5599K(109248K), 0,0347644 secs] 123906K->37122K(502464K), 0,0350607 secs] [Times: user=0,10 sys=0,00, real=0,03 secs] 
Heap after GC invocations=23 (full 1):
 par new generation   total 109248K, used 5599K [0x00000000e0000000, 0x00000000e8000000, 0x00000000e8000000)
  eden space 87424K,   0% used [0x00000000e0000000, 0x00000000e0000000, 0x00000000e5560000)
  from space 21824K,  25% used [0x00000000e6ab0000, 0x00000000e7027c90, 0x00000000e8000000)
  to   space 21824K,   0% used [0x00000000e5560000, 0x00000000e5560000, 0x00000000e6ab0000)
 concurrent mark-sweep generation total 393216K, used 31523K [0x00000000e8000000, 0x0000000100000000, 0x0000000100000000)
 Metaspace       used 31254K, capacity 31976K, committed 32252K, reserved 1077248K
  class space    used 3538K, capacity 3772K, committed 3836K, reserved 1048576K
}
2018-06-19T15:01:21.026+0200: 23,600: Total time for which application threads were stopped: 0,0354396 seconds, Stopping threads took: 0,0000605 seconds
{Heap before GC invocations=23 (full 1):
 par new generation   total 109248K, used 93023K [0x00000000e0000000, 0x00000000e8000000, 0x00000000e8000000)
  eden space 87424K, 100% used [0x00000000e0000000, 0x00000000e5560000, 0x00000000e5560000)
  from space 21824K,  25% used [0x00000000e6ab0000, 0x00000000e7027c90, 0x00000000e8000000)
  to   space 21824K,   0% used [0x00000000e5560000, 0x00000000e5560000, 0x00000000e6ab0000)
 concurrent mark-sweep generation total 393216K, used 31523K [0x00000000e8000000, 0x0000000100000000, 0x0000000100000000)
 Metaspace       used 31280K, capacity 31976K, committed 32252K, reserved 1077248K
  class space    used 3538K, capacity 3772K, committed 3836K, reserved 1048576K
2018-06-19T15:01:21.184+0200: 23,758: [GC (Allocation Failure) 2018-06-19T15:01:21.184+0200: 23,758: [ParNew
Desired survivor size 20112992 bytes, new threshold 8 (max 8)
- age   1:    1763664 bytes,    1763664 total
- age   2:     985200 bytes,    2748864 total
- age   3:    1218872 bytes,    3967736 total
- age   4:     864800 bytes,    4832536 total
- age   5:     454144 bytes,    5286680 total
- age   6:      82944 bytes,    5369624 total
- age   7:      78624 bytes,    5448248 total
- age   8:     100440 bytes,    5548688 total
: 93023K->8063K(109248K), 0,0196024 secs] 124546K->39913K(502464K), 0,0196835 secs] [Times: user=0,07 sys=0,00, real=0,02 secs] 
Heap after GC invocations=24 (full 1):
 par new generation   total 109248K, used 8063K [0x00000000e0000000, 0x00000000e8000000, 0x00000000e8000000)
  eden space 87424K,   0% used [0x00000000e0000000, 0x00000000e0000000, 0x00000000e5560000)
  from space 21824K,  36% used [0x00000000e5560000, 0x00000000e5d3fe40, 0x00000000e6ab0000)
  to   space 21824K,   0% used [0x00000000e6ab0000, 0x00000000e6ab0000, 0x00000000e8000000)
 concurrent mark-sweep generation total 393216K, used 31849K [0x00000000e8000000, 0x0000000100000000, 0x0000000100000000)
 Metaspace       used 31280K, capacity 31976K, committed 32252K, reserved 1077248K
  class space    used 3538K, capacity 3772K, committed 3836K, reserved 1048576K
}
2018-06-19T15:01:21.203+0200: 23,777: Total time for which application threads were stopped: 0,0198959 seconds, Stopping threads took: 0,0000315 seconds
2018-06-19T15:01:21.259+0200: 23,833: Total time for which application threads were stopped: 0,0003407 seconds, Stopping threads took: 0,0001752 seconds
2018-06-19T15:01:21.286+0200: 23,860: Total time for which application threads were stopped: 0,0001832 seconds, Stopping threads took: 0,0000571 seconds
2018-06-19T15:01:21.287+0200: 23,861: Total time for which application threads were stopped: 0,0012052 seconds, Stopping threads took: 0,0010850 seconds
2018-06-19T15:01:21.297+0200: 23,871: Total time for which application threads were stopped: 0,0001268 seconds, Stopping threads took: 0,0000282 seconds
2018-06-19T15:01:21.304+0200: 23,878: Total time for which application threads were stopped: 0,0001570 seconds, Stopping threads took: 0,0000549 seconds
2018-06-19T15:01:21.322+0200: 23,896: Total time for which application threads were stopped: 0,0006278 seconds, Stopping threads took: 0,0005214 seconds
2018-06-19T15:01:21.329+0200: 23,903: Total time for which application threads were stopped: 0,0001906 seconds, Stopping threads took: 0,0000750 seconds
2018-06-19T15:01:21.334+0200: 23,909: Total time for which application threads were stopped: 0,0001627 seconds, Stopping threads took: 0,0000700 seconds
{Heap before GC invocations=24 (full 1):
 par new generation   total 109248K, used 95487K [0x00000000e0000000, 0x00000000e8000000, 0x00000000e8000000)
  eden space 87424K, 100% used [0x00000000e0000000, 0x00000000e5560000, 0x00000000e5560000)
  from space 21824K,  36% used [0x00000000e5560000, 0x00000000e5d3fe40, 0x00000000e6ab0000)
  to   space 21824K,   0% used [0x00000000e6ab0000, 0x00000000e6ab0000, 0x00000000e8000000)
 concurrent mark-sweep generation total 393216K, used 31849K [0x00000000e8000000, 0x0000000100000000, 0x0000000100000000)
 Metaspace       used 31290K, capacity 31976K, committed 32252K, reserved 1077248K
  class space    used 3538K, capacity 3772K, committed 3836K, reserved 1048576K
2018-06-19T15:01:21.367+0200: 23,941: [GC (Allocation Failure) 2018-06-19T15:01:21.367+0200: 23,941: [ParNew
Desired survivor size 20112992 bytes, new threshold 8 (max 8)
- age   1:    2127392 bytes,    2127392 total
- age   2:    1126656 bytes,    3254048 total
- age   3:     928464 bytes,    4182512 total
- age   4:    1166968 bytes,    5349480 total
- age   5:     820176 bytes,    6169656 total
- age   6:     371448 bytes,    6541104 total
- age   7:      82896 bytes,    6624000 total
- age   8:      78392 bytes,    6702392 total
: 95487K->8358K(109248K), 0,0161776 secs] 127337K->40305K(502464K), 0,0162893 secs] [Times: user=0,04 sys=0,00, real=0,02 secs] 
Heap after GC invocations=25 (full 1):
 par new generation   total 109248K, used 8358K [0x00000000e0000000, 0x00000000e8000000, 0x00000000e8000000)
  eden space 87424K,   0% used [0x00000000e0000000, 0x00000000e0000000, 0x00000000e5560000)
  from space 21824K,  38% used [0x00000000e6ab0000, 0x00000000e72d98c8, 0x00000000e8000000)
  to   space 21824K,   0% used [0x00000000e5560000, 0x00000000e5560000, 0x00000000e6ab0000)
 concurrent mark-sweep generation total 393216K, used 31947K [0x00000000e8000000, 0x0000000100000000, 0x0000000100000000)
 Metaspace       used 31290K, capacity 31976K, committed 32252K, reserved 1077248K
  class space    used 3538K, capacity 3772K, committed 3836K, reserved 1048576K
}
2018-06-19T15:01:21.383+0200: 23,957: Total time for which application threads were stopped: 0,0165956 seconds, Stopping threads took: 0,0000881 seconds
{Heap before GC invocations=25 (full 1):
 par new generation   total 109248K, used 95782K [0x00000000e0000000, 0x00000000e8000000, 0x00000000e8000000)
  eden space 87424K, 100% used [0x00000000e0000000, 0x00000000e5560000, 0x00000000e5560000)
  from space 21824K,  38% used [0x00000000e6ab0000, 0x00000000e72d98c8, 0x00000000e8000000)
  to   space 21824K,   0% used [0x00000000e5560000, 0x00000000e5560000, 0x00000000e6ab0000)
 concurrent mark-sweep generation total 393216K, used 31947K [0x00000000e8000000, 0x0000000100000000, 0x0000000100000000)
 Metaspace       used 31297K, capacity 31976K, committed 32252K, reserved 1077248K
  class space    used 3538K, capacity 3772K, committed 3836K, reserved 1048576K
2018-06-19T15:01:21.506+0200: 24,080: [GC (Allocation Failure) 2018-06-19T15:01:21.506+0200: 24,080: [ParNew
Desired survivor size 20112992 bytes, new threshold 8 (max 8)
- age   1:    1451016 bytes,    1451016 total
- age   2:    1856248 bytes,    3307264 total
- age   3:    1126632 bytes,    4433896 total
- age   4:     928464 bytes,    5362360 total
- age   5:    1166968 bytes,    6529328 total
- age   6:     820176 bytes,    7349504 total
- age   7:     371400 bytes,    7720904 total
- age   8:      82664 bytes,    7803568 total
: 95782K->8503K(109248K), 0,0135460 secs] 127729K->40527K(502464K), 0,0136490 secs] [Times: user=0,05 sys=0,00, real=0,01 secs] 
Heap after GC invocations=26 (full 1):
 par new generation   total 109248K, used 8503K [0x00000000e0000000, 0x00000000e8000000, 0x00000000e8000000)
  eden space 87424K,   0% used [0x00000000e0000000, 0x00000000e0000000, 0x00000000e5560000)
  from space 21824K,  38% used [0x00000000e5560000, 0x00000000e5dadd10, 0x00000000e6ab0000)
  to   space 21824K,   0% used [0x00000000e6ab0000, 0x00000000e6ab0000, 0x00000000e8000000)
 concurrent mark-sweep generation total 393216K, used 32024K [0x00000000e8000000, 0x0000000100000000, 0x0000000100000000)
 Metaspace       used 31297K, capacity 31976K, committed 32252K, reserved 1077248K
  class space    used 3538K, capacity 3772K, committed 3836K, reserved 1048576K
}
2018-06-19T15:01:21.520+0200: 24,094: Total time for which application threads were stopped: 0,0139639 seconds, Stopping threads took: 0,0000803 seconds
{Heap before GC invocations=26 (full 1):
 par new generation   total 109248K, used 95927K [0x00000000e0000000, 0x00000000e8000000, 0x00000000e8000000)
  eden space 87424K, 100% used [0x00000000e0000000, 0x00000000e5560000, 0x00000000e5560000)
  from space 21824K,  38% used [0x00000000e5560000, 0x00000000e5dadd10, 0x00000000e6ab0000)
  to   space 21824K,   0% used [0x00000000e6ab0000, 0x00000000e6ab0000, 0x00000000e8000000)
 concurrent mark-sweep generation total 393216K, used 32024K [0x00000000e8000000, 0x0000000100000000, 0x0000000100000000)
 Metaspace       used 31301K, capacity 32040K, committed 32252K, reserved 1077248K
  class space    used 3538K, capacity 3772K, committed 3836K, reserved 1048576K
2018-06-19T15:01:21.616+0200: 24,191: [GC (Allocation Failure) 2018-06-19T15:01:21.616+0200: 24,191: [ParNew
Desired survivor size 20112992 bytes, new threshold 8 (max 8)
- age   1:    1491000 bytes,    1491000 total
- age   2:    1077792 bytes,    2568792 total
- age   3:     708784 bytes,    3277576 total
- age   4:      84856 bytes,    3362432 total
- age   5:      82688 bytes,    3445120 total
- age   6:     445008 bytes,    3890128 total
- age   7:     268208 bytes,    4158336 total
- age   8:      85304 bytes,    4243640 total
: 95927K->7132K(109248K), 0,0150216 secs] 127951K->39237K(502464K), 0,0152122 secs] [Times: user=0,04 sys=0,00, real=0,02 secs] 
Heap after GC invocations=27 (full 1):
 par new generation   total 109248K, used 7132K [0x00000000e0000000, 0x00000000e8000000, 0x00000000e8000000)
  eden space 87424K,   0% used [0x00000000e0000000, 0x00000000e0000000, 0x00000000e5560000)
  from space 21824K,  32% used [0x00000000e6ab0000, 0x00000000e71a72e0, 0x00000000e8000000)
  to   space 21824K,   0% used [0x00000000e5560000, 0x00000000e5560000, 0x00000000e6ab0000)
 concurrent mark-sweep generation total 393216K, used 32104K [0x00000000e8000000, 0x0000000100000000, 0x0000000100000000)
 Metaspace       used 31301K, capacity 32040K, committed 32252K, reserved 1077248K
  class space    used 3538K, capacity 3772K, committed 3836K, reserved 1048576K
}
2018-06-19T15:01:21.632+0200: 24,206: Total time for which application threads were stopped: 0,0156209 seconds, Stopping threads took: 0,0000621 seconds
{Heap before GC invocations=27 (full 1):
 par new generation   total 109248K, used 94556K [0x00000000e0000000, 0x00000000e8000000, 0x00000000e8000000)
  eden space 87424K, 100% used [0x00000000e0000000, 0x00000000e5560000, 0x00000000e5560000)
  from space 21824K,  32% used [0x00000000e6ab0000, 0x00000000e71a72e0, 0x00000000e8000000)
  to   space 21824K,   0% used [0x00000000e5560000, 0x00000000e5560000, 0x00000000e6ab0000)
 concurrent mark-sweep generation total 393216K, used 32104K [0x00000000e8000000, 0x0000000100000000, 0x0000000100000000)
 Metaspace       used 31301K, capacity 32040K, committed 32252K, reserved 1077248K
  class space    used 3538K, capacity 3772K, committed 3836K, reserved 1048576K
2018-06-19T15:01:21.710+0200: 24,284: [GC (Allocation Failure) 2018-06-19T15:01:21.710+0200: 24,284: [ParNew
Desired survivor size 20112992 bytes, new threshold 8 (max 8)
- age   1:    1476856 bytes,    1476856 total
- age   2:    1129224 bytes,    2606080 total
- age   3:    1028520 bytes,    3634600 total
- age   4:     708736 bytes,    4343336 total
- age   5:      84856 bytes,    4428192 total
- age   6:      82688 bytes,    4510880 total
- age   7:     444144 bytes,    4955024 total
- age   8:     267976 bytes,    5223000 total
: 94556K->6337K(109248K), 0,0111939 secs] 126661K->38525K(502464K), 0,0112991 secs] [Times: user=0,04 sys=0,00, real=0,01 secs] 
Heap after GC invocations=28 (full 1):
 par new generation   total 109248K, used 6337K [0x00000000e0000000, 0x00000000e8000000, 0x00000000e8000000)
  eden space 87424K,   0% used [0x00000000e0000000, 0x00000000e0000000, 0x00000000e5560000)
  from space 21824K,  29% used [0x00000000e5560000, 0x00000000e5b90630, 0x00000000e6ab0000)
  to   space 21824K,   0% used [0x00000000e6ab0000, 0x00000000e6ab0000, 0x00000000e8000000)
 concurrent mark-sweep generation total 393216K, used 32188K [0x00000000e8000000, 0x0000000100000000, 0x0000000100000000)
 Metaspace       used 31301K, capacity 32040K, committed 32252K, reserved 1077248K
  class space    used 3538K, capacity 3772K, committed 3836K, reserved 1048576K
}
2018-06-19T15:01:21.721+0200: 24,295: Total time for which application threads were stopped: 0,0115302 seconds, Stopping threads took: 0,0000379 seconds
{Heap before GC invocations=28 (full 1):
 par new generation   total 109248K, used 93761K [0x00000000e0000000, 0x00000000e8000000, 0x00000000e8000000)
  eden space 87424K, 100% used [0x00000000e0000000, 0x00000000e5560000, 0x00000000e5560000)
  from space 21824K,  29% used [0x00000000e5560000, 0x00000000e5b90630, 0x00000000e6ab0000)
  to   space 21824K,   0% used [0x00000000e6ab0000, 0x00000000e6ab0000, 0x00000000e8000000)
 concurrent mark-sweep generation total 393216K, used 32188K [0x00000000e8000000, 0x0000000100000000, 0x0000000100000000)
 Metaspace       used 31304K, capacity 32040K, committed 32252K, reserved 1077248K
  class space    used 3538K, capacity 3772K, committed 3836K, reserved 1048576K
2018-06-19T15:01:21.843+0200: 24,417: [GC (Allocation Failure) 2018-06-19T15:01:21.843+0200: 24,417: [ParNew
Desired survivor size 20112992 bytes, new threshold 8 (max 8)
- age   1:    1701680 bytes,    1701680 total
- age   2:     952816 bytes,    2654496 total
- age   3:     963720 bytes,    3618216 total
- age   4:    1027248 bytes,    4645464 total
- age   5:     708112 bytes,    5353576 total
- age   6:      84856 bytes,    5438432 total
- age   7:      82608 bytes,    5521040 total
- age   8:     443912 bytes,    5964952 total
: 93761K->6784K(109248K), 0,0204623 secs] 125949K->39234K(502464K), 0,0205576 secs] [Times: user=0,05 sys=0,01, real=0,03 secs] 
Heap after GC invocations=29 (full 1):
 par new generation   total 109248K, used 6784K [0x00000000e0000000, 0x00000000e8000000, 0x00000000e8000000)
  eden space 87424K,   0% used [0x00000000e0000000, 0x00000000e0000000, 0x00000000e5560000)
  from space 21824K,  31% used [0x00000000e6ab0000, 0x00000000e7150350, 0x00000000e8000000)
  to   space 21824K,   0% used [0x00000000e5560000, 0x00000000e5560000, 0x00000000e6ab0000)
 concurrent mark-sweep generation total 393216K, used 32449K [0x00000000e8000000, 0x0000000100000000, 0x0000000100000000)
 Metaspace       used 31304K, capacity 32040K, committed 32252K, reserved 1077248K
  class space    used 3538K, capacity 3772K, committed 3836K, reserved 1048576K
}
2018-06-19T15:01:21.863+0200: 24,437: Total time for which application threads were stopped: 0,0208047 seconds, Stopping threads took: 0,0000565 seconds
{Heap before GC invocations=29 (full 1):
 par new generation   total 109248K, used 94208K [0x00000000e0000000, 0x00000000e8000000, 0x00000000e8000000)
  eden space 87424K, 100% used [0x00000000e0000000, 0x00000000e5560000, 0x00000000e5560000)
  from space 21824K,  31% used [0x00000000e6ab0000, 0x00000000e7150350, 0x00000000e8000000)
  to   space 21824K,   0% used [0x00000000e5560000, 0x00000000e5560000, 0x00000000e6ab0000)
 concurrent mark-sweep generation total 393216K, used 32449K [0x00000000e8000000, 0x0000000100000000, 0x0000000100000000)
 Metaspace       used 31311K, capacity 32040K, committed 32252K, reserved 1077248K
  class space    used 3538K, capacity 3772K, committed 3836K, reserved 1048576K
2018-06-19T15:01:21.981+0200: 24,555: [GC (Allocation Failure) 2018-06-19T15:01:21.981+0200: 24,555: [ParNew
Desired survivor size 20112992 bytes, new threshold 8 (max 8)
- age   1:    1737024 bytes,    1737024 total
- age   2:    1116320 bytes,    2853344 total
- age   3:     854312 bytes,    3707656 total
- age   4:     963720 bytes,    4671376 total
- age   5:    1027248 bytes,    5698624 total
- age   6:     740896 bytes,    6439520 total
- age   7:      84808 bytes,    6524328 total
- age   8:      82128 bytes,    6606456 total
: 94208K->9624K(109248K), 0,0139591 secs] 126658K->42508K(502464K), 0,0140599 secs] [Times: user=0,04 sys=0,00, real=0,02 secs] 
Heap after GC invocations=30 (full 1):
 par new generation   total 109248K, used 9624K [0x00000000e0000000, 0x00000000e8000000, 0x00000000e8000000)
  eden space 87424K,   0% used [0x00000000e0000000, 0x00000000e0000000, 0x00000000e5560000)
  from space 21824K,  44% used [0x00000000e5560000, 0x00000000e5ec61d0, 0x00000000e6ab0000)
  to   space 21824K,   0% used [0x00000000e6ab0000, 0x00000000e6ab0000, 0x00000000e8000000)
 concurrent mark-sweep generation total 393216K, used 32883K [0x00000000e8000000, 0x0000000100000000, 0x0000000100000000)
 Metaspace       used 31311K, capacity 32040K, committed 32252K, reserved 1077248K
  class space    used 3538K, capacity 3772K, committed 3836K, reserved 1048576K
}
2018-06-19T15:01:21.995+0200: 24,569: Total time for which application threads were stopped: 0,0142846 seconds, Stopping threads took: 0,0000285 seconds
2018-06-19T15:01:22.139+0200: 24,713: Total time for which application threads were stopped: 0,0001800 seconds, Stopping threads took: 0,0000373 seconds
2018-06-19T15:01:22.139+0200: 24,713: Total time for which application threads were stopped: 0,0000697 seconds, Stopping threads took: 0,0000237 seconds
2018-06-19T15:01:22.144+0200: 24,718: Total time for which application threads were stopped: 0,0001437 seconds, Stopping threads took: 0,0000450 seconds
2018-06-19T15:01:22.144+0200: 24,718: Total time for which application threads were stopped: 0,0002330 seconds, Stopping threads took: 0,0000306 seconds
2018-06-19T15:01:22.203+0200: 24,777: Total time for which application threads were stopped: 0,0003137 seconds, Stopping threads took: 0,0000507 seconds
{Heap before GC invocations=30 (full 1):
 par new generation   total 109248K, used 97048K [0x00000000e0000000, 0x00000000e8000000, 0x00000000e8000000)
  eden space 87424K, 100% used [0x00000000e0000000, 0x00000000e5560000, 0x00000000e5560000)
  from space 21824K,  44% used [0x00000000e5560000, 0x00000000e5ec61d0, 0x00000000e6ab0000)
  to   space 21824K,   0% used [0x00000000e6ab0000, 0x00000000e6ab0000, 0x00000000e8000000)
 concurrent mark-sweep generation total 393216K, used 32883K [0x00000000e8000000, 0x0000000100000000, 0x0000000100000000)
 Metaspace       used 31332K, capacity 32040K, committed 32252K, reserved 1077248K
  class space    used 3538K, capacity 3772K, committed 3836K, reserved 1048576K
2018-06-19T15:01:22.205+0200: 24,779: [GC (Allocation Failure) 2018-06-19T15:01:22.205+0200: 24,779: [ParNew
Desired survivor size 20112992 bytes, new threshold 8 (max 8)
- age   1:    1586896 bytes,    1586896 total
- age   2:    1163184 bytes,    2750080 total
- age   3:    1059608 bytes,    3809688 total
- age   4:     797384 bytes,    4607072 total
- age   5:     907368 bytes,    5514440 total
- age   6:     982288 bytes,    6496728 total
- age   7:     605384 bytes,    7102112 total
- age   8:      84520 bytes,    7186632 total
: 97048K->8510K(109248K), 0,0166461 secs] 129932K->41474K(502464K), 0,0167659 secs] [Times: user=0,06 sys=0,00, real=0,01 secs] 
Heap after GC invocations=31 (full 1):
 par new generation   total 109248K, used 8510K [0x00000000e0000000, 0x00000000e8000000, 0x00000000e8000000)
  eden space 87424K,   0% used [0x00000000e0000000, 0x00000000e0000000, 0x00000000e5560000)
  from space 21824K,  38% used [0x00000000e6ab0000, 0x00000000e72ff888, 0x00000000e8000000)
  to   space 21824K,   0% used [0x00000000e5560000, 0x00000000e5560000, 0x00000000e6ab0000)
 concurrent mark-sweep generation total 393216K, used 32963K [0x00000000e8000000, 0x0000000100000000, 0x0000000100000000)
 Metaspace       used 31332K, capacity 32040K, committed 32252K, reserved 1077248K
  class space    used 3538K, capacity 3772K, committed 3836K, reserved 1048576K
}
2018-06-19T15:01:22.221+0200: 24,795: Total time for which application threads were stopped: 0,0171134 seconds, Stopping threads took: 0,0000830 seconds
2018-06-19T15:01:22.317+0200: 24,891: Total time for which application threads were stopped: 0,0001997 seconds, Stopping threads took: 0,0000778 seconds
2018-06-19T15:01:22.317+0200: 24,891: Total time for which application threads were stopped: 0,0000925 seconds, Stopping threads took: 0,0000427 seconds
2018-06-19T15:01:22.317+0200: 24,891: Total time for which application threads were stopped: 0,0000777 seconds, Stopping threads took: 0,0000370 seconds
2018-06-19T15:01:22.317+0200: 24,891: Total time for which application threads were stopped: 0,0000806 seconds, Stopping threads took: 0,0000342 seconds
2018-06-19T15:01:22.813+0200: 25,387: Total time for which application threads were stopped: 0,0002285 seconds, Stopping threads took: 0,0000992 seconds
2018-06-19T15:01:22.813+0200: 25,387: Total time for which application threads were stopped: 0,0000754 seconds, Stopping threads took: 0,0000379 seconds
2018-06-19T15:01:22.813+0200: 25,387: Total time for which application threads were stopped: 0,0000451 seconds, Stopping threads took: 0,0000118 seconds
2018-06-19T15:01:22.813+0200: 25,388: Total time for which application threads were stopped: 0,0000751 seconds, Stopping threads took: 0,0000411 seconds
2018-06-19T15:01:22.814+0200: 25,388: Total time for which application threads were stopped: 0,0000389 seconds, Stopping threads took: 0,0000129 seconds
2018-06-19T15:01:22.814+0200: 25,388: Total time for which application threads were stopped: 0,0000548 seconds, Stopping threads took: 0,0000280 seconds
2018-06-19T15:01:22.817+0200: 25,391: Total time for which application threads were stopped: 0,0000857 seconds, Stopping threads took: 0,0000234 seconds
2018-06-19T15:01:22.819+0200: 25,393: Total time for which application threads were stopped: 0,0002798 seconds, Stopping threads took: 0,0001940 seconds
2018-06-19T15:01:23.819+0200: 26,394: Total time for which application threads were stopped: 0,0000906 seconds, Stopping threads took: 0,0000175 seconds
2018-06-19T15:01:23.993+0200: 26,567: Total time for which application threads were stopped: 0,0005412 seconds, Stopping threads took: 0,0000162 seconds
2018-06-19T15:01:23.994+0200: 26,568: Total time for which application threads were stopped: 0,0005378 seconds, Stopping threads took: 0,0000177 seconds
2018-06-19T15:01:23.998+0200: 26,573: Total time for which application threads were stopped: 0,0001323 seconds, Stopping threads took: 0,0000526 seconds
2018-06-19T15:01:24.017+0200: 26,591: Total time for which application threads were stopped: 0,0028311 seconds, Stopping threads took: 0,0026924 seconds
2018-06-19T15:01:24.017+0200: 26,591: Total time for which application threads were stopped: 0,0000712 seconds, Stopping threads took: 0,0000150 seconds
2018-06-19T15:01:24.017+0200: 26,591: Total time for which application threads were stopped: 0,0000917 seconds, Stopping threads took: 0,0000318 seconds
2018-06-19T15:01:24.019+0200: 26,593: Total time for which application threads were stopped: 0,0001355 seconds, Stopping threads took: 0,0000708 seconds
2018-06-19T15:01:24.019+0200: 26,594: Total time for which application threads were stopped: 0,0000756 seconds, Stopping threads took: 0,0000244 seconds
2018-06-19T15:01:24.023+0200: 26,597: Total time for which application threads were stopped: 0,0001382 seconds, Stopping threads took: 0,0000440 seconds
2018-06-19T15:01:24.026+0200: 26,600: Total time for which application threads were stopped: 0,0024742 seconds, Stopping threads took: 0,0023783 seconds
2018-06-19T15:01:24.026+0200: 26,600: Total time for which application threads were stopped: 0,0001014 seconds, Stopping threads took: 0,0000435 seconds
2018-06-19T15:01:24.027+0200: 26,601: Total time for which application threads were stopped: 0,0005327 seconds, Stopping threads took: 0,0004625 seconds
2018-06-19T15:01:24.027+0200: 26,601: Total time for which application threads were stopped: 0,0000717 seconds, Stopping threads took: 0,0000185 seconds
2018-06-19T15:01:24.027+0200: 26,601: Total time for which application threads were stopped: 0,0000608 seconds, Stopping threads took: 0,0000239 seconds
2018-06-19T15:01:24.027+0200: 26,601: Total time for which application threads were stopped: 0,0000810 seconds, Stopping threads took: 0,0000500 seconds
2018-06-19T15:01:24.027+0200: 26,601: Total time for which application threads were stopped: 0,0000608 seconds, Stopping threads took: 0,0000133 seconds
2018-06-19T15:01:24.027+0200: 26,601: Total time for which application threads were stopped: 0,0000580 seconds, Stopping threads took: 0,0000105 seconds
2018-06-19T15:01:24.027+0200: 26,601: Total time for which application threads were stopped: 0,0000729 seconds, Stopping threads took: 0,0000440 seconds
2018-06-19T15:01:24.027+0200: 26,601: Total time for which application threads were stopped: 0,0001775 seconds, Stopping threads took: 0,0000362 seconds
2018-06-19T15:01:24.030+0200: 26,604: Total time for which application threads were stopped: 0,0005404 seconds, Stopping threads took: 0,0004526 seconds
2018-06-19T15:01:24.031+0200: 26,605: Total time for which application threads were stopped: 0,0001771 seconds, Stopping threads took: 0,0000808 seconds
2018-06-19T15:01:24.034+0200: 26,608: Total time for which application threads were stopped: 0,0001552 seconds, Stopping threads took: 0,0000541 seconds
2018-06-19T15:01:24.035+0200: 26,610: Total time for which application threads were stopped: 0,0003362 seconds, Stopping threads took: 0,0002254 seconds
2018-06-19T15:01:24.036+0200: 26,610: Total time for which application threads were stopped: 0,0001187 seconds, Stopping threads took: 0,0000513 seconds
Heap
 par new generation   total 109248K, used 54534K [0x00000000e0000000, 0x00000000e8000000, 0x00000000e8000000)
  eden space 87424K,  52% used [0x00000000e0000000, 0x00000000e2cf2030, 0x00000000e5560000)
  from space 21824K,  38% used [0x00000000e6ab0000, 0x00000000e72ff888, 0x00000000e8000000)
  to   space 21824K,   0% used [0x00000000e5560000, 0x00000000e5560000, 0x00000000e6ab0000)
 concurrent mark-sweep generation total 393216K, used 32963K [0x00000000e8000000, 0x0000000100000000, 0x0000000100000000)
 Metaspace       used 31459K, capacity 32180K, committed 32508K, reserved 1077248K
  class space    used 3548K, capacity 3774K, committed 3836K, reserved 1048576K
