OpenJDK 64-Bit Server VM (25.171-b11) for linux-amd64 JRE (1.8.0_171-8u171-b11-0ubuntu0.16.04.1-b11), built on Apr 27 2018 17:19:03 by "buildd" with gcc 5.4.0 20160609
Memory: 4k page, physical 7867600k(1014796k free), swap 8076284k(8076284k free)
CommandLine flags: -XX:CMSInitiatingOccupancyFraction=50 -XX:CMSMaxAbortablePrecleanTime=6000 -XX:+CMSParallelRemarkEnabled -XX:+CMSScavengeBeforeRemark -XX:ConcGCThreads=4 -XX:InitialHeapSize=536870912 -XX:MaxHeapSize=536870912 -XX:MaxTenuringThreshold=8 -XX:NewRatio=3 -XX:OldPLABSize=16 -XX:OnOutOfMemoryError=/home/gurnoor/workspace/QTM/solr/bin/oom_solr.sh 8983 /home/gurnoor/workspace/QTM/solr/server/logs -XX:ParallelGCThreads=4 -XX:+ParallelRefProcEnabled -XX:PretenureSizeThreshold=67108864 -XX:+PrintGC -XX:+PrintGCApplicationStoppedTime -XX:+PrintGCDateStamps -XX:+PrintGCDetails -XX:+PrintGCTimeStamps -XX:+PrintHeapAtGC -XX:+PrintTenuringDistribution -XX:SurvivorRatio=4 -XX:TargetSurvivorRatio=90 -XX:ThreadStackSize=256 -XX:+UseCMSInitiatingOccupancyOnly -XX:+UseCompressedClassPointers -XX:+UseCompressedOops -XX:+UseConcMarkSweepGC -XX:+UseParNewGC 
2018-06-19T11:47:56.689+0200: 0,123: Total time for which application threads were stopped: 0,0000758 seconds, Stopping threads took: 0,0000134 seconds
2018-06-19T11:47:56.757+0200: 0,191: Total time for which application threads were stopped: 0,0001017 seconds, Stopping threads took: 0,0000188 seconds
2018-06-19T11:47:56.767+0200: 0,200: Total time for which application threads were stopped: 0,0000813 seconds, Stopping threads took: 0,0000128 seconds
2018-06-19T11:47:56.890+0200: 0,324: Total time for which application threads were stopped: 0,0001748 seconds, Stopping threads took: 0,0000442 seconds
2018-06-19T11:47:57.052+0200: 0,486: Total time for which application threads were stopped: 0,0001396 seconds, Stopping threads took: 0,0000148 seconds
2018-06-19T11:47:57.107+0200: 0,540: Total time for which application threads were stopped: 0,0002136 seconds, Stopping threads took: 0,0000237 seconds
2018-06-19T11:47:57.127+0200: 0,561: Total time for which application threads were stopped: 0,0002050 seconds, Stopping threads took: 0,0000230 seconds
2018-06-19T11:47:57.324+0200: 0,757: Total time for which application threads were stopped: 0,0001846 seconds, Stopping threads took: 0,0000198 seconds
2018-06-19T11:47:57.468+0200: 0,902: Total time for which application threads were stopped: 0,0002447 seconds, Stopping threads took: 0,0000216 seconds
2018-06-19T11:47:57.489+0200: 0,922: Total time for which application threads were stopped: 0,0001833 seconds, Stopping threads took: 0,0000156 seconds
2018-06-19T11:47:57.513+0200: 0,947: Total time for which application threads were stopped: 0,0002582 seconds, Stopping threads took: 0,0000271 seconds
2018-06-19T11:47:57.515+0200: 0,948: Total time for which application threads were stopped: 0,0002347 seconds, Stopping threads took: 0,0000261 seconds
2018-06-19T11:47:57.527+0200: 0,961: Total time for which application threads were stopped: 0,0002076 seconds, Stopping threads took: 0,0000205 seconds
2018-06-19T11:47:57.595+0200: 1,028: Total time for which application threads were stopped: 0,0002678 seconds, Stopping threads took: 0,0000220 seconds
2018-06-19T11:47:57.752+0200: 1,186: Total time for which application threads were stopped: 0,0003482 seconds, Stopping threads took: 0,0000976 seconds
{Heap before GC invocations=0 (full 0):
 par new generation   total 109248K, used 87424K [0x00000000e0000000, 0x00000000e8000000, 0x00000000e8000000)
  eden space 87424K, 100% used [0x00000000e0000000, 0x00000000e5560000, 0x00000000e5560000)
  from space 21824K,   0% used [0x00000000e5560000, 0x00000000e5560000, 0x00000000e6ab0000)
  to   space 21824K,   0% used [0x00000000e6ab0000, 0x00000000e6ab0000, 0x00000000e8000000)
 concurrent mark-sweep generation total 393216K, used 0K [0x00000000e8000000, 0x0000000100000000, 0x0000000100000000)
 Metaspace       used 17899K, capacity 18248K, committed 18304K, reserved 1064960K
  class space    used 2024K, capacity 2166K, committed 2176K, reserved 1048576K
2018-06-19T11:47:57.807+0200: 1,240: [GC (Allocation Failure) 2018-06-19T11:47:57.807+0200: 1,240: [ParNew
Desired survivor size 20112992 bytes, new threshold 8 (max 8)
- age   1:   11617136 bytes,   11617136 total
: 87424K->11452K(109248K), 0,0113630 secs] 87424K->11452K(502464K), 0,0114252 secs] [Times: user=0,03 sys=0,00, real=0,01 secs] 
Heap after GC invocations=1 (full 0):
 par new generation   total 109248K, used 11452K [0x00000000e0000000, 0x00000000e8000000, 0x00000000e8000000)
  eden space 87424K,   0% used [0x00000000e0000000, 0x00000000e0000000, 0x00000000e5560000)
  from space 21824K,  52% used [0x00000000e6ab0000, 0x00000000e75df150, 0x00000000e8000000)
  to   space 21824K,   0% used [0x00000000e5560000, 0x00000000e5560000, 0x00000000e6ab0000)
 concurrent mark-sweep generation total 393216K, used 0K [0x00000000e8000000, 0x0000000100000000, 0x0000000100000000)
 Metaspace       used 17899K, capacity 18248K, committed 18304K, reserved 1064960K
  class space    used 2024K, capacity 2166K, committed 2176K, reserved 1048576K
}
2018-06-19T11:47:57.818+0200: 1,252: Total time for which application threads were stopped: 0,0116970 seconds, Stopping threads took: 0,0000646 seconds
2018-06-19T11:47:58.094+0200: 1,527: Total time for which application threads were stopped: 0,0004887 seconds, Stopping threads took: 0,0000343 seconds
{Heap before GC invocations=1 (full 0):
 par new generation   total 109248K, used 98876K [0x00000000e0000000, 0x00000000e8000000, 0x00000000e8000000)
  eden space 87424K, 100% used [0x00000000e0000000, 0x00000000e5560000, 0x00000000e5560000)
  from space 21824K,  52% used [0x00000000e6ab0000, 0x00000000e75df150, 0x00000000e8000000)
  to   space 21824K,   0% used [0x00000000e5560000, 0x00000000e5560000, 0x00000000e6ab0000)
 concurrent mark-sweep generation total 393216K, used 0K [0x00000000e8000000, 0x0000000100000000, 0x0000000100000000)
 Metaspace       used 20116K, capacity 20502K, committed 20736K, reserved 1067008K
  class space    used 2298K, capacity 2473K, committed 2560K, reserved 1048576K
2018-06-19T11:47:58.167+0200: 1,601: [GC (Allocation Failure) 2018-06-19T11:47:58.167+0200: 1,601: [ParNew
Desired survivor size 20112992 bytes, new threshold 8 (max 8)
- age   1:    3298760 bytes,    3298760 total
- age   2:    6139920 bytes,    9438680 total
: 98876K->12761K(109248K), 0,0180105 secs] 98876K->12761K(502464K), 0,0180797 secs] [Times: user=0,06 sys=0,00, real=0,02 secs] 
Heap after GC invocations=2 (full 0):
 par new generation   total 109248K, used 12761K [0x00000000e0000000, 0x00000000e8000000, 0x00000000e8000000)
  eden space 87424K,   0% used [0x00000000e0000000, 0x00000000e0000000, 0x00000000e5560000)
  from space 21824K,  58% used [0x00000000e5560000, 0x00000000e61d65f8, 0x00000000e6ab0000)
  to   space 21824K,   0% used [0x00000000e6ab0000, 0x00000000e6ab0000, 0x00000000e8000000)
 concurrent mark-sweep generation total 393216K, used 0K [0x00000000e8000000, 0x0000000100000000, 0x0000000100000000)
 Metaspace       used 20116K, capacity 20502K, committed 20736K, reserved 1067008K
  class space    used 2298K, capacity 2473K, committed 2560K, reserved 1048576K
}
2018-06-19T11:47:58.185+0200: 1,619: Total time for which application threads were stopped: 0,0184299 seconds, Stopping threads took: 0,0001262 seconds
2018-06-19T11:47:58.197+0200: 1,631: Total time for which application threads were stopped: 0,0041430 seconds, Stopping threads took: 0,0028760 seconds
2018-06-19T11:47:58.227+0200: 1,661: Total time for which application threads were stopped: 0,0004037 seconds, Stopping threads took: 0,0000923 seconds
2018-06-19T11:47:58.342+0200: 1,775: Total time for which application threads were stopped: 0,0002086 seconds, Stopping threads took: 0,0000639 seconds
{Heap before GC invocations=2 (full 0):
 par new generation   total 109248K, used 100185K [0x00000000e0000000, 0x00000000e8000000, 0x00000000e8000000)
  eden space 87424K, 100% used [0x00000000e0000000, 0x00000000e5560000, 0x00000000e5560000)
  from space 21824K,  58% used [0x00000000e5560000, 0x00000000e61d65f8, 0x00000000e6ab0000)
  to   space 21824K,   0% used [0x00000000e6ab0000, 0x00000000e6ab0000, 0x00000000e8000000)
 concurrent mark-sweep generation total 393216K, used 0K [0x00000000e8000000, 0x0000000100000000, 0x0000000100000000)
 Metaspace       used 21026K, capacity 21360K, committed 21628K, reserved 1069056K
  class space    used 2423K, capacity 2592K, committed 2684K, reserved 1048576K
2018-06-19T11:47:58.388+0200: 1,822: [GC (Allocation Failure) 2018-06-19T11:47:58.388+0200: 1,822: [ParNew
Desired survivor size 20112992 bytes, new threshold 8 (max 8)
- age   1:    2187464 bytes,    2187464 total
- age   2:     839096 bytes,    3026560 total
- age   3:    6137920 bytes,    9164480 total
: 100185K->11879K(109248K), 0,0096892 secs] 100185K->11879K(502464K), 0,0097644 secs] [Times: user=0,04 sys=0,00, real=0,01 secs] 
Heap after GC invocations=3 (full 0):
 par new generation   total 109248K, used 11879K [0x00000000e0000000, 0x00000000e8000000, 0x00000000e8000000)
  eden space 87424K,   0% used [0x00000000e0000000, 0x00000000e0000000, 0x00000000e5560000)
  from space 21824K,  54% used [0x00000000e6ab0000, 0x00000000e7649c10, 0x00000000e8000000)
  to   space 21824K,   0% used [0x00000000e5560000, 0x00000000e5560000, 0x00000000e6ab0000)
 concurrent mark-sweep generation total 393216K, used 0K [0x00000000e8000000, 0x0000000100000000, 0x0000000100000000)
 Metaspace       used 21026K, capacity 21360K, committed 21628K, reserved 1069056K
  class space    used 2423K, capacity 2592K, committed 2684K, reserved 1048576K
}
2018-06-19T11:47:58.398+0200: 1,831: Total time for which application threads were stopped: 0,0129808 seconds, Stopping threads took: 0,0030584 seconds
2018-06-19T11:47:58.399+0200: 1,832: [GC (CMS Initial Mark) [1 CMS-initial-mark: 0K(393216K)] 13297K(502464K), 0,0032172 secs] [Times: user=0,01 sys=0,00, real=0,00 secs] 
2018-06-19T11:47:58.402+0200: 1,835: Total time for which application threads were stopped: 0,0035121 seconds, Stopping threads took: 0,0001888 seconds
2018-06-19T11:47:58.402+0200: 1,835: [CMS-concurrent-mark-start]
2018-06-19T11:47:58.402+0200: 1,836: [CMS-concurrent-mark: 0,000/0,000 secs] [Times: user=0,00 sys=0,00, real=0,00 secs] 
2018-06-19T11:47:58.402+0200: 1,836: [CMS-concurrent-preclean-start]
2018-06-19T11:47:58.403+0200: 1,836: [CMS-concurrent-preclean: 0,001/0,001 secs] [Times: user=0,00 sys=0,00, real=0,00 secs] 
2018-06-19T11:47:58.403+0200: 1,837: [GC (CMS Final Remark) [YG occupancy: 13297 K (109248 K)]{Heap before GC invocations=3 (full 1):
 par new generation   total 109248K, used 13297K [0x00000000e0000000, 0x00000000e8000000, 0x00000000e8000000)
  eden space 87424K,   1% used [0x00000000e0000000, 0x00000000e01627f8, 0x00000000e5560000)
  from space 21824K,  54% used [0x00000000e6ab0000, 0x00000000e7649c10, 0x00000000e8000000)
  to   space 21824K,   0% used [0x00000000e5560000, 0x00000000e5560000, 0x00000000e6ab0000)
 concurrent mark-sweep generation total 393216K, used 0K [0x00000000e8000000, 0x0000000100000000, 0x0000000100000000)
 Metaspace       used 21030K, capacity 21360K, committed 21628K, reserved 1069056K
  class space    used 2424K, capacity 2592K, committed 2684K, reserved 1048576K
2018-06-19T11:47:58.403+0200: 1,837: [GC (CMS Final Remark) 2018-06-19T11:47:58.403+0200: 1,837: [ParNew
Desired survivor size 20112992 bytes, new threshold 8 (max 8)
- age   1:      68296 bytes,      68296 total
- age   2:    1565912 bytes,    1634208 total
- age   3:     837616 bytes,    2471824 total
- age   4:    6137824 bytes,    8609648 total
: 13297K->10521K(109248K), 0,0172955 secs] 13297K->10521K(502464K), 0,0173558 secs] [Times: user=0,07 sys=0,00, real=0,02 secs] 
Heap after GC invocations=4 (full 1):
 par new generation   total 109248K, used 10521K [0x00000000e0000000, 0x00000000e8000000, 0x00000000e8000000)
  eden space 87424K,   0% used [0x00000000e0000000, 0x00000000e0000000, 0x00000000e5560000)
  from space 21824K,  48% used [0x00000000e5560000, 0x00000000e5fa6400, 0x00000000e6ab0000)
  to   space 21824K,   0% used [0x00000000e6ab0000, 0x00000000e6ab0000, 0x00000000e8000000)
 concurrent mark-sweep generation total 393216K, used 0K [0x00000000e8000000, 0x0000000100000000, 0x0000000100000000)
 Metaspace       used 21030K, capacity 21360K, committed 21628K, reserved 1069056K
  class space    used 2424K, capacity 2592K, committed 2684K, reserved 1048576K
}
2018-06-19T11:47:58.420+0200: 1,854: [Rescan (parallel) , 0,0041472 secs]2018-06-19T11:47:58.425+0200: 1,858: [weak refs processing, 0,0017074 secs]2018-06-19T11:47:58.426+0200: 1,860: [class unloading, 0,0040293 secs]2018-06-19T11:47:58.430+0200: 1,864: [scrub symbol table, 0,0039840 secs]2018-06-19T11:47:58.434+0200: 1,868: [scrub string table, 0,0004620 secs][1 CMS-remark: 0K(393216K)] 10521K(502464K), 0,0326258 secs] [Times: user=0,11 sys=0,00, real=0,04 secs] 
2018-06-19T11:47:58.436+0200: 1,869: Total time for which application threads were stopped: 0,0327680 seconds, Stopping threads took: 0,0000270 seconds
2018-06-19T11:47:58.436+0200: 1,869: [CMS-concurrent-sweep-start]
2018-06-19T11:47:58.436+0200: 1,869: [CMS-concurrent-sweep: 0,000/0,000 secs] [Times: user=0,00 sys=0,00, real=0,00 secs] 
2018-06-19T11:47:58.436+0200: 1,869: [CMS-concurrent-reset-start]
2018-06-19T11:47:58.445+0200: 1,879: [CMS-concurrent-reset: 0,010/0,010 secs] [Times: user=0,03 sys=0,00, real=0,01 secs] 
{Heap before GC invocations=4 (full 1):
 par new generation   total 109248K, used 97945K [0x00000000e0000000, 0x00000000e8000000, 0x00000000e8000000)
  eden space 87424K, 100% used [0x00000000e0000000, 0x00000000e5560000, 0x00000000e5560000)
  from space 21824K,  48% used [0x00000000e5560000, 0x00000000e5fa6400, 0x00000000e6ab0000)
  to   space 21824K,   0% used [0x00000000e6ab0000, 0x00000000e6ab0000, 0x00000000e8000000)
 concurrent mark-sweep generation total 393216K, used 0K [0x00000000e8000000, 0x0000000100000000, 0x0000000100000000)
 Metaspace       used 21268K, capacity 21630K, committed 21884K, reserved 1069056K
  class space    used 2452K, capacity 2606K, committed 2684K, reserved 1048576K
2018-06-19T11:47:58.538+0200: 1,972: [GC (Allocation Failure) 2018-06-19T11:47:58.538+0200: 1,972: [ParNew
Desired survivor size 20112992 bytes, new threshold 8 (max 8)
- age   1:     811488 bytes,     811488 total
- age   2:        376 bytes,     811864 total
- age   3:    1443768 bytes,    2255632 total
- age   4:     837328 bytes,    3092960 total
- age   5:    6138048 bytes,    9231008 total
: 97945K->13081K(109248K), 0,0096190 secs] 97945K->13081K(502464K), 0,0096909 secs] [Times: user=0,03 sys=0,00, real=0,01 secs] 
Heap after GC invocations=5 (full 1):
 par new generation   total 109248K, used 13081K [0x00000000e0000000, 0x00000000e8000000, 0x00000000e8000000)
  eden space 87424K,   0% used [0x00000000e0000000, 0x00000000e0000000, 0x00000000e5560000)
  from space 21824K,  59% used [0x00000000e6ab0000, 0x00000000e7776458, 0x00000000e8000000)
  to   space 21824K,   0% used [0x00000000e5560000, 0x00000000e5560000, 0x00000000e6ab0000)
 concurrent mark-sweep generation total 393216K, used 0K [0x00000000e8000000, 0x0000000100000000, 0x0000000100000000)
 Metaspace       used 21268K, capacity 21630K, committed 21884K, reserved 1069056K
  class space    used 2452K, capacity 2606K, committed 2684K, reserved 1048576K
}
2018-06-19T11:47:58.548+0200: 1,982: Total time for which application threads were stopped: 0,0108097 seconds, Stopping threads took: 0,0009185 seconds
{Heap before GC invocations=5 (full 1):
 par new generation   total 109248K, used 100505K [0x00000000e0000000, 0x00000000e8000000, 0x00000000e8000000)
  eden space 87424K, 100% used [0x00000000e0000000, 0x00000000e5560000, 0x00000000e5560000)
  from space 21824K,  59% used [0x00000000e6ab0000, 0x00000000e7776458, 0x00000000e8000000)
  to   space 21824K,   0% used [0x00000000e5560000, 0x00000000e5560000, 0x00000000e6ab0000)
 concurrent mark-sweep generation total 393216K, used 0K [0x00000000e8000000, 0x0000000100000000, 0x0000000100000000)
 Metaspace       used 21425K, capacity 21802K, committed 21884K, reserved 1069056K
  class space    used 2470K, capacity 2640K, committed 2684K, reserved 1048576K
2018-06-19T11:47:58.648+0200: 2,082: [GC (Allocation Failure) 2018-06-19T11:47:58.648+0200: 2,082: [ParNew
Desired survivor size 20112992 bytes, new threshold 8 (max 8)
- age   1:     574280 bytes,     574280 total
- age   2:     181136 bytes,     755416 total
- age   3:        376 bytes,     755792 total
- age   4:    1443584 bytes,    2199376 total
- age   5:     833472 bytes,    3032848 total
- age   6:    6137872 bytes,    9170720 total
: 100505K->11810K(109248K), 0,0103299 secs] 100505K->11810K(502464K), 0,0104048 secs] [Times: user=0,03 sys=0,00, real=0,01 secs] 
Heap after GC invocations=6 (full 1):
 par new generation   total 109248K, used 11810K [0x00000000e0000000, 0x00000000e8000000, 0x00000000e8000000)
  eden space 87424K,   0% used [0x00000000e0000000, 0x00000000e0000000, 0x00000000e5560000)
  from space 21824K,  54% used [0x00000000e5560000, 0x00000000e60e8a68, 0x00000000e6ab0000)
  to   space 21824K,   0% used [0x00000000e6ab0000, 0x00000000e6ab0000, 0x00000000e8000000)
 concurrent mark-sweep generation total 393216K, used 0K [0x00000000e8000000, 0x0000000100000000, 0x0000000100000000)
 Metaspace       used 21425K, capacity 21802K, committed 21884K, reserved 1069056K
  class space    used 2470K, capacity 2640K, committed 2684K, reserved 1048576K
}
2018-06-19T11:47:58.658+0200: 2,092: Total time for which application threads were stopped: 0,0142267 seconds, Stopping threads took: 0,0036743 seconds
2018-06-19T11:47:58.693+0200: 2,127: Total time for which application threads were stopped: 0,0004757 seconds, Stopping threads took: 0,0000566 seconds
2018-06-19T11:47:58.949+0200: 2,383: Total time for which application threads were stopped: 0,0004967 seconds, Stopping threads took: 0,0000323 seconds
2018-06-19T11:47:58.969+0200: 2,402: Total time for which application threads were stopped: 0,0004042 seconds, Stopping threads took: 0,0000284 seconds
{Heap before GC invocations=6 (full 1):
 par new generation   total 109248K, used 99234K [0x00000000e0000000, 0x00000000e8000000, 0x00000000e8000000)
  eden space 87424K, 100% used [0x00000000e0000000, 0x00000000e5560000, 0x00000000e5560000)
  from space 21824K,  54% used [0x00000000e5560000, 0x00000000e60e8a68, 0x00000000e6ab0000)
  to   space 21824K,   0% used [0x00000000e6ab0000, 0x00000000e6ab0000, 0x00000000e8000000)
 concurrent mark-sweep generation total 393216K, used 0K [0x00000000e8000000, 0x0000000100000000, 0x0000000100000000)
 Metaspace       used 25294K, capacity 25790K, committed 25980K, reserved 1073152K
  class space    used 2936K, capacity 3124K, committed 3196K, reserved 1048576K
2018-06-19T11:47:59.280+0200: 2,714: [GC (Allocation Failure) 2018-06-19T11:47:59.280+0200: 2,714: [ParNew
Desired survivor size 20112992 bytes, new threshold 8 (max 8)
- age   1:    5670680 bytes,    5670680 total
- age   2:     110480 bytes,    5781160 total
- age   3:     179552 bytes,    5960712 total
- age   4:        312 bytes,    5961024 total
- age   5:     272056 bytes,    6233080 total
- age   6:     811432 bytes,    7044512 total
- age   7:    6131032 bytes,   13175544 total
: 99234K->15179K(109248K), 0,0246443 secs] 99234K->15179K(502464K), 0,0247255 secs] [Times: user=0,08 sys=0,01, real=0,03 secs] 
Heap after GC invocations=7 (full 1):
 par new generation   total 109248K, used 15179K [0x00000000e0000000, 0x00000000e8000000, 0x00000000e8000000)
  eden space 87424K,   0% used [0x00000000e0000000, 0x00000000e0000000, 0x00000000e5560000)
  from space 21824K,  69% used [0x00000000e6ab0000, 0x00000000e7982e20, 0x00000000e8000000)
  to   space 21824K,   0% used [0x00000000e5560000, 0x00000000e5560000, 0x00000000e6ab0000)
 concurrent mark-sweep generation total 393216K, used 0K [0x00000000e8000000, 0x0000000100000000, 0x0000000100000000)
 Metaspace       used 25294K, capacity 25790K, committed 25980K, reserved 1073152K
  class space    used 2936K, capacity 3124K, committed 3196K, reserved 1048576K
}
2018-06-19T11:47:59.305+0200: 2,738: Total time for which application threads were stopped: 0,0251087 seconds, Stopping threads took: 0,0000544 seconds
2018-06-19T11:47:59.403+0200: 2,837: Total time for which application threads were stopped: 0,0004880 seconds, Stopping threads took: 0,0000699 seconds
2018-06-19T11:47:59.419+0200: 2,852: Total time for which application threads were stopped: 0,0004847 seconds, Stopping threads took: 0,0000799 seconds
2018-06-19T11:47:59.473+0200: 2,907: Total time for which application threads were stopped: 0,0005350 seconds, Stopping threads took: 0,0000452 seconds
2018-06-19T11:47:59.587+0200: 3,021: Total time for which application threads were stopped: 0,0034891 seconds, Stopping threads took: 0,0028877 seconds
{Heap before GC invocations=7 (full 1):
 par new generation   total 109248K, used 102603K [0x00000000e0000000, 0x00000000e8000000, 0x00000000e8000000)
  eden space 87424K, 100% used [0x00000000e0000000, 0x00000000e5560000, 0x00000000e5560000)
  from space 21824K,  69% used [0x00000000e6ab0000, 0x00000000e7982e20, 0x00000000e8000000)
  to   space 21824K,   0% used [0x00000000e5560000, 0x00000000e5560000, 0x00000000e6ab0000)
 concurrent mark-sweep generation total 393216K, used 0K [0x00000000e8000000, 0x0000000100000000, 0x0000000100000000)
 Metaspace       used 28017K, capacity 28630K, committed 28796K, reserved 1075200K
  class space    used 3226K, capacity 3424K, committed 3452K, reserved 1048576K
2018-06-19T11:47:59.751+0200: 3,184: [GC (Allocation Failure) 2018-06-19T11:47:59.751+0200: 3,185: [ParNew
Desired survivor size 20112992 bytes, new threshold 8 (max 8)
- age   1:   12537888 bytes,   12537888 total
- age   2:    2319168 bytes,   14857056 total
- age   3:     110480 bytes,   14967536 total
- age   4:     179376 bytes,   15146912 total
- age   5:        312 bytes,   15147224 total
- age   6:     271488 bytes,   15418712 total
- age   7:     795992 bytes,   16214704 total
- age   8:    6101208 bytes,   22315912 total
: 102603K->21824K(109248K), 0,0484388 secs] 102603K->23473K(502464K), 0,0485299 secs] [Times: user=0,13 sys=0,02, real=0,05 secs] 
Heap after GC invocations=8 (full 1):
 par new generation   total 109248K, used 21824K [0x00000000e0000000, 0x00000000e8000000, 0x00000000e8000000)
  eden space 87424K,   0% used [0x00000000e0000000, 0x00000000e0000000, 0x00000000e5560000)
  from space 21824K, 100% used [0x00000000e5560000, 0x00000000e6ab0000, 0x00000000e6ab0000)
  to   space 21824K,   0% used [0x00000000e6ab0000, 0x00000000e6ab0000, 0x00000000e8000000)
 concurrent mark-sweep generation total 393216K, used 1649K [0x00000000e8000000, 0x0000000100000000, 0x0000000100000000)
 Metaspace       used 28017K, capacity 28630K, committed 28796K, reserved 1075200K
  class space    used 3226K, capacity 3424K, committed 3452K, reserved 1048576K
}
2018-06-19T11:47:59.799+0200: 3,233: Total time for which application threads were stopped: 0,0490261 seconds, Stopping threads took: 0,0002227 seconds
{Heap before GC invocations=8 (full 1):
 par new generation   total 109248K, used 109248K [0x00000000e0000000, 0x00000000e8000000, 0x00000000e8000000)
  eden space 87424K, 100% used [0x00000000e0000000, 0x00000000e5560000, 0x00000000e5560000)
  from space 21824K, 100% used [0x00000000e5560000, 0x00000000e6ab0000, 0x00000000e6ab0000)
  to   space 21824K,   0% used [0x00000000e6ab0000, 0x00000000e6ab0000, 0x00000000e8000000)
 concurrent mark-sweep generation total 393216K, used 1649K [0x00000000e8000000, 0x0000000100000000, 0x0000000100000000)
 Metaspace       used 28050K, capacity 28652K, committed 28796K, reserved 1075200K
  class space    used 3228K, capacity 3428K, committed 3452K, reserved 1048576K
2018-06-19T11:47:59.875+0200: 3,309: [GC (Allocation Failure) 2018-06-19T11:47:59.875+0200: 3,309: [ParNew
Desired survivor size 20112992 bytes, new threshold 8 (max 8)
- age   1:    1343344 bytes,    1343344 total
- age   2:   11149736 bytes,   12493080 total
- age   3:    2316624 bytes,   14809704 total
- age   4:     110480 bytes,   14920184 total
- age   5:     179168 bytes,   15099352 total
- age   6:        312 bytes,   15099664 total
- age   7:     271488 bytes,   15371152 total
- age   8:     795992 bytes,   16167144 total
: 109248K->21824K(109248K), 0,0520342 secs] 110897K->29860K(502464K), 0,0521337 secs] [Times: user=0,16 sys=0,01, real=0,05 secs] 
Heap after GC invocations=9 (full 1):
 par new generation   total 109248K, used 21824K [0x00000000e0000000, 0x00000000e8000000, 0x00000000e8000000)
  eden space 87424K,   0% used [0x00000000e0000000, 0x00000000e0000000, 0x00000000e5560000)
  from space 21824K, 100% used [0x00000000e6ab0000, 0x00000000e8000000, 0x00000000e8000000)
  to   space 21824K,   0% used [0x00000000e5560000, 0x00000000e5560000, 0x00000000e6ab0000)
 concurrent mark-sweep generation total 393216K, used 8036K [0x00000000e8000000, 0x0000000100000000, 0x0000000100000000)
 Metaspace       used 28050K, capacity 28652K, committed 28796K, reserved 1075200K
  class space    used 3228K, capacity 3428K, committed 3452K, reserved 1048576K
}
2018-06-19T11:47:59.928+0200: 3,361: Total time for which application threads were stopped: 0,0524204 seconds, Stopping threads took: 0,0000563 seconds
{Heap before GC invocations=9 (full 1):
 par new generation   total 109248K, used 109248K [0x00000000e0000000, 0x00000000e8000000, 0x00000000e8000000)
  eden space 87424K, 100% used [0x00000000e0000000, 0x00000000e5560000, 0x00000000e5560000)
  from space 21824K, 100% used [0x00000000e6ab0000, 0x00000000e8000000, 0x00000000e8000000)
  to   space 21824K,   0% used [0x00000000e5560000, 0x00000000e5560000, 0x00000000e6ab0000)
 concurrent mark-sweep generation total 393216K, used 8036K [0x00000000e8000000, 0x0000000100000000, 0x0000000100000000)
 Metaspace       used 28191K, capacity 28806K, committed 29052K, reserved 1075200K
  class space    used 3234K, capacity 3436K, committed 3452K, reserved 1048576K
2018-06-19T11:48:00.088+0200: 3,522: [GC (Allocation Failure) 2018-06-19T11:48:00.088+0200: 3,522: [ParNew
Desired survivor size 20112992 bytes, new threshold 8 (max 8)
- age   1:    2739920 bytes,    2739920 total
- age   2:     125368 bytes,    2865288 total
- age   3:   10998680 bytes,   13863968 total
- age   4:    2316464 bytes,   16180432 total
- age   5:     110480 bytes,   16290912 total
- age   6:     179168 bytes,   16470080 total
- age   7:        312 bytes,   16470392 total
- age   8:     271488 bytes,   16741880 total
: 109248K->20156K(109248K), 0,0315868 secs] 117284K->28983K(502464K), 0,0316808 secs] [Times: user=0,10 sys=0,01, real=0,03 secs] 
Heap after GC invocations=10 (full 1):
 par new generation   total 109248K, used 20156K [0x00000000e0000000, 0x00000000e8000000, 0x00000000e8000000)
  eden space 87424K,   0% used [0x00000000e0000000, 0x00000000e0000000, 0x00000000e5560000)
  from space 21824K,  92% used [0x00000000e5560000, 0x00000000e690f3f8, 0x00000000e6ab0000)
  to   space 21824K,   0% used [0x00000000e6ab0000, 0x00000000e6ab0000, 0x00000000e8000000)
 concurrent mark-sweep generation total 393216K, used 8826K [0x00000000e8000000, 0x0000000100000000, 0x0000000100000000)
 Metaspace       used 28191K, capacity 28806K, committed 29052K, reserved 1075200K
  class space    used 3234K, capacity 3436K, committed 3452K, reserved 1048576K
}
2018-06-19T11:48:00.120+0200: 3,554: Total time for which application threads were stopped: 0,0356794 seconds, Stopping threads took: 0,0036896 seconds
2018-06-19T11:48:00.626+0200: 4,059: Total time for which application threads were stopped: 0,0003943 seconds, Stopping threads took: 0,0000215 seconds
2018-06-19T11:48:02.626+0200: 6,060: Total time for which application threads were stopped: 0,0000781 seconds, Stopping threads took: 0,0000194 seconds
2018-06-19T11:48:17.396+0200: 20,830: Total time for which application threads were stopped: 0,0001183 seconds, Stopping threads took: 0,0000375 seconds
2018-06-19T11:48:17.404+0200: 20,838: Total time for which application threads were stopped: 0,0001179 seconds, Stopping threads took: 0,0000380 seconds
2018-06-19T11:48:17.454+0200: 20,888: Total time for which application threads were stopped: 0,0030521 seconds, Stopping threads took: 0,0001399 seconds
2018-06-19T11:48:17.482+0200: 20,916: Total time for which application threads were stopped: 0,0001117 seconds, Stopping threads took: 0,0000335 seconds
2018-06-19T11:48:17.482+0200: 20,916: Total time for which application threads were stopped: 0,0000555 seconds, Stopping threads took: 0,0000075 seconds
2018-06-19T11:48:17.520+0200: 20,954: Total time for which application threads were stopped: 0,0005270 seconds, Stopping threads took: 0,0000286 seconds
2018-06-19T11:48:17.708+0200: 21,142: Total time for which application threads were stopped: 0,0001413 seconds, Stopping threads took: 0,0000362 seconds
2018-06-19T11:48:17.731+0200: 21,164: Total time for which application threads were stopped: 0,0001470 seconds, Stopping threads took: 0,0000694 seconds
2018-06-19T11:48:17.731+0200: 21,165: Total time for which application threads were stopped: 0,0000683 seconds, Stopping threads took: 0,0000260 seconds
2018-06-19T11:48:17.731+0200: 21,165: Total time for which application threads were stopped: 0,0000526 seconds, Stopping threads took: 0,0000135 seconds
2018-06-19T11:48:17.731+0200: 21,165: Total time for which application threads were stopped: 0,0000798 seconds, Stopping threads took: 0,0000387 seconds
2018-06-19T11:48:17.732+0200: 21,166: Total time for which application threads were stopped: 0,0000760 seconds, Stopping threads took: 0,0000186 seconds
2018-06-19T11:48:17.732+0200: 21,166: Total time for which application threads were stopped: 0,0000580 seconds, Stopping threads took: 0,0000247 seconds
2018-06-19T11:48:17.732+0200: 21,166: Total time for which application threads were stopped: 0,0000344 seconds, Stopping threads took: 0,0000104 seconds
2018-06-19T11:48:17.737+0200: 21,171: Total time for which application threads were stopped: 0,0000883 seconds, Stopping threads took: 0,0000249 seconds
2018-06-19T11:48:17.813+0200: 21,247: Total time for which application threads were stopped: 0,0004528 seconds, Stopping threads took: 0,0000249 seconds
2018-06-19T11:48:17.815+0200: 21,249: Total time for which application threads were stopped: 0,0005594 seconds, Stopping threads took: 0,0000221 seconds
2018-06-19T11:48:17.960+0200: 21,394: Total time for which application threads were stopped: 0,0002458 seconds, Stopping threads took: 0,0000372 seconds
{Heap before GC invocations=10 (full 1):
 par new generation   total 109248K, used 107580K [0x00000000e0000000, 0x00000000e8000000, 0x00000000e8000000)
  eden space 87424K, 100% used [0x00000000e0000000, 0x00000000e5560000, 0x00000000e5560000)
  from space 21824K,  92% used [0x00000000e5560000, 0x00000000e690f3f8, 0x00000000e6ab0000)
  to   space 21824K,   0% used [0x00000000e6ab0000, 0x00000000e6ab0000, 0x00000000e8000000)
 concurrent mark-sweep generation total 393216K, used 8826K [0x00000000e8000000, 0x0000000100000000, 0x0000000100000000)
 Metaspace       used 30504K, capacity 31154K, committed 31356K, reserved 1077248K
  class space    used 3486K, capacity 3702K, committed 3708K, reserved 1048576K
2018-06-19T11:48:18.204+0200: 21,638: [GC (Allocation Failure) 2018-06-19T11:48:18.204+0200: 21,638: [ParNew
Desired survivor size 20112992 bytes, new threshold 4 (max 8)
- age   1:    5383136 bytes,    5383136 total
- age   2:    2384216 bytes,    7767352 total
- age   3:     124696 bytes,    7892048 total
- age   4:   12917248 bytes,   20809296 total
- age   5:    2315352 bytes,   23124648 total
- age   6:     110384 bytes,   23235032 total
- age   7:     179152 bytes,   23414184 total
- age   8:        312 bytes,   23414496 total
: 107580K->21824K(109248K), 0,0298988 secs] 116407K->31686K(502464K), 0,0299728 secs] [Times: user=0,08 sys=0,02, real=0,03 secs] 
Heap after GC invocations=11 (full 1):
 par new generation   total 109248K, used 21824K [0x00000000e0000000, 0x00000000e8000000, 0x00000000e8000000)
  eden space 87424K,   0% used [0x00000000e0000000, 0x00000000e0000000, 0x00000000e5560000)
  from space 21824K, 100% used [0x00000000e6ab0000, 0x00000000e8000000, 0x00000000e8000000)
  to   space 21824K,   0% used [0x00000000e5560000, 0x00000000e5560000, 0x00000000e6ab0000)
 concurrent mark-sweep generation total 393216K, used 9862K [0x00000000e8000000, 0x0000000100000000, 0x0000000100000000)
 Metaspace       used 30504K, capacity 31154K, committed 31356K, reserved 1077248K
  class space    used 3486K, capacity 3702K, committed 3708K, reserved 1048576K
}
2018-06-19T11:48:18.234+0200: 21,668: Total time for which application threads were stopped: 0,0303387 seconds, Stopping threads took: 0,0000645 seconds
2018-06-19T11:48:18.400+0200: 21,834: Total time for which application threads were stopped: 0,0001746 seconds, Stopping threads took: 0,0000423 seconds
2018-06-19T11:48:18.400+0200: 21,834: Total time for which application threads were stopped: 0,0000878 seconds, Stopping threads took: 0,0000203 seconds
2018-06-19T11:48:18.412+0200: 21,846: Total time for which application threads were stopped: 0,0003779 seconds, Stopping threads took: 0,0002486 seconds
2018-06-19T11:48:18.433+0200: 21,867: Total time for which application threads were stopped: 0,0001493 seconds, Stopping threads took: 0,0000393 seconds
2018-06-19T11:48:18.591+0200: 22,024: Total time for which application threads were stopped: 0,0026642 seconds, Stopping threads took: 0,0024868 seconds
2018-06-19T11:48:18.593+0200: 22,026: Total time for which application threads were stopped: 0,0001525 seconds, Stopping threads took: 0,0000495 seconds
2018-06-19T11:48:18.593+0200: 22,027: Total time for which application threads were stopped: 0,0000767 seconds, Stopping threads took: 0,0000231 seconds
{Heap before GC invocations=11 (full 1):
 par new generation   total 109248K, used 109248K [0x00000000e0000000, 0x00000000e8000000, 0x00000000e8000000)
  eden space 87424K, 100% used [0x00000000e0000000, 0x00000000e5560000, 0x00000000e5560000)
  from space 21824K, 100% used [0x00000000e6ab0000, 0x00000000e8000000, 0x00000000e8000000)
  to   space 21824K,   0% used [0x00000000e5560000, 0x00000000e5560000, 0x00000000e6ab0000)
 concurrent mark-sweep generation total 393216K, used 9862K [0x00000000e8000000, 0x0000000100000000, 0x0000000100000000)
 Metaspace       used 30591K, capacity 31282K, committed 31356K, reserved 1077248K
  class space    used 3487K, capacity 3702K, committed 3708K, reserved 1048576K
2018-06-19T11:48:18.701+0200: 22,134: [GC (Allocation Failure) 2018-06-19T11:48:18.701+0200: 22,135: [ParNew
Desired survivor size 20112992 bytes, new threshold 8 (max 8)
- age   1:    1386712 bytes,    1386712 total
- age   2:    4317328 bytes,    5704040 total
- age   3:    2384216 bytes,    8088256 total
- age   4:     124696 bytes,    8212952 total
: 109248K->18815K(109248K), 0,0528276 secs] 119110K->43335K(502464K), 0,0529262 secs] [Times: user=0,10 sys=0,01, real=0,06 secs] 
Heap after GC invocations=12 (full 1):
 par new generation   total 109248K, used 18815K [0x00000000e0000000, 0x00000000e8000000, 0x00000000e8000000)
  eden space 87424K,   0% used [0x00000000e0000000, 0x00000000e0000000, 0x00000000e5560000)
  from space 21824K,  86% used [0x00000000e5560000, 0x00000000e67bff40, 0x00000000e6ab0000)
  to   space 21824K,   0% used [0x00000000e6ab0000, 0x00000000e6ab0000, 0x00000000e8000000)
 concurrent mark-sweep generation total 393216K, used 24519K [0x00000000e8000000, 0x0000000100000000, 0x0000000100000000)
 Metaspace       used 30591K, capacity 31282K, committed 31356K, reserved 1077248K
  class space    used 3487K, capacity 3702K, committed 3708K, reserved 1048576K
}
2018-06-19T11:48:18.754+0200: 22,187: Total time for which application threads were stopped: 0,0531964 seconds, Stopping threads took: 0,0000571 seconds
2018-06-19T11:48:18.886+0200: 22,320: Total time for which application threads were stopped: 0,0001723 seconds, Stopping threads took: 0,0000548 seconds
2018-06-19T11:48:18.887+0200: 22,321: Total time for which application threads were stopped: 0,0001433 seconds, Stopping threads took: 0,0000381 seconds
2018-06-19T11:48:18.887+0200: 22,321: Total time for which application threads were stopped: 0,0000777 seconds, Stopping threads took: 0,0000211 seconds
2018-06-19T11:48:18.887+0200: 22,321: Total time for which application threads were stopped: 0,0000718 seconds, Stopping threads took: 0,0000207 seconds
2018-06-19T11:48:18.888+0200: 22,321: Total time for which application threads were stopped: 0,0000694 seconds, Stopping threads took: 0,0000207 seconds
2018-06-19T11:48:18.894+0200: 22,327: Total time for which application threads were stopped: 0,0002733 seconds, Stopping threads took: 0,0000567 seconds
2018-06-19T11:48:18.895+0200: 22,329: Total time for which application threads were stopped: 0,0001855 seconds, Stopping threads took: 0,0000673 seconds
{Heap before GC invocations=12 (full 1):
 par new generation   total 109248K, used 106239K [0x00000000e0000000, 0x00000000e8000000, 0x00000000e8000000)
  eden space 87424K, 100% used [0x00000000e0000000, 0x00000000e5560000, 0x00000000e5560000)
  from space 21824K,  86% used [0x00000000e5560000, 0x00000000e67bff40, 0x00000000e6ab0000)
  to   space 21824K,   0% used [0x00000000e6ab0000, 0x00000000e6ab0000, 0x00000000e8000000)
 concurrent mark-sweep generation total 393216K, used 24519K [0x00000000e8000000, 0x0000000100000000, 0x0000000100000000)
 Metaspace       used 30789K, capacity 31474K, committed 31612K, reserved 1077248K
  class space    used 3504K, capacity 3702K, committed 3708K, reserved 1048576K
2018-06-19T11:48:19.091+0200: 22,525: [GC (Allocation Failure) 2018-06-19T11:48:19.091+0200: 22,525: [ParNew
Desired survivor size 20112992 bytes, new threshold 8 (max 8)
- age   1:    1892408 bytes,    1892408 total
- age   2:    1032248 bytes,    2924656 total
- age   3:    4223752 bytes,    7148408 total
- age   4:    2384216 bytes,    9532624 total
- age   5:     124696 bytes,    9657320 total
: 106239K->11814K(109248K), 0,0268480 secs] 130759K->36333K(502464K), 0,0269308 secs] [Times: user=0,05 sys=0,00, real=0,03 secs] 
Heap after GC invocations=13 (full 1):
 par new generation   total 109248K, used 11814K [0x00000000e0000000, 0x00000000e8000000, 0x00000000e8000000)
  eden space 87424K,   0% used [0x00000000e0000000, 0x00000000e0000000, 0x00000000e5560000)
  from space 21824K,  54% used [0x00000000e6ab0000, 0x00000000e7639800, 0x00000000e8000000)
  to   space 21824K,   0% used [0x00000000e5560000, 0x00000000e5560000, 0x00000000e6ab0000)
 concurrent mark-sweep generation total 393216K, used 24519K [0x00000000e8000000, 0x0000000100000000, 0x0000000100000000)
 Metaspace       used 30789K, capacity 31474K, committed 31612K, reserved 1077248K
  class space    used 3504K, capacity 3702K, committed 3708K, reserved 1048576K
}
2018-06-19T11:48:19.118+0200: 22,552: Total time for which application threads were stopped: 0,0272055 seconds, Stopping threads took: 0,0000226 seconds
2018-06-19T11:48:19.176+0200: 22,609: Total time for which application threads were stopped: 0,0002033 seconds, Stopping threads took: 0,0000642 seconds
2018-06-19T11:48:19.180+0200: 22,614: Total time for which application threads were stopped: 0,0001461 seconds, Stopping threads took: 0,0000453 seconds
2018-06-19T11:48:19.192+0200: 22,626: Total time for which application threads were stopped: 0,0001877 seconds, Stopping threads took: 0,0000595 seconds
{Heap before GC invocations=13 (full 1):
 par new generation   total 109248K, used 99238K [0x00000000e0000000, 0x00000000e8000000, 0x00000000e8000000)
  eden space 87424K, 100% used [0x00000000e0000000, 0x00000000e5560000, 0x00000000e5560000)
  from space 21824K,  54% used [0x00000000e6ab0000, 0x00000000e7639800, 0x00000000e8000000)
  to   space 21824K,   0% used [0x00000000e5560000, 0x00000000e5560000, 0x00000000e6ab0000)
 concurrent mark-sweep generation total 393216K, used 24519K [0x00000000e8000000, 0x0000000100000000, 0x0000000100000000)
 Metaspace       used 30839K, capacity 31570K, committed 31740K, reserved 1077248K
  class space    used 3508K, capacity 3734K, committed 3836K, reserved 1048576K
2018-06-19T11:48:19.365+0200: 22,799: [GC (Allocation Failure) 2018-06-19T11:48:19.365+0200: 22,799: [ParNew
Desired survivor size 20112992 bytes, new threshold 8 (max 8)
- age   1:    1579848 bytes,    1579848 total
- age   2:    1055968 bytes,    2635816 total
- age   3:     128304 bytes,    2764120 total
- age   4:    3677416 bytes,    6441536 total
- age   5:    2384216 bytes,    8825752 total
- age   6:     124696 bytes,    8950448 total
: 99238K->10687K(109248K), 0,0338935 secs] 123757K->35207K(502464K), 0,0340246 secs] [Times: user=0,06 sys=0,00, real=0,03 secs] 
Heap after GC invocations=14 (full 1):
 par new generation   total 109248K, used 10687K [0x00000000e0000000, 0x00000000e8000000, 0x00000000e8000000)
  eden space 87424K,   0% used [0x00000000e0000000, 0x00000000e0000000, 0x00000000e5560000)
  from space 21824K,  48% used [0x00000000e5560000, 0x00000000e5fcfe28, 0x00000000e6ab0000)
  to   space 21824K,   0% used [0x00000000e6ab0000, 0x00000000e6ab0000, 0x00000000e8000000)
 concurrent mark-sweep generation total 393216K, used 24519K [0x00000000e8000000, 0x0000000100000000, 0x0000000100000000)
 Metaspace       used 30839K, capacity 31570K, committed 31740K, reserved 1077248K
  class space    used 3508K, capacity 3734K, committed 3836K, reserved 1048576K
}
2018-06-19T11:48:19.399+0200: 22,833: Total time for which application threads were stopped: 0,0343897 seconds, Stopping threads took: 0,0000664 seconds
{Heap before GC invocations=14 (full 1):
 par new generation   total 109248K, used 98111K [0x00000000e0000000, 0x00000000e8000000, 0x00000000e8000000)
  eden space 87424K, 100% used [0x00000000e0000000, 0x00000000e5560000, 0x00000000e5560000)
  from space 21824K,  48% used [0x00000000e5560000, 0x00000000e5fcfe28, 0x00000000e6ab0000)
  to   space 21824K,   0% used [0x00000000e6ab0000, 0x00000000e6ab0000, 0x00000000e8000000)
 concurrent mark-sweep generation total 393216K, used 24519K [0x00000000e8000000, 0x0000000100000000, 0x0000000100000000)
 Metaspace       used 30841K, capacity 31570K, committed 31740K, reserved 1077248K
  class space    used 3508K, capacity 3734K, committed 3836K, reserved 1048576K
2018-06-19T11:48:19.626+0200: 23,059: [GC (Allocation Failure) 2018-06-19T11:48:19.626+0200: 23,059: [ParNew
Desired survivor size 20112992 bytes, new threshold 8 (max 8)
- age   1:    1566392 bytes,    1566392 total
- age   2:    1104184 bytes,    2670576 total
- age   3:    1055968 bytes,    3726544 total
- age   4:     128304 bytes,    3854848 total
- age   5:    3676568 bytes,    7531416 total
- age   6:    2384216 bytes,    9915632 total
- age   7:     124696 bytes,   10040328 total
: 98111K->15212K(109248K), 0,0524868 secs] 122631K->39732K(502464K), 0,0525893 secs] [Times: user=0,08 sys=0,00, real=0,05 secs] 
Heap after GC invocations=15 (full 1):
 par new generation   total 109248K, used 15212K [0x00000000e0000000, 0x00000000e8000000, 0x00000000e8000000)
  eden space 87424K,   0% used [0x00000000e0000000, 0x00000000e0000000, 0x00000000e5560000)
  from space 21824K,  69% used [0x00000000e6ab0000, 0x00000000e798b338, 0x00000000e8000000)
  to   space 21824K,   0% used [0x00000000e5560000, 0x00000000e5560000, 0x00000000e6ab0000)
 concurrent mark-sweep generation total 393216K, used 24519K [0x00000000e8000000, 0x0000000100000000, 0x0000000100000000)
 Metaspace       used 30841K, capacity 31570K, committed 31740K, reserved 1077248K
  class space    used 3508K, capacity 3734K, committed 3836K, reserved 1048576K
}
2018-06-19T11:48:19.678+0200: 23,112: Total time for which application threads were stopped: 0,0528281 seconds, Stopping threads took: 0,0000309 seconds
2018-06-19T11:48:19.887+0200: 23,321: Total time for which application threads were stopped: 0,0002117 seconds, Stopping threads took: 0,0000534 seconds
2018-06-19T11:48:19.897+0200: 23,331: Total time for which application threads were stopped: 0,0001447 seconds, Stopping threads took: 0,0000462 seconds
2018-06-19T11:48:19.904+0200: 23,338: Total time for which application threads were stopped: 0,0026766 seconds, Stopping threads took: 0,0025688 seconds
2018-06-19T11:48:19.930+0200: 23,364: Total time for which application threads were stopped: 0,0059394 seconds, Stopping threads took: 0,0058268 seconds
2018-06-19T11:48:19.951+0200: 23,384: Total time for which application threads were stopped: 0,0069552 seconds, Stopping threads took: 0,0061779 seconds
2018-06-19T11:48:19.960+0200: 23,394: Total time for which application threads were stopped: 0,0001893 seconds, Stopping threads took: 0,0000369 seconds
2018-06-19T11:48:19.962+0200: 23,396: Total time for which application threads were stopped: 0,0005222 seconds, Stopping threads took: 0,0003876 seconds
{Heap before GC invocations=15 (full 1):
 par new generation   total 109248K, used 102636K [0x00000000e0000000, 0x00000000e8000000, 0x00000000e8000000)
  eden space 87424K, 100% used [0x00000000e0000000, 0x00000000e5560000, 0x00000000e5560000)
  from space 21824K,  69% used [0x00000000e6ab0000, 0x00000000e798b338, 0x00000000e8000000)
  to   space 21824K,   0% used [0x00000000e5560000, 0x00000000e5560000, 0x00000000e6ab0000)
 concurrent mark-sweep generation total 393216K, used 24519K [0x00000000e8000000, 0x0000000100000000, 0x0000000100000000)
 Metaspace       used 30855K, capacity 31570K, committed 31740K, reserved 1077248K
  class space    used 3508K, capacity 3734K, committed 3836K, reserved 1048576K
2018-06-19T11:48:20.016+0200: 23,449: [GC (Allocation Failure) 2018-06-19T11:48:20.016+0200: 23,450: [ParNew
Desired survivor size 20112992 bytes, new threshold 8 (max 8)
- age   1:    1854800 bytes,    1854800 total
- age   2:    1024376 bytes,    2879176 total
- age   3:    1050792 bytes,    3929968 total
- age   4:     937568 bytes,    4867536 total
- age   5:     128272 bytes,    4995808 total
- age   6:    3675872 bytes,    8671680 total
- age   7:    2384216 bytes,   11055896 total
- age   8:     124696 bytes,   11180592 total
: 102636K->13873K(109248K), 0,0110630 secs] 127156K->38393K(502464K), 0,0111781 secs] [Times: user=0,03 sys=0,00, real=0,01 secs] 
Heap after GC invocations=16 (full 1):
 par new generation   total 109248K, used 13873K [0x00000000e0000000, 0x00000000e8000000, 0x00000000e8000000)
  eden space 87424K,   0% used [0x00000000e0000000, 0x00000000e0000000, 0x00000000e5560000)
  from space 21824K,  63% used [0x00000000e5560000, 0x00000000e62ec600, 0x00000000e6ab0000)
  to   space 21824K,   0% used [0x00000000e6ab0000, 0x00000000e6ab0000, 0x00000000e8000000)
 concurrent mark-sweep generation total 393216K, used 24519K [0x00000000e8000000, 0x0000000100000000, 0x0000000100000000)
 Metaspace       used 30855K, capacity 31570K, committed 31740K, reserved 1077248K
  class space    used 3508K, capacity 3734K, committed 3836K, reserved 1048576K
}
2018-06-19T11:48:20.027+0200: 23,461: Total time for which application threads were stopped: 0,0120218 seconds, Stopping threads took: 0,0006209 seconds
{Heap before GC invocations=16 (full 1):
 par new generation   total 109248K, used 101297K [0x00000000e0000000, 0x00000000e8000000, 0x00000000e8000000)
  eden space 87424K, 100% used [0x00000000e0000000, 0x00000000e5560000, 0x00000000e5560000)
  from space 21824K,  63% used [0x00000000e5560000, 0x00000000e62ec600, 0x00000000e6ab0000)
  to   space 21824K,   0% used [0x00000000e6ab0000, 0x00000000e6ab0000, 0x00000000e8000000)
 concurrent mark-sweep generation total 393216K, used 24519K [0x00000000e8000000, 0x0000000100000000, 0x0000000100000000)
 Metaspace       used 30876K, capacity 31570K, committed 31740K, reserved 1077248K
  class space    used 3508K, capacity 3734K, committed 3836K, reserved 1048576K
2018-06-19T11:48:20.152+0200: 23,586: [GC (Allocation Failure) 2018-06-19T11:48:20.152+0200: 23,586: [ParNew
Desired survivor size 20112992 bytes, new threshold 8 (max 8)
- age   1:    1466152 bytes,    1466152 total
- age   2:    1628560 bytes,    3094712 total
- age   3:    1024352 bytes,    4119064 total
- age   4:    1050792 bytes,    5169856 total
- age   5:     937392 bytes,    6107248 total
- age   6:     128272 bytes,    6235520 total
- age   7:    3675464 bytes,    9910984 total
- age   8:    2384216 bytes,   12295200 total
: 101297K->16353K(109248K), 0,0333943 secs] 125817K->40997K(502464K), 0,0337747 secs] [Times: user=0,09 sys=0,01, real=0,03 secs] 
Heap after GC invocations=17 (full 1):
 par new generation   total 109248K, used 16353K [0x00000000e0000000, 0x00000000e8000000, 0x00000000e8000000)
  eden space 87424K,   0% used [0x00000000e0000000, 0x00000000e0000000, 0x00000000e5560000)
  from space 21824K,  74% used [0x00000000e6ab0000, 0x00000000e7aa8770, 0x00000000e8000000)
  to   space 21824K,   0% used [0x00000000e5560000, 0x00000000e5560000, 0x00000000e6ab0000)
 concurrent mark-sweep generation total 393216K, used 24643K [0x00000000e8000000, 0x0000000100000000, 0x0000000100000000)
 Metaspace       used 30876K, capacity 31570K, committed 31740K, reserved 1077248K
  class space    used 3508K, capacity 3734K, committed 3836K, reserved 1048576K
}
2018-06-19T11:48:20.186+0200: 23,620: Total time for which application threads were stopped: 0,0350154 seconds, Stopping threads took: 0,0002199 seconds
{Heap before GC invocations=17 (full 1):
 par new generation   total 109248K, used 103769K [0x00000000e0000000, 0x00000000e8000000, 0x00000000e8000000)
  eden space 87424K,  99% used [0x00000000e0000000, 0x00000000e555def8, 0x00000000e5560000)
  from space 21824K,  74% used [0x00000000e6ab0000, 0x00000000e7aa8770, 0x00000000e8000000)
  to   space 21824K,   0% used [0x00000000e5560000, 0x00000000e5560000, 0x00000000e6ab0000)
 concurrent mark-sweep generation total 393216K, used 24643K [0x00000000e8000000, 0x0000000100000000, 0x0000000100000000)
 Metaspace       used 30895K, capacity 31576K, committed 31996K, reserved 1077248K
  class space    used 3509K, capacity 3735K, committed 3836K, reserved 1048576K
2018-06-19T11:48:20.312+0200: 23,745: [GC (Allocation Failure) 2018-06-19T11:48:20.312+0200: 23,745: [ParNew
Desired survivor size 20112992 bytes, new threshold 8 (max 8)
- age   1:    1694200 bytes,    1694200 total
- age   2:    1037288 bytes,    2731488 total
- age   3:     632584 bytes,    3364072 total
- age   4:     110560 bytes,    3474632 total
- age   5:     287624 bytes,    3762256 total
- age   6:     235240 bytes,    3997496 total
- age   7:     128224 bytes,    4125720 total
- age   8:    3675024 bytes,    7800744 total
: 103769K->10258K(109248K), 0,0690980 secs] 128413K->37238K(502464K), 0,0692016 secs] [Times: user=0,17 sys=0,00, real=0,07 secs] 
Heap after GC invocations=18 (full 1):
 par new generation   total 109248K, used 10258K [0x00000000e0000000, 0x00000000e8000000, 0x00000000e8000000)
  eden space 87424K,   0% used [0x00000000e0000000, 0x00000000e0000000, 0x00000000e5560000)
  from space 21824K,  47% used [0x00000000e5560000, 0x00000000e5f64970, 0x00000000e6ab0000)
  to   space 21824K,   0% used [0x00000000e6ab0000, 0x00000000e6ab0000, 0x00000000e8000000)
 concurrent mark-sweep generation total 393216K, used 26980K [0x00000000e8000000, 0x0000000100000000, 0x0000000100000000)
 Metaspace       used 30895K, capacity 31576K, committed 31996K, reserved 1077248K
  class space    used 3509K, capacity 3735K, committed 3836K, reserved 1048576K
}
2018-06-19T11:48:20.381+0200: 23,814: Total time for which application threads were stopped: 0,0694984 seconds, Stopping threads took: 0,0000544 seconds
{Heap before GC invocations=18 (full 1):
 par new generation   total 109248K, used 97682K [0x00000000e0000000, 0x00000000e8000000, 0x00000000e8000000)
  eden space 87424K, 100% used [0x00000000e0000000, 0x00000000e5560000, 0x00000000e5560000)
  from space 21824K,  47% used [0x00000000e5560000, 0x00000000e5f64970, 0x00000000e6ab0000)
  to   space 21824K,   0% used [0x00000000e6ab0000, 0x00000000e6ab0000, 0x00000000e8000000)
 concurrent mark-sweep generation total 393216K, used 26980K [0x00000000e8000000, 0x0000000100000000, 0x0000000100000000)
 Metaspace       used 30913K, capacity 31576K, committed 31996K, reserved 1077248K
  class space    used 3509K, capacity 3735K, committed 3836K, reserved 1048576K
2018-06-19T11:48:20.577+0200: 24,011: [GC (Allocation Failure) 2018-06-19T11:48:20.578+0200: 24,011: [ParNew
Desired survivor size 20112992 bytes, new threshold 8 (max 8)
- age   1:    1588936 bytes,    1588936 total
- age   2:    1239848 bytes,    2828784 total
- age   3:    1006216 bytes,    3835000 total
- age   4:     633568 bytes,    4468568 total
- age   5:     110560 bytes,    4579128 total
- age   6:     286808 bytes,    4865936 total
- age   7:     235192 bytes,    5101128 total
- age   8:     127816 bytes,    5228944 total
: 97682K->9132K(109248K), 0,0215680 secs] 124662K->39721K(502464K), 0,0216594 secs] [Times: user=0,05 sys=0,01, real=0,02 secs] 
Heap after GC invocations=19 (full 1):
 par new generation   total 109248K, used 9132K [0x00000000e0000000, 0x00000000e8000000, 0x00000000e8000000)
  eden space 87424K,   0% used [0x00000000e0000000, 0x00000000e0000000, 0x00000000e5560000)
  from space 21824K,  41% used [0x00000000e6ab0000, 0x00000000e739b380, 0x00000000e8000000)
  to   space 21824K,   0% used [0x00000000e5560000, 0x00000000e5560000, 0x00000000e6ab0000)
 concurrent mark-sweep generation total 393216K, used 30588K [0x00000000e8000000, 0x0000000100000000, 0x0000000100000000)
 Metaspace       used 30913K, capacity 31576K, committed 31996K, reserved 1077248K
  class space    used 3509K, capacity 3735K, committed 3836K, reserved 1048576K
}
2018-06-19T11:48:20.599+0200: 24,033: Total time for which application threads were stopped: 0,0219154 seconds, Stopping threads took: 0,0000396 seconds
{Heap before GC invocations=19 (full 1):
 par new generation   total 109248K, used 96556K [0x00000000e0000000, 0x00000000e8000000, 0x00000000e8000000)
  eden space 87424K, 100% used [0x00000000e0000000, 0x00000000e5560000, 0x00000000e5560000)
  from space 21824K,  41% used [0x00000000e6ab0000, 0x00000000e739b380, 0x00000000e8000000)
  to   space 21824K,   0% used [0x00000000e5560000, 0x00000000e5560000, 0x00000000e6ab0000)
 concurrent mark-sweep generation total 393216K, used 30588K [0x00000000e8000000, 0x0000000100000000, 0x0000000100000000)
 Metaspace       used 30956K, capacity 31640K, committed 31996K, reserved 1077248K
  class space    used 3509K, capacity 3735K, committed 3836K, reserved 1048576K
2018-06-19T11:48:20.722+0200: 24,156: [GC (Allocation Failure) 2018-06-19T11:48:20.722+0200: 24,156: [ParNew
Desired survivor size 20112992 bytes, new threshold 8 (max 8)
- age   1:    2085072 bytes,    2085072 total
- age   2:     985096 bytes,    3070168 total
- age   3:    1042808 bytes,    4112976 total
- age   4:    1006024 bytes,    5119000 total
- age   5:     633160 bytes,    5752160 total
- age   6:     110560 bytes,    5862720 total
- age   7:     286760 bytes,    6149480 total
- age   8:     234784 bytes,    6384264 total
: 96556K->7243K(109248K), 0,0116507 secs] 127145K->37957K(502464K), 0,0118441 secs] [Times: user=0,02 sys=0,00, real=0,02 secs] 
Heap after GC invocations=20 (full 1):
 par new generation   total 109248K, used 7243K [0x00000000e0000000, 0x00000000e8000000, 0x00000000e8000000)
  eden space 87424K,   0% used [0x00000000e0000000, 0x00000000e0000000, 0x00000000e5560000)
  from space 21824K,  33% used [0x00000000e5560000, 0x00000000e5c72e60, 0x00000000e6ab0000)
  to   space 21824K,   0% used [0x00000000e6ab0000, 0x00000000e6ab0000, 0x00000000e8000000)
 concurrent mark-sweep generation total 393216K, used 30713K [0x00000000e8000000, 0x0000000100000000, 0x0000000100000000)
 Metaspace       used 30956K, capacity 31640K, committed 31996K, reserved 1077248K
  class space    used 3509K, capacity 3735K, committed 3836K, reserved 1048576K
}
2018-06-19T11:48:20.734+0200: 24,168: Total time for which application threads were stopped: 0,0122741 seconds, Stopping threads took: 0,0000593 seconds
2018-06-19T11:48:20.912+0200: 24,346: Total time for which application threads were stopped: 0,0025719 seconds, Stopping threads took: 0,0024392 seconds
2018-06-19T11:48:20.920+0200: 24,353: Total time for which application threads were stopped: 0,0003074 seconds, Stopping threads took: 0,0001152 seconds
2018-06-19T11:48:20.925+0200: 24,359: Total time for which application threads were stopped: 0,0044494 seconds, Stopping threads took: 0,0037990 seconds
2018-06-19T11:48:20.929+0200: 24,362: Total time for which application threads were stopped: 0,0014249 seconds, Stopping threads took: 0,0011632 seconds
2018-06-19T11:48:20.933+0200: 24,366: Total time for which application threads were stopped: 0,0001474 seconds, Stopping threads took: 0,0000282 seconds
2018-06-19T11:48:20.937+0200: 24,371: Total time for which application threads were stopped: 0,0002007 seconds, Stopping threads took: 0,0000596 seconds
{Heap before GC invocations=20 (full 1):
 par new generation   total 109248K, used 94667K [0x00000000e0000000, 0x00000000e8000000, 0x00000000e8000000)
  eden space 87424K, 100% used [0x00000000e0000000, 0x00000000e5560000, 0x00000000e5560000)
  from space 21824K,  33% used [0x00000000e5560000, 0x00000000e5c72e60, 0x00000000e6ab0000)
  to   space 21824K,   0% used [0x00000000e6ab0000, 0x00000000e6ab0000, 0x00000000e8000000)
 concurrent mark-sweep generation total 393216K, used 30713K [0x00000000e8000000, 0x0000000100000000, 0x0000000100000000)
 Metaspace       used 30967K, capacity 31640K, committed 31996K, reserved 1077248K
  class space    used 3509K, capacity 3735K, committed 3836K, reserved 1048576K
2018-06-19T11:48:20.948+0200: 24,382: [GC (Allocation Failure) 2018-06-19T11:48:20.948+0200: 24,382: [ParNew
Desired survivor size 20112992 bytes, new threshold 8 (max 8)
- age   1:    2258088 bytes,    2258088 total
- age   2:    1227088 bytes,    3485176 total
- age   3:     926680 bytes,    4411856 total
- age   4:     985328 bytes,    5397184 total
- age   5:     943088 bytes,    6340272 total
- age   6:     548192 bytes,    6888464 total
- age   7:     110512 bytes,    6998976 total
- age   8:     285704 bytes,    7284680 total
: 94667K->7907K(109248K), 0,0159196 secs] 125381K->38850K(502464K), 0,0161710 secs] [Times: user=0,04 sys=0,00, real=0,02 secs] 
Heap after GC invocations=21 (full 1):
 par new generation   total 109248K, used 7907K [0x00000000e0000000, 0x00000000e8000000, 0x00000000e8000000)
  eden space 87424K,   0% used [0x00000000e0000000, 0x00000000e0000000, 0x00000000e5560000)
  from space 21824K,  36% used [0x00000000e6ab0000, 0x00000000e7268c70, 0x00000000e8000000)
  to   space 21824K,   0% used [0x00000000e5560000, 0x00000000e5560000, 0x00000000e6ab0000)
 concurrent mark-sweep generation total 393216K, used 30942K [0x00000000e8000000, 0x0000000100000000, 0x0000000100000000)
 Metaspace       used 30967K, capacity 31640K, committed 31996K, reserved 1077248K
  class space    used 3509K, capacity 3735K, committed 3836K, reserved 1048576K
}
2018-06-19T11:48:20.965+0200: 24,398: Total time for which application threads were stopped: 0,0180463 seconds, Stopping threads took: 0,0014421 seconds
{Heap before GC invocations=21 (full 1):
 par new generation   total 109248K, used 95331K [0x00000000e0000000, 0x00000000e8000000, 0x00000000e8000000)
  eden space 87424K, 100% used [0x00000000e0000000, 0x00000000e5560000, 0x00000000e5560000)
  from space 21824K,  36% used [0x00000000e6ab0000, 0x00000000e7268c70, 0x00000000e8000000)
  to   space 21824K,   0% used [0x00000000e5560000, 0x00000000e5560000, 0x00000000e6ab0000)
 concurrent mark-sweep generation total 393216K, used 30942K [0x00000000e8000000, 0x0000000100000000, 0x0000000100000000)
 Metaspace       used 31000K, capacity 31704K, committed 31996K, reserved 1077248K
  class space    used 3509K, capacity 3735K, committed 3836K, reserved 1048576K
2018-06-19T11:48:21.145+0200: 24,579: [GC (Allocation Failure) 2018-06-19T11:48:21.145+0200: 24,579: [ParNew
Desired survivor size 20112992 bytes, new threshold 8 (max 8)
- age   1:    1349928 bytes,    1349928 total
- age   2:    2066560 bytes,    3416488 total
- age   3:    1227088 bytes,    4643576 total
- age   4:     926680 bytes,    5570256 total
- age   5:     985328 bytes,    6555584 total
- age   6:     943088 bytes,    7498672 total
- age   7:     548144 bytes,    8046816 total
- age   8:     110104 bytes,    8156920 total
: 95331K->11643K(109248K), 0,0181948 secs] 126274K->42865K(502464K), 0,0183202 secs] [Times: user=0,04 sys=0,01, real=0,01 secs] 
Heap after GC invocations=22 (full 1):
 par new generation   total 109248K, used 11643K [0x00000000e0000000, 0x00000000e8000000, 0x00000000e8000000)
  eden space 87424K,   0% used [0x00000000e0000000, 0x00000000e0000000, 0x00000000e5560000)
  from space 21824K,  53% used [0x00000000e5560000, 0x00000000e60bed30, 0x00000000e6ab0000)
  to   space 21824K,   0% used [0x00000000e6ab0000, 0x00000000e6ab0000, 0x00000000e8000000)
 concurrent mark-sweep generation total 393216K, used 31222K [0x00000000e8000000, 0x0000000100000000, 0x0000000100000000)
 Metaspace       used 31000K, capacity 31704K, committed 31996K, reserved 1077248K
  class space    used 3509K, capacity 3735K, committed 3836K, reserved 1048576K
}
2018-06-19T11:48:21.164+0200: 24,597: Total time for which application threads were stopped: 0,0188624 seconds, Stopping threads took: 0,0001598 seconds
{Heap before GC invocations=22 (full 1):
 par new generation   total 109248K, used 99042K [0x00000000e0000000, 0x00000000e8000000, 0x00000000e8000000)
  eden space 87424K,  99% used [0x00000000e0000000, 0x00000000e5559b68, 0x00000000e5560000)
  from space 21824K,  53% used [0x00000000e5560000, 0x00000000e60bed30, 0x00000000e6ab0000)
  to   space 21824K,   0% used [0x00000000e6ab0000, 0x00000000e6ab0000, 0x00000000e8000000)
 concurrent mark-sweep generation total 393216K, used 31222K [0x00000000e8000000, 0x0000000100000000, 0x0000000100000000)
 Metaspace       used 31005K, capacity 31704K, committed 31996K, reserved 1077248K
  class space    used 3509K, capacity 3735K, committed 3836K, reserved 1048576K
2018-06-19T11:48:21.266+0200: 24,699: [GC (Allocation Failure) 2018-06-19T11:48:21.266+0200: 24,699: [ParNew
Desired survivor size 20112992 bytes, new threshold 8 (max 8)
- age   1:    1833000 bytes,    1833000 total
- age   2:     913400 bytes,    2746400 total
- age   3:     968968 bytes,    3715368 total
- age   4:     359648 bytes,    4075016 total
- age   5:     386224 bytes,    4461240 total
- age   6:     514576 bytes,    4975816 total
- age   7:     559872 bytes,    5535688 total
- age   8:     236040 bytes,    5771728 total
: 99042K->8138K(109248K), 0,0433154 secs] 130264K->39468K(502464K), 0,0434426 secs] [Times: user=0,12 sys=0,00, real=0,04 secs] 
Heap after GC invocations=23 (full 1):
 par new generation   total 109248K, used 8138K [0x00000000e0000000, 0x00000000e8000000, 0x00000000e8000000)
  eden space 87424K,   0% used [0x00000000e0000000, 0x00000000e0000000, 0x00000000e5560000)
  from space 21824K,  37% used [0x00000000e6ab0000, 0x00000000e72a2948, 0x00000000e8000000)
  to   space 21824K,   0% used [0x00000000e5560000, 0x00000000e5560000, 0x00000000e6ab0000)
 concurrent mark-sweep generation total 393216K, used 31330K [0x00000000e8000000, 0x0000000100000000, 0x0000000100000000)
 Metaspace       used 31005K, capacity 31704K, committed 31996K, reserved 1077248K
  class space    used 3509K, capacity 3735K, committed 3836K, reserved 1048576K
}
2018-06-19T11:48:21.309+0200: 24,743: Total time for which application threads were stopped: 0,0437577 seconds, Stopping threads took: 0,0000619 seconds
{Heap before GC invocations=23 (full 1):
 par new generation   total 109248K, used 95562K [0x00000000e0000000, 0x00000000e8000000, 0x00000000e8000000)
  eden space 87424K, 100% used [0x00000000e0000000, 0x00000000e5560000, 0x00000000e5560000)
  from space 21824K,  37% used [0x00000000e6ab0000, 0x00000000e72a2948, 0x00000000e8000000)
  to   space 21824K,   0% used [0x00000000e5560000, 0x00000000e5560000, 0x00000000e6ab0000)
 concurrent mark-sweep generation total 393216K, used 31330K [0x00000000e8000000, 0x0000000100000000, 0x0000000100000000)
 Metaspace       used 31006K, capacity 31704K, committed 31996K, reserved 1077248K
  class space    used 3509K, capacity 3735K, committed 3836K, reserved 1048576K
2018-06-19T11:48:21.434+0200: 24,867: [GC (Allocation Failure) 2018-06-19T11:48:21.434+0200: 24,867: [ParNew
Desired survivor size 20112992 bytes, new threshold 8 (max 8)
- age   1:    1591224 bytes,    1591224 total
- age   2:    1361536 bytes,    2952760 total
- age   3:     911168 bytes,    3863928 total
- age   4:     579984 bytes,    4443912 total
- age   5:      86352 bytes,    4530264 total
- age   6:      78984 bytes,    4609248 total
- age   7:     234080 bytes,    4843328 total
- age   8:     326944 bytes,    5170272 total
: 95562K->7359K(109248K), 0,0143124 secs] 126892K->38797K(502464K), 0,0143986 secs] [Times: user=0,03 sys=0,00, real=0,01 secs] 
Heap after GC invocations=24 (full 1):
 par new generation   total 109248K, used 7359K [0x00000000e0000000, 0x00000000e8000000, 0x00000000e8000000)
  eden space 87424K,   0% used [0x00000000e0000000, 0x00000000e0000000, 0x00000000e5560000)
  from space 21824K,  33% used [0x00000000e5560000, 0x00000000e5c8fd98, 0x00000000e6ab0000)
  to   space 21824K,   0% used [0x00000000e6ab0000, 0x00000000e6ab0000, 0x00000000e8000000)
 concurrent mark-sweep generation total 393216K, used 31438K [0x00000000e8000000, 0x0000000100000000, 0x0000000100000000)
 Metaspace       used 31006K, capacity 31704K, committed 31996K, reserved 1077248K
  class space    used 3509K, capacity 3735K, committed 3836K, reserved 1048576K
}
2018-06-19T11:48:21.448+0200: 24,882: Total time for which application threads were stopped: 0,0146746 seconds, Stopping threads took: 0,0000536 seconds
{Heap before GC invocations=24 (full 1):
 par new generation   total 109248K, used 94783K [0x00000000e0000000, 0x00000000e8000000, 0x00000000e8000000)
  eden space 87424K, 100% used [0x00000000e0000000, 0x00000000e5560000, 0x00000000e5560000)
  from space 21824K,  33% used [0x00000000e5560000, 0x00000000e5c8fd98, 0x00000000e6ab0000)
  to   space 21824K,   0% used [0x00000000e6ab0000, 0x00000000e6ab0000, 0x00000000e8000000)
 concurrent mark-sweep generation total 393216K, used 31438K [0x00000000e8000000, 0x0000000100000000, 0x0000000100000000)
 Metaspace       used 31009K, capacity 31704K, committed 31996K, reserved 1077248K
  class space    used 3509K, capacity 3735K, committed 3836K, reserved 1048576K
2018-06-19T11:48:21.576+0200: 25,009: [GC (Allocation Failure) 2018-06-19T11:48:21.576+0200: 25,009: [ParNew
Desired survivor size 20112992 bytes, new threshold 8 (max 8)
- age   1:    1985328 bytes,    1985328 total
- age   2:    1000744 bytes,    2986072 total
- age   3:    1164208 bytes,    4150280 total
- age   4:     910568 bytes,    5060848 total
- age   5:     578864 bytes,    5639712 total
- age   6:      86352 bytes,    5726064 total
- age   7:      78936 bytes,    5805000 total
- age   8:     233032 bytes,    6038032 total
: 94783K->6773K(109248K), 0,0302362 secs] 126221K->38531K(502464K), 0,0303338 secs] [Times: user=0,08 sys=0,00, real=0,03 secs] 
Heap after GC invocations=25 (full 1):
 par new generation   total 109248K, used 6773K [0x00000000e0000000, 0x00000000e8000000, 0x00000000e8000000)
  eden space 87424K,   0% used [0x00000000e0000000, 0x00000000e0000000, 0x00000000e5560000)
  from space 21824K,  31% used [0x00000000e6ab0000, 0x00000000e714d660, 0x00000000e8000000)
  to   space 21824K,   0% used [0x00000000e5560000, 0x00000000e5560000, 0x00000000e6ab0000)
 concurrent mark-sweep generation total 393216K, used 31757K [0x00000000e8000000, 0x0000000100000000, 0x0000000100000000)
 Metaspace       used 31009K, capacity 31704K, committed 31996K, reserved 1077248K
  class space    used 3509K, capacity 3735K, committed 3836K, reserved 1048576K
}
2018-06-19T11:48:21.606+0200: 25,040: Total time for which application threads were stopped: 0,0306266 seconds, Stopping threads took: 0,0000462 seconds
{Heap before GC invocations=25 (full 1):
 par new generation   total 109248K, used 94197K [0x00000000e0000000, 0x00000000e8000000, 0x00000000e8000000)
  eden space 87424K, 100% used [0x00000000e0000000, 0x00000000e5560000, 0x00000000e5560000)
  from space 21824K,  31% used [0x00000000e6ab0000, 0x00000000e714d660, 0x00000000e8000000)
  to   space 21824K,   0% used [0x00000000e5560000, 0x00000000e5560000, 0x00000000e6ab0000)
 concurrent mark-sweep generation total 393216K, used 31757K [0x00000000e8000000, 0x0000000100000000, 0x0000000100000000)
 Metaspace       used 31013K, capacity 31704K, committed 31996K, reserved 1077248K
  class space    used 3509K, capacity 3735K, committed 3836K, reserved 1048576K
2018-06-19T11:48:21.713+0200: 25,147: [GC (Allocation Failure) 2018-06-19T11:48:21.713+0200: 25,147: [ParNew
Desired survivor size 20112992 bytes, new threshold 8 (max 8)
- age   1:    1726568 bytes,    1726568 total
- age   2:    1290992 bytes,    3017560 total
- age   3:    1001440 bytes,    4019000 total
- age   4:    1164592 bytes,    5183592 total
- age   5:     911072 bytes,    6094664 total
- age   6:     578936 bytes,    6673600 total
- age   7:      86304 bytes,    6759904 total
- age   8:      78704 bytes,    6838608 total
: 94197K->8924K(109248K), 0,0169824 secs] 125955K->40910K(502464K), 0,0174010 secs] [Times: user=0,04 sys=0,00, real=0,01 secs] 
Heap after GC invocations=26 (full 1):
 par new generation   total 109248K, used 8924K [0x00000000e0000000, 0x00000000e8000000, 0x00000000e8000000)
  eden space 87424K,   0% used [0x00000000e0000000, 0x00000000e0000000, 0x00000000e5560000)
  from space 21824K,  40% used [0x00000000e5560000, 0x00000000e5e17240, 0x00000000e6ab0000)
  to   space 21824K,   0% used [0x00000000e6ab0000, 0x00000000e6ab0000, 0x00000000e8000000)
 concurrent mark-sweep generation total 393216K, used 31985K [0x00000000e8000000, 0x0000000100000000, 0x0000000100000000)
 Metaspace       used 31013K, capacity 31704K, committed 31996K, reserved 1077248K
  class space    used 3509K, capacity 3735K, committed 3836K, reserved 1048576K
}
2018-06-19T11:48:21.731+0200: 25,164: Total time for which application threads were stopped: 0,0182034 seconds, Stopping threads took: 0,0001004 seconds
{Heap before GC invocations=26 (full 1):
 par new generation   total 109248K, used 96317K [0x00000000e0000000, 0x00000000e8000000, 0x00000000e8000000)
  eden space 87424K,  99% used [0x00000000e0000000, 0x00000000e5558508, 0x00000000e5560000)
  from space 21824K,  40% used [0x00000000e5560000, 0x00000000e5e17240, 0x00000000e6ab0000)
  to   space 21824K,   0% used [0x00000000e6ab0000, 0x00000000e6ab0000, 0x00000000e8000000)
 concurrent mark-sweep generation total 393216K, used 31985K [0x00000000e8000000, 0x0000000100000000, 0x0000000100000000)
 Metaspace       used 31035K, capacity 31768K, committed 31996K, reserved 1077248K
  class space    used 3509K, capacity 3735K, committed 3836K, reserved 1048576K
2018-06-19T11:48:21.839+0200: 25,273: [GC (Allocation Failure) 2018-06-19T11:48:21.839+0200: 25,273: [ParNew
Desired survivor size 20112992 bytes, new threshold 8 (max 8)
- age   1:    2103992 bytes,    2103992 total
- age   2:     814776 bytes,    2918768 total
- age   3:    1289072 bytes,    4207840 total
- age   4:     902824 bytes,    5110664 total
- age   5:    1164688 bytes,    6275352 total
- age   6:     911120 bytes,    7186472 total
- age   7:     578984 bytes,    7765456 total
- age   8:      86072 bytes,    7851528 total
: 96317K->9443K(109248K), 0,0253692 secs] 128303K->41505K(502464K), 0,0254615 secs] [Times: user=0,08 sys=0,00, real=0,03 secs] 
Heap after GC invocations=27 (full 1):
 par new generation   total 109248K, used 9443K [0x00000000e0000000, 0x00000000e8000000, 0x00000000e8000000)
  eden space 87424K,   0% used [0x00000000e0000000, 0x00000000e0000000, 0x00000000e5560000)
  from space 21824K,  43% used [0x00000000e6ab0000, 0x00000000e73e8cd0, 0x00000000e8000000)
  to   space 21824K,   0% used [0x00000000e5560000, 0x00000000e5560000, 0x00000000e6ab0000)
 concurrent mark-sweep generation total 393216K, used 32062K [0x00000000e8000000, 0x0000000100000000, 0x0000000100000000)
 Metaspace       used 31035K, capacity 31768K, committed 31996K, reserved 1077248K
  class space    used 3509K, capacity 3735K, committed 3836K, reserved 1048576K
}
2018-06-19T11:48:21.865+0200: 25,299: Total time for which application threads were stopped: 0,0257374 seconds, Stopping threads took: 0,0000431 seconds
2018-06-19T11:48:21.868+0200: 25,301: Total time for which application threads were stopped: 0,0001485 seconds, Stopping threads took: 0,0000537 seconds
2018-06-19T11:48:21.912+0200: 25,346: Total time for which application threads were stopped: 0,0029654 seconds, Stopping threads took: 0,0028470 seconds
2018-06-19T11:48:21.918+0200: 25,352: Total time for which application threads were stopped: 0,0003141 seconds, Stopping threads took: 0,0002008 seconds
2018-06-19T11:48:21.922+0200: 25,356: Total time for which application threads were stopped: 0,0002497 seconds, Stopping threads took: 0,0001248 seconds
{Heap before GC invocations=27 (full 1):
 par new generation   total 109248K, used 96867K [0x00000000e0000000, 0x00000000e8000000, 0x00000000e8000000)
  eden space 87424K, 100% used [0x00000000e0000000, 0x00000000e5560000, 0x00000000e5560000)
  from space 21824K,  43% used [0x00000000e6ab0000, 0x00000000e73e8cd0, 0x00000000e8000000)
  to   space 21824K,   0% used [0x00000000e5560000, 0x00000000e5560000, 0x00000000e6ab0000)
 concurrent mark-sweep generation total 393216K, used 32062K [0x00000000e8000000, 0x0000000100000000, 0x0000000100000000)
 Metaspace       used 31043K, capacity 31768K, committed 31996K, reserved 1077248K
  class space    used 3509K, capacity 3735K, committed 3836K, reserved 1048576K
2018-06-19T11:48:22.038+0200: 25,472: [GC (Allocation Failure) 2018-06-19T11:48:22.038+0200: 25,472: [ParNew
Desired survivor size 20112992 bytes, new threshold 8 (max 8)
- age   1:    1420416 bytes,    1420416 total
- age   2:    2050416 bytes,    3470832 total
- age   3:     814200 bytes,    4285032 total
- age   4:    1288736 bytes,    5573768 total
- age   5:     902368 bytes,    6476136 total
- age   6:    1163880 bytes,    7640016 total
- age   7:     910520 bytes,    8550536 total
- age   8:     578168 bytes,    9128704 total
: 96867K->11709K(109248K), 0,0684513 secs] 128929K->43856K(502464K), 0,0685728 secs] [Times: user=0,20 sys=0,00, real=0,07 secs] 
Heap after GC invocations=28 (full 1):
 par new generation   total 109248K, used 11709K [0x00000000e0000000, 0x00000000e8000000, 0x00000000e8000000)
  eden space 87424K,   0% used [0x00000000e0000000, 0x00000000e0000000, 0x00000000e5560000)
  from space 21824K,  53% used [0x00000000e5560000, 0x00000000e60cf7a0, 0x00000000e6ab0000)
  to   space 21824K,   0% used [0x00000000e6ab0000, 0x00000000e6ab0000, 0x00000000e8000000)
 concurrent mark-sweep generation total 393216K, used 32146K [0x00000000e8000000, 0x0000000100000000, 0x0000000100000000)
 Metaspace       used 31043K, capacity 31768K, committed 31996K, reserved 1077248K
  class space    used 3509K, capacity 3735K, committed 3836K, reserved 1048576K
}
2018-06-19T11:48:22.107+0200: 25,541: Total time for which application threads were stopped: 0,0688665 seconds, Stopping threads took: 0,0000540 seconds
2018-06-19T11:48:22.143+0200: 25,577: Total time for which application threads were stopped: 0,0062848 seconds, Stopping threads took: 0,0061343 seconds
2018-06-19T11:48:22.164+0200: 25,598: Total time for which application threads were stopped: 0,0001827 seconds, Stopping threads took: 0,0000854 seconds
2018-06-19T11:48:22.165+0200: 25,598: Total time for which application threads were stopped: 0,0001335 seconds, Stopping threads took: 0,0000512 seconds
{Heap before GC invocations=28 (full 1):
 par new generation   total 109248K, used 99115K [0x00000000e0000000, 0x00000000e8000000, 0x00000000e8000000)
  eden space 87424K,  99% used [0x00000000e0000000, 0x00000000e555b7e8, 0x00000000e5560000)
  from space 21824K,  53% used [0x00000000e5560000, 0x00000000e60cf7a0, 0x00000000e6ab0000)
  to   space 21824K,   0% used [0x00000000e6ab0000, 0x00000000e6ab0000, 0x00000000e8000000)
 concurrent mark-sweep generation total 393216K, used 32146K [0x00000000e8000000, 0x0000000100000000, 0x0000000100000000)
 Metaspace       used 31055K, capacity 31774K, committed 31996K, reserved 1077248K
  class space    used 3510K, capacity 3736K, committed 3836K, reserved 1048576K
2018-06-19T11:48:22.317+0200: 25,750: [GC (Allocation Failure) 2018-06-19T11:48:22.317+0200: 25,750: [ParNew
Desired survivor size 20112992 bytes, new threshold 8 (max 8)
- age   1:    1675960 bytes,    1675960 total
- age   2:    1112184 bytes,    2788144 total
- age   3:    1963136 bytes,    4751280 total
- age   4:     756840 bytes,    5508120 total
- age   5:    1231376 bytes,    6739496 total
- age   6:     845584 bytes,    7585080 total
- age   7:    1121016 bytes,    8706096 total
- age   8:     858112 bytes,    9564208 total
: 99115K->11285K(109248K), 0,0139507 secs] 131262K->43909K(502464K), 0,0140278 secs] [Times: user=0,05 sys=0,00, real=0,01 secs] 
Heap after GC invocations=29 (full 1):
 par new generation   total 109248K, used 11285K [0x00000000e0000000, 0x00000000e8000000, 0x00000000e8000000)
  eden space 87424K,   0% used [0x00000000e0000000, 0x00000000e0000000, 0x00000000e5560000)
  from space 21824K,  51% used [0x00000000e6ab0000, 0x00000000e75b56e0, 0x00000000e8000000)
  to   space 21824K,   0% used [0x00000000e5560000, 0x00000000e5560000, 0x00000000e6ab0000)
 concurrent mark-sweep generation total 393216K, used 32623K [0x00000000e8000000, 0x0000000100000000, 0x0000000100000000)
 Metaspace       used 31055K, capacity 31774K, committed 31996K, reserved 1077248K
  class space    used 3510K, capacity 3736K, committed 3836K, reserved 1048576K
}
2018-06-19T11:48:22.331+0200: 25,765: Total time for which application threads were stopped: 0,0203178 seconds, Stopping threads took: 0,0060331 seconds
{Heap before GC invocations=29 (full 1):
 par new generation   total 109248K, used 98709K [0x00000000e0000000, 0x00000000e8000000, 0x00000000e8000000)
  eden space 87424K, 100% used [0x00000000e0000000, 0x00000000e5560000, 0x00000000e5560000)
  from space 21824K,  51% used [0x00000000e6ab0000, 0x00000000e75b56e0, 0x00000000e8000000)
  to   space 21824K,   0% used [0x00000000e5560000, 0x00000000e5560000, 0x00000000e6ab0000)
 concurrent mark-sweep generation total 393216K, used 32623K [0x00000000e8000000, 0x0000000100000000, 0x0000000100000000)
 Metaspace       used 31058K, capacity 31774K, committed 31996K, reserved 1077248K
  class space    used 3510K, capacity 3736K, committed 3836K, reserved 1048576K
2018-06-19T11:48:22.426+0200: 25,860: [GC (Allocation Failure) 2018-06-19T11:48:22.426+0200: 25,860: [ParNew
Desired survivor size 20112992 bytes, new threshold 8 (max 8)
- age   1:    1351560 bytes,    1351560 total
- age   2:    1200792 bytes,    2552352 total
- age   3:    1065712 bytes,    3618064 total
- age   4:    1963136 bytes,    5581200 total
- age   5:     756840 bytes,    6338040 total
- age   6:    1231376 bytes,    7569416 total
- age   7:     845536 bytes,    8414952 total
- age   8:    1120784 bytes,    9535736 total
: 98709K->12388K(109248K), 0,0100885 secs] 131333K->45858K(502464K), 0,0101675 secs] [Times: user=0,04 sys=0,00, real=0,01 secs] 
Heap after GC invocations=30 (full 1):
 par new generation   total 109248K, used 12388K [0x00000000e0000000, 0x00000000e8000000, 0x00000000e8000000)
  eden space 87424K,   0% used [0x00000000e0000000, 0x00000000e0000000, 0x00000000e5560000)
  from space 21824K,  56% used [0x00000000e5560000, 0x00000000e6179230, 0x00000000e6ab0000)
  to   space 21824K,   0% used [0x00000000e6ab0000, 0x00000000e6ab0000, 0x00000000e8000000)
 concurrent mark-sweep generation total 393216K, used 33470K [0x00000000e8000000, 0x0000000100000000, 0x0000000100000000)
 Metaspace       used 31058K, capacity 31774K, committed 31996K, reserved 1077248K
  class space    used 3510K, capacity 3736K, committed 3836K, reserved 1048576K
}
2018-06-19T11:48:22.436+0200: 25,870: Total time for which application threads were stopped: 0,0104884 seconds, Stopping threads took: 0,0000677 seconds
2018-06-19T11:48:22.483+0200: 25,917: Total time for which application threads were stopped: 0,0002086 seconds, Stopping threads took: 0,0000668 seconds
2018-06-19T11:48:22.484+0200: 25,918: Total time for which application threads were stopped: 0,0010124 seconds, Stopping threads took: 0,0009093 seconds
2018-06-19T11:48:22.484+0200: 25,918: Total time for which application threads were stopped: 0,0001376 seconds, Stopping threads took: 0,0000565 seconds
{Heap before GC invocations=30 (full 1):
 par new generation   total 109248K, used 99801K [0x00000000e0000000, 0x00000000e8000000, 0x00000000e8000000)
  eden space 87424K,  99% used [0x00000000e0000000, 0x00000000e555d2e8, 0x00000000e5560000)
  from space 21824K,  56% used [0x00000000e5560000, 0x00000000e6179230, 0x00000000e6ab0000)
  to   space 21824K,   0% used [0x00000000e6ab0000, 0x00000000e6ab0000, 0x00000000e8000000)
 concurrent mark-sweep generation total 393216K, used 33470K [0x00000000e8000000, 0x0000000100000000, 0x0000000100000000)
 Metaspace       used 31062K, capacity 31778K, committed 31996K, reserved 1077248K
  class space    used 3510K, capacity 3736K, committed 3836K, reserved 1048576K
2018-06-19T11:48:22.546+0200: 25,979: [GC (Allocation Failure) 2018-06-19T11:48:22.546+0200: 25,980: [ParNew
Desired survivor size 20112992 bytes, new threshold 8 (max 8)
- age   1:    1594952 bytes,    1594952 total
- age   2:     829184 bytes,    2424136 total
- age   3:     796944 bytes,    3221080 total
- age   4:    1063896 bytes,    4284976 total
- age   5:    1794672 bytes,    6079648 total
- age   6:     588776 bytes,    6668424 total
- age   7:    1065600 bytes,    7734024 total
- age   8:     667064 bytes,    8401088 total
: 99801K->12489K(109248K), 0,0263108 secs] 133271K->46933K(502464K), 0,0264840 secs] [Times: user=0,08 sys=0,01, real=0,03 secs] 
Heap after GC invocations=31 (full 1):
 par new generation   total 109248K, used 12489K [0x00000000e0000000, 0x00000000e8000000, 0x00000000e8000000)
  eden space 87424K,   0% used [0x00000000e0000000, 0x00000000e0000000, 0x00000000e5560000)
  from space 21824K,  57% used [0x00000000e6ab0000, 0x00000000e76e2628, 0x00000000e8000000)
  to   space 21824K,   0% used [0x00000000e5560000, 0x00000000e5560000, 0x00000000e6ab0000)
 concurrent mark-sweep generation total 393216K, used 34443K [0x00000000e8000000, 0x0000000100000000, 0x0000000100000000)
 Metaspace       used 31062K, capacity 31778K, committed 31996K, reserved 1077248K
  class space    used 3510K, capacity 3736K, committed 3836K, reserved 1048576K
}
2018-06-19T11:48:22.572+0200: 26,006: Total time for which application threads were stopped: 0,0271086 seconds, Stopping threads took: 0,0001010 seconds
2018-06-19T11:48:22.607+0200: 26,041: Total time for which application threads were stopped: 0,0001361 seconds, Stopping threads took: 0,0000345 seconds
2018-06-19T11:48:22.607+0200: 26,041: Total time for which application threads were stopped: 0,0000783 seconds, Stopping threads took: 0,0000168 seconds
2018-06-19T11:48:22.611+0200: 26,045: Total time for which application threads were stopped: 0,0001494 seconds, Stopping threads took: 0,0000382 seconds
2018-06-19T11:48:22.612+0200: 26,045: Total time for which application threads were stopped: 0,0003553 seconds, Stopping threads took: 0,0000210 seconds
2018-06-19T11:48:22.642+0200: 26,075: Total time for which application threads were stopped: 0,0001241 seconds, Stopping threads took: 0,0000333 seconds
2018-06-19T11:48:22.699+0200: 26,132: Total time for which application threads were stopped: 0,0001487 seconds, Stopping threads took: 0,0000351 seconds
2018-06-19T11:48:22.699+0200: 26,132: Total time for which application threads were stopped: 0,0000611 seconds, Stopping threads took: 0,0000142 seconds
2018-06-19T11:48:22.699+0200: 26,132: Total time for which application threads were stopped: 0,0000533 seconds, Stopping threads took: 0,0000128 seconds
2018-06-19T11:48:22.699+0200: 26,133: Total time for which application threads were stopped: 0,0000556 seconds, Stopping threads took: 0,0000154 seconds
2018-06-19T11:48:22.720+0200: 26,154: Total time for which application threads were stopped: 0,0001416 seconds, Stopping threads took: 0,0000485 seconds
2018-06-19T11:48:22.729+0200: 26,163: Total time for which application threads were stopped: 0,0001530 seconds, Stopping threads took: 0,0000559 seconds
2018-06-19T11:48:22.732+0200: 26,165: Total time for which application threads were stopped: 0,0001400 seconds, Stopping threads took: 0,0000550 seconds
2018-06-19T11:48:22.732+0200: 26,165: Total time for which application threads were stopped: 0,0000839 seconds, Stopping threads took: 0,0000259 seconds
2018-06-19T11:48:22.732+0200: 26,166: Total time for which application threads were stopped: 0,0000948 seconds, Stopping threads took: 0,0000304 seconds
2018-06-19T11:48:22.732+0200: 26,166: Total time for which application threads were stopped: 0,0000754 seconds, Stopping threads took: 0,0000270 seconds
2018-06-19T11:48:22.733+0200: 26,166: Total time for which application threads were stopped: 0,0002048 seconds, Stopping threads took: 0,0000302 seconds
2018-06-19T11:48:23.178+0200: 26,612: Total time for which application threads were stopped: 0,0001477 seconds, Stopping threads took: 0,0000488 seconds
2018-06-19T11:48:23.178+0200: 26,612: Total time for which application threads were stopped: 0,0000448 seconds, Stopping threads took: 0,0000117 seconds
2018-06-19T11:48:23.179+0200: 26,613: Total time for which application threads were stopped: 0,0000743 seconds, Stopping threads took: 0,0000226 seconds
2018-06-19T11:48:23.179+0200: 26,613: Total time for which application threads were stopped: 0,0000453 seconds, Stopping threads took: 0,0000116 seconds
2018-06-19T11:48:23.179+0200: 26,613: Total time for which application threads were stopped: 0,0000364 seconds, Stopping threads took: 0,0000092 seconds
2018-06-19T11:48:23.179+0200: 26,613: Total time for which application threads were stopped: 0,0000617 seconds, Stopping threads took: 0,0000092 seconds
2018-06-19T11:48:23.183+0200: 26,617: Total time for which application threads were stopped: 0,0000986 seconds, Stopping threads took: 0,0000279 seconds
2018-06-19T11:48:23.186+0200: 26,619: Total time for which application threads were stopped: 0,0001284 seconds, Stopping threads took: 0,0000507 seconds
2018-06-19T11:48:23.186+0200: 26,619: Total time for which application threads were stopped: 0,0000681 seconds, Stopping threads took: 0,0000247 seconds
2018-06-19T11:48:23.186+0200: 26,619: Total time for which application threads were stopped: 0,0000513 seconds, Stopping threads took: 0,0000210 seconds
2018-06-19T11:48:23.186+0200: 26,620: Total time for which application threads were stopped: 0,0000798 seconds, Stopping threads took: 0,0000301 seconds
2018-06-19T11:48:24.186+0200: 27,620: Total time for which application threads were stopped: 0,0001104 seconds, Stopping threads took: 0,0000254 seconds
2018-06-19T11:48:27.871+0200: 31,304: Total time for which application threads were stopped: 0,0005485 seconds, Stopping threads took: 0,0000165 seconds
2018-06-19T11:48:27.872+0200: 31,305: Total time for which application threads were stopped: 0,0004988 seconds, Stopping threads took: 0,0000116 seconds
2018-06-19T11:48:27.875+0200: 31,309: Total time for which application threads were stopped: 0,0001146 seconds, Stopping threads took: 0,0000419 seconds
2018-06-19T11:48:27.895+0200: 31,328: Total time for which application threads were stopped: 0,0002559 seconds, Stopping threads took: 0,0001309 seconds
2018-06-19T11:48:27.895+0200: 31,329: Total time for which application threads were stopped: 0,0000941 seconds, Stopping threads took: 0,0000399 seconds
2018-06-19T11:48:27.902+0200: 31,336: Total time for which application threads were stopped: 0,0043819 seconds, Stopping threads took: 0,0042932 seconds
2018-06-19T11:48:27.903+0200: 31,336: Total time for which application threads were stopped: 0,0001039 seconds, Stopping threads took: 0,0000568 seconds
2018-06-19T11:48:27.904+0200: 31,338: Total time for which application threads were stopped: 0,0001194 seconds, Stopping threads took: 0,0000517 seconds
2018-06-19T11:48:27.905+0200: 31,339: Total time for which application threads were stopped: 0,0010224 seconds, Stopping threads took: 0,0009819 seconds
2018-06-19T11:48:27.914+0200: 31,348: Total time for which application threads were stopped: 0,0018864 seconds, Stopping threads took: 0,0017972 seconds
2018-06-19T11:48:27.914+0200: 31,348: Total time for which application threads were stopped: 0,0001273 seconds, Stopping threads took: 0,0000733 seconds
2018-06-19T11:48:27.914+0200: 31,348: Total time for which application threads were stopped: 0,0000924 seconds, Stopping threads took: 0,0000479 seconds
2018-06-19T11:48:27.915+0200: 31,348: Total time for which application threads were stopped: 0,0000909 seconds, Stopping threads took: 0,0000607 seconds
2018-06-19T11:48:27.915+0200: 31,348: Total time for which application threads were stopped: 0,0000661 seconds, Stopping threads took: 0,0000281 seconds
2018-06-19T11:48:27.915+0200: 31,348: Total time for which application threads were stopped: 0,0000548 seconds, Stopping threads took: 0,0000280 seconds
2018-06-19T11:48:27.915+0200: 31,348: Total time for which application threads were stopped: 0,0000603 seconds, Stopping threads took: 0,0000231 seconds
2018-06-19T11:48:27.915+0200: 31,349: Total time for which application threads were stopped: 0,0000722 seconds, Stopping threads took: 0,0000401 seconds
2018-06-19T11:48:27.915+0200: 31,349: Total time for which application threads were stopped: 0,0000536 seconds, Stopping threads took: 0,0000277 seconds
2018-06-19T11:48:27.915+0200: 31,349: Total time for which application threads were stopped: 0,0001335 seconds, Stopping threads took: 0,0000321 seconds
2018-06-19T11:48:27.917+0200: 31,351: Total time for which application threads were stopped: 0,0001192 seconds, Stopping threads took: 0,0000410 seconds
2018-06-19T11:48:27.918+0200: 31,351: Total time for which application threads were stopped: 0,0000561 seconds, Stopping threads took: 0,0000189 seconds
Heap
 par new generation   total 109248K, used 65666K [0x00000000e0000000, 0x00000000e8000000, 0x00000000e8000000)
  eden space 87424K,  60% used [0x00000000e0000000, 0x00000000e33ee1f0, 0x00000000e5560000)
  from space 21824K,  57% used [0x00000000e6ab0000, 0x00000000e76e2628, 0x00000000e8000000)
  to   space 21824K,   0% used [0x00000000e5560000, 0x00000000e5560000, 0x00000000e6ab0000)
 concurrent mark-sweep generation total 393216K, used 34443K [0x00000000e8000000, 0x0000000100000000, 0x0000000100000000)
 Metaspace       used 31200K, capacity 31918K, committed 32252K, reserved 1077248K
  class space    used 3521K, capacity 3738K, committed 3836K, reserved 1048576K
