OpenJDK 64-Bit Server VM (25.171-b11) for linux-amd64 JRE (1.8.0_171-8u171-b11-0ubuntu0.16.04.1-b11), built on Apr 27 2018 17:19:03 by "buildd" with gcc 5.4.0 20160609
Memory: 4k page, physical 7867600k(869708k free), swap 8076284k(8076284k free)
CommandLine flags: -XX:CMSInitiatingOccupancyFraction=50 -XX:CMSMaxAbortablePrecleanTime=6000 -XX:+CMSParallelRemarkEnabled -XX:+CMSScavengeBeforeRemark -XX:ConcGCThreads=4 -XX:InitialHeapSize=536870912 -XX:MaxHeapSize=536870912 -XX:MaxTenuringThreshold=8 -XX:NewRatio=3 -XX:OldPLABSize=16 -XX:OnOutOfMemoryError=/home/gurnoor/workspace/QTM/solr/bin/oom_solr.sh 8983 /home/gurnoor/workspace/QTM/solr/server/logs -XX:ParallelGCThreads=4 -XX:+ParallelRefProcEnabled -XX:PretenureSizeThreshold=67108864 -XX:+PrintGC -XX:+PrintGCApplicationStoppedTime -XX:+PrintGCDateStamps -XX:+PrintGCDetails -XX:+PrintGCTimeStamps -XX:+PrintHeapAtGC -XX:+PrintTenuringDistribution -XX:SurvivorRatio=4 -XX:TargetSurvivorRatio=90 -XX:ThreadStackSize=256 -XX:+UseCMSInitiatingOccupancyOnly -XX:+UseCompressedClassPointers -XX:+UseCompressedOops -XX:+UseConcMarkSweepGC -XX:+UseParNewGC 
2018-06-19T12:20:51.990+0200: 0,115: Total time for which application threads were stopped: 0,0000742 seconds, Stopping threads took: 0,0000137 seconds
2018-06-19T12:20:52.058+0200: 0,182: Total time for which application threads were stopped: 0,0001170 seconds, Stopping threads took: 0,0000246 seconds
2018-06-19T12:20:52.068+0200: 0,193: Total time for which application threads were stopped: 0,0000863 seconds, Stopping threads took: 0,0000194 seconds
2018-06-19T12:20:52.192+0200: 0,316: Total time for which application threads were stopped: 0,0001847 seconds, Stopping threads took: 0,0000202 seconds
2018-06-19T12:20:52.350+0200: 0,474: Total time for which application threads were stopped: 0,0001437 seconds, Stopping threads took: 0,0000149 seconds
2018-06-19T12:20:52.394+0200: 0,519: Total time for which application threads were stopped: 0,0001575 seconds, Stopping threads took: 0,0000169 seconds
2018-06-19T12:20:52.412+0200: 0,536: Total time for which application threads were stopped: 0,0002367 seconds, Stopping threads took: 0,0000435 seconds
2018-06-19T12:20:52.623+0200: 0,747: Total time for which application threads were stopped: 0,0001919 seconds, Stopping threads took: 0,0000177 seconds
2018-06-19T12:20:52.783+0200: 0,907: Total time for which application threads were stopped: 0,0002438 seconds, Stopping threads took: 0,0000253 seconds
2018-06-19T12:20:52.803+0200: 0,927: Total time for which application threads were stopped: 0,0002820 seconds, Stopping threads took: 0,0000612 seconds
2018-06-19T12:20:52.829+0200: 0,953: Total time for which application threads were stopped: 0,0002651 seconds, Stopping threads took: 0,0000254 seconds
2018-06-19T12:20:52.830+0200: 0,954: Total time for which application threads were stopped: 0,0002287 seconds, Stopping threads took: 0,0000221 seconds
2018-06-19T12:20:52.843+0200: 0,967: Total time for which application threads were stopped: 0,0002109 seconds, Stopping threads took: 0,0000250 seconds
2018-06-19T12:20:52.913+0200: 1,037: Total time for which application threads were stopped: 0,0002883 seconds, Stopping threads took: 0,0000242 seconds
2018-06-19T12:20:53.082+0200: 1,206: Total time for which application threads were stopped: 0,0002849 seconds, Stopping threads took: 0,0000457 seconds
{Heap before GC invocations=0 (full 0):
 par new generation   total 109248K, used 87424K [0x00000000e0000000, 0x00000000e8000000, 0x00000000e8000000)
  eden space 87424K, 100% used [0x00000000e0000000, 0x00000000e5560000, 0x00000000e5560000)
  from space 21824K,   0% used [0x00000000e5560000, 0x00000000e5560000, 0x00000000e6ab0000)
  to   space 21824K,   0% used [0x00000000e6ab0000, 0x00000000e6ab0000, 0x00000000e8000000)
 concurrent mark-sweep generation total 393216K, used 0K [0x00000000e8000000, 0x0000000100000000, 0x0000000100000000)
 Metaspace       used 17904K, capacity 18248K, committed 18304K, reserved 1064960K
  class space    used 2026K, capacity 2166K, committed 2176K, reserved 1048576K
2018-06-19T12:20:53.136+0200: 1,260: [GC (Allocation Failure) 2018-06-19T12:20:53.136+0200: 1,260: [ParNew
Desired survivor size 20112992 bytes, new threshold 8 (max 8)
- age   1:   11647096 bytes,   11647096 total
: 87424K->11477K(109248K), 0,0108541 secs] 87424K->11477K(502464K), 0,0109197 secs] [Times: user=0,03 sys=0,01, real=0,01 secs] 
Heap after GC invocations=1 (full 0):
 par new generation   total 109248K, used 11477K [0x00000000e0000000, 0x00000000e8000000, 0x00000000e8000000)
  eden space 87424K,   0% used [0x00000000e0000000, 0x00000000e0000000, 0x00000000e5560000)
  from space 21824K,  52% used [0x00000000e6ab0000, 0x00000000e75e56f8, 0x00000000e8000000)
  to   space 21824K,   0% used [0x00000000e5560000, 0x00000000e5560000, 0x00000000e6ab0000)
 concurrent mark-sweep generation total 393216K, used 0K [0x00000000e8000000, 0x0000000100000000, 0x0000000100000000)
 Metaspace       used 17904K, capacity 18248K, committed 18304K, reserved 1064960K
  class space    used 2026K, capacity 2166K, committed 2176K, reserved 1048576K
}
2018-06-19T12:20:53.147+0200: 1,271: Total time for which application threads were stopped: 0,0153362 seconds, Stopping threads took: 0,0041996 seconds
2018-06-19T12:20:53.403+0200: 1,528: Total time for which application threads were stopped: 0,0004703 seconds, Stopping threads took: 0,0000678 seconds
2018-06-19T12:20:53.460+0200: 1,584: Total time for which application threads were stopped: 0,0003727 seconds, Stopping threads took: 0,0000432 seconds
{Heap before GC invocations=1 (full 0):
 par new generation   total 109248K, used 98901K [0x00000000e0000000, 0x00000000e8000000, 0x00000000e8000000)
  eden space 87424K, 100% used [0x00000000e0000000, 0x00000000e5560000, 0x00000000e5560000)
  from space 21824K,  52% used [0x00000000e6ab0000, 0x00000000e75e56f8, 0x00000000e8000000)
  to   space 21824K,   0% used [0x00000000e5560000, 0x00000000e5560000, 0x00000000e6ab0000)
 concurrent mark-sweep generation total 393216K, used 0K [0x00000000e8000000, 0x0000000100000000, 0x0000000100000000)
 Metaspace       used 20123K, capacity 20482K, committed 20736K, reserved 1067008K
  class space    used 2298K, capacity 2465K, committed 2560K, reserved 1048576K
2018-06-19T12:20:53.463+0200: 1,587: [GC (Allocation Failure) 2018-06-19T12:20:53.463+0200: 1,587: [ParNew
Desired survivor size 20112992 bytes, new threshold 8 (max 8)
- age   1:    3199016 bytes,    3199016 total
- age   2:    6172376 bytes,    9371392 total
: 98901K->14688K(109248K), 0,0171824 secs] 98901K->14688K(502464K), 0,0172556 secs] [Times: user=0,04 sys=0,00, real=0,02 secs] 
Heap after GC invocations=2 (full 0):
 par new generation   total 109248K, used 14688K [0x00000000e0000000, 0x00000000e8000000, 0x00000000e8000000)
  eden space 87424K,   0% used [0x00000000e0000000, 0x00000000e0000000, 0x00000000e5560000)
  from space 21824K,  67% used [0x00000000e5560000, 0x00000000e63b8380, 0x00000000e6ab0000)
  to   space 21824K,   0% used [0x00000000e6ab0000, 0x00000000e6ab0000, 0x00000000e8000000)
 concurrent mark-sweep generation total 393216K, used 0K [0x00000000e8000000, 0x0000000100000000, 0x0000000100000000)
 Metaspace       used 20123K, capacity 20482K, committed 20736K, reserved 1067008K
  class space    used 2298K, capacity 2465K, committed 2560K, reserved 1048576K
}
2018-06-19T12:20:53.480+0200: 1,605: Total time for which application threads were stopped: 0,0174818 seconds, Stopping threads took: 0,0000474 seconds
2018-06-19T12:20:53.510+0200: 1,634: Total time for which application threads were stopped: 0,0004420 seconds, Stopping threads took: 0,0000616 seconds
2018-06-19T12:20:53.643+0200: 1,767: Total time for which application threads were stopped: 0,0002525 seconds, Stopping threads took: 0,0000555 seconds
{Heap before GC invocations=2 (full 0):
 par new generation   total 109248K, used 102112K [0x00000000e0000000, 0x00000000e8000000, 0x00000000e8000000)
  eden space 87424K, 100% used [0x00000000e0000000, 0x00000000e5560000, 0x00000000e5560000)
  from space 21824K,  67% used [0x00000000e5560000, 0x00000000e63b8380, 0x00000000e6ab0000)
  to   space 21824K,   0% used [0x00000000e6ab0000, 0x00000000e6ab0000, 0x00000000e8000000)
 concurrent mark-sweep generation total 393216K, used 0K [0x00000000e8000000, 0x0000000100000000, 0x0000000100000000)
 Metaspace       used 21039K, capacity 21404K, committed 21628K, reserved 1069056K
  class space    used 2421K, capacity 2584K, committed 2684K, reserved 1048576K
2018-06-19T12:20:53.688+0200: 1,812: [GC (Allocation Failure) 2018-06-19T12:20:53.688+0200: 1,812: [ParNew
Desired survivor size 20112992 bytes, new threshold 8 (max 8)
- age   1:    2081912 bytes,    2081912 total
- age   2:     802192 bytes,    2884104 total
- age   3:    6172104 bytes,    9056208 total
: 102112K->11341K(109248K), 0,0122139 secs] 102112K->11341K(502464K), 0,0123331 secs] [Times: user=0,03 sys=0,00, real=0,01 secs] 
Heap after GC invocations=3 (full 0):
 par new generation   total 109248K, used 11341K [0x00000000e0000000, 0x00000000e8000000, 0x00000000e8000000)
  eden space 87424K,   0% used [0x00000000e0000000, 0x00000000e0000000, 0x00000000e5560000)
  from space 21824K,  51% used [0x00000000e6ab0000, 0x00000000e75c3458, 0x00000000e8000000)
  to   space 21824K,   0% used [0x00000000e5560000, 0x00000000e5560000, 0x00000000e6ab0000)
 concurrent mark-sweep generation total 393216K, used 0K [0x00000000e8000000, 0x0000000100000000, 0x0000000100000000)
 Metaspace       used 21039K, capacity 21404K, committed 21628K, reserved 1069056K
  class space    used 2421K, capacity 2584K, committed 2684K, reserved 1048576K
}
2018-06-19T12:20:53.700+0200: 1,824: Total time for which application threads were stopped: 0,0125992 seconds, Stopping threads took: 0,0000758 seconds
2018-06-19T12:20:53.701+0200: 1,825: [GC (CMS Initial Mark) [1 CMS-initial-mark: 0K(393216K)] 12047K(502464K), 0,0030531 secs] [Times: user=0,01 sys=0,00, real=0,01 secs] 
2018-06-19T12:20:53.704+0200: 1,828: Total time for which application threads were stopped: 0,0032079 seconds, Stopping threads took: 0,0000451 seconds
2018-06-19T12:20:53.704+0200: 1,828: [CMS-concurrent-mark-start]
2018-06-19T12:20:53.705+0200: 1,829: [CMS-concurrent-mark: 0,001/0,001 secs] [Times: user=0,00 sys=0,00, real=0,00 secs] 
2018-06-19T12:20:53.705+0200: 1,829: [CMS-concurrent-preclean-start]
2018-06-19T12:20:53.706+0200: 1,830: [CMS-concurrent-preclean: 0,001/0,001 secs] [Times: user=0,00 sys=0,00, real=0,00 secs] 
2018-06-19T12:20:53.706+0200: 1,830: [CMS-concurrent-abortable-preclean-start]
2018-06-19T12:20:53.752+0200: 1,876: Total time for which application threads were stopped: 0,0001778 seconds, Stopping threads took: 0,0000629 seconds
{Heap before GC invocations=3 (full 1):
 par new generation   total 109248K, used 98765K [0x00000000e0000000, 0x00000000e8000000, 0x00000000e8000000)
  eden space 87424K, 100% used [0x00000000e0000000, 0x00000000e5560000, 0x00000000e5560000)
  from space 21824K,  51% used [0x00000000e6ab0000, 0x00000000e75c3458, 0x00000000e8000000)
  to   space 21824K,   0% used [0x00000000e5560000, 0x00000000e5560000, 0x00000000e6ab0000)
 concurrent mark-sweep generation total 393216K, used 0K [0x00000000e8000000, 0x0000000100000000, 0x0000000100000000)
 Metaspace       used 21302K, capacity 21674K, committed 21884K, reserved 1069056K
  class space    used 2447K, capacity 2598K, committed 2684K, reserved 1048576K
2018-06-19T12:20:53.842+0200: 1,966: [GC (Allocation Failure) 2018-06-19T12:20:53.842+0200: 1,966: [ParNew
Desired survivor size 20112992 bytes, new threshold 8 (max 8)
- age   1:    1617280 bytes,    1617280 total
- age   2:    1450792 bytes,    3068072 total
- age   3:     798536 bytes,    3866608 total
- age   4:    6170528 bytes,   10037136 total
: 98765K->13409K(109248K), 0,0103156 secs] 98765K->13409K(502464K), 0,0104066 secs] [Times: user=0,03 sys=0,01, real=0,02 secs] 
Heap after GC invocations=4 (full 1):
 par new generation   total 109248K, used 13409K [0x00000000e0000000, 0x00000000e8000000, 0x00000000e8000000)
  eden space 87424K,   0% used [0x00000000e0000000, 0x00000000e0000000, 0x00000000e5560000)
  from space 21824K,  61% used [0x00000000e5560000, 0x00000000e62785b8, 0x00000000e6ab0000)
  to   space 21824K,   0% used [0x00000000e6ab0000, 0x00000000e6ab0000, 0x00000000e8000000)
 concurrent mark-sweep generation total 393216K, used 0K [0x00000000e8000000, 0x0000000100000000, 0x0000000100000000)
 Metaspace       used 21302K, capacity 21674K, committed 21884K, reserved 1069056K
  class space    used 2447K, capacity 2598K, committed 2684K, reserved 1048576K
}
2018-06-19T12:20:53.853+0200: 1,977: Total time for which application threads were stopped: 0,0106769 seconds, Stopping threads took: 0,0000819 seconds
2018-06-19T12:20:53.853+0200: 1,977: [CMS-concurrent-abortable-preclean: 0,103/0,146 secs] [Times: user=0,56 sys=0,01, real=0,15 secs] 
2018-06-19T12:20:53.853+0200: 1,977: [GC (CMS Final Remark) [YG occupancy: 14071 K (109248 K)]{Heap before GC invocations=4 (full 1):
 par new generation   total 109248K, used 14071K [0x00000000e0000000, 0x00000000e8000000, 0x00000000e8000000)
  eden space 87424K,   0% used [0x00000000e0000000, 0x00000000e00a58e0, 0x00000000e5560000)
  from space 21824K,  61% used [0x00000000e5560000, 0x00000000e62785b8, 0x00000000e6ab0000)
  to   space 21824K,   0% used [0x00000000e6ab0000, 0x00000000e6ab0000, 0x00000000e8000000)
 concurrent mark-sweep generation total 393216K, used 0K [0x00000000e8000000, 0x0000000100000000, 0x0000000100000000)
 Metaspace       used 21302K, capacity 21674K, committed 21884K, reserved 1069056K
  class space    used 2447K, capacity 2598K, committed 2684K, reserved 1048576K
2018-06-19T12:20:53.853+0200: 1,977: [GC (CMS Final Remark) 2018-06-19T12:20:53.853+0200: 1,977: [ParNew
Desired survivor size 20112992 bytes, new threshold 8 (max 8)
- age   1:      16928 bytes,      16928 total
- age   2:    1473928 bytes,    1490856 total
- age   3:    1450792 bytes,    2941648 total
- age   4:     798536 bytes,    3740184 total
- age   5:    6170552 bytes,    9910736 total
: 14071K->12580K(109248K), 0,0147322 secs] 14071K->12580K(502464K), 0,0147906 secs] [Times: user=0,05 sys=0,00, real=0,01 secs] 
Heap after GC invocations=5 (full 1):
 par new generation   total 109248K, used 12580K [0x00000000e0000000, 0x00000000e8000000, 0x00000000e8000000)
  eden space 87424K,   0% used [0x00000000e0000000, 0x00000000e0000000, 0x00000000e5560000)
  from space 21824K,  57% used [0x00000000e6ab0000, 0x00000000e76f91d0, 0x00000000e8000000)
  to   space 21824K,   0% used [0x00000000e5560000, 0x00000000e5560000, 0x00000000e6ab0000)
 concurrent mark-sweep generation total 393216K, used 0K [0x00000000e8000000, 0x0000000100000000, 0x0000000100000000)
 Metaspace       used 21302K, capacity 21674K, committed 21884K, reserved 1069056K
  class space    used 2447K, capacity 2598K, committed 2684K, reserved 1048576K
}
2018-06-19T12:20:53.868+0200: 1,992: [Rescan (parallel) , 0,0037621 secs]2018-06-19T12:20:53.872+0200: 1,996: [weak refs processing, 0,0025629 secs]2018-06-19T12:20:53.874+0200: 1,999: [class unloading, 0,0030410 secs]2018-06-19T12:20:53.877+0200: 2,002: [scrub symbol table, 0,0026836 secs]2018-06-19T12:20:53.880+0200: 2,004: [scrub string table, 0,0003946 secs][1 CMS-remark: 0K(393216K)] 12580K(502464K), 0,0279505 secs] [Times: user=0,07 sys=0,00, real=0,02 secs] 
2018-06-19T12:20:53.881+0200: 2,005: Total time for which application threads were stopped: 0,0281202 seconds, Stopping threads took: 0,0000507 seconds
2018-06-19T12:20:53.881+0200: 2,005: [CMS-concurrent-sweep-start]
2018-06-19T12:20:53.881+0200: 2,005: [CMS-concurrent-sweep: 0,000/0,000 secs] [Times: user=0,00 sys=0,00, real=0,00 secs] 
2018-06-19T12:20:53.881+0200: 2,005: [CMS-concurrent-reset-start]
2018-06-19T12:20:53.885+0200: 2,009: [CMS-concurrent-reset: 0,003/0,003 secs] [Times: user=0,01 sys=0,01, real=0,01 secs] 
{Heap before GC invocations=5 (full 1):
 par new generation   total 109248K, used 100004K [0x00000000e0000000, 0x00000000e8000000, 0x00000000e8000000)
  eden space 87424K, 100% used [0x00000000e0000000, 0x00000000e5560000, 0x00000000e5560000)
  from space 21824K,  57% used [0x00000000e6ab0000, 0x00000000e76f91d0, 0x00000000e8000000)
  to   space 21824K,   0% used [0x00000000e5560000, 0x00000000e5560000, 0x00000000e6ab0000)
 concurrent mark-sweep generation total 393216K, used 0K [0x00000000e8000000, 0x0000000100000000, 0x0000000100000000)
 Metaspace       used 21454K, capacity 21782K, committed 21884K, reserved 1069056K
  class space    used 2469K, capacity 2632K, committed 2684K, reserved 1048576K
2018-06-19T12:20:53.970+0200: 2,094: [GC (Allocation Failure) 2018-06-19T12:20:53.970+0200: 2,094: [ParNew
Desired survivor size 20112992 bytes, new threshold 8 (max 8)
- age   1:    1176424 bytes,    1176424 total
- age   3:     185968 bytes,    1362392 total
- age   4:    1449952 bytes,    2812344 total
- age   5:     794584 bytes,    3606928 total
- age   6:    6170576 bytes,    9777504 total
: 100004K->11311K(109248K), 0,0095747 secs] 100004K->11311K(502464K), 0,0096595 secs] [Times: user=0,04 sys=0,00, real=0,01 secs] 
Heap after GC invocations=6 (full 1):
 par new generation   total 109248K, used 11311K [0x00000000e0000000, 0x00000000e8000000, 0x00000000e8000000)
  eden space 87424K,   0% used [0x00000000e0000000, 0x00000000e0000000, 0x00000000e5560000)
  from space 21824K,  51% used [0x00000000e5560000, 0x00000000e606bd40, 0x00000000e6ab0000)
  to   space 21824K,   0% used [0x00000000e6ab0000, 0x00000000e6ab0000, 0x00000000e8000000)
 concurrent mark-sweep generation total 393216K, used 0K [0x00000000e8000000, 0x0000000100000000, 0x0000000100000000)
 Metaspace       used 21454K, capacity 21782K, committed 21884K, reserved 1069056K
  class space    used 2469K, capacity 2632K, committed 2684K, reserved 1048576K
}
2018-06-19T12:20:53.979+0200: 2,104: Total time for which application threads were stopped: 0,0105257 seconds, Stopping threads took: 0,0007095 seconds
2018-06-19T12:20:54.013+0200: 2,137: Total time for which application threads were stopped: 0,0004445 seconds, Stopping threads took: 0,0000313 seconds
2018-06-19T12:20:54.260+0200: 2,384: Total time for which application threads were stopped: 0,0005858 seconds, Stopping threads took: 0,0000524 seconds
2018-06-19T12:20:54.273+0200: 2,397: Total time for which application threads were stopped: 0,0003402 seconds, Stopping threads took: 0,0000242 seconds
{Heap before GC invocations=6 (full 1):
 par new generation   total 109248K, used 98735K [0x00000000e0000000, 0x00000000e8000000, 0x00000000e8000000)
  eden space 87424K, 100% used [0x00000000e0000000, 0x00000000e5560000, 0x00000000e5560000)
  from space 21824K,  51% used [0x00000000e5560000, 0x00000000e606bd40, 0x00000000e6ab0000)
  to   space 21824K,   0% used [0x00000000e6ab0000, 0x00000000e6ab0000, 0x00000000e8000000)
 concurrent mark-sweep generation total 393216K, used 0K [0x00000000e8000000, 0x0000000100000000, 0x0000000100000000)
 Metaspace       used 25484K, capacity 26000K, committed 26236K, reserved 1073152K
  class space    used 2950K, capacity 3149K, committed 3196K, reserved 1048576K
2018-06-19T12:20:54.563+0200: 2,687: [GC (Allocation Failure) 2018-06-19T12:20:54.563+0200: 2,687: [ParNew
Desired survivor size 20112992 bytes, new threshold 8 (max 8)
- age   1:    6592088 bytes,    6592088 total
- age   2:     123416 bytes,    6715504 total
- age   4:     182296 bytes,    6897800 total
- age   5:     277368 bytes,    7175168 total
- age   6:     774568 bytes,    7949736 total
- age   7:    6163568 bytes,   14113304 total
: 98735K->18940K(109248K), 0,0150096 secs] 98735K->18940K(502464K), 0,0150924 secs] [Times: user=0,03 sys=0,00, real=0,02 secs] 
Heap after GC invocations=7 (full 1):
 par new generation   total 109248K, used 18940K [0x00000000e0000000, 0x00000000e8000000, 0x00000000e8000000)
  eden space 87424K,   0% used [0x00000000e0000000, 0x00000000e0000000, 0x00000000e5560000)
  from space 21824K,  86% used [0x00000000e6ab0000, 0x00000000e7d2f200, 0x00000000e8000000)
  to   space 21824K,   0% used [0x00000000e5560000, 0x00000000e5560000, 0x00000000e6ab0000)
 concurrent mark-sweep generation total 393216K, used 0K [0x00000000e8000000, 0x0000000100000000, 0x0000000100000000)
 Metaspace       used 25484K, capacity 26000K, committed 26236K, reserved 1073152K
  class space    used 2950K, capacity 3149K, committed 3196K, reserved 1048576K
}
2018-06-19T12:20:54.578+0200: 2,702: Total time for which application threads were stopped: 0,0154578 seconds, Stopping threads took: 0,0000503 seconds
2018-06-19T12:20:54.684+0200: 2,809: Total time for which application threads were stopped: 0,0043910 seconds, Stopping threads took: 0,0038239 seconds
2018-06-19T12:20:54.699+0200: 2,823: Total time for which application threads were stopped: 0,0004673 seconds, Stopping threads took: 0,0000747 seconds
2018-06-19T12:20:54.768+0200: 2,892: Total time for which application threads were stopped: 0,0006057 seconds, Stopping threads took: 0,0000576 seconds
2018-06-19T12:20:54.879+0200: 3,003: Total time for which application threads were stopped: 0,0009046 seconds, Stopping threads took: 0,0002476 seconds
{Heap before GC invocations=7 (full 1):
 par new generation   total 109248K, used 106364K [0x00000000e0000000, 0x00000000e8000000, 0x00000000e8000000)
  eden space 87424K, 100% used [0x00000000e0000000, 0x00000000e5560000, 0x00000000e5560000)
  from space 21824K,  86% used [0x00000000e6ab0000, 0x00000000e7d2f200, 0x00000000e8000000)
  to   space 21824K,   0% used [0x00000000e5560000, 0x00000000e5560000, 0x00000000e6ab0000)
 concurrent mark-sweep generation total 393216K, used 0K [0x00000000e8000000, 0x0000000100000000, 0x0000000100000000)
 Metaspace       used 28039K, capacity 28684K, committed 28796K, reserved 1075200K
  class space    used 3222K, capacity 3417K, committed 3452K, reserved 1048576K
2018-06-19T12:20:55.013+0200: 3,138: [GC (Allocation Failure) 2018-06-19T12:20:55.013+0200: 3,138: [ParNew
Desired survivor size 20112992 bytes, new threshold 8 (max 8)
- age   1:   11722504 bytes,   11722504 total
- age   2:    3109056 bytes,   14831560 total
- age   3:     123416 bytes,   14954976 total
- age   5:     182120 bytes,   15137096 total
- age   6:     277120 bytes,   15414216 total
- age   7:     766096 bytes,   16180312 total
- age   8:    6156920 bytes,   22337232 total
: 106364K->21824K(109248K), 0,0294999 secs] 106364K->23343K(502464K), 0,0296286 secs] [Times: user=0,09 sys=0,02, real=0,02 secs] 
Heap after GC invocations=8 (full 1):
 par new generation   total 109248K, used 21824K [0x00000000e0000000, 0x00000000e8000000, 0x00000000e8000000)
  eden space 87424K,   0% used [0x00000000e0000000, 0x00000000e0000000, 0x00000000e5560000)
  from space 21824K, 100% used [0x00000000e5560000, 0x00000000e6ab0000, 0x00000000e6ab0000)
  to   space 21824K,   0% used [0x00000000e6ab0000, 0x00000000e6ab0000, 0x00000000e8000000)
 concurrent mark-sweep generation total 393216K, used 1519K [0x00000000e8000000, 0x0000000100000000, 0x0000000100000000)
 Metaspace       used 28039K, capacity 28684K, committed 28796K, reserved 1075200K
  class space    used 3222K, capacity 3417K, committed 3452K, reserved 1048576K
}
2018-06-19T12:20:55.043+0200: 3,167: Total time for which application threads were stopped: 0,0301015 seconds, Stopping threads took: 0,0001166 seconds
{Heap before GC invocations=8 (full 1):
 par new generation   total 109248K, used 109248K [0x00000000e0000000, 0x00000000e8000000, 0x00000000e8000000)
  eden space 87424K, 100% used [0x00000000e0000000, 0x00000000e5560000, 0x00000000e5560000)
  from space 21824K, 100% used [0x00000000e5560000, 0x00000000e6ab0000, 0x00000000e6ab0000)
  to   space 21824K,   0% used [0x00000000e6ab0000, 0x00000000e6ab0000, 0x00000000e8000000)
 concurrent mark-sweep generation total 393216K, used 1519K [0x00000000e8000000, 0x0000000100000000, 0x0000000100000000)
 Metaspace       used 28076K, capacity 28712K, committed 29052K, reserved 1075200K
  class space    used 3225K, capacity 3422K, committed 3452K, reserved 1048576K
2018-06-19T12:20:55.149+0200: 3,273: [GC (Allocation Failure) 2018-06-19T12:20:55.149+0200: 3,273: [ParNew
Desired survivor size 20112992 bytes, new threshold 8 (max 8)
- age   1:    1428640 bytes,    1428640 total
- age   2:   10542192 bytes,   11970832 total
- age   3:    3106456 bytes,   15077288 total
- age   4:     123416 bytes,   15200704 total
- age   6:     181912 bytes,   15382616 total
- age   7:     277096 bytes,   15659712 total
- age   8:     766096 bytes,   16425808 total
: 109248K->20132K(109248K), 0,0584630 secs] 110767K->27736K(502464K), 0,0585571 secs] [Times: user=0,17 sys=0,01, real=0,06 secs] 
Heap after GC invocations=9 (full 1):
 par new generation   total 109248K, used 20132K [0x00000000e0000000, 0x00000000e8000000, 0x00000000e8000000)
  eden space 87424K,   0% used [0x00000000e0000000, 0x00000000e0000000, 0x00000000e5560000)
  from space 21824K,  92% used [0x00000000e6ab0000, 0x00000000e7e59020, 0x00000000e8000000)
  to   space 21824K,   0% used [0x00000000e5560000, 0x00000000e5560000, 0x00000000e6ab0000)
 concurrent mark-sweep generation total 393216K, used 7604K [0x00000000e8000000, 0x0000000100000000, 0x0000000100000000)
 Metaspace       used 28076K, capacity 28712K, committed 29052K, reserved 1075200K
  class space    used 3225K, capacity 3422K, committed 3452K, reserved 1048576K
}
2018-06-19T12:20:55.208+0200: 3,332: Total time for which application threads were stopped: 0,0588411 seconds, Stopping threads took: 0,0000749 seconds
{Heap before GC invocations=9 (full 1):
 par new generation   total 109248K, used 107556K [0x00000000e0000000, 0x00000000e8000000, 0x00000000e8000000)
  eden space 87424K, 100% used [0x00000000e0000000, 0x00000000e5560000, 0x00000000e5560000)
  from space 21824K,  92% used [0x00000000e6ab0000, 0x00000000e7e59020, 0x00000000e8000000)
  to   space 21824K,   0% used [0x00000000e5560000, 0x00000000e5560000, 0x00000000e6ab0000)
 concurrent mark-sweep generation total 393216K, used 7604K [0x00000000e8000000, 0x0000000100000000, 0x0000000100000000)
 Metaspace       used 28165K, capacity 28786K, committed 29052K, reserved 1075200K
  class space    used 3226K, capacity 3424K, committed 3452K, reserved 1048576K
2018-06-19T12:20:55.368+0200: 3,492: [GC (Allocation Failure) 2018-06-19T12:20:55.368+0200: 3,492: [ParNew
Desired survivor size 20112992 bytes, new threshold 8 (max 8)
- age   1:     942328 bytes,     942328 total
- age   2:     154576 bytes,    1096904 total
- age   3:   10542192 bytes,   11639096 total
- age   4:    3106456 bytes,   14745552 total
- age   5:     123416 bytes,   14868968 total
- age   7:     181912 bytes,   15050880 total
- age   8:     277096 bytes,   15327976 total
: 107556K->21824K(109248K), 0,0181211 secs] 115160K->30189K(502464K), 0,0182366 secs] [Times: user=0,06 sys=0,00, real=0,02 secs] 
Heap after GC invocations=10 (full 1):
 par new generation   total 109248K, used 21824K [0x00000000e0000000, 0x00000000e8000000, 0x00000000e8000000)
  eden space 87424K,   0% used [0x00000000e0000000, 0x00000000e0000000, 0x00000000e5560000)
  from space 21824K, 100% used [0x00000000e5560000, 0x00000000e6ab0000, 0x00000000e6ab0000)
  to   space 21824K,   0% used [0x00000000e6ab0000, 0x00000000e6ab0000, 0x00000000e8000000)
 concurrent mark-sweep generation total 393216K, used 8365K [0x00000000e8000000, 0x0000000100000000, 0x0000000100000000)
 Metaspace       used 28165K, capacity 28786K, committed 29052K, reserved 1075200K
  class space    used 3226K, capacity 3424K, committed 3452K, reserved 1048576K
}
2018-06-19T12:20:55.386+0200: 3,510: Total time for which application threads were stopped: 0,0185503 seconds, Stopping threads took: 0,0000596 seconds
2018-06-19T12:20:55.930+0200: 4,055: Total time for which application threads were stopped: 0,0003887 seconds, Stopping threads took: 0,0000199 seconds
2018-06-19T12:21:01.862+0200: 9,986: Total time for which application threads were stopped: 0,0000662 seconds, Stopping threads took: 0,0000142 seconds
2018-06-19T12:21:01.866+0200: 9,990: Total time for which application threads were stopped: 0,0000663 seconds, Stopping threads took: 0,0000164 seconds
2018-06-19T12:21:01.884+0200: 10,008: Total time for which application threads were stopped: 0,0004650 seconds, Stopping threads took: 0,0000253 seconds
2018-06-19T12:21:01.899+0200: 10,023: Total time for which application threads were stopped: 0,0000771 seconds, Stopping threads took: 0,0000191 seconds
2018-06-19T12:21:01.899+0200: 10,023: Total time for which application threads were stopped: 0,0000432 seconds, Stopping threads took: 0,0000166 seconds
2018-06-19T12:21:01.955+0200: 10,079: Total time for which application threads were stopped: 0,0000981 seconds, Stopping threads took: 0,0000246 seconds
2018-06-19T12:21:01.958+0200: 10,082: Total time for which application threads were stopped: 0,0001070 seconds, Stopping threads took: 0,0000229 seconds
2018-06-19T12:21:01.983+0200: 10,107: Total time for which application threads were stopped: 0,0001112 seconds, Stopping threads took: 0,0000296 seconds
2018-06-19T12:21:01.991+0200: 10,115: Total time for which application threads were stopped: 0,0001377 seconds, Stopping threads took: 0,0000519 seconds
2018-06-19T12:21:02.005+0200: 10,129: Total time for which application threads were stopped: 0,0001316 seconds, Stopping threads took: 0,0000625 seconds
2018-06-19T12:21:02.082+0200: 10,207: Total time for which application threads were stopped: 0,0001314 seconds, Stopping threads took: 0,0000320 seconds
2018-06-19T12:22:03.091+0200: 71,215: Total time for which application threads were stopped: 0,0000858 seconds, Stopping threads took: 0,0000234 seconds
2018-06-19T12:22:18.093+0200: 86,217: Total time for which application threads were stopped: 0,0000944 seconds, Stopping threads took: 0,0000397 seconds
2018-06-19T12:23:47.103+0200: 175,227: Total time for which application threads were stopped: 0,0000927 seconds, Stopping threads took: 0,0000351 seconds
2018-06-19T12:25:22.114+0200: 270,238: Total time for which application threads were stopped: 0,0001124 seconds, Stopping threads took: 0,0000412 seconds
2018-06-19T13:58:11.295+0200: 1330,660: Total time for which application threads were stopped: 0,0001255 seconds, Stopping threads took: 0,0000399 seconds
2018-06-19T14:03:46.332+0200: 1665,697: Total time for which application threads were stopped: 0,0001003 seconds, Stopping threads took: 0,0000396 seconds
2018-06-19T14:12:07.389+0200: 2166,754: Total time for which application threads were stopped: 0,0001346 seconds, Stopping threads took: 0,0000516 seconds
2018-06-19T14:12:11.389+0200: 2170,755: Total time for which application threads were stopped: 0,0000921 seconds, Stopping threads took: 0,0000212 seconds
2018-06-19T14:30:17.531+0200: 3256,896: Total time for which application threads were stopped: 0,0002531 seconds, Stopping threads took: 0,0000904 seconds
2018-06-19T14:32:37.068+0200: 3396,436: Total time for which application threads were stopped: 0,0037400 seconds, Stopping threads took: 0,0000489 seconds
2018-06-19T14:32:37.073+0200: 3396,438: Total time for which application threads were stopped: 0,0014102 seconds, Stopping threads took: 0,0012314 seconds
2018-06-19T14:32:37.073+0200: 3396,438: Total time for which application threads were stopped: 0,0001692 seconds, Stopping threads took: 0,0000758 seconds
2018-06-19T14:32:37.074+0200: 3396,439: Total time for which application threads were stopped: 0,0001321 seconds, Stopping threads took: 0,0000217 seconds
2018-06-19T14:32:37.077+0200: 3396,443: Total time for which application threads were stopped: 0,0000863 seconds, Stopping threads took: 0,0000194 seconds
2018-06-19T14:32:37.078+0200: 3396,443: Total time for which application threads were stopped: 0,0000934 seconds, Stopping threads took: 0,0000372 seconds
2018-06-19T14:32:37.078+0200: 3396,443: Total time for which application threads were stopped: 0,0000758 seconds, Stopping threads took: 0,0000226 seconds
2018-06-19T14:32:38.079+0200: 3397,444: Total time for which application threads were stopped: 0,0008198 seconds, Stopping threads took: 0,0001335 seconds
2018-06-19T14:32:38.281+0200: 3397,647: Total time for which application threads were stopped: 0,0006450 seconds, Stopping threads took: 0,0001320 seconds
2018-06-19T14:32:38.307+0200: 3397,672: Total time for which application threads were stopped: 0,0013879 seconds, Stopping threads took: 0,0012195 seconds
2018-06-19T14:32:38.308+0200: 3397,674: Total time for which application threads were stopped: 0,0004683 seconds, Stopping threads took: 0,0002846 seconds
2018-06-19T14:32:38.334+0200: 3397,700: Total time for which application threads were stopped: 0,0002618 seconds, Stopping threads took: 0,0001678 seconds
2018-06-19T14:32:38.336+0200: 3397,701: Total time for which application threads were stopped: 0,0007388 seconds, Stopping threads took: 0,0000250 seconds
2018-06-19T14:32:38.351+0200: 3397,717: Total time for which application threads were stopped: 0,0029987 seconds, Stopping threads took: 0,0027884 seconds
2018-06-19T14:32:38.351+0200: 3397,717: Total time for which application threads were stopped: 0,0001577 seconds, Stopping threads took: 0,0000328 seconds
2018-06-19T14:32:38.352+0200: 3397,717: Total time for which application threads were stopped: 0,0002875 seconds, Stopping threads took: 0,0000300 seconds
2018-06-19T14:32:38.352+0200: 3397,717: Total time for which application threads were stopped: 0,0001169 seconds, Stopping threads took: 0,0000325 seconds
2018-06-19T14:32:38.371+0200: 3397,736: Total time for which application threads were stopped: 0,0013310 seconds, Stopping threads took: 0,0011616 seconds
2018-06-19T14:32:38.378+0200: 3397,744: Total time for which application threads were stopped: 0,0058673 seconds, Stopping threads took: 0,0057170 seconds
2018-06-19T14:32:38.379+0200: 3397,744: Total time for which application threads were stopped: 0,0003758 seconds, Stopping threads took: 0,0000156 seconds
2018-06-19T14:32:38.379+0200: 3397,745: Total time for which application threads were stopped: 0,0004912 seconds, Stopping threads took: 0,0000841 seconds
2018-06-19T14:32:38.380+0200: 3397,745: Total time for which application threads were stopped: 0,0004638 seconds, Stopping threads took: 0,0000703 seconds
2018-06-19T14:32:38.465+0200: 3397,830: Total time for which application threads were stopped: 0,0001754 seconds, Stopping threads took: 0,0000409 seconds
2018-06-19T14:32:38.469+0200: 3397,834: Total time for which application threads were stopped: 0,0002282 seconds, Stopping threads took: 0,0001385 seconds
2018-06-19T14:32:38.473+0200: 3397,838: Total time for which application threads were stopped: 0,0001530 seconds, Stopping threads took: 0,0000489 seconds
2018-06-19T14:32:38.481+0200: 3397,847: Total time for which application threads were stopped: 0,0027506 seconds, Stopping threads took: 0,0026253 seconds
2018-06-19T14:32:38.482+0200: 3397,847: Total time for which application threads were stopped: 0,0001227 seconds, Stopping threads took: 0,0000321 seconds
2018-06-19T14:32:38.482+0200: 3397,847: Total time for which application threads were stopped: 0,0001065 seconds, Stopping threads took: 0,0000242 seconds
2018-06-19T14:32:38.482+0200: 3397,848: Total time for which application threads were stopped: 0,0003723 seconds, Stopping threads took: 0,0001440 seconds
2018-06-19T14:32:38.483+0200: 3397,848: Total time for which application threads were stopped: 0,0001155 seconds, Stopping threads took: 0,0000392 seconds
2018-06-19T14:32:38.483+0200: 3397,849: Total time for which application threads were stopped: 0,0002180 seconds, Stopping threads took: 0,0001189 seconds
2018-06-19T14:32:38.484+0200: 3397,849: Total time for which application threads were stopped: 0,0001571 seconds, Stopping threads took: 0,0000403 seconds
2018-06-19T14:32:38.484+0200: 3397,850: Total time for which application threads were stopped: 0,0001314 seconds, Stopping threads took: 0,0000488 seconds
2018-06-19T14:32:38.485+0200: 3397,850: Total time for which application threads were stopped: 0,0004159 seconds, Stopping threads took: 0,0002114 seconds
2018-06-19T14:32:38.485+0200: 3397,850: Total time for which application threads were stopped: 0,0001031 seconds, Stopping threads took: 0,0000327 seconds
2018-06-19T14:32:38.485+0200: 3397,851: Total time for which application threads were stopped: 0,0000845 seconds, Stopping threads took: 0,0000177 seconds
2018-06-19T14:32:38.485+0200: 3397,851: Total time for which application threads were stopped: 0,0000999 seconds, Stopping threads took: 0,0000291 seconds
2018-06-19T14:32:38.486+0200: 3397,851: Total time for which application threads were stopped: 0,0001032 seconds, Stopping threads took: 0,0000356 seconds
2018-06-19T14:32:38.486+0200: 3397,851: Total time for which application threads were stopped: 0,0000855 seconds, Stopping threads took: 0,0000147 seconds
2018-06-19T14:32:38.487+0200: 3397,852: Total time for which application threads were stopped: 0,0001899 seconds, Stopping threads took: 0,0000624 seconds
2018-06-19T14:32:38.487+0200: 3397,853: Total time for which application threads were stopped: 0,0002961 seconds, Stopping threads took: 0,0000379 seconds
2018-06-19T14:32:38.501+0200: 3397,866: Total time for which application threads were stopped: 0,0019144 seconds, Stopping threads took: 0,0017643 seconds
2018-06-19T14:32:38.502+0200: 3397,868: Total time for which application threads were stopped: 0,0007659 seconds, Stopping threads took: 0,0006230 seconds
2018-06-19T14:32:38.503+0200: 3397,868: Total time for which application threads were stopped: 0,0001638 seconds, Stopping threads took: 0,0000605 seconds
2018-06-19T14:32:38.503+0200: 3397,868: Total time for which application threads were stopped: 0,0001167 seconds, Stopping threads took: 0,0000408 seconds
2018-06-19T14:32:38.503+0200: 3397,869: Total time for which application threads were stopped: 0,0001385 seconds, Stopping threads took: 0,0000223 seconds
2018-06-19T14:32:38.504+0200: 3397,869: Total time for which application threads were stopped: 0,0001226 seconds, Stopping threads took: 0,0000216 seconds
2018-06-19T14:32:38.504+0200: 3397,869: Total time for which application threads were stopped: 0,0002869 seconds, Stopping threads took: 0,0000416 seconds
2018-06-19T14:32:38.505+0200: 3397,870: Total time for which application threads were stopped: 0,0002830 seconds, Stopping threads took: 0,0001811 seconds
2018-06-19T14:32:38.505+0200: 3397,871: Total time for which application threads were stopped: 0,0001491 seconds, Stopping threads took: 0,0000198 seconds
2018-06-19T14:32:38.506+0200: 3397,872: Total time for which application threads were stopped: 0,0001792 seconds, Stopping threads took: 0,0000506 seconds
2018-06-19T14:32:38.531+0200: 3397,896: Total time for which application threads were stopped: 0,0001514 seconds, Stopping threads took: 0,0000286 seconds
2018-06-19T14:32:40.878+0200: 3400,243: Total time for which application threads were stopped: 0,0001478 seconds, Stopping threads took: 0,0000469 seconds
2018-06-19T14:32:40.878+0200: 3400,243: Total time for which application threads were stopped: 0,0000963 seconds, Stopping threads took: 0,0000264 seconds
2018-06-19T14:32:40.878+0200: 3400,243: Total time for which application threads were stopped: 0,0000624 seconds, Stopping threads took: 0,0000189 seconds
2018-06-19T14:32:40.878+0200: 3400,243: Total time for which application threads were stopped: 0,0000680 seconds, Stopping threads took: 0,0000262 seconds
2018-06-19T14:32:40.879+0200: 3400,244: Total time for which application threads were stopped: 0,0001502 seconds, Stopping threads took: 0,0000426 seconds
2018-06-19T14:32:40.879+0200: 3400,245: Total time for which application threads were stopped: 0,0001070 seconds, Stopping threads took: 0,0000389 seconds
2018-06-19T14:32:40.879+0200: 3400,245: Total time for which application threads were stopped: 0,0000646 seconds, Stopping threads took: 0,0000096 seconds
2018-06-19T14:32:40.880+0200: 3400,245: Total time for which application threads were stopped: 0,0002714 seconds, Stopping threads took: 0,0000105 seconds
2018-06-19T14:32:40.880+0200: 3400,245: Total time for which application threads were stopped: 0,0000758 seconds, Stopping threads took: 0,0000269 seconds
2018-06-19T14:32:40.882+0200: 3400,247: Total time for which application threads were stopped: 0,0001587 seconds, Stopping threads took: 0,0000526 seconds
2018-06-19T14:32:40.893+0200: 3400,258: Total time for which application threads were stopped: 0,0001446 seconds, Stopping threads took: 0,0000500 seconds
2018-06-19T14:32:40.893+0200: 3400,258: Total time for which application threads were stopped: 0,0001124 seconds, Stopping threads took: 0,0000512 seconds
2018-06-19T14:32:40.893+0200: 3400,258: Total time for which application threads were stopped: 0,0000719 seconds, Stopping threads took: 0,0000217 seconds
2018-06-19T14:32:40.894+0200: 3400,259: Total time for which application threads were stopped: 0,0001179 seconds, Stopping threads took: 0,0000458 seconds
2018-06-19T14:32:40.894+0200: 3400,259: Total time for which application threads were stopped: 0,0000806 seconds, Stopping threads took: 0,0000193 seconds
2018-06-19T14:32:40.894+0200: 3400,260: Total time for which application threads were stopped: 0,0000802 seconds, Stopping threads took: 0,0000330 seconds
2018-06-19T14:32:40.894+0200: 3400,260: Total time for which application threads were stopped: 0,0000615 seconds, Stopping threads took: 0,0000266 seconds
2018-06-19T14:32:40.898+0200: 3400,263: Total time for which application threads were stopped: 0,0001177 seconds, Stopping threads took: 0,0000226 seconds
2018-06-19T14:32:40.898+0200: 3400,263: Total time for which application threads were stopped: 0,0000641 seconds, Stopping threads took: 0,0000114 seconds
2018-06-19T14:32:40.903+0200: 3400,268: Total time for which application threads were stopped: 0,0002393 seconds, Stopping threads took: 0,0001031 seconds
2018-06-19T14:32:40.907+0200: 3400,272: Total time for which application threads were stopped: 0,0001349 seconds, Stopping threads took: 0,0000276 seconds
2018-06-19T14:32:41.911+0200: 3401,277: Total time for which application threads were stopped: 0,0039166 seconds, Stopping threads took: 0,0037950 seconds
{Heap before GC invocations=10 (full 1):
 par new generation   total 109248K, used 109248K [0x00000000e0000000, 0x00000000e8000000, 0x00000000e8000000)
  eden space 87424K, 100% used [0x00000000e0000000, 0x00000000e5560000, 0x00000000e5560000)
  from space 21824K, 100% used [0x00000000e5560000, 0x00000000e6ab0000, 0x00000000e6ab0000)
  to   space 21824K,   0% used [0x00000000e6ab0000, 0x00000000e6ab0000, 0x00000000e8000000)
 concurrent mark-sweep generation total 393216K, used 8365K [0x00000000e8000000, 0x0000000100000000, 0x0000000100000000)
 Metaspace       used 30569K, capacity 31268K, committed 31484K, reserved 1077248K
  class space    used 3500K, capacity 3714K, committed 3836K, reserved 1048576K
2018-06-19T14:32:42.008+0200: 3401,373: [GC (Allocation Failure) 2018-06-19T14:32:42.008+0200: 3401,373: [ParNew
Desired survivor size 20112992 bytes, new threshold 5 (max 8)
- age   1:    6840952 bytes,    6840952 total
- age   2:     914480 bytes,    7755432 total
- age   3:     153608 bytes,    7909040 total
- age   4:   10524632 bytes,   18433672 total
- age   5:    2985408 bytes,   21419080 total
- age   6:     111648 bytes,   21530728 total
- age   8:     175040 bytes,   21705768 total
: 109248K->21824K(109248K), 0,0281667 secs] 117613K->31967K(502464K), 0,0282706 secs] [Times: user=0,11 sys=0,00, real=0,03 secs] 
Heap after GC invocations=11 (full 1):
 par new generation   total 109248K, used 21824K [0x00000000e0000000, 0x00000000e8000000, 0x00000000e8000000)
  eden space 87424K,   0% used [0x00000000e0000000, 0x00000000e0000000, 0x00000000e5560000)
  from space 21824K, 100% used [0x00000000e6ab0000, 0x00000000e8000000, 0x00000000e8000000)
  to   space 21824K,   0% used [0x00000000e5560000, 0x00000000e5560000, 0x00000000e6ab0000)
 concurrent mark-sweep generation total 393216K, used 10143K [0x00000000e8000000, 0x0000000100000000, 0x0000000100000000)
 Metaspace       used 30569K, capacity 31268K, committed 31484K, reserved 1077248K
  class space    used 3500K, capacity 3714K, committed 3836K, reserved 1048576K
}
2018-06-19T14:32:42.036+0200: 3401,401: Total time for which application threads were stopped: 0,0285098 seconds, Stopping threads took: 0,0000379 seconds
2018-06-19T14:32:42.147+0200: 3401,512: Total time for which application threads were stopped: 0,0002009 seconds, Stopping threads took: 0,0000472 seconds
2018-06-19T14:32:42.156+0200: 3401,521: Total time for which application threads were stopped: 0,0001995 seconds, Stopping threads took: 0,0000492 seconds
2018-06-19T14:32:42.162+0200: 3401,527: Total time for which application threads were stopped: 0,0001850 seconds, Stopping threads took: 0,0000506 seconds
2018-06-19T14:32:42.173+0200: 3401,538: Total time for which application threads were stopped: 0,0001870 seconds, Stopping threads took: 0,0000522 seconds
2018-06-19T14:32:42.185+0200: 3401,550: Total time for which application threads were stopped: 0,0002200 seconds, Stopping threads took: 0,0000532 seconds
2018-06-19T14:32:42.196+0200: 3401,561: Total time for which application threads were stopped: 0,0001666 seconds, Stopping threads took: 0,0000418 seconds
2018-06-19T14:32:42.204+0200: 3401,569: Total time for which application threads were stopped: 0,0001767 seconds, Stopping threads took: 0,0000541 seconds
2018-06-19T14:32:42.221+0200: 3401,586: Total time for which application threads were stopped: 0,0002096 seconds, Stopping threads took: 0,0000742 seconds
2018-06-19T14:32:42.235+0200: 3401,600: Total time for which application threads were stopped: 0,0001771 seconds, Stopping threads took: 0,0000474 seconds
2018-06-19T14:32:42.235+0200: 3401,600: Total time for which application threads were stopped: 0,0001259 seconds, Stopping threads took: 0,0000527 seconds
2018-06-19T14:32:42.297+0200: 3401,663: Total time for which application threads were stopped: 0,0002244 seconds, Stopping threads took: 0,0000508 seconds
2018-06-19T14:32:42.297+0200: 3401,663: Total time for which application threads were stopped: 0,0001973 seconds, Stopping threads took: 0,0000265 seconds
2018-06-19T14:32:42.323+0200: 3401,688: Total time for which application threads were stopped: 0,0001441 seconds, Stopping threads took: 0,0000379 seconds
2018-06-19T14:32:42.323+0200: 3401,688: Total time for which application threads were stopped: 0,0001297 seconds, Stopping threads took: 0,0000762 seconds
2018-06-19T14:32:42.323+0200: 3401,688: Total time for which application threads were stopped: 0,0000567 seconds, Stopping threads took: 0,0000270 seconds
2018-06-19T14:32:42.323+0200: 3401,688: Total time for which application threads were stopped: 0,0000489 seconds, Stopping threads took: 0,0000223 seconds
2018-06-19T14:32:42.323+0200: 3401,689: Total time for which application threads were stopped: 0,0000543 seconds, Stopping threads took: 0,0000153 seconds
2018-06-19T14:32:42.323+0200: 3401,689: Total time for which application threads were stopped: 0,0000657 seconds, Stopping threads took: 0,0000248 seconds
2018-06-19T14:32:42.324+0200: 3401,689: Total time for which application threads were stopped: 0,0000528 seconds, Stopping threads took: 0,0000137 seconds
2018-06-19T14:32:42.324+0200: 3401,689: Total time for which application threads were stopped: 0,0000483 seconds, Stopping threads took: 0,0000125 seconds
2018-06-19T14:32:42.324+0200: 3401,689: Total time for which application threads were stopped: 0,0000548 seconds, Stopping threads took: 0,0000182 seconds
2018-06-19T14:32:42.324+0200: 3401,689: Total time for which application threads were stopped: 0,0000491 seconds, Stopping threads took: 0,0000132 seconds
2018-06-19T14:32:42.324+0200: 3401,690: Total time for which application threads were stopped: 0,0000466 seconds, Stopping threads took: 0,0000129 seconds
2018-06-19T14:32:42.324+0200: 3401,690: Total time for which application threads were stopped: 0,0000773 seconds, Stopping threads took: 0,0000403 seconds
2018-06-19T14:32:43.312+0200: 3402,678: Total time for which application threads were stopped: 0,0001598 seconds, Stopping threads took: 0,0000525 seconds
2018-06-19T14:32:43.314+0200: 3402,679: Total time for which application threads were stopped: 0,0016329 seconds, Stopping threads took: 0,0015113 seconds
2018-06-19T14:32:43.315+0200: 3402,680: Total time for which application threads were stopped: 0,0001571 seconds, Stopping threads took: 0,0000498 seconds
2018-06-19T14:32:43.315+0200: 3402,681: Total time for which application threads were stopped: 0,0002278 seconds, Stopping threads took: 0,0001181 seconds
2018-06-19T14:32:44.316+0200: 3403,681: Total time for which application threads were stopped: 0,0000953 seconds, Stopping threads took: 0,0000188 seconds
2018-06-19T14:32:44.916+0200: 3404,282: Total time for which application threads were stopped: 0,0001691 seconds, Stopping threads took: 0,0000390 seconds
2018-06-19T14:32:44.947+0200: 3404,313: Total time for which application threads were stopped: 0,0001351 seconds, Stopping threads took: 0,0000431 seconds
{Heap before GC invocations=11 (full 1):
 par new generation   total 109248K, used 109248K [0x00000000e0000000, 0x00000000e8000000, 0x00000000e8000000)
  eden space 87424K, 100% used [0x00000000e0000000, 0x00000000e5560000, 0x00000000e5560000)
  from space 21824K, 100% used [0x00000000e6ab0000, 0x00000000e8000000, 0x00000000e8000000)
  to   space 21824K,   0% used [0x00000000e5560000, 0x00000000e5560000, 0x00000000e6ab0000)
 concurrent mark-sweep generation total 393216K, used 10143K [0x00000000e8000000, 0x0000000100000000, 0x0000000100000000)
 Metaspace       used 30787K, capacity 31492K, committed 31740K, reserved 1077248K
  class space    used 3512K, capacity 3723K, committed 3836K, reserved 1048576K
2018-06-19T14:32:44.966+0200: 3404,331: [GC (Allocation Failure) 2018-06-19T14:32:44.966+0200: 3404,331: [ParNew
Desired survivor size 20112992 bytes, new threshold 8 (max 8)
- age   1:    1517800 bytes,    1517800 total
- age   2:    5188440 bytes,    6706240 total
- age   3:     912752 bytes,    7618992 total
- age   4:     151640 bytes,    7770632 total
- age   5:   10195672 bytes,   17966304 total
: 109248K->20600K(109248K), 0,0307129 secs] 119391K->34127K(502464K), 0,0307930 secs] [Times: user=0,09 sys=0,00, real=0,03 secs] 
Heap after GC invocations=12 (full 1):
 par new generation   total 109248K, used 20600K [0x00000000e0000000, 0x00000000e8000000, 0x00000000e8000000)
  eden space 87424K,   0% used [0x00000000e0000000, 0x00000000e0000000, 0x00000000e5560000)
  from space 21824K,  94% used [0x00000000e5560000, 0x00000000e697e348, 0x00000000e6ab0000)
  to   space 21824K,   0% used [0x00000000e6ab0000, 0x00000000e6ab0000, 0x00000000e8000000)
 concurrent mark-sweep generation total 393216K, used 13526K [0x00000000e8000000, 0x0000000100000000, 0x0000000100000000)
 Metaspace       used 30787K, capacity 31492K, committed 31740K, reserved 1077248K
  class space    used 3512K, capacity 3723K, committed 3836K, reserved 1048576K
}
2018-06-19T14:32:44.997+0200: 3404,362: Total time for which application threads were stopped: 0,0309776 seconds, Stopping threads took: 0,0000300 seconds
2018-06-19T14:32:44.999+0200: 3404,364: Total time for which application threads were stopped: 0,0001712 seconds, Stopping threads took: 0,0001018 seconds
{Heap before GC invocations=12 (full 1):
 par new generation   total 109248K, used 108024K [0x00000000e0000000, 0x00000000e8000000, 0x00000000e8000000)
  eden space 87424K, 100% used [0x00000000e0000000, 0x00000000e5560000, 0x00000000e5560000)
  from space 21824K,  94% used [0x00000000e5560000, 0x00000000e697e348, 0x00000000e6ab0000)
  to   space 21824K,   0% used [0x00000000e6ab0000, 0x00000000e6ab0000, 0x00000000e8000000)
 concurrent mark-sweep generation total 393216K, used 13526K [0x00000000e8000000, 0x0000000100000000, 0x0000000100000000)
 Metaspace       used 30818K, capacity 31566K, committed 31740K, reserved 1077248K
  class space    used 3514K, capacity 3725K, committed 3836K, reserved 1048576K
2018-06-19T14:32:45.138+0200: 3404,503: [GC (Allocation Failure) 2018-06-19T14:32:45.138+0200: 3404,503: [ParNew
Desired survivor size 20112992 bytes, new threshold 8 (max 8)
- age   1:     667768 bytes,     667768 total
- age   2:    1385160 bytes,    2052928 total
- age   3:    4860592 bytes,    6913520 total
- age   4:     912752 bytes,    7826272 total
- age   5:     151640 bytes,    7977912 total
- age   6:    9639128 bytes,   17617040 total
: 108024K->21824K(109248K), 0,0176903 secs] 121551K->36259K(502464K), 0,0177591 secs] [Times: user=0,06 sys=0,00, real=0,02 secs] 
Heap after GC invocations=13 (full 1):
 par new generation   total 109248K, used 21824K [0x00000000e0000000, 0x00000000e8000000, 0x00000000e8000000)
  eden space 87424K,   0% used [0x00000000e0000000, 0x00000000e0000000, 0x00000000e5560000)
  from space 21824K, 100% used [0x00000000e6ab0000, 0x00000000e8000000, 0x00000000e8000000)
  to   space 21824K,   0% used [0x00000000e5560000, 0x00000000e5560000, 0x00000000e6ab0000)
 concurrent mark-sweep generation total 393216K, used 14435K [0x00000000e8000000, 0x0000000100000000, 0x0000000100000000)
 Metaspace       used 30818K, capacity 31566K, committed 31740K, reserved 1077248K
  class space    used 3514K, capacity 3725K, committed 3836K, reserved 1048576K
}
2018-06-19T14:32:45.155+0200: 3404,521: Total time for which application threads were stopped: 0,0182253 seconds, Stopping threads took: 0,0002628 seconds
2018-06-19T14:32:45.227+0200: 3404,592: Total time for which application threads were stopped: 0,0001954 seconds, Stopping threads took: 0,0000518 seconds
2018-06-19T14:32:45.244+0200: 3404,610: Total time for which application threads were stopped: 0,0001958 seconds, Stopping threads took: 0,0000542 seconds
2018-06-19T14:32:45.245+0200: 3404,610: Total time for which application threads were stopped: 0,0001229 seconds, Stopping threads took: 0,0000414 seconds
2018-06-19T14:32:45.245+0200: 3404,610: Total time for which application threads were stopped: 0,0000880 seconds, Stopping threads took: 0,0000254 seconds
2018-06-19T14:32:45.245+0200: 3404,611: Total time for which application threads were stopped: 0,0000793 seconds, Stopping threads took: 0,0000228 seconds
2018-06-19T14:32:45.245+0200: 3404,611: Total time for which application threads were stopped: 0,0000800 seconds, Stopping threads took: 0,0000231 seconds
2018-06-19T14:32:45.245+0200: 3404,611: Total time for which application threads were stopped: 0,0000750 seconds, Stopping threads took: 0,0000225 seconds
2018-06-19T14:32:45.246+0200: 3404,611: Total time for which application threads were stopped: 0,0000747 seconds, Stopping threads took: 0,0000277 seconds
2018-06-19T14:32:45.246+0200: 3404,611: Total time for which application threads were stopped: 0,0000733 seconds, Stopping threads took: 0,0000231 seconds
2018-06-19T14:32:45.246+0200: 3404,611: Total time for which application threads were stopped: 0,0000770 seconds, Stopping threads took: 0,0000278 seconds
2018-06-19T14:32:45.246+0200: 3404,611: Total time for which application threads were stopped: 0,0000733 seconds, Stopping threads took: 0,0000231 seconds
2018-06-19T14:32:45.246+0200: 3404,611: Total time for which application threads were stopped: 0,0000696 seconds, Stopping threads took: 0,0000223 seconds
2018-06-19T14:32:45.246+0200: 3404,611: Total time for which application threads were stopped: 0,0000715 seconds, Stopping threads took: 0,0000277 seconds
2018-06-19T14:32:45.246+0200: 3404,612: Total time for which application threads were stopped: 0,0000685 seconds, Stopping threads took: 0,0000220 seconds
2018-06-19T14:32:45.247+0200: 3404,612: Total time for which application threads were stopped: 0,0000833 seconds, Stopping threads took: 0,0000279 seconds
2018-06-19T14:32:45.247+0200: 3404,612: Total time for which application threads were stopped: 0,0000735 seconds, Stopping threads took: 0,0000272 seconds
2018-06-19T14:32:45.247+0200: 3404,612: Total time for which application threads were stopped: 0,0000690 seconds, Stopping threads took: 0,0000218 seconds
2018-06-19T14:32:45.247+0200: 3404,612: Total time for which application threads were stopped: 0,0000710 seconds, Stopping threads took: 0,0000216 seconds
2018-06-19T14:32:45.247+0200: 3404,612: Total time for which application threads were stopped: 0,0000760 seconds, Stopping threads took: 0,0000258 seconds
2018-06-19T14:32:45.259+0200: 3404,624: Total time for which application threads were stopped: 0,0004606 seconds, Stopping threads took: 0,0003460 seconds
2018-06-19T14:32:45.259+0200: 3404,624: Total time for which application threads were stopped: 0,0001043 seconds, Stopping threads took: 0,0000346 seconds
2018-06-19T14:32:45.283+0200: 3404,648: Total time for which application threads were stopped: 0,0020837 seconds, Stopping threads took: 0,0019915 seconds
2018-06-19T14:32:45.283+0200: 3404,648: Total time for which application threads were stopped: 0,0000778 seconds, Stopping threads took: 0,0000294 seconds
2018-06-19T14:32:45.290+0200: 3404,656: Total time for which application threads were stopped: 0,0048150 seconds, Stopping threads took: 0,0047260 seconds
2018-06-19T14:32:45.291+0200: 3404,656: Total time for which application threads were stopped: 0,0000764 seconds, Stopping threads took: 0,0000315 seconds
2018-06-19T14:32:45.294+0200: 3404,660: Total time for which application threads were stopped: 0,0001386 seconds, Stopping threads took: 0,0000547 seconds
2018-06-19T14:32:45.295+0200: 3404,660: Total time for which application threads were stopped: 0,0001023 seconds, Stopping threads took: 0,0000278 seconds
2018-06-19T14:32:45.295+0200: 3404,660: Total time for which application threads were stopped: 0,0001060 seconds, Stopping threads took: 0,0000359 seconds
2018-06-19T14:32:45.302+0200: 3404,667: Total time for which application threads were stopped: 0,0001811 seconds, Stopping threads took: 0,0000946 seconds
2018-06-19T14:32:45.312+0200: 3404,677: Total time for which application threads were stopped: 0,0006235 seconds, Stopping threads took: 0,0004986 seconds
2018-06-19T14:32:45.312+0200: 3404,677: Total time for which application threads were stopped: 0,0000665 seconds, Stopping threads took: 0,0000143 seconds
2018-06-19T14:32:45.312+0200: 3404,678: Total time for which application threads were stopped: 0,0000587 seconds, Stopping threads took: 0,0000134 seconds
2018-06-19T14:32:45.313+0200: 3404,678: Total time for which application threads were stopped: 0,0002569 seconds, Stopping threads took: 0,0000453 seconds
2018-06-19T14:32:46.325+0200: 3405,690: Total time for which application threads were stopped: 0,0001253 seconds, Stopping threads took: 0,0000202 seconds
2018-06-19T14:32:46.325+0200: 3405,690: Total time for which application threads were stopped: 0,0000754 seconds, Stopping threads took: 0,0000352 seconds
2018-06-19T14:32:46.325+0200: 3405,690: Total time for which application threads were stopped: 0,0000581 seconds, Stopping threads took: 0,0000237 seconds
2018-06-19T14:32:46.325+0200: 3405,691: Total time for which application threads were stopped: 0,0000732 seconds, Stopping threads took: 0,0000330 seconds
2018-06-19T14:32:46.326+0200: 3405,692: Total time for which application threads were stopped: 0,0000889 seconds, Stopping threads took: 0,0000260 seconds
2018-06-19T14:32:46.326+0200: 3405,692: Total time for which application threads were stopped: 0,0001306 seconds, Stopping threads took: 0,0000111 seconds
2018-06-19T14:32:46.337+0200: 3405,703: Total time for which application threads were stopped: 0,0002229 seconds, Stopping threads took: 0,0001065 seconds
2018-06-19T14:32:46.338+0200: 3405,703: Total time for which application threads were stopped: 0,0000754 seconds, Stopping threads took: 0,0000208 seconds
2018-06-19T14:32:46.340+0200: 3405,705: Total time for which application threads were stopped: 0,0009910 seconds, Stopping threads took: 0,0008025 seconds
2018-06-19T14:32:46.341+0200: 3405,707: Total time for which application threads were stopped: 0,0001205 seconds, Stopping threads took: 0,0000437 seconds
2018-06-19T14:32:46.345+0200: 3405,711: Total time for which application threads were stopped: 0,0001742 seconds, Stopping threads took: 0,0000483 seconds
2018-06-19T14:32:46.346+0200: 3405,711: Total time for which application threads were stopped: 0,0000727 seconds, Stopping threads took: 0,0000236 seconds
2018-06-19T14:32:49.028+0200: 3408,393: Total time for which application threads were stopped: 0,0001401 seconds, Stopping threads took: 0,0000369 seconds
2018-06-19T14:32:49.031+0200: 3408,396: Total time for which application threads were stopped: 0,0001379 seconds, Stopping threads took: 0,0000338 seconds
2018-06-19T14:32:49.031+0200: 3408,396: Total time for which application threads were stopped: 0,0000996 seconds, Stopping threads took: 0,0000322 seconds
2018-06-19T14:32:49.031+0200: 3408,397: Total time for which application threads were stopped: 0,0001055 seconds, Stopping threads took: 0,0000386 seconds
2018-06-19T14:32:49.032+0200: 3408,397: Total time for which application threads were stopped: 0,0001014 seconds, Stopping threads took: 0,0000416 seconds
2018-06-19T14:32:49.032+0200: 3408,397: Total time for which application threads were stopped: 0,0001024 seconds, Stopping threads took: 0,0000279 seconds
2018-06-19T14:32:49.035+0200: 3408,400: Total time for which application threads were stopped: 0,0001462 seconds, Stopping threads took: 0,0000462 seconds
2018-06-19T14:32:49.036+0200: 3408,402: Total time for which application threads were stopped: 0,0001284 seconds, Stopping threads took: 0,0000384 seconds
2018-06-19T14:32:49.037+0200: 3408,402: Total time for which application threads were stopped: 0,0001232 seconds, Stopping threads took: 0,0000441 seconds
2018-06-19T14:32:49.038+0200: 3408,403: Total time for which application threads were stopped: 0,0001211 seconds, Stopping threads took: 0,0000252 seconds
2018-06-19T14:32:49.038+0200: 3408,403: Total time for which application threads were stopped: 0,0001076 seconds, Stopping threads took: 0,0000337 seconds
2018-06-19T14:32:49.042+0200: 3408,407: Total time for which application threads were stopped: 0,0002648 seconds, Stopping threads took: 0,0001389 seconds
2018-06-19T14:32:49.042+0200: 3408,407: Total time for which application threads were stopped: 0,0001338 seconds, Stopping threads took: 0,0000307 seconds
2018-06-19T14:32:49.051+0200: 3408,416: Total time for which application threads were stopped: 0,0003686 seconds, Stopping threads took: 0,0002228 seconds
2018-06-19T14:32:49.051+0200: 3408,417: Total time for which application threads were stopped: 0,0001581 seconds, Stopping threads took: 0,0000440 seconds
2018-06-19T14:32:49.052+0200: 3408,417: Total time for which application threads were stopped: 0,0001149 seconds, Stopping threads took: 0,0000196 seconds
2018-06-19T14:32:49.054+0200: 3408,419: Total time for which application threads were stopped: 0,0001584 seconds, Stopping threads took: 0,0000344 seconds
2018-06-19T14:32:49.056+0200: 3408,421: Total time for which application threads were stopped: 0,0002589 seconds, Stopping threads took: 0,0001413 seconds
2018-06-19T14:32:49.065+0200: 3408,430: Total time for which application threads were stopped: 0,0001625 seconds, Stopping threads took: 0,0000365 seconds
2018-06-19T14:32:49.065+0200: 3408,430: Total time for which application threads were stopped: 0,0000927 seconds, Stopping threads took: 0,0000167 seconds
2018-06-19T14:32:49.072+0200: 3408,437: Total time for which application threads were stopped: 0,0001759 seconds, Stopping threads took: 0,0000676 seconds
2018-06-19T14:32:49.072+0200: 3408,437: Total time for which application threads were stopped: 0,0001404 seconds, Stopping threads took: 0,0000895 seconds
2018-06-19T14:32:50.072+0200: 3409,437: Total time for which application threads were stopped: 0,0000991 seconds, Stopping threads took: 0,0000254 seconds
2018-06-19T14:32:51.506+0200: 3410,872: Total time for which application threads were stopped: 0,0001735 seconds, Stopping threads took: 0,0000302 seconds
2018-06-19T14:32:51.506+0200: 3410,872: Total time for which application threads were stopped: 0,0000788 seconds, Stopping threads took: 0,0000124 seconds
2018-06-19T14:32:51.510+0200: 3410,875: Total time for which application threads were stopped: 0,0001146 seconds, Stopping threads took: 0,0000244 seconds
2018-06-19T14:32:51.510+0200: 3410,875: Total time for which application threads were stopped: 0,0000699 seconds, Stopping threads took: 0,0000128 seconds
2018-06-19T14:32:59.256+0200: 3418,621: Total time for which application threads were stopped: 0,0001705 seconds, Stopping threads took: 0,0000485 seconds
2018-06-19T14:32:59.257+0200: 3418,622: Total time for which application threads were stopped: 0,0001404 seconds, Stopping threads took: 0,0000248 seconds
2018-06-19T14:32:59.261+0200: 3418,626: Total time for which application threads were stopped: 0,0001108 seconds, Stopping threads took: 0,0000287 seconds
2018-06-19T14:32:59.261+0200: 3418,626: Total time for which application threads were stopped: 0,0000831 seconds, Stopping threads took: 0,0000392 seconds
2018-06-19T14:32:59.262+0200: 3418,627: Total time for which application threads were stopped: 0,0001004 seconds, Stopping threads took: 0,0000234 seconds
2018-06-19T14:33:00.262+0200: 3419,627: Total time for which application threads were stopped: 0,0000845 seconds, Stopping threads took: 0,0000183 seconds
2018-06-19T14:33:02.262+0200: 3421,628: Total time for which application threads were stopped: 0,0000803 seconds, Stopping threads took: 0,0000209 seconds
2018-06-19T14:33:39.267+0200: 3458,632: Total time for which application threads were stopped: 0,0000810 seconds, Stopping threads took: 0,0000204 seconds
2018-06-19T14:33:51.507+0200: 3470,872: Total time for which application threads were stopped: 0,0000799 seconds, Stopping threads took: 0,0000172 seconds
2018-06-19T14:33:51.510+0200: 3470,876: Total time for which application threads were stopped: 0,0000823 seconds, Stopping threads took: 0,0000193 seconds
2018-06-19T14:34:29.050+0200: 3508,415: Total time for which application threads were stopped: 0,0001639 seconds, Stopping threads took: 0,0000668 seconds
2018-06-19T14:34:29.056+0200: 3508,422: Total time for which application threads were stopped: 0,0005471 seconds, Stopping threads took: 0,0001785 seconds
2018-06-19T14:34:31.177+0200: 3510,543: Total time for which application threads were stopped: 0,0005433 seconds, Stopping threads took: 0,0003829 seconds
2018-06-19T14:34:31.191+0200: 3510,556: Total time for which application threads were stopped: 0,0001512 seconds, Stopping threads took: 0,0000410 seconds
2018-06-19T14:34:31.191+0200: 3510,556: Total time for which application threads were stopped: 0,0000895 seconds, Stopping threads took: 0,0000234 seconds
2018-06-19T14:34:31.191+0200: 3510,557: Total time for which application threads were stopped: 0,0000778 seconds, Stopping threads took: 0,0000160 seconds
2018-06-19T14:34:31.292+0200: 3510,657: Total time for which application threads were stopped: 0,0001942 seconds, Stopping threads took: 0,0000538 seconds
2018-06-19T14:34:31.292+0200: 3510,657: Total time for which application threads were stopped: 0,0001990 seconds, Stopping threads took: 0,0000137 seconds
2018-06-19T14:34:31.296+0200: 3510,661: Total time for which application threads were stopped: 0,0004588 seconds, Stopping threads took: 0,0001786 seconds
2018-06-19T14:34:31.297+0200: 3510,662: Total time for which application threads were stopped: 0,0006929 seconds, Stopping threads took: 0,0000188 seconds
2018-06-19T14:34:31.298+0200: 3510,663: Total time for which application threads were stopped: 0,0008526 seconds, Stopping threads took: 0,0000467 seconds
2018-06-19T14:34:32.298+0200: 3511,663: Total time for which application threads were stopped: 0,0000915 seconds, Stopping threads took: 0,0000248 seconds
2018-06-19T14:34:32.706+0200: 3512,072: Total time for which application threads were stopped: 0,0001659 seconds, Stopping threads took: 0,0000390 seconds
2018-06-19T14:34:32.707+0200: 3512,072: Total time for which application threads were stopped: 0,0000917 seconds, Stopping threads took: 0,0000153 seconds
2018-06-19T14:34:32.711+0200: 3512,076: Total time for which application threads were stopped: 0,0006334 seconds, Stopping threads took: 0,0005436 seconds
2018-06-19T14:34:32.715+0200: 3512,080: Total time for which application threads were stopped: 0,0001988 seconds, Stopping threads took: 0,0000363 seconds
2018-06-19T14:34:32.715+0200: 3512,080: Total time for which application threads were stopped: 0,0001340 seconds, Stopping threads took: 0,0000125 seconds
2018-06-19T14:34:32.718+0200: 3512,083: Total time for which application threads were stopped: 0,0029690 seconds, Stopping threads took: 0,0019609 seconds
2018-06-19T14:34:32.724+0200: 3512,090: Total time for which application threads were stopped: 0,0020293 seconds, Stopping threads took: 0,0019026 seconds
2018-06-19T14:34:34.062+0200: 3513,427: Total time for which application threads were stopped: 0,0001144 seconds, Stopping threads took: 0,0000314 seconds
2018-06-19T14:34:34.073+0200: 3513,438: Total time for which application threads were stopped: 0,0001183 seconds, Stopping threads took: 0,0000303 seconds
2018-06-19T14:34:34.073+0200: 3513,439: Total time for which application threads were stopped: 0,0001008 seconds, Stopping threads took: 0,0000261 seconds
2018-06-19T14:34:34.075+0200: 3513,440: Total time for which application threads were stopped: 0,0001145 seconds, Stopping threads took: 0,0000366 seconds
2018-06-19T14:34:34.075+0200: 3513,441: Total time for which application threads were stopped: 0,0000668 seconds, Stopping threads took: 0,0000168 seconds
2018-06-19T14:34:34.076+0200: 3513,441: Total time for which application threads were stopped: 0,0000876 seconds, Stopping threads took: 0,0000235 seconds
2018-06-19T14:34:34.076+0200: 3513,442: Total time for which application threads were stopped: 0,0001347 seconds, Stopping threads took: 0,0000397 seconds
2018-06-19T14:34:34.077+0200: 3513,443: Total time for which application threads were stopped: 0,0001519 seconds, Stopping threads took: 0,0000745 seconds
2018-06-19T14:34:34.078+0200: 3513,443: Total time for which application threads were stopped: 0,0001705 seconds, Stopping threads took: 0,0000787 seconds
2018-06-19T14:34:34.078+0200: 3513,443: Total time for which application threads were stopped: 0,0001157 seconds, Stopping threads took: 0,0000359 seconds
2018-06-19T14:34:34.079+0200: 3513,444: Total time for which application threads were stopped: 0,0001208 seconds, Stopping threads took: 0,0000448 seconds
2018-06-19T14:34:34.079+0200: 3513,445: Total time for which application threads were stopped: 0,0001364 seconds, Stopping threads took: 0,0000668 seconds
2018-06-19T14:34:34.080+0200: 3513,445: Total time for which application threads were stopped: 0,0000784 seconds, Stopping threads took: 0,0000355 seconds
2018-06-19T14:34:34.080+0200: 3513,445: Total time for which application threads were stopped: 0,0000777 seconds, Stopping threads took: 0,0000363 seconds
2018-06-19T14:34:34.080+0200: 3513,445: Total time for which application threads were stopped: 0,0000717 seconds, Stopping threads took: 0,0000307 seconds
2018-06-19T14:34:34.080+0200: 3513,445: Total time for which application threads were stopped: 0,0000586 seconds, Stopping threads took: 0,0000151 seconds
2018-06-19T14:34:34.080+0200: 3513,446: Total time for which application threads were stopped: 0,0000556 seconds, Stopping threads took: 0,0000139 seconds
2018-06-19T14:34:34.081+0200: 3513,446: Total time for which application threads were stopped: 0,0001053 seconds, Stopping threads took: 0,0000532 seconds
2018-06-19T14:34:34.081+0200: 3513,446: Total time for which application threads were stopped: 0,0001778 seconds, Stopping threads took: 0,0000320 seconds
{Heap before GC invocations=13 (full 1):
 par new generation   total 109248K, used 109248K [0x00000000e0000000, 0x00000000e8000000, 0x00000000e8000000)
  eden space 87424K, 100% used [0x00000000e0000000, 0x00000000e5560000, 0x00000000e5560000)
  from space 21824K, 100% used [0x00000000e6ab0000, 0x00000000e8000000, 0x00000000e8000000)
  to   space 21824K,   0% used [0x00000000e5560000, 0x00000000e5560000, 0x00000000e6ab0000)
 concurrent mark-sweep generation total 393216K, used 14435K [0x00000000e8000000, 0x0000000100000000, 0x0000000100000000)
 Metaspace       used 31026K, capacity 31806K, committed 31996K, reserved 1077248K
  class space    used 3523K, capacity 3763K, committed 3836K, reserved 1048576K
2018-06-19T14:34:34.153+0200: 3513,518: [GC (Allocation Failure) 2018-06-19T14:34:34.153+0200: 3513,518: [ParNew
Desired survivor size 20112992 bytes, new threshold 8 (max 8)
- age   1:    2038976 bytes,    2038976 total
- age   2:     133216 bytes,    2172192 total
- age   3:     884464 bytes,    3056656 total
- age   4:    4780056 bytes,    7836712 total
- age   5:     755872 bytes,    8592584 total
- age   6:     142360 bytes,    8734944 total
- age   7:    8843792 bytes,   17578736 total
: 109248K->21824K(109248K), 0,0291949 secs] 123683K->37548K(502464K), 0,0293141 secs] [Times: user=0,08 sys=0,01, real=0,02 secs] 
Heap after GC invocations=14 (full 1):
 par new generation   total 109248K, used 21824K [0x00000000e0000000, 0x00000000e8000000, 0x00000000e8000000)
  eden space 87424K,   0% used [0x00000000e0000000, 0x00000000e0000000, 0x00000000e5560000)
  from space 21824K, 100% used [0x00000000e5560000, 0x00000000e6ab0000, 0x00000000e6ab0000)
  to   space 21824K,   0% used [0x00000000e6ab0000, 0x00000000e6ab0000, 0x00000000e8000000)
 concurrent mark-sweep generation total 393216K, used 15724K [0x00000000e8000000, 0x0000000100000000, 0x0000000100000000)
 Metaspace       used 31026K, capacity 31806K, committed 31996K, reserved 1077248K
  class space    used 3523K, capacity 3763K, committed 3836K, reserved 1048576K
}
2018-06-19T14:34:34.182+0200: 3513,547: Total time for which application threads were stopped: 0,0296010 seconds, Stopping threads took: 0,0000447 seconds
2018-06-19T14:34:34.188+0200: 3513,554: Total time for which application threads were stopped: 0,0008357 seconds, Stopping threads took: 0,0003064 seconds
2018-06-19T14:34:34.295+0200: 3513,660: Total time for which application threads were stopped: 0,0032809 seconds, Stopping threads took: 0,0031673 seconds
2018-06-19T14:34:34.309+0200: 3513,675: Total time for which application threads were stopped: 0,0002090 seconds, Stopping threads took: 0,0000491 seconds
2018-06-19T14:34:34.310+0200: 3513,675: Total time for which application threads were stopped: 0,0001173 seconds, Stopping threads took: 0,0000234 seconds
2018-06-19T14:34:34.310+0200: 3513,675: Total time for which application threads were stopped: 0,0000936 seconds, Stopping threads took: 0,0000227 seconds
2018-06-19T14:34:34.310+0200: 3513,675: Total time for which application threads were stopped: 0,0000752 seconds, Stopping threads took: 0,0000205 seconds
2018-06-19T14:34:34.310+0200: 3513,675: Total time for which application threads were stopped: 0,0000777 seconds, Stopping threads took: 0,0000152 seconds
2018-06-19T14:34:34.310+0200: 3513,676: Total time for which application threads were stopped: 0,0000746 seconds, Stopping threads took: 0,0000150 seconds
2018-06-19T14:34:34.310+0200: 3513,676: Total time for which application threads were stopped: 0,0000748 seconds, Stopping threads took: 0,0000160 seconds
2018-06-19T14:34:34.311+0200: 3513,676: Total time for which application threads were stopped: 0,0000918 seconds, Stopping threads took: 0,0000356 seconds
2018-06-19T14:34:34.311+0200: 3513,676: Total time for which application threads were stopped: 0,0000670 seconds, Stopping threads took: 0,0000154 seconds
2018-06-19T14:34:34.311+0200: 3513,676: Total time for which application threads were stopped: 0,0000715 seconds, Stopping threads took: 0,0000240 seconds
2018-06-19T14:34:34.311+0200: 3513,676: Total time for which application threads were stopped: 0,0000656 seconds, Stopping threads took: 0,0000161 seconds
2018-06-19T14:34:34.311+0200: 3513,676: Total time for which application threads were stopped: 0,0000613 seconds, Stopping threads took: 0,0000129 seconds
2018-06-19T14:34:34.311+0200: 3513,676: Total time for which application threads were stopped: 0,0000605 seconds, Stopping threads took: 0,0000127 seconds
2018-06-19T14:34:34.339+0200: 3513,704: Total time for which application threads were stopped: 0,0004580 seconds, Stopping threads took: 0,0003744 seconds
2018-06-19T14:34:34.339+0200: 3513,705: Total time for which application threads were stopped: 0,0001040 seconds, Stopping threads took: 0,0000404 seconds
2018-06-19T14:34:34.340+0200: 3513,705: Total time for which application threads were stopped: 0,0000622 seconds, Stopping threads took: 0,0000172 seconds
2018-06-19T14:34:34.347+0200: 3513,712: Total time for which application threads were stopped: 0,0026661 seconds, Stopping threads took: 0,0025309 seconds
2018-06-19T14:34:34.347+0200: 3513,712: Total time for which application threads were stopped: 0,0001222 seconds, Stopping threads took: 0,0000586 seconds
2018-06-19T14:34:34.359+0200: 3513,724: Total time for which application threads were stopped: 0,0020284 seconds, Stopping threads took: 0,0019285 seconds
2018-06-19T14:34:34.360+0200: 3513,726: Total time for which application threads were stopped: 0,0000894 seconds, Stopping threads took: 0,0000207 seconds
2018-06-19T14:34:35.385+0200: 3514,750: Total time for which application threads were stopped: 0,0001675 seconds, Stopping threads took: 0,0000538 seconds
2018-06-19T14:34:35.387+0200: 3514,753: Total time for which application threads were stopped: 0,0001406 seconds, Stopping threads took: 0,0000293 seconds
2018-06-19T14:34:35.388+0200: 3514,753: Total time for which application threads were stopped: 0,0001198 seconds, Stopping threads took: 0,0000239 seconds
2018-06-19T14:34:35.392+0200: 3514,757: Total time for which application threads were stopped: 0,0012330 seconds, Stopping threads took: 0,0011411 seconds
2018-06-19T14:34:35.398+0200: 3514,763: Total time for which application threads were stopped: 0,0001206 seconds, Stopping threads took: 0,0000307 seconds
2018-06-19T14:34:35.400+0200: 3514,765: Total time for which application threads were stopped: 0,0001908 seconds, Stopping threads took: 0,0000725 seconds
2018-06-19T14:34:35.400+0200: 3514,766: Total time for which application threads were stopped: 0,0000723 seconds, Stopping threads took: 0,0000202 seconds
2018-06-19T14:34:35.400+0200: 3514,766: Total time for which application threads were stopped: 0,0000442 seconds, Stopping threads took: 0,0000131 seconds
2018-06-19T14:34:35.401+0200: 3514,766: Total time for which application threads were stopped: 0,0000406 seconds, Stopping threads took: 0,0000110 seconds
2018-06-19T14:34:35.402+0200: 3514,767: Total time for which application threads were stopped: 0,0001055 seconds, Stopping threads took: 0,0000291 seconds
2018-06-19T14:34:35.402+0200: 3514,767: Total time for which application threads were stopped: 0,0000602 seconds, Stopping threads took: 0,0000177 seconds
2018-06-19T14:34:35.407+0200: 3514,772: Total time for which application threads were stopped: 0,0001374 seconds, Stopping threads took: 0,0000321 seconds
2018-06-19T14:34:35.407+0200: 3514,772: Total time for which application threads were stopped: 0,0000713 seconds, Stopping threads took: 0,0000131 seconds
2018-06-19T14:34:35.410+0200: 3514,775: Total time for which application threads were stopped: 0,0001051 seconds, Stopping threads took: 0,0000238 seconds
2018-06-19T14:34:35.411+0200: 3514,776: Total time for which application threads were stopped: 0,0005180 seconds, Stopping threads took: 0,0000947 seconds
2018-06-19T14:34:35.564+0200: 3514,929: Total time for which application threads were stopped: 0,0002651 seconds, Stopping threads took: 0,0000425 seconds
2018-06-19T14:34:35.589+0200: 3514,954: Total time for which application threads were stopped: 0,0001305 seconds, Stopping threads took: 0,0000449 seconds
2018-06-19T14:34:35.610+0200: 3514,975: Total time for which application threads were stopped: 0,0001225 seconds, Stopping threads took: 0,0000248 seconds
2018-06-19T14:34:35.610+0200: 3514,975: Total time for which application threads were stopped: 0,0000642 seconds, Stopping threads took: 0,0000308 seconds
2018-06-19T14:34:35.610+0200: 3514,976: Total time for which application threads were stopped: 0,0000411 seconds, Stopping threads took: 0,0000157 seconds
2018-06-19T14:34:35.610+0200: 3514,976: Total time for which application threads were stopped: 0,0000373 seconds, Stopping threads took: 0,0000103 seconds
2018-06-19T14:34:35.610+0200: 3514,976: Total time for which application threads were stopped: 0,0000425 seconds, Stopping threads took: 0,0000094 seconds
2018-06-19T14:34:35.611+0200: 3514,976: Total time for which application threads were stopped: 0,0000322 seconds, Stopping threads took: 0,0000076 seconds
2018-06-19T14:34:35.611+0200: 3514,976: Total time for which application threads were stopped: 0,0000415 seconds, Stopping threads took: 0,0000079 seconds
2018-06-19T14:34:35.611+0200: 3514,976: Total time for which application threads were stopped: 0,0000367 seconds, Stopping threads took: 0,0000081 seconds
2018-06-19T14:34:35.611+0200: 3514,976: Total time for which application threads were stopped: 0,0000483 seconds, Stopping threads took: 0,0000117 seconds
2018-06-19T14:34:35.611+0200: 3514,976: Total time for which application threads were stopped: 0,0000832 seconds, Stopping threads took: 0,0000452 seconds
2018-06-19T14:34:35.612+0200: 3514,977: Total time for which application threads were stopped: 0,0000841 seconds, Stopping threads took: 0,0000363 seconds
2018-06-19T14:34:35.612+0200: 3514,977: Total time for which application threads were stopped: 0,0000610 seconds, Stopping threads took: 0,0000183 seconds
2018-06-19T14:34:35.612+0200: 3514,977: Total time for which application threads were stopped: 0,0000868 seconds, Stopping threads took: 0,0000396 seconds
2018-06-19T14:34:35.612+0200: 3514,977: Total time for which application threads were stopped: 0,0000561 seconds, Stopping threads took: 0,0000153 seconds
2018-06-19T14:34:35.612+0200: 3514,978: Total time for which application threads were stopped: 0,0000592 seconds, Stopping threads took: 0,0000189 seconds
2018-06-19T14:34:35.612+0200: 3514,978: Total time for which application threads were stopped: 0,0000555 seconds, Stopping threads took: 0,0000155 seconds
2018-06-19T14:34:35.613+0200: 3514,978: Total time for which application threads were stopped: 0,0002161 seconds, Stopping threads took: 0,0000186 seconds
{Heap before GC invocations=14 (full 1):
 par new generation   total 109248K, used 109248K [0x00000000e0000000, 0x00000000e8000000, 0x00000000e8000000)
  eden space 87424K, 100% used [0x00000000e0000000, 0x00000000e5560000, 0x00000000e5560000)
  from space 21824K, 100% used [0x00000000e5560000, 0x00000000e6ab0000, 0x00000000e6ab0000)
  to   space 21824K,   0% used [0x00000000e6ab0000, 0x00000000e6ab0000, 0x00000000e8000000)
 concurrent mark-sweep generation total 393216K, used 15724K [0x00000000e8000000, 0x0000000100000000, 0x0000000100000000)
 Metaspace       used 31157K, capacity 31960K, committed 32252K, reserved 1077248K
  class space    used 3536K, capacity 3781K, committed 3836K, reserved 1048576K
2018-06-19T14:34:35.617+0200: 3514,982: [GC (Allocation Failure) 2018-06-19T14:34:35.617+0200: 3514,982: [ParNew
Desired survivor size 20112992 bytes, new threshold 8 (max 8)
- age   1:    1452536 bytes,    1452536 total
- age   2:    1102896 bytes,    2555432 total
- age   3:     133120 bytes,    2688552 total
- age   4:     816976 bytes,    3505528 total
- age   5:    4779888 bytes,    8285416 total
- age   6:     755872 bytes,    9041288 total
- age   7:     142360 bytes,    9183648 total
- age   8:    8843688 bytes,   18027336 total
: 109248K->21415K(109248K), 0,0152811 secs] 124972K->37140K(502464K), 0,0153557 secs] [Times: user=0,06 sys=0,00, real=0,02 secs] 
Heap after GC invocations=15 (full 1):
 par new generation   total 109248K, used 21415K [0x00000000e0000000, 0x00000000e8000000, 0x00000000e8000000)
  eden space 87424K,   0% used [0x00000000e0000000, 0x00000000e0000000, 0x00000000e5560000)
  from space 21824K,  98% used [0x00000000e6ab0000, 0x00000000e7f99fe8, 0x00000000e8000000)
  to   space 21824K,   0% used [0x00000000e5560000, 0x00000000e5560000, 0x00000000e6ab0000)
 concurrent mark-sweep generation total 393216K, used 15724K [0x00000000e8000000, 0x0000000100000000, 0x0000000100000000)
 Metaspace       used 31157K, capacity 31960K, committed 32252K, reserved 1077248K
  class space    used 3536K, capacity 3781K, committed 3836K, reserved 1048576K
}
2018-06-19T14:34:35.632+0200: 3514,997: Total time for which application threads were stopped: 0,0155490 seconds, Stopping threads took: 0,0000437 seconds
2018-06-19T14:34:35.632+0200: 3514,998: Total time for which application threads were stopped: 0,0001253 seconds, Stopping threads took: 0,0000441 seconds
{Heap before GC invocations=15 (full 1):
 par new generation   total 109248K, used 108839K [0x00000000e0000000, 0x00000000e8000000, 0x00000000e8000000)
  eden space 87424K, 100% used [0x00000000e0000000, 0x00000000e5560000, 0x00000000e5560000)
  from space 21824K,  98% used [0x00000000e6ab0000, 0x00000000e7f99fe8, 0x00000000e8000000)
  to   space 21824K,   0% used [0x00000000e5560000, 0x00000000e5560000, 0x00000000e6ab0000)
 concurrent mark-sweep generation total 393216K, used 15724K [0x00000000e8000000, 0x0000000100000000, 0x0000000100000000)
 Metaspace       used 31191K, capacity 32006K, committed 32252K, reserved 1077248K
  class space    used 3540K, capacity 3789K, committed 3836K, reserved 1048576K
2018-06-19T14:34:35.747+0200: 3515,112: [GC (Allocation Failure) 2018-06-19T14:34:35.747+0200: 3515,112: [ParNew
Desired survivor size 20112992 bytes, new threshold 8 (max 8)
- age   1:     538040 bytes,     538040 total
- age   2:    1325584 bytes,    1863624 total
- age   3:     483512 bytes,    2347136 total
- age   4:      10240 bytes,    2357376 total
- age   5:     544352 bytes,    2901728 total
- age   6:    4779888 bytes,    7681616 total
- age   7:     755872 bytes,    8437488 total
- age   8:     142360 bytes,    8579848 total
: 108839K->21824K(109248K), 0,0245863 secs] 124564K->46814K(502464K), 0,0247173 secs] [Times: user=0,07 sys=0,01, real=0,03 secs] 
Heap after GC invocations=16 (full 1):
 par new generation   total 109248K, used 21824K [0x00000000e0000000, 0x00000000e8000000, 0x00000000e8000000)
  eden space 87424K,   0% used [0x00000000e0000000, 0x00000000e0000000, 0x00000000e5560000)
  from space 21824K, 100% used [0x00000000e5560000, 0x00000000e6ab0000, 0x00000000e6ab0000)
  to   space 21824K,   0% used [0x00000000e6ab0000, 0x00000000e6ab0000, 0x00000000e8000000)
 concurrent mark-sweep generation total 393216K, used 24990K [0x00000000e8000000, 0x0000000100000000, 0x0000000100000000)
 Metaspace       used 31191K, capacity 32006K, committed 32252K, reserved 1077248K
  class space    used 3540K, capacity 3789K, committed 3836K, reserved 1048576K
}
2018-06-19T14:34:35.772+0200: 3515,137: Total time for which application threads were stopped: 0,0250521 seconds, Stopping threads took: 0,0000767 seconds
2018-06-19T14:34:35.827+0200: 3515,192: Total time for which application threads were stopped: 0,0009774 seconds, Stopping threads took: 0,0008478 seconds
2018-06-19T14:34:35.839+0200: 3515,204: Total time for which application threads were stopped: 0,0001499 seconds, Stopping threads took: 0,0000701 seconds
2018-06-19T14:34:35.839+0200: 3515,204: Total time for which application threads were stopped: 0,0000744 seconds, Stopping threads took: 0,0000253 seconds
2018-06-19T14:34:35.839+0200: 3515,204: Total time for which application threads were stopped: 0,0000702 seconds, Stopping threads took: 0,0000281 seconds
2018-06-19T14:34:35.839+0200: 3515,204: Total time for which application threads were stopped: 0,0001044 seconds, Stopping threads took: 0,0000403 seconds
2018-06-19T14:34:35.839+0200: 3515,204: Total time for which application threads were stopped: 0,0000734 seconds, Stopping threads took: 0,0000330 seconds
2018-06-19T14:34:35.839+0200: 3515,204: Total time for which application threads were stopped: 0,0000414 seconds, Stopping threads took: 0,0000142 seconds
2018-06-19T14:34:35.839+0200: 3515,204: Total time for which application threads were stopped: 0,0000401 seconds, Stopping threads took: 0,0000134 seconds
2018-06-19T14:34:35.839+0200: 3515,205: Total time for which application threads were stopped: 0,0000366 seconds, Stopping threads took: 0,0000111 seconds
2018-06-19T14:34:35.839+0200: 3515,205: Total time for which application threads were stopped: 0,0000368 seconds, Stopping threads took: 0,0000113 seconds
2018-06-19T14:34:35.839+0200: 3515,205: Total time for which application threads were stopped: 0,0000362 seconds, Stopping threads took: 0,0000106 seconds
2018-06-19T14:34:35.839+0200: 3515,205: Total time for which application threads were stopped: 0,0000374 seconds, Stopping threads took: 0,0000103 seconds
2018-06-19T14:34:35.840+0200: 3515,205: Total time for which application threads were stopped: 0,0000359 seconds, Stopping threads took: 0,0000101 seconds
2018-06-19T14:34:35.840+0200: 3515,205: Total time for which application threads were stopped: 0,0000415 seconds, Stopping threads took: 0,0000115 seconds
2018-06-19T14:34:35.840+0200: 3515,205: Total time for which application threads were stopped: 0,0000379 seconds, Stopping threads took: 0,0000104 seconds
2018-06-19T14:34:35.840+0200: 3515,205: Total time for which application threads were stopped: 0,0000371 seconds, Stopping threads took: 0,0000108 seconds
2018-06-19T14:34:35.840+0200: 3515,205: Total time for which application threads were stopped: 0,0000377 seconds, Stopping threads took: 0,0000100 seconds
2018-06-19T14:34:35.840+0200: 3515,205: Total time for which application threads were stopped: 0,0000377 seconds, Stopping threads took: 0,0000102 seconds
2018-06-19T14:34:35.850+0200: 3515,215: Total time for which application threads were stopped: 0,0002368 seconds, Stopping threads took: 0,0001530 seconds
2018-06-19T14:34:35.850+0200: 3515,215: Total time for which application threads were stopped: 0,0000821 seconds, Stopping threads took: 0,0000312 seconds
2018-06-19T14:34:35.883+0200: 3515,248: Total time for which application threads were stopped: 0,0001406 seconds, Stopping threads took: 0,0000413 seconds
2018-06-19T14:34:35.883+0200: 3515,248: Total time for which application threads were stopped: 0,0000713 seconds, Stopping threads took: 0,0000239 seconds
2018-06-19T14:34:35.883+0200: 3515,248: Total time for which application threads were stopped: 0,0000829 seconds, Stopping threads took: 0,0000436 seconds
2018-06-19T14:34:35.883+0200: 3515,248: Total time for which application threads were stopped: 0,0000623 seconds, Stopping threads took: 0,0000276 seconds
2018-06-19T14:34:35.883+0200: 3515,249: Total time for which application threads were stopped: 0,0000630 seconds, Stopping threads took: 0,0000188 seconds
2018-06-19T14:34:35.883+0200: 3515,249: Total time for which application threads were stopped: 0,0000416 seconds, Stopping threads took: 0,0000138 seconds
2018-06-19T14:34:35.884+0200: 3515,249: Total time for which application threads were stopped: 0,0000542 seconds, Stopping threads took: 0,0000142 seconds
2018-06-19T14:34:35.884+0200: 3515,249: Total time for which application threads were stopped: 0,0001036 seconds, Stopping threads took: 0,0000640 seconds
2018-06-19T14:34:35.884+0200: 3515,249: Total time for which application threads were stopped: 0,0001068 seconds, Stopping threads took: 0,0000516 seconds
2018-06-19T14:34:35.887+0200: 3515,252: Total time for which application threads were stopped: 0,0026942 seconds, Stopping threads took: 0,0026303 seconds
2018-06-19T14:34:35.887+0200: 3515,253: Total time for which application threads were stopped: 0,0000779 seconds, Stopping threads took: 0,0000314 seconds
2018-06-19T14:34:35.887+0200: 3515,253: Total time for which application threads were stopped: 0,0000453 seconds, Stopping threads took: 0,0000128 seconds
2018-06-19T14:34:36.917+0200: 3516,283: Total time for which application threads were stopped: 0,0002326 seconds, Stopping threads took: 0,0001211 seconds
2018-06-19T14:34:36.918+0200: 3516,283: Total time for which application threads were stopped: 0,0001127 seconds, Stopping threads took: 0,0000307 seconds
2018-06-19T14:34:36.918+0200: 3516,283: Total time for which application threads were stopped: 0,0000970 seconds, Stopping threads took: 0,0000306 seconds
2018-06-19T14:34:36.918+0200: 3516,283: Total time for which application threads were stopped: 0,0000655 seconds, Stopping threads took: 0,0000110 seconds
2018-06-19T14:34:36.929+0200: 3516,294: Total time for which application threads were stopped: 0,0023042 seconds, Stopping threads took: 0,0021208 seconds
2018-06-19T14:34:36.929+0200: 3516,295: Total time for which application threads were stopped: 0,0001356 seconds, Stopping threads took: 0,0000360 seconds
2018-06-19T14:34:37.930+0200: 3517,295: Total time for which application threads were stopped: 0,0001929 seconds, Stopping threads took: 0,0000462 seconds
2018-06-19T14:34:38.043+0200: 3517,408: Total time for which application threads were stopped: 0,0001973 seconds, Stopping threads took: 0,0000387 seconds
2018-06-19T14:34:38.056+0200: 3517,421: Total time for which application threads were stopped: 0,0001604 seconds, Stopping threads took: 0,0000533 seconds
{Heap before GC invocations=16 (full 1):
 par new generation   total 109248K, used 109248K [0x00000000e0000000, 0x00000000e8000000, 0x00000000e8000000)
  eden space 87424K, 100% used [0x00000000e0000000, 0x00000000e5560000, 0x00000000e5560000)
  from space 21824K, 100% used [0x00000000e5560000, 0x00000000e6ab0000, 0x00000000e6ab0000)
  to   space 21824K,   0% used [0x00000000e6ab0000, 0x00000000e6ab0000, 0x00000000e8000000)
 concurrent mark-sweep generation total 393216K, used 24990K [0x00000000e8000000, 0x0000000100000000, 0x0000000100000000)
 Metaspace       used 31302K, capacity 32242K, committed 32508K, reserved 1077248K
  class space    used 3545K, capacity 3795K, committed 3836K, reserved 1048576K
2018-06-19T14:34:38.142+0200: 3517,507: [GC (Allocation Failure) 2018-06-19T14:34:38.142+0200: 3517,507: [ParNew
Desired survivor size 20112992 bytes, new threshold 8 (max 8)
- age   1:    2105792 bytes,    2105792 total
- age   2:     137432 bytes,    2243224 total
- age   3:    1033152 bytes,    3276376 total
- age   4:     483288 bytes,    3759664 total
- age   5:      10240 bytes,    3769904 total
- age   6:     543968 bytes,    4313872 total
- age   7:    4779488 bytes,    9093360 total
- age   8:     755872 bytes,    9849232 total
: 109248K->12664K(109248K), 0,0157053 secs] 134238K->37796K(502464K), 0,0158074 secs] [Times: user=0,05 sys=0,00, real=0,02 secs] 
Heap after GC invocations=17 (full 1):
 par new generation   total 109248K, used 12664K [0x00000000e0000000, 0x00000000e8000000, 0x00000000e8000000)
  eden space 87424K,   0% used [0x00000000e0000000, 0x00000000e0000000, 0x00000000e5560000)
  from space 21824K,  58% used [0x00000000e6ab0000, 0x00000000e770e080, 0x00000000e8000000)
  to   space 21824K,   0% used [0x00000000e5560000, 0x00000000e5560000, 0x00000000e6ab0000)
 concurrent mark-sweep generation total 393216K, used 25132K [0x00000000e8000000, 0x0000000100000000, 0x0000000100000000)
 Metaspace       used 31302K, capacity 32242K, committed 32508K, reserved 1077248K
  class space    used 3545K, capacity 3795K, committed 3836K, reserved 1048576K
}
2018-06-19T14:34:38.157+0200: 3517,523: Total time for which application threads were stopped: 0,0160804 seconds, Stopping threads took: 0,0000351 seconds
2018-06-19T14:34:38.158+0200: 3517,523: Total time for which application threads were stopped: 0,0001319 seconds, Stopping threads took: 0,0000372 seconds
2018-06-19T14:34:38.271+0200: 3517,636: Total time for which application threads were stopped: 0,0002268 seconds, Stopping threads took: 0,0000605 seconds
2018-06-19T14:34:38.279+0200: 3517,644: Total time for which application threads were stopped: 0,0007997 seconds, Stopping threads took: 0,0006832 seconds
2018-06-19T14:34:38.279+0200: 3517,645: Total time for which application threads were stopped: 0,0000759 seconds, Stopping threads took: 0,0000180 seconds
2018-06-19T14:34:38.279+0200: 3517,645: Total time for which application threads were stopped: 0,0000614 seconds, Stopping threads took: 0,0000118 seconds
2018-06-19T14:34:38.280+0200: 3517,645: Total time for which application threads were stopped: 0,0000492 seconds, Stopping threads took: 0,0000112 seconds
2018-06-19T14:34:38.280+0200: 3517,645: Total time for which application threads were stopped: 0,0000561 seconds, Stopping threads took: 0,0000117 seconds
2018-06-19T14:34:38.280+0200: 3517,645: Total time for which application threads were stopped: 0,0000626 seconds, Stopping threads took: 0,0000185 seconds
2018-06-19T14:34:38.280+0200: 3517,645: Total time for which application threads were stopped: 0,0000550 seconds, Stopping threads took: 0,0000118 seconds
2018-06-19T14:34:38.280+0200: 3517,645: Total time for which application threads were stopped: 0,0000568 seconds, Stopping threads took: 0,0000123 seconds
2018-06-19T14:34:38.280+0200: 3517,645: Total time for which application threads were stopped: 0,0000671 seconds, Stopping threads took: 0,0000265 seconds
2018-06-19T14:34:38.280+0200: 3517,645: Total time for which application threads were stopped: 0,0000635 seconds, Stopping threads took: 0,0000211 seconds
2018-06-19T14:34:38.280+0200: 3517,646: Total time for which application threads were stopped: 0,0000622 seconds, Stopping threads took: 0,0000233 seconds
2018-06-19T14:34:38.280+0200: 3517,646: Total time for which application threads were stopped: 0,0000649 seconds, Stopping threads took: 0,0000203 seconds
2018-06-19T14:34:38.281+0200: 3517,646: Total time for which application threads were stopped: 0,0001879 seconds, Stopping threads took: 0,0000212 seconds
2018-06-19T14:34:38.281+0200: 3517,646: Total time for which application threads were stopped: 0,0000777 seconds, Stopping threads took: 0,0000234 seconds
2018-06-19T14:34:38.281+0200: 3517,646: Total time for which application threads were stopped: 0,0001749 seconds, Stopping threads took: 0,0000196 seconds
2018-06-19T14:34:38.300+0200: 3517,666: Total time for which application threads were stopped: 0,0001477 seconds, Stopping threads took: 0,0000463 seconds
2018-06-19T14:34:38.300+0200: 3517,666: Total time for which application threads were stopped: 0,0000718 seconds, Stopping threads took: 0,0000263 seconds
2018-06-19T14:34:38.316+0200: 3517,681: Total time for which application threads were stopped: 0,0001288 seconds, Stopping threads took: 0,0000441 seconds
2018-06-19T14:34:39.316+0200: 3518,682: Total time for which application threads were stopped: 0,0001162 seconds, Stopping threads took: 0,0000270 seconds
2018-06-19T14:34:39.366+0200: 3518,732: Total time for which application threads were stopped: 0,0001747 seconds, Stopping threads took: 0,0000547 seconds
2018-06-19T14:34:39.372+0200: 3518,737: Total time for which application threads were stopped: 0,0008214 seconds, Stopping threads took: 0,0006590 seconds
2018-06-19T14:34:39.372+0200: 3518,738: Total time for which application threads were stopped: 0,0001683 seconds, Stopping threads took: 0,0000656 seconds
2018-06-19T14:34:39.375+0200: 3518,740: Total time for which application threads were stopped: 0,0001810 seconds, Stopping threads took: 0,0000858 seconds
2018-06-19T14:34:39.375+0200: 3518,740: Total time for which application threads were stopped: 0,0001087 seconds, Stopping threads took: 0,0000344 seconds
2018-06-19T14:34:41.147+0200: 3520,513: Total time for which application threads were stopped: 0,0000935 seconds, Stopping threads took: 0,0000201 seconds
2018-06-19T14:34:41.153+0200: 3520,518: Total time for which application threads were stopped: 0,0011574 seconds, Stopping threads took: 0,0007605 seconds
{Heap before GC invocations=17 (full 1):
 par new generation   total 109248K, used 100088K [0x00000000e0000000, 0x00000000e8000000, 0x00000000e8000000)
  eden space 87424K, 100% used [0x00000000e0000000, 0x00000000e5560000, 0x00000000e5560000)
  from space 21824K,  58% used [0x00000000e6ab0000, 0x00000000e770e080, 0x00000000e8000000)
  to   space 21824K,   0% used [0x00000000e5560000, 0x00000000e5560000, 0x00000000e6ab0000)
 concurrent mark-sweep generation total 393216K, used 25132K [0x00000000e8000000, 0x0000000100000000, 0x0000000100000000)
 Metaspace       used 31415K, capacity 32326K, committed 32508K, reserved 1077248K
  class space    used 3551K, capacity 3802K, committed 3836K, reserved 1048576K
2018-06-19T14:34:41.208+0200: 3520,574: [GC (Allocation Failure) 2018-06-19T14:34:41.208+0200: 3520,574: [ParNew
Desired survivor size 20112992 bytes, new threshold 8 (max 8)
- age   1:    1496520 bytes,    1496520 total
- age   2:    1041944 bytes,    2538464 total
- age   3:     137432 bytes,    2675896 total
- age   4:     380656 bytes,    3056552 total
- age   5:     141248 bytes,    3197800 total
- age   6:      10240 bytes,    3208040 total
- age   7:     543904 bytes,    3751944 total
- age   8:    4779424 bytes,    8531368 total
: 100088K->10028K(109248K), 0,0111177 secs] 125220K->35902K(502464K), 0,0112081 secs] [Times: user=0,04 sys=0,00, real=0,01 secs] 
Heap after GC invocations=18 (full 1):
 par new generation   total 109248K, used 10028K [0x00000000e0000000, 0x00000000e8000000, 0x00000000e8000000)
  eden space 87424K,   0% used [0x00000000e0000000, 0x00000000e0000000, 0x00000000e5560000)
  from space 21824K,  45% used [0x00000000e5560000, 0x00000000e5f2b000, 0x00000000e6ab0000)
  to   space 21824K,   0% used [0x00000000e6ab0000, 0x00000000e6ab0000, 0x00000000e8000000)
 concurrent mark-sweep generation total 393216K, used 25874K [0x00000000e8000000, 0x0000000100000000, 0x0000000100000000)
 Metaspace       used 31415K, capacity 32326K, committed 32508K, reserved 1077248K
  class space    used 3551K, capacity 3802K, committed 3836K, reserved 1048576K
}
2018-06-19T14:34:41.219+0200: 3520,585: Total time for which application threads were stopped: 0,0114320 seconds, Stopping threads took: 0,0000393 seconds
2018-06-19T14:34:41.220+0200: 3520,585: Total time for which application threads were stopped: 0,0001359 seconds, Stopping threads took: 0,0000465 seconds
{Heap before GC invocations=18 (full 1):
 par new generation   total 109248K, used 97452K [0x00000000e0000000, 0x00000000e8000000, 0x00000000e8000000)
  eden space 87424K, 100% used [0x00000000e0000000, 0x00000000e5560000, 0x00000000e5560000)
  from space 21824K,  45% used [0x00000000e5560000, 0x00000000e5f2b000, 0x00000000e6ab0000)
  to   space 21824K,   0% used [0x00000000e6ab0000, 0x00000000e6ab0000, 0x00000000e8000000)
 concurrent mark-sweep generation total 393216K, used 25874K [0x00000000e8000000, 0x0000000100000000, 0x0000000100000000)
 Metaspace       used 31423K, capacity 32336K, committed 32508K, reserved 1077248K
  class space    used 3552K, capacity 3804K, committed 3836K, reserved 1048576K
2018-06-19T14:34:41.337+0200: 3520,702: [GC (Allocation Failure) 2018-06-19T14:34:41.337+0200: 3520,702: [ParNew
Desired survivor size 20112992 bytes, new threshold 8 (max 8)
- age   1:     619784 bytes,     619784 total
- age   2:    1299560 bytes,    1919344 total
- age   3:     444320 bytes,    2363664 total
- age   4:      14352 bytes,    2378016 total
- age   5:     107592 bytes,    2485608 total
- age   6:     141184 bytes,    2626792 total
- age   7:      10240 bytes,    2637032 total
- age   8:     543904 bytes,    3180936 total
: 97452K->9377K(109248K), 0,0225027 secs] 123326K->40090K(502464K), 0,0225913 secs] [Times: user=0,07 sys=0,01, real=0,02 secs] 
Heap after GC invocations=19 (full 1):
 par new generation   total 109248K, used 9377K [0x00000000e0000000, 0x00000000e8000000, 0x00000000e8000000)
  eden space 87424K,   0% used [0x00000000e0000000, 0x00000000e0000000, 0x00000000e5560000)
  from space 21824K,  42% used [0x00000000e6ab0000, 0x00000000e73d8678, 0x00000000e8000000)
  to   space 21824K,   0% used [0x00000000e5560000, 0x00000000e5560000, 0x00000000e6ab0000)
 concurrent mark-sweep generation total 393216K, used 30712K [0x00000000e8000000, 0x0000000100000000, 0x0000000100000000)
 Metaspace       used 31423K, capacity 32336K, committed 32508K, reserved 1077248K
  class space    used 3552K, capacity 3804K, committed 3836K, reserved 1048576K
}
2018-06-19T14:34:41.360+0200: 3520,725: Total time for which application threads were stopped: 0,0228848 seconds, Stopping threads took: 0,0000727 seconds
2018-06-19T14:34:41.410+0200: 3520,775: Total time for which application threads were stopped: 0,0001999 seconds, Stopping threads took: 0,0000451 seconds
2018-06-19T14:34:41.416+0200: 3520,781: Total time for which application threads were stopped: 0,0001852 seconds, Stopping threads took: 0,0000424 seconds
2018-06-19T14:34:41.416+0200: 3520,782: Total time for which application threads were stopped: 0,0000788 seconds, Stopping threads took: 0,0000171 seconds
2018-06-19T14:34:41.417+0200: 3520,782: Total time for which application threads were stopped: 0,0000604 seconds, Stopping threads took: 0,0000134 seconds
2018-06-19T14:34:41.417+0200: 3520,782: Total time for which application threads were stopped: 0,0000552 seconds, Stopping threads took: 0,0000120 seconds
2018-06-19T14:34:41.417+0200: 3520,782: Total time for which application threads were stopped: 0,0000532 seconds, Stopping threads took: 0,0000119 seconds
2018-06-19T14:34:41.417+0200: 3520,782: Total time for which application threads were stopped: 0,0000552 seconds, Stopping threads took: 0,0000134 seconds
2018-06-19T14:34:41.417+0200: 3520,782: Total time for which application threads were stopped: 0,0000573 seconds, Stopping threads took: 0,0000158 seconds
2018-06-19T14:34:41.417+0200: 3520,782: Total time for which application threads were stopped: 0,0000550 seconds, Stopping threads took: 0,0000151 seconds
2018-06-19T14:34:41.417+0200: 3520,782: Total time for which application threads were stopped: 0,0000629 seconds, Stopping threads took: 0,0000117 seconds
2018-06-19T14:34:41.417+0200: 3520,783: Total time for which application threads were stopped: 0,0000586 seconds, Stopping threads took: 0,0000166 seconds
2018-06-19T14:34:41.417+0200: 3520,783: Total time for which application threads were stopped: 0,0000515 seconds, Stopping threads took: 0,0000118 seconds
2018-06-19T14:34:41.417+0200: 3520,783: Total time for which application threads were stopped: 0,0000545 seconds, Stopping threads took: 0,0000118 seconds
2018-06-19T14:34:41.417+0200: 3520,783: Total time for which application threads were stopped: 0,0000503 seconds, Stopping threads took: 0,0000119 seconds
2018-06-19T14:34:41.418+0200: 3520,783: Total time for which application threads were stopped: 0,0000566 seconds, Stopping threads took: 0,0000142 seconds
2018-06-19T14:34:41.418+0200: 3520,783: Total time for which application threads were stopped: 0,0000507 seconds, Stopping threads took: 0,0000119 seconds
2018-06-19T14:34:41.418+0200: 3520,783: Total time for which application threads were stopped: 0,0000559 seconds, Stopping threads took: 0,0000118 seconds
2018-06-19T14:34:41.418+0200: 3520,783: Total time for which application threads were stopped: 0,0000507 seconds, Stopping threads took: 0,0000117 seconds
2018-06-19T14:34:41.418+0200: 3520,783: Total time for which application threads were stopped: 0,0000490 seconds, Stopping threads took: 0,0000106 seconds
2018-06-19T14:34:41.427+0200: 3520,793: Total time for which application threads were stopped: 0,0001800 seconds, Stopping threads took: 0,0000654 seconds
2018-06-19T14:34:41.432+0200: 3520,797: Total time for which application threads were stopped: 0,0001676 seconds, Stopping threads took: 0,0000563 seconds
2018-06-19T14:34:41.453+0200: 3520,818: Total time for which application threads were stopped: 0,0001476 seconds, Stopping threads took: 0,0000301 seconds
2018-06-19T14:34:41.453+0200: 3520,819: Total time for which application threads were stopped: 0,0000615 seconds, Stopping threads took: 0,0000131 seconds
2018-06-19T14:34:41.453+0200: 3520,819: Total time for which application threads were stopped: 0,0000799 seconds, Stopping threads took: 0,0000323 seconds
2018-06-19T14:34:41.453+0200: 3520,819: Total time for which application threads were stopped: 0,0000391 seconds, Stopping threads took: 0,0000116 seconds
2018-06-19T14:34:41.454+0200: 3520,819: Total time for which application threads were stopped: 0,0000448 seconds, Stopping threads took: 0,0000118 seconds
2018-06-19T14:34:41.454+0200: 3520,819: Total time for which application threads were stopped: 0,0000360 seconds, Stopping threads took: 0,0000099 seconds
2018-06-19T14:34:41.454+0200: 3520,819: Total time for which application threads were stopped: 0,0000404 seconds, Stopping threads took: 0,0000113 seconds
2018-06-19T14:34:41.454+0200: 3520,819: Total time for which application threads were stopped: 0,0000482 seconds, Stopping threads took: 0,0000211 seconds
2018-06-19T14:34:41.454+0200: 3520,819: Total time for which application threads were stopped: 0,0000413 seconds, Stopping threads took: 0,0000111 seconds
2018-06-19T14:34:41.454+0200: 3520,819: Total time for which application threads were stopped: 0,0000356 seconds, Stopping threads took: 0,0000103 seconds
2018-06-19T14:34:41.454+0200: 3520,820: Total time for which application threads were stopped: 0,0000430 seconds, Stopping threads took: 0,0000120 seconds
2018-06-19T14:34:41.454+0200: 3520,820: Total time for which application threads were stopped: 0,0000373 seconds, Stopping threads took: 0,0000101 seconds
2018-06-19T14:34:42.488+0200: 3521,853: Total time for which application threads were stopped: 0,0001967 seconds, Stopping threads took: 0,0000660 seconds
2018-06-19T14:34:42.488+0200: 3521,853: Total time for which application threads were stopped: 0,0000823 seconds, Stopping threads took: 0,0000175 seconds
2018-06-19T14:34:42.489+0200: 3521,854: Total time for which application threads were stopped: 0,0001290 seconds, Stopping threads took: 0,0000385 seconds
2018-06-19T14:34:42.512+0200: 3521,877: Total time for which application threads were stopped: 0,0003629 seconds, Stopping threads took: 0,0002048 seconds
2018-06-19T14:34:42.514+0200: 3521,879: Total time for which application threads were stopped: 0,0002419 seconds, Stopping threads took: 0,0000897 seconds
2018-06-19T14:34:47.110+0200: 3526,476: Total time for which application threads were stopped: 0,0001255 seconds, Stopping threads took: 0,0000334 seconds
2018-06-19T14:34:47.113+0200: 3526,478: Total time for which application threads were stopped: 0,0002178 seconds, Stopping threads took: 0,0000543 seconds
2018-06-19T14:34:48.113+0200: 3527,478: Total time for which application threads were stopped: 0,0001215 seconds, Stopping threads took: 0,0000239 seconds
2018-06-19T14:35:22.118+0200: 3561,483: Total time for which application threads were stopped: 0,0001190 seconds, Stopping threads took: 0,0000446 seconds
2018-06-19T14:35:31.292+0200: 3570,658: Total time for which application threads were stopped: 0,0001042 seconds, Stopping threads took: 0,0000381 seconds
2018-06-19T14:35:42.514+0200: 3581,879: Total time for which application threads were stopped: 0,0001518 seconds, Stopping threads took: 0,0000576 seconds
2018-06-19T14:35:45.217+0200: 3584,582: Total time for which application threads were stopped: 0,0005343 seconds, Stopping threads took: 0,0000252 seconds
2018-06-19T14:35:45.243+0200: 3584,609: Total time for which application threads were stopped: 0,0001061 seconds, Stopping threads took: 0,0000245 seconds
2018-06-19T14:35:45.265+0200: 3584,630: Total time for which application threads were stopped: 0,0006173 seconds, Stopping threads took: 0,0005025 seconds
2018-06-19T14:35:45.368+0200: 3584,733: Total time for which application threads were stopped: 0,0001373 seconds, Stopping threads took: 0,0000307 seconds
2018-06-19T14:35:45.368+0200: 3584,733: Total time for which application threads were stopped: 0,0000743 seconds, Stopping threads took: 0,0000170 seconds
2018-06-19T14:35:45.368+0200: 3584,733: Total time for which application threads were stopped: 0,0000792 seconds, Stopping threads took: 0,0000194 seconds
2018-06-19T14:35:45.368+0200: 3584,734: Total time for which application threads were stopped: 0,0000658 seconds, Stopping threads took: 0,0000126 seconds
2018-06-19T14:35:45.368+0200: 3584,734: Total time for which application threads were stopped: 0,0000538 seconds, Stopping threads took: 0,0000138 seconds
2018-06-19T14:35:45.368+0200: 3584,734: Total time for which application threads were stopped: 0,0000565 seconds, Stopping threads took: 0,0000112 seconds
2018-06-19T14:35:45.369+0200: 3584,734: Total time for which application threads were stopped: 0,0000538 seconds, Stopping threads took: 0,0000123 seconds
2018-06-19T14:35:45.369+0200: 3584,734: Total time for which application threads were stopped: 0,0000502 seconds, Stopping threads took: 0,0000109 seconds
2018-06-19T14:35:45.369+0200: 3584,734: Total time for which application threads were stopped: 0,0000533 seconds, Stopping threads took: 0,0000114 seconds
2018-06-19T14:35:45.369+0200: 3584,734: Total time for which application threads were stopped: 0,0000636 seconds, Stopping threads took: 0,0000151 seconds
2018-06-19T14:35:45.401+0200: 3584,766: Total time for which application threads were stopped: 0,0001695 seconds, Stopping threads took: 0,0000512 seconds
2018-06-19T14:35:45.401+0200: 3584,767: Total time for which application threads were stopped: 0,0001096 seconds, Stopping threads took: 0,0000431 seconds
2018-06-19T14:35:45.402+0200: 3584,767: Total time for which application threads were stopped: 0,0000681 seconds, Stopping threads took: 0,0000342 seconds
2018-06-19T14:35:45.402+0200: 3584,767: Total time for which application threads were stopped: 0,0000470 seconds, Stopping threads took: 0,0000223 seconds
2018-06-19T14:35:45.402+0200: 3584,767: Total time for which application threads were stopped: 0,0000881 seconds, Stopping threads took: 0,0000489 seconds
2018-06-19T14:35:45.402+0200: 3584,768: Total time for which application threads were stopped: 0,0001009 seconds, Stopping threads took: 0,0000377 seconds
2018-06-19T14:35:45.403+0200: 3584,768: Total time for which application threads were stopped: 0,0000677 seconds, Stopping threads took: 0,0000271 seconds
2018-06-19T14:35:45.403+0200: 3584,768: Total time for which application threads were stopped: 0,0000746 seconds, Stopping threads took: 0,0000286 seconds
2018-06-19T14:35:45.403+0200: 3584,768: Total time for which application threads were stopped: 0,0000557 seconds, Stopping threads took: 0,0000252 seconds
2018-06-19T14:35:45.403+0200: 3584,769: Total time for which application threads were stopped: 0,0001941 seconds, Stopping threads took: 0,0001480 seconds
2018-06-19T14:35:45.404+0200: 3584,769: Total time for which application threads were stopped: 0,0000765 seconds, Stopping threads took: 0,0000341 seconds
2018-06-19T14:35:45.408+0200: 3584,773: Total time for which application threads were stopped: 0,0041396 seconds, Stopping threads took: 0,0040300 seconds
2018-06-19T14:35:45.409+0200: 3584,774: Total time for which application threads were stopped: 0,0001025 seconds, Stopping threads took: 0,0000321 seconds
2018-06-19T14:35:45.409+0200: 3584,775: Total time for which application threads were stopped: 0,0000625 seconds, Stopping threads took: 0,0000153 seconds
2018-06-19T14:35:45.409+0200: 3584,775: Total time for which application threads were stopped: 0,0000452 seconds, Stopping threads took: 0,0000124 seconds
2018-06-19T14:35:45.409+0200: 3584,775: Total time for which application threads were stopped: 0,0000525 seconds, Stopping threads took: 0,0000150 seconds
2018-06-19T14:35:45.409+0200: 3584,775: Total time for which application threads were stopped: 0,0000499 seconds, Stopping threads took: 0,0000205 seconds
2018-06-19T14:35:45.410+0200: 3584,775: Total time for which application threads were stopped: 0,0000798 seconds, Stopping threads took: 0,0000200 seconds
2018-06-19T14:35:45.410+0200: 3584,775: Total time for which application threads were stopped: 0,0000822 seconds, Stopping threads took: 0,0000284 seconds
2018-06-19T14:35:45.410+0200: 3584,775: Total time for which application threads were stopped: 0,0000564 seconds, Stopping threads took: 0,0000108 seconds
2018-06-19T14:35:45.410+0200: 3584,775: Total time for which application threads were stopped: 0,0000579 seconds, Stopping threads took: 0,0000160 seconds
2018-06-19T14:35:45.410+0200: 3584,776: Total time for which application threads were stopped: 0,0001406 seconds, Stopping threads took: 0,0000537 seconds
2018-06-19T14:35:45.410+0200: 3584,776: Total time for which application threads were stopped: 0,0000992 seconds, Stopping threads took: 0,0000362 seconds
2018-06-19T14:35:45.411+0200: 3584,776: Total time for which application threads were stopped: 0,0002113 seconds, Stopping threads took: 0,0000086 seconds
2018-06-19T14:35:45.550+0200: 3584,915: Total time for which application threads were stopped: 0,0001199 seconds, Stopping threads took: 0,0000234 seconds
2018-06-19T14:35:45.561+0200: 3584,926: Total time for which application threads were stopped: 0,0026740 seconds, Stopping threads took: 0,0001168 seconds
2018-06-19T14:35:45.564+0200: 3584,929: Total time for which application threads were stopped: 0,0005440 seconds, Stopping threads took: 0,0000152 seconds
2018-06-19T14:35:45.566+0200: 3584,931: Total time for which application threads were stopped: 0,0005357 seconds, Stopping threads took: 0,0000182 seconds
2018-06-19T14:35:45.871+0200: 3585,237: Total time for which application threads were stopped: 0,0003818 seconds, Stopping threads took: 0,0001050 seconds
{Heap before GC invocations=19 (full 1):
 par new generation   total 109248K, used 96801K [0x00000000e0000000, 0x00000000e8000000, 0x00000000e8000000)
  eden space 87424K, 100% used [0x00000000e0000000, 0x00000000e5560000, 0x00000000e5560000)
  from space 21824K,  42% used [0x00000000e6ab0000, 0x00000000e73d8678, 0x00000000e8000000)
  to   space 21824K,   0% used [0x00000000e5560000, 0x00000000e5560000, 0x00000000e6ab0000)
 concurrent mark-sweep generation total 393216K, used 30712K [0x00000000e8000000, 0x0000000100000000, 0x0000000100000000)
 Metaspace       used 32533K, capacity 33524K, committed 33660K, reserved 1079296K
  class space    used 3640K, capacity 3904K, committed 3964K, reserved 1048576K
2018-06-19T14:35:46.055+0200: 3585,420: [GC (Allocation Failure) 2018-06-19T14:35:46.055+0200: 3585,420: [ParNew
Desired survivor size 20112992 bytes, new threshold 8 (max 8)
- age   1:    2534904 bytes,    2534904 total
- age   2:     154416 bytes,    2689320 total
- age   3:    1050112 bytes,    3739432 total
- age   4:     444096 bytes,    4183528 total
- age   5:      14352 bytes,    4197880 total
- age   6:     106856 bytes,    4304736 total
- age   7:     138456 bytes,    4443192 total
- age   8:      10240 bytes,    4453432 total
: 96801K->5659K(109248K), 0,0094496 secs] 127514K->36910K(502464K), 0,0095586 secs] [Times: user=0,03 sys=0,00, real=0,01 secs] 
Heap after GC invocations=20 (full 1):
 par new generation   total 109248K, used 5659K [0x00000000e0000000, 0x00000000e8000000, 0x00000000e8000000)
  eden space 87424K,   0% used [0x00000000e0000000, 0x00000000e0000000, 0x00000000e5560000)
  from space 21824K,  25% used [0x00000000e5560000, 0x00000000e5ae6e20, 0x00000000e6ab0000)
  to   space 21824K,   0% used [0x00000000e6ab0000, 0x00000000e6ab0000, 0x00000000e8000000)
 concurrent mark-sweep generation total 393216K, used 31251K [0x00000000e8000000, 0x0000000100000000, 0x0000000100000000)
 Metaspace       used 32533K, capacity 33524K, committed 33660K, reserved 1079296K
  class space    used 3640K, capacity 3904K, committed 3964K, reserved 1048576K
}
2018-06-19T14:35:46.065+0200: 3585,430: Total time for which application threads were stopped: 0,0107836 seconds, Stopping threads took: 0,0009933 seconds
2018-06-19T14:35:46.067+0200: 3585,432: Total time for which application threads were stopped: 0,0001521 seconds, Stopping threads took: 0,0000793 seconds
2018-06-19T14:35:46.135+0200: 3585,501: Total time for which application threads were stopped: 0,0001942 seconds, Stopping threads took: 0,0000655 seconds
2018-06-19T14:35:46.137+0200: 3585,502: Total time for which application threads were stopped: 0,0001748 seconds, Stopping threads took: 0,0000318 seconds
2018-06-19T14:35:46.137+0200: 3585,503: Total time for which application threads were stopped: 0,0001421 seconds, Stopping threads took: 0,0000351 seconds
2018-06-19T14:35:46.138+0200: 3585,503: Total time for which application threads were stopped: 0,0004999 seconds, Stopping threads took: 0,0004086 seconds
2018-06-19T14:35:46.145+0200: 3585,510: Total time for which application threads were stopped: 0,0001280 seconds, Stopping threads took: 0,0000271 seconds
2018-06-19T14:35:46.153+0200: 3585,518: Total time for which application threads were stopped: 0,0001797 seconds, Stopping threads took: 0,0000556 seconds
2018-06-19T14:35:46.233+0200: 3585,598: Total time for which application threads were stopped: 0,0043634 seconds, Stopping threads took: 0,0042188 seconds
2018-06-19T14:35:46.246+0200: 3585,611: Total time for which application threads were stopped: 0,0068708 seconds, Stopping threads took: 0,0063638 seconds
{Heap before GC invocations=20 (full 1):
 par new generation   total 109248K, used 93083K [0x00000000e0000000, 0x00000000e8000000, 0x00000000e8000000)
  eden space 87424K, 100% used [0x00000000e0000000, 0x00000000e5560000, 0x00000000e5560000)
  from space 21824K,  25% used [0x00000000e5560000, 0x00000000e5ae6e20, 0x00000000e6ab0000)
  to   space 21824K,   0% used [0x00000000e6ab0000, 0x00000000e6ab0000, 0x00000000e8000000)
 concurrent mark-sweep generation total 393216K, used 31251K [0x00000000e8000000, 0x0000000100000000, 0x0000000100000000)
 Metaspace       used 32592K, capacity 33590K, committed 33916K, reserved 1079296K
  class space    used 3641K, capacity 3905K, committed 3964K, reserved 1048576K
2018-06-19T14:35:46.492+0200: 3585,857: [GC (Allocation Failure) 2018-06-19T14:35:46.492+0200: 3585,857: [ParNew
Desired survivor size 20112992 bytes, new threshold 8 (max 8)
- age   1:    1432720 bytes,    1432720 total
- age   2:    1684920 bytes,    3117640 total
- age   3:     154416 bytes,    3272056 total
- age   4:     368984 bytes,    3641040 total
- age   5:      98728 bytes,    3739768 total
- age   6:      14352 bytes,    3754120 total
- age   7:     106704 bytes,    3860824 total
- age   8:     138424 bytes,    3999248 total
: 93083K->5462K(109248K), 0,0239707 secs] 124334K->36723K(502464K), 0,0240844 secs] [Times: user=0,03 sys=0,00, real=0,02 secs] 
Heap after GC invocations=21 (full 1):
 par new generation   total 109248K, used 5462K [0x00000000e0000000, 0x00000000e8000000, 0x00000000e8000000)
  eden space 87424K,   0% used [0x00000000e0000000, 0x00000000e0000000, 0x00000000e5560000)
  from space 21824K,  25% used [0x00000000e6ab0000, 0x00000000e7005870, 0x00000000e8000000)
  to   space 21824K,   0% used [0x00000000e5560000, 0x00000000e5560000, 0x00000000e6ab0000)
 concurrent mark-sweep generation total 393216K, used 31261K [0x00000000e8000000, 0x0000000100000000, 0x0000000100000000)
 Metaspace       used 32592K, capacity 33590K, committed 33916K, reserved 1079296K
  class space    used 3641K, capacity 3905K, committed 3964K, reserved 1048576K
}
2018-06-19T14:35:46.516+0200: 3585,881: Total time for which application threads were stopped: 0,0244540 seconds, Stopping threads took: 0,0000633 seconds
2018-06-19T14:35:46.577+0200: 3585,942: Total time for which application threads were stopped: 0,0001820 seconds, Stopping threads took: 0,0000493 seconds
2018-06-19T14:35:46.663+0200: 3586,028: Total time for which application threads were stopped: 0,0033082 seconds, Stopping threads took: 0,0031698 seconds
2018-06-19T14:35:46.673+0200: 3586,039: Total time for which application threads were stopped: 0,0002037 seconds, Stopping threads took: 0,0000720 seconds
2018-06-19T14:35:46.677+0200: 3586,042: Total time for which application threads were stopped: 0,0001933 seconds, Stopping threads took: 0,0000736 seconds
2018-06-19T14:35:46.822+0200: 3586,188: Total time for which application threads were stopped: 0,0002344 seconds, Stopping threads took: 0,0000906 seconds
2018-06-19T14:35:46.827+0200: 3586,192: Total time for which application threads were stopped: 0,0001977 seconds, Stopping threads took: 0,0000622 seconds
2018-06-19T14:35:46.838+0200: 3586,203: Total time for which application threads were stopped: 0,0001723 seconds, Stopping threads took: 0,0000511 seconds
{Heap before GC invocations=21 (full 1):
 par new generation   total 109248K, used 92886K [0x00000000e0000000, 0x00000000e8000000, 0x00000000e8000000)
  eden space 87424K, 100% used [0x00000000e0000000, 0x00000000e5560000, 0x00000000e5560000)
  from space 21824K,  25% used [0x00000000e6ab0000, 0x00000000e7005870, 0x00000000e8000000)
  to   space 21824K,   0% used [0x00000000e5560000, 0x00000000e5560000, 0x00000000e6ab0000)
 concurrent mark-sweep generation total 393216K, used 31261K [0x00000000e8000000, 0x0000000100000000, 0x0000000100000000)
 Metaspace       used 32763K, capacity 33718K, committed 33916K, reserved 1079296K
  class space    used 3655K, capacity 3905K, committed 3964K, reserved 1048576K
2018-06-19T14:35:46.876+0200: 3586,241: [GC (Allocation Failure) 2018-06-19T14:35:46.876+0200: 3586,241: [ParNew
Desired survivor size 20112992 bytes, new threshold 8 (max 8)
- age   1:    1952072 bytes,    1952072 total
- age   2:    1022560 bytes,    2974632 total
- age   3:    1583408 bytes,    4558040 total
- age   4:     154416 bytes,    4712456 total
- age   5:     368984 bytes,    5081440 total
- age   6:      98728 bytes,    5180168 total
- age   7:      14352 bytes,    5194520 total
- age   8:     106704 bytes,    5301224 total
: 92886K->7037K(109248K), 0,0317980 secs] 124147K->38437K(502464K), 0,0319185 secs] [Times: user=0,08 sys=0,00, real=0,03 secs] 
Heap after GC invocations=22 (full 1):
 par new generation   total 109248K, used 7037K [0x00000000e0000000, 0x00000000e8000000, 0x00000000e8000000)
  eden space 87424K,   0% used [0x00000000e0000000, 0x00000000e0000000, 0x00000000e5560000)
  from space 21824K,  32% used [0x00000000e5560000, 0x00000000e5c3f6f0, 0x00000000e6ab0000)
  to   space 21824K,   0% used [0x00000000e6ab0000, 0x00000000e6ab0000, 0x00000000e8000000)
 concurrent mark-sweep generation total 393216K, used 31400K [0x00000000e8000000, 0x0000000100000000, 0x0000000100000000)
 Metaspace       used 32763K, capacity 33718K, committed 33916K, reserved 1079296K
  class space    used 3655K, capacity 3905K, committed 3964K, reserved 1048576K
}
2018-06-19T14:35:46.908+0200: 3586,273: Total time for which application threads were stopped: 0,0322653 seconds, Stopping threads took: 0,0000999 seconds
2018-06-19T14:35:47.033+0200: 3586,399: Total time for which application threads were stopped: 0,0001705 seconds, Stopping threads took: 0,0000421 seconds
{Heap before GC invocations=22 (full 1):
 par new generation   total 109248K, used 94448K [0x00000000e0000000, 0x00000000e8000000, 0x00000000e8000000)
  eden space 87424K,  99% used [0x00000000e0000000, 0x00000000e555cb48, 0x00000000e5560000)
  from space 21824K,  32% used [0x00000000e5560000, 0x00000000e5c3f6f0, 0x00000000e6ab0000)
  to   space 21824K,   0% used [0x00000000e6ab0000, 0x00000000e6ab0000, 0x00000000e8000000)
 concurrent mark-sweep generation total 393216K, used 31400K [0x00000000e8000000, 0x0000000100000000, 0x0000000100000000)
 Metaspace       used 32811K, capacity 33878K, committed 34172K, reserved 1079296K
  class space    used 3659K, capacity 3937K, committed 3964K, reserved 1048576K
2018-06-19T14:35:47.168+0200: 3586,533: [GC (Allocation Failure) 2018-06-19T14:35:47.168+0200: 3586,534: [ParNew
Desired survivor size 20112992 bytes, new threshold 8 (max 8)
- age   1:    1579864 bytes,    1579864 total
- age   2:     985624 bytes,    2565488 total
- age   3:     106720 bytes,    2672208 total
- age   4:     940840 bytes,    3613048 total
- age   5:     154416 bytes,    3767464 total
- age   6:     368984 bytes,    4136448 total
- age   7:      98728 bytes,    4235176 total
- age   8:      14352 bytes,    4249528 total
: 94448K->5499K(109248K), 0,0230588 secs] 125848K->37006K(502464K), 0,0231928 secs] [Times: user=0,04 sys=0,00, real=0,03 secs] 
Heap after GC invocations=23 (full 1):
 par new generation   total 109248K, used 5499K [0x00000000e0000000, 0x00000000e8000000, 0x00000000e8000000)
  eden space 87424K,   0% used [0x00000000e0000000, 0x00000000e0000000, 0x00000000e5560000)
  from space 21824K,  25% used [0x00000000e6ab0000, 0x00000000e700ec90, 0x00000000e8000000)
  to   space 21824K,   0% used [0x00000000e5560000, 0x00000000e5560000, 0x00000000e6ab0000)
 concurrent mark-sweep generation total 393216K, used 31506K [0x00000000e8000000, 0x0000000100000000, 0x0000000100000000)
 Metaspace       used 32811K, capacity 33878K, committed 34172K, reserved 1079296K
  class space    used 3659K, capacity 3937K, committed 3964K, reserved 1048576K
}
2018-06-19T14:35:47.192+0200: 3586,557: Total time for which application threads were stopped: 0,0236670 seconds, Stopping threads took: 0,0000624 seconds
{Heap before GC invocations=23 (full 1):
 par new generation   total 109248K, used 92923K [0x00000000e0000000, 0x00000000e8000000, 0x00000000e8000000)
  eden space 87424K, 100% used [0x00000000e0000000, 0x00000000e5560000, 0x00000000e5560000)
  from space 21824K,  25% used [0x00000000e6ab0000, 0x00000000e700ec90, 0x00000000e8000000)
  to   space 21824K,   0% used [0x00000000e5560000, 0x00000000e5560000, 0x00000000e6ab0000)
 concurrent mark-sweep generation total 393216K, used 31506K [0x00000000e8000000, 0x0000000100000000, 0x0000000100000000)
 Metaspace       used 32854K, capacity 33878K, committed 34172K, reserved 1079296K
  class space    used 3659K, capacity 3937K, committed 3964K, reserved 1048576K
2018-06-19T14:35:47.419+0200: 3586,784: [GC (Allocation Failure) 2018-06-19T14:35:47.419+0200: 3586,784: [ParNew
Desired survivor size 20112992 bytes, new threshold 8 (max 8)
- age   1:    1585288 bytes,    1585288 total
- age   2:    1102152 bytes,    2687440 total
- age   3:     985600 bytes,    3673040 total
- age   4:     106696 bytes,    3779736 total
- age   5:     939992 bytes,    4719728 total
- age   6:     154416 bytes,    4874144 total
- age   7:     368984 bytes,    5243128 total
- age   8:      98728 bytes,    5341856 total
: 92923K->6565K(109248K), 0,0104231 secs] 124430K->38087K(502464K), 0,0105730 secs] [Times: user=0,03 sys=0,00, real=0,01 secs] 
Heap after GC invocations=24 (full 1):
 par new generation   total 109248K, used 6565K [0x00000000e0000000, 0x00000000e8000000, 0x00000000e8000000)
  eden space 87424K,   0% used [0x00000000e0000000, 0x00000000e0000000, 0x00000000e5560000)
  from space 21824K,  30% used [0x00000000e5560000, 0x00000000e5bc96b0, 0x00000000e6ab0000)
  to   space 21824K,   0% used [0x00000000e6ab0000, 0x00000000e6ab0000, 0x00000000e8000000)
 concurrent mark-sweep generation total 393216K, used 31521K [0x00000000e8000000, 0x0000000100000000, 0x0000000100000000)
 Metaspace       used 32854K, capacity 33878K, committed 34172K, reserved 1079296K
  class space    used 3659K, capacity 3937K, committed 3964K, reserved 1048576K
}
2018-06-19T14:35:47.429+0200: 3586,795: Total time for which application threads were stopped: 0,0108792 seconds, Stopping threads took: 0,0000450 seconds
{Heap before GC invocations=24 (full 1):
 par new generation   total 109248K, used 93961K [0x00000000e0000000, 0x00000000e8000000, 0x00000000e8000000)
  eden space 87424K,  99% used [0x00000000e0000000, 0x00000000e5558e48, 0x00000000e5560000)
  from space 21824K,  30% used [0x00000000e5560000, 0x00000000e5bc96b0, 0x00000000e6ab0000)
  to   space 21824K,   0% used [0x00000000e6ab0000, 0x00000000e6ab0000, 0x00000000e8000000)
 concurrent mark-sweep generation total 393216K, used 31521K [0x00000000e8000000, 0x0000000100000000, 0x0000000100000000)
 Metaspace       used 32860K, capacity 33878K, committed 34172K, reserved 1079296K
  class space    used 3659K, capacity 3937K, committed 3964K, reserved 1048576K
2018-06-19T14:35:47.605+0200: 3586,970: [GC (Allocation Failure) 2018-06-19T14:35:47.605+0200: 3586,970: [ParNew
Desired survivor size 20112992 bytes, new threshold 8 (max 8)
- age   1:    1927664 bytes,    1927664 total
- age   2:    1066008 bytes,    2993672 total
- age   3:    1003464 bytes,    3997136 total
- age   4:     984528 bytes,    4981664 total
- age   5:     106664 bytes,    5088328 total
- age   6:     939552 bytes,    6027880 total
- age   7:     154416 bytes,    6182296 total
- age   8:     368984 bytes,    6551280 total
: 93961K->8812K(109248K), 0,0145659 secs] 125482K->40432K(502464K), 0,0146492 secs] [Times: user=0,05 sys=0,00, real=0,01 secs] 
Heap after GC invocations=25 (full 1):
 par new generation   total 109248K, used 8812K [0x00000000e0000000, 0x00000000e8000000, 0x00000000e8000000)
  eden space 87424K,   0% used [0x00000000e0000000, 0x00000000e0000000, 0x00000000e5560000)
  from space 21824K,  40% used [0x00000000e6ab0000, 0x00000000e734b280, 0x00000000e8000000)
  to   space 21824K,   0% used [0x00000000e5560000, 0x00000000e5560000, 0x00000000e6ab0000)
 concurrent mark-sweep generation total 393216K, used 31620K [0x00000000e8000000, 0x0000000100000000, 0x0000000100000000)
 Metaspace       used 32860K, capacity 33878K, committed 34172K, reserved 1079296K
  class space    used 3659K, capacity 3937K, committed 3964K, reserved 1048576K
}
2018-06-19T14:35:47.619+0200: 3586,985: Total time for which application threads were stopped: 0,0149267 seconds, Stopping threads took: 0,0000762 seconds
2018-06-19T14:35:47.635+0200: 3587,000: Total time for which application threads were stopped: 0,0042418 seconds, Stopping threads took: 0,0041223 seconds
2018-06-19T14:35:47.638+0200: 3587,004: Total time for which application threads were stopped: 0,0001882 seconds, Stopping threads took: 0,0000809 seconds
2018-06-19T14:35:47.639+0200: 3587,004: Total time for which application threads were stopped: 0,0001397 seconds, Stopping threads took: 0,0000504 seconds
2018-06-19T14:35:47.698+0200: 3587,063: Total time for which application threads were stopped: 0,0061993 seconds, Stopping threads took: 0,0060620 seconds
2018-06-19T14:35:47.702+0200: 3587,067: Total time for which application threads were stopped: 0,0002259 seconds, Stopping threads took: 0,0001006 seconds
2018-06-19T14:35:47.732+0200: 3587,098: Total time for which application threads were stopped: 0,0015762 seconds, Stopping threads took: 0,0014541 seconds
{Heap before GC invocations=25 (full 1):
 par new generation   total 109248K, used 96214K [0x00000000e0000000, 0x00000000e8000000, 0x00000000e8000000)
  eden space 87424K,  99% used [0x00000000e0000000, 0x00000000e555a5e0, 0x00000000e5560000)
  from space 21824K,  40% used [0x00000000e6ab0000, 0x00000000e734b280, 0x00000000e8000000)
  to   space 21824K,   0% used [0x00000000e5560000, 0x00000000e5560000, 0x00000000e6ab0000)
 concurrent mark-sweep generation total 393216K, used 31620K [0x00000000e8000000, 0x0000000100000000, 0x0000000100000000)
 Metaspace       used 32866K, capacity 33878K, committed 34172K, reserved 1079296K
  class space    used 3659K, capacity 3937K, committed 3964K, reserved 1048576K
2018-06-19T14:35:47.808+0200: 3587,173: [GC (Allocation Failure) 2018-06-19T14:35:47.808+0200: 3587,173: [ParNew
Desired survivor size 20112992 bytes, new threshold 8 (max 8)
- age   1:    1451104 bytes,    1451104 total
- age   2:    1708520 bytes,    3159624 total
- age   3:    1008624 bytes,    4168248 total
- age   4:     951408 bytes,    5119656 total
- age   5:     862768 bytes,    5982424 total
- age   6:     106664 bytes,    6089088 total
- age   7:     939248 bytes,    7028336 total
- age   8:     154416 bytes,    7182752 total
: 96214K->8751K(109248K), 0,0242096 secs] 127834K->40735K(502464K), 0,0246806 secs] [Times: user=0,09 sys=0,00, real=0,03 secs] 
Heap after GC invocations=26 (full 1):
 par new generation   total 109248K, used 8751K [0x00000000e0000000, 0x00000000e8000000, 0x00000000e8000000)
  eden space 87424K,   0% used [0x00000000e0000000, 0x00000000e0000000, 0x00000000e5560000)
  from space 21824K,  40% used [0x00000000e5560000, 0x00000000e5debee0, 0x00000000e6ab0000)
  to   space 21824K,   0% used [0x00000000e6ab0000, 0x00000000e6ab0000, 0x00000000e8000000)
 concurrent mark-sweep generation total 393216K, used 31983K [0x00000000e8000000, 0x0000000100000000, 0x0000000100000000)
 Metaspace       used 32866K, capacity 33878K, committed 34172K, reserved 1079296K
  class space    used 3659K, capacity 3937K, committed 3964K, reserved 1048576K
}
2018-06-19T14:35:47.832+0200: 3587,198: Total time for which application threads were stopped: 0,0300782 seconds, Stopping threads took: 0,0045027 seconds
{Heap before GC invocations=26 (full 1):
 par new generation   total 109248K, used 96151K [0x00000000e0000000, 0x00000000e8000000, 0x00000000e8000000)
  eden space 87424K,  99% used [0x00000000e0000000, 0x00000000e5559fb0, 0x00000000e5560000)
  from space 21824K,  40% used [0x00000000e5560000, 0x00000000e5debee0, 0x00000000e6ab0000)
  to   space 21824K,   0% used [0x00000000e6ab0000, 0x00000000e6ab0000, 0x00000000e8000000)
 concurrent mark-sweep generation total 393216K, used 31983K [0x00000000e8000000, 0x0000000100000000, 0x0000000100000000)
 Metaspace       used 32891K, capacity 33942K, committed 34172K, reserved 1079296K
  class space    used 3660K, capacity 3937K, committed 3964K, reserved 1048576K
2018-06-19T14:35:47.984+0200: 3587,349: [GC (Allocation Failure) 2018-06-19T14:35:47.984+0200: 3587,349: [ParNew
Desired survivor size 20112992 bytes, new threshold 8 (max 8)
- age   1:    1780760 bytes,    1780760 total
- age   2:     904528 bytes,    2685288 total
- age   3:     365544 bytes,    3050832 total
- age   4:      90328 bytes,    3141160 total
- age   5:     295096 bytes,    3436256 total
- age   6:     135512 bytes,    3571768 total
- age   7:     106632 bytes,    3678400 total
- age   8:     938808 bytes,    4617208 total
: 96151K->7670K(109248K), 0,0393027 secs] 128135K->39806K(502464K), 0,0394005 secs] [Times: user=0,09 sys=0,00, real=0,04 secs] 
Heap after GC invocations=27 (full 1):
 par new generation   total 109248K, used 7670K [0x00000000e0000000, 0x00000000e8000000, 0x00000000e8000000)
  eden space 87424K,   0% used [0x00000000e0000000, 0x00000000e0000000, 0x00000000e5560000)
  from space 21824K,  35% used [0x00000000e6ab0000, 0x00000000e722d800, 0x00000000e8000000)
  to   space 21824K,   0% used [0x00000000e5560000, 0x00000000e5560000, 0x00000000e6ab0000)
 concurrent mark-sweep generation total 393216K, used 32136K [0x00000000e8000000, 0x0000000100000000, 0x0000000100000000)
 Metaspace       used 32891K, capacity 33942K, committed 34172K, reserved 1079296K
  class space    used 3660K, capacity 3937K, committed 3964K, reserved 1048576K
}
2018-06-19T14:35:48.024+0200: 3587,389: Total time for which application threads were stopped: 0,0397204 seconds, Stopping threads took: 0,0000389 seconds
{Heap before GC invocations=27 (full 1):
 par new generation   total 109248K, used 95094K [0x00000000e0000000, 0x00000000e8000000, 0x00000000e8000000)
  eden space 87424K, 100% used [0x00000000e0000000, 0x00000000e5560000, 0x00000000e5560000)
  from space 21824K,  35% used [0x00000000e6ab0000, 0x00000000e722d800, 0x00000000e8000000)
  to   space 21824K,   0% used [0x00000000e5560000, 0x00000000e5560000, 0x00000000e6ab0000)
 concurrent mark-sweep generation total 393216K, used 32136K [0x00000000e8000000, 0x0000000100000000, 0x0000000100000000)
 Metaspace       used 32896K, capacity 33942K, committed 34172K, reserved 1079296K
  class space    used 3660K, capacity 3937K, committed 3964K, reserved 1048576K
2018-06-19T14:35:48.186+0200: 3587,551: [GC (Allocation Failure) 2018-06-19T14:35:48.186+0200: 3587,552: [ParNew
Desired survivor size 20112992 bytes, new threshold 8 (max 8)
- age   1:    1526848 bytes,    1526848 total
- age   2:    1321000 bytes,    2847848 total
- age   3:     906112 bytes,    3753960 total
- age   4:     365664 bytes,    4119624 total
- age   5:      90328 bytes,    4209952 total
- age   6:     294224 bytes,    4504176 total
- age   7:     135480 bytes,    4639656 total
- age   8:     105752 bytes,    4745408 total
: 95094K->5322K(109248K), 0,0163620 secs] 127230K->38384K(502464K), 0,0164533 secs] [Times: user=0,04 sys=0,00, real=0,01 secs] 
Heap after GC invocations=28 (full 1):
 par new generation   total 109248K, used 5322K [0x00000000e0000000, 0x00000000e8000000, 0x00000000e8000000)
  eden space 87424K,   0% used [0x00000000e0000000, 0x00000000e0000000, 0x00000000e5560000)
  from space 21824K,  24% used [0x00000000e5560000, 0x00000000e5a92a00, 0x00000000e6ab0000)
  to   space 21824K,   0% used [0x00000000e6ab0000, 0x00000000e6ab0000, 0x00000000e8000000)
 concurrent mark-sweep generation total 393216K, used 33061K [0x00000000e8000000, 0x0000000100000000, 0x0000000100000000)
 Metaspace       used 32896K, capacity 33942K, committed 34172K, reserved 1079296K
  class space    used 3660K, capacity 3937K, committed 3964K, reserved 1048576K
}
2018-06-19T14:35:48.203+0200: 3587,568: Total time for which application threads were stopped: 0,0167245 seconds, Stopping threads took: 0,0000327 seconds
{Heap before GC invocations=28 (full 1):
 par new generation   total 109248K, used 92724K [0x00000000e0000000, 0x00000000e8000000, 0x00000000e8000000)
  eden space 87424K,  99% used [0x00000000e0000000, 0x00000000e555a9a0, 0x00000000e5560000)
  from space 21824K,  24% used [0x00000000e5560000, 0x00000000e5a92a00, 0x00000000e6ab0000)
  to   space 21824K,   0% used [0x00000000e6ab0000, 0x00000000e6ab0000, 0x00000000e8000000)
 concurrent mark-sweep generation total 393216K, used 33061K [0x00000000e8000000, 0x0000000100000000, 0x0000000100000000)
 Metaspace       used 32902K, capacity 33942K, committed 34172K, reserved 1079296K
  class space    used 3660K, capacity 3937K, committed 3964K, reserved 1048576K
2018-06-19T14:35:48.317+0200: 3587,682: [GC (Allocation Failure) 2018-06-19T14:35:48.317+0200: 3587,683: [ParNew
Desired survivor size 20112992 bytes, new threshold 8 (max 8)
- age   1:    2007176 bytes,    2007176 total
- age   2:     993608 bytes,    3000784 total
- age   3:    1123072 bytes,    4123856 total
- age   4:     904504 bytes,    5028360 total
- age   5:     365520 bytes,    5393880 total
- age   6:      90328 bytes,    5484208 total
- age   7:     294192 bytes,    5778400 total
- age   8:     135072 bytes,    5913472 total
: 92724K->8269K(109248K), 0,0088582 secs] 125786K->41434K(502464K), 0,0089608 secs] [Times: user=0,02 sys=0,01, real=0,01 secs] 
Heap after GC invocations=29 (full 1):
 par new generation   total 109248K, used 8269K [0x00000000e0000000, 0x00000000e8000000, 0x00000000e8000000)
  eden space 87424K,   0% used [0x00000000e0000000, 0x00000000e0000000, 0x00000000e5560000)
  from space 21824K,  37% used [0x00000000e6ab0000, 0x00000000e72c35c0, 0x00000000e8000000)
  to   space 21824K,   0% used [0x00000000e5560000, 0x00000000e5560000, 0x00000000e6ab0000)
 concurrent mark-sweep generation total 393216K, used 33164K [0x00000000e8000000, 0x0000000100000000, 0x0000000100000000)
 Metaspace       used 32902K, capacity 33942K, committed 34172K, reserved 1079296K
  class space    used 3660K, capacity 3937K, committed 3964K, reserved 1048576K
}
2018-06-19T14:35:48.326+0200: 3587,691: Total time for which application threads were stopped: 0,0092350 seconds, Stopping threads took: 0,0000395 seconds
{Heap before GC invocations=29 (full 1):
 par new generation   total 109248K, used 95666K [0x00000000e0000000, 0x00000000e8000000, 0x00000000e8000000)
  eden space 87424K,  99% used [0x00000000e0000000, 0x00000000e55592d8, 0x00000000e5560000)
  from space 21824K,  37% used [0x00000000e6ab0000, 0x00000000e72c35c0, 0x00000000e8000000)
  to   space 21824K,   0% used [0x00000000e5560000, 0x00000000e5560000, 0x00000000e6ab0000)
 concurrent mark-sweep generation total 393216K, used 33164K [0x00000000e8000000, 0x0000000100000000, 0x0000000100000000)
 Metaspace       used 32904K, capacity 33942K, committed 34172K, reserved 1079296K
  class space    used 3660K, capacity 3937K, committed 3964K, reserved 1048576K
2018-06-19T14:35:48.413+0200: 3587,779: [GC (Allocation Failure) 2018-06-19T14:35:48.414+0200: 3587,779: [ParNew
Desired survivor size 20112992 bytes, new threshold 8 (max 8)
- age   1:    1798304 bytes,    1798304 total
- age   2:    1281944 bytes,    3080248 total
- age   3:     993608 bytes,    4073856 total
- age   4:    1123072 bytes,    5196928 total
- age   5:     904504 bytes,    6101432 total
- age   6:     365520 bytes,    6466952 total
- age   7:      90296 bytes,    6557248 total
- age   8:     293784 bytes,    6851032 total
: 95666K->8798K(109248K), 0,0084797 secs] 128831K->42095K(502464K), 0,0085600 secs] [Times: user=0,02 sys=0,00, real=0,00 secs] 
Heap after GC invocations=30 (full 1):
 par new generation   total 109248K, used 8798K [0x00000000e0000000, 0x00000000e8000000, 0x00000000e8000000)
  eden space 87424K,   0% used [0x00000000e0000000, 0x00000000e0000000, 0x00000000e5560000)
  from space 21824K,  40% used [0x00000000e5560000, 0x00000000e5df7818, 0x00000000e6ab0000)
  to   space 21824K,   0% used [0x00000000e6ab0000, 0x00000000e6ab0000, 0x00000000e8000000)
 concurrent mark-sweep generation total 393216K, used 33297K [0x00000000e8000000, 0x0000000100000000, 0x0000000100000000)
 Metaspace       used 32904K, capacity 33942K, committed 34172K, reserved 1079296K
  class space    used 3660K, capacity 3937K, committed 3964K, reserved 1048576K
}
2018-06-19T14:35:48.422+0200: 3587,787: Total time for which application threads were stopped: 0,0087873 seconds, Stopping threads took: 0,0000526 seconds
{Heap before GC invocations=30 (full 1):
 par new generation   total 109248K, used 96194K [0x00000000e0000000, 0x00000000e8000000, 0x00000000e8000000)
  eden space 87424K,  99% used [0x00000000e0000000, 0x00000000e5559150, 0x00000000e5560000)
  from space 21824K,  40% used [0x00000000e5560000, 0x00000000e5df7818, 0x00000000e6ab0000)
  to   space 21824K,   0% used [0x00000000e6ab0000, 0x00000000e6ab0000, 0x00000000e8000000)
 concurrent mark-sweep generation total 393216K, used 33297K [0x00000000e8000000, 0x0000000100000000, 0x0000000100000000)
 Metaspace       used 32916K, capacity 33942K, committed 34172K, reserved 1079296K
  class space    used 3660K, capacity 3937K, committed 3964K, reserved 1048576K
2018-06-19T14:35:48.526+0200: 3587,892: [GC (Allocation Failure) 2018-06-19T14:35:48.527+0200: 3587,892: [ParNew
Desired survivor size 20112992 bytes, new threshold 8 (max 8)
- age   1:    2108200 bytes,    2108200 total
- age   2:     925472 bytes,    3033672 total
- age   3:    1280288 bytes,    4313960 total
- age   4:     895232 bytes,    5209192 total
- age   5:    1123072 bytes,    6332264 total
- age   6:     904504 bytes,    7236768 total
- age   7:     365488 bytes,    7602256 total
- age   8:      89888 bytes,    7692144 total
: 96194K->9099K(109248K), 0,0128872 secs] 129491K->42683K(502464K), 0,0129786 secs] [Times: user=0,03 sys=0,00, real=0,01 secs] 
Heap after GC invocations=31 (full 1):
 par new generation   total 109248K, used 9099K [0x00000000e0000000, 0x00000000e8000000, 0x00000000e8000000)
  eden space 87424K,   0% used [0x00000000e0000000, 0x00000000e0000000, 0x00000000e5560000)
  from space 21824K,  41% used [0x00000000e6ab0000, 0x00000000e7392c40, 0x00000000e8000000)
  to   space 21824K,   0% used [0x00000000e5560000, 0x00000000e5560000, 0x00000000e6ab0000)
 concurrent mark-sweep generation total 393216K, used 33584K [0x00000000e8000000, 0x0000000100000000, 0x0000000100000000)
 Metaspace       used 32916K, capacity 33942K, committed 34172K, reserved 1079296K
  class space    used 3660K, capacity 3937K, committed 3964K, reserved 1048576K
}
2018-06-19T14:35:48.540+0200: 3587,905: Total time for which application threads were stopped: 0,0132071 seconds, Stopping threads took: 0,0000330 seconds
2018-06-19T14:35:48.618+0200: 3587,983: Total time for which application threads were stopped: 0,0002384 seconds, Stopping threads took: 0,0001086 seconds
2018-06-19T14:35:48.623+0200: 3587,989: Total time for which application threads were stopped: 0,0001868 seconds, Stopping threads took: 0,0000618 seconds
2018-06-19T14:35:48.624+0200: 3587,989: Total time for which application threads were stopped: 0,0001608 seconds, Stopping threads took: 0,0000351 seconds
{Heap before GC invocations=31 (full 1):
 par new generation   total 109248K, used 96523K [0x00000000e0000000, 0x00000000e8000000, 0x00000000e8000000)
  eden space 87424K, 100% used [0x00000000e0000000, 0x00000000e5560000, 0x00000000e5560000)
  from space 21824K,  41% used [0x00000000e6ab0000, 0x00000000e7392c40, 0x00000000e8000000)
  to   space 21824K,   0% used [0x00000000e5560000, 0x00000000e5560000, 0x00000000e6ab0000)
 concurrent mark-sweep generation total 393216K, used 33584K [0x00000000e8000000, 0x0000000100000000, 0x0000000100000000)
 Metaspace       used 32928K, capacity 33942K, committed 34172K, reserved 1079296K
  class space    used 3660K, capacity 3937K, committed 3964K, reserved 1048576K
2018-06-19T14:35:48.635+0200: 3588,000: [GC (Allocation Failure) 2018-06-19T14:35:48.635+0200: 3588,000: [ParNew
Desired survivor size 20112992 bytes, new threshold 8 (max 8)
- age   1:    2746768 bytes,    2746768 total
- age   2:    1033816 bytes,    3780584 total
- age   3:     867920 bytes,    4648504 total
- age   4:    1223312 bytes,    5871816 total
- age   5:     837968 bytes,    6709784 total
- age   6:    1076616 bytes,    7786400 total
- age   7:     833776 bytes,    8620176 total
- age   8:     301440 bytes,    8921616 total
: 96523K->11306K(109248K), 0,0071056 secs] 130107K->44979K(502464K), 0,0071865 secs] [Times: user=0,03 sys=0,00, real=0,00 secs] 
Heap after GC invocations=32 (full 1):
 par new generation   total 109248K, used 11306K [0x00000000e0000000, 0x00000000e8000000, 0x00000000e8000000)
  eden space 87424K,   0% used [0x00000000e0000000, 0x00000000e0000000, 0x00000000e5560000)
  from space 21824K,  51% used [0x00000000e5560000, 0x00000000e606aba8, 0x00000000e6ab0000)
  to   space 21824K,   0% used [0x00000000e6ab0000, 0x00000000e6ab0000, 0x00000000e8000000)
 concurrent mark-sweep generation total 393216K, used 33672K [0x00000000e8000000, 0x0000000100000000, 0x0000000100000000)
 Metaspace       used 32928K, capacity 33942K, committed 34172K, reserved 1079296K
  class space    used 3660K, capacity 3937K, committed 3964K, reserved 1048576K
}
2018-06-19T14:35:48.642+0200: 3588,008: Total time for which application threads were stopped: 0,0098607 seconds, Stopping threads took: 0,0024867 seconds
2018-06-19T14:35:48.676+0200: 3588,041: Total time for which application threads were stopped: 0,0002259 seconds, Stopping threads took: 0,0000812 seconds
2018-06-19T14:35:48.679+0200: 3588,045: Total time for which application threads were stopped: 0,0019121 seconds, Stopping threads took: 0,0016216 seconds
2018-06-19T14:35:48.683+0200: 3588,048: Total time for which application threads were stopped: 0,0001676 seconds, Stopping threads took: 0,0000517 seconds
{Heap before GC invocations=32 (full 1):
 par new generation   total 109248K, used 98730K [0x00000000e0000000, 0x00000000e8000000, 0x00000000e8000000)
  eden space 87424K,  99% used [0x00000000e0000000, 0x00000000e555fed0, 0x00000000e5560000)
  from space 21824K,  51% used [0x00000000e5560000, 0x00000000e606aba8, 0x00000000e6ab0000)
  to   space 21824K,   0% used [0x00000000e6ab0000, 0x00000000e6ab0000, 0x00000000e8000000)
 concurrent mark-sweep generation total 393216K, used 33672K [0x00000000e8000000, 0x0000000100000000, 0x0000000100000000)
 Metaspace       used 32929K, capacity 33942K, committed 34172K, reserved 1079296K
  class space    used 3660K, capacity 3937K, committed 3964K, reserved 1048576K
2018-06-19T14:35:48.745+0200: 3588,110: [GC (Allocation Failure) 2018-06-19T14:35:48.745+0200: 3588,110: [ParNew
Desired survivor size 20112992 bytes, new threshold 8 (max 8)
- age   1:    1437264 bytes,    1437264 total
- age   2:    2458664 bytes,    3895928 total
- age   3:    1033792 bytes,    4929720 total
- age   4:     867896 bytes,    5797616 total
- age   5:    1223312 bytes,    7020928 total
- age   6:     837968 bytes,    7858896 total
- age   7:    1076584 bytes,    8935480 total
- age   8:     833544 bytes,    9769024 total
: 98730K->12206K(109248K), 0,0324654 secs] 132402K->46173K(502464K), 0,0325694 secs] [Times: user=0,08 sys=0,00, real=0,03 secs] 
Heap after GC invocations=33 (full 1):
 par new generation   total 109248K, used 12206K [0x00000000e0000000, 0x00000000e8000000, 0x00000000e8000000)
  eden space 87424K,   0% used [0x00000000e0000000, 0x00000000e0000000, 0x00000000e5560000)
  from space 21824K,  55% used [0x00000000e6ab0000, 0x00000000e769b8b0, 0x00000000e8000000)
  to   space 21824K,   0% used [0x00000000e5560000, 0x00000000e5560000, 0x00000000e6ab0000)
 concurrent mark-sweep generation total 393216K, used 33966K [0x00000000e8000000, 0x0000000100000000, 0x0000000100000000)
 Metaspace       used 32929K, capacity 33942K, committed 34172K, reserved 1079296K
  class space    used 3660K, capacity 3937K, committed 3964K, reserved 1048576K
}
2018-06-19T14:35:48.777+0200: 3588,143: Total time for which application threads were stopped: 0,0328637 seconds, Stopping threads took: 0,0000656 seconds
{Heap before GC invocations=33 (full 1):
 par new generation   total 109248K, used 99630K [0x00000000e0000000, 0x00000000e8000000, 0x00000000e8000000)
  eden space 87424K, 100% used [0x00000000e0000000, 0x00000000e5560000, 0x00000000e5560000)
  from space 21824K,  55% used [0x00000000e6ab0000, 0x00000000e769b8b0, 0x00000000e8000000)
  to   space 21824K,   0% used [0x00000000e5560000, 0x00000000e5560000, 0x00000000e6ab0000)
 concurrent mark-sweep generation total 393216K, used 33966K [0x00000000e8000000, 0x0000000100000000, 0x0000000100000000)
 Metaspace       used 32936K, capacity 34006K, committed 34172K, reserved 1079296K
  class space    used 3660K, capacity 3937K, committed 3964K, reserved 1048576K
2018-06-19T14:35:48.888+0200: 3588,253: [GC (Allocation Failure) 2018-06-19T14:35:48.888+0200: 3588,253: [ParNew
Desired survivor size 20112992 bytes, new threshold 8 (max 8)
- age   1:    1468472 bytes,    1468472 total
- age   2:     937824 bytes,    2406296 total
- age   3:    2457272 bytes,    4863568 total
- age   4:    1033792 bytes,    5897360 total
- age   5:     867896 bytes,    6765256 total
- age   6:    1223312 bytes,    7988568 total
- age   7:     837936 bytes,    8826504 total
- age   8:    1076352 bytes,    9902856 total
: 99630K->16751K(109248K), 0,0245960 secs] 133597K->51541K(502464K), 0,0247114 secs] [Times: user=0,06 sys=0,01, real=0,03 secs] 
Heap after GC invocations=34 (full 1):
 par new generation   total 109248K, used 16751K [0x00000000e0000000, 0x00000000e8000000, 0x00000000e8000000)
  eden space 87424K,   0% used [0x00000000e0000000, 0x00000000e0000000, 0x00000000e5560000)
  from space 21824K,  76% used [0x00000000e5560000, 0x00000000e65bbd80, 0x00000000e6ab0000)
  to   space 21824K,   0% used [0x00000000e6ab0000, 0x00000000e6ab0000, 0x00000000e8000000)
 concurrent mark-sweep generation total 393216K, used 34790K [0x00000000e8000000, 0x0000000100000000, 0x0000000100000000)
 Metaspace       used 32936K, capacity 34006K, committed 34172K, reserved 1079296K
  class space    used 3660K, capacity 3937K, committed 3964K, reserved 1048576K
}
2018-06-19T14:35:48.913+0200: 3588,278: Total time for which application threads were stopped: 0,0250691 seconds, Stopping threads took: 0,0000853 seconds
{Heap before GC invocations=34 (full 1):
 par new generation   total 109248K, used 104175K [0x00000000e0000000, 0x00000000e8000000, 0x00000000e8000000)
  eden space 87424K, 100% used [0x00000000e0000000, 0x00000000e5560000, 0x00000000e5560000)
  from space 21824K,  76% used [0x00000000e5560000, 0x00000000e65bbd80, 0x00000000e6ab0000)
  to   space 21824K,   0% used [0x00000000e6ab0000, 0x00000000e6ab0000, 0x00000000e8000000)
 concurrent mark-sweep generation total 393216K, used 34790K [0x00000000e8000000, 0x0000000100000000, 0x0000000100000000)
 Metaspace       used 32946K, capacity 34006K, committed 34172K, reserved 1079296K
  class space    used 3660K, capacity 3937K, committed 3964K, reserved 1048576K
2018-06-19T14:35:49.003+0200: 3588,369: [GC (Allocation Failure) 2018-06-19T14:35:49.004+0200: 3588,369: [ParNew
Desired survivor size 20112992 bytes, new threshold 8 (max 8)
- age   1:    1325528 bytes,    1325528 total
- age   2:     951800 bytes,    2277328 total
- age   3:     888600 bytes,    3165928 total
- age   4:    2457248 bytes,    5623176 total
- age   5:    1033792 bytes,    6656968 total
- age   6:     867896 bytes,    7524864 total
- age   7:    1223312 bytes,    8748176 total
- age   8:     837672 bytes,    9585848 total
: 104175K->10151K(109248K), 0,0187216 secs] 138965K->46000K(502464K), 0,0188094 secs] [Times: user=0,06 sys=0,01, real=0,01 secs] 
Heap after GC invocations=35 (full 1):
 par new generation   total 109248K, used 10151K [0x00000000e0000000, 0x00000000e8000000, 0x00000000e8000000)
  eden space 87424K,   0% used [0x00000000e0000000, 0x00000000e0000000, 0x00000000e5560000)
  from space 21824K,  46% used [0x00000000e6ab0000, 0x00000000e7499c58, 0x00000000e8000000)
  to   space 21824K,   0% used [0x00000000e5560000, 0x00000000e5560000, 0x00000000e6ab0000)
 concurrent mark-sweep generation total 393216K, used 35849K [0x00000000e8000000, 0x0000000100000000, 0x0000000100000000)
 Metaspace       used 32946K, capacity 34006K, committed 34172K, reserved 1079296K
  class space    used 3660K, capacity 3937K, committed 3964K, reserved 1048576K
}
2018-06-19T14:35:49.022+0200: 3588,388: Total time for which application threads were stopped: 0,0191223 seconds, Stopping threads took: 0,0000791 seconds
{Heap before GC invocations=35 (full 1):
 par new generation   total 109248K, used 97573K [0x00000000e0000000, 0x00000000e8000000, 0x00000000e8000000)
  eden space 87424K,  99% used [0x00000000e0000000, 0x00000000e555f9c8, 0x00000000e5560000)
  from space 21824K,  46% used [0x00000000e6ab0000, 0x00000000e7499c58, 0x00000000e8000000)
  to   space 21824K,   0% used [0x00000000e5560000, 0x00000000e5560000, 0x00000000e6ab0000)
 concurrent mark-sweep generation total 393216K, used 35849K [0x00000000e8000000, 0x0000000100000000, 0x0000000100000000)
 Metaspace       used 32956K, capacity 34006K, committed 34172K, reserved 1079296K
  class space    used 3660K, capacity 3937K, committed 3964K, reserved 1048576K
2018-06-19T14:35:49.132+0200: 3588,497: [GC (Allocation Failure) 2018-06-19T14:35:49.132+0200: 3588,497: [ParNew
Desired survivor size 20112992 bytes, new threshold 8 (max 8)
- age   1:    2042664 bytes,    2042664 total
- age   2:     747032 bytes,    2789696 total
- age   3:     683912 bytes,    3473608 total
- age   4:     888112 bytes,    4361720 total
- age   5:    2128536 bytes,    6490256 total
- age   6:     877992 bytes,    7368248 total
- age   7:     707352 bytes,    8075600 total
- age   8:    1063144 bytes,    9138744 total
: 97573K->12223K(109248K), 0,0244876 secs] 133423K->48738K(502464K), 0,0246113 secs] [Times: user=0,07 sys=0,01, real=0,02 secs] 
Heap after GC invocations=36 (full 1):
 par new generation   total 109248K, used 12223K [0x00000000e0000000, 0x00000000e8000000, 0x00000000e8000000)
  eden space 87424K,   0% used [0x00000000e0000000, 0x00000000e0000000, 0x00000000e5560000)
  from space 21824K,  56% used [0x00000000e5560000, 0x00000000e614fce0, 0x00000000e6ab0000)
  to   space 21824K,   0% used [0x00000000e6ab0000, 0x00000000e6ab0000, 0x00000000e8000000)
 concurrent mark-sweep generation total 393216K, used 36514K [0x00000000e8000000, 0x0000000100000000, 0x0000000100000000)
 Metaspace       used 32956K, capacity 34006K, committed 34172K, reserved 1079296K
  class space    used 3660K, capacity 3937K, committed 3964K, reserved 1048576K
}
2018-06-19T14:35:49.157+0200: 3588,522: Total time for which application threads were stopped: 0,0248771 seconds, Stopping threads took: 0,0000347 seconds
{Heap before GC invocations=36 (full 1):
 par new generation   total 109248K, used 99637K [0x00000000e0000000, 0x00000000e8000000, 0x00000000e8000000)
  eden space 87424K,  99% used [0x00000000e0000000, 0x00000000e555d7d0, 0x00000000e5560000)
  from space 21824K,  56% used [0x00000000e5560000, 0x00000000e614fce0, 0x00000000e6ab0000)
  to   space 21824K,   0% used [0x00000000e6ab0000, 0x00000000e6ab0000, 0x00000000e8000000)
 concurrent mark-sweep generation total 393216K, used 36514K [0x00000000e8000000, 0x0000000100000000, 0x0000000100000000)
 Metaspace       used 32957K, capacity 34006K, committed 34172K, reserved 1079296K
  class space    used 3660K, capacity 3937K, committed 3964K, reserved 1048576K
2018-06-19T14:35:49.238+0200: 3588,603: [GC (Allocation Failure) 2018-06-19T14:35:49.238+0200: 3588,603: [ParNew
Desired survivor size 20112992 bytes, new threshold 8 (max 8)
- age   1:    1874208 bytes,    1874208 total
- age   2:    1294440 bytes,    3168648 total
- age   3:     648680 bytes,    3817328 total
- age   4:     683912 bytes,    4501240 total
- age   5:     888112 bytes,    5389352 total
- age   6:    2128536 bytes,    7517888 total
- age   7:     877960 bytes,    8395848 total
- age   8:     707120 bytes,    9102968 total
: 99637K->12113K(109248K), 0,0144869 secs] 136152K->49667K(502464K), 0,0145795 secs] [Times: user=0,06 sys=0,00, real=0,02 secs] 
Heap after GC invocations=37 (full 1):
 par new generation   total 109248K, used 12113K [0x00000000e0000000, 0x00000000e8000000, 0x00000000e8000000)
  eden space 87424K,   0% used [0x00000000e0000000, 0x00000000e0000000, 0x00000000e5560000)
  from space 21824K,  55% used [0x00000000e6ab0000, 0x00000000e7684728, 0x00000000e8000000)
  to   space 21824K,   0% used [0x00000000e5560000, 0x00000000e5560000, 0x00000000e6ab0000)
 concurrent mark-sweep generation total 393216K, used 37554K [0x00000000e8000000, 0x0000000100000000, 0x0000000100000000)
 Metaspace       used 32957K, capacity 34006K, committed 34172K, reserved 1079296K
  class space    used 3660K, capacity 3937K, committed 3964K, reserved 1048576K
}
2018-06-19T14:35:49.252+0200: 3588,618: Total time for which application threads were stopped: 0,0148573 seconds, Stopping threads took: 0,0000350 seconds
{Heap before GC invocations=37 (full 1):
 par new generation   total 109248K, used 99519K [0x00000000e0000000, 0x00000000e8000000, 0x00000000e8000000)
  eden space 87424K,  99% used [0x00000000e0000000, 0x00000000e555b840, 0x00000000e5560000)
  from space 21824K,  55% used [0x00000000e6ab0000, 0x00000000e7684728, 0x00000000e8000000)
  to   space 21824K,   0% used [0x00000000e5560000, 0x00000000e5560000, 0x00000000e6ab0000)
 concurrent mark-sweep generation total 393216K, used 37554K [0x00000000e8000000, 0x0000000100000000, 0x0000000100000000)
 Metaspace       used 32961K, capacity 34006K, committed 34172K, reserved 1079296K
  class space    used 3660K, capacity 3937K, committed 3964K, reserved 1048576K
2018-06-19T14:35:49.328+0200: 3588,693: [GC (Allocation Failure) 2018-06-19T14:35:49.328+0200: 3588,693: [ParNew
Desired survivor size 20112992 bytes, new threshold 8 (max 8)
- age   1:    1867072 bytes,    1867072 total
- age   2:    1027816 bytes,    2894888 total
- age   3:    1292912 bytes,    4187800 total
- age   4:     648680 bytes,    4836480 total
- age   5:     683912 bytes,    5520392 total
- age   6:     888112 bytes,    6408504 total
- age   7:    2128504 bytes,    8537008 total
- age   8:     877728 bytes,    9414736 total
: 99519K->12868K(109248K), 0,0115651 secs] 137073K->51114K(502464K), 0,0118342 secs] [Times: user=0,03 sys=0,00, real=0,01 secs] 
Heap after GC invocations=38 (full 1):
 par new generation   total 109248K, used 12868K [0x00000000e0000000, 0x00000000e8000000, 0x00000000e8000000)
  eden space 87424K,   0% used [0x00000000e0000000, 0x00000000e0000000, 0x00000000e5560000)
  from space 21824K,  58% used [0x00000000e5560000, 0x00000000e61f1330, 0x00000000e6ab0000)
  to   space 21824K,   0% used [0x00000000e6ab0000, 0x00000000e6ab0000, 0x00000000e8000000)
 concurrent mark-sweep generation total 393216K, used 38245K [0x00000000e8000000, 0x0000000100000000, 0x0000000100000000)
 Metaspace       used 32961K, capacity 34006K, committed 34172K, reserved 1079296K
  class space    used 3660K, capacity 3937K, committed 3964K, reserved 1048576K
}
2018-06-19T14:35:49.340+0200: 3588,705: Total time for which application threads were stopped: 0,0126377 seconds, Stopping threads took: 0,0001324 seconds
{Heap before GC invocations=38 (full 1):
 par new generation   total 109248K, used 100267K [0x00000000e0000000, 0x00000000e8000000, 0x00000000e8000000)
  eden space 87424K,  99% used [0x00000000e0000000, 0x00000000e5559c48, 0x00000000e5560000)
  from space 21824K,  58% used [0x00000000e5560000, 0x00000000e61f1330, 0x00000000e6ab0000)
  to   space 21824K,   0% used [0x00000000e6ab0000, 0x00000000e6ab0000, 0x00000000e8000000)
 concurrent mark-sweep generation total 393216K, used 38245K [0x00000000e8000000, 0x0000000100000000, 0x0000000100000000)
 Metaspace       used 32969K, capacity 34006K, committed 34172K, reserved 1079296K
  class space    used 3660K, capacity 3937K, committed 3964K, reserved 1048576K
2018-06-19T14:35:49.429+0200: 3588,794: [GC (Allocation Failure) 2018-06-19T14:35:49.429+0200: 3588,794: [ParNew
Desired survivor size 20112992 bytes, new threshold 8 (max 8)
- age   1:    1852880 bytes,    1852880 total
- age   2:    1321888 bytes,    3174768 total
- age   3:    1027816 bytes,    4202584 total
- age   4:    1096256 bytes,    5298840 total
- age   5:     648680 bytes,    5947520 total
- age   6:     683912 bytes,    6631432 total
- age   7:     888080 bytes,    7519512 total
- age   8:    2128272 bytes,    9647784 total
: 100267K->11544K(109248K), 0,0179067 secs] 138513K->50648K(502464K), 0,0179915 secs] [Times: user=0,07 sys=0,00, real=0,02 secs] 
Heap after GC invocations=39 (full 1):
 par new generation   total 109248K, used 11544K [0x00000000e0000000, 0x00000000e8000000, 0x00000000e8000000)
  eden space 87424K,   0% used [0x00000000e0000000, 0x00000000e0000000, 0x00000000e5560000)
  from space 21824K,  52% used [0x00000000e6ab0000, 0x00000000e75f60e0, 0x00000000e8000000)
  to   space 21824K,   0% used [0x00000000e5560000, 0x00000000e5560000, 0x00000000e6ab0000)
 concurrent mark-sweep generation total 393216K, used 39104K [0x00000000e8000000, 0x0000000100000000, 0x0000000100000000)
 Metaspace       used 32969K, capacity 34006K, committed 34172K, reserved 1079296K
  class space    used 3660K, capacity 3937K, committed 3964K, reserved 1048576K
}
2018-06-19T14:35:49.447+0200: 3588,812: Total time for which application threads were stopped: 0,0182967 seconds, Stopping threads took: 0,0000735 seconds
2018-06-19T14:35:49.539+0200: 3588,904: Total time for which application threads were stopped: 0,0001549 seconds, Stopping threads took: 0,0000600 seconds
2018-06-19T14:35:49.545+0200: 3588,910: Total time for which application threads were stopped: 0,0001409 seconds, Stopping threads took: 0,0000392 seconds
2018-06-19T14:35:49.545+0200: 3588,910: Total time for which application threads were stopped: 0,0001040 seconds, Stopping threads took: 0,0000375 seconds
{Heap before GC invocations=39 (full 1):
 par new generation   total 109248K, used 98968K [0x00000000e0000000, 0x00000000e8000000, 0x00000000e8000000)
  eden space 87424K, 100% used [0x00000000e0000000, 0x00000000e5560000, 0x00000000e5560000)
  from space 21824K,  52% used [0x00000000e6ab0000, 0x00000000e75f60e0, 0x00000000e8000000)
  to   space 21824K,   0% used [0x00000000e5560000, 0x00000000e5560000, 0x00000000e6ab0000)
 concurrent mark-sweep generation total 393216K, used 39104K [0x00000000e8000000, 0x0000000100000000, 0x0000000100000000)
 Metaspace       used 33000K, capacity 34006K, committed 34172K, reserved 1079296K
  class space    used 3660K, capacity 3937K, committed 3964K, reserved 1048576K
2018-06-19T14:35:49.705+0200: 3589,070: [GC (Allocation Failure) 2018-06-19T14:35:49.705+0200: 3589,071: [ParNew
Desired survivor size 20112992 bytes, new threshold 8 (max 8)
- age   1:    1526128 bytes,    1526128 total
- age   2:    1176272 bytes,    2702400 total
- age   3:    1262240 bytes,    3964640 total
- age   4:     969784 bytes,    4934424 total
- age   5:    1041216 bytes,    5975640 total
- age   6:     605544 bytes,    6581184 total
- age   7:     637040 bytes,    7218224 total
- age   8:     830776 bytes,    8049000 total
: 98968K->14386K(109248K), 0,0199123 secs] 138072K->55468K(502464K), 0,0199877 secs] [Times: user=0,07 sys=0,00, real=0,02 secs] 
Heap after GC invocations=40 (full 1):
 par new generation   total 109248K, used 14386K [0x00000000e0000000, 0x00000000e8000000, 0x00000000e8000000)
  eden space 87424K,   0% used [0x00000000e0000000, 0x00000000e0000000, 0x00000000e5560000)
  from space 21824K,  65% used [0x00000000e5560000, 0x00000000e636c8d0, 0x00000000e6ab0000)
  to   space 21824K,   0% used [0x00000000e6ab0000, 0x00000000e6ab0000, 0x00000000e8000000)
 concurrent mark-sweep generation total 393216K, used 41082K [0x00000000e8000000, 0x0000000100000000, 0x0000000100000000)
 Metaspace       used 33000K, capacity 34006K, committed 34172K, reserved 1079296K
  class space    used 3660K, capacity 3937K, committed 3964K, reserved 1048576K
}
2018-06-19T14:35:49.725+0200: 3589,091: Total time for which application threads were stopped: 0,0202252 seconds, Stopping threads took: 0,0000375 seconds
2018-06-19T14:35:49.740+0200: 3589,106: Total time for which application threads were stopped: 0,0001065 seconds, Stopping threads took: 0,0000295 seconds
2018-06-19T14:35:49.741+0200: 3589,106: Total time for which application threads were stopped: 0,0000694 seconds, Stopping threads took: 0,0000174 seconds
2018-06-19T14:35:49.741+0200: 3589,106: Total time for which application threads were stopped: 0,0000580 seconds, Stopping threads took: 0,0000148 seconds
2018-06-19T14:35:49.742+0200: 3589,107: Total time for which application threads were stopped: 0,0000971 seconds, Stopping threads took: 0,0000281 seconds
2018-06-19T14:35:49.742+0200: 3589,107: Total time for which application threads were stopped: 0,0000594 seconds, Stopping threads took: 0,0000190 seconds
2018-06-19T14:35:49.755+0200: 3589,120: Total time for which application threads were stopped: 0,0001097 seconds, Stopping threads took: 0,0000276 seconds
2018-06-19T14:35:49.755+0200: 3589,121: Total time for which application threads were stopped: 0,0001590 seconds, Stopping threads took: 0,0000171 seconds
2018-06-19T14:35:50.122+0200: 3589,488: Total time for which application threads were stopped: 0,0001471 seconds, Stopping threads took: 0,0000424 seconds
2018-06-19T14:35:50.123+0200: 3589,488: Total time for which application threads were stopped: 0,0001261 seconds, Stopping threads took: 0,0000333 seconds
2018-06-19T14:35:50.123+0200: 3589,489: Total time for which application threads were stopped: 0,0000901 seconds, Stopping threads took: 0,0000249 seconds
2018-06-19T14:35:50.123+0200: 3589,489: Total time for which application threads were stopped: 0,0000845 seconds, Stopping threads took: 0,0000235 seconds
2018-06-19T14:35:50.131+0200: 3589,496: Total time for which application threads were stopped: 0,0001813 seconds, Stopping threads took: 0,0000477 seconds
2018-06-19T14:35:51.131+0200: 3590,496: Total time for which application threads were stopped: 0,0001276 seconds, Stopping threads took: 0,0000351 seconds
2018-06-19T14:35:52.131+0200: 3591,497: Total time for which application threads were stopped: 0,0000865 seconds, Stopping threads took: 0,0000212 seconds
2018-06-19T14:36:05.133+0200: 3604,499: Total time for which application threads were stopped: 0,0000822 seconds, Stopping threads took: 0,0000194 seconds
2018-06-19T14:36:07.862+0200: 3607,227: Total time for which application threads were stopped: 0,0006269 seconds, Stopping threads took: 0,0000223 seconds
2018-06-19T14:36:07.863+0200: 3607,228: Total time for which application threads were stopped: 0,0006451 seconds, Stopping threads took: 0,0000175 seconds
2018-06-19T14:36:07.869+0200: 3607,234: Total time for which application threads were stopped: 0,0001306 seconds, Stopping threads took: 0,0000510 seconds
2018-06-19T14:36:07.875+0200: 3607,240: Total time for which application threads were stopped: 0,0002057 seconds, Stopping threads took: 0,0001046 seconds
2018-06-19T14:36:07.880+0200: 3607,246: Total time for which application threads were stopped: 0,0001724 seconds, Stopping threads took: 0,0000587 seconds
2018-06-19T14:36:07.882+0200: 3607,247: Total time for which application threads were stopped: 0,0001529 seconds, Stopping threads took: 0,0000471 seconds
2018-06-19T14:36:07.882+0200: 3607,247: Total time for which application threads were stopped: 0,0001145 seconds, Stopping threads took: 0,0000422 seconds
2018-06-19T14:36:07.883+0200: 3607,248: Total time for which application threads were stopped: 0,0001050 seconds, Stopping threads took: 0,0000231 seconds
2018-06-19T14:36:07.887+0200: 3607,252: Total time for which application threads were stopped: 0,0033630 seconds, Stopping threads took: 0,0032847 seconds
2018-06-19T14:36:07.887+0200: 3607,252: Total time for which application threads were stopped: 0,0000898 seconds, Stopping threads took: 0,0000337 seconds
2018-06-19T14:36:07.887+0200: 3607,252: Total time for which application threads were stopped: 0,0000617 seconds, Stopping threads took: 0,0000255 seconds
2018-06-19T14:36:07.887+0200: 3607,252: Total time for which application threads were stopped: 0,0000541 seconds, Stopping threads took: 0,0000070 seconds
2018-06-19T14:36:07.887+0200: 3607,253: Total time for which application threads were stopped: 0,0000752 seconds, Stopping threads took: 0,0000405 seconds
2018-06-19T14:36:07.891+0200: 3607,257: Total time for which application threads were stopped: 0,0018505 seconds, Stopping threads took: 0,0015493 seconds
2018-06-19T14:36:07.892+0200: 3607,257: Total time for which application threads were stopped: 0,0001197 seconds, Stopping threads took: 0,0000361 seconds
2018-06-19T14:36:07.892+0200: 3607,257: Total time for which application threads were stopped: 0,0000947 seconds, Stopping threads took: 0,0000302 seconds
2018-06-19T14:36:07.892+0200: 3607,257: Total time for which application threads were stopped: 0,0001036 seconds, Stopping threads took: 0,0000457 seconds
2018-06-19T14:36:07.892+0200: 3607,257: Total time for which application threads were stopped: 0,0000934 seconds, Stopping threads took: 0,0000385 seconds
2018-06-19T14:36:07.892+0200: 3607,257: Total time for which application threads were stopped: 0,0000692 seconds, Stopping threads took: 0,0000238 seconds
2018-06-19T14:36:07.892+0200: 3607,258: Total time for which application threads were stopped: 0,0000930 seconds, Stopping threads took: 0,0000461 seconds
2018-06-19T14:36:07.892+0200: 3607,258: Total time for which application threads were stopped: 0,0002216 seconds, Stopping threads took: 0,0000331 seconds
Heap
 par new generation   total 109248K, used 37592K [0x00000000e0000000, 0x00000000e8000000, 0x00000000e8000000)
  eden space 87424K,  26% used [0x00000000e0000000, 0x00000000e16a99d0, 0x00000000e5560000)
  from space 21824K,  65% used [0x00000000e5560000, 0x00000000e636c8d0, 0x00000000e6ab0000)
  to   space 21824K,   0% used [0x00000000e6ab0000, 0x00000000e6ab0000, 0x00000000e8000000)
 concurrent mark-sweep generation total 393216K, used 41082K [0x00000000e8000000, 0x0000000100000000, 0x0000000100000000)
 Metaspace       used 33081K, capacity 34078K, committed 34172K, reserved 1079296K
  class space    used 3671K, capacity 3939K, committed 3964K, reserved 1048576K
