OpenJDK 64-Bit Server VM (25.171-b11) for linux-amd64 JRE (1.8.0_171-8u171-b11-0ubuntu0.16.04.1-b11), built on Apr 27 2018 17:19:03 by "buildd" with gcc 5.4.0 20160609
Memory: 4k page, physical 7867600k(948000k free), swap 8076284k(8001476k free)
CommandLine flags: -XX:CMSInitiatingOccupancyFraction=50 -XX:CMSMaxAbortablePrecleanTime=6000 -XX:+CMSParallelRemarkEnabled -XX:+CMSScavengeBeforeRemark -XX:ConcGCThreads=4 -XX:InitialHeapSize=536870912 -XX:MaxHeapSize=536870912 -XX:MaxTenuringThreshold=8 -XX:NewRatio=3 -XX:OldPLABSize=16 -XX:OnOutOfMemoryError=/home/gurnoor/workspace/QTM/solr/bin/oom_solr.sh 8983 /home/gurnoor/workspace/QTM/solr/server/logs -XX:ParallelGCThreads=4 -XX:+ParallelRefProcEnabled -XX:PretenureSizeThreshold=67108864 -XX:+PrintGC -XX:+PrintGCApplicationStoppedTime -XX:+PrintGCDateStamps -XX:+PrintGCDetails -XX:+PrintGCTimeStamps -XX:+PrintHeapAtGC -XX:+PrintTenuringDistribution -XX:SurvivorRatio=4 -XX:TargetSurvivorRatio=90 -XX:ThreadStackSize=256 -XX:+UseCMSInitiatingOccupancyOnly -XX:+UseCompressedClassPointers -XX:+UseCompressedOops -XX:+UseConcMarkSweepGC -XX:+UseParNewGC 
2018-06-19T14:43:31.677+0200: 0,120: Total time for which application threads were stopped: 0,0000708 seconds, Stopping threads took: 0,0000135 seconds
2018-06-19T14:43:31.752+0200: 0,195: Total time for which application threads were stopped: 0,0004317 seconds, Stopping threads took: 0,0001145 seconds
2018-06-19T14:43:31.769+0200: 0,212: Total time for which application threads were stopped: 0,0003904 seconds, Stopping threads took: 0,0000846 seconds
2018-06-19T14:43:31.908+0200: 0,351: Total time for which application threads were stopped: 0,0001684 seconds, Stopping threads took: 0,0000195 seconds
2018-06-19T14:43:32.070+0200: 0,513: Total time for which application threads were stopped: 0,0001497 seconds, Stopping threads took: 0,0000160 seconds
2018-06-19T14:43:32.123+0200: 0,566: Total time for which application threads were stopped: 0,0001742 seconds, Stopping threads took: 0,0000284 seconds
2018-06-19T14:43:32.138+0200: 0,581: Total time for which application threads were stopped: 0,0002090 seconds, Stopping threads took: 0,0000249 seconds
2018-06-19T14:43:32.348+0200: 0,790: Total time for which application threads were stopped: 0,0001957 seconds, Stopping threads took: 0,0000226 seconds
2018-06-19T14:43:32.505+0200: 0,948: Total time for which application threads were stopped: 0,0002568 seconds, Stopping threads took: 0,0000431 seconds
2018-06-19T14:43:32.526+0200: 0,969: Total time for which application threads were stopped: 0,0002705 seconds, Stopping threads took: 0,0000509 seconds
2018-06-19T14:43:32.553+0200: 0,995: Total time for which application threads were stopped: 0,0002563 seconds, Stopping threads took: 0,0000320 seconds
2018-06-19T14:43:32.554+0200: 0,997: Total time for which application threads were stopped: 0,0002058 seconds, Stopping threads took: 0,0000216 seconds
2018-06-19T14:43:32.567+0200: 1,010: Total time for which application threads were stopped: 0,0002400 seconds, Stopping threads took: 0,0000331 seconds
2018-06-19T14:43:32.643+0200: 1,086: Total time for which application threads were stopped: 0,0002922 seconds, Stopping threads took: 0,0000219 seconds
2018-06-19T14:43:32.800+0200: 1,242: Total time for which application threads were stopped: 0,0003061 seconds, Stopping threads took: 0,0000479 seconds
{Heap before GC invocations=0 (full 0):
 par new generation   total 109248K, used 87424K [0x00000000e0000000, 0x00000000e8000000, 0x00000000e8000000)
  eden space 87424K, 100% used [0x00000000e0000000, 0x00000000e5560000, 0x00000000e5560000)
  from space 21824K,   0% used [0x00000000e5560000, 0x00000000e5560000, 0x00000000e6ab0000)
  to   space 21824K,   0% used [0x00000000e6ab0000, 0x00000000e6ab0000, 0x00000000e8000000)
 concurrent mark-sweep generation total 393216K, used 0K [0x00000000e8000000, 0x0000000100000000, 0x0000000100000000)
 Metaspace       used 17893K, capacity 18248K, committed 18304K, reserved 1064960K
  class space    used 2026K, capacity 2166K, committed 2176K, reserved 1048576K
2018-06-19T14:43:32.843+0200: 1,285: [GC (Allocation Failure) 2018-06-19T14:43:32.843+0200: 1,285: [ParNew
Desired survivor size 20112992 bytes, new threshold 8 (max 8)
- age   1:   11558824 bytes,   11558824 total
: 87424K->11392K(109248K), 0,0115420 secs] 87424K->11392K(502464K), 0,0116031 secs] [Times: user=0,04 sys=0,00, real=0,02 secs] 
Heap after GC invocations=1 (full 0):
 par new generation   total 109248K, used 11392K [0x00000000e0000000, 0x00000000e8000000, 0x00000000e8000000)
  eden space 87424K,   0% used [0x00000000e0000000, 0x00000000e0000000, 0x00000000e5560000)
  from space 21824K,  52% used [0x00000000e6ab0000, 0x00000000e75d03b0, 0x00000000e8000000)
  to   space 21824K,   0% used [0x00000000e5560000, 0x00000000e5560000, 0x00000000e6ab0000)
 concurrent mark-sweep generation total 393216K, used 0K [0x00000000e8000000, 0x0000000100000000, 0x0000000100000000)
 Metaspace       used 17893K, capacity 18248K, committed 18304K, reserved 1064960K
  class space    used 2026K, capacity 2166K, committed 2176K, reserved 1048576K
}
2018-06-19T14:43:32.854+0200: 1,297: Total time for which application threads were stopped: 0,0126283 seconds, Stopping threads took: 0,0008334 seconds
2018-06-19T14:43:32.999+0200: 1,442: Total time for which application threads were stopped: 0,0005474 seconds, Stopping threads took: 0,0000718 seconds
2018-06-19T14:43:33.116+0200: 1,558: Total time for which application threads were stopped: 0,0013524 seconds, Stopping threads took: 0,0001343 seconds
2018-06-19T14:43:33.592+0200: 2,035: Total time for which application threads were stopped: 0,0002513 seconds, Stopping threads took: 0,0001180 seconds
2018-06-19T14:43:33.655+0200: 2,097: Total time for which application threads were stopped: 0,0003929 seconds, Stopping threads took: 0,0000746 seconds
{Heap before GC invocations=1 (full 0):
 par new generation   total 109248K, used 98816K [0x00000000e0000000, 0x00000000e8000000, 0x00000000e8000000)
  eden space 87424K, 100% used [0x00000000e0000000, 0x00000000e5560000, 0x00000000e5560000)
  from space 21824K,  52% used [0x00000000e6ab0000, 0x00000000e75d03b0, 0x00000000e8000000)
  to   space 21824K,   0% used [0x00000000e5560000, 0x00000000e5560000, 0x00000000e6ab0000)
 concurrent mark-sweep generation total 393216K, used 0K [0x00000000e8000000, 0x0000000100000000, 0x0000000100000000)
 Metaspace       used 21126K, capacity 21450K, committed 21628K, reserved 1069056K
  class space    used 2441K, capacity 2597K, committed 2684K, reserved 1048576K
2018-06-19T14:43:33.711+0200: 2,154: [GC (Allocation Failure) 2018-06-19T14:43:33.712+0200: 2,154: [ParNew
Desired survivor size 20112992 bytes, new threshold 8 (max 8)
- age   1:    4378392 bytes,    4378392 total
- age   2:    6093904 bytes,   10472296 total
: 98816K->14590K(109248K), 0,0351887 secs] 98816K->14590K(502464K), 0,0354458 secs] [Times: user=0,06 sys=0,00, real=0,03 secs] 
Heap after GC invocations=2 (full 0):
 par new generation   total 109248K, used 14590K [0x00000000e0000000, 0x00000000e8000000, 0x00000000e8000000)
  eden space 87424K,   0% used [0x00000000e0000000, 0x00000000e0000000, 0x00000000e5560000)
  from space 21824K,  66% used [0x00000000e5560000, 0x00000000e639f800, 0x00000000e6ab0000)
  to   space 21824K,   0% used [0x00000000e6ab0000, 0x00000000e6ab0000, 0x00000000e8000000)
 concurrent mark-sweep generation total 393216K, used 0K [0x00000000e8000000, 0x0000000100000000, 0x0000000100000000)
 Metaspace       used 21126K, capacity 21450K, committed 21628K, reserved 1069056K
  class space    used 2441K, capacity 2597K, committed 2684K, reserved 1048576K
}
2018-06-19T14:43:33.747+0200: 2,190: Total time for which application threads were stopped: 0,0376013 seconds, Stopping threads took: 0,0015713 seconds
2018-06-19T14:43:33.757+0200: 2,200: [GC (CMS Initial Mark) [1 CMS-initial-mark: 0K(393216K)] 19783K(502464K), 0,0085638 secs] [Times: user=0,01 sys=0,00, real=0,01 secs] 
2018-06-19T14:43:33.766+0200: 2,208: Total time for which application threads were stopped: 0,0109907 seconds, Stopping threads took: 0,0019982 seconds
2018-06-19T14:43:33.766+0200: 2,208: [CMS-concurrent-mark-start]
2018-06-19T14:43:33.767+0200: 2,209: [CMS-concurrent-mark: 0,001/0,001 secs] [Times: user=0,01 sys=0,00, real=0,00 secs] 
2018-06-19T14:43:33.767+0200: 2,210: [CMS-concurrent-preclean-start]
2018-06-19T14:43:33.770+0200: 2,212: [CMS-concurrent-preclean: 0,003/0,003 secs] [Times: user=0,00 sys=0,00, real=0,00 secs] 
2018-06-19T14:43:33.770+0200: 2,213: [CMS-concurrent-abortable-preclean-start]
2018-06-19T14:43:33.824+0200: 2,266: Total time for which application threads were stopped: 0,0031040 seconds, Stopping threads took: 0,0022514 seconds
2018-06-19T14:43:33.831+0200: 2,274: Total time for which application threads were stopped: 0,0001569 seconds, Stopping threads took: 0,0000598 seconds
2018-06-19T14:43:33.921+0200: 2,364: Total time for which application threads were stopped: 0,0001455 seconds, Stopping threads took: 0,0000448 seconds
2018-06-19T14:43:34.115+0200: 2,558: Total time for which application threads were stopped: 0,0020373 seconds, Stopping threads took: 0,0013343 seconds
2018-06-19T14:43:34.116+0200: 2,558: [CMS-concurrent-abortable-preclean: 0,207/0,345 secs] [Times: user=0,89 sys=0,02, real=0,35 secs] 
2018-06-19T14:43:34.116+0200: 2,559: [GC (CMS Final Remark) [YG occupancy: 79885 K (109248 K)]{Heap before GC invocations=2 (full 1):
 par new generation   total 109248K, used 79885K [0x00000000e0000000, 0x00000000e8000000, 0x00000000e8000000)
  eden space 87424K,  74% used [0x00000000e0000000, 0x00000000e3fc3ec0, 0x00000000e5560000)
  from space 21824K,  66% used [0x00000000e5560000, 0x00000000e639f800, 0x00000000e6ab0000)
  to   space 21824K,   0% used [0x00000000e6ab0000, 0x00000000e6ab0000, 0x00000000e8000000)
 concurrent mark-sweep generation total 393216K, used 0K [0x00000000e8000000, 0x0000000100000000, 0x0000000100000000)
 Metaspace       used 21868K, capacity 22270K, committed 22548K, reserved 1069056K
  class space    used 2530K, capacity 2683K, committed 2684K, reserved 1048576K
2018-06-19T14:43:34.116+0200: 2,559: [GC (CMS Final Remark) 2018-06-19T14:43:34.116+0200: 2,559: [ParNew
Desired survivor size 20112992 bytes, new threshold 8 (max 8)
- age   1:    1824520 bytes,    1824520 total
- age   2:    1215800 bytes,    3040320 total
- age   3:    6092592 bytes,    9132912 total
: 79885K->11317K(109248K), 0,0315439 secs] 79885K->11317K(502464K), 0,0317126 secs] [Times: user=0,07 sys=0,00, real=0,03 secs] 
Heap after GC invocations=3 (full 1):
 par new generation   total 109248K, used 11317K [0x00000000e0000000, 0x00000000e8000000, 0x00000000e8000000)
  eden space 87424K,   0% used [0x00000000e0000000, 0x00000000e0000000, 0x00000000e5560000)
  from space 21824K,  51% used [0x00000000e6ab0000, 0x00000000e75bd680, 0x00000000e8000000)
  to   space 21824K,   0% used [0x00000000e5560000, 0x00000000e5560000, 0x00000000e6ab0000)
 concurrent mark-sweep generation total 393216K, used 0K [0x00000000e8000000, 0x0000000100000000, 0x0000000100000000)
 Metaspace       used 21868K, capacity 22270K, committed 22548K, reserved 1069056K
  class space    used 2530K, capacity 2683K, committed 2684K, reserved 1048576K
}
2018-06-19T14:43:34.148+0200: 2,591: [Rescan (parallel) , 0,0145622 secs]2018-06-19T14:43:34.162+0200: 2,605: [weak refs processing, 0,0038677 secs]2018-06-19T14:43:34.166+0200: 2,609: [class unloading, 0,0070324 secs]2018-06-19T14:43:34.174+0200: 2,616: [scrub symbol table, 0,0066159 secs]2018-06-19T14:43:34.180+0200: 2,623: [scrub string table, 0,0003917 secs][1 CMS-remark: 0K(393216K)] 11317K(502464K), 0,0652287 secs] [Times: user=0,13 sys=0,00, real=0,06 secs] 
2018-06-19T14:43:34.181+0200: 2,624: Total time for which application threads were stopped: 0,0654390 seconds, Stopping threads took: 0,0001069 seconds
2018-06-19T14:43:34.182+0200: 2,625: [CMS-concurrent-sweep-start]
2018-06-19T14:43:34.182+0200: 2,625: [CMS-concurrent-sweep: 0,000/0,000 secs] [Times: user=0,00 sys=0,00, real=0,00 secs] 
2018-06-19T14:43:34.182+0200: 2,625: [CMS-concurrent-reset-start]
2018-06-19T14:43:34.188+0200: 2,631: [CMS-concurrent-reset: 0,006/0,006 secs] [Times: user=0,01 sys=0,01, real=0,01 secs] 
{Heap before GC invocations=3 (full 1):
 par new generation   total 109248K, used 98741K [0x00000000e0000000, 0x00000000e8000000, 0x00000000e8000000)
  eden space 87424K, 100% used [0x00000000e0000000, 0x00000000e5560000, 0x00000000e5560000)
  from space 21824K,  51% used [0x00000000e6ab0000, 0x00000000e75bd680, 0x00000000e8000000)
  to   space 21824K,   0% used [0x00000000e5560000, 0x00000000e5560000, 0x00000000e6ab0000)
 concurrent mark-sweep generation total 393216K, used 0K [0x00000000e8000000, 0x0000000100000000, 0x0000000100000000)
 Metaspace       used 22157K, capacity 22536K, committed 22676K, reserved 1069056K
  class space    used 2572K, capacity 2722K, committed 2812K, reserved 1048576K
2018-06-19T14:43:34.500+0200: 2,942: [GC (Allocation Failure) 2018-06-19T14:43:34.500+0200: 2,942: [ParNew
Desired survivor size 20112992 bytes, new threshold 8 (max 8)
- age   1:     706392 bytes,     706392 total
- age   2:    1457360 bytes,    2163752 total
- age   3:    1214112 bytes,    3377864 total
- age   4:    6092608 bytes,    9470472 total
: 98741K->12155K(109248K), 0,0273953 secs] 98741K->12155K(502464K), 0,0275077 secs] [Times: user=0,06 sys=0,00, real=0,03 secs] 
Heap after GC invocations=4 (full 1):
 par new generation   total 109248K, used 12155K [0x00000000e0000000, 0x00000000e8000000, 0x00000000e8000000)
  eden space 87424K,   0% used [0x00000000e0000000, 0x00000000e0000000, 0x00000000e5560000)
  from space 21824K,  55% used [0x00000000e5560000, 0x00000000e613eeb0, 0x00000000e6ab0000)
  to   space 21824K,   0% used [0x00000000e6ab0000, 0x00000000e6ab0000, 0x00000000e8000000)
 concurrent mark-sweep generation total 393216K, used 0K [0x00000000e8000000, 0x0000000100000000, 0x0000000100000000)
 Metaspace       used 22157K, capacity 22536K, committed 22676K, reserved 1069056K
  class space    used 2572K, capacity 2722K, committed 2812K, reserved 1048576K
}
2018-06-19T14:43:34.527+0200: 2,970: Total time for which application threads were stopped: 0,0334273 seconds, Stopping threads took: 0,0056441 seconds
{Heap before GC invocations=4 (full 1):
 par new generation   total 109248K, used 99579K [0x00000000e0000000, 0x00000000e8000000, 0x00000000e8000000)
  eden space 87424K, 100% used [0x00000000e0000000, 0x00000000e5560000, 0x00000000e5560000)
  from space 21824K,  55% used [0x00000000e5560000, 0x00000000e613eeb0, 0x00000000e6ab0000)
  to   space 21824K,   0% used [0x00000000e6ab0000, 0x00000000e6ab0000, 0x00000000e8000000)
 concurrent mark-sweep generation total 393216K, used 0K [0x00000000e8000000, 0x0000000100000000, 0x0000000100000000)
 Metaspace       used 22303K, capacity 22686K, committed 22932K, reserved 1069056K
  class space    used 2592K, capacity 2764K, committed 2812K, reserved 1048576K
2018-06-19T14:43:34.776+0200: 3,219: [GC (Allocation Failure) 2018-06-19T14:43:34.777+0200: 3,219: [ParNew
Desired survivor size 20112992 bytes, new threshold 8 (max 8)
- age   1:     625312 bytes,     625312 total
- age   2:     130320 bytes,     755632 total
- age   3:    1457168 bytes,    2212800 total
- age   4:    1210160 bytes,    3422960 total
- age   5:    6092488 bytes,    9515448 total
: 99579K->10988K(109248K), 0,0132118 secs] 99579K->10988K(502464K), 0,0134924 secs] [Times: user=0,03 sys=0,00, real=0,01 secs] 
Heap after GC invocations=5 (full 1):
 par new generation   total 109248K, used 10988K [0x00000000e0000000, 0x00000000e8000000, 0x00000000e8000000)
  eden space 87424K,   0% used [0x00000000e0000000, 0x00000000e0000000, 0x00000000e5560000)
  from space 21824K,  50% used [0x00000000e6ab0000, 0x00000000e756b080, 0x00000000e8000000)
  to   space 21824K,   0% used [0x00000000e5560000, 0x00000000e5560000, 0x00000000e6ab0000)
 concurrent mark-sweep generation total 393216K, used 0K [0x00000000e8000000, 0x0000000100000000, 0x0000000100000000)
 Metaspace       used 22303K, capacity 22686K, committed 22932K, reserved 1069056K
  class space    used 2592K, capacity 2764K, committed 2812K, reserved 1048576K
}
2018-06-19T14:43:34.790+0200: 3,233: Total time for which application threads were stopped: 0,0144281 seconds, Stopping threads took: 0,0002927 seconds
2018-06-19T14:43:35.287+0200: 3,730: Total time for which application threads were stopped: 0,0011401 seconds, Stopping threads took: 0,0005908 seconds
2018-06-19T14:43:35.352+0200: 3,795: Total time for which application threads were stopped: 0,0064355 seconds, Stopping threads took: 0,0059614 seconds
2018-06-19T14:43:35.385+0200: 3,828: Total time for which application threads were stopped: 0,0006121 seconds, Stopping threads took: 0,0001657 seconds
{Heap before GC invocations=5 (full 1):
 par new generation   total 109248K, used 98412K [0x00000000e0000000, 0x00000000e8000000, 0x00000000e8000000)
  eden space 87424K, 100% used [0x00000000e0000000, 0x00000000e5560000, 0x00000000e5560000)
  from space 21824K,  50% used [0x00000000e6ab0000, 0x00000000e756b080, 0x00000000e8000000)
  to   space 21824K,   0% used [0x00000000e5560000, 0x00000000e5560000, 0x00000000e6ab0000)
 concurrent mark-sweep generation total 393216K, used 0K [0x00000000e8000000, 0x0000000100000000, 0x0000000100000000)
 Metaspace       used 26042K, capacity 26484K, committed 26620K, reserved 1073152K
  class space    used 3069K, capacity 3255K, committed 3324K, reserved 1048576K
2018-06-19T14:43:35.539+0200: 3,982: [GC (Allocation Failure) 2018-06-19T14:43:35.539+0200: 3,982: [ParNew
Desired survivor size 20112992 bytes, new threshold 8 (max 8)
- age   1:    4544312 bytes,    4544312 total
- age   2:     148032 bytes,    4692344 total
- age   3:     128352 bytes,    4820696 total
- age   4:     289072 bytes,    5109768 total
- age   5:    1190160 bytes,    6299928 total
- age   6:    6085608 bytes,   12385536 total
: 98412K->14599K(109248K), 0,0110200 secs] 98412K->14599K(502464K), 0,0112259 secs] [Times: user=0,04 sys=0,00, real=0,01 secs] 
Heap after GC invocations=6 (full 1):
 par new generation   total 109248K, used 14599K [0x00000000e0000000, 0x00000000e8000000, 0x00000000e8000000)
  eden space 87424K,   0% used [0x00000000e0000000, 0x00000000e0000000, 0x00000000e5560000)
  from space 21824K,  66% used [0x00000000e5560000, 0x00000000e63a1f40, 0x00000000e6ab0000)
  to   space 21824K,   0% used [0x00000000e6ab0000, 0x00000000e6ab0000, 0x00000000e8000000)
 concurrent mark-sweep generation total 393216K, used 0K [0x00000000e8000000, 0x0000000100000000, 0x0000000100000000)
 Metaspace       used 26042K, capacity 26484K, committed 26620K, reserved 1073152K
  class space    used 3069K, capacity 3255K, committed 3324K, reserved 1048576K
}
2018-06-19T14:43:35.550+0200: 3,993: Total time for which application threads were stopped: 0,0118321 seconds, Stopping threads took: 0,0000838 seconds
2018-06-19T14:43:35.624+0200: 4,067: Total time for which application threads were stopped: 0,0005596 seconds, Stopping threads took: 0,0002127 seconds
2018-06-19T14:43:35.627+0200: 4,070: Total time for which application threads were stopped: 0,0024413 seconds, Stopping threads took: 0,0023452 seconds
2018-06-19T14:43:35.631+0200: 4,073: Total time for which application threads were stopped: 0,0001627 seconds, Stopping threads took: 0,0000467 seconds
2018-06-19T14:43:35.631+0200: 4,074: Total time for which application threads were stopped: 0,0000693 seconds, Stopping threads took: 0,0000285 seconds
2018-06-19T14:43:35.631+0200: 4,074: Total time for which application threads were stopped: 0,0000647 seconds, Stopping threads took: 0,0000264 seconds
2018-06-19T14:43:35.635+0200: 4,078: Total time for which application threads were stopped: 0,0004092 seconds, Stopping threads took: 0,0002902 seconds
2018-06-19T14:43:35.636+0200: 4,078: Total time for which application threads were stopped: 0,0001094 seconds, Stopping threads took: 0,0000371 seconds
2018-06-19T14:43:35.642+0200: 4,084: Total time for which application threads were stopped: 0,0006512 seconds, Stopping threads took: 0,0001170 seconds
2018-06-19T14:43:35.644+0200: 4,086: Total time for which application threads were stopped: 0,0008111 seconds, Stopping threads took: 0,0003839 seconds
2018-06-19T14:43:35.644+0200: 4,087: Total time for which application threads were stopped: 0,0004794 seconds, Stopping threads took: 0,0002959 seconds
2018-06-19T14:43:35.645+0200: 4,087: Total time for which application threads were stopped: 0,0001093 seconds, Stopping threads took: 0,0000636 seconds
2018-06-19T14:43:35.645+0200: 4,088: Total time for which application threads were stopped: 0,0000814 seconds, Stopping threads took: 0,0000276 seconds
2018-06-19T14:43:35.645+0200: 4,088: Total time for which application threads were stopped: 0,0001003 seconds, Stopping threads took: 0,0000359 seconds
2018-06-19T14:43:35.645+0200: 4,088: Total time for which application threads were stopped: 0,0001015 seconds, Stopping threads took: 0,0000428 seconds
2018-06-19T14:43:35.646+0200: 4,088: Total time for which application threads were stopped: 0,0000888 seconds, Stopping threads took: 0,0000248 seconds
2018-06-19T14:43:35.646+0200: 4,088: Total time for which application threads were stopped: 0,0000822 seconds, Stopping threads took: 0,0000278 seconds
2018-06-19T14:43:35.646+0200: 4,089: Total time for which application threads were stopped: 0,0001718 seconds, Stopping threads took: 0,0000221 seconds
2018-06-19T14:43:35.647+0200: 4,090: Total time for which application threads were stopped: 0,0001564 seconds, Stopping threads took: 0,0000506 seconds
2018-06-19T14:43:35.648+0200: 4,090: Total time for which application threads were stopped: 0,0001126 seconds, Stopping threads took: 0,0000325 seconds
2018-06-19T14:43:35.648+0200: 4,091: Total time for which application threads were stopped: 0,0001547 seconds, Stopping threads took: 0,0000542 seconds
2018-06-19T14:43:35.649+0200: 4,091: Total time for which application threads were stopped: 0,0000976 seconds, Stopping threads took: 0,0000257 seconds
2018-06-19T14:43:35.649+0200: 4,091: Total time for which application threads were stopped: 0,0000951 seconds, Stopping threads took: 0,0000355 seconds
2018-06-19T14:43:35.649+0200: 4,092: Total time for which application threads were stopped: 0,0000849 seconds, Stopping threads took: 0,0000329 seconds
2018-06-19T14:43:35.649+0200: 4,092: Total time for which application threads were stopped: 0,0000712 seconds, Stopping threads took: 0,0000272 seconds
2018-06-19T14:43:35.649+0200: 4,092: Total time for which application threads were stopped: 0,0000732 seconds, Stopping threads took: 0,0000220 seconds
2018-06-19T14:43:35.649+0200: 4,092: Total time for which application threads were stopped: 0,0000884 seconds, Stopping threads took: 0,0000409 seconds
2018-06-19T14:43:35.650+0200: 4,092: Total time for which application threads were stopped: 0,0000723 seconds, Stopping threads took: 0,0000291 seconds
2018-06-19T14:43:35.650+0200: 4,092: Total time for which application threads were stopped: 0,0000733 seconds, Stopping threads took: 0,0000235 seconds
2018-06-19T14:43:35.650+0200: 4,093: Total time for which application threads were stopped: 0,0000637 seconds, Stopping threads took: 0,0000200 seconds
2018-06-19T14:43:35.651+0200: 4,093: Total time for which application threads were stopped: 0,0008303 seconds, Stopping threads took: 0,0007728 seconds
2018-06-19T14:43:35.651+0200: 4,094: Total time for which application threads were stopped: 0,0000661 seconds, Stopping threads took: 0,0000197 seconds
2018-06-19T14:43:35.651+0200: 4,094: Total time for which application threads were stopped: 0,0000659 seconds, Stopping threads took: 0,0000253 seconds
2018-06-19T14:43:35.651+0200: 4,094: Total time for which application threads were stopped: 0,0000720 seconds, Stopping threads took: 0,0000231 seconds
2018-06-19T14:43:35.651+0200: 4,094: Total time for which application threads were stopped: 0,0000519 seconds, Stopping threads took: 0,0000135 seconds
2018-06-19T14:43:35.651+0200: 4,094: Total time for which application threads were stopped: 0,0000534 seconds, Stopping threads took: 0,0000145 seconds
2018-06-19T14:43:35.652+0200: 4,094: Total time for which application threads were stopped: 0,0000705 seconds, Stopping threads took: 0,0000119 seconds
2018-06-19T14:43:35.652+0200: 4,094: Total time for which application threads were stopped: 0,0000762 seconds, Stopping threads took: 0,0000311 seconds
2018-06-19T14:43:35.652+0200: 4,094: Total time for which application threads were stopped: 0,0000698 seconds, Stopping threads took: 0,0000238 seconds
2018-06-19T14:43:35.652+0200: 4,095: Total time for which application threads were stopped: 0,0000784 seconds, Stopping threads took: 0,0000280 seconds
2018-06-19T14:43:35.653+0200: 4,095: Total time for which application threads were stopped: 0,0007170 seconds, Stopping threads took: 0,0005900 seconds
2018-06-19T14:43:35.654+0200: 4,096: Total time for which application threads were stopped: 0,0005461 seconds, Stopping threads took: 0,0004612 seconds
2018-06-19T14:43:35.656+0200: 4,098: Total time for which application threads were stopped: 0,0006584 seconds, Stopping threads took: 0,0005617 seconds
2018-06-19T14:43:35.656+0200: 4,099: Total time for which application threads were stopped: 0,0000796 seconds, Stopping threads took: 0,0000306 seconds
2018-06-19T14:43:35.656+0200: 4,099: Total time for which application threads were stopped: 0,0000682 seconds, Stopping threads took: 0,0000205 seconds
2018-06-19T14:43:35.658+0200: 4,101: Total time for which application threads were stopped: 0,0001359 seconds, Stopping threads took: 0,0000529 seconds
2018-06-19T14:43:35.658+0200: 4,101: Total time for which application threads were stopped: 0,0000762 seconds, Stopping threads took: 0,0000156 seconds
2018-06-19T14:43:35.658+0200: 4,101: Total time for which application threads were stopped: 0,0000784 seconds, Stopping threads took: 0,0000217 seconds
2018-06-19T14:43:35.658+0200: 4,101: Total time for which application threads were stopped: 0,0000784 seconds, Stopping threads took: 0,0000301 seconds
2018-06-19T14:43:35.659+0200: 4,101: Total time for which application threads were stopped: 0,0000629 seconds, Stopping threads took: 0,0000185 seconds
2018-06-19T14:43:35.659+0200: 4,102: Total time for which application threads were stopped: 0,0000948 seconds, Stopping threads took: 0,0000366 seconds
2018-06-19T14:43:35.659+0200: 4,102: Total time for which application threads were stopped: 0,0000626 seconds, Stopping threads took: 0,0000126 seconds
2018-06-19T14:43:35.659+0200: 4,102: Total time for which application threads were stopped: 0,0000736 seconds, Stopping threads took: 0,0000170 seconds
2018-06-19T14:43:35.659+0200: 4,102: Total time for which application threads were stopped: 0,0000582 seconds, Stopping threads took: 0,0000116 seconds
2018-06-19T14:43:35.660+0200: 4,103: Total time for which application threads were stopped: 0,0000866 seconds, Stopping threads took: 0,0000349 seconds
2018-06-19T14:43:35.660+0200: 4,103: Total time for which application threads were stopped: 0,0001466 seconds, Stopping threads took: 0,0000149 seconds
2018-06-19T14:43:35.666+0200: 4,109: Total time for which application threads were stopped: 0,0001644 seconds, Stopping threads took: 0,0000566 seconds
2018-06-19T14:43:35.668+0200: 4,110: Total time for which application threads were stopped: 0,0001843 seconds, Stopping threads took: 0,0000585 seconds
2018-06-19T14:43:35.679+0200: 4,122: Total time for which application threads were stopped: 0,0003354 seconds, Stopping threads took: 0,0001885 seconds
2018-06-19T14:43:35.680+0200: 4,123: Total time for which application threads were stopped: 0,0001657 seconds, Stopping threads took: 0,0000321 seconds
2018-06-19T14:43:35.680+0200: 4,123: Total time for which application threads were stopped: 0,0001095 seconds, Stopping threads took: 0,0000370 seconds
2018-06-19T14:43:35.680+0200: 4,123: Total time for which application threads were stopped: 0,0001245 seconds, Stopping threads took: 0,0000296 seconds
2018-06-19T14:43:35.681+0200: 4,123: Total time for which application threads were stopped: 0,0001155 seconds, Stopping threads took: 0,0000352 seconds
2018-06-19T14:43:35.682+0200: 4,124: Total time for which application threads were stopped: 0,0001982 seconds, Stopping threads took: 0,0000843 seconds
2018-06-19T14:43:35.682+0200: 4,125: Total time for which application threads were stopped: 0,0001221 seconds, Stopping threads took: 0,0000348 seconds
2018-06-19T14:43:35.682+0200: 4,125: Total time for which application threads were stopped: 0,0001167 seconds, Stopping threads took: 0,0000201 seconds
2018-06-19T14:43:35.687+0200: 4,130: Total time for which application threads were stopped: 0,0040224 seconds, Stopping threads took: 0,0038903 seconds
2018-06-19T14:43:35.687+0200: 4,130: Total time for which application threads were stopped: 0,0001202 seconds, Stopping threads took: 0,0000336 seconds
2018-06-19T14:43:35.687+0200: 4,130: Total time for which application threads were stopped: 0,0001003 seconds, Stopping threads took: 0,0000460 seconds
2018-06-19T14:43:35.688+0200: 4,130: Total time for which application threads were stopped: 0,0000701 seconds, Stopping threads took: 0,0000284 seconds
2018-06-19T14:43:35.688+0200: 4,130: Total time for which application threads were stopped: 0,0000833 seconds, Stopping threads took: 0,0000360 seconds
2018-06-19T14:43:35.689+0200: 4,131: Total time for which application threads were stopped: 0,0001769 seconds, Stopping threads took: 0,0000681 seconds
2018-06-19T14:43:35.689+0200: 4,132: Total time for which application threads were stopped: 0,0002689 seconds, Stopping threads took: 0,0000189 seconds
2018-06-19T14:43:35.748+0200: 4,191: Total time for which application threads were stopped: 0,0011704 seconds, Stopping threads took: 0,0009354 seconds
2018-06-19T14:43:35.751+0200: 4,194: Total time for which application threads were stopped: 0,0002257 seconds, Stopping threads took: 0,0001074 seconds
2018-06-19T14:43:35.760+0200: 4,202: Total time for which application threads were stopped: 0,0012671 seconds, Stopping threads took: 0,0011410 seconds
2018-06-19T14:43:35.763+0200: 4,206: Total time for which application threads were stopped: 0,0001863 seconds, Stopping threads took: 0,0000345 seconds
2018-06-19T14:43:35.792+0200: 4,235: Total time for which application threads were stopped: 0,0001914 seconds, Stopping threads took: 0,0000655 seconds
2018-06-19T14:43:35.884+0200: 4,327: Total time for which application threads were stopped: 0,0005642 seconds, Stopping threads took: 0,0000516 seconds
2018-06-19T14:43:35.912+0200: 4,354: Total time for which application threads were stopped: 0,0005674 seconds, Stopping threads took: 0,0000392 seconds
2018-06-19T14:43:35.985+0200: 4,428: Total time for which application threads were stopped: 0,0005723 seconds, Stopping threads took: 0,0000630 seconds
2018-06-19T14:43:35.990+0200: 4,433: Total time for which application threads were stopped: 0,0003438 seconds, Stopping threads took: 0,0001931 seconds
2018-06-19T14:43:35.995+0200: 4,438: Total time for which application threads were stopped: 0,0013919 seconds, Stopping threads took: 0,0012506 seconds
2018-06-19T14:43:36.007+0200: 4,450: Total time for which application threads were stopped: 0,0064142 seconds, Stopping threads took: 0,0063081 seconds
2018-06-19T14:43:36.046+0200: 4,488: Total time for which application threads were stopped: 0,0105648 seconds, Stopping threads took: 0,0104131 seconds
2018-06-19T14:43:36.057+0200: 4,499: Total time for which application threads were stopped: 0,0002367 seconds, Stopping threads took: 0,0000766 seconds
2018-06-19T14:43:36.088+0200: 4,530: Total time for which application threads were stopped: 0,0007115 seconds, Stopping threads took: 0,0005291 seconds
2018-06-19T14:43:36.090+0200: 4,533: Total time for which application threads were stopped: 0,0002639 seconds, Stopping threads took: 0,0001784 seconds
2018-06-19T14:43:36.121+0200: 4,563: Total time for which application threads were stopped: 0,0028297 seconds, Stopping threads took: 0,0024290 seconds
{Heap before GC invocations=6 (full 1):
 par new generation   total 109248K, used 102023K [0x00000000e0000000, 0x00000000e8000000, 0x00000000e8000000)
  eden space 87424K, 100% used [0x00000000e0000000, 0x00000000e5560000, 0x00000000e5560000)
  from space 21824K,  66% used [0x00000000e5560000, 0x00000000e63a1f40, 0x00000000e6ab0000)
  to   space 21824K,   0% used [0x00000000e6ab0000, 0x00000000e6ab0000, 0x00000000e8000000)
 concurrent mark-sweep generation total 393216K, used 0K [0x00000000e8000000, 0x0000000100000000, 0x0000000100000000)
 Metaspace       used 29491K, capacity 30152K, committed 30332K, reserved 1075200K
  class space    used 3412K, capacity 3601K, committed 3708K, reserved 1048576K
2018-06-19T14:43:36.211+0200: 4,654: [GC (Allocation Failure) 2018-06-19T14:43:36.211+0200: 4,654: [ParNew
Desired survivor size 20112992 bytes, new threshold 7 (max 8)
- age   1:   12578872 bytes,   12578872 total
- age   2:    1972472 bytes,   14551344 total
- age   3:     143072 bytes,   14694416 total
- age   4:     127632 bytes,   14822048 total
- age   5:     285920 bytes,   15107968 total
- age   6:    1177536 bytes,   16285504 total
- age   7:    6061840 bytes,   22347344 total
: 102023K->21824K(109248K), 0,0649940 secs] 102023K->24544K(502464K), 0,0651425 secs] [Times: user=0,19 sys=0,01, real=0,06 secs] 
Heap after GC invocations=7 (full 1):
 par new generation   total 109248K, used 21824K [0x00000000e0000000, 0x00000000e8000000, 0x00000000e8000000)
  eden space 87424K,   0% used [0x00000000e0000000, 0x00000000e0000000, 0x00000000e5560000)
  from space 21824K, 100% used [0x00000000e6ab0000, 0x00000000e8000000, 0x00000000e8000000)
  to   space 21824K,   0% used [0x00000000e5560000, 0x00000000e5560000, 0x00000000e6ab0000)
 concurrent mark-sweep generation total 393216K, used 2720K [0x00000000e8000000, 0x0000000100000000, 0x0000000100000000)
 Metaspace       used 29491K, capacity 30152K, committed 30332K, reserved 1075200K
  class space    used 3412K, capacity 3601K, committed 3708K, reserved 1048576K
}
2018-06-19T14:43:36.276+0200: 4,719: Total time for which application threads were stopped: 0,0655626 seconds, Stopping threads took: 0,0000649 seconds
2018-06-19T14:43:36.283+0200: 4,725: Total time for which application threads were stopped: 0,0016585 seconds, Stopping threads took: 0,0014769 seconds
2018-06-19T14:43:36.288+0200: 4,731: Total time for which application threads were stopped: 0,0002471 seconds, Stopping threads took: 0,0000964 seconds
2018-06-19T14:43:36.288+0200: 4,731: Total time for which application threads were stopped: 0,0001328 seconds, Stopping threads took: 0,0000342 seconds
{Heap before GC invocations=7 (full 1):
 par new generation   total 109248K, used 109248K [0x00000000e0000000, 0x00000000e8000000, 0x00000000e8000000)
  eden space 87424K, 100% used [0x00000000e0000000, 0x00000000e5560000, 0x00000000e5560000)
  from space 21824K, 100% used [0x00000000e6ab0000, 0x00000000e8000000, 0x00000000e8000000)
  to   space 21824K,   0% used [0x00000000e5560000, 0x00000000e5560000, 0x00000000e6ab0000)
 concurrent mark-sweep generation total 393216K, used 2720K [0x00000000e8000000, 0x0000000100000000, 0x0000000100000000)
 Metaspace       used 29642K, capacity 30260K, committed 30588K, reserved 1077248K
  class space    used 3429K, capacity 3635K, committed 3708K, reserved 1048576K
2018-06-19T14:43:36.389+0200: 4,832: [GC (Allocation Failure) 2018-06-19T14:43:36.390+0200: 4,832: [ParNew
Desired survivor size 20112992 bytes, new threshold 8 (max 8)
- age   1:    1300120 bytes,    1300120 total
- age   2:   11749064 bytes,   13049184 total
- age   3:    1972344 bytes,   15021528 total
- age   4:     143072 bytes,   15164600 total
- age   5:     127496 bytes,   15292096 total
- age   6:     285920 bytes,   15578016 total
- age   7:    1177456 bytes,   16755472 total
: 109248K->21824K(109248K), 0,0594748 secs] 111968K->30984K(502464K), 0,0595648 secs] [Times: user=0,20 sys=0,01, real=0,06 secs] 
Heap after GC invocations=8 (full 1):
 par new generation   total 109248K, used 21824K [0x00000000e0000000, 0x00000000e8000000, 0x00000000e8000000)
  eden space 87424K,   0% used [0x00000000e0000000, 0x00000000e0000000, 0x00000000e5560000)
  from space 21824K, 100% used [0x00000000e5560000, 0x00000000e6ab0000, 0x00000000e6ab0000)
  to   space 21824K,   0% used [0x00000000e6ab0000, 0x00000000e6ab0000, 0x00000000e8000000)
 concurrent mark-sweep generation total 393216K, used 9160K [0x00000000e8000000, 0x0000000100000000, 0x0000000100000000)
 Metaspace       used 29642K, capacity 30260K, committed 30588K, reserved 1077248K
  class space    used 3429K, capacity 3635K, committed 3708K, reserved 1048576K
}
2018-06-19T14:43:36.449+0200: 4,892: Total time for which application threads were stopped: 0,0598689 seconds, Stopping threads took: 0,0000782 seconds
{Heap before GC invocations=8 (full 1):
 par new generation   total 109248K, used 109248K [0x00000000e0000000, 0x00000000e8000000, 0x00000000e8000000)
  eden space 87424K, 100% used [0x00000000e0000000, 0x00000000e5560000, 0x00000000e5560000)
  from space 21824K, 100% used [0x00000000e5560000, 0x00000000e6ab0000, 0x00000000e6ab0000)
  to   space 21824K,   0% used [0x00000000e6ab0000, 0x00000000e6ab0000, 0x00000000e8000000)
 concurrent mark-sweep generation total 393216K, used 9160K [0x00000000e8000000, 0x0000000100000000, 0x0000000100000000)
 Metaspace       used 29694K, capacity 30414K, committed 30588K, reserved 1077248K
  class space    used 3432K, capacity 3640K, committed 3708K, reserved 1048576K
2018-06-19T14:43:36.537+0200: 4,979: [GC (Allocation Failure) 2018-06-19T14:43:36.537+0200: 4,979: [ParNew
Desired survivor size 20112992 bytes, new threshold 8 (max 8)
- age   1:     225448 bytes,     225448 total
- age   2:     998400 bytes,    1223848 total
- age   3:   11749064 bytes,   12972912 total
- age   4:    1972344 bytes,   14945256 total
- age   5:     142968 bytes,   15088224 total
- age   6:     127496 bytes,   15215720 total
- age   7:     285920 bytes,   15501640 total
- age   8:    1177456 bytes,   16679096 total
: 109248K->20953K(109248K), 0,0393352 secs] 118408K->30114K(502464K), 0,0394649 secs] [Times: user=0,15 sys=0,00, real=0,04 secs] 
Heap after GC invocations=9 (full 1):
 par new generation   total 109248K, used 20953K [0x00000000e0000000, 0x00000000e8000000, 0x00000000e8000000)
  eden space 87424K,   0% used [0x00000000e0000000, 0x00000000e0000000, 0x00000000e5560000)
  from space 21824K,  96% used [0x00000000e6ab0000, 0x00000000e7f26748, 0x00000000e8000000)
  to   space 21824K,   0% used [0x00000000e5560000, 0x00000000e5560000, 0x00000000e6ab0000)
 concurrent mark-sweep generation total 393216K, used 9160K [0x00000000e8000000, 0x0000000100000000, 0x0000000100000000)
 Metaspace       used 29694K, capacity 30414K, committed 30588K, reserved 1077248K
  class space    used 3432K, capacity 3640K, committed 3708K, reserved 1048576K
}
2018-06-19T14:43:36.576+0200: 5,019: Total time for which application threads were stopped: 0,0404949 seconds, Stopping threads took: 0,0007941 seconds
2018-06-19T14:43:36.595+0200: 5,038: Total time for which application threads were stopped: 0,0040606 seconds, Stopping threads took: 0,0038889 seconds
2018-06-19T14:43:36.739+0200: 5,182: Total time for which application threads were stopped: 0,0002932 seconds, Stopping threads took: 0,0001084 seconds
2018-06-19T14:43:36.755+0200: 5,198: Total time for which application threads were stopped: 0,0002171 seconds, Stopping threads took: 0,0000944 seconds
2018-06-19T14:43:36.771+0200: 5,214: Total time for which application threads were stopped: 0,0001894 seconds, Stopping threads took: 0,0000727 seconds
2018-06-19T14:43:36.794+0200: 5,236: Total time for which application threads were stopped: 0,0001516 seconds, Stopping threads took: 0,0000444 seconds
2018-06-19T14:43:37.435+0200: 5,877: Total time for which application threads were stopped: 0,0001973 seconds, Stopping threads took: 0,0000510 seconds
2018-06-19T14:43:37.435+0200: 5,877: Total time for which application threads were stopped: 0,0001012 seconds, Stopping threads took: 0,0000323 seconds
2018-06-19T14:43:37.438+0200: 5,881: Total time for which application threads were stopped: 0,0001853 seconds, Stopping threads took: 0,0000562 seconds
2018-06-19T14:43:37.441+0200: 5,884: Total time for which application threads were stopped: 0,0001191 seconds, Stopping threads took: 0,0000454 seconds
2018-06-19T14:43:38.441+0200: 6,884: Total time for which application threads were stopped: 0,0000819 seconds, Stopping threads took: 0,0000200 seconds
2018-06-19T14:43:42.976+0200: 11,419: Total time for which application threads were stopped: 0,0002114 seconds, Stopping threads took: 0,0001090 seconds
2018-06-19T14:43:42.982+0200: 11,425: Total time for which application threads were stopped: 0,0002856 seconds, Stopping threads took: 0,0001517 seconds
2018-06-19T14:43:43.985+0200: 12,428: Total time for which application threads were stopped: 0,0000955 seconds, Stopping threads took: 0,0000231 seconds
2018-06-19T14:44:00.312+0200: 28,755: Total time for which application threads were stopped: 0,0001741 seconds, Stopping threads took: 0,0000569 seconds
{Heap before GC invocations=9 (full 1):
 par new generation   total 109248K, used 108377K [0x00000000e0000000, 0x00000000e8000000, 0x00000000e8000000)
  eden space 87424K, 100% used [0x00000000e0000000, 0x00000000e5560000, 0x00000000e5560000)
  from space 21824K,  96% used [0x00000000e6ab0000, 0x00000000e7f26748, 0x00000000e8000000)
  to   space 21824K,   0% used [0x00000000e5560000, 0x00000000e5560000, 0x00000000e6ab0000)
 concurrent mark-sweep generation total 393216K, used 9160K [0x00000000e8000000, 0x0000000100000000, 0x0000000100000000)
 Metaspace       used 30007K, capacity 30706K, committed 30844K, reserved 1077248K
  class space    used 3445K, capacity 3652K, committed 3708K, reserved 1048576K
2018-06-19T14:44:00.405+0200: 28,848: [GC (Allocation Failure) 2018-06-19T14:44:00.405+0200: 28,848: [ParNew
Desired survivor size 20112992 bytes, new threshold 7 (max 8)
- age   1:    5884440 bytes,    5884440 total
- age   2:     128000 bytes,    6012440 total
- age   3:     216600 bytes,    6229040 total
- age   4:   11739960 bytes,   17969000 total
- age   5:    1971144 bytes,   19940144 total
- age   6:     142968 bytes,   20083112 total
- age   7:     127496 bytes,   20210608 total
- age   8:     285920 bytes,   20496528 total
: 108377K->21824K(109248K), 0,0322684 secs] 117538K->32267K(502464K), 0,0323676 secs] [Times: user=0,09 sys=0,00, real=0,03 secs] 
Heap after GC invocations=10 (full 1):
 par new generation   total 109248K, used 21824K [0x00000000e0000000, 0x00000000e8000000, 0x00000000e8000000)
  eden space 87424K,   0% used [0x00000000e0000000, 0x00000000e0000000, 0x00000000e5560000)
  from space 21824K, 100% used [0x00000000e5560000, 0x00000000e6ab0000, 0x00000000e6ab0000)
  to   space 21824K,   0% used [0x00000000e6ab0000, 0x00000000e6ab0000, 0x00000000e8000000)
 concurrent mark-sweep generation total 393216K, used 10443K [0x00000000e8000000, 0x0000000100000000, 0x0000000100000000)
 Metaspace       used 30007K, capacity 30706K, committed 30844K, reserved 1077248K
  class space    used 3445K, capacity 3652K, committed 3708K, reserved 1048576K
}
2018-06-19T14:44:00.437+0200: 28,880: Total time for which application threads were stopped: 0,0326025 seconds, Stopping threads took: 0,0000358 seconds
2018-06-19T14:44:00.446+0200: 28,889: Total time for which application threads were stopped: 0,0015222 seconds, Stopping threads took: 0,0014233 seconds
2018-06-19T14:44:00.446+0200: 28,889: Total time for which application threads were stopped: 0,0001055 seconds, Stopping threads took: 0,0000362 seconds
2018-06-19T14:44:00.594+0200: 29,037: Total time for which application threads were stopped: 0,0002118 seconds, Stopping threads took: 0,0000339 seconds
2018-06-19T14:44:00.601+0200: 29,044: Total time for which application threads were stopped: 0,0001870 seconds, Stopping threads took: 0,0000541 seconds
2018-06-19T14:44:00.608+0200: 29,051: Total time for which application threads were stopped: 0,0001720 seconds, Stopping threads took: 0,0000493 seconds
2018-06-19T14:44:00.619+0200: 29,062: Total time for which application threads were stopped: 0,0002252 seconds, Stopping threads took: 0,0000549 seconds
2018-06-19T14:44:00.637+0200: 29,079: Total time for which application threads were stopped: 0,0001914 seconds, Stopping threads took: 0,0000536 seconds
2018-06-19T14:44:00.641+0200: 29,084: Total time for which application threads were stopped: 0,0001877 seconds, Stopping threads took: 0,0000556 seconds
{Heap before GC invocations=10 (full 1):
 par new generation   total 109248K, used 109248K [0x00000000e0000000, 0x00000000e8000000, 0x00000000e8000000)
  eden space 87424K, 100% used [0x00000000e0000000, 0x00000000e5560000, 0x00000000e5560000)
  from space 21824K, 100% used [0x00000000e5560000, 0x00000000e6ab0000, 0x00000000e6ab0000)
  to   space 21824K,   0% used [0x00000000e6ab0000, 0x00000000e6ab0000, 0x00000000e8000000)
 concurrent mark-sweep generation total 393216K, used 10443K [0x00000000e8000000, 0x0000000100000000, 0x0000000100000000)
 Metaspace       used 30070K, capacity 30786K, committed 31100K, reserved 1077248K
  class space    used 3447K, capacity 3655K, committed 3708K, reserved 1048576K
2018-06-19T14:44:00.651+0200: 29,093: [GC (Allocation Failure) 2018-06-19T14:44:00.651+0200: 29,093: [ParNew
Desired survivor size 20112992 bytes, new threshold 6 (max 8)
- age   1:     553312 bytes,     553312 total
- age   2:    5599552 bytes,    6152864 total
- age   3:     128000 bytes,    6280864 total
- age   4:     216568 bytes,    6497432 total
- age   5:   11652512 bytes,   18149944 total
- age   6:    1971144 bytes,   20121088 total
- age   7:     142864 bytes,   20263952 total
: 109248K->21824K(109248K), 0,0188746 secs] 119691K->32918K(502464K), 0,0190199 secs] [Times: user=0,06 sys=0,01, real=0,02 secs] 
Heap after GC invocations=11 (full 1):
 par new generation   total 109248K, used 21824K [0x00000000e0000000, 0x00000000e8000000, 0x00000000e8000000)
  eden space 87424K,   0% used [0x00000000e0000000, 0x00000000e0000000, 0x00000000e5560000)
  from space 21824K, 100% used [0x00000000e6ab0000, 0x00000000e8000000, 0x00000000e8000000)
  to   space 21824K,   0% used [0x00000000e5560000, 0x00000000e5560000, 0x00000000e6ab0000)
 concurrent mark-sweep generation total 393216K, used 11094K [0x00000000e8000000, 0x0000000100000000, 0x0000000100000000)
 Metaspace       used 30070K, capacity 30786K, committed 31100K, reserved 1077248K
  class space    used 3447K, capacity 3655K, committed 3708K, reserved 1048576K
}
2018-06-19T14:44:00.670+0200: 29,112: Total time for which application threads were stopped: 0,0192697 seconds, Stopping threads took: 0,0000539 seconds
2018-06-19T14:44:00.673+0200: 29,116: Total time for which application threads were stopped: 0,0001398 seconds, Stopping threads took: 0,0000511 seconds
2018-06-19T14:44:00.678+0200: 29,121: Total time for which application threads were stopped: 0,0001794 seconds, Stopping threads took: 0,0000728 seconds
2018-06-19T14:44:00.694+0200: 29,137: Total time for which application threads were stopped: 0,0001854 seconds, Stopping threads took: 0,0000576 seconds
2018-06-19T14:44:00.696+0200: 29,139: Total time for which application threads were stopped: 0,0001233 seconds, Stopping threads took: 0,0000335 seconds
2018-06-19T14:44:00.696+0200: 29,139: Total time for which application threads were stopped: 0,0000740 seconds, Stopping threads took: 0,0000218 seconds
2018-06-19T14:44:00.696+0200: 29,139: Total time for which application threads were stopped: 0,0000677 seconds, Stopping threads took: 0,0000206 seconds
2018-06-19T14:44:00.696+0200: 29,139: Total time for which application threads were stopped: 0,0000551 seconds, Stopping threads took: 0,0000144 seconds
2018-06-19T14:44:00.696+0200: 29,139: Total time for which application threads were stopped: 0,0000560 seconds, Stopping threads took: 0,0000152 seconds
2018-06-19T14:44:00.696+0200: 29,139: Total time for which application threads were stopped: 0,0000516 seconds, Stopping threads took: 0,0000136 seconds
2018-06-19T14:44:00.696+0200: 29,139: Total time for which application threads were stopped: 0,0000589 seconds, Stopping threads took: 0,0000277 seconds
2018-06-19T14:44:00.697+0200: 29,139: Total time for which application threads were stopped: 0,0000538 seconds, Stopping threads took: 0,0000233 seconds
2018-06-19T14:44:00.697+0200: 29,139: Total time for which application threads were stopped: 0,0000488 seconds, Stopping threads took: 0,0000192 seconds
2018-06-19T14:44:00.697+0200: 29,139: Total time for which application threads were stopped: 0,0000456 seconds, Stopping threads took: 0,0000189 seconds
2018-06-19T14:44:00.697+0200: 29,140: Total time for which application threads were stopped: 0,0000512 seconds, Stopping threads took: 0,0000242 seconds
2018-06-19T14:44:00.697+0200: 29,140: Total time for which application threads were stopped: 0,0000464 seconds, Stopping threads took: 0,0000185 seconds
2018-06-19T14:44:00.697+0200: 29,140: Total time for which application threads were stopped: 0,0000471 seconds, Stopping threads took: 0,0000185 seconds
2018-06-19T14:44:00.697+0200: 29,140: Total time for which application threads were stopped: 0,0000585 seconds, Stopping threads took: 0,0000269 seconds
2018-06-19T14:44:00.697+0200: 29,140: Total time for which application threads were stopped: 0,0000518 seconds, Stopping threads took: 0,0000237 seconds
2018-06-19T14:44:00.697+0200: 29,140: Total time for which application threads were stopped: 0,0000523 seconds, Stopping threads took: 0,0000234 seconds
2018-06-19T14:44:00.697+0200: 29,140: Total time for which application threads were stopped: 0,0000506 seconds, Stopping threads took: 0,0000239 seconds
2018-06-19T14:44:00.698+0200: 29,140: Total time for which application threads were stopped: 0,0000572 seconds, Stopping threads took: 0,0000297 seconds
2018-06-19T14:44:00.715+0200: 29,158: Total time for which application threads were stopped: 0,0010303 seconds, Stopping threads took: 0,0002327 seconds
2018-06-19T14:44:00.717+0200: 29,160: Total time for which application threads were stopped: 0,0004899 seconds, Stopping threads took: 0,0001617 seconds
2018-06-19T14:44:00.718+0200: 29,161: Total time for which application threads were stopped: 0,0003467 seconds, Stopping threads took: 0,0000984 seconds
2018-06-19T14:44:00.722+0200: 29,165: Total time for which application threads were stopped: 0,0001179 seconds, Stopping threads took: 0,0000426 seconds
2018-06-19T14:44:00.722+0200: 29,165: Total time for which application threads were stopped: 0,0000732 seconds, Stopping threads took: 0,0000330 seconds
2018-06-19T14:44:00.723+0200: 29,165: Total time for which application threads were stopped: 0,0000475 seconds, Stopping threads took: 0,0000178 seconds
2018-06-19T14:44:00.723+0200: 29,165: Total time for which application threads were stopped: 0,0000435 seconds, Stopping threads took: 0,0000112 seconds
2018-06-19T14:44:00.723+0200: 29,165: Total time for which application threads were stopped: 0,0000521 seconds, Stopping threads took: 0,0000260 seconds
2018-06-19T14:44:00.723+0200: 29,165: Total time for which application threads were stopped: 0,0000564 seconds, Stopping threads took: 0,0000303 seconds
2018-06-19T14:44:00.723+0200: 29,165: Total time for which application threads were stopped: 0,0000546 seconds, Stopping threads took: 0,0000238 seconds
2018-06-19T14:44:00.725+0200: 29,168: Total time for which application threads were stopped: 0,0024880 seconds, Stopping threads took: 0,0024166 seconds
2018-06-19T14:44:00.725+0200: 29,168: Total time for which application threads were stopped: 0,0000648 seconds, Stopping threads took: 0,0000317 seconds
2018-06-19T14:44:00.726+0200: 29,168: Total time for which application threads were stopped: 0,0000570 seconds, Stopping threads took: 0,0000279 seconds
2018-06-19T14:44:00.726+0200: 29,168: Total time for which application threads were stopped: 0,0000483 seconds, Stopping threads took: 0,0000205 seconds
2018-06-19T14:44:00.726+0200: 29,168: Total time for which application threads were stopped: 0,0000369 seconds, Stopping threads took: 0,0000112 seconds
2018-06-19T14:44:00.726+0200: 29,168: Total time for which application threads were stopped: 0,0000360 seconds, Stopping threads took: 0,0000115 seconds
2018-06-19T14:44:00.726+0200: 29,168: Total time for which application threads were stopped: 0,0000669 seconds, Stopping threads took: 0,0000354 seconds
2018-06-19T14:44:00.726+0200: 29,169: Total time for which application threads were stopped: 0,0000511 seconds, Stopping threads took: 0,0000247 seconds
2018-06-19T14:44:00.726+0200: 29,169: Total time for which application threads were stopped: 0,0000375 seconds, Stopping threads took: 0,0000154 seconds
2018-06-19T14:44:00.726+0200: 29,169: Total time for which application threads were stopped: 0,0000512 seconds, Stopping threads took: 0,0000269 seconds
2018-06-19T14:44:00.726+0200: 29,169: Total time for which application threads were stopped: 0,0000345 seconds, Stopping threads took: 0,0000112 seconds
2018-06-19T14:44:00.726+0200: 29,169: Total time for which application threads were stopped: 0,0000362 seconds, Stopping threads took: 0,0000145 seconds
2018-06-19T14:44:00.726+0200: 29,169: Total time for which application threads were stopped: 0,0001327 seconds, Stopping threads took: 0,0000248 seconds
2018-06-19T14:44:00.736+0200: 29,178: Total time for which application threads were stopped: 0,0001239 seconds, Stopping threads took: 0,0000327 seconds
2018-06-19T14:44:00.736+0200: 29,179: Total time for which application threads were stopped: 0,0000579 seconds, Stopping threads took: 0,0000188 seconds
2018-06-19T14:44:00.761+0200: 29,204: Total time for which application threads were stopped: 0,0008884 seconds, Stopping threads took: 0,0004090 seconds
2018-06-19T14:44:00.762+0200: 29,205: Total time for which application threads were stopped: 0,0006616 seconds, Stopping threads took: 0,0003645 seconds
2018-06-19T14:44:00.763+0200: 29,205: Total time for which application threads were stopped: 0,0003015 seconds, Stopping threads took: 0,0001009 seconds
2018-06-19T14:44:00.763+0200: 29,206: Total time for which application threads were stopped: 0,0002385 seconds, Stopping threads took: 0,0000479 seconds
2018-06-19T14:44:00.765+0200: 29,208: Total time for which application threads were stopped: 0,0000959 seconds, Stopping threads took: 0,0000365 seconds
2018-06-19T14:44:00.765+0200: 29,208: Total time for which application threads were stopped: 0,0000673 seconds, Stopping threads took: 0,0000353 seconds
2018-06-19T14:44:00.766+0200: 29,209: Total time for which application threads were stopped: 0,0000942 seconds, Stopping threads took: 0,0000294 seconds
2018-06-19T14:44:00.766+0200: 29,209: Total time for which application threads were stopped: 0,0001028 seconds, Stopping threads took: 0,0000363 seconds
2018-06-19T14:44:00.767+0200: 29,209: Total time for which application threads were stopped: 0,0001228 seconds, Stopping threads took: 0,0000441 seconds
2018-06-19T14:44:00.767+0200: 29,209: Total time for which application threads were stopped: 0,0000585 seconds, Stopping threads took: 0,0000246 seconds
2018-06-19T14:44:00.774+0200: 29,217: Total time for which application threads were stopped: 0,0001075 seconds, Stopping threads took: 0,0000413 seconds
2018-06-19T14:44:00.774+0200: 29,217: Total time for which application threads were stopped: 0,0000381 seconds, Stopping threads took: 0,0000110 seconds
2018-06-19T14:44:01.774+0200: 30,217: Total time for which application threads were stopped: 0,0001337 seconds, Stopping threads took: 0,0000204 seconds
2018-06-19T14:44:01.833+0200: 30,275: Total time for which application threads were stopped: 0,0001400 seconds, Stopping threads took: 0,0000309 seconds
2018-06-19T14:44:01.839+0200: 30,281: Total time for which application threads were stopped: 0,0013087 seconds, Stopping threads took: 0,0005348 seconds
2018-06-19T14:44:01.846+0200: 30,288: Total time for which application threads were stopped: 0,0007864 seconds, Stopping threads took: 0,0006595 seconds
2018-06-19T14:44:01.846+0200: 30,289: Total time for which application threads were stopped: 0,0001559 seconds, Stopping threads took: 0,0000617 seconds
2018-06-19T14:44:01.850+0200: 30,292: Total time for which application threads were stopped: 0,0016130 seconds, Stopping threads took: 0,0014843 seconds
2018-06-19T14:44:01.859+0200: 30,302: Total time for which application threads were stopped: 0,0090172 seconds, Stopping threads took: 0,0083369 seconds
2018-06-19T14:44:01.872+0200: 30,314: Total time for which application threads were stopped: 0,0002147 seconds, Stopping threads took: 0,0001406 seconds
2018-06-19T14:44:01.875+0200: 30,317: Total time for which application threads were stopped: 0,0016599 seconds, Stopping threads took: 0,0014835 seconds
2018-06-19T14:44:01.883+0200: 30,326: Total time for which application threads were stopped: 0,0022913 seconds, Stopping threads took: 0,0010262 seconds
2018-06-19T14:44:01.886+0200: 30,329: Total time for which application threads were stopped: 0,0001281 seconds, Stopping threads took: 0,0000430 seconds
2018-06-19T14:44:02.887+0200: 31,329: Total time for which application threads were stopped: 0,0000882 seconds, Stopping threads took: 0,0000191 seconds
2018-06-19T14:44:05.120+0200: 33,563: Total time for which application threads were stopped: 0,0001042 seconds, Stopping threads took: 0,0000301 seconds
2018-06-19T14:44:05.121+0200: 33,563: Total time for which application threads were stopped: 0,0000820 seconds, Stopping threads took: 0,0000213 seconds
2018-06-19T14:44:06.121+0200: 34,563: Total time for which application threads were stopped: 0,0000884 seconds, Stopping threads took: 0,0000213 seconds
2018-06-19T14:44:11.889+0200: 40,332: Total time for which application threads were stopped: 0,0001660 seconds, Stopping threads took: 0,0000682 seconds
2018-06-19T14:44:12.890+0200: 41,332: Total time for which application threads were stopped: 0,0001170 seconds, Stopping threads took: 0,0000213 seconds
2018-06-19T14:44:13.890+0200: 42,332: Total time for which application threads were stopped: 0,0000855 seconds, Stopping threads took: 0,0000199 seconds
2018-06-19T14:44:21.892+0200: 50,335: Total time for which application threads were stopped: 0,0005890 seconds, Stopping threads took: 0,0000200 seconds
2018-06-19T14:44:21.905+0200: 50,348: Total time for which application threads were stopped: 0,0002016 seconds, Stopping threads took: 0,0000741 seconds
2018-06-19T14:44:21.905+0200: 50,348: Total time for which application threads were stopped: 0,0000682 seconds, Stopping threads took: 0,0000122 seconds
2018-06-19T14:44:21.905+0200: 50,348: Total time for which application threads were stopped: 0,0000381 seconds, Stopping threads took: 0,0000111 seconds
2018-06-19T14:44:21.907+0200: 50,350: Total time for which application threads were stopped: 0,0000837 seconds, Stopping threads took: 0,0000186 seconds
2018-06-19T14:44:21.907+0200: 50,350: Total time for which application threads were stopped: 0,0000448 seconds, Stopping threads took: 0,0000120 seconds
2018-06-19T14:44:21.907+0200: 50,350: Total time for which application threads were stopped: 0,0000346 seconds, Stopping threads took: 0,0000100 seconds
2018-06-19T14:44:21.913+0200: 50,356: Total time for which application threads were stopped: 0,0001159 seconds, Stopping threads took: 0,0000324 seconds
2018-06-19T14:44:21.915+0200: 50,358: Total time for which application threads were stopped: 0,0000986 seconds, Stopping threads took: 0,0000225 seconds
2018-06-19T14:44:21.915+0200: 50,358: Total time for which application threads were stopped: 0,0000704 seconds, Stopping threads took: 0,0000155 seconds
2018-06-19T14:44:21.915+0200: 50,358: Total time for which application threads were stopped: 0,0000639 seconds, Stopping threads took: 0,0000128 seconds
2018-06-19T14:44:21.915+0200: 50,358: Total time for which application threads were stopped: 0,0000670 seconds, Stopping threads took: 0,0000164 seconds
2018-06-19T14:44:21.915+0200: 50,358: Total time for which application threads were stopped: 0,0000683 seconds, Stopping threads took: 0,0000139 seconds
2018-06-19T14:44:21.915+0200: 50,358: Total time for which application threads were stopped: 0,0000702 seconds, Stopping threads took: 0,0000140 seconds
2018-06-19T14:44:21.917+0200: 50,360: Total time for which application threads were stopped: 0,0000929 seconds, Stopping threads took: 0,0000232 seconds
2018-06-19T14:44:21.964+0200: 50,407: Total time for which application threads were stopped: 0,0001212 seconds, Stopping threads took: 0,0000285 seconds
2018-06-19T14:44:21.987+0200: 50,429: Total time for which application threads were stopped: 0,0002154 seconds, Stopping threads took: 0,0000302 seconds
2018-06-19T14:44:22.073+0200: 50,516: Total time for which application threads were stopped: 0,0001316 seconds, Stopping threads took: 0,0000375 seconds
2018-06-19T14:44:22.074+0200: 50,517: Total time for which application threads were stopped: 0,0000938 seconds, Stopping threads took: 0,0000257 seconds
2018-06-19T14:44:22.074+0200: 50,517: Total time for which application threads were stopped: 0,0000664 seconds, Stopping threads took: 0,0000145 seconds
2018-06-19T14:44:22.075+0200: 50,517: Total time for which application threads were stopped: 0,0001029 seconds, Stopping threads took: 0,0000211 seconds
2018-06-19T14:44:22.096+0200: 50,538: Total time for which application threads were stopped: 0,0001248 seconds, Stopping threads took: 0,0000494 seconds
2018-06-19T14:44:22.096+0200: 50,538: Total time for which application threads were stopped: 0,0000793 seconds, Stopping threads took: 0,0000427 seconds
2018-06-19T14:44:22.096+0200: 50,539: Total time for which application threads were stopped: 0,0001067 seconds, Stopping threads took: 0,0000453 seconds
2018-06-19T14:44:22.097+0200: 50,540: Total time for which application threads were stopped: 0,0000945 seconds, Stopping threads took: 0,0000285 seconds
2018-06-19T14:44:22.097+0200: 50,540: Total time for which application threads were stopped: 0,0000856 seconds, Stopping threads took: 0,0000270 seconds
2018-06-19T14:44:22.097+0200: 50,540: Total time for which application threads were stopped: 0,0000617 seconds, Stopping threads took: 0,0000259 seconds
2018-06-19T14:44:22.097+0200: 50,540: Total time for which application threads were stopped: 0,0000498 seconds, Stopping threads took: 0,0000177 seconds
2018-06-19T14:44:22.097+0200: 50,540: Total time for which application threads were stopped: 0,0000694 seconds, Stopping threads took: 0,0000297 seconds
2018-06-19T14:44:22.098+0200: 50,540: Total time for which application threads were stopped: 0,0000917 seconds, Stopping threads took: 0,0000559 seconds
2018-06-19T14:44:22.098+0200: 50,541: Total time for which application threads were stopped: 0,0000653 seconds, Stopping threads took: 0,0000296 seconds
2018-06-19T14:44:22.098+0200: 50,541: Total time for which application threads were stopped: 0,0000813 seconds, Stopping threads took: 0,0000325 seconds
2018-06-19T14:44:22.098+0200: 50,541: Total time for which application threads were stopped: 0,0000751 seconds, Stopping threads took: 0,0000255 seconds
2018-06-19T14:44:22.166+0200: 50,609: Total time for which application threads were stopped: 0,0001250 seconds, Stopping threads took: 0,0000223 seconds
2018-06-19T14:44:22.178+0200: 50,620: Total time for which application threads were stopped: 0,0000861 seconds, Stopping threads took: 0,0000266 seconds
2018-06-19T14:44:22.188+0200: 50,630: Total time for which application threads were stopped: 0,0005241 seconds, Stopping threads took: 0,0000976 seconds
2018-06-19T14:44:22.189+0200: 50,631: Total time for which application threads were stopped: 0,0004960 seconds, Stopping threads took: 0,0001027 seconds
2018-06-19T14:44:22.195+0200: 50,637: Total time for which application threads were stopped: 0,0000927 seconds, Stopping threads took: 0,0000152 seconds
2018-06-19T14:44:22.196+0200: 50,638: Total time for which application threads were stopped: 0,0001860 seconds, Stopping threads took: 0,0000963 seconds
2018-06-19T14:44:22.197+0200: 50,639: Total time for which application threads were stopped: 0,0000843 seconds, Stopping threads took: 0,0000217 seconds
2018-06-19T14:44:22.198+0200: 50,640: Total time for which application threads were stopped: 0,0000958 seconds, Stopping threads took: 0,0000244 seconds
2018-06-19T14:44:22.198+0200: 50,641: Total time for which application threads were stopped: 0,0000897 seconds, Stopping threads took: 0,0000209 seconds
2018-06-19T14:44:22.199+0200: 50,642: Total time for which application threads were stopped: 0,0000683 seconds, Stopping threads took: 0,0000159 seconds
2018-06-19T14:44:22.200+0200: 50,643: Total time for which application threads were stopped: 0,0001149 seconds, Stopping threads took: 0,0000597 seconds
2018-06-19T14:44:22.201+0200: 50,644: Total time for which application threads were stopped: 0,0000643 seconds, Stopping threads took: 0,0000157 seconds
2018-06-19T14:44:22.202+0200: 50,644: Total time for which application threads were stopped: 0,0000741 seconds, Stopping threads took: 0,0000258 seconds
2018-06-19T14:44:22.203+0200: 50,645: Total time for which application threads were stopped: 0,0000911 seconds, Stopping threads took: 0,0000283 seconds
2018-06-19T14:44:22.204+0200: 50,646: Total time for which application threads were stopped: 0,0001468 seconds, Stopping threads took: 0,0000696 seconds
2018-06-19T14:44:22.205+0200: 50,648: Total time for which application threads were stopped: 0,0001593 seconds, Stopping threads took: 0,0000780 seconds
2018-06-19T14:44:22.206+0200: 50,649: Total time for which application threads were stopped: 0,0001280 seconds, Stopping threads took: 0,0000469 seconds
2018-06-19T14:44:22.207+0200: 50,650: Total time for which application threads were stopped: 0,0001161 seconds, Stopping threads took: 0,0000408 seconds
2018-06-19T14:44:22.209+0200: 50,651: Total time for which application threads were stopped: 0,0001346 seconds, Stopping threads took: 0,0000528 seconds
2018-06-19T14:44:22.210+0200: 50,652: Total time for which application threads were stopped: 0,0001579 seconds, Stopping threads took: 0,0000491 seconds
2018-06-19T14:44:22.211+0200: 50,654: Total time for which application threads were stopped: 0,0001372 seconds, Stopping threads took: 0,0000709 seconds
2018-06-19T14:44:22.212+0200: 50,655: Total time for which application threads were stopped: 0,0001252 seconds, Stopping threads took: 0,0000454 seconds
2018-06-19T14:44:22.214+0200: 50,656: Total time for which application threads were stopped: 0,0002655 seconds, Stopping threads took: 0,0000694 seconds
2018-06-19T14:44:22.406+0200: 50,849: Total time for which application threads were stopped: 0,0002516 seconds, Stopping threads took: 0,0000809 seconds
{Heap before GC invocations=11 (full 1):
 par new generation   total 109248K, used 109248K [0x00000000e0000000, 0x00000000e8000000, 0x00000000e8000000)
  eden space 87424K, 100% used [0x00000000e0000000, 0x00000000e5560000, 0x00000000e5560000)
  from space 21824K, 100% used [0x00000000e6ab0000, 0x00000000e8000000, 0x00000000e8000000)
  to   space 21824K,   0% used [0x00000000e5560000, 0x00000000e5560000, 0x00000000e6ab0000)
 concurrent mark-sweep generation total 393216K, used 11094K [0x00000000e8000000, 0x0000000100000000, 0x0000000100000000)
 Metaspace       used 31560K, capacity 32360K, committed 32508K, reserved 1077248K
  class space    used 3578K, capacity 3792K, committed 3836K, reserved 1048576K
2018-06-19T14:44:22.603+0200: 51,046: [GC (Allocation Failure) 2018-06-19T14:44:22.603+0200: 51,046: [ParNew
Desired survivor size 20112992 bytes, new threshold 8 (max 8)
- age   1:    3836712 bytes,    3836712 total
- age   2:     504040 bytes,    4340752 total
- age   3:    4564648 bytes,    8905400 total
- age   4:      93640 bytes,    8999040 total
- age   5:     201160 bytes,    9200200 total
- age   6:    9394912 bytes,   18595112 total
: 109248K->21824K(109248K), 0,0247806 secs] 120342K->36748K(502464K), 0,0248612 secs] [Times: user=0,09 sys=0,01, real=0,02 secs] 
Heap after GC invocations=12 (full 1):
 par new generation   total 109248K, used 21824K [0x00000000e0000000, 0x00000000e8000000, 0x00000000e8000000)
  eden space 87424K,   0% used [0x00000000e0000000, 0x00000000e0000000, 0x00000000e5560000)
  from space 21824K, 100% used [0x00000000e5560000, 0x00000000e6ab0000, 0x00000000e6ab0000)
  to   space 21824K,   0% used [0x00000000e6ab0000, 0x00000000e6ab0000, 0x00000000e8000000)
 concurrent mark-sweep generation total 393216K, used 14924K [0x00000000e8000000, 0x0000000100000000, 0x0000000100000000)
 Metaspace       used 31560K, capacity 32360K, committed 32508K, reserved 1077248K
  class space    used 3578K, capacity 3792K, committed 3836K, reserved 1048576K
}
2018-06-19T14:44:22.628+0200: 51,071: Total time for which application threads were stopped: 0,0252219 seconds, Stopping threads took: 0,0001043 seconds
2018-06-19T14:44:22.629+0200: 51,071: Total time for which application threads were stopped: 0,0001301 seconds, Stopping threads took: 0,0000563 seconds
2018-06-19T14:44:22.712+0200: 51,155: Total time for which application threads were stopped: 0,0001660 seconds, Stopping threads took: 0,0000324 seconds
2018-06-19T14:44:22.713+0200: 51,155: Total time for which application threads were stopped: 0,0001305 seconds, Stopping threads took: 0,0000242 seconds
2018-06-19T14:44:22.713+0200: 51,156: Total time for which application threads were stopped: 0,0001425 seconds, Stopping threads took: 0,0000293 seconds
2018-06-19T14:44:22.715+0200: 51,157: Total time for which application threads were stopped: 0,0001223 seconds, Stopping threads took: 0,0000336 seconds
2018-06-19T14:44:22.725+0200: 51,168: Total time for which application threads were stopped: 0,0001436 seconds, Stopping threads took: 0,0000350 seconds
2018-06-19T14:44:22.747+0200: 51,190: Total time for which application threads were stopped: 0,0001608 seconds, Stopping threads took: 0,0000330 seconds
2018-06-19T14:44:22.868+0200: 51,311: Total time for which application threads were stopped: 0,0002597 seconds, Stopping threads took: 0,0001177 seconds
2018-06-19T14:44:22.879+0200: 51,322: Total time for which application threads were stopped: 0,0001494 seconds, Stopping threads took: 0,0000292 seconds
{Heap before GC invocations=12 (full 1):
 par new generation   total 109248K, used 109248K [0x00000000e0000000, 0x00000000e8000000, 0x00000000e8000000)
  eden space 87424K, 100% used [0x00000000e0000000, 0x00000000e5560000, 0x00000000e5560000)
  from space 21824K, 100% used [0x00000000e5560000, 0x00000000e6ab0000, 0x00000000e6ab0000)
  to   space 21824K,   0% used [0x00000000e6ab0000, 0x00000000e6ab0000, 0x00000000e8000000)
 concurrent mark-sweep generation total 393216K, used 14924K [0x00000000e8000000, 0x0000000100000000, 0x0000000100000000)
 Metaspace       used 31607K, capacity 32360K, committed 32508K, reserved 1077248K
  class space    used 3579K, capacity 3792K, committed 3836K, reserved 1048576K
2018-06-19T14:44:23.084+0200: 51,527: [GC (Allocation Failure) 2018-06-19T14:44:23.085+0200: 51,527: [ParNew
Desired survivor size 20112992 bytes, new threshold 8 (max 8)
- age   1:    1435960 bytes,    1435960 total
- age   2:    3188744 bytes,    4624704 total
- age   3:     504040 bytes,    5128744 total
- age   4:    4108128 bytes,    9236872 total
- age   5:      93328 bytes,    9330200 total
- age   6:     200976 bytes,    9531176 total
- age   7:    9337440 bytes,   18868616 total
: 109248K->21824K(109248K), 0,0594316 secs] 124172K->37211K(502464K), 0,0595423 secs] [Times: user=0,07 sys=0,00, real=0,06 secs] 
Heap after GC invocations=13 (full 1):
 par new generation   total 109248K, used 21824K [0x00000000e0000000, 0x00000000e8000000, 0x00000000e8000000)
  eden space 87424K,   0% used [0x00000000e0000000, 0x00000000e0000000, 0x00000000e5560000)
  from space 21824K, 100% used [0x00000000e6ab0000, 0x00000000e8000000, 0x00000000e8000000)
  to   space 21824K,   0% used [0x00000000e5560000, 0x00000000e5560000, 0x00000000e6ab0000)
 concurrent mark-sweep generation total 393216K, used 15387K [0x00000000e8000000, 0x0000000100000000, 0x0000000100000000)
 Metaspace       used 31607K, capacity 32360K, committed 32508K, reserved 1077248K
  class space    used 3579K, capacity 3792K, committed 3836K, reserved 1048576K
}
2018-06-19T14:44:23.144+0200: 51,587: Total time for which application threads were stopped: 0,0598228 seconds, Stopping threads took: 0,0000518 seconds
2018-06-19T14:44:23.211+0200: 51,654: Total time for which application threads were stopped: 0,0006613 seconds, Stopping threads took: 0,0003938 seconds
2018-06-19T14:44:23.283+0200: 51,726: Total time for which application threads were stopped: 0,0001608 seconds, Stopping threads took: 0,0000392 seconds
2018-06-19T14:44:23.304+0200: 51,747: Total time for which application threads were stopped: 0,0001877 seconds, Stopping threads took: 0,0000503 seconds
2018-06-19T14:44:23.310+0200: 51,752: Total time for which application threads were stopped: 0,0027454 seconds, Stopping threads took: 0,0026095 seconds
2018-06-19T14:44:23.571+0200: 52,014: Total time for which application threads were stopped: 0,0078474 seconds, Stopping threads took: 0,0076585 seconds
2018-06-19T14:44:23.574+0200: 52,017: Total time for which application threads were stopped: 0,0010831 seconds, Stopping threads took: 0,0009621 seconds
2018-06-19T14:44:23.604+0200: 52,047: Total time for which application threads were stopped: 0,0047724 seconds, Stopping threads took: 0,0046376 seconds
{Heap before GC invocations=13 (full 1):
 par new generation   total 109248K, used 109217K [0x00000000e0000000, 0x00000000e8000000, 0x00000000e8000000)
  eden space 87424K,  99% used [0x00000000e0000000, 0x00000000e55586b8, 0x00000000e5560000)
  from space 21824K, 100% used [0x00000000e6ab0000, 0x00000000e8000000, 0x00000000e8000000)
  to   space 21824K,   0% used [0x00000000e5560000, 0x00000000e5560000, 0x00000000e6ab0000)
 concurrent mark-sweep generation total 393216K, used 15387K [0x00000000e8000000, 0x0000000100000000, 0x0000000100000000)
 Metaspace       used 31803K, capacity 32584K, committed 32764K, reserved 1079296K
  class space    used 3597K, capacity 3824K, committed 3836K, reserved 1048576K
2018-06-19T14:44:23.620+0200: 52,062: [GC (Allocation Failure) 2018-06-19T14:44:23.620+0200: 52,063: [ParNew
Desired survivor size 20112992 bytes, new threshold 8 (max 8)
- age   1:    1372208 bytes,    1372208 total
- age   2:     875808 bytes,    2248016 total
- age   3:    3003032 bytes,    5251048 total
- age   4:     441256 bytes,    5692304 total
- age   5:    4073120 bytes,    9765424 total
- age   6:      93328 bytes,    9858752 total
- age   7:     199344 bytes,   10058096 total
- age   8:    9277360 bytes,   19335456 total
: 109217K->21824K(109248K), 0,0727691 secs] 124604K->38314K(502464K), 0,0739358 secs] [Times: user=0,11 sys=0,00, real=0,08 secs] 
Heap after GC invocations=14 (full 1):
 par new generation   total 109248K, used 21824K [0x00000000e0000000, 0x00000000e8000000, 0x00000000e8000000)
  eden space 87424K,   0% used [0x00000000e0000000, 0x00000000e0000000, 0x00000000e5560000)
  from space 21824K, 100% used [0x00000000e5560000, 0x00000000e6ab0000, 0x00000000e6ab0000)
  to   space 21824K,   0% used [0x00000000e6ab0000, 0x00000000e6ab0000, 0x00000000e8000000)
 concurrent mark-sweep generation total 393216K, used 16490K [0x00000000e8000000, 0x0000000100000000, 0x0000000100000000)
 Metaspace       used 31803K, capacity 32584K, committed 32764K, reserved 1079296K
  class space    used 3597K, capacity 3824K, committed 3836K, reserved 1048576K
}
2018-06-19T14:44:23.694+0200: 52,136: Total time for which application threads were stopped: 0,0804241 seconds, Stopping threads took: 0,0061932 seconds
2018-06-19T14:44:23.816+0200: 52,258: Total time for which application threads were stopped: 0,0062102 seconds, Stopping threads took: 0,0060571 seconds
{Heap before GC invocations=14 (full 1):
 par new generation   total 109248K, used 109241K [0x00000000e0000000, 0x00000000e8000000, 0x00000000e8000000)
  eden space 87424K,  99% used [0x00000000e0000000, 0x00000000e555e5b8, 0x00000000e5560000)
  from space 21824K, 100% used [0x00000000e5560000, 0x00000000e6ab0000, 0x00000000e6ab0000)
  to   space 21824K,   0% used [0x00000000e6ab0000, 0x00000000e6ab0000, 0x00000000e8000000)
 concurrent mark-sweep generation total 393216K, used 16490K [0x00000000e8000000, 0x0000000100000000, 0x0000000100000000)
 Metaspace       used 31846K, capacity 32584K, committed 32764K, reserved 1079296K
  class space    used 3601K, capacity 3824K, committed 3836K, reserved 1048576K
2018-06-19T14:44:24.029+0200: 52,471: [GC (Allocation Failure) 2018-06-19T14:44:24.029+0200: 52,471: [ParNew
Desired survivor size 20112992 bytes, new threshold 8 (max 8)
- age   1:    1467888 bytes,    1467888 total
- age   2:    1056056 bytes,    2523944 total
- age   3:     413560 bytes,    2937504 total
- age   4:    2468512 bytes,    5406016 total
- age   5:     441256 bytes,    5847272 total
- age   6:    4072904 bytes,    9920176 total
- age   7:      93328 bytes,   10013504 total
- age   8:     199344 bytes,   10212848 total
: 109241K->18638K(109248K), 0,0385661 secs] 125732K->44797K(502464K), 0,0388884 secs] [Times: user=0,11 sys=0,01, real=0,04 secs] 
Heap after GC invocations=15 (full 1):
 par new generation   total 109248K, used 18638K [0x00000000e0000000, 0x00000000e8000000, 0x00000000e8000000)
  eden space 87424K,   0% used [0x00000000e0000000, 0x00000000e0000000, 0x00000000e5560000)
  from space 21824K,  85% used [0x00000000e6ab0000, 0x00000000e7ce3b80, 0x00000000e8000000)
  to   space 21824K,   0% used [0x00000000e5560000, 0x00000000e5560000, 0x00000000e6ab0000)
 concurrent mark-sweep generation total 393216K, used 26159K [0x00000000e8000000, 0x0000000100000000, 0x0000000100000000)
 Metaspace       used 31846K, capacity 32584K, committed 32764K, reserved 1079296K
  class space    used 3601K, capacity 3824K, committed 3836K, reserved 1048576K
}
2018-06-19T14:44:24.068+0200: 52,510: Total time for which application threads were stopped: 0,0391963 seconds, Stopping threads took: 0,0000328 seconds
{Heap before GC invocations=15 (full 1):
 par new generation   total 109248K, used 106062K [0x00000000e0000000, 0x00000000e8000000, 0x00000000e8000000)
  eden space 87424K, 100% used [0x00000000e0000000, 0x00000000e5560000, 0x00000000e5560000)
  from space 21824K,  85% used [0x00000000e6ab0000, 0x00000000e7ce3b80, 0x00000000e8000000)
  to   space 21824K,   0% used [0x00000000e5560000, 0x00000000e5560000, 0x00000000e6ab0000)
 concurrent mark-sweep generation total 393216K, used 26159K [0x00000000e8000000, 0x0000000100000000, 0x0000000100000000)
 Metaspace       used 31847K, capacity 32584K, committed 32764K, reserved 1079296K
  class space    used 3601K, capacity 3824K, committed 3836K, reserved 1048576K
2018-06-19T14:44:24.190+0200: 52,633: [GC (Allocation Failure) 2018-06-19T14:44:24.190+0200: 52,633: [ParNew
Desired survivor size 20112992 bytes, new threshold 8 (max 8)
- age   1:    1472752 bytes,    1472752 total
- age   2:    1072368 bytes,    2545120 total
- age   3:    1045008 bytes,    3590128 total
- age   4:     413560 bytes,    4003688 total
- age   5:    2440648 bytes,    6444336 total
- age   6:     441256 bytes,    6885592 total
- age   7:    4072768 bytes,   10958360 total
- age   8:      93328 bytes,   11051688 total
: 106062K->13059K(109248K), 0,0231408 secs] 132221K->39416K(502464K), 0,0232272 secs] [Times: user=0,07 sys=0,00, real=0,03 secs] 
Heap after GC invocations=16 (full 1):
 par new generation   total 109248K, used 13059K [0x00000000e0000000, 0x00000000e8000000, 0x00000000e8000000)
  eden space 87424K,   0% used [0x00000000e0000000, 0x00000000e0000000, 0x00000000e5560000)
  from space 21824K,  59% used [0x00000000e5560000, 0x00000000e6220e00, 0x00000000e6ab0000)
  to   space 21824K,   0% used [0x00000000e6ab0000, 0x00000000e6ab0000, 0x00000000e8000000)
 concurrent mark-sweep generation total 393216K, used 26357K [0x00000000e8000000, 0x0000000100000000, 0x0000000100000000)
 Metaspace       used 31847K, capacity 32584K, committed 32764K, reserved 1079296K
  class space    used 3601K, capacity 3824K, committed 3836K, reserved 1048576K
}
2018-06-19T14:44:24.213+0200: 52,656: Total time for which application threads were stopped: 0,0234833 seconds, Stopping threads took: 0,0000426 seconds
2018-06-19T14:44:24.255+0200: 52,698: Total time for which application threads were stopped: 0,0053698 seconds, Stopping threads took: 0,0045201 seconds
2018-06-19T14:44:24.264+0200: 52,707: Total time for which application threads were stopped: 0,0002023 seconds, Stopping threads took: 0,0000660 seconds
2018-06-19T14:44:24.265+0200: 52,708: Total time for which application threads were stopped: 0,0006991 seconds, Stopping threads took: 0,0005969 seconds
2018-06-19T14:44:24.371+0200: 52,814: Total time for which application threads were stopped: 0,0041285 seconds, Stopping threads took: 0,0040004 seconds
2018-06-19T14:44:24.377+0200: 52,819: Total time for which application threads were stopped: 0,0001800 seconds, Stopping threads took: 0,0000358 seconds
2018-06-19T14:44:24.380+0200: 52,822: Total time for which application threads were stopped: 0,0001917 seconds, Stopping threads took: 0,0000580 seconds
{Heap before GC invocations=16 (full 1):
 par new generation   total 109248K, used 100483K [0x00000000e0000000, 0x00000000e8000000, 0x00000000e8000000)
  eden space 87424K, 100% used [0x00000000e0000000, 0x00000000e5560000, 0x00000000e5560000)
  from space 21824K,  59% used [0x00000000e5560000, 0x00000000e6220e00, 0x00000000e6ab0000)
  to   space 21824K,   0% used [0x00000000e6ab0000, 0x00000000e6ab0000, 0x00000000e8000000)
 concurrent mark-sweep generation total 393216K, used 26357K [0x00000000e8000000, 0x0000000100000000, 0x0000000100000000)
 Metaspace       used 31909K, capacity 32648K, committed 32764K, reserved 1079296K
  class space    used 3601K, capacity 3824K, committed 3836K, reserved 1048576K
2018-06-19T14:44:24.502+0200: 52,945: [GC (Allocation Failure) 2018-06-19T14:44:24.502+0200: 52,945: [ParNew
Desired survivor size 20112992 bytes, new threshold 8 (max 8)
- age   1:    1609408 bytes,    1609408 total
- age   2:     846664 bytes,    2456072 total
- age   3:     580720 bytes,    3036792 total
- age   4:     731352 bytes,    3768144 total
- age   5:     413528 bytes,    4181672 total
- age   6:    2417184 bytes,    6598856 total
- age   7:     441256 bytes,    7040112 total
- age   8:    4072768 bytes,   11112880 total
: 100483K->17022K(109248K), 0,0215114 secs] 126840K->43472K(502464K), 0,0216132 secs] [Times: user=0,05 sys=0,00, real=0,03 secs] 
Heap after GC invocations=17 (full 1):
 par new generation   total 109248K, used 17022K [0x00000000e0000000, 0x00000000e8000000, 0x00000000e8000000)
  eden space 87424K,   0% used [0x00000000e0000000, 0x00000000e0000000, 0x00000000e5560000)
  from space 21824K,  77% used [0x00000000e6ab0000, 0x00000000e7b4f8c8, 0x00000000e8000000)
  to   space 21824K,   0% used [0x00000000e5560000, 0x00000000e5560000, 0x00000000e6ab0000)
 concurrent mark-sweep generation total 393216K, used 26450K [0x00000000e8000000, 0x0000000100000000, 0x0000000100000000)
 Metaspace       used 31909K, capacity 32648K, committed 32764K, reserved 1079296K
  class space    used 3601K, capacity 3824K, committed 3836K, reserved 1048576K
}
2018-06-19T14:44:24.524+0200: 52,966: Total time for which application threads were stopped: 0,0218987 seconds, Stopping threads took: 0,0000460 seconds
{Heap before GC invocations=17 (full 1):
 par new generation   total 109248K, used 104446K [0x00000000e0000000, 0x00000000e8000000, 0x00000000e8000000)
  eden space 87424K, 100% used [0x00000000e0000000, 0x00000000e5560000, 0x00000000e5560000)
  from space 21824K,  77% used [0x00000000e6ab0000, 0x00000000e7b4f8c8, 0x00000000e8000000)
  to   space 21824K,   0% used [0x00000000e5560000, 0x00000000e5560000, 0x00000000e6ab0000)
 concurrent mark-sweep generation total 393216K, used 26450K [0x00000000e8000000, 0x0000000100000000, 0x0000000100000000)
 Metaspace       used 31916K, capacity 32648K, committed 32764K, reserved 1079296K
  class space    used 3601K, capacity 3824K, committed 3836K, reserved 1048576K
2018-06-19T14:44:24.748+0200: 53,191: [GC (Allocation Failure) 2018-06-19T14:44:24.748+0200: 53,191: [ParNew
Desired survivor size 20112992 bytes, new threshold 8 (max 8)
- age   1:    1427568 bytes,    1427568 total
- age   2:    1356504 bytes,    2784072 total
- age   3:     846640 bytes,    3630712 total
- age   4:     579904 bytes,    4210616 total
- age   5:     731352 bytes,    4941968 total
- age   6:     413528 bytes,    5355496 total
- age   7:    2391464 bytes,    7746960 total
- age   8:     441256 bytes,    8188216 total
: 104446K->11575K(109248K), 0,0826066 secs] 130896K->42335K(502464K), 0,0827217 secs] [Times: user=0,12 sys=0,00, real=0,09 secs] 
Heap after GC invocations=18 (full 1):
 par new generation   total 109248K, used 11575K [0x00000000e0000000, 0x00000000e8000000, 0x00000000e8000000)
  eden space 87424K,   0% used [0x00000000e0000000, 0x00000000e0000000, 0x00000000e5560000)
  from space 21824K,  53% used [0x00000000e5560000, 0x00000000e60adf98, 0x00000000e6ab0000)
  to   space 21824K,   0% used [0x00000000e6ab0000, 0x00000000e6ab0000, 0x00000000e8000000)
 concurrent mark-sweep generation total 393216K, used 30760K [0x00000000e8000000, 0x0000000100000000, 0x0000000100000000)
 Metaspace       used 31916K, capacity 32648K, committed 32764K, reserved 1079296K
  class space    used 3601K, capacity 3824K, committed 3836K, reserved 1048576K
}
2018-06-19T14:44:24.831+0200: 53,274: Total time for which application threads were stopped: 0,0830632 seconds, Stopping threads took: 0,0000554 seconds
{Heap before GC invocations=18 (full 1):
 par new generation   total 109248K, used 98999K [0x00000000e0000000, 0x00000000e8000000, 0x00000000e8000000)
  eden space 87424K, 100% used [0x00000000e0000000, 0x00000000e5560000, 0x00000000e5560000)
  from space 21824K,  53% used [0x00000000e5560000, 0x00000000e60adf98, 0x00000000e6ab0000)
  to   space 21824K,   0% used [0x00000000e6ab0000, 0x00000000e6ab0000, 0x00000000e8000000)
 concurrent mark-sweep generation total 393216K, used 30760K [0x00000000e8000000, 0x0000000100000000, 0x0000000100000000)
 Metaspace       used 31924K, capacity 32648K, committed 32764K, reserved 1079296K
  class space    used 3601K, capacity 3824K, committed 3836K, reserved 1048576K
2018-06-19T14:44:25.045+0200: 53,487: [GC (Allocation Failure) 2018-06-19T14:44:25.045+0200: 53,487: [ParNew
Desired survivor size 20112992 bytes, new threshold 8 (max 8)
- age   1:    1462272 bytes,    1462272 total
- age   2:    1068624 bytes,    2530896 total
- age   3:    1356480 bytes,    3887376 total
- age   4:     846640 bytes,    4734016 total
- age   5:     579904 bytes,    5313920 total
- age   6:     731352 bytes,    6045272 total
- age   7:     413480 bytes,    6458752 total
- age   8:    2366080 bytes,    8824832 total
: 98999K->11783K(109248K), 0,0331352 secs] 129759K->42976K(502464K), 0,0332919 secs] [Times: user=0,07 sys=0,00, real=0,03 secs] 
Heap after GC invocations=19 (full 1):
 par new generation   total 109248K, used 11783K [0x00000000e0000000, 0x00000000e8000000, 0x00000000e8000000)
  eden space 87424K,   0% used [0x00000000e0000000, 0x00000000e0000000, 0x00000000e5560000)
  from space 21824K,  53% used [0x00000000e6ab0000, 0x00000000e7631cf0, 0x00000000e8000000)
  to   space 21824K,   0% used [0x00000000e5560000, 0x00000000e5560000, 0x00000000e6ab0000)
 concurrent mark-sweep generation total 393216K, used 31193K [0x00000000e8000000, 0x0000000100000000, 0x0000000100000000)
 Metaspace       used 31924K, capacity 32648K, committed 32764K, reserved 1079296K
  class space    used 3601K, capacity 3824K, committed 3836K, reserved 1048576K
}
2018-06-19T14:44:25.078+0200: 53,521: Total time for which application threads were stopped: 0,0336480 seconds, Stopping threads took: 0,0000461 seconds
2018-06-19T14:44:25.303+0200: 53,746: Total time for which application threads were stopped: 0,0001943 seconds, Stopping threads took: 0,0000425 seconds
{Heap before GC invocations=19 (full 1):
 par new generation   total 109248K, used 99207K [0x00000000e0000000, 0x00000000e8000000, 0x00000000e8000000)
  eden space 87424K, 100% used [0x00000000e0000000, 0x00000000e5560000, 0x00000000e5560000)
  from space 21824K,  53% used [0x00000000e6ab0000, 0x00000000e7631cf0, 0x00000000e8000000)
  to   space 21824K,   0% used [0x00000000e5560000, 0x00000000e5560000, 0x00000000e6ab0000)
 concurrent mark-sweep generation total 393216K, used 31193K [0x00000000e8000000, 0x0000000100000000, 0x0000000100000000)
 Metaspace       used 31941K, capacity 32648K, committed 32764K, reserved 1079296K
  class space    used 3601K, capacity 3824K, committed 3836K, reserved 1048576K
2018-06-19T14:44:25.311+0200: 53,754: [GC (Allocation Failure) 2018-06-19T14:44:25.311+0200: 53,754: [ParNew
Desired survivor size 20112992 bytes, new threshold 8 (max 8)
- age   1:    2146304 bytes,    2146304 total
- age   2:     982016 bytes,    3128320 total
- age   3:     847704 bytes,    3976024 total
- age   4:    1306688 bytes,    5282712 total
- age   5:     846584 bytes,    6129296 total
- age   6:     579872 bytes,    6709168 total
- age   7:     731352 bytes,    7440520 total
- age   8:     413200 bytes,    7853720 total
: 99207K->11833K(109248K), 0,0311600 secs] 130400K->45408K(502464K), 0,0312831 secs] [Times: user=0,09 sys=0,00, real=0,02 secs] 
Heap after GC invocations=20 (full 1):
 par new generation   total 109248K, used 11833K [0x00000000e0000000, 0x00000000e8000000, 0x00000000e8000000)
  eden space 87424K,   0% used [0x00000000e0000000, 0x00000000e0000000, 0x00000000e5560000)
  from space 21824K,  54% used [0x00000000e5560000, 0x00000000e60ee4a8, 0x00000000e6ab0000)
  to   space 21824K,   0% used [0x00000000e6ab0000, 0x00000000e6ab0000, 0x00000000e8000000)
 concurrent mark-sweep generation total 393216K, used 33575K [0x00000000e8000000, 0x0000000100000000, 0x0000000100000000)
 Metaspace       used 31941K, capacity 32648K, committed 32764K, reserved 1079296K
  class space    used 3601K, capacity 3824K, committed 3836K, reserved 1048576K
}
2018-06-19T14:44:25.343+0200: 53,785: Total time for which application threads were stopped: 0,0316285 seconds, Stopping threads took: 0,0000747 seconds
2018-06-19T14:44:25.346+0200: 53,789: Total time for which application threads were stopped: 0,0002306 seconds, Stopping threads took: 0,0000954 seconds
2018-06-19T14:44:25.346+0200: 53,789: Total time for which application threads were stopped: 0,0001261 seconds, Stopping threads took: 0,0000460 seconds
2018-06-19T14:44:25.451+0200: 53,894: Total time for which application threads were stopped: 0,0042009 seconds, Stopping threads took: 0,0040778 seconds
2018-06-19T14:44:25.452+0200: 53,895: Total time for which application threads were stopped: 0,0001697 seconds, Stopping threads took: 0,0000864 seconds
2018-06-19T14:44:25.461+0200: 53,903: Total time for which application threads were stopped: 0,0017303 seconds, Stopping threads took: 0,0016239 seconds
{Heap before GC invocations=20 (full 1):
 par new generation   total 109248K, used 99257K [0x00000000e0000000, 0x00000000e8000000, 0x00000000e8000000)
  eden space 87424K, 100% used [0x00000000e0000000, 0x00000000e5560000, 0x00000000e5560000)
  from space 21824K,  54% used [0x00000000e5560000, 0x00000000e60ee4a8, 0x00000000e6ab0000)
  to   space 21824K,   0% used [0x00000000e6ab0000, 0x00000000e6ab0000, 0x00000000e8000000)
 concurrent mark-sweep generation total 393216K, used 33575K [0x00000000e8000000, 0x0000000100000000, 0x0000000100000000)
 Metaspace       used 31950K, capacity 32648K, committed 32764K, reserved 1079296K
  class space    used 3601K, capacity 3824K, committed 3836K, reserved 1048576K
2018-06-19T14:44:25.477+0200: 53,920: [GC (Allocation Failure) 2018-06-19T14:44:25.477+0200: 53,920: [ParNew
Desired survivor size 20112992 bytes, new threshold 8 (max 8)
- age   1:    1258936 bytes,    1258936 total
- age   2:    2003336 bytes,    3262272 total
- age   3:     982016 bytes,    4244288 total
- age   4:     847704 bytes,    5091992 total
- age   5:    1234992 bytes,    6326984 total
- age   6:     846584 bytes,    7173568 total
- age   7:     579872 bytes,    7753440 total
- age   8:     731304 bytes,    8484744 total
: 99257K->10476K(109248K), 0,0148884 secs] 132832K->44454K(502464K), 0,0150565 secs] [Times: user=0,04 sys=0,00, real=0,02 secs] 
Heap after GC invocations=21 (full 1):
 par new generation   total 109248K, used 10476K [0x00000000e0000000, 0x00000000e8000000, 0x00000000e8000000)
  eden space 87424K,   0% used [0x00000000e0000000, 0x00000000e0000000, 0x00000000e5560000)
  from space 21824K,  48% used [0x00000000e6ab0000, 0x00000000e74eb030, 0x00000000e8000000)
  to   space 21824K,   0% used [0x00000000e5560000, 0x00000000e5560000, 0x00000000e6ab0000)
 concurrent mark-sweep generation total 393216K, used 33978K [0x00000000e8000000, 0x0000000100000000, 0x0000000100000000)
 Metaspace       used 31950K, capacity 32648K, committed 32764K, reserved 1079296K
  class space    used 3601K, capacity 3824K, committed 3836K, reserved 1048576K
}
2018-06-19T14:44:25.492+0200: 53,935: Total time for which application threads were stopped: 0,0154643 seconds, Stopping threads took: 0,0001236 seconds
{Heap before GC invocations=21 (full 1):
 par new generation   total 109248K, used 97871K [0x00000000e0000000, 0x00000000e8000000, 0x00000000e8000000)
  eden space 87424K,  99% used [0x00000000e0000000, 0x00000000e5558cc8, 0x00000000e5560000)
  from space 21824K,  48% used [0x00000000e6ab0000, 0x00000000e74eb030, 0x00000000e8000000)
  to   space 21824K,   0% used [0x00000000e5560000, 0x00000000e5560000, 0x00000000e6ab0000)
 concurrent mark-sweep generation total 393216K, used 33978K [0x00000000e8000000, 0x0000000100000000, 0x0000000100000000)
 Metaspace       used 31966K, capacity 32776K, committed 33020K, reserved 1079296K
  class space    used 3601K, capacity 3824K, committed 3836K, reserved 1048576K
2018-06-19T14:44:25.708+0200: 54,150: [GC (Allocation Failure) 2018-06-19T14:44:25.708+0200: 54,151: [ParNew
Desired survivor size 20112992 bytes, new threshold 8 (max 8)
- age   1:    1771248 bytes,    1771248 total
- age   2:     857776 bytes,    2629024 total
- age   3:     561440 bytes,    3190464 total
- age   4:     102920 bytes,    3293384 total
- age   5:     126016 bytes,    3419400 total
- age   6:     498992 bytes,    3918392 total
- age   7:     846584 bytes,    4764976 total
- age   8:     579744 bytes,    5344720 total
: 97871K->6962K(109248K), 0,0279041 secs] 131849K->41655K(502464K), 0,0281689 secs] [Times: user=0,09 sys=0,00, real=0,03 secs] 
Heap after GC invocations=22 (full 1):
 par new generation   total 109248K, used 6962K [0x00000000e0000000, 0x00000000e8000000, 0x00000000e8000000)
  eden space 87424K,   0% used [0x00000000e0000000, 0x00000000e0000000, 0x00000000e5560000)
  from space 21824K,  31% used [0x00000000e5560000, 0x00000000e5c2cae0, 0x00000000e6ab0000)
  to   space 21824K,   0% used [0x00000000e6ab0000, 0x00000000e6ab0000, 0x00000000e8000000)
 concurrent mark-sweep generation total 393216K, used 34692K [0x00000000e8000000, 0x0000000100000000, 0x0000000100000000)
 Metaspace       used 31966K, capacity 32776K, committed 33020K, reserved 1079296K
  class space    used 3601K, capacity 3824K, committed 3836K, reserved 1048576K
}
2018-06-19T14:44:25.736+0200: 54,179: Total time for which application threads were stopped: 0,0288997 seconds, Stopping threads took: 0,0000866 seconds
{Heap before GC invocations=22 (full 1):
 par new generation   total 109248K, used 94386K [0x00000000e0000000, 0x00000000e8000000, 0x00000000e8000000)
  eden space 87424K, 100% used [0x00000000e0000000, 0x00000000e5560000, 0x00000000e5560000)
  from space 21824K,  31% used [0x00000000e5560000, 0x00000000e5c2cae0, 0x00000000e6ab0000)
  to   space 21824K,   0% used [0x00000000e6ab0000, 0x00000000e6ab0000, 0x00000000e8000000)
 concurrent mark-sweep generation total 393216K, used 34692K [0x00000000e8000000, 0x0000000100000000, 0x0000000100000000)
 Metaspace       used 31983K, capacity 32840K, committed 33020K, reserved 1079296K
  class space    used 3601K, capacity 3824K, committed 3836K, reserved 1048576K
2018-06-19T14:44:25.912+0200: 54,355: [GC (Allocation Failure) 2018-06-19T14:44:25.912+0200: 54,355: [ParNew
Desired survivor size 20112992 bytes, new threshold 8 (max 8)
- age   1:    1456528 bytes,    1456528 total
- age   2:    1348952 bytes,    2805480 total
- age   3:     857752 bytes,    3663232 total
- age   4:     561440 bytes,    4224672 total
- age   5:     102920 bytes,    4327592 total
- age   6:     126016 bytes,    4453608 total
- age   7:     498176 bytes,    4951784 total
- age   8:     846536 bytes,    5798320 total
: 94386K->6471K(109248K), 0,0250386 secs] 129079K->41731K(502464K), 0,0251383 secs] [Times: user=0,07 sys=0,00, real=0,02 secs] 
Heap after GC invocations=23 (full 1):
 par new generation   total 109248K, used 6471K [0x00000000e0000000, 0x00000000e8000000, 0x00000000e8000000)
  eden space 87424K,   0% used [0x00000000e0000000, 0x00000000e0000000, 0x00000000e5560000)
  from space 21824K,  29% used [0x00000000e6ab0000, 0x00000000e7101dc8, 0x00000000e8000000)
  to   space 21824K,   0% used [0x00000000e5560000, 0x00000000e5560000, 0x00000000e6ab0000)
 concurrent mark-sweep generation total 393216K, used 35260K [0x00000000e8000000, 0x0000000100000000, 0x0000000100000000)
 Metaspace       used 31983K, capacity 32840K, committed 33020K, reserved 1079296K
  class space    used 3601K, capacity 3824K, committed 3836K, reserved 1048576K
}
2018-06-19T14:44:25.937+0200: 54,380: Total time for which application threads were stopped: 0,0254126 seconds, Stopping threads took: 0,0000635 seconds
{Heap before GC invocations=23 (full 1):
 par new generation   total 109248K, used 93895K [0x00000000e0000000, 0x00000000e8000000, 0x00000000e8000000)
  eden space 87424K, 100% used [0x00000000e0000000, 0x00000000e5560000, 0x00000000e5560000)
  from space 21824K,  29% used [0x00000000e6ab0000, 0x00000000e7101dc8, 0x00000000e8000000)
  to   space 21824K,   0% used [0x00000000e5560000, 0x00000000e5560000, 0x00000000e6ab0000)
 concurrent mark-sweep generation total 393216K, used 35260K [0x00000000e8000000, 0x0000000100000000, 0x0000000100000000)
 Metaspace       used 32020K, capacity 32840K, committed 33020K, reserved 1079296K
  class space    used 3601K, capacity 3824K, committed 3836K, reserved 1048576K
2018-06-19T14:44:26.064+0200: 54,507: [GC (Allocation Failure) 2018-06-19T14:44:26.064+0200: 54,507: [ParNew
Desired survivor size 20112992 bytes, new threshold 8 (max 8)
- age   1:    1801384 bytes,    1801384 total
- age   2:     987768 bytes,    2789152 total
- age   3:    1185008 bytes,    3974160 total
- age   4:     857752 bytes,    4831912 total
- age   5:     561440 bytes,    5393352 total
- age   6:     102920 bytes,    5496272 total
- age   7:     126016 bytes,    5622288 total
- age   8:     498128 bytes,    6120416 total
: 93895K->9049K(109248K), 0,0309221 secs] 129155K->45137K(502464K), 0,0310306 secs] [Times: user=0,09 sys=0,00, real=0,03 secs] 
Heap after GC invocations=24 (full 1):
 par new generation   total 109248K, used 9049K [0x00000000e0000000, 0x00000000e8000000, 0x00000000e8000000)
  eden space 87424K,   0% used [0x00000000e0000000, 0x00000000e0000000, 0x00000000e5560000)
  from space 21824K,  41% used [0x00000000e5560000, 0x00000000e5e36768, 0x00000000e6ab0000)
  to   space 21824K,   0% used [0x00000000e6ab0000, 0x00000000e6ab0000, 0x00000000e8000000)
 concurrent mark-sweep generation total 393216K, used 36087K [0x00000000e8000000, 0x0000000100000000, 0x0000000100000000)
 Metaspace       used 32020K, capacity 32840K, committed 33020K, reserved 1079296K
  class space    used 3601K, capacity 3824K, committed 3836K, reserved 1048576K
}
2018-06-19T14:44:26.095+0200: 54,538: Total time for which application threads were stopped: 0,0312698 seconds, Stopping threads took: 0,0000311 seconds
{Heap before GC invocations=24 (full 1):
 par new generation   total 109248K, used 96455K [0x00000000e0000000, 0x00000000e8000000, 0x00000000e8000000)
  eden space 87424K,  99% used [0x00000000e0000000, 0x00000000e555b538, 0x00000000e5560000)
  from space 21824K,  41% used [0x00000000e5560000, 0x00000000e5e36768, 0x00000000e6ab0000)
  to   space 21824K,   0% used [0x00000000e6ab0000, 0x00000000e6ab0000, 0x00000000e8000000)
 concurrent mark-sweep generation total 393216K, used 36087K [0x00000000e8000000, 0x0000000100000000, 0x0000000100000000)
 Metaspace       used 32031K, capacity 32846K, committed 33020K, reserved 1079296K
  class space    used 3602K, capacity 3825K, committed 3836K, reserved 1048576K
2018-06-19T14:44:26.230+0200: 54,672: [GC (Allocation Failure) 2018-06-19T14:44:26.230+0200: 54,673: [ParNew
Desired survivor size 20112992 bytes, new threshold 8 (max 8)
- age   1:    1893584 bytes,    1893584 total
- age   2:    1218784 bytes,    3112368 total
- age   3:     987744 bytes,    4100112 total
- age   4:    1184704 bytes,    5284816 total
- age   5:     857728 bytes,    6142544 total
- age   6:     561176 bytes,    6703720 total
- age   7:     102920 bytes,    6806640 total
- age   8:     125968 bytes,    6932608 total
: 96455K->7664K(109248K), 0,0323313 secs] 132542K->44238K(502464K), 0,0326660 secs] [Times: user=0,09 sys=0,00, real=0,03 secs] 
Heap after GC invocations=25 (full 1):
 par new generation   total 109248K, used 7664K [0x00000000e0000000, 0x00000000e8000000, 0x00000000e8000000)
  eden space 87424K,   0% used [0x00000000e0000000, 0x00000000e0000000, 0x00000000e5560000)
  from space 21824K,  35% used [0x00000000e6ab0000, 0x00000000e722c208, 0x00000000e8000000)
  to   space 21824K,   0% used [0x00000000e5560000, 0x00000000e5560000, 0x00000000e6ab0000)
 concurrent mark-sweep generation total 393216K, used 36574K [0x00000000e8000000, 0x0000000100000000, 0x0000000100000000)
 Metaspace       used 32031K, capacity 32846K, committed 33020K, reserved 1079296K
  class space    used 3602K, capacity 3825K, committed 3836K, reserved 1048576K
}
2018-06-19T14:44:26.262+0200: 54,705: Total time for which application threads were stopped: 0,0357211 seconds, Stopping threads took: 0,0022469 seconds
2018-06-19T14:44:26.283+0200: 54,726: Total time for which application threads were stopped: 0,0043947 seconds, Stopping threads took: 0,0042615 seconds
2018-06-19T14:44:26.289+0200: 54,732: Total time for which application threads were stopped: 0,0001808 seconds, Stopping threads took: 0,0000370 seconds
2018-06-19T14:44:26.290+0200: 54,733: Total time for which application threads were stopped: 0,0002361 seconds, Stopping threads took: 0,0001563 seconds
2018-06-19T14:44:26.348+0200: 54,791: Total time for which application threads were stopped: 0,0001611 seconds, Stopping threads took: 0,0000592 seconds
2018-06-19T14:44:26.352+0200: 54,795: Total time for which application threads were stopped: 0,0001538 seconds, Stopping threads took: 0,0000477 seconds
2018-06-19T14:44:26.354+0200: 54,796: Total time for which application threads were stopped: 0,0001583 seconds, Stopping threads took: 0,0000601 seconds
{Heap before GC invocations=25 (full 1):
 par new generation   total 109248K, used 95088K [0x00000000e0000000, 0x00000000e8000000, 0x00000000e8000000)
  eden space 87424K, 100% used [0x00000000e0000000, 0x00000000e5560000, 0x00000000e5560000)
  from space 21824K,  35% used [0x00000000e6ab0000, 0x00000000e722c208, 0x00000000e8000000)
  to   space 21824K,   0% used [0x00000000e5560000, 0x00000000e5560000, 0x00000000e6ab0000)
 concurrent mark-sweep generation total 393216K, used 36574K [0x00000000e8000000, 0x0000000100000000, 0x0000000100000000)
 Metaspace       used 32039K, capacity 32846K, committed 33020K, reserved 1079296K
  class space    used 3602K, capacity 3825K, committed 3836K, reserved 1048576K
2018-06-19T14:44:26.495+0200: 54,938: [GC (Allocation Failure) 2018-06-19T14:44:26.495+0200: 54,938: [ParNew
Desired survivor size 20112992 bytes, new threshold 8 (max 8)
- age   1:    1554768 bytes,    1554768 total
- age   2:    1675704 bytes,    3230472 total
- age   3:    1162024 bytes,    4392496 total
- age   4:     930912 bytes,    5323408 total
- age   5:    1138384 bytes,    6461792 total
- age   6:     801520 bytes,    7263312 total
- age   7:     473456 bytes,    7736768 total
- age   8:     102872 bytes,    7839640 total
: 95088K->8661K(109248K), 0,0269756 secs] 131662K->45358K(502464K), 0,0270603 secs] [Times: user=0,06 sys=0,01, real=0,02 secs] 
Heap after GC invocations=26 (full 1):
 par new generation   total 109248K, used 8661K [0x00000000e0000000, 0x00000000e8000000, 0x00000000e8000000)
  eden space 87424K,   0% used [0x00000000e0000000, 0x00000000e0000000, 0x00000000e5560000)
  from space 21824K,  39% used [0x00000000e5560000, 0x00000000e5dd5670, 0x00000000e6ab0000)
  to   space 21824K,   0% used [0x00000000e6ab0000, 0x00000000e6ab0000, 0x00000000e8000000)
 concurrent mark-sweep generation total 393216K, used 36696K [0x00000000e8000000, 0x0000000100000000, 0x0000000100000000)
 Metaspace       used 32039K, capacity 32846K, committed 33020K, reserved 1079296K
  class space    used 3602K, capacity 3825K, committed 3836K, reserved 1048576K
}
2018-06-19T14:44:26.523+0200: 54,965: Total time for which application threads were stopped: 0,0277020 seconds, Stopping threads took: 0,0004090 seconds
{Heap before GC invocations=26 (full 1):
 par new generation   total 109248K, used 96084K [0x00000000e0000000, 0x00000000e8000000, 0x00000000e8000000)
  eden space 87424K,  99% used [0x00000000e0000000, 0x00000000e555fa90, 0x00000000e5560000)
  from space 21824K,  39% used [0x00000000e5560000, 0x00000000e5dd5670, 0x00000000e6ab0000)
  to   space 21824K,   0% used [0x00000000e6ab0000, 0x00000000e6ab0000, 0x00000000e8000000)
 concurrent mark-sweep generation total 393216K, used 36696K [0x00000000e8000000, 0x0000000100000000, 0x0000000100000000)
 Metaspace       used 32044K, capacity 32846K, committed 33020K, reserved 1079296K
  class space    used 3602K, capacity 3825K, committed 3836K, reserved 1048576K
2018-06-19T14:44:26.659+0200: 55,102: [GC (Allocation Failure) 2018-06-19T14:44:26.659+0200: 55,102: [ParNew
Desired survivor size 20112992 bytes, new threshold 8 (max 8)
- age   1:    1499104 bytes,    1499104 total
- age   2:    1051200 bytes,    2550304 total
- age   3:     318152 bytes,    2868456 total
- age   4:      85152 bytes,    2953608 total
- age   5:      82680 bytes,    3036288 total
- age   6:     489760 bytes,    3526048 total
- age   7:      89416 bytes,    3615464 total
- age   8:     113296 bytes,    3728760 total
: 96084K->7185K(109248K), 0,0232178 secs] 132781K->43982K(502464K), 0,0233330 secs] [Times: user=0,05 sys=0,00, real=0,02 secs] 
Heap after GC invocations=27 (full 1):
 par new generation   total 109248K, used 7185K [0x00000000e0000000, 0x00000000e8000000, 0x00000000e8000000)
  eden space 87424K,   0% used [0x00000000e0000000, 0x00000000e0000000, 0x00000000e5560000)
  from space 21824K,  32% used [0x00000000e6ab0000, 0x00000000e71b4620, 0x00000000e8000000)
  to   space 21824K,   0% used [0x00000000e5560000, 0x00000000e5560000, 0x00000000e6ab0000)
 concurrent mark-sweep generation total 393216K, used 36797K [0x00000000e8000000, 0x0000000100000000, 0x0000000100000000)
 Metaspace       used 32044K, capacity 32846K, committed 33020K, reserved 1079296K
  class space    used 3602K, capacity 3825K, committed 3836K, reserved 1048576K
}
2018-06-19T14:44:26.682+0200: 55,125: Total time for which application threads were stopped: 0,0236363 seconds, Stopping threads took: 0,0000412 seconds
{Heap before GC invocations=27 (full 1):
 par new generation   total 109248K, used 94609K [0x00000000e0000000, 0x00000000e8000000, 0x00000000e8000000)
  eden space 87424K, 100% used [0x00000000e0000000, 0x00000000e5560000, 0x00000000e5560000)
  from space 21824K,  32% used [0x00000000e6ab0000, 0x00000000e71b4620, 0x00000000e8000000)
  to   space 21824K,   0% used [0x00000000e5560000, 0x00000000e5560000, 0x00000000e6ab0000)
 concurrent mark-sweep generation total 393216K, used 36797K [0x00000000e8000000, 0x0000000100000000, 0x0000000100000000)
 Metaspace       used 32045K, capacity 32846K, committed 33020K, reserved 1079296K
  class space    used 3602K, capacity 3825K, committed 3836K, reserved 1048576K
2018-06-19T14:44:26.785+0200: 55,228: [GC (Allocation Failure) 2018-06-19T14:44:26.786+0200: 55,228: [ParNew
Desired survivor size 20112992 bytes, new threshold 8 (max 8)
- age   1:    1411312 bytes,    1411312 total
- age   2:    1088864 bytes,    2500176 total
- age   3:    1050600 bytes,    3550776 total
- age   4:     318128 bytes,    3868904 total
- age   5:      85152 bytes,    3954056 total
- age   6:      82680 bytes,    4036736 total
- age   7:     488944 bytes,    4525680 total
- age   8:      89368 bytes,    4615048 total
: 94609K->6196K(109248K), 0,0063779 secs] 131406K->43104K(502464K), 0,0064691 secs] [Times: user=0,02 sys=0,00, real=0,01 secs] 
Heap after GC invocations=28 (full 1):
 par new generation   total 109248K, used 6196K [0x00000000e0000000, 0x00000000e8000000, 0x00000000e8000000)
  eden space 87424K,   0% used [0x00000000e0000000, 0x00000000e0000000, 0x00000000e5560000)
  from space 21824K,  28% used [0x00000000e5560000, 0x00000000e5b6d1a0, 0x00000000e6ab0000)
  to   space 21824K,   0% used [0x00000000e6ab0000, 0x00000000e6ab0000, 0x00000000e8000000)
 concurrent mark-sweep generation total 393216K, used 36907K [0x00000000e8000000, 0x0000000100000000, 0x0000000100000000)
 Metaspace       used 32045K, capacity 32846K, committed 33020K, reserved 1079296K
  class space    used 3602K, capacity 3825K, committed 3836K, reserved 1048576K
}
2018-06-19T14:44:26.792+0200: 55,235: Total time for which application threads were stopped: 0,0067075 seconds, Stopping threads took: 0,0000324 seconds
{Heap before GC invocations=28 (full 1):
 par new generation   total 109248K, used 93619K [0x00000000e0000000, 0x00000000e8000000, 0x00000000e8000000)
  eden space 87424K,  99% used [0x00000000e0000000, 0x00000000e555fa98, 0x00000000e5560000)
  from space 21824K,  28% used [0x00000000e5560000, 0x00000000e5b6d1a0, 0x00000000e6ab0000)
  to   space 21824K,   0% used [0x00000000e6ab0000, 0x00000000e6ab0000, 0x00000000e8000000)
 concurrent mark-sweep generation total 393216K, used 36907K [0x00000000e8000000, 0x0000000100000000, 0x0000000100000000)
 Metaspace       used 32050K, capacity 32846K, committed 33020K, reserved 1079296K
  class space    used 3602K, capacity 3825K, committed 3836K, reserved 1048576K
2018-06-19T14:44:26.915+0200: 55,357: [GC (Allocation Failure) 2018-06-19T14:44:26.915+0200: 55,358: [ParNew
Desired survivor size 20112992 bytes, new threshold 8 (max 8)
- age   1:    1585104 bytes,    1585104 total
- age   2:     988832 bytes,    2573936 total
- age   3:     991088 bytes,    3565024 total
- age   4:    1051152 bytes,    4616176 total
- age   5:     318152 bytes,    4934328 total
- age   6:      85152 bytes,    5019480 total
- age   7:      82632 bytes,    5102112 total
- age   8:     488664 bytes,    5590776 total
: 93619K->6479K(109248K), 0,0157548 secs] 130526K->43474K(502464K), 0,0162315 secs] [Times: user=0,06 sys=0,00, real=0,02 secs] 
Heap after GC invocations=29 (full 1):
 par new generation   total 109248K, used 6479K [0x00000000e0000000, 0x00000000e8000000, 0x00000000e8000000)
  eden space 87424K,   0% used [0x00000000e0000000, 0x00000000e0000000, 0x00000000e5560000)
  from space 21824K,  29% used [0x00000000e6ab0000, 0x00000000e7103f08, 0x00000000e8000000)
  to   space 21824K,   0% used [0x00000000e5560000, 0x00000000e5560000, 0x00000000e6ab0000)
 concurrent mark-sweep generation total 393216K, used 36994K [0x00000000e8000000, 0x0000000100000000, 0x0000000100000000)
 Metaspace       used 32050K, capacity 32846K, committed 33020K, reserved 1079296K
  class space    used 3602K, capacity 3825K, committed 3836K, reserved 1048576K
}
2018-06-19T14:44:26.931+0200: 55,374: Total time for which application threads were stopped: 0,0173082 seconds, Stopping threads took: 0,0003006 seconds
{Heap before GC invocations=29 (full 1):
 par new generation   total 109248K, used 93903K [0x00000000e0000000, 0x00000000e8000000, 0x00000000e8000000)
  eden space 87424K, 100% used [0x00000000e0000000, 0x00000000e5560000, 0x00000000e5560000)
  from space 21824K,  29% used [0x00000000e6ab0000, 0x00000000e7103f08, 0x00000000e8000000)
  to   space 21824K,   0% used [0x00000000e5560000, 0x00000000e5560000, 0x00000000e6ab0000)
 concurrent mark-sweep generation total 393216K, used 36994K [0x00000000e8000000, 0x0000000100000000, 0x0000000100000000)
 Metaspace       used 32051K, capacity 32846K, committed 33020K, reserved 1079296K
  class space    used 3602K, capacity 3825K, committed 3836K, reserved 1048576K
2018-06-19T14:44:27.034+0200: 55,477: [GC (Allocation Failure) 2018-06-19T14:44:27.034+0200: 55,477: [ParNew
Desired survivor size 20112992 bytes, new threshold 8 (max 8)
- age   1:    1625000 bytes,    1625000 total
- age   2:    1049656 bytes,    2674656 total
- age   3:     922472 bytes,    3597128 total
- age   4:     990488 bytes,    4587616 total
- age   5:    1050600 bytes,    5638216 total
- age   6:     318128 bytes,    5956344 total
- age   7:      85104 bytes,    6041448 total
- age   8:      82400 bytes,    6123848 total
: 93903K->9144K(109248K), 0,0065376 secs] 130898K->46617K(502464K), 0,0066053 secs] [Times: user=0,02 sys=0,00, real=0,00 secs] 
Heap after GC invocations=30 (full 1):
 par new generation   total 109248K, used 9144K [0x00000000e0000000, 0x00000000e8000000, 0x00000000e8000000)
  eden space 87424K,   0% used [0x00000000e0000000, 0x00000000e0000000, 0x00000000e5560000)
  from space 21824K,  41% used [0x00000000e5560000, 0x00000000e5e4e3c0, 0x00000000e6ab0000)
  to   space 21824K,   0% used [0x00000000e6ab0000, 0x00000000e6ab0000, 0x00000000e8000000)
 concurrent mark-sweep generation total 393216K, used 37472K [0x00000000e8000000, 0x0000000100000000, 0x0000000100000000)
 Metaspace       used 32051K, capacity 32846K, committed 33020K, reserved 1079296K
  class space    used 3602K, capacity 3825K, committed 3836K, reserved 1048576K
}
2018-06-19T14:44:27.041+0200: 55,484: Total time for which application threads were stopped: 0,0068204 seconds, Stopping threads took: 0,0000428 seconds
{Heap before GC invocations=30 (full 1):
 par new generation   total 109248K, used 96568K [0x00000000e0000000, 0x00000000e8000000, 0x00000000e8000000)
  eden space 87424K, 100% used [0x00000000e0000000, 0x00000000e5560000, 0x00000000e5560000)
  from space 21824K,  41% used [0x00000000e5560000, 0x00000000e5e4e3c0, 0x00000000e6ab0000)
  to   space 21824K,   0% used [0x00000000e6ab0000, 0x00000000e6ab0000, 0x00000000e8000000)
 concurrent mark-sweep generation total 393216K, used 37472K [0x00000000e8000000, 0x0000000100000000, 0x0000000100000000)
 Metaspace       used 32052K, capacity 32846K, committed 33020K, reserved 1079296K
  class space    used 3602K, capacity 3825K, committed 3836K, reserved 1048576K
2018-06-19T14:44:27.151+0200: 55,594: [GC (Allocation Failure) 2018-06-19T14:44:27.151+0200: 55,594: [ParNew
Desired survivor size 20112992 bytes, new threshold 8 (max 8)
- age   1:    1496208 bytes,    1496208 total
- age   2:    1158824 bytes,    2655032 total
- age   3:    1048152 bytes,    3703184 total
- age   4:     824120 bytes,    4527304 total
- age   5:     990488 bytes,    5517792 total
- age   6:    1050600 bytes,    6568392 total
- age   7:     318024 bytes,    6886416 total
- age   8:      84872 bytes,    6971288 total
: 96568K->7914K(109248K), 0,0076036 secs] 134041K->45467K(502464K), 0,0076881 secs] [Times: user=0,03 sys=0,00, real=0,00 secs] 
Heap after GC invocations=31 (full 1):
 par new generation   total 109248K, used 7914K [0x00000000e0000000, 0x00000000e8000000, 0x00000000e8000000)
  eden space 87424K,   0% used [0x00000000e0000000, 0x00000000e0000000, 0x00000000e5560000)
  from space 21824K,  36% used [0x00000000e6ab0000, 0x00000000e726aa40, 0x00000000e8000000)
  to   space 21824K,   0% used [0x00000000e5560000, 0x00000000e5560000, 0x00000000e6ab0000)
 concurrent mark-sweep generation total 393216K, used 37552K [0x00000000e8000000, 0x0000000100000000, 0x0000000100000000)
 Metaspace       used 32052K, capacity 32846K, committed 33020K, reserved 1079296K
  class space    used 3602K, capacity 3825K, committed 3836K, reserved 1048576K
}
2018-06-19T14:44:27.159+0200: 55,602: Total time for which application threads were stopped: 0,0079382 seconds, Stopping threads took: 0,0000354 seconds
2018-06-19T14:44:27.263+0200: 55,706: Total time for which application threads were stopped: 0,0001681 seconds, Stopping threads took: 0,0000360 seconds
2018-06-19T14:44:27.268+0200: 55,711: Total time for which application threads were stopped: 0,0001388 seconds, Stopping threads took: 0,0000344 seconds
2018-06-19T14:44:27.269+0200: 55,712: Total time for which application threads were stopped: 0,0003092 seconds, Stopping threads took: 0,0000382 seconds
{Heap before GC invocations=31 (full 1):
 par new generation   total 109248K, used 95338K [0x00000000e0000000, 0x00000000e8000000, 0x00000000e8000000)
  eden space 87424K, 100% used [0x00000000e0000000, 0x00000000e5560000, 0x00000000e5560000)
  from space 21824K,  36% used [0x00000000e6ab0000, 0x00000000e726aa40, 0x00000000e8000000)
  to   space 21824K,   0% used [0x00000000e5560000, 0x00000000e5560000, 0x00000000e6ab0000)
 concurrent mark-sweep generation total 393216K, used 37552K [0x00000000e8000000, 0x0000000100000000, 0x0000000100000000)
 Metaspace       used 32066K, capacity 32846K, committed 33020K, reserved 1079296K
  class space    used 3602K, capacity 3825K, committed 3836K, reserved 1048576K
2018-06-19T14:44:27.452+0200: 55,895: [GC (Allocation Failure) 2018-06-19T14:44:27.452+0200: 55,895: [ParNew
Desired survivor size 20112992 bytes, new threshold 8 (max 8)
- age   1:    2242616 bytes,    2242616 total
- age   2:     949856 bytes,    3192472 total
- age   3:     903312 bytes,    4095784 total
- age   4:     991704 bytes,    5087488 total
- age   5:     766904 bytes,    5854392 total
- age   6:     935408 bytes,    6789800 total
- age   7:     993712 bytes,    7783512 total
- age   8:     257608 bytes,    8041120 total
: 95338K->10089K(109248K), 0,0299572 secs] 132891K->47725K(502464K), 0,0300632 secs] [Times: user=0,08 sys=0,00, real=0,02 secs] 
Heap after GC invocations=32 (full 1):
 par new generation   total 109248K, used 10089K [0x00000000e0000000, 0x00000000e8000000, 0x00000000e8000000)
  eden space 87424K,   0% used [0x00000000e0000000, 0x00000000e0000000, 0x00000000e5560000)
  from space 21824K,  46% used [0x00000000e5560000, 0x00000000e5f3a680, 0x00000000e6ab0000)
  to   space 21824K,   0% used [0x00000000e6ab0000, 0x00000000e6ab0000, 0x00000000e8000000)
 concurrent mark-sweep generation total 393216K, used 37635K [0x00000000e8000000, 0x0000000100000000, 0x0000000100000000)
 Metaspace       used 32066K, capacity 32846K, committed 33020K, reserved 1079296K
  class space    used 3602K, capacity 3825K, committed 3836K, reserved 1048576K
}
2018-06-19T14:44:27.482+0200: 55,925: Total time for which application threads were stopped: 0,0303612 seconds, Stopping threads took: 0,0000595 seconds
2018-06-19T14:44:27.548+0200: 55,991: Total time for which application threads were stopped: 0,0001627 seconds, Stopping threads took: 0,0000346 seconds
2018-06-19T14:44:27.557+0200: 56,000: Total time for which application threads were stopped: 0,0002389 seconds, Stopping threads took: 0,0001072 seconds
2018-06-19T14:44:27.559+0200: 56,002: Total time for which application threads were stopped: 0,0001345 seconds, Stopping threads took: 0,0000422 seconds
2018-06-19T14:44:27.560+0200: 56,002: Total time for which application threads were stopped: 0,0000768 seconds, Stopping threads took: 0,0000291 seconds
2018-06-19T14:44:27.560+0200: 56,002: Total time for which application threads were stopped: 0,0000704 seconds, Stopping threads took: 0,0000227 seconds
2018-06-19T14:44:27.560+0200: 56,002: Total time for which application threads were stopped: 0,0000697 seconds, Stopping threads took: 0,0000218 seconds
2018-06-19T14:44:27.561+0200: 56,003: Total time for which application threads were stopped: 0,0001390 seconds, Stopping threads took: 0,0000442 seconds
2018-06-19T14:44:27.561+0200: 56,003: Total time for which application threads were stopped: 0,0000887 seconds, Stopping threads took: 0,0000317 seconds
2018-06-19T14:44:27.561+0200: 56,004: Total time for which application threads were stopped: 0,0000726 seconds, Stopping threads took: 0,0000265 seconds
2018-06-19T14:44:27.561+0200: 56,004: Total time for which application threads were stopped: 0,0000686 seconds, Stopping threads took: 0,0000210 seconds
2018-06-19T14:44:27.561+0200: 56,004: Total time for which application threads were stopped: 0,0000707 seconds, Stopping threads took: 0,0000225 seconds
2018-06-19T14:44:27.563+0200: 56,005: Total time for which application threads were stopped: 0,0001197 seconds, Stopping threads took: 0,0000389 seconds
2018-06-19T14:44:27.563+0200: 56,005: Total time for which application threads were stopped: 0,0000926 seconds, Stopping threads took: 0,0000387 seconds
2018-06-19T14:44:27.563+0200: 56,006: Total time for which application threads were stopped: 0,0000709 seconds, Stopping threads took: 0,0000216 seconds
2018-06-19T14:44:27.563+0200: 56,006: Total time for which application threads were stopped: 0,0000701 seconds, Stopping threads took: 0,0000215 seconds
2018-06-19T14:44:27.563+0200: 56,006: Total time for which application threads were stopped: 0,0000761 seconds, Stopping threads took: 0,0000270 seconds
2018-06-19T14:44:27.563+0200: 56,006: Total time for which application threads were stopped: 0,0000680 seconds, Stopping threads took: 0,0000217 seconds
2018-06-19T14:44:27.563+0200: 56,006: Total time for which application threads were stopped: 0,0000727 seconds, Stopping threads took: 0,0000231 seconds
2018-06-19T14:44:27.563+0200: 56,006: Total time for which application threads were stopped: 0,0000740 seconds, Stopping threads took: 0,0000216 seconds
2018-06-19T14:44:27.564+0200: 56,007: Total time for which application threads were stopped: 0,0002146 seconds, Stopping threads took: 0,0000478 seconds
2018-06-19T14:44:27.564+0200: 56,007: Total time for which application threads were stopped: 0,0000793 seconds, Stopping threads took: 0,0000245 seconds
2018-06-19T14:44:27.564+0200: 56,007: Total time for which application threads were stopped: 0,0001230 seconds, Stopping threads took: 0,0000229 seconds
2018-06-19T14:44:27.564+0200: 56,007: Total time for which application threads were stopped: 0,0000971 seconds, Stopping threads took: 0,0000351 seconds
2018-06-19T14:44:27.565+0200: 56,007: Total time for which application threads were stopped: 0,0000846 seconds, Stopping threads took: 0,0000305 seconds
2018-06-19T14:44:27.565+0200: 56,007: Total time for which application threads were stopped: 0,0000770 seconds, Stopping threads took: 0,0000247 seconds
2018-06-19T14:44:27.565+0200: 56,008: Total time for which application threads were stopped: 0,0003563 seconds, Stopping threads took: 0,0000238 seconds
2018-06-19T14:44:28.224+0200: 56,666: Total time for which application threads were stopped: 0,0001653 seconds, Stopping threads took: 0,0000397 seconds
2018-06-19T14:44:28.227+0200: 56,670: Total time for which application threads were stopped: 0,0001276 seconds, Stopping threads took: 0,0000362 seconds
2018-06-19T14:44:28.228+0200: 56,670: Total time for which application threads were stopped: 0,0000704 seconds, Stopping threads took: 0,0000147 seconds
2018-06-19T14:44:28.228+0200: 56,670: Total time for which application threads were stopped: 0,0000602 seconds, Stopping threads took: 0,0000127 seconds
2018-06-19T14:44:28.228+0200: 56,670: Total time for which application threads were stopped: 0,0000535 seconds, Stopping threads took: 0,0000114 seconds
2018-06-19T14:44:28.229+0200: 56,672: Total time for which application threads were stopped: 0,0001276 seconds, Stopping threads took: 0,0000296 seconds
2018-06-19T14:44:28.231+0200: 56,673: Total time for which application threads were stopped: 0,0001068 seconds, Stopping threads took: 0,0000319 seconds
2018-06-19T14:44:29.231+0200: 57,674: Total time for which application threads were stopped: 0,0001042 seconds, Stopping threads took: 0,0000245 seconds
2018-06-19T14:44:34.575+0200: 63,018: Total time for which application threads were stopped: 0,0005942 seconds, Stopping threads took: 0,0000167 seconds
2018-06-19T14:44:34.576+0200: 63,019: Total time for which application threads were stopped: 0,0005386 seconds, Stopping threads took: 0,0000164 seconds
2018-06-19T14:44:34.584+0200: 63,027: Total time for which application threads were stopped: 0,0001546 seconds, Stopping threads took: 0,0000608 seconds
2018-06-19T14:44:34.587+0200: 63,029: Total time for which application threads were stopped: 0,0001859 seconds, Stopping threads took: 0,0000939 seconds
2018-06-19T14:44:34.591+0200: 63,033: Total time for which application threads were stopped: 0,0036519 seconds, Stopping threads took: 0,0035884 seconds
2018-06-19T14:44:34.593+0200: 63,036: Total time for which application threads were stopped: 0,0001017 seconds, Stopping threads took: 0,0000258 seconds
2018-06-19T14:44:34.593+0200: 63,036: Total time for which application threads were stopped: 0,0001142 seconds, Stopping threads took: 0,0000560 seconds
2018-06-19T14:44:34.593+0200: 63,036: Total time for which application threads were stopped: 0,0000680 seconds, Stopping threads took: 0,0000364 seconds
2018-06-19T14:44:34.595+0200: 63,038: Total time for which application threads were stopped: 0,0006293 seconds, Stopping threads took: 0,0005468 seconds
2018-06-19T14:44:34.595+0200: 63,038: Total time for which application threads were stopped: 0,0000901 seconds, Stopping threads took: 0,0000351 seconds
2018-06-19T14:44:34.595+0200: 63,038: Total time for which application threads were stopped: 0,0000702 seconds, Stopping threads took: 0,0000260 seconds
2018-06-19T14:44:34.596+0200: 63,038: Total time for which application threads were stopped: 0,0000599 seconds, Stopping threads took: 0,0000191 seconds
2018-06-19T14:44:34.596+0200: 63,038: Total time for which application threads were stopped: 0,0000404 seconds, Stopping threads took: 0,0000108 seconds
2018-06-19T14:44:34.596+0200: 63,038: Total time for which application threads were stopped: 0,0000678 seconds, Stopping threads took: 0,0000344 seconds
2018-06-19T14:44:34.596+0200: 63,038: Total time for which application threads were stopped: 0,0000542 seconds, Stopping threads took: 0,0000258 seconds
2018-06-19T14:44:34.596+0200: 63,039: Total time for which application threads were stopped: 0,0000482 seconds, Stopping threads took: 0,0000195 seconds
2018-06-19T14:44:34.596+0200: 63,039: Total time for which application threads were stopped: 0,0000519 seconds, Stopping threads took: 0,0000237 seconds
2018-06-19T14:44:34.596+0200: 63,039: Total time for which application threads were stopped: 0,0000694 seconds, Stopping threads took: 0,0000333 seconds
2018-06-19T14:44:34.596+0200: 63,039: Total time for which application threads were stopped: 0,0000936 seconds, Stopping threads took: 0,0000544 seconds
2018-06-19T14:44:34.599+0200: 63,042: Total time for which application threads were stopped: 0,0001301 seconds, Stopping threads took: 0,0000384 seconds
2018-06-19T14:44:34.599+0200: 63,042: Total time for which application threads were stopped: 0,0000974 seconds, Stopping threads took: 0,0000287 seconds
2018-06-19T14:44:34.599+0200: 63,042: Total time for which application threads were stopped: 0,0002318 seconds, Stopping threads took: 0,0000173 seconds
2018-06-19T14:44:34.604+0200: 63,046: Total time for which application threads were stopped: 0,0007211 seconds, Stopping threads took: 0,0006261 seconds
2018-06-19T14:44:34.604+0200: 63,046: Total time for which application threads were stopped: 0,0000793 seconds, Stopping threads took: 0,0000334 seconds
2018-06-19T14:44:34.610+0200: 63,053: Total time for which application threads were stopped: 0,0001583 seconds, Stopping threads took: 0,0000506 seconds
2018-06-19T14:44:34.610+0200: 63,053: Total time for which application threads were stopped: 0,0001407 seconds, Stopping threads took: 0,0000483 seconds
2018-06-19T14:44:34.611+0200: 63,053: Total time for which application threads were stopped: 0,0001455 seconds, Stopping threads took: 0,0000471 seconds
2018-06-19T14:44:34.611+0200: 63,054: Total time for which application threads were stopped: 0,0002495 seconds, Stopping threads took: 0,0000454 seconds
2018-06-19T14:44:34.613+0200: 63,056: Total time for which application threads were stopped: 0,0001489 seconds, Stopping threads took: 0,0000539 seconds
2018-06-19T14:44:34.615+0200: 63,057: Total time for which application threads were stopped: 0,0001471 seconds, Stopping threads took: 0,0000668 seconds
2018-06-19T14:44:34.615+0200: 63,058: Total time for which application threads were stopped: 0,0001174 seconds, Stopping threads took: 0,0000432 seconds
2018-06-19T14:44:34.616+0200: 63,058: Total time for which application threads were stopped: 0,0001008 seconds, Stopping threads took: 0,0000377 seconds
2018-06-19T14:44:34.616+0200: 63,059: Total time for which application threads were stopped: 0,0000771 seconds, Stopping threads took: 0,0000176 seconds
2018-06-19T14:44:34.616+0200: 63,059: Total time for which application threads were stopped: 0,0001017 seconds, Stopping threads took: 0,0000529 seconds
2018-06-19T14:44:34.617+0200: 63,059: Total time for which application threads were stopped: 0,0003849 seconds, Stopping threads took: 0,0003363 seconds
2018-06-19T14:44:34.618+0200: 63,061: Total time for which application threads were stopped: 0,0001200 seconds, Stopping threads took: 0,0000392 seconds
2018-06-19T14:44:34.619+0200: 63,062: Total time for which application threads were stopped: 0,0001436 seconds, Stopping threads took: 0,0000868 seconds
2018-06-19T14:44:34.620+0200: 63,063: Total time for which application threads were stopped: 0,0001298 seconds, Stopping threads took: 0,0000493 seconds
2018-06-19T14:44:34.621+0200: 63,063: Total time for which application threads were stopped: 0,0001027 seconds, Stopping threads took: 0,0000383 seconds
2018-06-19T14:44:34.621+0200: 63,063: Total time for which application threads were stopped: 0,0000677 seconds, Stopping threads took: 0,0000272 seconds
2018-06-19T14:44:34.621+0200: 63,063: Total time for which application threads were stopped: 0,0000637 seconds, Stopping threads took: 0,0000292 seconds
2018-06-19T14:44:34.621+0200: 63,064: Total time for which application threads were stopped: 0,0000446 seconds, Stopping threads took: 0,0000143 seconds
2018-06-19T14:44:34.623+0200: 63,065: Total time for which application threads were stopped: 0,0001562 seconds, Stopping threads took: 0,0000505 seconds
2018-06-19T14:44:34.623+0200: 63,065: Total time for which application threads were stopped: 0,0001105 seconds, Stopping threads took: 0,0000456 seconds
2018-06-19T14:44:34.625+0200: 63,067: Total time for which application threads were stopped: 0,0001120 seconds, Stopping threads took: 0,0000387 seconds
2018-06-19T14:44:34.625+0200: 63,067: Total time for which application threads were stopped: 0,0000815 seconds, Stopping threads took: 0,0000313 seconds
2018-06-19T14:44:34.629+0200: 63,072: Total time for which application threads were stopped: 0,0020382 seconds, Stopping threads took: 0,0019476 seconds
Heap
 par new generation   total 109248K, used 33009K [0x00000000e0000000, 0x00000000e8000000, 0x00000000e8000000)
  eden space 87424K,  26% used [0x00000000e0000000, 0x00000000e1661f78, 0x00000000e5560000)
  from space 21824K,  46% used [0x00000000e5560000, 0x00000000e5f3a680, 0x00000000e6ab0000)
  to   space 21824K,   0% used [0x00000000e6ab0000, 0x00000000e6ab0000, 0x00000000e8000000)
 concurrent mark-sweep generation total 393216K, used 37635K [0x00000000e8000000, 0x0000000100000000, 0x0000000100000000)
 Metaspace       used 32172K, capacity 32918K, committed 33020K, reserved 1079296K
  class space    used 3613K, capacity 3827K, committed 3836K, reserved 1048576K
