OpenJDK 64-Bit Server VM (25.171-b11) for linux-amd64 JRE (1.8.0_171-8u171-b11-0ubuntu0.16.04.1-b11), built on Apr 27 2018 17:19:03 by "buildd" with gcc 5.4.0 20160609
Memory: 4k page, physical 7867600k(844124k free), swap 8076284k(7966068k free)
CommandLine flags: -XX:CMSInitiatingOccupancyFraction=50 -XX:CMSMaxAbortablePrecleanTime=6000 -XX:+CMSParallelRemarkEnabled -XX:+CMSScavengeBeforeRemark -XX:ConcGCThreads=4 -XX:InitialHeapSize=536870912 -XX:MaxHeapSize=536870912 -XX:MaxTenuringThreshold=8 -XX:NewRatio=3 -XX:OldPLABSize=16 -XX:OnOutOfMemoryError=/home/gurnoor/workspace/QTM/solr/bin/oom_solr.sh 8983 /home/gurnoor/workspace/QTM/solr/server/logs -XX:ParallelGCThreads=4 -XX:+ParallelRefProcEnabled -XX:PretenureSizeThreshold=67108864 -XX:+PrintGC -XX:+PrintGCApplicationStoppedTime -XX:+PrintGCDateStamps -XX:+PrintGCDetails -XX:+PrintGCTimeStamps -XX:+PrintHeapAtGC -XX:+PrintTenuringDistribution -XX:SurvivorRatio=4 -XX:TargetSurvivorRatio=90 -XX:ThreadStackSize=256 -XX:+UseCMSInitiatingOccupancyOnly -XX:+UseCompressedClassPointers -XX:+UseCompressedOops -XX:+UseConcMarkSweepGC -XX:+UseParNewGC 
2018-06-19T15:50:23.327+0200: 0,115: Total time for which application threads were stopped: 0,0000680 seconds, Stopping threads took: 0,0000136 seconds
2018-06-19T15:50:23.395+0200: 0,183: Total time for which application threads were stopped: 0,0001006 seconds, Stopping threads took: 0,0000139 seconds
2018-06-19T15:50:23.404+0200: 0,193: Total time for which application threads were stopped: 0,0000872 seconds, Stopping threads took: 0,0000223 seconds
2018-06-19T15:50:23.526+0200: 0,315: Total time for which application threads were stopped: 0,0001728 seconds, Stopping threads took: 0,0000203 seconds
2018-06-19T15:50:23.675+0200: 0,463: Total time for which application threads were stopped: 0,0001450 seconds, Stopping threads took: 0,0000216 seconds
2018-06-19T15:50:23.720+0200: 0,509: Total time for which application threads were stopped: 0,0001615 seconds, Stopping threads took: 0,0000228 seconds
2018-06-19T15:50:23.739+0200: 0,528: Total time for which application threads were stopped: 0,0001942 seconds, Stopping threads took: 0,0000213 seconds
2018-06-19T15:50:23.944+0200: 0,733: Total time for which application threads were stopped: 0,0001939 seconds, Stopping threads took: 0,0000198 seconds
2018-06-19T15:50:24.085+0200: 0,874: Total time for which application threads were stopped: 0,0003255 seconds, Stopping threads took: 0,0000470 seconds
2018-06-19T15:50:24.100+0200: 0,889: Total time for which application threads were stopped: 0,0002142 seconds, Stopping threads took: 0,0000398 seconds
2018-06-19T15:50:24.127+0200: 0,915: Total time for which application threads were stopped: 0,0002458 seconds, Stopping threads took: 0,0000342 seconds
2018-06-19T15:50:24.128+0200: 0,916: Total time for which application threads were stopped: 0,0002157 seconds, Stopping threads took: 0,0000249 seconds
2018-06-19T15:50:24.138+0200: 0,927: Total time for which application threads were stopped: 0,0002720 seconds, Stopping threads took: 0,0000245 seconds
2018-06-19T15:50:24.222+0200: 1,011: Total time for which application threads were stopped: 0,0002701 seconds, Stopping threads took: 0,0000263 seconds
2018-06-19T15:50:24.374+0200: 1,163: Total time for which application threads were stopped: 0,0003132 seconds, Stopping threads took: 0,0000642 seconds
{Heap before GC invocations=0 (full 0):
 par new generation   total 109248K, used 87424K [0x00000000e0000000, 0x00000000e8000000, 0x00000000e8000000)
  eden space 87424K, 100% used [0x00000000e0000000, 0x00000000e5560000, 0x00000000e5560000)
  from space 21824K,   0% used [0x00000000e5560000, 0x00000000e5560000, 0x00000000e6ab0000)
  to   space 21824K,   0% used [0x00000000e6ab0000, 0x00000000e6ab0000, 0x00000000e8000000)
 concurrent mark-sweep generation total 393216K, used 0K [0x00000000e8000000, 0x0000000100000000, 0x0000000100000000)
 Metaspace       used 17844K, capacity 18184K, committed 18304K, reserved 1064960K
  class space    used 2025K, capacity 2166K, committed 2176K, reserved 1048576K
2018-06-19T15:50:24.400+0200: 1,188: [GC (Allocation Failure) 2018-06-19T15:50:24.400+0200: 1,188: [ParNew
Desired survivor size 20112992 bytes, new threshold 8 (max 8)
- age   1:   11283088 bytes,   11283088 total
: 87424K->11126K(109248K), 0,0107097 secs] 87424K->11126K(502464K), 0,0107664 secs] [Times: user=0,04 sys=0,00, real=0,01 secs] 
Heap after GC invocations=1 (full 0):
 par new generation   total 109248K, used 11126K [0x00000000e0000000, 0x00000000e8000000, 0x00000000e8000000)
  eden space 87424K,   0% used [0x00000000e0000000, 0x00000000e0000000, 0x00000000e5560000)
  from space 21824K,  50% used [0x00000000e6ab0000, 0x00000000e758da50, 0x00000000e8000000)
  to   space 21824K,   0% used [0x00000000e5560000, 0x00000000e5560000, 0x00000000e6ab0000)
 concurrent mark-sweep generation total 393216K, used 0K [0x00000000e8000000, 0x0000000100000000, 0x0000000100000000)
 Metaspace       used 17844K, capacity 18184K, committed 18304K, reserved 1064960K
  class space    used 2025K, capacity 2166K, committed 2176K, reserved 1048576K
}
2018-06-19T15:50:24.410+0200: 1,199: Total time for which application threads were stopped: 0,0110817 seconds, Stopping threads took: 0,0001253 seconds
2018-06-19T15:50:24.736+0200: 1,524: Total time for which application threads were stopped: 0,0004716 seconds, Stopping threads took: 0,0000341 seconds
{Heap before GC invocations=1 (full 0):
 par new generation   total 109248K, used 98550K [0x00000000e0000000, 0x00000000e8000000, 0x00000000e8000000)
  eden space 87424K, 100% used [0x00000000e0000000, 0x00000000e5560000, 0x00000000e5560000)
  from space 21824K,  50% used [0x00000000e6ab0000, 0x00000000e758da50, 0x00000000e8000000)
  to   space 21824K,   0% used [0x00000000e5560000, 0x00000000e5560000, 0x00000000e6ab0000)
 concurrent mark-sweep generation total 393216K, used 0K [0x00000000e8000000, 0x0000000100000000, 0x0000000100000000)
 Metaspace       used 20111K, capacity 20502K, committed 20736K, reserved 1067008K
  class space    used 2298K, capacity 2471K, committed 2560K, reserved 1048576K
2018-06-19T15:50:24.784+0200: 1,573: [GC (Allocation Failure) 2018-06-19T15:50:24.784+0200: 1,573: [ParNew
Desired survivor size 20112992 bytes, new threshold 8 (max 8)
- age   1:    3586448 bytes,    3586448 total
- age   2:    5815792 bytes,    9402240 total
: 98550K->12313K(109248K), 0,0244661 secs] 98550K->12313K(502464K), 0,0245470 secs] [Times: user=0,07 sys=0,00, real=0,02 secs] 
Heap after GC invocations=2 (full 0):
 par new generation   total 109248K, used 12313K [0x00000000e0000000, 0x00000000e8000000, 0x00000000e8000000)
  eden space 87424K,   0% used [0x00000000e0000000, 0x00000000e0000000, 0x00000000e5560000)
  from space 21824K,  56% used [0x00000000e5560000, 0x00000000e61664e0, 0x00000000e6ab0000)
  to   space 21824K,   0% used [0x00000000e6ab0000, 0x00000000e6ab0000, 0x00000000e8000000)
 concurrent mark-sweep generation total 393216K, used 0K [0x00000000e8000000, 0x0000000100000000, 0x0000000100000000)
 Metaspace       used 20111K, capacity 20502K, committed 20736K, reserved 1067008K
  class space    used 2298K, capacity 2471K, committed 2560K, reserved 1048576K
}
2018-06-19T15:50:24.809+0200: 1,597: Total time for which application threads were stopped: 0,0250459 seconds, Stopping threads took: 0,0002835 seconds
2018-06-19T15:50:24.811+0200: 1,600: Total time for which application threads were stopped: 0,0003925 seconds, Stopping threads took: 0,0000488 seconds
2018-06-19T15:50:24.847+0200: 1,636: Total time for which application threads were stopped: 0,0006756 seconds, Stopping threads took: 0,0003880 seconds
2018-06-19T15:50:24.971+0200: 1,760: Total time for which application threads were stopped: 0,0011996 seconds, Stopping threads took: 0,0010577 seconds
{Heap before GC invocations=2 (full 0):
 par new generation   total 109248K, used 99737K [0x00000000e0000000, 0x00000000e8000000, 0x00000000e8000000)
  eden space 87424K, 100% used [0x00000000e0000000, 0x00000000e5560000, 0x00000000e5560000)
  from space 21824K,  56% used [0x00000000e5560000, 0x00000000e61664e0, 0x00000000e6ab0000)
  to   space 21824K,   0% used [0x00000000e6ab0000, 0x00000000e6ab0000, 0x00000000e8000000)
 concurrent mark-sweep generation total 393216K, used 0K [0x00000000e8000000, 0x0000000100000000, 0x0000000100000000)
 Metaspace       used 21025K, capacity 21366K, committed 21628K, reserved 1069056K
  class space    used 2423K, capacity 2591K, committed 2684K, reserved 1048576K
2018-06-19T15:50:25.032+0200: 1,821: [GC (Allocation Failure) 2018-06-19T15:50:25.032+0200: 1,821: [ParNew
Desired survivor size 20112992 bytes, new threshold 8 (max 8)
- age   1:    2083192 bytes,    2083192 total
- age   2:    1168448 bytes,    3251640 total
- age   3:    5814080 bytes,    9065720 total
: 99737K->13005K(109248K), 0,0184200 secs] 99737K->13005K(502464K), 0,0185017 secs] [Times: user=0,07 sys=0,00, real=0,01 secs] 
Heap after GC invocations=3 (full 0):
 par new generation   total 109248K, used 13005K [0x00000000e0000000, 0x00000000e8000000, 0x00000000e8000000)
  eden space 87424K,   0% used [0x00000000e0000000, 0x00000000e0000000, 0x00000000e5560000)
  from space 21824K,  59% used [0x00000000e6ab0000, 0x00000000e7763680, 0x00000000e8000000)
  to   space 21824K,   0% used [0x00000000e5560000, 0x00000000e5560000, 0x00000000e6ab0000)
 concurrent mark-sweep generation total 393216K, used 0K [0x00000000e8000000, 0x0000000100000000, 0x0000000100000000)
 Metaspace       used 21025K, capacity 21366K, committed 21628K, reserved 1069056K
  class space    used 2423K, capacity 2591K, committed 2684K, reserved 1048576K
}
2018-06-19T15:50:25.050+0200: 1,839: Total time for which application threads were stopped: 0,0187739 seconds, Stopping threads took: 0,0001080 seconds
2018-06-19T15:50:25.050+0200: 1,839: [GC (CMS Initial Mark) [1 CMS-initial-mark: 0K(393216K)] 13021K(502464K), 0,0033762 secs] [Times: user=0,01 sys=0,00, real=0,01 secs] 
2018-06-19T15:50:25.054+0200: 1,843: Total time for which application threads were stopped: 0,0035214 seconds, Stopping threads took: 0,0000448 seconds
2018-06-19T15:50:25.054+0200: 1,843: [CMS-concurrent-mark-start]
2018-06-19T15:50:25.054+0200: 1,843: [CMS-concurrent-mark: 0,001/0,001 secs] [Times: user=0,00 sys=0,00, real=0,00 secs] 
2018-06-19T15:50:25.055+0200: 1,843: [CMS-concurrent-preclean-start]
2018-06-19T15:50:25.056+0200: 1,844: [CMS-concurrent-preclean: 0,001/0,001 secs] [Times: user=0,01 sys=0,00, real=0,00 secs] 
2018-06-19T15:50:25.061+0200: 1,850: [GC (CMS Final Remark) [YG occupancy: 15868 K (109248 K)]{Heap before GC invocations=3 (full 1):
 par new generation   total 109248K, used 15868K [0x00000000e0000000, 0x00000000e8000000, 0x00000000e8000000)
  eden space 87424K,   3% used [0x00000000e0000000, 0x00000000e02cbc60, 0x00000000e5560000)
  from space 21824K,  59% used [0x00000000e6ab0000, 0x00000000e7763680, 0x00000000e8000000)
  to   space 21824K,   0% used [0x00000000e5560000, 0x00000000e5560000, 0x00000000e6ab0000)
 concurrent mark-sweep generation total 393216K, used 0K [0x00000000e8000000, 0x0000000100000000, 0x0000000100000000)
 Metaspace       used 21043K, capacity 21430K, committed 21628K, reserved 1069056K
  class space    used 2423K, capacity 2591K, committed 2684K, reserved 1048576K
2018-06-19T15:50:25.061+0200: 1,850: [GC (CMS Final Remark) 2018-06-19T15:50:25.061+0200: 1,850: [ParNew
Desired survivor size 20112992 bytes, new threshold 8 (max 8)
- age   1:     143288 bytes,     143288 total
- age   2:    1595872 bytes,    1739160 total
- age   3:    1166968 bytes,    2906128 total
- age   4:    5814064 bytes,    8720192 total
: 15868K->10396K(109248K), 0,0116171 secs] 15868K->10396K(502464K), 0,0116756 secs] [Times: user=0,04 sys=0,00, real=0,02 secs] 
Heap after GC invocations=4 (full 1):
 par new generation   total 109248K, used 10396K [0x00000000e0000000, 0x00000000e8000000, 0x00000000e8000000)
  eden space 87424K,   0% used [0x00000000e0000000, 0x00000000e0000000, 0x00000000e5560000)
  from space 21824K,  47% used [0x00000000e5560000, 0x00000000e5f870c8, 0x00000000e6ab0000)
  to   space 21824K,   0% used [0x00000000e6ab0000, 0x00000000e6ab0000, 0x00000000e8000000)
 concurrent mark-sweep generation total 393216K, used 0K [0x00000000e8000000, 0x0000000100000000, 0x0000000100000000)
 Metaspace       used 21043K, capacity 21430K, committed 21628K, reserved 1069056K
  class space    used 2423K, capacity 2591K, committed 2684K, reserved 1048576K
}
2018-06-19T15:50:25.073+0200: 1,862: [Rescan (parallel) , 0,0030298 secs]2018-06-19T15:50:25.076+0200: 1,865: [weak refs processing, 0,0011425 secs]2018-06-19T15:50:25.077+0200: 1,866: [class unloading, 0,0029142 secs]2018-06-19T15:50:25.080+0200: 1,869: [scrub symbol table, 0,0026768 secs]2018-06-19T15:50:25.083+0200: 1,872: [scrub string table, 0,0004028 secs][1 CMS-remark: 0K(393216K)] 10396K(502464K), 0,0225897 secs] [Times: user=0,06 sys=0,00, real=0,03 secs] 
2018-06-19T15:50:25.084+0200: 1,873: Total time for which application threads were stopped: 0,0247707 seconds, Stopping threads took: 0,0020525 seconds
2018-06-19T15:50:25.084+0200: 1,873: [CMS-concurrent-sweep-start]
2018-06-19T15:50:25.084+0200: 1,873: [CMS-concurrent-sweep: 0,000/0,000 secs] [Times: user=0,00 sys=0,00, real=0,00 secs] 
2018-06-19T15:50:25.084+0200: 1,873: [CMS-concurrent-reset-start]
2018-06-19T15:50:25.087+0200: 1,876: [CMS-concurrent-reset: 0,003/0,003 secs] [Times: user=0,01 sys=0,00, real=0,00 secs] 
{Heap before GC invocations=4 (full 1):
 par new generation   total 109248K, used 97820K [0x00000000e0000000, 0x00000000e8000000, 0x00000000e8000000)
  eden space 87424K, 100% used [0x00000000e0000000, 0x00000000e5560000, 0x00000000e5560000)
  from space 21824K,  47% used [0x00000000e5560000, 0x00000000e5f870c8, 0x00000000e6ab0000)
  to   space 21824K,   0% used [0x00000000e6ab0000, 0x00000000e6ab0000, 0x00000000e8000000)
 concurrent mark-sweep generation total 393216K, used 0K [0x00000000e8000000, 0x0000000100000000, 0x0000000100000000)
 Metaspace       used 21287K, capacity 21668K, committed 21884K, reserved 1069056K
  class space    used 2455K, capacity 2637K, committed 2684K, reserved 1048576K
2018-06-19T15:50:25.185+0200: 1,974: [GC (Allocation Failure) 2018-06-19T15:50:25.185+0200: 1,974: [ParNew
Desired survivor size 20112992 bytes, new threshold 8 (max 8)
- age   1:    1100536 bytes,    1100536 total
- age   2:       3088 bytes,    1103624 total
- age   3:    1451304 bytes,    2554928 total
- age   4:    1164712 bytes,    3719640 total
- age   5:    5814304 bytes,    9533944 total
: 97820K->13198K(109248K), 0,0093161 secs] 97820K->13198K(502464K), 0,0093777 secs] [Times: user=0,04 sys=0,00, real=0,01 secs] 
Heap after GC invocations=5 (full 1):
 par new generation   total 109248K, used 13198K [0x00000000e0000000, 0x00000000e8000000, 0x00000000e8000000)
  eden space 87424K,   0% used [0x00000000e0000000, 0x00000000e0000000, 0x00000000e5560000)
  from space 21824K,  60% used [0x00000000e6ab0000, 0x00000000e7793a38, 0x00000000e8000000)
  to   space 21824K,   0% used [0x00000000e5560000, 0x00000000e5560000, 0x00000000e6ab0000)
 concurrent mark-sweep generation total 393216K, used 0K [0x00000000e8000000, 0x0000000100000000, 0x0000000100000000)
 Metaspace       used 21287K, capacity 21668K, committed 21884K, reserved 1069056K
  class space    used 2455K, capacity 2637K, committed 2684K, reserved 1048576K
}
2018-06-19T15:50:25.194+0200: 1,983: Total time for which application threads were stopped: 0,0096586 seconds, Stopping threads took: 0,0001229 seconds
{Heap before GC invocations=5 (full 1):
 par new generation   total 109248K, used 100622K [0x00000000e0000000, 0x00000000e8000000, 0x00000000e8000000)
  eden space 87424K, 100% used [0x00000000e0000000, 0x00000000e5560000, 0x00000000e5560000)
  from space 21824K,  60% used [0x00000000e6ab0000, 0x00000000e7793a38, 0x00000000e8000000)
  to   space 21824K,   0% used [0x00000000e5560000, 0x00000000e5560000, 0x00000000e6ab0000)
 concurrent mark-sweep generation total 393216K, used 0K [0x00000000e8000000, 0x0000000100000000, 0x0000000100000000)
 Metaspace       used 21507K, capacity 21872K, committed 22140K, reserved 1069056K
  class space    used 2481K, capacity 2639K, committed 2684K, reserved 1048576K
2018-06-19T15:50:25.279+0200: 2,068: [GC (Allocation Failure) 2018-06-19T15:50:25.279+0200: 2,068: [ParNew
Desired survivor size 20112992 bytes, new threshold 8 (max 8)
- age   1:     839424 bytes,     839424 total
- age   2:     184216 bytes,    1023640 total
- age   3:       3040 bytes,    1026680 total
- age   4:    1449824 bytes,    2476504 total
- age   5:    1162760 bytes,    3639264 total
- age   6:    5814008 bytes,    9453272 total
: 100622K->12097K(109248K), 0,0102677 secs] 100622K->12097K(502464K), 0,0103496 secs] [Times: user=0,03 sys=0,00, real=0,01 secs] 
Heap after GC invocations=6 (full 1):
 par new generation   total 109248K, used 12097K [0x00000000e0000000, 0x00000000e8000000, 0x00000000e8000000)
  eden space 87424K,   0% used [0x00000000e0000000, 0x00000000e0000000, 0x00000000e5560000)
  from space 21824K,  55% used [0x00000000e5560000, 0x00000000e6130798, 0x00000000e6ab0000)
  to   space 21824K,   0% used [0x00000000e6ab0000, 0x00000000e6ab0000, 0x00000000e8000000)
 concurrent mark-sweep generation total 393216K, used 0K [0x00000000e8000000, 0x0000000100000000, 0x0000000100000000)
 Metaspace       used 21507K, capacity 21872K, committed 22140K, reserved 1069056K
  class space    used 2481K, capacity 2639K, committed 2684K, reserved 1048576K
}
2018-06-19T15:50:25.289+0200: 2,078: Total time for which application threads were stopped: 0,0105766 seconds, Stopping threads took: 0,0000655 seconds
2018-06-19T15:50:25.307+0200: 2,096: Total time for which application threads were stopped: 0,0004127 seconds, Stopping threads took: 0,0000659 seconds
2018-06-19T15:50:25.584+0200: 2,372: Total time for which application threads were stopped: 0,0005357 seconds, Stopping threads took: 0,0001156 seconds
2018-06-19T15:50:25.596+0200: 2,385: Total time for which application threads were stopped: 0,0004024 seconds, Stopping threads took: 0,0000195 seconds
2018-06-19T15:50:25.621+0200: 2,410: Total time for which application threads were stopped: 0,0003962 seconds, Stopping threads took: 0,0000218 seconds
{Heap before GC invocations=6 (full 1):
 par new generation   total 109248K, used 99521K [0x00000000e0000000, 0x00000000e8000000, 0x00000000e8000000)
  eden space 87424K,  99% used [0x00000000e0000000, 0x00000000e555fff8, 0x00000000e5560000)
  from space 21824K,  55% used [0x00000000e5560000, 0x00000000e6130798, 0x00000000e6ab0000)
  to   space 21824K,   0% used [0x00000000e6ab0000, 0x00000000e6ab0000, 0x00000000e8000000)
 concurrent mark-sweep generation total 393216K, used 0K [0x00000000e8000000, 0x0000000100000000, 0x0000000100000000)
 Metaspace       used 25564K, capacity 26152K, committed 26492K, reserved 1073152K
  class space    used 2953K, capacity 3155K, committed 3196K, reserved 1048576K
2018-06-19T15:50:25.881+0200: 2,670: [GC (Allocation Failure) 2018-06-19T15:50:25.881+0200: 2,670: [ParNew
Desired survivor size 20112992 bytes, new threshold 8 (max 8)
- age   1:    8480888 bytes,    8480888 total
- age   2:     160776 bytes,    8641664 total
- age   3:     180600 bytes,    8822264 total
- age   4:       3040 bytes,    8825304 total
- age   5:     277000 bytes,    9102304 total
- age   6:    1140648 bytes,   10242952 total
- age   7:    5807080 bytes,   16050032 total
: 99521K->19224K(109248K), 0,0341900 secs] 99521K->19224K(502464K), 0,0342726 secs] [Times: user=0,08 sys=0,00, real=0,04 secs] 
Heap after GC invocations=7 (full 1):
 par new generation   total 109248K, used 19224K [0x00000000e0000000, 0x00000000e8000000, 0x00000000e8000000)
  eden space 87424K,   0% used [0x00000000e0000000, 0x00000000e0000000, 0x00000000e5560000)
  from space 21824K,  88% used [0x00000000e6ab0000, 0x00000000e7d76100, 0x00000000e8000000)
  to   space 21824K,   0% used [0x00000000e5560000, 0x00000000e5560000, 0x00000000e6ab0000)
 concurrent mark-sweep generation total 393216K, used 0K [0x00000000e8000000, 0x0000000100000000, 0x0000000100000000)
 Metaspace       used 25564K, capacity 26152K, committed 26492K, reserved 1073152K
  class space    used 2953K, capacity 3155K, committed 3196K, reserved 1048576K
}
2018-06-19T15:50:25.916+0200: 2,705: Total time for which application threads were stopped: 0,0345388 seconds, Stopping threads took: 0,0000649 seconds
2018-06-19T15:50:26.012+0200: 2,801: Total time for which application threads were stopped: 0,0006367 seconds, Stopping threads took: 0,0001046 seconds
2018-06-19T15:50:26.033+0200: 2,822: Total time for which application threads were stopped: 0,0004078 seconds, Stopping threads took: 0,0000525 seconds
2018-06-19T15:50:26.079+0200: 2,868: Total time for which application threads were stopped: 0,0004746 seconds, Stopping threads took: 0,0000508 seconds
2018-06-19T15:50:26.191+0200: 2,980: Total time for which application threads were stopped: 0,0056555 seconds, Stopping threads took: 0,0052192 seconds
{Heap before GC invocations=7 (full 1):
 par new generation   total 109248K, used 106648K [0x00000000e0000000, 0x00000000e8000000, 0x00000000e8000000)
  eden space 87424K, 100% used [0x00000000e0000000, 0x00000000e5560000, 0x00000000e5560000)
  from space 21824K,  88% used [0x00000000e6ab0000, 0x00000000e7d76100, 0x00000000e8000000)
  to   space 21824K,   0% used [0x00000000e5560000, 0x00000000e5560000, 0x00000000e6ab0000)
 concurrent mark-sweep generation total 393216K, used 0K [0x00000000e8000000, 0x0000000100000000, 0x0000000100000000)
 Metaspace       used 27927K, capacity 28542K, committed 28796K, reserved 1075200K
  class space    used 3208K, capacity 3388K, committed 3452K, reserved 1048576K
2018-06-19T15:50:26.275+0200: 3,064: [GC (Allocation Failure) 2018-06-19T15:50:26.275+0200: 3,064: [ParNew
Desired survivor size 20112992 bytes, new threshold 8 (max 8)
- age   1:    9495856 bytes,    9495856 total
- age   2:    4650848 bytes,   14146704 total
- age   3:     160688 bytes,   14307392 total
- age   4:     180424 bytes,   14487816 total
- age   5:       3040 bytes,   14490856 total
- age   6:     276712 bytes,   14767568 total
- age   7:    1132280 bytes,   15899848 total
- age   8:    5801840 bytes,   21701688 total
: 106648K->21824K(109248K), 0,0240765 secs] 106648K->23076K(502464K), 0,0241657 secs] [Times: user=0,08 sys=0,01, real=0,02 secs] 
Heap after GC invocations=8 (full 1):
 par new generation   total 109248K, used 21824K [0x00000000e0000000, 0x00000000e8000000, 0x00000000e8000000)
  eden space 87424K,   0% used [0x00000000e0000000, 0x00000000e0000000, 0x00000000e5560000)
  from space 21824K, 100% used [0x00000000e5560000, 0x00000000e6ab0000, 0x00000000e6ab0000)
  to   space 21824K,   0% used [0x00000000e6ab0000, 0x00000000e6ab0000, 0x00000000e8000000)
 concurrent mark-sweep generation total 393216K, used 1252K [0x00000000e8000000, 0x0000000100000000, 0x0000000100000000)
 Metaspace       used 27927K, capacity 28542K, committed 28796K, reserved 1075200K
  class space    used 3208K, capacity 3388K, committed 3452K, reserved 1048576K
}
2018-06-19T15:50:26.299+0200: 3,088: Total time for which application threads were stopped: 0,0251479 seconds, Stopping threads took: 0,0007770 seconds
{Heap before GC invocations=8 (full 1):
 par new generation   total 109248K, used 109248K [0x00000000e0000000, 0x00000000e8000000, 0x00000000e8000000)
  eden space 87424K, 100% used [0x00000000e0000000, 0x00000000e5560000, 0x00000000e5560000)
  from space 21824K, 100% used [0x00000000e5560000, 0x00000000e6ab0000, 0x00000000e6ab0000)
  to   space 21824K,   0% used [0x00000000e6ab0000, 0x00000000e6ab0000, 0x00000000e8000000)
 concurrent mark-sweep generation total 393216K, used 1252K [0x00000000e8000000, 0x0000000100000000, 0x0000000100000000)
 Metaspace       used 27934K, capacity 28542K, committed 28796K, reserved 1075200K
  class space    used 3208K, capacity 3388K, committed 3452K, reserved 1048576K
2018-06-19T15:50:26.368+0200: 3,157: [GC (Allocation Failure) 2018-06-19T15:50:26.368+0200: 3,157: [ParNew
Desired survivor size 20112992 bytes, new threshold 8 (max 8)
- age   1:    1670936 bytes,    1670936 total
- age   2:    8193392 bytes,    9864328 total
- age   3:    4648136 bytes,   14512464 total
- age   4:     160688 bytes,   14673152 total
- age   5:     180424 bytes,   14853576 total
- age   6:       3040 bytes,   14856616 total
- age   7:     276616 bytes,   15133232 total
- age   8:    1132256 bytes,   16265488 total
: 109248K->21824K(109248K), 0,0324859 secs] 110500K->28815K(502464K), 0,0325817 secs] [Times: user=0,10 sys=0,00, real=0,03 secs] 
Heap after GC invocations=9 (full 1):
 par new generation   total 109248K, used 21824K [0x00000000e0000000, 0x00000000e8000000, 0x00000000e8000000)
  eden space 87424K,   0% used [0x00000000e0000000, 0x00000000e0000000, 0x00000000e5560000)
  from space 21824K, 100% used [0x00000000e6ab0000, 0x00000000e8000000, 0x00000000e8000000)
  to   space 21824K,   0% used [0x00000000e5560000, 0x00000000e5560000, 0x00000000e6ab0000)
 concurrent mark-sweep generation total 393216K, used 6991K [0x00000000e8000000, 0x0000000100000000, 0x0000000100000000)
 Metaspace       used 27934K, capacity 28542K, committed 28796K, reserved 1075200K
  class space    used 3208K, capacity 3388K, committed 3452K, reserved 1048576K
}
2018-06-19T15:50:26.401+0200: 3,190: Total time for which application threads were stopped: 0,0328571 seconds, Stopping threads took: 0,0000705 seconds
{Heap before GC invocations=9 (full 1):
 par new generation   total 109248K, used 109248K [0x00000000e0000000, 0x00000000e8000000, 0x00000000e8000000)
  eden space 87424K, 100% used [0x00000000e0000000, 0x00000000e5560000, 0x00000000e5560000)
  from space 21824K, 100% used [0x00000000e6ab0000, 0x00000000e8000000, 0x00000000e8000000)
  to   space 21824K,   0% used [0x00000000e5560000, 0x00000000e5560000, 0x00000000e6ab0000)
 concurrent mark-sweep generation total 393216K, used 6991K [0x00000000e8000000, 0x0000000100000000, 0x0000000100000000)
 Metaspace       used 27975K, capacity 28580K, committed 28796K, reserved 1075200K
  class space    used 3212K, capacity 3396K, committed 3452K, reserved 1048576K
2018-06-19T15:50:26.476+0200: 3,264: [GC (Allocation Failure) 2018-06-19T15:50:26.476+0200: 3,265: [ParNew
Desired survivor size 20112992 bytes, new threshold 8 (max 8)
- age   1:     828408 bytes,     828408 total
- age   2:    1353112 bytes,    2181520 total
- age   3:    8193392 bytes,   10374912 total
- age   4:    4648136 bytes,   15023048 total
- age   5:     160688 bytes,   15183736 total
- age   6:     180216 bytes,   15363952 total
- age   7:       3040 bytes,   15366992 total
- age   8:     276616 bytes,   15643608 total
: 109248K->20844K(109248K), 0,0283580 secs] 116239K->28954K(502464K), 0,0284436 secs] [Times: user=0,10 sys=0,00, real=0,03 secs] 
Heap after GC invocations=10 (full 1):
 par new generation   total 109248K, used 20844K [0x00000000e0000000, 0x00000000e8000000, 0x00000000e8000000)
  eden space 87424K,   0% used [0x00000000e0000000, 0x00000000e0000000, 0x00000000e5560000)
  from space 21824K,  95% used [0x00000000e5560000, 0x00000000e69bb178, 0x00000000e6ab0000)
  to   space 21824K,   0% used [0x00000000e6ab0000, 0x00000000e6ab0000, 0x00000000e8000000)
 concurrent mark-sweep generation total 393216K, used 8110K [0x00000000e8000000, 0x0000000100000000, 0x0000000100000000)
 Metaspace       used 27975K, capacity 28580K, committed 28796K, reserved 1075200K
  class space    used 3212K, capacity 3396K, committed 3452K, reserved 1048576K
}
2018-06-19T15:50:26.504+0200: 3,293: Total time for which application threads were stopped: 0,0299381 seconds, Stopping threads took: 0,0012758 seconds
{Heap before GC invocations=10 (full 1):
 par new generation   total 109248K, used 108268K [0x00000000e0000000, 0x00000000e8000000, 0x00000000e8000000)
  eden space 87424K, 100% used [0x00000000e0000000, 0x00000000e5560000, 0x00000000e5560000)
  from space 21824K,  95% used [0x00000000e5560000, 0x00000000e69bb178, 0x00000000e6ab0000)
  to   space 21824K,   0% used [0x00000000e6ab0000, 0x00000000e6ab0000, 0x00000000e8000000)
 concurrent mark-sweep generation total 393216K, used 8110K [0x00000000e8000000, 0x0000000100000000, 0x0000000100000000)
 Metaspace       used 28009K, capacity 28590K, committed 28796K, reserved 1075200K
  class space    used 3213K, capacity 3397K, committed 3452K, reserved 1048576K
2018-06-19T15:50:26.607+0200: 3,396: [GC (Allocation Failure) 2018-06-19T15:50:26.607+0200: 3,396: [ParNew
Desired survivor size 20112992 bytes, new threshold 8 (max 8)
- age   1:     881080 bytes,     881080 total
- age   2:     133032 bytes,    1014112 total
- age   3:     577168 bytes,    1591280 total
- age   4:    8193392 bytes,    9784672 total
- age   5:    4648136 bytes,   14432808 total
- age   6:     160688 bytes,   14593496 total
- age   7:     180112 bytes,   14773608 total
- age   8:       3040 bytes,   14776648 total
: 108268K->16982K(109248K), 0,0225012 secs] 116378K->25369K(502464K), 0,0225889 secs] [Times: user=0,09 sys=0,00, real=0,02 secs] 
Heap after GC invocations=11 (full 1):
 par new generation   total 109248K, used 16982K [0x00000000e0000000, 0x00000000e8000000, 0x00000000e8000000)
  eden space 87424K,   0% used [0x00000000e0000000, 0x00000000e0000000, 0x00000000e5560000)
  from space 21824K,  77% used [0x00000000e6ab0000, 0x00000000e7b45b60, 0x00000000e8000000)
  to   space 21824K,   0% used [0x00000000e5560000, 0x00000000e5560000, 0x00000000e6ab0000)
 concurrent mark-sweep generation total 393216K, used 8386K [0x00000000e8000000, 0x0000000100000000, 0x0000000100000000)
 Metaspace       used 28009K, capacity 28590K, committed 28796K, reserved 1075200K
  class space    used 3213K, capacity 3397K, committed 3452K, reserved 1048576K
}
2018-06-19T15:50:26.630+0200: 3,418: Total time for which application threads were stopped: 0,0255596 seconds, Stopping threads took: 0,0027814 seconds
2018-06-19T15:50:27.273+0200: 4,061: Total time for which application threads were stopped: 0,0003921 seconds, Stopping threads took: 0,0000194 seconds
2018-06-19T15:50:43.107+0200: 19,896: Total time for which application threads were stopped: 0,0001160 seconds, Stopping threads took: 0,0000311 seconds
2018-06-19T15:50:43.118+0200: 19,907: Total time for which application threads were stopped: 0,0000839 seconds, Stopping threads took: 0,0000184 seconds
2018-06-19T15:50:43.162+0200: 19,951: Total time for which application threads were stopped: 0,0004287 seconds, Stopping threads took: 0,0000251 seconds
2018-06-19T15:50:43.189+0200: 19,978: Total time for which application threads were stopped: 0,0002302 seconds, Stopping threads took: 0,0001285 seconds
2018-06-19T15:50:43.191+0200: 19,980: Total time for which application threads were stopped: 0,0001102 seconds, Stopping threads took: 0,0000265 seconds
2018-06-19T15:50:44.156+0200: 20,945: Total time for which application threads were stopped: 0,0001647 seconds, Stopping threads took: 0,0000561 seconds
2018-06-19T15:50:44.163+0200: 20,951: Total time for which application threads were stopped: 0,0000897 seconds, Stopping threads took: 0,0000177 seconds
2018-06-19T15:50:44.163+0200: 20,952: Total time for which application threads were stopped: 0,0001260 seconds, Stopping threads took: 0,0000364 seconds
2018-06-19T15:51:02.137+0200: 38,926: Total time for which application threads were stopped: 0,0004162 seconds, Stopping threads took: 0,0000169 seconds
2018-06-19T15:51:03.137+0200: 39,926: Total time for which application threads were stopped: 0,0000911 seconds, Stopping threads took: 0,0000219 seconds
2018-06-19T15:51:30.911+0200: 67,700: Total time for which application threads were stopped: 0,0000860 seconds, Stopping threads took: 0,0000228 seconds
2018-06-19T15:51:30.920+0200: 67,709: Total time for which application threads were stopped: 0,0003997 seconds, Stopping threads took: 0,0000165 seconds
2018-06-19T15:51:30.921+0200: 67,710: Total time for which application threads were stopped: 0,0004189 seconds, Stopping threads took: 0,0000136 seconds
2018-06-19T15:51:30.937+0200: 67,725: Total time for which application threads were stopped: 0,0001629 seconds, Stopping threads took: 0,0000672 seconds
2018-06-19T15:51:30.942+0200: 67,731: Total time for which application threads were stopped: 0,0001247 seconds, Stopping threads took: 0,0000501 seconds
2018-06-19T15:51:30.942+0200: 67,731: Total time for which application threads were stopped: 0,0000439 seconds, Stopping threads took: 0,0000122 seconds
2018-06-19T15:51:30.943+0200: 67,732: Total time for which application threads were stopped: 0,0000805 seconds, Stopping threads took: 0,0000259 seconds
2018-06-19T15:51:30.943+0200: 67,732: Total time for which application threads were stopped: 0,0000462 seconds, Stopping threads took: 0,0000126 seconds
2018-06-19T15:51:30.965+0200: 67,754: Total time for which application threads were stopped: 0,0001292 seconds, Stopping threads took: 0,0000432 seconds
2018-06-19T15:51:31.966+0200: 68,754: Total time for which application threads were stopped: 0,0001382 seconds, Stopping threads took: 0,0000231 seconds
2018-06-19T15:51:33.119+0200: 69,908: Total time for which application threads were stopped: 0,0001193 seconds, Stopping threads took: 0,0000223 seconds
2018-06-19T15:51:33.119+0200: 69,908: Total time for which application threads were stopped: 0,0000579 seconds, Stopping threads took: 0,0000231 seconds
2018-06-19T15:51:33.120+0200: 69,908: Total time for which application threads were stopped: 0,0000555 seconds, Stopping threads took: 0,0000211 seconds
2018-06-19T15:51:33.379+0200: 70,168: Total time for which application threads were stopped: 0,0001316 seconds, Stopping threads took: 0,0000232 seconds
2018-06-19T15:51:33.380+0200: 70,168: Total time for which application threads were stopped: 0,0001917 seconds, Stopping threads took: 0,0000435 seconds
2018-06-19T15:51:33.386+0200: 70,175: Total time for which application threads were stopped: 0,0014365 seconds, Stopping threads took: 0,0013570 seconds
2018-06-19T15:51:33.387+0200: 70,176: Total time for which application threads were stopped: 0,0002893 seconds, Stopping threads took: 0,0001934 seconds
2018-06-19T15:51:33.394+0200: 70,183: Total time for which application threads were stopped: 0,0002608 seconds, Stopping threads took: 0,0001583 seconds
2018-06-19T15:51:33.394+0200: 70,183: Total time for which application threads were stopped: 0,0000586 seconds, Stopping threads took: 0,0000101 seconds
2018-06-19T15:51:33.395+0200: 70,183: Total time for which application threads were stopped: 0,0000498 seconds, Stopping threads took: 0,0000105 seconds
2018-06-19T15:51:33.395+0200: 70,183: Total time for which application threads were stopped: 0,0000443 seconds, Stopping threads took: 0,0000078 seconds
2018-06-19T15:51:33.395+0200: 70,183: Total time for which application threads were stopped: 0,0000428 seconds, Stopping threads took: 0,0000072 seconds
2018-06-19T15:51:33.395+0200: 70,184: Total time for which application threads were stopped: 0,0000458 seconds, Stopping threads took: 0,0000092 seconds
2018-06-19T15:51:33.395+0200: 70,184: Total time for which application threads were stopped: 0,0000574 seconds, Stopping threads took: 0,0000073 seconds
2018-06-19T15:51:33.395+0200: 70,184: Total time for which application threads were stopped: 0,0000422 seconds, Stopping threads took: 0,0000075 seconds
2018-06-19T15:51:33.395+0200: 70,184: Total time for which application threads were stopped: 0,0000441 seconds, Stopping threads took: 0,0000075 seconds
2018-06-19T15:51:33.408+0200: 70,196: Total time for which application threads were stopped: 0,0002076 seconds, Stopping threads took: 0,0001002 seconds
2018-06-19T15:51:33.414+0200: 70,203: Total time for which application threads were stopped: 0,0006545 seconds, Stopping threads took: 0,0005350 seconds
2018-06-19T15:51:33.415+0200: 70,204: Total time for which application threads were stopped: 0,0002073 seconds, Stopping threads took: 0,0000543 seconds
2018-06-19T15:51:33.415+0200: 70,204: Total time for which application threads were stopped: 0,0001313 seconds, Stopping threads took: 0,0000203 seconds
2018-06-19T15:51:33.452+0200: 70,240: Total time for which application threads were stopped: 0,0006965 seconds, Stopping threads took: 0,0000498 seconds
2018-06-19T15:51:33.453+0200: 70,241: Total time for which application threads were stopped: 0,0006661 seconds, Stopping threads took: 0,0000320 seconds
2018-06-19T15:51:33.458+0200: 70,247: Total time for which application threads were stopped: 0,0012127 seconds, Stopping threads took: 0,0010117 seconds
2018-06-19T15:51:33.459+0200: 70,248: Total time for which application threads were stopped: 0,0002329 seconds, Stopping threads took: 0,0001260 seconds
2018-06-19T15:51:33.461+0200: 70,250: Total time for which application threads were stopped: 0,0001662 seconds, Stopping threads took: 0,0000572 seconds
2018-06-19T15:51:33.462+0200: 70,251: Total time for which application threads were stopped: 0,0006443 seconds, Stopping threads took: 0,0004880 seconds
2018-06-19T15:51:33.466+0200: 70,255: Total time for which application threads were stopped: 0,0026084 seconds, Stopping threads took: 0,0025008 seconds
2018-06-19T15:51:33.480+0200: 70,269: Total time for which application threads were stopped: 0,0008015 seconds, Stopping threads took: 0,0001732 seconds
2018-06-19T15:51:33.487+0200: 70,276: Total time for which application threads were stopped: 0,0002615 seconds, Stopping threads took: 0,0000628 seconds
2018-06-19T15:51:33.487+0200: 70,276: Total time for which application threads were stopped: 0,0000721 seconds, Stopping threads took: 0,0000281 seconds
2018-06-19T15:51:39.799+0200: 76,588: Total time for which application threads were stopped: 0,0001555 seconds, Stopping threads took: 0,0000531 seconds
2018-06-19T15:51:39.801+0200: 76,590: Total time for which application threads were stopped: 0,0001132 seconds, Stopping threads took: 0,0000248 seconds
2018-06-19T15:51:45.802+0200: 82,591: Total time for which application threads were stopped: 0,0000883 seconds, Stopping threads took: 0,0000233 seconds
2018-06-19T15:51:45.927+0200: 82,716: Total time for which application threads were stopped: 0,0000840 seconds, Stopping threads took: 0,0000195 seconds
2018-06-19T15:51:45.928+0200: 82,717: Total time for which application threads were stopped: 0,0000566 seconds, Stopping threads took: 0,0000123 seconds
2018-06-19T15:51:45.938+0200: 82,727: Total time for which application threads were stopped: 0,0000840 seconds, Stopping threads took: 0,0000228 seconds
2018-06-19T15:51:45.938+0200: 82,727: Total time for which application threads were stopped: 0,0000705 seconds, Stopping threads took: 0,0000224 seconds
2018-06-19T15:51:45.939+0200: 82,728: Total time for which application threads were stopped: 0,0001101 seconds, Stopping threads took: 0,0000438 seconds
2018-06-19T15:51:45.939+0200: 82,728: Total time for which application threads were stopped: 0,0001752 seconds, Stopping threads took: 0,0001101 seconds
2018-06-19T15:51:46.026+0200: 82,815: Total time for which application threads were stopped: 0,0001105 seconds, Stopping threads took: 0,0000428 seconds
2018-06-19T15:51:46.028+0200: 82,817: Total time for which application threads were stopped: 0,0002040 seconds, Stopping threads took: 0,0001163 seconds
2018-06-19T15:51:46.028+0200: 82,817: Total time for which application threads were stopped: 0,0004002 seconds, Stopping threads took: 0,0003309 seconds
2018-06-19T15:51:46.028+0200: 82,817: Total time for which application threads were stopped: 0,0000976 seconds, Stopping threads took: 0,0000347 seconds
2018-06-19T15:51:59.030+0200: 95,819: Total time for which application threads were stopped: 0,0001021 seconds, Stopping threads took: 0,0000207 seconds
2018-06-19T15:52:12.860+0200: 109,649: Total time for which application threads were stopped: 0,0000862 seconds, Stopping threads took: 0,0000236 seconds
2018-06-19T15:52:33.485+0200: 130,274: Total time for which application threads were stopped: 0,0002084 seconds, Stopping threads took: 0,0000771 seconds
2018-06-19T15:52:33.487+0200: 130,276: Total time for which application threads were stopped: 0,0001756 seconds, Stopping threads took: 0,0000453 seconds
2018-06-19T15:52:53.753+0200: 150,542: Total time for which application threads were stopped: 0,0004499 seconds, Stopping threads took: 0,0000253 seconds
2018-06-19T15:52:53.754+0200: 150,543: Total time for which application threads were stopped: 0,0004045 seconds, Stopping threads took: 0,0000135 seconds
2018-06-19T15:52:53.755+0200: 150,544: Total time for which application threads were stopped: 0,0001142 seconds, Stopping threads took: 0,0000430 seconds
2018-06-19T15:52:53.756+0200: 150,544: Total time for which application threads were stopped: 0,0000938 seconds, Stopping threads took: 0,0000276 seconds
2018-06-19T15:52:53.756+0200: 150,545: Total time for which application threads were stopped: 0,0000590 seconds, Stopping threads took: 0,0000117 seconds
2018-06-19T15:52:53.758+0200: 150,547: Total time for which application threads were stopped: 0,0001204 seconds, Stopping threads took: 0,0000510 seconds
2018-06-19T15:52:53.759+0200: 150,548: Total time for which application threads were stopped: 0,0001097 seconds, Stopping threads took: 0,0000329 seconds
2018-06-19T15:52:53.759+0200: 150,548: Total time for which application threads were stopped: 0,0000439 seconds, Stopping threads took: 0,0000109 seconds
2018-06-19T15:52:53.759+0200: 150,548: Total time for which application threads were stopped: 0,0000902 seconds, Stopping threads took: 0,0000333 seconds
2018-06-19T15:52:53.764+0200: 150,553: Total time for which application threads were stopped: 0,0000937 seconds, Stopping threads took: 0,0000294 seconds
2018-06-19T15:52:53.775+0200: 150,564: Total time for which application threads were stopped: 0,0020651 seconds, Stopping threads took: 0,0019806 seconds
2018-06-19T15:52:53.776+0200: 150,565: Total time for which application threads were stopped: 0,0013591 seconds, Stopping threads took: 0,0013169 seconds
2018-06-19T15:52:53.777+0200: 150,565: Total time for which application threads were stopped: 0,0000898 seconds, Stopping threads took: 0,0000427 seconds
2018-06-19T15:52:53.780+0200: 150,569: Total time for which application threads were stopped: 0,0004741 seconds, Stopping threads took: 0,0003819 seconds
2018-06-19T15:52:53.783+0200: 150,572: Total time for which application threads were stopped: 0,0001246 seconds, Stopping threads took: 0,0000545 seconds
2018-06-19T15:52:53.784+0200: 150,573: Total time for which application threads were stopped: 0,0000979 seconds, Stopping threads took: 0,0000294 seconds
2018-06-19T15:52:53.784+0200: 150,573: Total time for which application threads were stopped: 0,0000656 seconds, Stopping threads took: 0,0000332 seconds
2018-06-19T15:52:53.784+0200: 150,573: Total time for which application threads were stopped: 0,0000652 seconds, Stopping threads took: 0,0000214 seconds
2018-06-19T15:52:53.785+0200: 150,573: Total time for which application threads were stopped: 0,0000546 seconds, Stopping threads took: 0,0000174 seconds
2018-06-19T15:52:53.785+0200: 150,573: Total time for which application threads were stopped: 0,0000387 seconds, Stopping threads took: 0,0000127 seconds
2018-06-19T15:52:53.785+0200: 150,573: Total time for which application threads were stopped: 0,0000343 seconds, Stopping threads took: 0,0000104 seconds
2018-06-19T15:52:53.785+0200: 150,574: Total time for which application threads were stopped: 0,0000662 seconds, Stopping threads took: 0,0000385 seconds
2018-06-19T15:52:53.787+0200: 150,576: Total time for which application threads were stopped: 0,0001533 seconds, Stopping threads took: 0,0000660 seconds
2018-06-19T15:52:53.790+0200: 150,579: Total time for which application threads were stopped: 0,0001774 seconds, Stopping threads took: 0,0000322 seconds
2018-06-19T15:52:53.795+0200: 150,584: Total time for which application threads were stopped: 0,0001815 seconds, Stopping threads took: 0,0000675 seconds
2018-06-19T15:52:53.800+0200: 150,589: Total time for which application threads were stopped: 0,0022797 seconds, Stopping threads took: 0,0021988 seconds
2018-06-19T15:52:53.801+0200: 150,589: Total time for which application threads were stopped: 0,0000981 seconds, Stopping threads took: 0,0000229 seconds
Heap
 par new generation   total 109248K, used 97373K [0x00000000e0000000, 0x00000000e8000000, 0x00000000e8000000)
  eden space 87424K,  91% used [0x00000000e0000000, 0x00000000e4e81990, 0x00000000e5560000)
  from space 21824K,  77% used [0x00000000e6ab0000, 0x00000000e7b45b60, 0x00000000e8000000)
  to   space 21824K,   0% used [0x00000000e5560000, 0x00000000e5560000, 0x00000000e6ab0000)
 concurrent mark-sweep generation total 393216K, used 8386K [0x00000000e8000000, 0x0000000100000000, 0x0000000100000000)
 Metaspace       used 30968K, capacity 31714K, committed 31996K, reserved 1077248K
  class space    used 3565K, capacity 3793K, committed 3836K, reserved 1048576K
