OpenJDK 64-Bit Server VM (25.171-b11) for linux-amd64 JRE (1.8.0_171-8u171-b11-0ubuntu0.16.04.1-b11), built on Apr 27 2018 17:19:03 by "buildd" with gcc 5.4.0 20160609
Memory: 4k page, physical 7867600k(1260404k free), swap 8076284k(8076284k free)
CommandLine flags: -XX:CMSInitiatingOccupancyFraction=50 -XX:CMSMaxAbortablePrecleanTime=6000 -XX:+CMSParallelRemarkEnabled -XX:+CMSScavengeBeforeRemark -XX:ConcGCThreads=4 -XX:InitialHeapSize=536870912 -XX:MaxHeapSize=536870912 -XX:MaxTenuringThreshold=8 -XX:NewRatio=3 -XX:OldPLABSize=16 -XX:OnOutOfMemoryError=/home/gurnoor/workspace/QTM/solr/bin/oom_solr.sh 8983 /home/gurnoor/workspace/QTM/solr/server/logs -XX:ParallelGCThreads=4 -XX:+ParallelRefProcEnabled -XX:PretenureSizeThreshold=67108864 -XX:+PrintGC -XX:+PrintGCApplicationStoppedTime -XX:+PrintGCDateStamps -XX:+PrintGCDetails -XX:+PrintGCTimeStamps -XX:+PrintHeapAtGC -XX:+PrintTenuringDistribution -XX:SurvivorRatio=4 -XX:TargetSurvivorRatio=90 -XX:ThreadStackSize=256 -XX:+UseCMSInitiatingOccupancyOnly -XX:+UseCompressedClassPointers -XX:+UseCompressedOops -XX:+UseConcMarkSweepGC -XX:+UseParNewGC 
2018-06-19T11:16:54.722+0200: 0,230: Total time for which application threads were stopped: 0,0000806 seconds, Stopping threads took: 0,0000123 seconds
2018-06-19T11:16:54.815+0200: 0,323: Total time for which application threads were stopped: 0,0001656 seconds, Stopping threads took: 0,0000286 seconds
2018-06-19T11:16:54.832+0200: 0,340: Total time for which application threads were stopped: 0,0001049 seconds, Stopping threads took: 0,0000175 seconds
2018-06-19T11:16:55.015+0200: 0,523: Total time for which application threads were stopped: 0,0001763 seconds, Stopping threads took: 0,0000233 seconds
2018-06-19T11:16:55.278+0200: 0,785: Total time for which application threads were stopped: 0,0001748 seconds, Stopping threads took: 0,0000190 seconds
2018-06-19T11:16:55.340+0200: 0,848: Total time for which application threads were stopped: 0,0001494 seconds, Stopping threads took: 0,0000174 seconds
2018-06-19T11:16:55.370+0200: 0,878: Total time for which application threads were stopped: 0,0002699 seconds, Stopping threads took: 0,0000534 seconds
2018-06-19T11:16:55.752+0200: 1,260: Total time for which application threads were stopped: 0,0002280 seconds, Stopping threads took: 0,0000239 seconds
2018-06-19T11:16:56.107+0200: 1,615: Total time for which application threads were stopped: 0,0002722 seconds, Stopping threads took: 0,0000213 seconds
2018-06-19T11:16:56.170+0200: 1,678: Total time for which application threads were stopped: 0,0002223 seconds, Stopping threads took: 0,0000207 seconds
2018-06-19T11:16:56.306+0200: 1,814: Total time for which application threads were stopped: 0,0010405 seconds, Stopping threads took: 0,0000739 seconds
2018-06-19T11:16:56.308+0200: 1,816: Total time for which application threads were stopped: 0,0003161 seconds, Stopping threads took: 0,0000390 seconds
2018-06-19T11:16:56.331+0200: 1,839: Total time for which application threads were stopped: 0,0002247 seconds, Stopping threads took: 0,0000212 seconds
2018-06-19T11:16:56.507+0200: 2,015: Total time for which application threads were stopped: 0,0003098 seconds, Stopping threads took: 0,0000401 seconds
2018-06-19T11:16:56.799+0200: 2,307: Total time for which application threads were stopped: 0,0003458 seconds, Stopping threads took: 0,0000644 seconds
{Heap before GC invocations=0 (full 0):
 par new generation   total 109248K, used 87424K [0x00000000e0000000, 0x00000000e8000000, 0x00000000e8000000)
  eden space 87424K, 100% used [0x00000000e0000000, 0x00000000e5560000, 0x00000000e5560000)
  from space 21824K,   0% used [0x00000000e5560000, 0x00000000e5560000, 0x00000000e6ab0000)
  to   space 21824K,   0% used [0x00000000e6ab0000, 0x00000000e6ab0000, 0x00000000e8000000)
 concurrent mark-sweep generation total 393216K, used 0K [0x00000000e8000000, 0x0000000100000000, 0x0000000100000000)
 Metaspace       used 18172K, capacity 18472K, committed 18688K, reserved 1064960K
  class space    used 2049K, capacity 2198K, committed 2304K, reserved 1048576K
2018-06-19T11:16:56.958+0200: 2,466: [GC (Allocation Failure) 2018-06-19T11:16:56.958+0200: 2,466: [ParNew
Desired survivor size 20112992 bytes, new threshold 8 (max 8)
- age   1:   12385024 bytes,   12385024 total
: 87424K->12208K(109248K), 0,0222473 secs] 87424K->12208K(502464K), 0,0223294 secs] [Times: user=0,07 sys=0,00, real=0,02 secs] 
Heap after GC invocations=1 (full 0):
 par new generation   total 109248K, used 12208K [0x00000000e0000000, 0x00000000e8000000, 0x00000000e8000000)
  eden space 87424K,   0% used [0x00000000e0000000, 0x00000000e0000000, 0x00000000e5560000)
  from space 21824K,  55% used [0x00000000e6ab0000, 0x00000000e769c280, 0x00000000e8000000)
  to   space 21824K,   0% used [0x00000000e5560000, 0x00000000e5560000, 0x00000000e6ab0000)
 concurrent mark-sweep generation total 393216K, used 0K [0x00000000e8000000, 0x0000000100000000, 0x0000000100000000)
 Metaspace       used 18172K, capacity 18472K, committed 18688K, reserved 1064960K
  class space    used 2049K, capacity 2198K, committed 2304K, reserved 1048576K
}
2018-06-19T11:16:56.981+0200: 2,488: Total time for which application threads were stopped: 0,0229645 seconds, Stopping threads took: 0,0003310 seconds
2018-06-19T11:16:57.317+0200: 2,825: Total time for which application threads were stopped: 0,0004135 seconds, Stopping threads took: 0,0000459 seconds
2018-06-19T11:16:57.417+0200: 2,925: Total time for which application threads were stopped: 0,0004554 seconds, Stopping threads took: 0,0000626 seconds
{Heap before GC invocations=1 (full 0):
 par new generation   total 109248K, used 99632K [0x00000000e0000000, 0x00000000e8000000, 0x00000000e8000000)
  eden space 87424K, 100% used [0x00000000e0000000, 0x00000000e5560000, 0x00000000e5560000)
  from space 21824K,  55% used [0x00000000e6ab0000, 0x00000000e769c280, 0x00000000e8000000)
  to   space 21824K,   0% used [0x00000000e5560000, 0x00000000e5560000, 0x00000000e6ab0000)
 concurrent mark-sweep generation total 393216K, used 0K [0x00000000e8000000, 0x0000000100000000, 0x0000000100000000)
 Metaspace       used 20134K, capacity 20502K, committed 20736K, reserved 1067008K
  class space    used 2299K, capacity 2473K, committed 2560K, reserved 1048576K
2018-06-19T11:16:57.423+0200: 2,931: [GC (Allocation Failure) 2018-06-19T11:16:57.423+0200: 2,931: [ParNew
Desired survivor size 20112992 bytes, new threshold 8 (max 8)
- age   1:    2754248 bytes,    2754248 total
- age   2:    6481240 bytes,    9235488 total
: 99632K->11505K(109248K), 0,0180335 secs] 99632K->11505K(502464K), 0,0181257 secs] [Times: user=0,04 sys=0,00, real=0,02 secs] 
Heap after GC invocations=2 (full 0):
 par new generation   total 109248K, used 11505K [0x00000000e0000000, 0x00000000e8000000, 0x00000000e8000000)
  eden space 87424K,   0% used [0x00000000e0000000, 0x00000000e0000000, 0x00000000e5560000)
  from space 21824K,  52% used [0x00000000e5560000, 0x00000000e609c520, 0x00000000e6ab0000)
  to   space 21824K,   0% used [0x00000000e6ab0000, 0x00000000e6ab0000, 0x00000000e8000000)
 concurrent mark-sweep generation total 393216K, used 0K [0x00000000e8000000, 0x0000000100000000, 0x0000000100000000)
 Metaspace       used 20134K, capacity 20502K, committed 20736K, reserved 1067008K
  class space    used 2299K, capacity 2473K, committed 2560K, reserved 1048576K
}
2018-06-19T11:16:57.441+0200: 2,949: Total time for which application threads were stopped: 0,0184134 seconds, Stopping threads took: 0,0000776 seconds
2018-06-19T11:16:57.494+0200: 3,002: Total time for which application threads were stopped: 0,0030240 seconds, Stopping threads took: 0,0025679 seconds
2018-06-19T11:16:57.650+0200: 3,158: Total time for which application threads were stopped: 0,0004221 seconds, Stopping threads took: 0,0002259 seconds
2018-06-19T11:16:57.728+0200: 3,236: Total time for which application threads were stopped: 0,0006760 seconds, Stopping threads took: 0,0001480 seconds
{Heap before GC invocations=2 (full 0):
 par new generation   total 109248K, used 98945K [0x00000000e0000000, 0x00000000e8000000, 0x00000000e8000000)
  eden space 87424K, 100% used [0x00000000e0000000, 0x00000000e5560000, 0x00000000e5560000)
  from space 21824K,  52% used [0x00000000e5560000, 0x00000000e60a0530, 0x00000000e6ab0000)
  to   space 21824K,   0% used [0x00000000e6ab0000, 0x00000000e6ab0000, 0x00000000e8000000)
 concurrent mark-sweep generation total 393216K, used 0K [0x00000000e8000000, 0x0000000100000000, 0x0000000100000000)
 Metaspace       used 21053K, capacity 21424K, committed 21628K, reserved 1069056K
  class space    used 2424K, capacity 2592K, committed 2684K, reserved 1048576K
2018-06-19T11:16:57.728+0200: 3,236: [GC (Allocation Failure) 2018-06-19T11:16:57.728+0200: 3,236: [ParNew
Desired survivor size 20112992 bytes, new threshold 8 (max 8)
- age   1:    1953280 bytes,    1953280 total
- age   2:     507000 bytes,    2460280 total
- age   3:    6477712 bytes,    8937992 total
: 98945K->10852K(109248K), 0,0121976 secs] 98945K->10852K(502464K), 0,0122880 secs] [Times: user=0,03 sys=0,00, real=0,01 secs] 
Heap after GC invocations=3 (full 0):
 par new generation   total 109248K, used 10852K [0x00000000e0000000, 0x00000000e8000000, 0x00000000e8000000)
  eden space 87424K,   0% used [0x00000000e0000000, 0x00000000e0000000, 0x00000000e5560000)
  from space 21824K,  49% used [0x00000000e6ab0000, 0x00000000e75490c0, 0x00000000e8000000)
  to   space 21824K,   0% used [0x00000000e5560000, 0x00000000e5560000, 0x00000000e6ab0000)
 concurrent mark-sweep generation total 393216K, used 0K [0x00000000e8000000, 0x0000000100000000, 0x0000000100000000)
 Metaspace       used 21053K, capacity 21424K, committed 21628K, reserved 1069056K
  class space    used 2424K, capacity 2592K, committed 2684K, reserved 1048576K
}
2018-06-19T11:16:57.741+0200: 3,248: Total time for which application threads were stopped: 0,0124880 seconds, Stopping threads took: 0,0000393 seconds
2018-06-19T11:16:57.747+0200: 3,254: [GC (CMS Initial Mark) [1 CMS-initial-mark: 0K(393216K)] 11581K(502464K), 0,0038765 secs] [Times: user=0,01 sys=0,00, real=0,00 secs] 
2018-06-19T11:16:57.751+0200: 3,258: Total time for which application threads were stopped: 0,0096927 seconds, Stopping threads took: 0,0056797 seconds
2018-06-19T11:16:57.751+0200: 3,258: [CMS-concurrent-mark-start]
{Heap before GC invocations=3 (full 1):
 par new generation   total 109248K, used 11581K [0x00000000e0000000, 0x00000000e8000000, 0x00000000e8000000)
  eden space 87424K,   0% used [0x00000000e0000000, 0x00000000e00b6738, 0x00000000e5560000)
  from space 21824K,  49% used [0x00000000e6ab0000, 0x00000000e75490c0, 0x00000000e8000000)
  to   space 21824K,   0% used [0x00000000e5560000, 0x00000000e5560000, 0x00000000e6ab0000)
 concurrent mark-sweep generation total 393216K, used 0K [0x00000000e8000000, 0x0000000100000000, 0x0000000100000000)
 Metaspace       used 21053K, capacity 21424K, committed 21628K, reserved 1069056K
  class space    used 2424K, capacity 2592K, committed 2684K, reserved 1048576K
2018-06-19T11:16:57.751+0200: 3,259: [GC (GCLocker Initiated GC) 2018-06-19T11:16:57.751+0200: 3,259: [ParNew
Desired survivor size 20112992 bytes, new threshold 8 (max 8)
- age   1:     126200 bytes,     126200 total
- age   2:    1467456 bytes,    1593656 total
- age   3:     507000 bytes,    2100656 total
- age   4:    6477248 bytes,    8577904 total
: 11581K->13074K(109248K), 0,0212508 secs] 11581K->13074K(502464K), 0,0215133 secs] [Times: user=0,06 sys=0,00, real=0,03 secs] 
Heap after GC invocations=4 (full 1):
 par new generation   total 109248K, used 13074K [0x00000000e0000000, 0x00000000e8000000, 0x00000000e8000000)
  eden space 87424K,   0% used [0x00000000e0000000, 0x00000000e0000000, 0x00000000e5560000)
  from space 21824K,  59% used [0x00000000e5560000, 0x00000000e6224b00, 0x00000000e6ab0000)
  to   space 21824K,   0% used [0x00000000e6ab0000, 0x00000000e6ab0000, 0x00000000e8000000)
 concurrent mark-sweep generation total 393216K, used 0K [0x00000000e8000000, 0x0000000100000000, 0x0000000100000000)
 Metaspace       used 21053K, capacity 21424K, committed 21628K, reserved 1069056K
  class space    used 2424K, capacity 2592K, committed 2684K, reserved 1048576K
}
2018-06-19T11:16:57.773+0200: 3,281: Total time for which application threads were stopped: 0,0219621 seconds, Stopping threads took: 0,0000425 seconds
2018-06-19T11:16:57.788+0200: 3,295: [CMS-concurrent-mark: 0,001/0,037 secs] [Times: user=0,09 sys=0,00, real=0,04 secs] 
2018-06-19T11:16:57.788+0200: 3,295: [CMS-concurrent-preclean-start]
2018-06-19T11:16:57.789+0200: 3,297: [CMS-concurrent-preclean: 0,001/0,001 secs] [Times: user=0,01 sys=0,00, real=0,00 secs] 
2018-06-19T11:16:57.789+0200: 3,297: [CMS-concurrent-abortable-preclean-start]
2018-06-19T11:16:57.828+0200: 3,336: Total time for which application threads were stopped: 0,0001254 seconds, Stopping threads took: 0,0000340 seconds
{Heap before GC invocations=4 (full 1):
 par new generation   total 109248K, used 100498K [0x00000000e0000000, 0x00000000e8000000, 0x00000000e8000000)
  eden space 87424K, 100% used [0x00000000e0000000, 0x00000000e5560000, 0x00000000e5560000)
  from space 21824K,  59% used [0x00000000e5560000, 0x00000000e6224b00, 0x00000000e6ab0000)
  to   space 21824K,   0% used [0x00000000e6ab0000, 0x00000000e6ab0000, 0x00000000e8000000)
 concurrent mark-sweep generation total 393216K, used 0K [0x00000000e8000000, 0x0000000100000000, 0x0000000100000000)
 Metaspace       used 21327K, capacity 21700K, committed 21884K, reserved 1069056K
  class space    used 2452K, capacity 2607K, committed 2684K, reserved 1048576K
2018-06-19T11:16:57.920+0200: 3,428: [GC (Allocation Failure) 2018-06-19T11:16:57.920+0200: 3,428: [ParNew
Desired survivor size 20112992 bytes, new threshold 8 (max 8)
- age   1:    1180688 bytes,    1180688 total
- age   3:    1444880 bytes,    2625568 total
- age   4:     502920 bytes,    3128488 total
- age   5:    6477248 bytes,    9605736 total
: 100498K->11751K(109248K), 0,0230686 secs] 100498K->11751K(502464K), 0,0231392 secs] [Times: user=0,05 sys=0,00, real=0,02 secs] 
Heap after GC invocations=5 (full 1):
 par new generation   total 109248K, used 11751K [0x00000000e0000000, 0x00000000e8000000, 0x00000000e8000000)
  eden space 87424K,   0% used [0x00000000e0000000, 0x00000000e0000000, 0x00000000e5560000)
  from space 21824K,  53% used [0x00000000e6ab0000, 0x00000000e7629e70, 0x00000000e8000000)
  to   space 21824K,   0% used [0x00000000e5560000, 0x00000000e5560000, 0x00000000e6ab0000)
 concurrent mark-sweep generation total 393216K, used 0K [0x00000000e8000000, 0x0000000100000000, 0x0000000100000000)
 Metaspace       used 21327K, capacity 21700K, committed 21884K, reserved 1069056K
  class space    used 2452K, capacity 2607K, committed 2684K, reserved 1048576K
}
2018-06-19T11:16:57.943+0200: 3,451: Total time for which application threads were stopped: 0,0234012 seconds, Stopping threads took: 0,0000719 seconds
2018-06-19T11:16:58.046+0200: 3,554: Total time for which application threads were stopped: 0,0012423 seconds, Stopping threads took: 0,0011046 seconds
2018-06-19T11:16:58.046+0200: 3,554: [CMS-concurrent-abortable-preclean: 0,143/0,257 secs] [Times: user=0,89 sys=0,01, real=0,26 secs] 
2018-06-19T11:16:58.046+0200: 3,554: [GC (CMS Final Remark) [YG occupancy: 95536 K (109248 K)]{Heap before GC invocations=5 (full 1):
 par new generation   total 109248K, used 95536K [0x00000000e0000000, 0x00000000e8000000, 0x00000000e8000000)
  eden space 87424K,  95% used [0x00000000e0000000, 0x00000000e51d2498, 0x00000000e5560000)
  from space 21824K,  53% used [0x00000000e6ab0000, 0x00000000e7629e70, 0x00000000e8000000)
  to   space 21824K,   0% used [0x00000000e5560000, 0x00000000e5560000, 0x00000000e6ab0000)
 concurrent mark-sweep generation total 393216K, used 0K [0x00000000e8000000, 0x0000000100000000, 0x0000000100000000)
 Metaspace       used 21506K, capacity 21936K, committed 22216K, reserved 1069056K
  class space    used 2471K, capacity 2641K, committed 2684K, reserved 1048576K
2018-06-19T11:16:58.046+0200: 3,554: [GC (CMS Final Remark) 2018-06-19T11:16:58.046+0200: 3,554: [ParNew
Desired survivor size 20112992 bytes, new threshold 8 (max 8)
- age   1:     265080 bytes,     265080 total
- age   2:     193752 bytes,     458832 total
- age   4:    1441440 bytes,    1900272 total
- age   5:     500920 bytes,    2401192 total
- age   6:    6477248 bytes,    8878440 total
: 95536K->14181K(109248K), 0,0212233 secs] 95536K->14181K(502464K), 0,0212873 secs] [Times: user=0,06 sys=0,00, real=0,02 secs] 
Heap after GC invocations=6 (full 1):
 par new generation   total 109248K, used 14181K [0x00000000e0000000, 0x00000000e8000000, 0x00000000e8000000)
  eden space 87424K,   0% used [0x00000000e0000000, 0x00000000e0000000, 0x00000000e5560000)
  from space 21824K,  64% used [0x00000000e5560000, 0x00000000e63396b0, 0x00000000e6ab0000)
  to   space 21824K,   0% used [0x00000000e6ab0000, 0x00000000e6ab0000, 0x00000000e8000000)
 concurrent mark-sweep generation total 393216K, used 0K [0x00000000e8000000, 0x0000000100000000, 0x0000000100000000)
 Metaspace       used 21506K, capacity 21936K, committed 22216K, reserved 1069056K
  class space    used 2471K, capacity 2641K, committed 2684K, reserved 1048576K
}
2018-06-19T11:16:58.067+0200: 3,575: [Rescan (parallel) , 0,0088671 secs]2018-06-19T11:16:58.076+0200: 3,584: [weak refs processing, 0,0013238 secs]2018-06-19T11:16:58.078+0200: 3,585: [class unloading, 0,0031296 secs]2018-06-19T11:16:58.081+0200: 3,589: [scrub symbol table, 0,0032760 secs]2018-06-19T11:16:58.084+0200: 3,592: [scrub string table, 0,0003905 secs][1 CMS-remark: 0K(393216K)] 14181K(502464K), 0,0390750 secs] [Times: user=0,08 sys=0,00, real=0,04 secs] 
2018-06-19T11:16:58.085+0200: 3,593: Total time for which application threads were stopped: 0,0392271 seconds, Stopping threads took: 0,0000678 seconds
2018-06-19T11:16:58.085+0200: 3,593: [CMS-concurrent-sweep-start]
2018-06-19T11:16:58.085+0200: 3,593: [CMS-concurrent-sweep: 0,000/0,000 secs] [Times: user=0,00 sys=0,00, real=0,00 secs] 
2018-06-19T11:16:58.085+0200: 3,593: [CMS-concurrent-reset-start]
2018-06-19T11:16:58.086+0200: 3,594: Total time for which application threads were stopped: 0,0001786 seconds, Stopping threads took: 0,0001180 seconds
2018-06-19T11:16:58.095+0200: 3,603: [CMS-concurrent-reset: 0,009/0,009 secs] [Times: user=0,03 sys=0,01, real=0,01 secs] 
2018-06-19T11:16:58.113+0200: 3,621: Total time for which application threads were stopped: 0,0003739 seconds, Stopping threads took: 0,0000316 seconds
2018-06-19T11:16:58.390+0200: 3,898: Total time for which application threads were stopped: 0,0006066 seconds, Stopping threads took: 0,0000280 seconds
2018-06-19T11:16:58.409+0200: 3,917: Total time for which application threads were stopped: 0,0005083 seconds, Stopping threads took: 0,0000328 seconds
2018-06-19T11:16:58.598+0200: 4,106: Total time for which application threads were stopped: 0,0003321 seconds, Stopping threads took: 0,0000514 seconds
2018-06-19T11:16:58.638+0200: 4,145: Total time for which application threads were stopped: 0,0002323 seconds, Stopping threads took: 0,0001599 seconds
2018-06-19T11:16:58.650+0200: 4,158: Total time for which application threads were stopped: 0,0122146 seconds, Stopping threads took: 0,0120873 seconds
2018-06-19T11:16:58.652+0200: 4,160: Total time for which application threads were stopped: 0,0001240 seconds, Stopping threads took: 0,0000380 seconds
2018-06-19T11:16:58.658+0200: 4,166: Total time for which application threads were stopped: 0,0001458 seconds, Stopping threads took: 0,0000351 seconds
2018-06-19T11:16:58.659+0200: 4,167: Total time for which application threads were stopped: 0,0001337 seconds, Stopping threads took: 0,0000182 seconds
2018-06-19T11:16:58.659+0200: 4,167: Total time for which application threads were stopped: 0,0000805 seconds, Stopping threads took: 0,0000251 seconds
2018-06-19T11:16:58.662+0200: 4,170: Total time for which application threads were stopped: 0,0009793 seconds, Stopping threads took: 0,0008298 seconds
2018-06-19T11:16:58.666+0200: 4,173: Total time for which application threads were stopped: 0,0001414 seconds, Stopping threads took: 0,0000247 seconds
2018-06-19T11:16:58.666+0200: 4,174: Total time for which application threads were stopped: 0,0005408 seconds, Stopping threads took: 0,0004671 seconds
2018-06-19T11:16:58.666+0200: 4,174: Total time for which application threads were stopped: 0,0000766 seconds, Stopping threads took: 0,0000086 seconds
2018-06-19T11:16:58.667+0200: 4,175: Total time for which application threads were stopped: 0,0004657 seconds, Stopping threads took: 0,0003886 seconds
2018-06-19T11:16:58.667+0200: 4,175: Total time for which application threads were stopped: 0,0000738 seconds, Stopping threads took: 0,0000292 seconds
2018-06-19T11:16:58.667+0200: 4,175: Total time for which application threads were stopped: 0,0001028 seconds, Stopping threads took: 0,0000245 seconds
2018-06-19T11:16:58.677+0200: 4,184: Total time for which application threads were stopped: 0,0006776 seconds, Stopping threads took: 0,0002841 seconds
2018-06-19T11:16:58.682+0200: 4,189: Total time for which application threads were stopped: 0,0001848 seconds, Stopping threads took: 0,0000498 seconds
2018-06-19T11:16:58.682+0200: 4,190: Total time for which application threads were stopped: 0,0002176 seconds, Stopping threads took: 0,0001432 seconds
2018-06-19T11:16:58.688+0200: 4,196: Total time for which application threads were stopped: 0,0005866 seconds, Stopping threads took: 0,0001872 seconds
2018-06-19T11:16:58.691+0200: 4,199: Total time for which application threads were stopped: 0,0031216 seconds, Stopping threads took: 0,0029329 seconds
2018-06-19T11:16:58.692+0200: 4,199: Total time for which application threads were stopped: 0,0001785 seconds, Stopping threads took: 0,0000558 seconds
2018-06-19T11:16:58.693+0200: 4,200: Total time for which application threads were stopped: 0,0006842 seconds, Stopping threads took: 0,0004057 seconds
2018-06-19T11:16:58.693+0200: 4,201: Total time for which application threads were stopped: 0,0002930 seconds, Stopping threads took: 0,0002273 seconds
2018-06-19T11:16:58.696+0200: 4,204: Total time for which application threads were stopped: 0,0002271 seconds, Stopping threads took: 0,0000603 seconds
2018-06-19T11:16:58.698+0200: 4,205: Total time for which application threads were stopped: 0,0001593 seconds, Stopping threads took: 0,0000488 seconds
2018-06-19T11:16:58.698+0200: 4,206: Total time for which application threads were stopped: 0,0000949 seconds, Stopping threads took: 0,0000330 seconds
2018-06-19T11:16:58.698+0200: 4,206: Total time for which application threads were stopped: 0,0000831 seconds, Stopping threads took: 0,0000272 seconds
2018-06-19T11:16:58.698+0200: 4,206: Total time for which application threads were stopped: 0,0000817 seconds, Stopping threads took: 0,0000222 seconds
2018-06-19T11:16:58.700+0200: 4,208: Total time for which application threads were stopped: 0,0016838 seconds, Stopping threads took: 0,0015758 seconds
2018-06-19T11:16:58.700+0200: 4,208: Total time for which application threads were stopped: 0,0001340 seconds, Stopping threads took: 0,0000381 seconds
2018-06-19T11:16:58.705+0200: 4,213: Total time for which application threads were stopped: 0,0003611 seconds, Stopping threads took: 0,0001192 seconds
2018-06-19T11:16:58.706+0200: 4,213: Total time for which application threads were stopped: 0,0002182 seconds, Stopping threads took: 0,0000426 seconds
2018-06-19T11:16:58.706+0200: 4,214: Total time for which application threads were stopped: 0,0003083 seconds, Stopping threads took: 0,0000310 seconds
2018-06-19T11:16:58.707+0200: 4,215: Total time for which application threads were stopped: 0,0003551 seconds, Stopping threads took: 0,0002428 seconds
2018-06-19T11:16:58.707+0200: 4,215: Total time for which application threads were stopped: 0,0000921 seconds, Stopping threads took: 0,0000250 seconds
2018-06-19T11:16:58.707+0200: 4,215: Total time for which application threads were stopped: 0,0001026 seconds, Stopping threads took: 0,0000125 seconds
2018-06-19T11:16:58.708+0200: 4,216: Total time for which application threads were stopped: 0,0002484 seconds, Stopping threads took: 0,0001632 seconds
2018-06-19T11:16:58.708+0200: 4,216: Total time for which application threads were stopped: 0,0000865 seconds, Stopping threads took: 0,0000207 seconds
2018-06-19T11:16:58.709+0200: 4,217: Total time for which application threads were stopped: 0,0004992 seconds, Stopping threads took: 0,0004096 seconds
2018-06-19T11:16:58.709+0200: 4,217: Total time for which application threads were stopped: 0,0000919 seconds, Stopping threads took: 0,0000325 seconds
2018-06-19T11:16:58.710+0200: 4,217: Total time for which application threads were stopped: 0,0001887 seconds, Stopping threads took: 0,0000089 seconds
2018-06-19T11:16:58.712+0200: 4,220: Total time for which application threads were stopped: 0,0001161 seconds, Stopping threads took: 0,0000238 seconds
2018-06-19T11:16:58.713+0200: 4,220: Total time for which application threads were stopped: 0,0004450 seconds, Stopping threads took: 0,0000228 seconds
2018-06-19T11:16:58.713+0200: 4,221: Total time for which application threads were stopped: 0,0000637 seconds, Stopping threads took: 0,0000084 seconds
2018-06-19T11:16:58.713+0200: 4,221: Total time for which application threads were stopped: 0,0000678 seconds, Stopping threads took: 0,0000095 seconds
2018-06-19T11:16:58.713+0200: 4,221: Total time for which application threads were stopped: 0,0002001 seconds, Stopping threads took: 0,0000085 seconds
2018-06-19T11:16:58.720+0200: 4,228: Total time for which application threads were stopped: 0,0006635 seconds, Stopping threads took: 0,0005618 seconds
2018-06-19T11:16:58.723+0200: 4,230: Total time for which application threads were stopped: 0,0001760 seconds, Stopping threads took: 0,0000254 seconds
2018-06-19T11:16:58.723+0200: 4,231: Total time for which application threads were stopped: 0,0001253 seconds, Stopping threads took: 0,0000433 seconds
2018-06-19T11:16:58.723+0200: 4,231: Total time for which application threads were stopped: 0,0001011 seconds, Stopping threads took: 0,0000374 seconds
2018-06-19T11:16:58.723+0200: 4,231: Total time for which application threads were stopped: 0,0000777 seconds, Stopping threads took: 0,0000107 seconds
2018-06-19T11:16:58.724+0200: 4,231: Total time for which application threads were stopped: 0,0001108 seconds, Stopping threads took: 0,0000333 seconds
2018-06-19T11:16:58.732+0200: 4,240: Total time for which application threads were stopped: 0,0001658 seconds, Stopping threads took: 0,0000454 seconds
2018-06-19T11:16:58.732+0200: 4,240: Total time for which application threads were stopped: 0,0000959 seconds, Stopping threads took: 0,0000146 seconds
2018-06-19T11:16:58.732+0200: 4,240: Total time for which application threads were stopped: 0,0000771 seconds, Stopping threads took: 0,0000201 seconds
2018-06-19T11:16:58.732+0200: 4,240: Total time for which application threads were stopped: 0,0000584 seconds, Stopping threads took: 0,0000110 seconds
2018-06-19T11:16:58.744+0200: 4,252: Total time for which application threads were stopped: 0,0001616 seconds, Stopping threads took: 0,0000310 seconds
2018-06-19T11:16:58.747+0200: 4,255: Total time for which application threads were stopped: 0,0007813 seconds, Stopping threads took: 0,0000838 seconds
2018-06-19T11:16:58.749+0200: 4,256: Total time for which application threads were stopped: 0,0006146 seconds, Stopping threads took: 0,0001162 seconds
2018-06-19T11:16:58.749+0200: 4,257: Total time for which application threads were stopped: 0,0005810 seconds, Stopping threads took: 0,0000910 seconds
2018-06-19T11:16:58.750+0200: 4,258: Total time for which application threads were stopped: 0,0005027 seconds, Stopping threads took: 0,0000667 seconds
2018-06-19T11:16:58.753+0200: 4,261: Total time for which application threads were stopped: 0,0001676 seconds, Stopping threads took: 0,0000565 seconds
2018-06-19T11:16:58.757+0200: 4,264: Total time for which application threads were stopped: 0,0006258 seconds, Stopping threads took: 0,0004864 seconds
2018-06-19T11:16:58.757+0200: 4,265: Total time for which application threads were stopped: 0,0002418 seconds, Stopping threads took: 0,0000252 seconds
2018-06-19T11:16:58.760+0200: 4,268: Total time for which application threads were stopped: 0,0001675 seconds, Stopping threads took: 0,0000595 seconds
2018-06-19T11:16:58.776+0200: 4,284: Total time for which application threads were stopped: 0,0001170 seconds, Stopping threads took: 0,0000514 seconds
2018-06-19T11:16:58.784+0200: 4,292: Total time for which application threads were stopped: 0,0001317 seconds, Stopping threads took: 0,0000411 seconds
2018-06-19T11:16:58.792+0200: 4,300: Total time for which application threads were stopped: 0,0002074 seconds, Stopping threads took: 0,0000607 seconds
2018-06-19T11:16:58.817+0200: 4,324: Total time for which application threads were stopped: 0,0002016 seconds, Stopping threads took: 0,0000669 seconds
2018-06-19T11:16:58.817+0200: 4,325: Total time for which application threads were stopped: 0,0001303 seconds, Stopping threads took: 0,0000330 seconds
2018-06-19T11:16:58.820+0200: 4,328: Total time for which application threads were stopped: 0,0001726 seconds, Stopping threads took: 0,0000733 seconds
2018-06-19T11:16:58.824+0200: 4,332: Total time for which application threads were stopped: 0,0010324 seconds, Stopping threads took: 0,0009162 seconds
2018-06-19T11:16:58.836+0200: 4,343: Total time for which application threads were stopped: 0,0036209 seconds, Stopping threads took: 0,0034882 seconds
2018-06-19T11:16:58.938+0200: 4,446: Total time for which application threads were stopped: 0,0002221 seconds, Stopping threads took: 0,0001047 seconds
2018-06-19T11:16:58.940+0200: 4,448: Total time for which application threads were stopped: 0,0003638 seconds, Stopping threads took: 0,0002710 seconds
2018-06-19T11:16:58.944+0200: 4,451: Total time for which application threads were stopped: 0,0016976 seconds, Stopping threads took: 0,0015950 seconds
2018-06-19T11:16:58.949+0200: 4,456: Total time for which application threads were stopped: 0,0008333 seconds, Stopping threads took: 0,0007442 seconds
2018-06-19T11:16:58.949+0200: 4,457: Total time for which application threads were stopped: 0,0000760 seconds, Stopping threads took: 0,0000321 seconds
{Heap before GC invocations=6 (full 1):
 par new generation   total 109248K, used 101605K [0x00000000e0000000, 0x00000000e8000000, 0x00000000e8000000)
  eden space 87424K, 100% used [0x00000000e0000000, 0x00000000e5560000, 0x00000000e5560000)
  from space 21824K,  64% used [0x00000000e5560000, 0x00000000e63396b0, 0x00000000e6ab0000)
  to   space 21824K,   0% used [0x00000000e6ab0000, 0x00000000e6ab0000, 0x00000000e8000000)
 concurrent mark-sweep generation total 393216K, used 0K [0x00000000e8000000, 0x0000000100000000, 0x0000000100000000)
 Metaspace       used 25379K, capacity 25864K, committed 25980K, reserved 1073152K
  class space    used 2940K, capacity 3125K, committed 3196K, reserved 1048576K
2018-06-19T11:16:58.953+0200: 4,460: [GC (Allocation Failure) 2018-06-19T11:16:58.953+0200: 4,460: [ParNew
Desired survivor size 20112992 bytes, new threshold 8 (max 8)
- age   1:    5690104 bytes,    5690104 total
- age   2:     128272 bytes,    5818376 total
- age   3:     187336 bytes,    6005712 total
- age   5:     269792 bytes,    6275504 total
- age   6:     480976 bytes,    6756480 total
- age   7:    6470360 bytes,   13226840 total
: 101605K->14677K(109248K), 0,0212786 secs] 101605K->14677K(502464K), 0,0213442 secs] [Times: user=0,07 sys=0,00, real=0,02 secs] 
Heap after GC invocations=7 (full 1):
 par new generation   total 109248K, used 14677K [0x00000000e0000000, 0x00000000e8000000, 0x00000000e8000000)
  eden space 87424K,   0% used [0x00000000e0000000, 0x00000000e0000000, 0x00000000e5560000)
  from space 21824K,  67% used [0x00000000e6ab0000, 0x00000000e7905570, 0x00000000e8000000)
  to   space 21824K,   0% used [0x00000000e5560000, 0x00000000e5560000, 0x00000000e6ab0000)
 concurrent mark-sweep generation total 393216K, used 0K [0x00000000e8000000, 0x0000000100000000, 0x0000000100000000)
 Metaspace       used 25379K, capacity 25864K, committed 25980K, reserved 1073152K
  class space    used 2940K, capacity 3125K, committed 3196K, reserved 1048576K
}
2018-06-19T11:16:58.974+0200: 4,482: Total time for which application threads were stopped: 0,0216180 seconds, Stopping threads took: 0,0000558 seconds
2018-06-19T11:16:58.974+0200: 4,482: Total time for which application threads were stopped: 0,0001653 seconds, Stopping threads took: 0,0000663 seconds
2018-06-19T11:16:59.000+0200: 4,508: Total time for which application threads were stopped: 0,0031708 seconds, Stopping threads took: 0,0030445 seconds
2018-06-19T11:16:59.041+0200: 4,549: Total time for which application threads were stopped: 0,0001608 seconds, Stopping threads took: 0,0000556 seconds
2018-06-19T11:16:59.124+0200: 4,632: Total time for which application threads were stopped: 0,0006171 seconds, Stopping threads took: 0,0000450 seconds
2018-06-19T11:16:59.164+0200: 4,671: Total time for which application threads were stopped: 0,0005381 seconds, Stopping threads took: 0,0000509 seconds
2018-06-19T11:16:59.272+0200: 4,780: Total time for which application threads were stopped: 0,0030061 seconds, Stopping threads took: 0,0023794 seconds
2018-06-19T11:16:59.280+0200: 4,788: Total time for which application threads were stopped: 0,0012218 seconds, Stopping threads took: 0,0010542 seconds
2018-06-19T11:16:59.289+0200: 4,797: Total time for which application threads were stopped: 0,0001349 seconds, Stopping threads took: 0,0000544 seconds
2018-06-19T11:16:59.320+0200: 4,828: Total time for which application threads were stopped: 0,0001704 seconds, Stopping threads took: 0,0000458 seconds
2018-06-19T11:16:59.358+0200: 4,866: Total time for which application threads were stopped: 0,0020474 seconds, Stopping threads took: 0,0019233 seconds
2018-06-19T11:16:59.372+0200: 4,880: Total time for which application threads were stopped: 0,0038748 seconds, Stopping threads took: 0,0037061 seconds
2018-06-19T11:16:59.403+0200: 4,911: Total time for which application threads were stopped: 0,0001853 seconds, Stopping threads took: 0,0000649 seconds
2018-06-19T11:16:59.466+0200: 4,974: Total time for which application threads were stopped: 0,0033593 seconds, Stopping threads took: 0,0028479 seconds
{Heap before GC invocations=7 (full 1):
 par new generation   total 109248K, used 102101K [0x00000000e0000000, 0x00000000e8000000, 0x00000000e8000000)
  eden space 87424K, 100% used [0x00000000e0000000, 0x00000000e5560000, 0x00000000e5560000)
  from space 21824K,  67% used [0x00000000e6ab0000, 0x00000000e7905570, 0x00000000e8000000)
  to   space 21824K,   0% used [0x00000000e5560000, 0x00000000e5560000, 0x00000000e6ab0000)
 concurrent mark-sweep generation total 393216K, used 0K [0x00000000e8000000, 0x0000000100000000, 0x0000000100000000)
 Metaspace       used 28002K, capacity 28620K, committed 28796K, reserved 1075200K
  class space    used 3223K, capacity 3421K, committed 3452K, reserved 1048576K
2018-06-19T11:16:59.643+0200: 5,150: [GC (Allocation Failure) 2018-06-19T11:16:59.643+0200: 5,150: [ParNew
Desired survivor size 20112992 bytes, new threshold 8 (max 8)
- age   1:   12436784 bytes,   12436784 total
- age   2:    2297936 bytes,   14734720 total
- age   3:     128272 bytes,   14862992 total
- age   4:     187160 bytes,   15050152 total
- age   6:     269488 bytes,   15319640 total
- age   7:     472808 bytes,   15792448 total
- age   8:    6272992 bytes,   22065440 total
: 102101K->21824K(109248K), 0,0659701 secs] 102101K->23378K(502464K), 0,0660641 secs] [Times: user=0,14 sys=0,00, real=0,07 secs] 
Heap after GC invocations=8 (full 1):
 par new generation   total 109248K, used 21824K [0x00000000e0000000, 0x00000000e8000000, 0x00000000e8000000)
  eden space 87424K,   0% used [0x00000000e0000000, 0x00000000e0000000, 0x00000000e5560000)
  from space 21824K, 100% used [0x00000000e5560000, 0x00000000e6ab0000, 0x00000000e6ab0000)
  to   space 21824K,   0% used [0x00000000e6ab0000, 0x00000000e6ab0000, 0x00000000e8000000)
 concurrent mark-sweep generation total 393216K, used 1554K [0x00000000e8000000, 0x0000000100000000, 0x0000000100000000)
 Metaspace       used 28002K, capacity 28620K, committed 28796K, reserved 1075200K
  class space    used 3223K, capacity 3421K, committed 3452K, reserved 1048576K
}
2018-06-19T11:16:59.709+0200: 5,216: Total time for which application threads were stopped: 0,0669791 seconds, Stopping threads took: 0,0006572 seconds
2018-06-19T11:16:59.716+0200: 5,224: Total time for which application threads were stopped: 0,0009997 seconds, Stopping threads took: 0,0003552 seconds
2018-06-19T11:16:59.719+0200: 5,227: Total time for which application threads were stopped: 0,0003001 seconds, Stopping threads took: 0,0001643 seconds
2018-06-19T11:16:59.735+0200: 5,243: Total time for which application threads were stopped: 0,0073860 seconds, Stopping threads took: 0,0071992 seconds
{Heap before GC invocations=8 (full 1):
 par new generation   total 109248K, used 109248K [0x00000000e0000000, 0x00000000e8000000, 0x00000000e8000000)
  eden space 87424K, 100% used [0x00000000e0000000, 0x00000000e5560000, 0x00000000e5560000)
  from space 21824K, 100% used [0x00000000e5560000, 0x00000000e6ab0000, 0x00000000e6ab0000)
  to   space 21824K,   0% used [0x00000000e6ab0000, 0x00000000e6ab0000, 0x00000000e8000000)
 concurrent mark-sweep generation total 393216K, used 1554K [0x00000000e8000000, 0x0000000100000000, 0x0000000100000000)
 Metaspace       used 28067K, capacity 28648K, committed 28796K, reserved 1075200K
  class space    used 3226K, capacity 3426K, committed 3452K, reserved 1048576K
2018-06-19T11:16:59.928+0200: 5,436: [GC (Allocation Failure) 2018-06-19T11:16:59.928+0200: 5,436: [ParNew
Desired survivor size 20112992 bytes, new threshold 8 (max 8)
- age   1:    1199448 bytes,    1199448 total
- age   2:   11619480 bytes,   12818928 total
- age   3:    2295320 bytes,   15114248 total
- age   4:     128272 bytes,   15242520 total
- age   5:     186952 bytes,   15429472 total
- age   7:     269488 bytes,   15698960 total
- age   8:     472808 bytes,   16171768 total
: 109248K->21824K(109248K), 0,1295977 secs] 110802K->30301K(502464K), 0,1297313 secs] [Times: user=0,35 sys=0,01, real=0,13 secs] 
Heap after GC invocations=9 (full 1):
 par new generation   total 109248K, used 21824K [0x00000000e0000000, 0x00000000e8000000, 0x00000000e8000000)
  eden space 87424K,   0% used [0x00000000e0000000, 0x00000000e0000000, 0x00000000e5560000)
  from space 21824K, 100% used [0x00000000e6ab0000, 0x00000000e8000000, 0x00000000e8000000)
  to   space 21824K,   0% used [0x00000000e5560000, 0x00000000e5560000, 0x00000000e6ab0000)
 concurrent mark-sweep generation total 393216K, used 8477K [0x00000000e8000000, 0x0000000100000000, 0x0000000100000000)
 Metaspace       used 28067K, capacity 28648K, committed 28796K, reserved 1075200K
  class space    used 3226K, capacity 3426K, committed 3452K, reserved 1048576K
}
2018-06-19T11:17:00.058+0200: 5,566: Total time for which application threads were stopped: 0,1363895 seconds, Stopping threads took: 0,0064091 seconds
2018-06-19T11:17:00.177+0200: 5,684: Total time for which application threads were stopped: 0,0001828 seconds, Stopping threads took: 0,0000585 seconds
2018-06-19T11:17:00.264+0200: 5,772: Total time for which application threads were stopped: 0,0009780 seconds, Stopping threads took: 0,0008101 seconds
{Heap before GC invocations=9 (full 1):
 par new generation   total 109248K, used 109248K [0x00000000e0000000, 0x00000000e8000000, 0x00000000e8000000)
  eden space 87424K, 100% used [0x00000000e0000000, 0x00000000e5560000, 0x00000000e5560000)
  from space 21824K, 100% used [0x00000000e6ab0000, 0x00000000e8000000, 0x00000000e8000000)
  to   space 21824K,   0% used [0x00000000e5560000, 0x00000000e5560000, 0x00000000e6ab0000)
 concurrent mark-sweep generation total 393216K, used 8477K [0x00000000e8000000, 0x0000000100000000, 0x0000000100000000)
 Metaspace       used 28177K, capacity 28792K, committed 29052K, reserved 1075200K
  class space    used 3228K, capacity 3429K, committed 3452K, reserved 1048576K
2018-06-19T11:17:00.289+0200: 5,796: [GC (Allocation Failure) 2018-06-19T11:17:00.289+0200: 5,796: [ParNew
Desired survivor size 20112992 bytes, new threshold 8 (max 8)
- age   1:    1004808 bytes,    1004808 total
- age   2:     159016 bytes,    1163824 total
- age   3:   11617488 bytes,   12781312 total
- age   4:    2295256 bytes,   15076568 total
- age   5:     128272 bytes,   15204840 total
- age   6:     186952 bytes,   15391792 total
- age   8:     269488 bytes,   15661280 total
: 109248K->20451K(109248K), 0,0574524 secs] 117725K->29402K(502464K), 0,0575581 secs] [Times: user=0,21 sys=0,00, real=0,06 secs] 
Heap after GC invocations=10 (full 1):
 par new generation   total 109248K, used 20451K [0x00000000e0000000, 0x00000000e8000000, 0x00000000e8000000)
  eden space 87424K,   0% used [0x00000000e0000000, 0x00000000e0000000, 0x00000000e5560000)
  from space 21824K,  93% used [0x00000000e5560000, 0x00000000e6958c80, 0x00000000e6ab0000)
  to   space 21824K,   0% used [0x00000000e6ab0000, 0x00000000e6ab0000, 0x00000000e8000000)
 concurrent mark-sweep generation total 393216K, used 8951K [0x00000000e8000000, 0x0000000100000000, 0x0000000100000000)
 Metaspace       used 28177K, capacity 28792K, committed 29052K, reserved 1075200K
  class space    used 3228K, capacity 3429K, committed 3452K, reserved 1048576K
}
2018-06-19T11:17:00.346+0200: 5,854: Total time for which application threads were stopped: 0,0727646 seconds, Stopping threads took: 0,0149713 seconds
2018-06-19T11:17:00.378+0200: 5,885: Total time for which application threads were stopped: 0,0001846 seconds, Stopping threads took: 0,0000829 seconds
2018-06-19T11:17:00.388+0200: 5,896: Total time for which application threads were stopped: 0,0002327 seconds, Stopping threads took: 0,0001383 seconds
2018-06-19T11:17:00.405+0200: 5,913: Total time for which application threads were stopped: 0,0012607 seconds, Stopping threads took: 0,0011519 seconds
2018-06-19T11:17:01.406+0200: 6,913: Total time for which application threads were stopped: 0,0001440 seconds, Stopping threads took: 0,0000227 seconds
2018-06-19T11:17:34.839+0200: 40,347: Total time for which application threads were stopped: 0,0003924 seconds, Stopping threads took: 0,0000237 seconds
2018-06-19T11:17:35.839+0200: 41,347: Total time for which application threads were stopped: 0,0000972 seconds, Stopping threads took: 0,0000245 seconds
2018-06-19T11:17:45.648+0200: 51,156: Total time for which application threads were stopped: 0,0001504 seconds, Stopping threads took: 0,0000585 seconds
2018-06-19T11:17:45.677+0200: 51,184: Total time for which application threads were stopped: 0,0009916 seconds, Stopping threads took: 0,0000804 seconds
2018-06-19T11:17:45.691+0200: 51,198: Total time for which application threads were stopped: 0,0001097 seconds, Stopping threads took: 0,0000327 seconds
2018-06-19T11:17:45.691+0200: 51,199: Total time for which application threads were stopped: 0,0000742 seconds, Stopping threads took: 0,0000148 seconds
2018-06-19T11:17:45.691+0200: 51,199: Total time for which application threads were stopped: 0,0000490 seconds, Stopping threads took: 0,0000096 seconds
2018-06-19T11:17:45.694+0200: 51,201: Total time for which application threads were stopped: 0,0000991 seconds, Stopping threads took: 0,0000226 seconds
2018-06-19T11:17:45.694+0200: 51,202: Total time for which application threads were stopped: 0,0000712 seconds, Stopping threads took: 0,0000122 seconds
2018-06-19T11:17:45.694+0200: 51,202: Total time for which application threads were stopped: 0,0000699 seconds, Stopping threads took: 0,0000169 seconds
2018-06-19T11:17:45.694+0200: 51,202: Total time for which application threads were stopped: 0,0000640 seconds, Stopping threads took: 0,0000148 seconds
2018-06-19T11:17:45.698+0200: 51,206: Total time for which application threads were stopped: 0,0001229 seconds, Stopping threads took: 0,0000495 seconds
2018-06-19T11:17:45.702+0200: 51,209: Total time for which application threads were stopped: 0,0002423 seconds, Stopping threads took: 0,0000723 seconds
2018-06-19T11:17:45.702+0200: 51,210: Total time for which application threads were stopped: 0,0001294 seconds, Stopping threads took: 0,0000363 seconds
2018-06-19T11:17:45.702+0200: 51,210: Total time for which application threads were stopped: 0,0000959 seconds, Stopping threads took: 0,0000311 seconds
2018-06-19T11:17:45.702+0200: 51,210: Total time for which application threads were stopped: 0,0000596 seconds, Stopping threads took: 0,0000255 seconds
2018-06-19T11:17:45.702+0200: 51,210: Total time for which application threads were stopped: 0,0000635 seconds, Stopping threads took: 0,0000161 seconds
2018-06-19T11:17:45.708+0200: 51,216: Total time for which application threads were stopped: 0,0004583 seconds, Stopping threads took: 0,0003166 seconds
2018-06-19T11:17:45.801+0200: 51,309: Total time for which application threads were stopped: 0,0001654 seconds, Stopping threads took: 0,0000517 seconds
2018-06-19T11:17:45.815+0200: 51,323: Total time for which application threads were stopped: 0,0001557 seconds, Stopping threads took: 0,0000485 seconds
2018-06-19T11:17:45.821+0200: 51,328: Total time for which application threads were stopped: 0,0001201 seconds, Stopping threads took: 0,0000487 seconds
2018-06-19T11:17:45.923+0200: 51,430: Total time for which application threads were stopped: 0,0001694 seconds, Stopping threads took: 0,0000650 seconds
2018-06-19T11:17:45.924+0200: 51,432: Total time for which application threads were stopped: 0,0001073 seconds, Stopping threads took: 0,0000290 seconds
2018-06-19T11:17:45.925+0200: 51,432: Total time for which application threads were stopped: 0,0001133 seconds, Stopping threads took: 0,0000293 seconds
2018-06-19T11:17:45.953+0200: 51,461: Total time for which application threads were stopped: 0,0001493 seconds, Stopping threads took: 0,0000656 seconds
2018-06-19T11:17:45.954+0200: 51,461: Total time for which application threads were stopped: 0,0000841 seconds, Stopping threads took: 0,0000267 seconds
2018-06-19T11:17:45.954+0200: 51,461: Total time for which application threads were stopped: 0,0000826 seconds, Stopping threads took: 0,0000344 seconds
2018-06-19T11:17:45.954+0200: 51,462: Total time for which application threads were stopped: 0,0000837 seconds, Stopping threads took: 0,0000388 seconds
2018-06-19T11:17:45.955+0200: 51,462: Total time for which application threads were stopped: 0,0001011 seconds, Stopping threads took: 0,0000336 seconds
2018-06-19T11:17:45.955+0200: 51,463: Total time for which application threads were stopped: 0,0001147 seconds, Stopping threads took: 0,0000681 seconds
2018-06-19T11:17:45.955+0200: 51,463: Total time for which application threads were stopped: 0,0000584 seconds, Stopping threads took: 0,0000144 seconds
2018-06-19T11:17:45.955+0200: 51,463: Total time for which application threads were stopped: 0,0000507 seconds, Stopping threads took: 0,0000117 seconds
2018-06-19T11:17:45.955+0200: 51,463: Total time for which application threads were stopped: 0,0000671 seconds, Stopping threads took: 0,0000328 seconds
2018-06-19T11:17:45.955+0200: 51,463: Total time for which application threads were stopped: 0,0000570 seconds, Stopping threads took: 0,0000206 seconds
2018-06-19T11:17:45.955+0200: 51,463: Total time for which application threads were stopped: 0,0000462 seconds, Stopping threads took: 0,0000115 seconds
2018-06-19T11:17:45.956+0200: 51,463: Total time for which application threads were stopped: 0,0000676 seconds, Stopping threads took: 0,0000187 seconds
2018-06-19T11:17:45.956+0200: 51,464: Total time for which application threads were stopped: 0,0000744 seconds, Stopping threads took: 0,0000331 seconds
2018-06-19T11:17:45.956+0200: 51,464: Total time for which application threads were stopped: 0,0000514 seconds, Stopping threads took: 0,0000119 seconds
2018-06-19T11:17:45.956+0200: 51,464: Total time for which application threads were stopped: 0,0001113 seconds, Stopping threads took: 0,0000346 seconds
2018-06-19T11:17:45.957+0200: 51,464: Total time for which application threads were stopped: 0,0000809 seconds, Stopping threads took: 0,0000230 seconds
2018-06-19T11:17:45.957+0200: 51,464: Total time for which application threads were stopped: 0,0000731 seconds, Stopping threads took: 0,0000318 seconds
2018-06-19T11:17:45.957+0200: 51,465: Total time for which application threads were stopped: 0,0000993 seconds, Stopping threads took: 0,0000244 seconds
2018-06-19T11:17:45.958+0200: 51,465: Total time for which application threads were stopped: 0,0000810 seconds, Stopping threads took: 0,0000288 seconds
2018-06-19T11:17:45.958+0200: 51,465: Total time for which application threads were stopped: 0,0000802 seconds, Stopping threads took: 0,0000256 seconds
2018-06-19T11:17:45.962+0200: 51,470: Total time for which application threads were stopped: 0,0001404 seconds, Stopping threads took: 0,0000450 seconds
2018-06-19T11:17:46.089+0200: 51,596: Total time for which application threads were stopped: 0,0006241 seconds, Stopping threads took: 0,0003588 seconds
2018-06-19T11:17:46.107+0200: 51,615: Total time for which application threads were stopped: 0,0001471 seconds, Stopping threads took: 0,0000784 seconds
2018-06-19T11:17:46.117+0200: 51,625: Total time for which application threads were stopped: 0,0005697 seconds, Stopping threads took: 0,0000271 seconds
2018-06-19T11:17:46.119+0200: 51,627: Total time for which application threads were stopped: 0,0010154 seconds, Stopping threads took: 0,0000753 seconds
2018-06-19T11:17:46.132+0200: 51,639: Total time for which application threads were stopped: 0,0000911 seconds, Stopping threads took: 0,0000212 seconds
2018-06-19T11:17:46.133+0200: 51,641: Total time for which application threads were stopped: 0,0002136 seconds, Stopping threads took: 0,0000925 seconds
2018-06-19T11:17:46.135+0200: 51,643: Total time for which application threads were stopped: 0,0000777 seconds, Stopping threads took: 0,0000178 seconds
2018-06-19T11:17:46.136+0200: 51,643: Total time for which application threads were stopped: 0,0000511 seconds, Stopping threads took: 0,0000122 seconds
2018-06-19T11:17:46.136+0200: 51,644: Total time for which application threads were stopped: 0,0000574 seconds, Stopping threads took: 0,0000129 seconds
2018-06-19T11:17:46.137+0200: 51,645: Total time for which application threads were stopped: 0,0000476 seconds, Stopping threads took: 0,0000126 seconds
2018-06-19T11:17:46.139+0200: 51,646: Total time for which application threads were stopped: 0,0003435 seconds, Stopping threads took: 0,0002386 seconds
2018-06-19T11:17:46.141+0200: 51,649: Total time for which application threads were stopped: 0,0001018 seconds, Stopping threads took: 0,0000401 seconds
2018-06-19T11:17:46.142+0200: 51,650: Total time for which application threads were stopped: 0,0000938 seconds, Stopping threads took: 0,0000416 seconds
2018-06-19T11:17:46.143+0200: 51,650: Total time for which application threads were stopped: 0,0000836 seconds, Stopping threads took: 0,0000329 seconds
2018-06-19T11:17:46.145+0200: 51,653: Total time for which application threads were stopped: 0,0000947 seconds, Stopping threads took: 0,0000429 seconds
2018-06-19T11:17:46.147+0200: 51,654: Total time for which application threads were stopped: 0,0005015 seconds, Stopping threads took: 0,0001128 seconds
2018-06-19T11:17:46.148+0200: 51,656: Total time for which application threads were stopped: 0,0001087 seconds, Stopping threads took: 0,0000395 seconds
2018-06-19T11:17:46.150+0200: 51,658: Total time for which application threads were stopped: 0,0002630 seconds, Stopping threads took: 0,0000810 seconds
2018-06-19T11:17:46.153+0200: 51,661: Total time for which application threads were stopped: 0,0007532 seconds, Stopping threads took: 0,0003158 seconds
2018-06-19T11:17:46.157+0200: 51,665: Total time for which application threads were stopped: 0,0001335 seconds, Stopping threads took: 0,0000604 seconds
2018-06-19T11:17:46.160+0200: 51,667: Total time for which application threads were stopped: 0,0002259 seconds, Stopping threads took: 0,0000990 seconds
2018-06-19T11:17:46.161+0200: 51,669: Total time for which application threads were stopped: 0,0001089 seconds, Stopping threads took: 0,0000534 seconds
2018-06-19T11:17:46.162+0200: 51,670: Total time for which application threads were stopped: 0,0001714 seconds, Stopping threads took: 0,0000209 seconds
2018-06-19T11:17:46.578+0200: 52,085: Total time for which application threads were stopped: 0,0003143 seconds, Stopping threads took: 0,0000804 seconds
{Heap before GC invocations=10 (full 1):
 par new generation   total 109248K, used 107875K [0x00000000e0000000, 0x00000000e8000000, 0x00000000e8000000)
  eden space 87424K, 100% used [0x00000000e0000000, 0x00000000e5560000, 0x00000000e5560000)
  from space 21824K,  93% used [0x00000000e5560000, 0x00000000e6958c80, 0x00000000e6ab0000)
  to   space 21824K,   0% used [0x00000000e6ab0000, 0x00000000e6ab0000, 0x00000000e8000000)
 concurrent mark-sweep generation total 393216K, used 8951K [0x00000000e8000000, 0x0000000100000000, 0x0000000100000000)
 Metaspace       used 30507K, capacity 31218K, committed 31356K, reserved 1077248K
  class space    used 3487K, capacity 3700K, committed 3708K, reserved 1048576K
2018-06-19T11:17:46.668+0200: 52,176: [GC (Allocation Failure) 2018-06-19T11:17:46.668+0200: 52,176: [ParNew
Desired survivor size 20112992 bytes, new threshold 5 (max 8)
- age   1:    7284368 bytes,    7284368 total
- age   2:     931128 bytes,    8215496 total
- age   3:     158312 bytes,    8373808 total
- age   4:   11317560 bytes,   19691368 total
- age   5:    2292536 bytes,   21983904 total
- age   6:     128176 bytes,   22112080 total
- age   7:     186936 bytes,   22299016 total
: 107875K->21824K(109248K), 0,0227825 secs] 116826K->31312K(502464K), 0,0228476 secs] [Times: user=0,07 sys=0,00, real=0,02 secs] 
Heap after GC invocations=11 (full 1):
 par new generation   total 109248K, used 21824K [0x00000000e0000000, 0x00000000e8000000, 0x00000000e8000000)
  eden space 87424K,   0% used [0x00000000e0000000, 0x00000000e0000000, 0x00000000e5560000)
  from space 21824K, 100% used [0x00000000e6ab0000, 0x00000000e8000000, 0x00000000e8000000)
  to   space 21824K,   0% used [0x00000000e5560000, 0x00000000e5560000, 0x00000000e6ab0000)
 concurrent mark-sweep generation total 393216K, used 9488K [0x00000000e8000000, 0x0000000100000000, 0x0000000100000000)
 Metaspace       used 30507K, capacity 31218K, committed 31356K, reserved 1077248K
  class space    used 3487K, capacity 3700K, committed 3708K, reserved 1048576K
}
2018-06-19T11:17:46.691+0200: 52,199: Total time for which application threads were stopped: 0,0230841 seconds, Stopping threads took: 0,0000200 seconds
2018-06-19T11:17:46.700+0200: 52,208: Total time for which application threads were stopped: 0,0027796 seconds, Stopping threads took: 0,0023377 seconds
2018-06-19T11:17:46.701+0200: 52,208: Total time for which application threads were stopped: 0,0003331 seconds, Stopping threads took: 0,0001665 seconds
2018-06-19T11:17:46.905+0200: 52,413: Total time for which application threads were stopped: 0,0001280 seconds, Stopping threads took: 0,0000237 seconds
2018-06-19T11:17:46.906+0200: 52,413: Total time for which application threads were stopped: 0,0000654 seconds, Stopping threads took: 0,0000208 seconds
2018-06-19T11:17:46.913+0200: 52,420: Total time for which application threads were stopped: 0,0009809 seconds, Stopping threads took: 0,0007286 seconds
2018-06-19T11:17:46.931+0200: 52,439: Total time for which application threads were stopped: 0,0001528 seconds, Stopping threads took: 0,0000529 seconds
2018-06-19T11:17:46.949+0200: 52,457: Total time for which application threads were stopped: 0,0001414 seconds, Stopping threads took: 0,0000412 seconds
2018-06-19T11:17:47.017+0200: 52,525: Total time for which application threads were stopped: 0,0001860 seconds, Stopping threads took: 0,0000601 seconds
2018-06-19T11:17:47.021+0200: 52,529: Total time for which application threads were stopped: 0,0001855 seconds, Stopping threads took: 0,0000811 seconds
2018-06-19T11:17:47.050+0200: 52,557: Total time for which application threads were stopped: 0,0001449 seconds, Stopping threads took: 0,0000455 seconds
2018-06-19T11:17:47.066+0200: 52,574: Total time for which application threads were stopped: 0,0001667 seconds, Stopping threads took: 0,0000678 seconds
2018-06-19T11:17:47.071+0200: 52,579: Total time for which application threads were stopped: 0,0001716 seconds, Stopping threads took: 0,0000645 seconds
2018-06-19T11:17:47.071+0200: 52,579: Total time for which application threads were stopped: 0,0001034 seconds, Stopping threads took: 0,0000371 seconds
2018-06-19T11:17:47.076+0200: 52,584: Total time for which application threads were stopped: 0,0001911 seconds, Stopping threads took: 0,0000718 seconds
2018-06-19T11:17:47.098+0200: 52,605: Total time for which application threads were stopped: 0,0001692 seconds, Stopping threads took: 0,0000602 seconds
2018-06-19T11:17:47.115+0200: 52,622: Total time for which application threads were stopped: 0,0001475 seconds, Stopping threads took: 0,0000397 seconds
2018-06-19T11:17:47.134+0200: 52,641: Total time for which application threads were stopped: 0,0010753 seconds, Stopping threads took: 0,0003160 seconds
2018-06-19T11:17:47.139+0200: 52,646: Total time for which application threads were stopped: 0,0001560 seconds, Stopping threads took: 0,0000489 seconds
2018-06-19T11:17:47.151+0200: 52,659: Total time for which application threads were stopped: 0,0001418 seconds, Stopping threads took: 0,0000493 seconds
2018-06-19T11:17:47.181+0200: 52,689: Total time for which application threads were stopped: 0,0001889 seconds, Stopping threads took: 0,0000573 seconds
2018-06-19T11:17:47.200+0200: 52,708: Total time for which application threads were stopped: 0,0016523 seconds, Stopping threads took: 0,0015780 seconds
2018-06-19T11:17:47.201+0200: 52,709: Total time for which application threads were stopped: 0,0001694 seconds, Stopping threads took: 0,0000496 seconds
{Heap before GC invocations=11 (full 1):
 par new generation   total 109248K, used 109248K [0x00000000e0000000, 0x00000000e8000000, 0x00000000e8000000)
  eden space 87424K, 100% used [0x00000000e0000000, 0x00000000e5560000, 0x00000000e5560000)
  from space 21824K, 100% used [0x00000000e6ab0000, 0x00000000e8000000, 0x00000000e8000000)
  to   space 21824K,   0% used [0x00000000e5560000, 0x00000000e5560000, 0x00000000e6ab0000)
 concurrent mark-sweep generation total 393216K, used 9488K [0x00000000e8000000, 0x0000000100000000, 0x0000000100000000)
 Metaspace       used 30657K, capacity 31346K, committed 31612K, reserved 1077248K
  class space    used 3494K, capacity 3700K, committed 3708K, reserved 1048576K
2018-06-19T11:17:47.226+0200: 52,733: [GC (Allocation Failure) 2018-06-19T11:17:47.226+0200: 52,733: [ParNew
Desired survivor size 20112992 bytes, new threshold 8 (max 8)
- age   1:    1640256 bytes,    1640256 total
- age   2:    5732560 bytes,    7372816 total
- age   3:     504920 bytes,    7877736 total
- age   4:      76944 bytes,    7954680 total
- age   5:   11289312 bytes,   19243992 total
: 109248K->21824K(109248K), 0,0367332 secs] 118736K->34658K(502464K), 0,0369119 secs] [Times: user=0,09 sys=0,00, real=0,03 secs] 
Heap after GC invocations=12 (full 1):
 par new generation   total 109248K, used 21824K [0x00000000e0000000, 0x00000000e8000000, 0x00000000e8000000)
  eden space 87424K,   0% used [0x00000000e0000000, 0x00000000e0000000, 0x00000000e5560000)
  from space 21824K, 100% used [0x00000000e5560000, 0x00000000e6ab0000, 0x00000000e6ab0000)
  to   space 21824K,   0% used [0x00000000e6ab0000, 0x00000000e6ab0000, 0x00000000e8000000)
 concurrent mark-sweep generation total 393216K, used 12834K [0x00000000e8000000, 0x0000000100000000, 0x0000000100000000)
 Metaspace       used 30657K, capacity 31346K, committed 31612K, reserved 1077248K
  class space    used 3494K, capacity 3700K, committed 3708K, reserved 1048576K
}
2018-06-19T11:17:47.263+0200: 52,770: Total time for which application threads were stopped: 0,0383901 seconds, Stopping threads took: 0,0011171 seconds
2018-06-19T11:17:47.267+0200: 52,775: Total time for which application threads were stopped: 0,0002116 seconds, Stopping threads took: 0,0000976 seconds
2018-06-19T11:17:47.280+0200: 52,788: Total time for which application threads were stopped: 0,0061587 seconds, Stopping threads took: 0,0060433 seconds
2018-06-19T11:17:47.336+0200: 52,844: Total time for which application threads were stopped: 0,0084625 seconds, Stopping threads took: 0,0083646 seconds
2018-06-19T11:17:47.341+0200: 52,849: Total time for which application threads were stopped: 0,0005520 seconds, Stopping threads took: 0,0004499 seconds
2018-06-19T11:17:47.399+0200: 52,906: Total time for which application threads were stopped: 0,0004641 seconds, Stopping threads took: 0,0003319 seconds
2018-06-19T11:17:47.412+0200: 52,920: Total time for which application threads were stopped: 0,0001588 seconds, Stopping threads took: 0,0000466 seconds
2018-06-19T11:17:47.416+0200: 52,924: Total time for which application threads were stopped: 0,0002030 seconds, Stopping threads took: 0,0001030 seconds
2018-06-19T11:17:47.440+0200: 52,948: Total time for which application threads were stopped: 0,0095272 seconds, Stopping threads took: 0,0093824 seconds
2018-06-19T11:17:47.446+0200: 52,953: Total time for which application threads were stopped: 0,0012859 seconds, Stopping threads took: 0,0006480 seconds
2018-06-19T11:17:47.458+0200: 52,966: Total time for which application threads were stopped: 0,0043893 seconds, Stopping threads took: 0,0041786 seconds
2018-06-19T11:17:47.494+0200: 53,001: Total time for which application threads were stopped: 0,0002752 seconds, Stopping threads took: 0,0000683 seconds
2018-06-19T11:17:47.568+0200: 53,076: Total time for which application threads were stopped: 0,0003329 seconds, Stopping threads took: 0,0000458 seconds
2018-06-19T11:17:47.587+0200: 53,095: Total time for which application threads were stopped: 0,0004673 seconds, Stopping threads took: 0,0003435 seconds
{Heap before GC invocations=12 (full 1):
 par new generation   total 109248K, used 109248K [0x00000000e0000000, 0x00000000e8000000, 0x00000000e8000000)
  eden space 87424K, 100% used [0x00000000e0000000, 0x00000000e5560000, 0x00000000e5560000)
  from space 21824K, 100% used [0x00000000e5560000, 0x00000000e6ab0000, 0x00000000e6ab0000)
  to   space 21824K,   0% used [0x00000000e6ab0000, 0x00000000e6ab0000, 0x00000000e8000000)
 concurrent mark-sweep generation total 393216K, used 12834K [0x00000000e8000000, 0x0000000100000000, 0x0000000100000000)
 Metaspace       used 30837K, capacity 31506K, committed 31740K, reserved 1077248K
  class space    used 3509K, capacity 3732K, committed 3836K, reserved 1048576K
2018-06-19T11:17:47.737+0200: 53,244: [GC (Allocation Failure) 2018-06-19T11:17:47.737+0200: 53,244: [ParNew
Desired survivor size 20112992 bytes, new threshold 8 (max 8)
- age   1:    1473744 bytes,    1473744 total
- age   2:     579088 bytes,    2052832 total
- age   3:    5063800 bytes,    7116632 total
- age   4:     504920 bytes,    7621552 total
- age   5:      76944 bytes,    7698496 total
- age   6:   11117248 bytes,   18815744 total
: 109248K->21824K(109248K), 0,0480690 secs] 122082K->35017K(502464K), 0,0481910 secs] [Times: user=0,08 sys=0,00, real=0,05 secs] 
Heap after GC invocations=13 (full 1):
 par new generation   total 109248K, used 21824K [0x00000000e0000000, 0x00000000e8000000, 0x00000000e8000000)
  eden space 87424K,   0% used [0x00000000e0000000, 0x00000000e0000000, 0x00000000e5560000)
  from space 21824K, 100% used [0x00000000e6ab0000, 0x00000000e8000000, 0x00000000e8000000)
  to   space 21824K,   0% used [0x00000000e5560000, 0x00000000e5560000, 0x00000000e6ab0000)
 concurrent mark-sweep generation total 393216K, used 13193K [0x00000000e8000000, 0x0000000100000000, 0x0000000100000000)
 Metaspace       used 30837K, capacity 31506K, committed 31740K, reserved 1077248K
  class space    used 3509K, capacity 3732K, committed 3836K, reserved 1048576K
}
2018-06-19T11:17:47.785+0200: 53,293: Total time for which application threads were stopped: 0,0485481 seconds, Stopping threads took: 0,0000625 seconds
{Heap before GC invocations=13 (full 1):
 par new generation   total 109248K, used 109248K [0x00000000e0000000, 0x00000000e8000000, 0x00000000e8000000)
  eden space 87424K, 100% used [0x00000000e0000000, 0x00000000e5560000, 0x00000000e5560000)
  from space 21824K, 100% used [0x00000000e6ab0000, 0x00000000e8000000, 0x00000000e8000000)
  to   space 21824K,   0% used [0x00000000e5560000, 0x00000000e5560000, 0x00000000e6ab0000)
 concurrent mark-sweep generation total 393216K, used 13193K [0x00000000e8000000, 0x0000000100000000, 0x0000000100000000)
 Metaspace       used 30843K, capacity 31506K, committed 31740K, reserved 1077248K
  class space    used 3509K, capacity 3732K, committed 3836K, reserved 1048576K
2018-06-19T11:17:47.966+0200: 53,474: [GC (Allocation Failure) 2018-06-19T11:17:47.966+0200: 53,474: [ParNew
Desired survivor size 20112992 bytes, new threshold 8 (max 8)
- age   1:    1501144 bytes,    1501144 total
- age   2:    1044184 bytes,    2545328 total
- age   3:     560400 bytes,    3105728 total
- age   4:    4658984 bytes,    7764712 total
- age   5:     504104 bytes,    8268816 total
- age   6:      75312 bytes,    8344128 total
- age   7:   10966040 bytes,   19310168 total
: 109248K->21824K(109248K), 0,0486946 secs] 122441K->35557K(502464K), 0,0489347 secs] [Times: user=0,09 sys=0,00, real=0,05 secs] 
Heap after GC invocations=14 (full 1):
 par new generation   total 109248K, used 21824K [0x00000000e0000000, 0x00000000e8000000, 0x00000000e8000000)
  eden space 87424K,   0% used [0x00000000e0000000, 0x00000000e0000000, 0x00000000e5560000)
  from space 21824K, 100% used [0x00000000e5560000, 0x00000000e6ab0000, 0x00000000e6ab0000)
  to   space 21824K,   0% used [0x00000000e6ab0000, 0x00000000e6ab0000, 0x00000000e8000000)
 concurrent mark-sweep generation total 393216K, used 13733K [0x00000000e8000000, 0x0000000100000000, 0x0000000100000000)
 Metaspace       used 30843K, capacity 31506K, committed 31740K, reserved 1077248K
  class space    used 3509K, capacity 3732K, committed 3836K, reserved 1048576K
}
2018-06-19T11:17:48.015+0200: 53,523: Total time for which application threads were stopped: 0,0492757 seconds, Stopping threads took: 0,0000264 seconds
2018-06-19T11:17:48.178+0200: 53,686: Total time for which application threads were stopped: 0,0001596 seconds, Stopping threads took: 0,0000493 seconds
2018-06-19T11:17:48.199+0200: 53,707: Total time for which application threads were stopped: 0,0069247 seconds, Stopping threads took: 0,0067963 seconds
2018-06-19T11:17:48.220+0200: 53,728: Total time for which application threads were stopped: 0,0138058 seconds, Stopping threads took: 0,0136541 seconds
2018-06-19T11:17:48.348+0200: 53,855: Total time for which application threads were stopped: 0,0001680 seconds, Stopping threads took: 0,0000517 seconds
2018-06-19T11:17:48.376+0200: 53,884: Total time for which application threads were stopped: 0,0055419 seconds, Stopping threads took: 0,0054048 seconds
2018-06-19T11:17:48.396+0200: 53,904: Total time for which application threads were stopped: 0,0001660 seconds, Stopping threads took: 0,0000581 seconds
{Heap before GC invocations=14 (full 1):
 par new generation   total 109248K, used 109248K [0x00000000e0000000, 0x00000000e8000000, 0x00000000e8000000)
  eden space 87424K, 100% used [0x00000000e0000000, 0x00000000e5560000, 0x00000000e5560000)
  from space 21824K, 100% used [0x00000000e5560000, 0x00000000e6ab0000, 0x00000000e6ab0000)
  to   space 21824K,   0% used [0x00000000e6ab0000, 0x00000000e6ab0000, 0x00000000e8000000)
 concurrent mark-sweep generation total 393216K, used 13733K [0x00000000e8000000, 0x0000000100000000, 0x0000000100000000)
 Metaspace       used 30872K, capacity 31506K, committed 31740K, reserved 1077248K
  class space    used 3509K, capacity 3732K, committed 3836K, reserved 1048576K
2018-06-19T11:17:48.405+0200: 53,913: [GC (Allocation Failure) 2018-06-19T11:17:48.405+0200: 53,913: [ParNew
Desired survivor size 20112992 bytes, new threshold 8 (max 8)
- age   1:    1757992 bytes,    1757992 total
- age   2:     969184 bytes,    2727176 total
- age   3:     900352 bytes,    3627528 total
- age   4:     464584 bytes,    4092112 total
- age   5:    3706456 bytes,    7798568 total
- age   6:     224512 bytes,    8023080 total
- age   7:      33608 bytes,    8056688 total
- age   8:   10437840 bytes,   18494528 total
: 109248K->21824K(109248K), 0,0521702 secs] 122981K->37826K(502464K), 0,0522792 secs] [Times: user=0,14 sys=0,00, real=0,05 secs] 
Heap after GC invocations=15 (full 1):
 par new generation   total 109248K, used 21824K [0x00000000e0000000, 0x00000000e8000000, 0x00000000e8000000)
  eden space 87424K,   0% used [0x00000000e0000000, 0x00000000e0000000, 0x00000000e5560000)
  from space 21824K, 100% used [0x00000000e6ab0000, 0x00000000e8000000, 0x00000000e8000000)
  to   space 21824K,   0% used [0x00000000e5560000, 0x00000000e5560000, 0x00000000e6ab0000)
 concurrent mark-sweep generation total 393216K, used 16002K [0x00000000e8000000, 0x0000000100000000, 0x0000000100000000)
 Metaspace       used 30872K, capacity 31506K, committed 31740K, reserved 1077248K
  class space    used 3509K, capacity 3732K, committed 3836K, reserved 1048576K
}
2018-06-19T11:17:48.458+0200: 53,965: Total time for which application threads were stopped: 0,0525499 seconds, Stopping threads took: 0,0000443 seconds
{Heap before GC invocations=15 (full 1):
 par new generation   total 109248K, used 109248K [0x00000000e0000000, 0x00000000e8000000, 0x00000000e8000000)
  eden space 87424K, 100% used [0x00000000e0000000, 0x00000000e5560000, 0x00000000e5560000)
  from space 21824K, 100% used [0x00000000e6ab0000, 0x00000000e8000000, 0x00000000e8000000)
  to   space 21824K,   0% used [0x00000000e5560000, 0x00000000e5560000, 0x00000000e6ab0000)
 concurrent mark-sweep generation total 393216K, used 16002K [0x00000000e8000000, 0x0000000100000000, 0x0000000100000000)
 Metaspace       used 30903K, capacity 31576K, committed 31996K, reserved 1077248K
  class space    used 3510K, capacity 3733K, committed 3836K, reserved 1048576K
2018-06-19T11:17:48.705+0200: 54,212: [GC (Allocation Failure) 2018-06-19T11:17:48.705+0200: 54,213: [ParNew
Desired survivor size 20112992 bytes, new threshold 8 (max 8)
- age   1:    1540192 bytes,    1540192 total
- age   2:     657000 bytes,    2197192 total
- age   3:      76856 bytes,    2274048 total
- age   4:     251608 bytes,    2525656 total
- age   5:     191096 bytes,    2716752 total
- age   6:    3705856 bytes,    6422608 total
- age   7:     224512 bytes,    6647120 total
- age   8:      33608 bytes,    6680728 total
: 109248K->18228K(109248K), 0,0626949 secs] 125250K->45062K(502464K), 0,0630867 secs] [Times: user=0,09 sys=0,02, real=0,06 secs] 
Heap after GC invocations=16 (full 1):
 par new generation   total 109248K, used 18228K [0x00000000e0000000, 0x00000000e8000000, 0x00000000e8000000)
  eden space 87424K,   0% used [0x00000000e0000000, 0x00000000e0000000, 0x00000000e5560000)
  from space 21824K,  83% used [0x00000000e5560000, 0x00000000e672d2c0, 0x00000000e6ab0000)
  to   space 21824K,   0% used [0x00000000e6ab0000, 0x00000000e6ab0000, 0x00000000e8000000)
 concurrent mark-sweep generation total 393216K, used 26833K [0x00000000e8000000, 0x0000000100000000, 0x0000000100000000)
 Metaspace       used 30903K, capacity 31576K, committed 31996K, reserved 1077248K
  class space    used 3510K, capacity 3733K, committed 3836K, reserved 1048576K
}
2018-06-19T11:17:48.768+0200: 54,276: Total time for which application threads were stopped: 0,0639831 seconds, Stopping threads took: 0,0001129 seconds
{Heap before GC invocations=16 (full 1):
 par new generation   total 109248K, used 105652K [0x00000000e0000000, 0x00000000e8000000, 0x00000000e8000000)
  eden space 87424K, 100% used [0x00000000e0000000, 0x00000000e5560000, 0x00000000e5560000)
  from space 21824K,  83% used [0x00000000e5560000, 0x00000000e672d2c0, 0x00000000e6ab0000)
  to   space 21824K,   0% used [0x00000000e6ab0000, 0x00000000e6ab0000, 0x00000000e8000000)
 concurrent mark-sweep generation total 393216K, used 26833K [0x00000000e8000000, 0x0000000100000000, 0x0000000100000000)
 Metaspace       used 30904K, capacity 31576K, committed 31996K, reserved 1077248K
  class space    used 3510K, capacity 3733K, committed 3836K, reserved 1048576K
2018-06-19T11:17:48.915+0200: 54,423: [GC (Allocation Failure) 2018-06-19T11:17:48.915+0200: 54,423: [ParNew
Desired survivor size 20112992 bytes, new threshold 8 (max 8)
- age   1:    1511128 bytes,    1511128 total
- age   2:    1139568 bytes,    2650696 total
- age   3:     656784 bytes,    3307480 total
- age   4:      76856 bytes,    3384336 total
- age   5:     250624 bytes,    3634960 total
- age   6:     190664 bytes,    3825624 total
- age   7:    3705072 bytes,    7530696 total
- age   8:     224512 bytes,    7755208 total
: 105652K->9687K(109248K), 0,0322872 secs] 132486K->36554K(502464K), 0,0324012 secs] [Times: user=0,07 sys=0,00, real=0,03 secs] 
Heap after GC invocations=17 (full 1):
 par new generation   total 109248K, used 9687K [0x00000000e0000000, 0x00000000e8000000, 0x00000000e8000000)
  eden space 87424K,   0% used [0x00000000e0000000, 0x00000000e0000000, 0x00000000e5560000)
  from space 21824K,  44% used [0x00000000e6ab0000, 0x00000000e7425e78, 0x00000000e8000000)
  to   space 21824K,   0% used [0x00000000e5560000, 0x00000000e5560000, 0x00000000e6ab0000)
 concurrent mark-sweep generation total 393216K, used 26866K [0x00000000e8000000, 0x0000000100000000, 0x0000000100000000)
 Metaspace       used 30904K, capacity 31576K, committed 31996K, reserved 1077248K
  class space    used 3510K, capacity 3733K, committed 3836K, reserved 1048576K
}
2018-06-19T11:17:48.948+0200: 54,455: Total time for which application threads were stopped: 0,0327002 seconds, Stopping threads took: 0,0000569 seconds
2018-06-19T11:17:49.188+0200: 54,695: Total time for which application threads were stopped: 0,0032351 seconds, Stopping threads took: 0,0028185 seconds
2018-06-19T11:17:49.219+0200: 54,727: Total time for which application threads were stopped: 0,0168006 seconds, Stopping threads took: 0,0166163 seconds
2018-06-19T11:17:49.220+0200: 54,728: Total time for which application threads were stopped: 0,0001508 seconds, Stopping threads took: 0,0000421 seconds
{Heap before GC invocations=17 (full 1):
 par new generation   total 109248K, used 97100K [0x00000000e0000000, 0x00000000e8000000, 0x00000000e8000000)
  eden space 87424K,  99% used [0x00000000e0000000, 0x00000000e555d548, 0x00000000e5560000)
  from space 21824K,  44% used [0x00000000e6ab0000, 0x00000000e7425e78, 0x00000000e8000000)
  to   space 21824K,   0% used [0x00000000e5560000, 0x00000000e5560000, 0x00000000e6ab0000)
 concurrent mark-sweep generation total 393216K, used 26866K [0x00000000e8000000, 0x0000000100000000, 0x0000000100000000)
 Metaspace       used 30917K, capacity 31576K, committed 31996K, reserved 1077248K
  class space    used 3510K, capacity 3733K, committed 3836K, reserved 1048576K
2018-06-19T11:17:49.288+0200: 54,795: [GC (Allocation Failure) 2018-06-19T11:17:49.288+0200: 54,796: [ParNew
Desired survivor size 20112992 bytes, new threshold 8 (max 8)
- age   1:    1935096 bytes,    1935096 total
- age   2:    1019184 bytes,    2954280 total
- age   3:    1025336 bytes,    3979616 total
- age   4:     574032 bytes,    4553648 total
- age   5:      76856 bytes,    4630504 total
- age   6:     250384 bytes,    4880888 total
- age   7:     190184 bytes,    5071072 total
- age   8:    3704208 bytes,    8775280 total
: 97100K->10596K(109248K), 0,0330873 secs] 123967K->37684K(502464K), 0,0332802 secs] [Times: user=0,05 sys=0,00, real=0,03 secs] 
Heap after GC invocations=18 (full 1):
 par new generation   total 109248K, used 10596K [0x00000000e0000000, 0x00000000e8000000, 0x00000000e8000000)
  eden space 87424K,   0% used [0x00000000e0000000, 0x00000000e0000000, 0x00000000e5560000)
  from space 21824K,  48% used [0x00000000e5560000, 0x00000000e5fb9060, 0x00000000e6ab0000)
  to   space 21824K,   0% used [0x00000000e6ab0000, 0x00000000e6ab0000, 0x00000000e8000000)
 concurrent mark-sweep generation total 393216K, used 27088K [0x00000000e8000000, 0x0000000100000000, 0x0000000100000000)
 Metaspace       used 30917K, capacity 31576K, committed 31996K, reserved 1077248K
  class space    used 3510K, capacity 3733K, committed 3836K, reserved 1048576K
}
2018-06-19T11:17:49.321+0200: 54,829: Total time for which application threads were stopped: 0,0379695 seconds, Stopping threads took: 0,0042897 seconds
2018-06-19T11:17:49.469+0200: 54,977: Total time for which application threads were stopped: 0,0105994 seconds, Stopping threads took: 0,0097241 seconds
2018-06-19T11:17:49.483+0200: 54,991: Total time for which application threads were stopped: 0,0097110 seconds, Stopping threads took: 0,0095885 seconds
2018-06-19T11:17:49.508+0200: 55,015: Total time for which application threads were stopped: 0,0002820 seconds, Stopping threads took: 0,0000395 seconds
{Heap before GC invocations=18 (full 1):
 par new generation   total 109248K, used 98017K [0x00000000e0000000, 0x00000000e8000000, 0x00000000e8000000)
  eden space 87424K,  99% used [0x00000000e0000000, 0x00000000e555f748, 0x00000000e5560000)
  from space 21824K,  48% used [0x00000000e5560000, 0x00000000e5fb9060, 0x00000000e6ab0000)
  to   space 21824K,   0% used [0x00000000e6ab0000, 0x00000000e6ab0000, 0x00000000e8000000)
 concurrent mark-sweep generation total 393216K, used 27088K [0x00000000e8000000, 0x0000000100000000, 0x0000000100000000)
 Metaspace       used 30958K, capacity 31640K, committed 31996K, reserved 1077248K
  class space    used 3510K, capacity 3733K, committed 3836K, reserved 1048576K
2018-06-19T11:17:49.588+0200: 55,095: [GC (Allocation Failure) 2018-06-19T11:17:49.588+0200: 55,095: [ParNew
Desired survivor size 20112992 bytes, new threshold 8 (max 8)
- age   1:    1547408 bytes,    1547408 total
- age   2:     653640 bytes,    2201048 total
- age   3:     105000 bytes,    2306048 total
- age   4:     369024 bytes,    2675072 total
- age   5:     151896 bytes,    2826968 total
- age   6:      76856 bytes,    2903824 total
- age   7:     250024 bytes,    3153848 total
- age   8:     189616 bytes,    3343464 total
: 98017K->8193K(109248K), 0,0647405 secs] 125106K->38918K(502464K), 0,0648520 secs] [Times: user=0,12 sys=0,00, real=0,07 secs] 
Heap after GC invocations=19 (full 1):
 par new generation   total 109248K, used 8193K [0x00000000e0000000, 0x00000000e8000000, 0x00000000e8000000)
  eden space 87424K,   0% used [0x00000000e0000000, 0x00000000e0000000, 0x00000000e5560000)
  from space 21824K,  37% used [0x00000000e6ab0000, 0x00000000e72b0500, 0x00000000e8000000)
  to   space 21824K,   0% used [0x00000000e5560000, 0x00000000e5560000, 0x00000000e6ab0000)
 concurrent mark-sweep generation total 393216K, used 30725K [0x00000000e8000000, 0x0000000100000000, 0x0000000100000000)
 Metaspace       used 30958K, capacity 31640K, committed 31996K, reserved 1077248K
  class space    used 3510K, capacity 3733K, committed 3836K, reserved 1048576K
}
2018-06-19T11:17:49.653+0200: 55,160: Total time for which application threads were stopped: 0,0650980 seconds, Stopping threads took: 0,0000307 seconds
{Heap before GC invocations=19 (full 1):
 par new generation   total 109248K, used 95617K [0x00000000e0000000, 0x00000000e8000000, 0x00000000e8000000)
  eden space 87424K, 100% used [0x00000000e0000000, 0x00000000e5560000, 0x00000000e5560000)
  from space 21824K,  37% used [0x00000000e6ab0000, 0x00000000e72b0500, 0x00000000e8000000)
  to   space 21824K,   0% used [0x00000000e5560000, 0x00000000e5560000, 0x00000000e6ab0000)
 concurrent mark-sweep generation total 393216K, used 30725K [0x00000000e8000000, 0x0000000100000000, 0x0000000100000000)
 Metaspace       used 30992K, capacity 31704K, committed 31996K, reserved 1077248K
  class space    used 3510K, capacity 3733K, committed 3836K, reserved 1048576K
2018-06-19T11:17:49.837+0200: 55,344: [GC (Allocation Failure) 2018-06-19T11:17:49.837+0200: 55,345: [ParNew
Desired survivor size 20112992 bytes, new threshold 8 (max 8)
- age   1:    1535624 bytes,    1535624 total
- age   2:    1119752 bytes,    2655376 total
- age   3:     653728 bytes,    3309104 total
- age   4:     105000 bytes,    3414104 total
- age   5:     368208 bytes,    3782312 total
- age   6:     151896 bytes,    3934208 total
- age   7:      76808 bytes,    4011016 total
- age   8:     249576 bytes,    4260592 total
: 95617K->5076K(109248K), 0,0158584 secs] 126342K->35986K(502464K), 0,0161204 secs] [Times: user=0,05 sys=0,01, real=0,02 secs] 
Heap after GC invocations=20 (full 1):
 par new generation   total 109248K, used 5076K [0x00000000e0000000, 0x00000000e8000000, 0x00000000e8000000)
  eden space 87424K,   0% used [0x00000000e0000000, 0x00000000e0000000, 0x00000000e5560000)
  from space 21824K,  23% used [0x00000000e5560000, 0x00000000e5a55080, 0x00000000e6ab0000)
  to   space 21824K,   0% used [0x00000000e6ab0000, 0x00000000e6ab0000, 0x00000000e8000000)
 concurrent mark-sweep generation total 393216K, used 30910K [0x00000000e8000000, 0x0000000100000000, 0x0000000100000000)
 Metaspace       used 30992K, capacity 31704K, committed 31996K, reserved 1077248K
  class space    used 3510K, capacity 3733K, committed 3836K, reserved 1048576K
}
2018-06-19T11:17:49.853+0200: 55,361: Total time for which application threads were stopped: 0,0165746 seconds, Stopping threads took: 0,0000424 seconds
{Heap before GC invocations=20 (full 1):
 par new generation   total 109248K, used 92500K [0x00000000e0000000, 0x00000000e8000000, 0x00000000e8000000)
  eden space 87424K, 100% used [0x00000000e0000000, 0x00000000e5560000, 0x00000000e5560000)
  from space 21824K,  23% used [0x00000000e5560000, 0x00000000e5a55080, 0x00000000e6ab0000)
  to   space 21824K,   0% used [0x00000000e6ab0000, 0x00000000e6ab0000, 0x00000000e8000000)
 concurrent mark-sweep generation total 393216K, used 30910K [0x00000000e8000000, 0x0000000100000000, 0x0000000100000000)
 Metaspace       used 31004K, capacity 31704K, committed 31996K, reserved 1077248K
  class space    used 3510K, capacity 3733K, committed 3836K, reserved 1048576K
2018-06-19T11:17:49.984+0200: 55,491: [GC (Allocation Failure) 2018-06-19T11:17:49.984+0200: 55,491: [ParNew
Desired survivor size 20112992 bytes, new threshold 8 (max 8)
- age   1:    1574352 bytes,    1574352 total
- age   2:    1049320 bytes,    2623672 total
- age   3:    1119440 bytes,    3743112 total
- age   4:     653560 bytes,    4396672 total
- age   5:     105000 bytes,    4501672 total
- age   6:     368208 bytes,    4869880 total
- age   7:     151896 bytes,    5021776 total
- age   8:      76456 bytes,    5098232 total
: 92500K->6569K(109248K), 0,0238991 secs] 123410K->37724K(502464K), 0,0240264 secs] [Times: user=0,08 sys=0,00, real=0,03 secs] 
Heap after GC invocations=21 (full 1):
 par new generation   total 109248K, used 6569K [0x00000000e0000000, 0x00000000e8000000, 0x00000000e8000000)
  eden space 87424K,   0% used [0x00000000e0000000, 0x00000000e0000000, 0x00000000e5560000)
  from space 21824K,  30% used [0x00000000e6ab0000, 0x00000000e711a638, 0x00000000e8000000)
  to   space 21824K,   0% used [0x00000000e5560000, 0x00000000e5560000, 0x00000000e6ab0000)
 concurrent mark-sweep generation total 393216K, used 31154K [0x00000000e8000000, 0x0000000100000000, 0x0000000100000000)
 Metaspace       used 31004K, capacity 31704K, committed 31996K, reserved 1077248K
  class space    used 3510K, capacity 3733K, committed 3836K, reserved 1048576K
}
2018-06-19T11:17:50.008+0200: 55,515: Total time for which application threads were stopped: 0,0243263 seconds, Stopping threads took: 0,0000587 seconds
{Heap before GC invocations=21 (full 1):
 par new generation   total 109248K, used 93993K [0x00000000e0000000, 0x00000000e8000000, 0x00000000e8000000)
  eden space 87424K, 100% used [0x00000000e0000000, 0x00000000e5560000, 0x00000000e5560000)
  from space 21824K,  30% used [0x00000000e6ab0000, 0x00000000e711a638, 0x00000000e8000000)
  to   space 21824K,   0% used [0x00000000e5560000, 0x00000000e5560000, 0x00000000e6ab0000)
 concurrent mark-sweep generation total 393216K, used 31154K [0x00000000e8000000, 0x0000000100000000, 0x0000000100000000)
 Metaspace       used 31015K, capacity 31704K, committed 31996K, reserved 1077248K
  class space    used 3510K, capacity 3733K, committed 3836K, reserved 1048576K
2018-06-19T11:17:50.176+0200: 55,683: [GC (Allocation Failure) 2018-06-19T11:17:50.176+0200: 55,684: [ParNew
Desired survivor size 20112992 bytes, new threshold 8 (max 8)
- age   1:    2332984 bytes,    2332984 total
- age   2:     983464 bytes,    3316448 total
- age   3:     852664 bytes,    4169112 total
- age   4:    1119112 bytes,    5288224 total
- age   5:     653432 bytes,    5941656 total
- age   6:     105000 bytes,    6046656 total
- age   7:     368128 bytes,    6414784 total
- age   8:     151432 bytes,    6566216 total
: 93993K->7715K(109248K), 0,0136349 secs] 125148K->38944K(502464K), 0,0137534 secs] [Times: user=0,06 sys=0,00, real=0,01 secs] 
Heap after GC invocations=22 (full 1):
 par new generation   total 109248K, used 7715K [0x00000000e0000000, 0x00000000e8000000, 0x00000000e8000000)
  eden space 87424K,   0% used [0x00000000e0000000, 0x00000000e0000000, 0x00000000e5560000)
  from space 21824K,  35% used [0x00000000e5560000, 0x00000000e5ce8cd8, 0x00000000e6ab0000)
  to   space 21824K,   0% used [0x00000000e6ab0000, 0x00000000e6ab0000, 0x00000000e8000000)
 concurrent mark-sweep generation total 393216K, used 31229K [0x00000000e8000000, 0x0000000100000000, 0x0000000100000000)
 Metaspace       used 31015K, capacity 31704K, committed 31996K, reserved 1077248K
  class space    used 3510K, capacity 3733K, committed 3836K, reserved 1048576K
}
2018-06-19T11:17:50.190+0200: 55,697: Total time for which application threads were stopped: 0,0175442 seconds, Stopping threads took: 0,0035722 seconds
2018-06-19T11:17:50.236+0200: 55,744: Total time for which application threads were stopped: 0,0014490 seconds, Stopping threads took: 0,0012271 seconds
2018-06-19T11:17:50.237+0200: 55,745: Total time for which application threads were stopped: 0,0001804 seconds, Stopping threads took: 0,0000675 seconds
2018-06-19T11:17:50.294+0200: 55,802: Total time for which application threads were stopped: 0,0001850 seconds, Stopping threads took: 0,0000738 seconds
2018-06-19T11:17:50.299+0200: 55,806: Total time for which application threads were stopped: 0,0001930 seconds, Stopping threads took: 0,0000807 seconds
2018-06-19T11:17:50.302+0200: 55,810: Total time for which application threads were stopped: 0,0001616 seconds, Stopping threads took: 0,0000647 seconds
{Heap before GC invocations=22 (full 1):
 par new generation   total 109248K, used 95139K [0x00000000e0000000, 0x00000000e8000000, 0x00000000e8000000)
  eden space 87424K, 100% used [0x00000000e0000000, 0x00000000e5560000, 0x00000000e5560000)
  from space 21824K,  35% used [0x00000000e5560000, 0x00000000e5ce8cd8, 0x00000000e6ab0000)
  to   space 21824K,   0% used [0x00000000e6ab0000, 0x00000000e6ab0000, 0x00000000e8000000)
 concurrent mark-sweep generation total 393216K, used 31229K [0x00000000e8000000, 0x0000000100000000, 0x0000000100000000)
 Metaspace       used 31032K, capacity 31768K, committed 31996K, reserved 1077248K
  class space    used 3510K, capacity 3733K, committed 3836K, reserved 1048576K
2018-06-19T11:17:50.314+0200: 55,822: [GC (Allocation Failure) 2018-06-19T11:17:50.314+0200: 55,822: [ParNew
Desired survivor size 20112992 bytes, new threshold 8 (max 8)
- age   1:    1489320 bytes,    1489320 total
- age   2:    2186328 bytes,    3675648 total
- age   3:     926920 bytes,    4602568 total
- age   4:     796096 bytes,    5398664 total
- age   5:    1072456 bytes,    6471120 total
- age   6:     556304 bytes,    7027424 total
- age   7:     104952 bytes,    7132376 total
- age   8:     367776 bytes,    7500152 total
: 95139K->12398K(109248K), 0,0181130 secs] 126368K->43776K(502464K), 0,0182049 secs] [Times: user=0,07 sys=0,00, real=0,02 secs] 
Heap after GC invocations=23 (full 1):
 par new generation   total 109248K, used 12398K [0x00000000e0000000, 0x00000000e8000000, 0x00000000e8000000)
  eden space 87424K,   0% used [0x00000000e0000000, 0x00000000e0000000, 0x00000000e5560000)
  from space 21824K,  56% used [0x00000000e6ab0000, 0x00000000e76cbb10, 0x00000000e8000000)
  to   space 21824K,   0% used [0x00000000e5560000, 0x00000000e5560000, 0x00000000e6ab0000)
 concurrent mark-sweep generation total 393216K, used 31377K [0x00000000e8000000, 0x0000000100000000, 0x0000000100000000)
 Metaspace       used 31032K, capacity 31768K, committed 31996K, reserved 1077248K
  class space    used 3510K, capacity 3733K, committed 3836K, reserved 1048576K
}
2018-06-19T11:17:50.332+0200: 55,840: Total time for which application threads were stopped: 0,0185020 seconds, Stopping threads took: 0,0000747 seconds
{Heap before GC invocations=23 (full 1):
 par new generation   total 109248K, used 99822K [0x00000000e0000000, 0x00000000e8000000, 0x00000000e8000000)
  eden space 87424K, 100% used [0x00000000e0000000, 0x00000000e5560000, 0x00000000e5560000)
  from space 21824K,  56% used [0x00000000e6ab0000, 0x00000000e76cbb10, 0x00000000e8000000)
  to   space 21824K,   0% used [0x00000000e5560000, 0x00000000e5560000, 0x00000000e6ab0000)
 concurrent mark-sweep generation total 393216K, used 31377K [0x00000000e8000000, 0x0000000100000000, 0x0000000100000000)
 Metaspace       used 31066K, capacity 31768K, committed 31996K, reserved 1077248K
  class space    used 3510K, capacity 3733K, committed 3836K, reserved 1048576K
2018-06-19T11:17:50.427+0200: 55,934: [GC (Allocation Failure) 2018-06-19T11:17:50.427+0200: 55,935: [ParNew
Desired survivor size 20112992 bytes, new threshold 8 (max 8)
- age   1:    1679840 bytes,    1679840 total
- age   2:    1104536 bytes,    2784376 total
- age   3:    2186192 bytes,    4970568 total
- age   4:     926920 bytes,    5897488 total
- age   5:     796096 bytes,    6693584 total
- age   6:    1072456 bytes,    7766040 total
- age   7:     556256 bytes,    8322296 total
- age   8:     104720 bytes,    8427016 total
: 99822K->9626K(109248K), 0,0192372 secs] 131200K->41363K(502464K), 0,0193601 secs] [Times: user=0,07 sys=0,00, real=0,02 secs] 
Heap after GC invocations=24 (full 1):
 par new generation   total 109248K, used 9626K [0x00000000e0000000, 0x00000000e8000000, 0x00000000e8000000)
  eden space 87424K,   0% used [0x00000000e0000000, 0x00000000e0000000, 0x00000000e5560000)
  from space 21824K,  44% used [0x00000000e5560000, 0x00000000e5ec68a0, 0x00000000e6ab0000)
  to   space 21824K,   0% used [0x00000000e6ab0000, 0x00000000e6ab0000, 0x00000000e8000000)
 concurrent mark-sweep generation total 393216K, used 31736K [0x00000000e8000000, 0x0000000100000000, 0x0000000100000000)
 Metaspace       used 31066K, capacity 31768K, committed 31996K, reserved 1077248K
  class space    used 3510K, capacity 3733K, committed 3836K, reserved 1048576K
}
2018-06-19T11:17:50.446+0200: 55,954: Total time for which application threads were stopped: 0,0196861 seconds, Stopping threads took: 0,0000702 seconds
{Heap before GC invocations=24 (full 1):
 par new generation   total 109248K, used 97050K [0x00000000e0000000, 0x00000000e8000000, 0x00000000e8000000)
  eden space 87424K, 100% used [0x00000000e0000000, 0x00000000e5560000, 0x00000000e5560000)
  from space 21824K,  44% used [0x00000000e5560000, 0x00000000e5ec68a0, 0x00000000e6ab0000)
  to   space 21824K,   0% used [0x00000000e6ab0000, 0x00000000e6ab0000, 0x00000000e8000000)
 concurrent mark-sweep generation total 393216K, used 31736K [0x00000000e8000000, 0x0000000100000000, 0x0000000100000000)
 Metaspace       used 31068K, capacity 31768K, committed 31996K, reserved 1077248K
  class space    used 3510K, capacity 3733K, committed 3836K, reserved 1048576K
2018-06-19T11:17:50.553+0200: 56,060: [GC (Allocation Failure) 2018-06-19T11:17:50.553+0200: 56,060: [ParNew
Desired survivor size 20112992 bytes, new threshold 8 (max 8)
- age   1:    1631664 bytes,    1631664 total
- age   2:    1194216 bytes,    2825880 total
- age   3:     920360 bytes,    3746240 total
- age   4:     312496 bytes,    4058736 total
- age   5:      81144 bytes,    4139880 total
- age   6:      81840 bytes,    4221720 total
- age   7:     421248 bytes,    4642968 total
- age   8:      88864 bytes,    4731832 total
: 97050K->8717K(109248K), 0,0174484 secs] 128787K->40557K(502464K), 0,0175299 secs] [Times: user=0,05 sys=0,00, real=0,01 secs] 
Heap after GC invocations=25 (full 1):
 par new generation   total 109248K, used 8717K [0x00000000e0000000, 0x00000000e8000000, 0x00000000e8000000)
  eden space 87424K,   0% used [0x00000000e0000000, 0x00000000e0000000, 0x00000000e5560000)
  from space 21824K,  39% used [0x00000000e6ab0000, 0x00000000e73337b8, 0x00000000e8000000)
  to   space 21824K,   0% used [0x00000000e5560000, 0x00000000e5560000, 0x00000000e6ab0000)
 concurrent mark-sweep generation total 393216K, used 31839K [0x00000000e8000000, 0x0000000100000000, 0x0000000100000000)
 Metaspace       used 31068K, capacity 31768K, committed 31996K, reserved 1077248K
  class space    used 3510K, capacity 3733K, committed 3836K, reserved 1048576K
}
2018-06-19T11:17:50.570+0200: 56,078: Total time for which application threads were stopped: 0,0177936 seconds, Stopping threads took: 0,0000362 seconds
{Heap before GC invocations=25 (full 1):
 par new generation   total 109248K, used 96141K [0x00000000e0000000, 0x00000000e8000000, 0x00000000e8000000)
  eden space 87424K, 100% used [0x00000000e0000000, 0x00000000e5560000, 0x00000000e5560000)
  from space 21824K,  39% used [0x00000000e6ab0000, 0x00000000e73337b8, 0x00000000e8000000)
  to   space 21824K,   0% used [0x00000000e5560000, 0x00000000e5560000, 0x00000000e6ab0000)
 concurrent mark-sweep generation total 393216K, used 31839K [0x00000000e8000000, 0x0000000100000000, 0x0000000100000000)
 Metaspace       used 31070K, capacity 31768K, committed 31996K, reserved 1077248K
  class space    used 3510K, capacity 3733K, committed 3836K, reserved 1048576K
2018-06-19T11:17:50.667+0200: 56,175: [GC (Allocation Failure) 2018-06-19T11:17:50.667+0200: 56,175: [ParNew
Desired survivor size 20112992 bytes, new threshold 8 (max 8)
- age   1:    1932840 bytes,    1932840 total
- age   2:    1086560 bytes,    3019400 total
- age   3:     997128 bytes,    4016528 total
- age   4:     919544 bytes,    4936072 total
- age   5:     312424 bytes,    5248496 total
- age   6:      81144 bytes,    5329640 total
- age   7:      81792 bytes,    5411432 total
- age   8:     420200 bytes,    5831632 total
: 96141K->7176K(109248K), 0,0169197 secs] 127981K->39102K(502464K), 0,0170371 secs] [Times: user=0,06 sys=0,00, real=0,02 secs] 
Heap after GC invocations=26 (full 1):
 par new generation   total 109248K, used 7176K [0x00000000e0000000, 0x00000000e8000000, 0x00000000e8000000)
  eden space 87424K,   0% used [0x00000000e0000000, 0x00000000e0000000, 0x00000000e5560000)
  from space 21824K,  32% used [0x00000000e5560000, 0x00000000e5c62130, 0x00000000e6ab0000)
  to   space 21824K,   0% used [0x00000000e6ab0000, 0x00000000e6ab0000, 0x00000000e8000000)
 concurrent mark-sweep generation total 393216K, used 31926K [0x00000000e8000000, 0x0000000100000000, 0x0000000100000000)
 Metaspace       used 31070K, capacity 31768K, committed 31996K, reserved 1077248K
  class space    used 3510K, capacity 3733K, committed 3836K, reserved 1048576K
}
2018-06-19T11:17:50.684+0200: 56,192: Total time for which application threads were stopped: 0,0172595 seconds, Stopping threads took: 0,0000371 seconds
{Heap before GC invocations=26 (full 1):
 par new generation   total 109248K, used 94600K [0x00000000e0000000, 0x00000000e8000000, 0x00000000e8000000)
  eden space 87424K, 100% used [0x00000000e0000000, 0x00000000e5560000, 0x00000000e5560000)
  from space 21824K,  32% used [0x00000000e5560000, 0x00000000e5c62130, 0x00000000e6ab0000)
  to   space 21824K,   0% used [0x00000000e6ab0000, 0x00000000e6ab0000, 0x00000000e8000000)
 concurrent mark-sweep generation total 393216K, used 31926K [0x00000000e8000000, 0x0000000100000000, 0x0000000100000000)
 Metaspace       used 31071K, capacity 31768K, committed 31996K, reserved 1077248K
  class space    used 3510K, capacity 3733K, committed 3836K, reserved 1048576K
2018-06-19T11:17:50.772+0200: 56,279: [GC (Allocation Failure) 2018-06-19T11:17:50.772+0200: 56,280: [ParNew
Desired survivor size 20112992 bytes, new threshold 8 (max 8)
- age   1:    1705152 bytes,    1705152 total
- age   2:    1227056 bytes,    2932208 total
- age   3:    1086536 bytes,    4018744 total
- age   4:     997128 bytes,    5015872 total
- age   5:     919544 bytes,    5935416 total
- age   6:     312424 bytes,    6247840 total
- age   7:      81096 bytes,    6328936 total
- age   8:      81560 bytes,    6410496 total
: 94600K->7385K(109248K), 0,0249887 secs] 126526K->39722K(502464K), 0,0253307 secs] [Times: user=0,08 sys=0,01, real=0,03 secs] 
Heap after GC invocations=27 (full 1):
 par new generation   total 109248K, used 7385K [0x00000000e0000000, 0x00000000e8000000, 0x00000000e8000000)
  eden space 87424K,   0% used [0x00000000e0000000, 0x00000000e0000000, 0x00000000e5560000)
  from space 21824K,  33% used [0x00000000e6ab0000, 0x00000000e71e65c0, 0x00000000e8000000)
  to   space 21824K,   0% used [0x00000000e5560000, 0x00000000e5560000, 0x00000000e6ab0000)
 concurrent mark-sweep generation total 393216K, used 32336K [0x00000000e8000000, 0x0000000100000000, 0x0000000100000000)
 Metaspace       used 31071K, capacity 31768K, committed 31996K, reserved 1077248K
  class space    used 3510K, capacity 3733K, committed 3836K, reserved 1048576K
}
2018-06-19T11:17:50.797+0200: 56,305: Total time for which application threads were stopped: 0,0258006 seconds, Stopping threads took: 0,0000378 seconds
{Heap before GC invocations=27 (full 1):
 par new generation   total 109248K, used 94782K [0x00000000e0000000, 0x00000000e8000000, 0x00000000e8000000)
  eden space 87424K,  99% used [0x00000000e0000000, 0x00000000e5559370, 0x00000000e5560000)
  from space 21824K,  33% used [0x00000000e6ab0000, 0x00000000e71e65c0, 0x00000000e8000000)
  to   space 21824K,   0% used [0x00000000e5560000, 0x00000000e5560000, 0x00000000e6ab0000)
 concurrent mark-sweep generation total 393216K, used 32336K [0x00000000e8000000, 0x0000000100000000, 0x0000000100000000)
 Metaspace       used 31072K, capacity 31768K, committed 31996K, reserved 1077248K
  class space    used 3510K, capacity 3733K, committed 3836K, reserved 1048576K
2018-06-19T11:17:50.898+0200: 56,406: [GC (Allocation Failure) 2018-06-19T11:17:50.898+0200: 56,406: [ParNew
Desired survivor size 20112992 bytes, new threshold 8 (max 8)
- age   1:    1975592 bytes,    1975592 total
- age   2:     861600 bytes,    2837192 total
- age   3:    1226200 bytes,    4063392 total
- age   4:     988904 bytes,    5052296 total
- age   5:     997680 bytes,    6049976 total
- age   6:     920096 bytes,    6970072 total
- age   7:     312400 bytes,    7282472 total
- age   8:      80864 bytes,    7363336 total
: 94782K->10370K(109248K), 0,0173575 secs] 127118K->42786K(502464K), 0,0175810 secs] [Times: user=0,04 sys=0,01, real=0,02 secs] 
Heap after GC invocations=28 (full 1):
 par new generation   total 109248K, used 10370K [0x00000000e0000000, 0x00000000e8000000, 0x00000000e8000000)
  eden space 87424K,   0% used [0x00000000e0000000, 0x00000000e0000000, 0x00000000e5560000)
  from space 21824K,  47% used [0x00000000e5560000, 0x00000000e5f80aa8, 0x00000000e6ab0000)
  to   space 21824K,   0% used [0x00000000e6ab0000, 0x00000000e6ab0000, 0x00000000e8000000)
 concurrent mark-sweep generation total 393216K, used 32416K [0x00000000e8000000, 0x0000000100000000, 0x0000000100000000)
 Metaspace       used 31072K, capacity 31768K, committed 31996K, reserved 1077248K
  class space    used 3510K, capacity 3733K, committed 3836K, reserved 1048576K
}
2018-06-19T11:17:50.916+0200: 56,424: Total time for which application threads were stopped: 0,0181426 seconds, Stopping threads took: 0,0001175 seconds
{Heap before GC invocations=28 (full 1):
 par new generation   total 109248K, used 97794K [0x00000000e0000000, 0x00000000e8000000, 0x00000000e8000000)
  eden space 87424K, 100% used [0x00000000e0000000, 0x00000000e5560000, 0x00000000e5560000)
  from space 21824K,  47% used [0x00000000e5560000, 0x00000000e5f80aa8, 0x00000000e6ab0000)
  to   space 21824K,   0% used [0x00000000e6ab0000, 0x00000000e6ab0000, 0x00000000e8000000)
 concurrent mark-sweep generation total 393216K, used 32416K [0x00000000e8000000, 0x0000000100000000, 0x0000000100000000)
 Metaspace       used 31077K, capacity 31774K, committed 31996K, reserved 1077248K
  class space    used 3511K, capacity 3734K, committed 3836K, reserved 1048576K
2018-06-19T11:17:51.000+0200: 56,507: [GC (Allocation Failure) 2018-06-19T11:17:51.000+0200: 56,507: [ParNew
Desired survivor size 20112992 bytes, new threshold 8 (max 8)
- age   1:    2051248 bytes,    2051248 total
- age   2:    1060400 bytes,    3111648 total
- age   3:     863400 bytes,    3975048 total
- age   4:    1228432 bytes,    5203480 total
- age   5:     990488 bytes,    6193968 total
- age   6:     999312 bytes,    7193280 total
- age   7:     921896 bytes,    8115176 total
- age   8:     311888 bytes,    8427064 total
: 97794K->10440K(109248K), 0,0181316 secs] 130210K->42935K(502464K), 0,0182304 secs] [Times: user=0,06 sys=0,00, real=0,02 secs] 
Heap after GC invocations=29 (full 1):
 par new generation   total 109248K, used 10440K [0x00000000e0000000, 0x00000000e8000000, 0x00000000e8000000)
  eden space 87424K,   0% used [0x00000000e0000000, 0x00000000e0000000, 0x00000000e5560000)
  from space 21824K,  47% used [0x00000000e6ab0000, 0x00000000e74e2280, 0x00000000e8000000)
  to   space 21824K,   0% used [0x00000000e5560000, 0x00000000e5560000, 0x00000000e6ab0000)
 concurrent mark-sweep generation total 393216K, used 32495K [0x00000000e8000000, 0x0000000100000000, 0x0000000100000000)
 Metaspace       used 31077K, capacity 31774K, committed 31996K, reserved 1077248K
  class space    used 3511K, capacity 3734K, committed 3836K, reserved 1048576K
}
2018-06-19T11:17:51.018+0200: 56,526: Total time for which application threads were stopped: 0,0184709 seconds, Stopping threads took: 0,0000386 seconds
{Heap before GC invocations=29 (full 1):
 par new generation   total 109248K, used 97835K [0x00000000e0000000, 0x00000000e8000000, 0x00000000e8000000)
  eden space 87424K,  99% used [0x00000000e0000000, 0x00000000e5558a80, 0x00000000e5560000)
  from space 21824K,  47% used [0x00000000e6ab0000, 0x00000000e74e2280, 0x00000000e8000000)
  to   space 21824K,   0% used [0x00000000e5560000, 0x00000000e5560000, 0x00000000e6ab0000)
 concurrent mark-sweep generation total 393216K, used 32495K [0x00000000e8000000, 0x0000000100000000, 0x0000000100000000)
 Metaspace       used 31079K, capacity 31774K, committed 31996K, reserved 1077248K
  class space    used 3511K, capacity 3734K, committed 3836K, reserved 1048576K
2018-06-19T11:17:51.100+0200: 56,608: [GC (Allocation Failure) 2018-06-19T11:17:51.100+0200: 56,608: [ParNew
Desired survivor size 20112992 bytes, new threshold 8 (max 8)
- age   1:    1876296 bytes,    1876296 total
- age   2:    1389232 bytes,    3265528 total
- age   3:    1057424 bytes,    4322952 total
- age   4:     860712 bytes,    5183664 total
- age   5:    1028896 bytes,    6212560 total
- age   6:     988184 bytes,    7200744 total
- age   7:     997080 bytes,    8197824 total
- age   8:     919232 bytes,    9117056 total
: 97835K->14381K(109248K), 0,0107751 secs] 130330K->47181K(502464K), 0,0108591 secs] [Times: user=0,04 sys=0,00, real=0,01 secs] 
Heap after GC invocations=30 (full 1):
 par new generation   total 109248K, used 14381K [0x00000000e0000000, 0x00000000e8000000, 0x00000000e8000000)
  eden space 87424K,   0% used [0x00000000e0000000, 0x00000000e0000000, 0x00000000e5560000)
  from space 21824K,  65% used [0x00000000e5560000, 0x00000000e636b540, 0x00000000e6ab0000)
  to   space 21824K,   0% used [0x00000000e6ab0000, 0x00000000e6ab0000, 0x00000000e8000000)
 concurrent mark-sweep generation total 393216K, used 32800K [0x00000000e8000000, 0x0000000100000000, 0x0000000100000000)
 Metaspace       used 31079K, capacity 31774K, committed 31996K, reserved 1077248K
  class space    used 3511K, capacity 3734K, committed 3836K, reserved 1048576K
}
2018-06-19T11:17:51.111+0200: 56,619: Total time for which application threads were stopped: 0,0110766 seconds, Stopping threads took: 0,0000461 seconds
2018-06-19T11:17:51.210+0200: 56,718: Total time for which application threads were stopped: 0,0001239 seconds, Stopping threads took: 0,0000280 seconds
2018-06-19T11:17:51.216+0200: 56,724: Total time for which application threads were stopped: 0,0001622 seconds, Stopping threads took: 0,0000534 seconds
2018-06-19T11:17:51.216+0200: 56,724: Total time for which application threads were stopped: 0,0002100 seconds, Stopping threads took: 0,0000204 seconds
{Heap before GC invocations=30 (full 1):
 par new generation   total 109248K, used 101805K [0x00000000e0000000, 0x00000000e8000000, 0x00000000e8000000)
  eden space 87424K, 100% used [0x00000000e0000000, 0x00000000e5560000, 0x00000000e5560000)
  from space 21824K,  65% used [0x00000000e5560000, 0x00000000e636b540, 0x00000000e6ab0000)
  to   space 21824K,   0% used [0x00000000e6ab0000, 0x00000000e6ab0000, 0x00000000e8000000)
 concurrent mark-sweep generation total 393216K, used 32800K [0x00000000e8000000, 0x0000000100000000, 0x0000000100000000)
 Metaspace       used 31091K, capacity 31774K, committed 31996K, reserved 1077248K
  class space    used 3511K, capacity 3734K, committed 3836K, reserved 1048576K
2018-06-19T11:17:51.272+0200: 56,780: [GC (Allocation Failure) 2018-06-19T11:17:51.272+0200: 56,780: [ParNew
Desired survivor size 20112992 bytes, new threshold 8 (max 8)
- age   1:    1617280 bytes,    1617280 total
- age   2:    1734048 bytes,    3351328 total
- age   3:    1332616 bytes,    4683944 total
- age   4:     997944 bytes,    5681888 total
- age   5:     803160 bytes,    6485048 total
- age   6:     971488 bytes,    7456536 total
- age   7:     931736 bytes,    8388272 total
- age   8:     955160 bytes,    9343432 total
: 101805K->12070K(109248K), 0,0367330 secs] 134605K->45721K(502464K), 0,0368243 secs] [Times: user=0,13 sys=0,01, real=0,03 secs] 
Heap after GC invocations=31 (full 1):
 par new generation   total 109248K, used 12070K [0x00000000e0000000, 0x00000000e8000000, 0x00000000e8000000)
  eden space 87424K,   0% used [0x00000000e0000000, 0x00000000e0000000, 0x00000000e5560000)
  from space 21824K,  55% used [0x00000000e6ab0000, 0x00000000e7679a00, 0x00000000e8000000)
  to   space 21824K,   0% used [0x00000000e5560000, 0x00000000e5560000, 0x00000000e6ab0000)
 concurrent mark-sweep generation total 393216K, used 33651K [0x00000000e8000000, 0x0000000100000000, 0x0000000100000000)
 Metaspace       used 31091K, capacity 31774K, committed 31996K, reserved 1077248K
  class space    used 3511K, capacity 3734K, committed 3836K, reserved 1048576K
}
2018-06-19T11:17:51.309+0200: 56,817: Total time for which application threads were stopped: 0,0370538 seconds, Stopping threads took: 0,0000342 seconds
2018-06-19T11:17:51.412+0200: 56,919: Total time for which application threads were stopped: 0,0001875 seconds, Stopping threads took: 0,0000377 seconds
2018-06-19T11:17:51.425+0200: 56,932: Total time for which application threads were stopped: 0,0001496 seconds, Stopping threads took: 0,0000623 seconds
2018-06-19T11:17:51.426+0200: 56,933: Total time for which application threads were stopped: 0,0001113 seconds, Stopping threads took: 0,0000331 seconds
2018-06-19T11:17:51.426+0200: 56,934: Total time for which application threads were stopped: 0,0001132 seconds, Stopping threads took: 0,0000321 seconds
2018-06-19T11:17:51.426+0200: 56,934: Total time for which application threads were stopped: 0,0000816 seconds, Stopping threads took: 0,0000206 seconds
2018-06-19T11:17:51.427+0200: 56,934: Total time for which application threads were stopped: 0,0000712 seconds, Stopping threads took: 0,0000182 seconds
2018-06-19T11:17:51.429+0200: 56,936: Total time for which application threads were stopped: 0,0001172 seconds, Stopping threads took: 0,0000273 seconds
2018-06-19T11:17:51.429+0200: 56,936: Total time for which application threads were stopped: 0,0000693 seconds, Stopping threads took: 0,0000134 seconds
2018-06-19T11:17:51.429+0200: 56,936: Total time for which application threads were stopped: 0,0000500 seconds, Stopping threads took: 0,0000121 seconds
2018-06-19T11:17:51.429+0200: 56,937: Total time for which application threads were stopped: 0,0000510 seconds, Stopping threads took: 0,0000133 seconds
2018-06-19T11:17:51.435+0200: 56,942: Total time for which application threads were stopped: 0,0001222 seconds, Stopping threads took: 0,0000459 seconds
2018-06-19T11:17:51.435+0200: 56,943: Total time for which application threads were stopped: 0,0000662 seconds, Stopping threads took: 0,0000270 seconds
2018-06-19T11:17:51.435+0200: 56,943: Total time for which application threads were stopped: 0,0000620 seconds, Stopping threads took: 0,0000204 seconds
2018-06-19T11:17:51.435+0200: 56,943: Total time for which application threads were stopped: 0,0000619 seconds, Stopping threads took: 0,0000229 seconds
2018-06-19T11:17:51.435+0200: 56,943: Total time for which application threads were stopped: 0,0000632 seconds, Stopping threads took: 0,0000258 seconds
2018-06-19T11:17:51.435+0200: 56,943: Total time for which application threads were stopped: 0,0000618 seconds, Stopping threads took: 0,0000204 seconds
2018-06-19T11:17:51.435+0200: 56,943: Total time for which application threads were stopped: 0,0000557 seconds, Stopping threads took: 0,0000209 seconds
2018-06-19T11:17:51.435+0200: 56,943: Total time for which application threads were stopped: 0,0000608 seconds, Stopping threads took: 0,0000245 seconds
2018-06-19T11:17:51.436+0200: 56,943: Total time for which application threads were stopped: 0,0000579 seconds, Stopping threads took: 0,0000214 seconds
2018-06-19T11:17:51.436+0200: 56,943: Total time for which application threads were stopped: 0,0000577 seconds, Stopping threads took: 0,0000224 seconds
2018-06-19T11:17:51.436+0200: 56,943: Total time for which application threads were stopped: 0,0000556 seconds, Stopping threads took: 0,0000205 seconds
2018-06-19T11:17:51.436+0200: 56,943: Total time for which application threads were stopped: 0,0000872 seconds, Stopping threads took: 0,0000203 seconds
2018-06-19T11:17:51.436+0200: 56,944: Total time for which application threads were stopped: 0,0000726 seconds, Stopping threads took: 0,0000347 seconds
2018-06-19T11:17:51.436+0200: 56,944: Total time for which application threads were stopped: 0,0002273 seconds, Stopping threads took: 0,0001771 seconds
2018-06-19T11:17:51.436+0200: 56,944: Total time for which application threads were stopped: 0,0000639 seconds, Stopping threads took: 0,0000281 seconds
2018-06-19T11:17:51.436+0200: 56,944: Total time for which application threads were stopped: 0,0001943 seconds, Stopping threads took: 0,0000350 seconds
2018-06-19T11:17:52.035+0200: 57,542: Total time for which application threads were stopped: 0,0001864 seconds, Stopping threads took: 0,0000523 seconds
2018-06-19T11:17:52.035+0200: 57,542: Total time for which application threads were stopped: 0,0001080 seconds, Stopping threads took: 0,0000387 seconds
2018-06-19T11:17:52.035+0200: 57,543: Total time for which application threads were stopped: 0,0000857 seconds, Stopping threads took: 0,0000237 seconds
2018-06-19T11:17:52.035+0200: 57,543: Total time for which application threads were stopped: 0,0000812 seconds, Stopping threads took: 0,0000250 seconds
2018-06-19T11:17:52.035+0200: 57,543: Total time for which application threads were stopped: 0,0000868 seconds, Stopping threads took: 0,0000258 seconds
2018-06-19T11:17:52.039+0200: 57,547: Total time for which application threads were stopped: 0,0001268 seconds, Stopping threads took: 0,0000427 seconds
2018-06-19T11:17:52.039+0200: 57,547: Total time for which application threads were stopped: 0,0001242 seconds, Stopping threads took: 0,0000599 seconds
2018-06-19T11:17:52.040+0200: 57,547: Total time for which application threads were stopped: 0,0000836 seconds, Stopping threads took: 0,0000262 seconds
2018-06-19T11:17:53.040+0200: 58,548: Total time for which application threads were stopped: 0,0000952 seconds, Stopping threads took: 0,0000237 seconds
2018-06-19T11:17:57.362+0200: 62,870: Total time for which application threads were stopped: 0,0005195 seconds, Stopping threads took: 0,0000179 seconds
2018-06-19T11:17:57.363+0200: 62,871: Total time for which application threads were stopped: 0,0004982 seconds, Stopping threads took: 0,0000120 seconds
2018-06-19T11:17:57.367+0200: 62,874: Total time for which application threads were stopped: 0,0000827 seconds, Stopping threads took: 0,0000202 seconds
2018-06-19T11:17:57.370+0200: 62,878: Total time for which application threads were stopped: 0,0001489 seconds, Stopping threads took: 0,0000476 seconds
2018-06-19T11:17:57.376+0200: 62,884: Total time for which application threads were stopped: 0,0027161 seconds, Stopping threads took: 0,0026507 seconds
2018-06-19T11:17:57.377+0200: 62,884: Total time for which application threads were stopped: 0,0001298 seconds, Stopping threads took: 0,0000708 seconds
2018-06-19T11:17:57.377+0200: 62,885: Total time for which application threads were stopped: 0,0000832 seconds, Stopping threads took: 0,0000432 seconds
2018-06-19T11:17:57.380+0200: 62,888: Total time for which application threads were stopped: 0,0001504 seconds, Stopping threads took: 0,0000582 seconds
2018-06-19T11:17:57.383+0200: 62,891: Total time for which application threads were stopped: 0,0001056 seconds, Stopping threads took: 0,0000282 seconds
2018-06-19T11:17:57.383+0200: 62,891: Total time for which application threads were stopped: 0,0000601 seconds, Stopping threads took: 0,0000169 seconds
2018-06-19T11:17:57.384+0200: 62,892: Total time for which application threads were stopped: 0,0004017 seconds, Stopping threads took: 0,0003537 seconds
2018-06-19T11:17:57.386+0200: 62,893: Total time for which application threads were stopped: 0,0001138 seconds, Stopping threads took: 0,0000349 seconds
2018-06-19T11:17:57.386+0200: 62,894: Total time for which application threads were stopped: 0,0000606 seconds, Stopping threads took: 0,0000127 seconds
2018-06-19T11:17:57.386+0200: 62,894: Total time for which application threads were stopped: 0,0001144 seconds, Stopping threads took: 0,0000481 seconds
2018-06-19T11:17:57.387+0200: 62,895: Total time for which application threads were stopped: 0,0008608 seconds, Stopping threads took: 0,0007937 seconds
2018-06-19T11:17:57.388+0200: 62,895: Total time for which application threads were stopped: 0,0001094 seconds, Stopping threads took: 0,0000390 seconds
2018-06-19T11:17:57.388+0200: 62,895: Total time for which application threads were stopped: 0,0000735 seconds, Stopping threads took: 0,0000324 seconds
2018-06-19T11:17:57.388+0200: 62,896: Total time for which application threads were stopped: 0,0000905 seconds, Stopping threads took: 0,0000288 seconds
2018-06-19T11:17:57.389+0200: 62,896: Total time for which application threads were stopped: 0,0000649 seconds, Stopping threads took: 0,0000289 seconds
2018-06-19T11:17:57.389+0200: 62,896: Total time for which application threads were stopped: 0,0000430 seconds, Stopping threads took: 0,0000180 seconds
2018-06-19T11:17:57.389+0200: 62,896: Total time for which application threads were stopped: 0,0000407 seconds, Stopping threads took: 0,0000159 seconds
2018-06-19T11:17:57.389+0200: 62,897: Total time for which application threads were stopped: 0,0000773 seconds, Stopping threads took: 0,0000390 seconds
2018-06-19T11:17:57.389+0200: 62,897: Total time for which application threads were stopped: 0,0000476 seconds, Stopping threads took: 0,0000206 seconds
2018-06-19T11:17:57.389+0200: 62,897: Total time for which application threads were stopped: 0,0000316 seconds, Stopping threads took: 0,0000098 seconds
2018-06-19T11:17:57.390+0200: 62,898: Total time for which application threads were stopped: 0,0000894 seconds, Stopping threads took: 0,0000404 seconds
2018-06-19T11:17:57.390+0200: 62,898: Total time for which application threads were stopped: 0,0000552 seconds, Stopping threads took: 0,0000246 seconds
2018-06-19T11:17:57.393+0200: 62,901: Total time for which application threads were stopped: 0,0001010 seconds, Stopping threads took: 0,0000235 seconds
2018-06-19T11:17:57.393+0200: 62,901: Total time for which application threads were stopped: 0,0000563 seconds, Stopping threads took: 0,0000142 seconds
2018-06-19T11:17:57.393+0200: 62,901: Total time for which application threads were stopped: 0,0000643 seconds, Stopping threads took: 0,0000240 seconds
2018-06-19T11:17:57.393+0200: 62,901: Total time for which application threads were stopped: 0,0000487 seconds, Stopping threads took: 0,0000116 seconds
2018-06-19T11:17:57.394+0200: 62,901: Total time for which application threads were stopped: 0,0000518 seconds, Stopping threads took: 0,0000124 seconds
2018-06-19T11:17:57.396+0200: 62,904: Total time for which application threads were stopped: 0,0001270 seconds, Stopping threads took: 0,0000714 seconds
2018-06-19T11:17:57.396+0200: 62,904: Total time for which application threads were stopped: 0,0000531 seconds, Stopping threads took: 0,0000176 seconds
2018-06-19T11:17:57.396+0200: 62,904: Total time for which application threads were stopped: 0,0000604 seconds, Stopping threads took: 0,0000287 seconds
2018-06-19T11:17:57.397+0200: 62,904: Total time for which application threads were stopped: 0,0000736 seconds, Stopping threads took: 0,0000287 seconds
2018-06-19T11:17:57.397+0200: 62,905: Total time for which application threads were stopped: 0,0000873 seconds, Stopping threads took: 0,0000427 seconds
2018-06-19T11:17:57.397+0200: 62,905: Total time for which application threads were stopped: 0,0001021 seconds, Stopping threads took: 0,0000682 seconds
2018-06-19T11:17:57.397+0200: 62,905: Total time for which application threads were stopped: 0,0001627 seconds, Stopping threads took: 0,0000221 seconds
2018-06-19T11:17:57.399+0200: 62,907: Total time for which application threads were stopped: 0,0001746 seconds, Stopping threads took: 0,0001073 seconds
2018-06-19T11:17:57.400+0200: 62,908: Total time for which application threads were stopped: 0,0002037 seconds, Stopping threads took: 0,0000343 seconds
2018-06-19T11:17:57.402+0200: 62,910: Total time for which application threads were stopped: 0,0001180 seconds, Stopping threads took: 0,0000474 seconds
2018-06-19T11:17:57.405+0200: 62,913: Total time for which application threads were stopped: 0,0001344 seconds, Stopping threads took: 0,0000445 seconds
2018-06-19T11:17:57.406+0200: 62,914: Total time for which application threads were stopped: 0,0001207 seconds, Stopping threads took: 0,0000690 seconds
2018-06-19T11:17:57.406+0200: 62,914: Total time for which application threads were stopped: 0,0000854 seconds, Stopping threads took: 0,0000532 seconds
2018-06-19T11:17:57.411+0200: 62,919: Total time for which application threads were stopped: 0,0002979 seconds, Stopping threads took: 0,0002221 seconds
2018-06-19T11:17:57.412+0200: 62,920: Total time for which application threads were stopped: 0,0001224 seconds, Stopping threads took: 0,0000388 seconds
Heap
 par new generation   total 109248K, used 69141K [0x00000000e0000000, 0x00000000e8000000, 0x00000000e8000000)
  eden space 87424K,  65% used [0x00000000e0000000, 0x00000000e37bbc98, 0x00000000e5560000)
  from space 21824K,  55% used [0x00000000e6ab0000, 0x00000000e7679a00, 0x00000000e8000000)
  to   space 21824K,   0% used [0x00000000e5560000, 0x00000000e5560000, 0x00000000e6ab0000)
 concurrent mark-sweep generation total 393216K, used 33651K [0x00000000e8000000, 0x0000000100000000, 0x0000000100000000)
 Metaspace       used 31212K, capacity 31918K, committed 32252K, reserved 1077248K
  class space    used 3521K, capacity 3736K, committed 3836K, reserved 1048576K
