OpenJDK 64-Bit Server VM (25.171-b11) for linux-amd64 JRE (1.8.0_171-8u171-b11-0ubuntu0.16.04.1-b11), built on Apr 27 2018 17:19:03 by "buildd" with gcc 5.4.0 20160609
Memory: 4k page, physical 7867608k(2878508k free), swap 8076284k(8076284k free)
CommandLine flags: -XX:CMSInitiatingOccupancyFraction=50 -XX:CMSMaxAbortablePrecleanTime=6000 -XX:+CMSParallelRemarkEnabled -XX:+CMSScavengeBeforeRemark -XX:ConcGCThreads=4 -XX:InitialHeapSize=536870912 -XX:MaxHeapSize=536870912 -XX:MaxTenuringThreshold=8 -XX:NewRatio=3 -XX:OldPLABSize=16 -XX:OnOutOfMemoryError=/home/gurnoor/workspace/QTM/solr/bin/oom_solr.sh 8983 /home/gurnoor/workspace/QTM/solr/server/logs -XX:ParallelGCThreads=4 -XX:+ParallelRefProcEnabled -XX:PretenureSizeThreshold=67108864 -XX:+PrintGC -XX:+PrintGCApplicationStoppedTime -XX:+PrintGCDateStamps -XX:+PrintGCDetails -XX:+PrintGCTimeStamps -XX:+PrintHeapAtGC -XX:+PrintTenuringDistribution -XX:SurvivorRatio=4 -XX:TargetSurvivorRatio=90 -XX:ThreadStackSize=256 -XX:+UseCMSInitiatingOccupancyOnly -XX:+UseCompressedClassPointers -XX:+UseCompressedOops -XX:+UseConcMarkSweepGC -XX:+UseParNewGC 
2018-05-29T07:27:29.989+0200: 0,469: Total time for which application threads were stopped: 0,0001622 seconds, Stopping threads took: 0,0000408 seconds
2018-05-29T07:27:30.170+0200: 0,651: Total time for which application threads were stopped: 0,0000941 seconds, Stopping threads took: 0,0000152 seconds
2018-05-29T07:27:30.190+0200: 0,671: Total time for which application threads were stopped: 0,0001012 seconds, Stopping threads took: 0,0000175 seconds
2018-05-29T07:27:30.436+0200: 0,917: Total time for which application threads were stopped: 0,0001750 seconds, Stopping threads took: 0,0000312 seconds
2018-05-29T07:27:30.771+0200: 1,251: Total time for which application threads were stopped: 0,0003628 seconds, Stopping threads took: 0,0000174 seconds
2018-05-29T07:27:30.865+0200: 1,346: Total time for which application threads were stopped: 0,0001967 seconds, Stopping threads took: 0,0000227 seconds
2018-05-29T07:27:30.887+0200: 1,367: Total time for which application threads were stopped: 0,0001970 seconds, Stopping threads took: 0,0000277 seconds
2018-05-29T07:27:31.420+0200: 1,900: Total time for which application threads were stopped: 0,0011967 seconds, Stopping threads took: 0,0002033 seconds
2018-05-29T07:27:31.888+0200: 2,368: Total time for which application threads were stopped: 0,0003772 seconds, Stopping threads took: 0,0000495 seconds
2018-05-29T07:27:31.934+0200: 2,414: Total time for which application threads were stopped: 0,0003318 seconds, Stopping threads took: 0,0000345 seconds
2018-05-29T07:27:32.014+0200: 2,494: Total time for which application threads were stopped: 0,0003104 seconds, Stopping threads took: 0,0000467 seconds
2018-05-29T07:27:32.016+0200: 2,496: Total time for which application threads were stopped: 0,0003065 seconds, Stopping threads took: 0,0000374 seconds
2018-05-29T07:27:32.039+0200: 2,519: Total time for which application threads were stopped: 0,0002886 seconds, Stopping threads took: 0,0000340 seconds
2018-05-29T07:27:32.196+0200: 2,677: Total time for which application threads were stopped: 0,0010247 seconds, Stopping threads took: 0,0001280 seconds
2018-05-29T07:27:32.548+0200: 3,029: Total time for which application threads were stopped: 0,0007201 seconds, Stopping threads took: 0,0000416 seconds
{Heap before GC invocations=0 (full 0):
 par new generation   total 109248K, used 87424K [0x00000000e0000000, 0x00000000e8000000, 0x00000000e8000000)
  eden space 87424K, 100% used [0x00000000e0000000, 0x00000000e5560000, 0x00000000e5560000)
  from space 21824K,   0% used [0x00000000e5560000, 0x00000000e5560000, 0x00000000e6ab0000)
  to   space 21824K,   0% used [0x00000000e6ab0000, 0x00000000e6ab0000, 0x00000000e8000000)
 concurrent mark-sweep generation total 393216K, used 0K [0x00000000e8000000, 0x0000000100000000, 0x0000000100000000)
 Metaspace       used 17816K, capacity 18184K, committed 18304K, reserved 1064960K
  class space    used 2023K, capacity 2166K, committed 2176K, reserved 1048576K
2018-05-29T07:27:32.621+0200: 3,102: [GC (Allocation Failure) 2018-05-29T07:27:32.621+0200: 3,102: [ParNew
Desired survivor size 20112992 bytes, new threshold 8 (max 8)
- age   1:   11422680 bytes,   11422680 total
: 87424K->11254K(109248K), 0,0417770 secs] 87424K->11254K(502464K), 0,0420584 secs] [Times: user=0,05 sys=0,02, real=0,04 secs] 
Heap after GC invocations=1 (full 0):
 par new generation   total 109248K, used 11254K [0x00000000e0000000, 0x00000000e8000000, 0x00000000e8000000)
  eden space 87424K,   0% used [0x00000000e0000000, 0x00000000e0000000, 0x00000000e5560000)
  from space 21824K,  51% used [0x00000000e6ab0000, 0x00000000e75adb60, 0x00000000e8000000)
  to   space 21824K,   0% used [0x00000000e5560000, 0x00000000e5560000, 0x00000000e6ab0000)
 concurrent mark-sweep generation total 393216K, used 0K [0x00000000e8000000, 0x0000000100000000, 0x0000000100000000)
 Metaspace       used 17816K, capacity 18184K, committed 18304K, reserved 1064960K
  class space    used 2023K, capacity 2166K, committed 2176K, reserved 1048576K
}
2018-05-29T07:27:32.664+0200: 3,144: Total time for which application threads were stopped: 0,0441674 seconds, Stopping threads took: 0,0015362 seconds
2018-05-29T07:27:33.326+0200: 3,807: Total time for which application threads were stopped: 0,0065402 seconds, Stopping threads took: 0,0037344 seconds
2018-05-29T07:27:33.385+0200: 3,865: Total time for which application threads were stopped: 0,0004781 seconds, Stopping threads took: 0,0001172 seconds
{Heap before GC invocations=1 (full 0):
 par new generation   total 109248K, used 98678K [0x00000000e0000000, 0x00000000e8000000, 0x00000000e8000000)
  eden space 87424K, 100% used [0x00000000e0000000, 0x00000000e5560000, 0x00000000e5560000)
  from space 21824K,  51% used [0x00000000e6ab0000, 0x00000000e75adb60, 0x00000000e8000000)
  to   space 21824K,   0% used [0x00000000e5560000, 0x00000000e5560000, 0x00000000e6ab0000)
 concurrent mark-sweep generation total 393216K, used 0K [0x00000000e8000000, 0x0000000100000000, 0x0000000100000000)
 Metaspace       used 20065K, capacity 20426K, committed 20736K, reserved 1067008K
  class space    used 2296K, capacity 2467K, committed 2560K, reserved 1048576K
2018-05-29T07:27:33.397+0200: 3,877: [GC (Allocation Failure) 2018-05-29T07:27:33.397+0200: 3,877: [ParNew
Desired survivor size 20112992 bytes, new threshold 8 (max 8)
- age   1:    3481464 bytes,    3481464 total
- age   2:    5937448 bytes,    9418912 total
: 98678K->12523K(109248K), 0,0140814 secs] 98678K->12523K(502464K), 0,0141695 secs] [Times: user=0,04 sys=0,00, real=0,02 secs] 
Heap after GC invocations=2 (full 0):
 par new generation   total 109248K, used 12523K [0x00000000e0000000, 0x00000000e8000000, 0x00000000e8000000)
  eden space 87424K,   0% used [0x00000000e0000000, 0x00000000e0000000, 0x00000000e5560000)
  from space 21824K,  57% used [0x00000000e5560000, 0x00000000e619ace0, 0x00000000e6ab0000)
  to   space 21824K,   0% used [0x00000000e6ab0000, 0x00000000e6ab0000, 0x00000000e8000000)
 concurrent mark-sweep generation total 393216K, used 0K [0x00000000e8000000, 0x0000000100000000, 0x0000000100000000)
 Metaspace       used 20065K, capacity 20426K, committed 20736K, reserved 1067008K
  class space    used 2296K, capacity 2467K, committed 2560K, reserved 1048576K
}
2018-05-29T07:27:33.411+0200: 3,891: Total time for which application threads were stopped: 0,0143858 seconds, Stopping threads took: 0,0000749 seconds
2018-05-29T07:27:33.440+0200: 3,920: Total time for which application threads were stopped: 0,0018056 seconds, Stopping threads took: 0,0004459 seconds
2018-05-29T07:27:33.731+0200: 4,212: Total time for which application threads were stopped: 0,0001612 seconds, Stopping threads took: 0,0000219 seconds
{Heap before GC invocations=2 (full 0):
 par new generation   total 109248K, used 99947K [0x00000000e0000000, 0x00000000e8000000, 0x00000000e8000000)
  eden space 87424K, 100% used [0x00000000e0000000, 0x00000000e5560000, 0x00000000e5560000)
  from space 21824K,  57% used [0x00000000e5560000, 0x00000000e619ace0, 0x00000000e6ab0000)
  to   space 21824K,   0% used [0x00000000e6ab0000, 0x00000000e6ab0000, 0x00000000e8000000)
 concurrent mark-sweep generation total 393216K, used 0K [0x00000000e8000000, 0x0000000100000000, 0x0000000100000000)
 Metaspace       used 20973K, capacity 21348K, committed 21628K, reserved 1069056K
  class space    used 2417K, capacity 2586K, committed 2684K, reserved 1048576K
2018-05-29T07:27:33.780+0200: 4,261: [GC (Allocation Failure) 2018-05-29T07:27:33.780+0200: 4,261: [ParNew
Desired survivor size 20112992 bytes, new threshold 8 (max 8)
- age   1:    2217768 bytes,    2217768 total
- age   2:    1028960 bytes,    3246728 total
- age   3:    5935744 bytes,    9182472 total
: 99947K->11786K(109248K), 0,0263323 secs] 99947K->11786K(502464K), 0,0264393 secs] [Times: user=0,07 sys=0,00, real=0,03 secs] 
Heap after GC invocations=3 (full 0):
 par new generation   total 109248K, used 11786K [0x00000000e0000000, 0x00000000e8000000, 0x00000000e8000000)
  eden space 87424K,   0% used [0x00000000e0000000, 0x00000000e0000000, 0x00000000e5560000)
  from space 21824K,  54% used [0x00000000e6ab0000, 0x00000000e7632918, 0x00000000e8000000)
  to   space 21824K,   0% used [0x00000000e5560000, 0x00000000e5560000, 0x00000000e6ab0000)
 concurrent mark-sweep generation total 393216K, used 0K [0x00000000e8000000, 0x0000000100000000, 0x0000000100000000)
 Metaspace       used 20973K, capacity 21348K, committed 21628K, reserved 1069056K
  class space    used 2417K, capacity 2586K, committed 2684K, reserved 1048576K
}
2018-05-29T07:27:33.807+0200: 4,287: Total time for which application threads were stopped: 0,0266934 seconds, Stopping threads took: 0,0000700 seconds
2018-05-29T07:27:33.807+0200: 4,287: [GC (CMS Initial Mark) [1 CMS-initial-mark: 0K(393216K)] 11818K(502464K), 0,0055718 secs] [Times: user=0,02 sys=0,00, real=0,00 secs] 
2018-05-29T07:27:33.813+0200: 4,293: Total time for which application threads were stopped: 0,0061116 seconds, Stopping threads took: 0,0001825 seconds
2018-05-29T07:27:33.813+0200: 4,293: [CMS-concurrent-mark-start]
2018-05-29T07:27:33.817+0200: 4,298: Total time for which application threads were stopped: 0,0002198 seconds, Stopping threads took: 0,0001010 seconds
2018-05-29T07:27:33.818+0200: 4,298: Total time for which application threads were stopped: 0,0001162 seconds, Stopping threads took: 0,0000380 seconds
2018-05-29T07:27:33.818+0200: 4,298: Total time for which application threads were stopped: 0,0000931 seconds, Stopping threads took: 0,0000339 seconds
2018-05-29T07:27:33.818+0200: 4,298: Total time for which application threads were stopped: 0,0000610 seconds, Stopping threads took: 0,0000116 seconds
2018-05-29T07:27:33.819+0200: 4,300: [CMS-concurrent-mark: 0,005/0,006 secs] [Times: user=0,02 sys=0,00, real=0,01 secs] 
2018-05-29T07:27:33.819+0200: 4,300: [CMS-concurrent-preclean-start]
2018-05-29T07:27:33.820+0200: 4,301: [CMS-concurrent-preclean: 0,001/0,001 secs] [Times: user=0,00 sys=0,00, real=0,00 secs] 
2018-05-29T07:27:33.821+0200: 4,301: [CMS-concurrent-abortable-preclean-start]
2018-05-29T07:27:33.827+0200: 4,308: Total time for which application threads were stopped: 0,0023359 seconds, Stopping threads took: 0,0021776 seconds
2018-05-29T07:27:33.829+0200: 4,310: Total time for which application threads were stopped: 0,0004692 seconds, Stopping threads took: 0,0003056 seconds
2018-05-29T07:27:33.829+0200: 4,310: Total time for which application threads were stopped: 0,0001892 seconds, Stopping threads took: 0,0000373 seconds
2018-05-29T07:27:33.830+0200: 4,310: Total time for which application threads were stopped: 0,0002121 seconds, Stopping threads took: 0,0000436 seconds
2018-05-29T07:27:33.830+0200: 4,310: Total time for which application threads were stopped: 0,0001202 seconds, Stopping threads took: 0,0000190 seconds
2018-05-29T07:27:33.830+0200: 4,311: Total time for which application threads were stopped: 0,0000810 seconds, Stopping threads took: 0,0000124 seconds
2018-05-29T07:27:33.831+0200: 4,311: Total time for which application threads were stopped: 0,0001147 seconds, Stopping threads took: 0,0000354 seconds
2018-05-29T07:27:33.851+0200: 4,331: Total time for which application threads were stopped: 0,0018961 seconds, Stopping threads took: 0,0017834 seconds
2018-05-29T07:27:33.851+0200: 4,332: Total time for which application threads were stopped: 0,0000964 seconds, Stopping threads took: 0,0000188 seconds
2018-05-29T07:27:33.857+0200: 4,337: Total time for which application threads were stopped: 0,0001525 seconds, Stopping threads took: 0,0000628 seconds
2018-05-29T07:27:33.857+0200: 4,338: Total time for which application threads were stopped: 0,0000652 seconds, Stopping threads took: 0,0000127 seconds
2018-05-29T07:27:33.858+0200: 4,338: Total time for which application threads were stopped: 0,0000762 seconds, Stopping threads took: 0,0000146 seconds
2018-05-29T07:27:33.929+0200: 4,409: Total time for which application threads were stopped: 0,0002240 seconds, Stopping threads took: 0,0000962 seconds
2018-05-29T07:27:33.929+0200: 4,409: Total time for which application threads were stopped: 0,0001007 seconds, Stopping threads took: 0,0000421 seconds
2018-05-29T07:27:33.929+0200: 4,409: Total time for which application threads were stopped: 0,0001864 seconds, Stopping threads took: 0,0000451 seconds
2018-05-29T07:27:33.979+0200: 4,459: Total time for which application threads were stopped: 0,0001842 seconds, Stopping threads took: 0,0000658 seconds
2018-05-29T07:27:33.979+0200: 4,459: [CMS-concurrent-abortable-preclean: 0,109/0,158 secs] [Times: user=0,43 sys=0,02, real=0,16 secs] 
2018-05-29T07:27:33.979+0200: 4,459: Total time for which application threads were stopped: 0,0001139 seconds, Stopping threads took: 0,0000417 seconds
2018-05-29T07:27:33.979+0200: 4,459: [GC (CMS Final Remark) [YG occupancy: 78398 K (109248 K)]{Heap before GC invocations=3 (full 1):
 par new generation   total 109248K, used 78398K [0x00000000e0000000, 0x00000000e8000000, 0x00000000e8000000)
  eden space 87424K,  76% used [0x00000000e0000000, 0x00000000e410d200, 0x00000000e5560000)
  from space 21824K,  54% used [0x00000000e6ab0000, 0x00000000e7632918, 0x00000000e8000000)
  to   space 21824K,   0% used [0x00000000e5560000, 0x00000000e5560000, 0x00000000e6ab0000)
 concurrent mark-sweep generation total 393216K, used 0K [0x00000000e8000000, 0x0000000100000000, 0x0000000100000000)
 Metaspace       used 21216K, capacity 21533K, committed 21628K, reserved 1069056K
  class space    used 2443K, capacity 2597K, committed 2684K, reserved 1048576K
2018-05-29T07:27:33.979+0200: 4,459: [GC (CMS Final Remark) 2018-05-29T07:27:33.979+0200: 4,459: [ParNew
Desired survivor size 20112992 bytes, new threshold 8 (max 8)
- age   1:    1363864 bytes,    1363864 total
- age   2:    1457000 bytes,    2820864 total
- age   3:    1027256 bytes,    3848120 total
- age   4:    5935720 bytes,    9783840 total
: 78398K->11680K(109248K), 0,0230586 secs] 78398K->11680K(502464K), 0,0231426 secs] [Times: user=0,05 sys=0,00, real=0,02 secs] 
Heap after GC invocations=4 (full 1):
 par new generation   total 109248K, used 11680K [0x00000000e0000000, 0x00000000e8000000, 0x00000000e8000000)
  eden space 87424K,   0% used [0x00000000e0000000, 0x00000000e0000000, 0x00000000e5560000)
  from space 21824K,  53% used [0x00000000e5560000, 0x00000000e60c82d0, 0x00000000e6ab0000)
  to   space 21824K,   0% used [0x00000000e6ab0000, 0x00000000e6ab0000, 0x00000000e8000000)
 concurrent mark-sweep generation total 393216K, used 0K [0x00000000e8000000, 0x0000000100000000, 0x0000000100000000)
 Metaspace       used 21216K, capacity 21533K, committed 21628K, reserved 1069056K
  class space    used 2443K, capacity 2597K, committed 2684K, reserved 1048576K
}
2018-05-29T07:27:34.002+0200: 4,483: [Rescan (parallel) , 0,0135455 secs]2018-05-29T07:27:34.016+0200: 4,496: [weak refs processing, 0,0015493 secs]2018-05-29T07:27:34.017+0200: 4,498: [class unloading, 0,0036691 secs]2018-05-29T07:27:34.021+0200: 4,501: [scrub symbol table, 0,0097730 secs]2018-05-29T07:27:34.031+0200: 4,511: [scrub string table, 0,0004120 secs][1 CMS-remark: 0K(393216K)] 11680K(502464K), 0,0528831 secs] [Times: user=0,10 sys=0,01, real=0,05 secs] 
2018-05-29T07:27:34.032+0200: 4,512: Total time for which application threads were stopped: 0,0530710 seconds, Stopping threads took: 0,0000897 seconds
2018-05-29T07:27:34.033+0200: 4,513: [CMS-concurrent-sweep-start]
2018-05-29T07:27:34.033+0200: 4,513: [CMS-concurrent-sweep: 0,000/0,000 secs] [Times: user=0,00 sys=0,00, real=0,00 secs] 
2018-05-29T07:27:34.033+0200: 4,513: [CMS-concurrent-reset-start]
2018-05-29T07:27:34.036+0200: 4,516: [CMS-concurrent-reset: 0,003/0,003 secs] [Times: user=0,01 sys=0,00, real=0,00 secs] 
2018-05-29T07:27:34.037+0200: 4,518: Total time for which application threads were stopped: 0,0001989 seconds, Stopping threads took: 0,0001082 seconds
2018-05-29T07:27:34.037+0200: 4,518: Total time for which application threads were stopped: 0,0001027 seconds, Stopping threads took: 0,0000492 seconds
2018-05-29T07:27:34.038+0200: 4,519: Total time for which application threads were stopped: 0,0001271 seconds, Stopping threads took: 0,0000644 seconds
2018-05-29T07:27:34.053+0200: 4,533: Total time for which application threads were stopped: 0,0002673 seconds, Stopping threads took: 0,0001377 seconds
2018-05-29T07:27:34.053+0200: 4,533: Total time for which application threads were stopped: 0,0001198 seconds, Stopping threads took: 0,0000467 seconds
2018-05-29T07:27:34.053+0200: 4,534: Total time for which application threads were stopped: 0,0000978 seconds, Stopping threads took: 0,0000270 seconds
2018-05-29T07:27:34.053+0200: 4,534: Total time for which application threads were stopped: 0,0000812 seconds, Stopping threads took: 0,0000368 seconds
2018-05-29T07:27:34.053+0200: 4,534: Total time for which application threads were stopped: 0,0000808 seconds, Stopping threads took: 0,0000246 seconds
2018-05-29T07:27:34.055+0200: 4,535: Total time for which application threads were stopped: 0,0001541 seconds, Stopping threads took: 0,0000558 seconds
2018-05-29T07:27:34.055+0200: 4,535: Total time for which application threads were stopped: 0,0000877 seconds, Stopping threads took: 0,0000340 seconds
2018-05-29T07:27:34.061+0200: 4,542: Total time for which application threads were stopped: 0,0001349 seconds, Stopping threads took: 0,0000286 seconds
2018-05-29T07:27:34.065+0200: 4,546: Total time for which application threads were stopped: 0,0002078 seconds, Stopping threads took: 0,0000949 seconds
2018-05-29T07:27:34.066+0200: 4,546: Total time for which application threads were stopped: 0,0001739 seconds, Stopping threads took: 0,0000702 seconds
2018-05-29T07:27:34.066+0200: 4,546: Total time for which application threads were stopped: 0,0001338 seconds, Stopping threads took: 0,0000477 seconds
2018-05-29T07:27:34.066+0200: 4,547: Total time for which application threads were stopped: 0,0001012 seconds, Stopping threads took: 0,0000544 seconds
2018-05-29T07:27:34.067+0200: 4,547: Total time for which application threads were stopped: 0,0002130 seconds, Stopping threads took: 0,0000628 seconds
2018-05-29T07:27:34.067+0200: 4,547: Total time for which application threads were stopped: 0,0001375 seconds, Stopping threads took: 0,0000427 seconds
2018-05-29T07:27:34.067+0200: 4,548: Total time for which application threads were stopped: 0,0001206 seconds, Stopping threads took: 0,0000155 seconds
2018-05-29T07:27:34.068+0200: 4,548: Total time for which application threads were stopped: 0,0001247 seconds, Stopping threads took: 0,0000187 seconds
2018-05-29T07:27:34.068+0200: 4,549: Total time for which application threads were stopped: 0,0001726 seconds, Stopping threads took: 0,0000215 seconds
2018-05-29T07:27:34.069+0200: 4,550: Total time for which application threads were stopped: 0,0001698 seconds, Stopping threads took: 0,0000563 seconds
2018-05-29T07:27:34.122+0200: 4,603: Total time for which application threads were stopped: 0,0015153 seconds, Stopping threads took: 0,0011125 seconds
2018-05-29T07:27:34.128+0200: 4,609: Total time for which application threads were stopped: 0,0001621 seconds, Stopping threads took: 0,0000723 seconds
2018-05-29T07:27:34.129+0200: 4,609: Total time for which application threads were stopped: 0,0001017 seconds, Stopping threads took: 0,0000260 seconds
{Heap before GC invocations=4 (full 1):
 par new generation   total 109248K, used 99104K [0x00000000e0000000, 0x00000000e8000000, 0x00000000e8000000)
  eden space 87424K, 100% used [0x00000000e0000000, 0x00000000e5560000, 0x00000000e5560000)
  from space 21824K,  53% used [0x00000000e5560000, 0x00000000e60c82d0, 0x00000000e6ab0000)
  to   space 21824K,   0% used [0x00000000e6ab0000, 0x00000000e6ab0000, 0x00000000e8000000)
 concurrent mark-sweep generation total 393216K, used 0K [0x00000000e8000000, 0x0000000100000000, 0x0000000100000000)
 Metaspace       used 21360K, capacity 21719K, committed 21884K, reserved 1069056K
  class space    used 2466K, capacity 2634K, committed 2684K, reserved 1048576K
2018-05-29T07:27:34.210+0200: 4,690: [GC (Allocation Failure) 2018-05-29T07:27:34.210+0200: 4,690: [ParNew
Desired survivor size 20112992 bytes, new threshold 8 (max 8)
- age   1:     561032 bytes,     561032 total
- age   2:     136800 bytes,     697832 total
- age   3:    1456752 bytes,    2154584 total
- age   4:    1027112 bytes,    3181696 total
- age   5:    5935760 bytes,    9117456 total
: 99104K->12500K(109248K), 0,0119547 secs] 99104K->12500K(502464K), 0,0120868 secs] [Times: user=0,04 sys=0,00, real=0,01 secs] 
Heap after GC invocations=5 (full 1):
 par new generation   total 109248K, used 12500K [0x00000000e0000000, 0x00000000e8000000, 0x00000000e8000000)
  eden space 87424K,   0% used [0x00000000e0000000, 0x00000000e0000000, 0x00000000e5560000)
  from space 21824K,  57% used [0x00000000e6ab0000, 0x00000000e76e53d0, 0x00000000e8000000)
  to   space 21824K,   0% used [0x00000000e5560000, 0x00000000e5560000, 0x00000000e6ab0000)
 concurrent mark-sweep generation total 393216K, used 0K [0x00000000e8000000, 0x0000000100000000, 0x0000000100000000)
 Metaspace       used 21360K, capacity 21719K, committed 21884K, reserved 1069056K
  class space    used 2466K, capacity 2634K, committed 2684K, reserved 1048576K
}
2018-05-29T07:27:34.222+0200: 4,703: Total time for which application threads were stopped: 0,0141171 seconds, Stopping threads took: 0,0012360 seconds
2018-05-29T07:27:34.239+0200: 4,719: Total time for which application threads were stopped: 0,0015672 seconds, Stopping threads took: 0,0014682 seconds
2018-05-29T07:27:34.247+0200: 4,727: Total time for which application threads were stopped: 0,0046236 seconds, Stopping threads took: 0,0029538 seconds
2018-05-29T07:27:34.294+0200: 4,774: Total time for which application threads were stopped: 0,0003044 seconds, Stopping threads took: 0,0002290 seconds
2018-05-29T07:27:34.299+0200: 4,780: Total time for which application threads were stopped: 0,0008174 seconds, Stopping threads took: 0,0003299 seconds
2018-05-29T07:27:34.305+0200: 4,786: Total time for which application threads were stopped: 0,0001281 seconds, Stopping threads took: 0,0000598 seconds
2018-05-29T07:27:34.308+0200: 4,788: Total time for which application threads were stopped: 0,0001281 seconds, Stopping threads took: 0,0000373 seconds
2018-05-29T07:27:34.310+0200: 4,790: Total time for which application threads were stopped: 0,0001026 seconds, Stopping threads took: 0,0000401 seconds
2018-05-29T07:27:34.312+0200: 4,792: Total time for which application threads were stopped: 0,0003522 seconds, Stopping threads took: 0,0000405 seconds
2018-05-29T07:27:34.313+0200: 4,793: Total time for which application threads were stopped: 0,0001485 seconds, Stopping threads took: 0,0000521 seconds
2018-05-29T07:27:34.317+0200: 4,797: Total time for which application threads were stopped: 0,0006061 seconds, Stopping threads took: 0,0000485 seconds
2018-05-29T07:27:34.371+0200: 4,851: Total time for which application threads were stopped: 0,0001793 seconds, Stopping threads took: 0,0000604 seconds
2018-05-29T07:27:34.377+0200: 4,858: Total time for which application threads were stopped: 0,0002948 seconds, Stopping threads took: 0,0001532 seconds
2018-05-29T07:27:34.396+0200: 4,876: Total time for which application threads were stopped: 0,0002276 seconds, Stopping threads took: 0,0001535 seconds
2018-05-29T07:27:34.482+0200: 4,962: Total time for which application threads were stopped: 0,0002796 seconds, Stopping threads took: 0,0000782 seconds
2018-05-29T07:27:34.576+0200: 5,056: Total time for which application threads were stopped: 0,0001957 seconds, Stopping threads took: 0,0000715 seconds
2018-05-29T07:27:34.600+0200: 5,081: Total time for which application threads were stopped: 0,0001752 seconds, Stopping threads took: 0,0000670 seconds
2018-05-29T07:27:34.618+0200: 5,098: Total time for which application threads were stopped: 0,0003509 seconds, Stopping threads took: 0,0000279 seconds
2018-05-29T07:27:34.624+0200: 5,104: Total time for which application threads were stopped: 0,0000832 seconds, Stopping threads took: 0,0000246 seconds
2018-05-29T07:27:34.636+0200: 5,117: Total time for which application threads were stopped: 0,0001292 seconds, Stopping threads took: 0,0000583 seconds
2018-05-29T07:27:34.637+0200: 5,117: Total time for which application threads were stopped: 0,0001630 seconds, Stopping threads took: 0,0000643 seconds
2018-05-29T07:27:34.638+0200: 5,119: Total time for which application threads were stopped: 0,0001772 seconds, Stopping threads took: 0,0000595 seconds
2018-05-29T07:27:34.638+0200: 5,119: Total time for which application threads were stopped: 0,0001280 seconds, Stopping threads took: 0,0000568 seconds
2018-05-29T07:27:34.639+0200: 5,119: Total time for which application threads were stopped: 0,0001075 seconds, Stopping threads took: 0,0000387 seconds
2018-05-29T07:27:34.639+0200: 5,119: Total time for which application threads were stopped: 0,0000660 seconds, Stopping threads took: 0,0000123 seconds
2018-05-29T07:27:34.639+0200: 5,119: Total time for which application threads were stopped: 0,0000632 seconds, Stopping threads took: 0,0000114 seconds
2018-05-29T07:27:34.639+0200: 5,120: Total time for which application threads were stopped: 0,0000784 seconds, Stopping threads took: 0,0000187 seconds
2018-05-29T07:27:34.641+0200: 5,121: Total time for which application threads were stopped: 0,0007313 seconds, Stopping threads took: 0,0006199 seconds
2018-05-29T07:27:34.646+0200: 5,127: Total time for which application threads were stopped: 0,0001884 seconds, Stopping threads took: 0,0000709 seconds
2018-05-29T07:27:34.649+0200: 5,129: Total time for which application threads were stopped: 0,0001460 seconds, Stopping threads took: 0,0000390 seconds
2018-05-29T07:27:34.649+0200: 5,129: Total time for which application threads were stopped: 0,0000810 seconds, Stopping threads took: 0,0000149 seconds
2018-05-29T07:27:34.650+0200: 5,130: Total time for which application threads were stopped: 0,0002039 seconds, Stopping threads took: 0,0000188 seconds
2018-05-29T07:27:34.657+0200: 5,138: Total time for which application threads were stopped: 0,0004844 seconds, Stopping threads took: 0,0000446 seconds
2018-05-29T07:27:34.659+0200: 5,139: Total time for which application threads were stopped: 0,0001079 seconds, Stopping threads took: 0,0000428 seconds
2018-05-29T07:27:34.659+0200: 5,139: Total time for which application threads were stopped: 0,0000991 seconds, Stopping threads took: 0,0000433 seconds
2018-05-29T07:27:34.679+0200: 5,160: Total time for which application threads were stopped: 0,0004496 seconds, Stopping threads took: 0,0000642 seconds
2018-05-29T07:27:34.693+0200: 5,174: Total time for which application threads were stopped: 0,0004779 seconds, Stopping threads took: 0,0003420 seconds
2018-05-29T07:27:34.701+0200: 5,181: Total time for which application threads were stopped: 0,0001288 seconds, Stopping threads took: 0,0000630 seconds
2018-05-29T07:27:34.705+0200: 5,185: Total time for which application threads were stopped: 0,0007240 seconds, Stopping threads took: 0,0006392 seconds
2018-05-29T07:27:34.715+0200: 5,196: Total time for which application threads were stopped: 0,0000837 seconds, Stopping threads took: 0,0000186 seconds
2018-05-29T07:27:34.722+0200: 5,202: Total time for which application threads were stopped: 0,0001753 seconds, Stopping threads took: 0,0000726 seconds
2018-05-29T07:27:34.723+0200: 5,203: Total time for which application threads were stopped: 0,0001606 seconds, Stopping threads took: 0,0000516 seconds
2018-05-29T07:27:34.724+0200: 5,205: Total time for which application threads were stopped: 0,0001617 seconds, Stopping threads took: 0,0000562 seconds
2018-05-29T07:27:34.725+0200: 5,205: Total time for which application threads were stopped: 0,0001118 seconds, Stopping threads took: 0,0000399 seconds
2018-05-29T07:27:34.725+0200: 5,206: Total time for which application threads were stopped: 0,0001332 seconds, Stopping threads took: 0,0000547 seconds
2018-05-29T07:27:34.814+0200: 5,294: Total time for which application threads were stopped: 0,0001924 seconds, Stopping threads took: 0,0000649 seconds
2018-05-29T07:27:34.829+0200: 5,309: Total time for which application threads were stopped: 0,0006608 seconds, Stopping threads took: 0,0005900 seconds
2018-05-29T07:27:34.838+0200: 5,318: Total time for which application threads were stopped: 0,0001912 seconds, Stopping threads took: 0,0001006 seconds
2018-05-29T07:27:34.842+0200: 5,322: Total time for which application threads were stopped: 0,0002350 seconds, Stopping threads took: 0,0000553 seconds
2018-05-29T07:27:34.862+0200: 5,342: Total time for which application threads were stopped: 0,0001966 seconds, Stopping threads took: 0,0000590 seconds
2018-05-29T07:27:34.862+0200: 5,343: Total time for which application threads were stopped: 0,0001604 seconds, Stopping threads took: 0,0000453 seconds
2018-05-29T07:27:34.873+0200: 5,353: Total time for which application threads were stopped: 0,0019018 seconds, Stopping threads took: 0,0017713 seconds
{Heap before GC invocations=5 (full 1):
 par new generation   total 109248K, used 99924K [0x00000000e0000000, 0x00000000e8000000, 0x00000000e8000000)
  eden space 87424K, 100% used [0x00000000e0000000, 0x00000000e5560000, 0x00000000e5560000)
  from space 21824K,  57% used [0x00000000e6ab0000, 0x00000000e76e53d0, 0x00000000e8000000)
  to   space 21824K,   0% used [0x00000000e5560000, 0x00000000e5560000, 0x00000000e6ab0000)
 concurrent mark-sweep generation total 393216K, used 0K [0x00000000e8000000, 0x0000000100000000, 0x0000000100000000)
 Metaspace       used 24849K, capacity 25283K, committed 25468K, reserved 1071104K
  class space    used 2900K, capacity 3074K, committed 3196K, reserved 1048576K
2018-05-29T07:27:34.909+0200: 5,389: [GC (Allocation Failure) 2018-05-29T07:27:34.909+0200: 5,389: [ParNew
Desired survivor size 20112992 bytes, new threshold 8 (max 8)
- age   1:    5071416 bytes,    5071416 total
- age   2:     121840 bytes,    5193256 total
- age   3:     133992 bytes,    5327248 total
- age   4:     282752 bytes,    5610000 total
- age   5:    1003136 bytes,    6613136 total
- age   6:    5929944 bytes,   12543080 total
: 99924K->13555K(109248K), 0,0221431 secs] 99924K->13555K(502464K), 0,0222262 secs] [Times: user=0,06 sys=0,00, real=0,02 secs] 
Heap after GC invocations=6 (full 1):
 par new generation   total 109248K, used 13555K [0x00000000e0000000, 0x00000000e8000000, 0x00000000e8000000)
  eden space 87424K,   0% used [0x00000000e0000000, 0x00000000e0000000, 0x00000000e5560000)
  from space 21824K,  62% used [0x00000000e5560000, 0x00000000e629cfc0, 0x00000000e6ab0000)
  to   space 21824K,   0% used [0x00000000e6ab0000, 0x00000000e6ab0000, 0x00000000e8000000)
 concurrent mark-sweep generation total 393216K, used 0K [0x00000000e8000000, 0x0000000100000000, 0x0000000100000000)
 Metaspace       used 24849K, capacity 25283K, committed 25468K, reserved 1071104K
  class space    used 2900K, capacity 3074K, committed 3196K, reserved 1048576K
}
2018-05-29T07:27:34.931+0200: 5,411: Total time for which application threads were stopped: 0,0224786 seconds, Stopping threads took: 0,0000530 seconds
2018-05-29T07:27:35.061+0200: 5,541: Total time for which application threads were stopped: 0,0010497 seconds, Stopping threads took: 0,0009656 seconds
2018-05-29T07:27:35.066+0200: 5,546: Total time for which application threads were stopped: 0,0001572 seconds, Stopping threads took: 0,0000467 seconds
2018-05-29T07:27:35.083+0200: 5,563: Total time for which application threads were stopped: 0,0058574 seconds, Stopping threads took: 0,0057376 seconds
2018-05-29T07:27:35.083+0200: 5,564: Total time for which application threads were stopped: 0,0001323 seconds, Stopping threads took: 0,0000336 seconds
2018-05-29T07:27:35.099+0200: 5,579: Total time for which application threads were stopped: 0,0002206 seconds, Stopping threads took: 0,0001142 seconds
2018-05-29T07:27:35.121+0200: 5,601: Total time for which application threads were stopped: 0,0001472 seconds, Stopping threads took: 0,0000580 seconds
2018-05-29T07:27:35.159+0200: 5,639: Total time for which application threads were stopped: 0,0002248 seconds, Stopping threads took: 0,0000639 seconds
2018-05-29T07:27:35.242+0200: 5,722: Total time for which application threads were stopped: 0,0058606 seconds, Stopping threads took: 0,0049694 seconds
2018-05-29T07:27:35.257+0200: 5,738: Total time for which application threads were stopped: 0,0032352 seconds, Stopping threads took: 0,0028308 seconds
2018-05-29T07:27:35.313+0200: 5,794: Total time for which application threads were stopped: 0,0111376 seconds, Stopping threads took: 0,0107177 seconds
2018-05-29T07:27:35.414+0200: 5,895: Total time for which application threads were stopped: 0,0023372 seconds, Stopping threads took: 0,0011507 seconds
2018-05-29T07:27:35.425+0200: 5,905: Total time for which application threads were stopped: 0,0085311 seconds, Stopping threads took: 0,0083816 seconds
2018-05-29T07:27:35.426+0200: 5,906: Total time for which application threads were stopped: 0,0003941 seconds, Stopping threads took: 0,0002956 seconds
2018-05-29T07:27:35.441+0200: 5,922: Total time for which application threads were stopped: 0,0002310 seconds, Stopping threads took: 0,0001400 seconds
2018-05-29T07:27:35.466+0200: 5,946: Total time for which application threads were stopped: 0,0006334 seconds, Stopping threads took: 0,0001330 seconds
2018-05-29T07:27:35.478+0200: 5,958: Total time for which application threads were stopped: 0,0051588 seconds, Stopping threads took: 0,0045857 seconds
2018-05-29T07:27:35.481+0200: 5,961: Total time for which application threads were stopped: 0,0007713 seconds, Stopping threads took: 0,0001976 seconds
2018-05-29T07:27:35.497+0200: 5,978: Total time for which application threads were stopped: 0,0001971 seconds, Stopping threads took: 0,0000315 seconds
2018-05-29T07:27:35.520+0200: 6,000: Total time for which application threads were stopped: 0,0003761 seconds, Stopping threads took: 0,0002847 seconds
2018-05-29T07:27:35.537+0200: 6,018: Total time for which application threads were stopped: 0,0109195 seconds, Stopping threads took: 0,0105698 seconds
2018-05-29T07:27:35.563+0200: 6,044: Total time for which application threads were stopped: 0,0030777 seconds, Stopping threads took: 0,0029307 seconds
2018-05-29T07:27:35.602+0200: 6,082: Total time for which application threads were stopped: 0,0140408 seconds, Stopping threads took: 0,0131528 seconds
2018-05-29T07:27:35.634+0200: 6,114: Total time for which application threads were stopped: 0,0113437 seconds, Stopping threads took: 0,0107749 seconds
2018-05-29T07:27:35.725+0200: 6,206: Total time for which application threads were stopped: 0,0146010 seconds, Stopping threads took: 0,0144303 seconds
{Heap before GC invocations=6 (full 1):
 par new generation   total 109248K, used 100979K [0x00000000e0000000, 0x00000000e8000000, 0x00000000e8000000)
  eden space 87424K, 100% used [0x00000000e0000000, 0x00000000e5560000, 0x00000000e5560000)
  from space 21824K,  62% used [0x00000000e5560000, 0x00000000e629cfc0, 0x00000000e6ab0000)
  to   space 21824K,   0% used [0x00000000e6ab0000, 0x00000000e6ab0000, 0x00000000e8000000)
 concurrent mark-sweep generation total 393216K, used 0K [0x00000000e8000000, 0x0000000100000000, 0x0000000100000000)
 Metaspace       used 27942K, capacity 28553K, committed 28796K, reserved 1075200K
  class space    used 3220K, capacity 3417K, committed 3452K, reserved 1048576K
2018-05-29T07:27:35.845+0200: 6,326: [GC (Allocation Failure) 2018-05-29T07:27:35.845+0200: 6,326: [ParNew
Desired survivor size 20112992 bytes, new threshold 7 (max 8)
- age   1:   12729312 bytes,   12729312 total
- age   2:    2117048 bytes,   14846360 total
- age   3:     121584 bytes,   14967944 total
- age   4:     133800 bytes,   15101744 total
- age   5:     282464 bytes,   15384208 total
- age   6:     994664 bytes,   16378872 total
- age   7:    5922088 bytes,   22300960 total
: 100979K->21824K(109248K), 0,0999445 secs] 100979K->23575K(502464K), 0,1002220 secs] [Times: user=0,21 sys=0,01, real=0,10 secs] 
Heap after GC invocations=7 (full 1):
 par new generation   total 109248K, used 21824K [0x00000000e0000000, 0x00000000e8000000, 0x00000000e8000000)
  eden space 87424K,   0% used [0x00000000e0000000, 0x00000000e0000000, 0x00000000e5560000)
  from space 21824K, 100% used [0x00000000e6ab0000, 0x00000000e8000000, 0x00000000e8000000)
  to   space 21824K,   0% used [0x00000000e5560000, 0x00000000e5560000, 0x00000000e6ab0000)
 concurrent mark-sweep generation total 393216K, used 1751K [0x00000000e8000000, 0x0000000100000000, 0x0000000100000000)
 Metaspace       used 27942K, capacity 28553K, committed 28796K, reserved 1075200K
  class space    used 3220K, capacity 3417K, committed 3452K, reserved 1048576K
}
2018-05-29T07:27:35.946+0200: 6,426: Total time for which application threads were stopped: 0,1113431 seconds, Stopping threads took: 0,0106466 seconds
2018-05-29T07:27:35.948+0200: 6,428: Total time for which application threads were stopped: 0,0002350 seconds, Stopping threads took: 0,0000742 seconds
2018-05-29T07:27:35.955+0200: 6,436: Total time for which application threads were stopped: 0,0024245 seconds, Stopping threads took: 0,0022784 seconds
2018-05-29T07:27:35.964+0200: 6,444: Total time for which application threads were stopped: 0,0022756 seconds, Stopping threads took: 0,0015758 seconds
2018-05-29T07:27:35.966+0200: 6,446: Total time for which application threads were stopped: 0,0001038 seconds, Stopping threads took: 0,0000294 seconds
{Heap before GC invocations=7 (full 1):
 par new generation   total 109248K, used 109248K [0x00000000e0000000, 0x00000000e8000000, 0x00000000e8000000)
  eden space 87424K, 100% used [0x00000000e0000000, 0x00000000e5560000, 0x00000000e5560000)
  from space 21824K, 100% used [0x00000000e6ab0000, 0x00000000e8000000, 0x00000000e8000000)
  to   space 21824K,   0% used [0x00000000e5560000, 0x00000000e5560000, 0x00000000e6ab0000)
 concurrent mark-sweep generation total 393216K, used 1751K [0x00000000e8000000, 0x0000000100000000, 0x0000000100000000)
 Metaspace       used 27995K, capacity 28629K, committed 28796K, reserved 1075200K
  class space    used 3221K, capacity 3419K, committed 3452K, reserved 1048576K
2018-05-29T07:27:36.153+0200: 6,633: [GC (Allocation Failure) 2018-05-29T07:27:36.153+0200: 6,633: [ParNew
Desired survivor size 20112992 bytes, new threshold 8 (max 8)
- age   1:    1880016 bytes,    1880016 total
- age   2:   11611976 bytes,   13491992 total
- age   3:    2114504 bytes,   15606496 total
- age   4:     121584 bytes,   15728080 total
- age   5:     133696 bytes,   15861776 total
- age   6:     282464 bytes,   16144240 total
- age   7:     993840 bytes,   17138080 total
: 109248K->21824K(109248K), 0,0598551 secs] 110999K->30049K(502464K), 0,0599479 secs] [Times: user=0,21 sys=0,00, real=0,06 secs] 
Heap after GC invocations=8 (full 1):
 par new generation   total 109248K, used 21824K [0x00000000e0000000, 0x00000000e8000000, 0x00000000e8000000)
  eden space 87424K,   0% used [0x00000000e0000000, 0x00000000e0000000, 0x00000000e5560000)
  from space 21824K, 100% used [0x00000000e5560000, 0x00000000e6ab0000, 0x00000000e6ab0000)
  to   space 21824K,   0% used [0x00000000e6ab0000, 0x00000000e6ab0000, 0x00000000e8000000)
 concurrent mark-sweep generation total 393216K, used 8225K [0x00000000e8000000, 0x0000000100000000, 0x0000000100000000)
 Metaspace       used 27995K, capacity 28629K, committed 28796K, reserved 1075200K
  class space    used 3221K, capacity 3419K, committed 3452K, reserved 1048576K
}
2018-05-29T07:27:36.213+0200: 6,693: Total time for which application threads were stopped: 0,0693913 seconds, Stopping threads took: 0,0092311 seconds
{Heap before GC invocations=8 (full 1):
 par new generation   total 109248K, used 109242K [0x00000000e0000000, 0x00000000e8000000, 0x00000000e8000000)
  eden space 87424K,  99% used [0x00000000e0000000, 0x00000000e555e8f0, 0x00000000e5560000)
  from space 21824K, 100% used [0x00000000e5560000, 0x00000000e6ab0000, 0x00000000e6ab0000)
  to   space 21824K,   0% used [0x00000000e6ab0000, 0x00000000e6ab0000, 0x00000000e8000000)
 concurrent mark-sweep generation total 393216K, used 8225K [0x00000000e8000000, 0x0000000100000000, 0x0000000100000000)
 Metaspace       used 28052K, capacity 28655K, committed 28796K, reserved 1075200K
  class space    used 3224K, capacity 3424K, committed 3452K, reserved 1048576K
2018-05-29T07:27:36.318+0200: 6,798: [GC (Allocation Failure) 2018-05-29T07:27:36.318+0200: 6,798: [ParNew
Desired survivor size 20112992 bytes, new threshold 8 (max 8)
- age   1:     728384 bytes,     728384 total
- age   2:     542616 bytes,    1271000 total
- age   3:   11611976 bytes,   12882976 total
- age   4:    2114440 bytes,   14997416 total
- age   5:     121584 bytes,   15119000 total
- age   6:     133560 bytes,   15252560 total
- age   7:     282464 bytes,   15535024 total
- age   8:     993840 bytes,   16528864 total
: 109242K->20744K(109248K), 0,0269786 secs] 117468K->28970K(502464K), 0,0270635 secs] [Times: user=0,08 sys=0,00, real=0,02 secs] 
Heap after GC invocations=9 (full 1):
 par new generation   total 109248K, used 20744K [0x00000000e0000000, 0x00000000e8000000, 0x00000000e8000000)
  eden space 87424K,   0% used [0x00000000e0000000, 0x00000000e0000000, 0x00000000e5560000)
  from space 21824K,  95% used [0x00000000e6ab0000, 0x00000000e7ef2158, 0x00000000e8000000)
  to   space 21824K,   0% used [0x00000000e5560000, 0x00000000e5560000, 0x00000000e6ab0000)
 concurrent mark-sweep generation total 393216K, used 8225K [0x00000000e8000000, 0x0000000100000000, 0x0000000100000000)
 Metaspace       used 28052K, capacity 28655K, committed 28796K, reserved 1075200K
  class space    used 3224K, capacity 3424K, committed 3452K, reserved 1048576K
}
2018-05-29T07:27:36.345+0200: 6,825: Total time for which application threads were stopped: 0,0272880 seconds, Stopping threads took: 0,0000659 seconds
2018-05-29T07:27:36.493+0200: 6,974: Total time for which application threads were stopped: 0,0099860 seconds, Stopping threads took: 0,0094907 seconds
2018-05-29T07:27:36.541+0200: 7,022: Total time for which application threads were stopped: 0,0017951 seconds, Stopping threads took: 0,0016134 seconds
2018-05-29T07:27:36.548+0200: 7,028: Total time for which application threads were stopped: 0,0001605 seconds, Stopping threads took: 0,0000568 seconds
2018-05-29T07:27:36.589+0200: 7,069: Total time for which application threads were stopped: 0,0002883 seconds, Stopping threads took: 0,0000893 seconds
2018-05-29T07:27:37.589+0200: 8,070: Total time for which application threads were stopped: 0,0003296 seconds, Stopping threads took: 0,0000910 seconds
2018-05-29T07:27:37.807+0200: 8,287: Total time for which application threads were stopped: 0,0004532 seconds, Stopping threads took: 0,0000328 seconds
2018-05-29T07:27:37.847+0200: 8,328: Total time for which application threads were stopped: 0,0001278 seconds, Stopping threads took: 0,0000480 seconds
2018-05-29T07:27:37.864+0200: 8,344: Total time for which application threads were stopped: 0,0001677 seconds, Stopping threads took: 0,0000698 seconds
2018-05-29T07:27:37.864+0200: 8,344: Total time for which application threads were stopped: 0,0001029 seconds, Stopping threads took: 0,0000135 seconds
2018-05-29T07:27:37.958+0200: 8,439: Total time for which application threads were stopped: 0,0001475 seconds, Stopping threads took: 0,0000511 seconds
2018-05-29T07:27:38.177+0200: 8,658: Total time for which application threads were stopped: 0,0001388 seconds, Stopping threads took: 0,0000463 seconds
2018-05-29T07:27:38.179+0200: 8,659: Total time for which application threads were stopped: 0,0001814 seconds, Stopping threads took: 0,0000580 seconds
2018-05-29T07:27:38.220+0200: 8,701: Total time for which application threads were stopped: 0,0006014 seconds, Stopping threads took: 0,0002149 seconds
2018-05-29T07:27:38.221+0200: 8,701: Total time for which application threads were stopped: 0,0001584 seconds, Stopping threads took: 0,0001114 seconds
2018-05-29T07:27:39.223+0200: 9,703: Total time for which application threads were stopped: 0,0009811 seconds, Stopping threads took: 0,0001511 seconds
{Heap before GC invocations=9 (full 1):
 par new generation   total 109248K, used 108168K [0x00000000e0000000, 0x00000000e8000000, 0x00000000e8000000)
  eden space 87424K, 100% used [0x00000000e0000000, 0x00000000e5560000, 0x00000000e5560000)
  from space 21824K,  95% used [0x00000000e6ab0000, 0x00000000e7ef2158, 0x00000000e8000000)
  to   space 21824K,   0% used [0x00000000e5560000, 0x00000000e5560000, 0x00000000e6ab0000)
 concurrent mark-sweep generation total 393216K, used 8225K [0x00000000e8000000, 0x0000000100000000, 0x0000000100000000)
 Metaspace       used 30128K, capacity 30765K, committed 31100K, reserved 1077248K
  class space    used 3417K, capacity 3632K, committed 3708K, reserved 1048576K
2018-05-29T07:27:40.135+0200: 10,615: [GC (Allocation Failure) 2018-05-29T07:27:40.135+0200: 10,615: [ParNew
Desired survivor size 20112992 bytes, new threshold 5 (max 8)
- age   1:    7511840 bytes,    7511840 total
- age   2:     217760 bytes,    7729600 total
- age   3:     101952 bytes,    7831552 total
- age   4:   12102560 bytes,   19934112 total
- age   5:    1711000 bytes,   21645112 total
- age   6:      96936 bytes,   21742048 total
- age   7:     110216 bytes,   21852264 total
- age   8:     233440 bytes,   22085704 total
: 108168K->21824K(109248K), 0,0735529 secs] 116394K->34723K(502464K), 0,0736967 secs] [Times: user=0,13 sys=0,01, real=0,08 secs] 
Heap after GC invocations=10 (full 1):
 par new generation   total 109248K, used 21824K [0x00000000e0000000, 0x00000000e8000000, 0x00000000e8000000)
  eden space 87424K,   0% used [0x00000000e0000000, 0x00000000e0000000, 0x00000000e5560000)
  from space 21824K, 100% used [0x00000000e5560000, 0x00000000e6ab0000, 0x00000000e6ab0000)
  to   space 21824K,   0% used [0x00000000e6ab0000, 0x00000000e6ab0000, 0x00000000e8000000)
 concurrent mark-sweep generation total 393216K, used 12899K [0x00000000e8000000, 0x0000000100000000, 0x0000000100000000)
 Metaspace       used 30128K, capacity 30765K, committed 31100K, reserved 1077248K
  class space    used 3417K, capacity 3632K, committed 3708K, reserved 1048576K
}
2018-05-29T07:27:40.208+0200: 10,689: Total time for which application threads were stopped: 0,0741383 seconds, Stopping threads took: 0,0000214 seconds
2018-05-29T07:27:40.211+0200: 10,691: Total time for which application threads were stopped: 0,0006279 seconds, Stopping threads took: 0,0001820 seconds
2018-05-29T07:27:40.214+0200: 10,695: Total time for which application threads were stopped: 0,0001305 seconds, Stopping threads took: 0,0000501 seconds
2018-05-29T07:27:41.222+0200: 11,702: Total time for which application threads were stopped: 0,0001665 seconds, Stopping threads took: 0,0000354 seconds
2018-05-29T07:27:42.222+0200: 12,703: Total time for which application threads were stopped: 0,0002666 seconds, Stopping threads took: 0,0000320 seconds
2018-05-29T07:27:43.223+0200: 13,703: Total time for which application threads were stopped: 0,0001792 seconds, Stopping threads took: 0,0000271 seconds
{Heap before GC invocations=10 (full 1):
 par new generation   total 109248K, used 109248K [0x00000000e0000000, 0x00000000e8000000, 0x00000000e8000000)
  eden space 87424K, 100% used [0x00000000e0000000, 0x00000000e5560000, 0x00000000e5560000)
  from space 21824K, 100% used [0x00000000e5560000, 0x00000000e6ab0000, 0x00000000e6ab0000)
  to   space 21824K,   0% used [0x00000000e6ab0000, 0x00000000e6ab0000, 0x00000000e8000000)
 concurrent mark-sweep generation total 393216K, used 12899K [0x00000000e8000000, 0x0000000100000000, 0x0000000100000000)
 Metaspace       used 30702K, capacity 31405K, committed 31612K, reserved 1077248K
  class space    used 3417K, capacity 3632K, committed 3708K, reserved 1048576K
2018-05-29T07:27:43.990+0200: 14,470: [GC (Allocation Failure) 2018-05-29T07:27:43.990+0200: 14,470: [ParNew
Desired survivor size 20112992 bytes, new threshold 8 (max 8)
- age   1:     144192 bytes,     144192 total
- age   2:    7277960 bytes,    7422152 total
- age   3:     217760 bytes,    7639912 total
- age   4:     101952 bytes,    7741864 total
- age   5:   12102560 bytes,   19844424 total
: 109248K->21824K(109248K), 0,0248778 secs] 122147K->36864K(502464K), 0,0249674 secs] [Times: user=0,08 sys=0,00, real=0,02 secs] 
Heap after GC invocations=11 (full 1):
 par new generation   total 109248K, used 21824K [0x00000000e0000000, 0x00000000e8000000, 0x00000000e8000000)
  eden space 87424K,   0% used [0x00000000e0000000, 0x00000000e0000000, 0x00000000e5560000)
  from space 21824K, 100% used [0x00000000e6ab0000, 0x00000000e8000000, 0x00000000e8000000)
  to   space 21824K,   0% used [0x00000000e5560000, 0x00000000e5560000, 0x00000000e6ab0000)
 concurrent mark-sweep generation total 393216K, used 15040K [0x00000000e8000000, 0x0000000100000000, 0x0000000100000000)
 Metaspace       used 30702K, capacity 31405K, committed 31612K, reserved 1077248K
  class space    used 3417K, capacity 3632K, committed 3708K, reserved 1048576K
}
2018-05-29T07:27:44.015+0200: 14,495: Total time for which application threads were stopped: 0,0251977 seconds, Stopping threads took: 0,0000177 seconds
2018-05-29T07:27:45.015+0200: 15,495: Total time for which application threads were stopped: 0,0001601 seconds, Stopping threads took: 0,0000322 seconds
2018-05-29T07:27:46.015+0200: 16,496: Total time for which application threads were stopped: 0,0001744 seconds, Stopping threads took: 0,0000489 seconds
{Heap before GC invocations=11 (full 1):
 par new generation   total 109248K, used 109248K [0x00000000e0000000, 0x00000000e8000000, 0x00000000e8000000)
  eden space 87424K, 100% used [0x00000000e0000000, 0x00000000e5560000, 0x00000000e5560000)
  from space 21824K, 100% used [0x00000000e6ab0000, 0x00000000e8000000, 0x00000000e8000000)
  to   space 21824K,   0% used [0x00000000e5560000, 0x00000000e5560000, 0x00000000e6ab0000)
 concurrent mark-sweep generation total 393216K, used 15040K [0x00000000e8000000, 0x0000000100000000, 0x0000000100000000)
 Metaspace       used 30765K, capacity 31469K, committed 31868K, reserved 1077248K
  class space    used 3418K, capacity 3632K, committed 3708K, reserved 1048576K
2018-05-29T07:27:46.246+0200: 16,727: [GC (Allocation Failure) 2018-05-29T07:27:46.246+0200: 16,727: [ParNew
Desired survivor size 20112992 bytes, new threshold 8 (max 8)
- age   1:      63368 bytes,      63368 total
- age   2:      62216 bytes,     125584 total
- age   3:    7269848 bytes,    7395432 total
- age   4:     217760 bytes,    7613192 total
- age   5:     101952 bytes,    7715144 total
- age   6:    9874320 bytes,   17589464 total
: 109248K->21824K(109248K), 0,0203806 secs] 124288K->36864K(502464K), 0,0204571 secs] [Times: user=0,06 sys=0,00, real=0,02 secs] 
Heap after GC invocations=12 (full 1):
 par new generation   total 109248K, used 21824K [0x00000000e0000000, 0x00000000e8000000, 0x00000000e8000000)
  eden space 87424K,   0% used [0x00000000e0000000, 0x00000000e0000000, 0x00000000e5560000)
  from space 21824K, 100% used [0x00000000e5560000, 0x00000000e6ab0000, 0x00000000e6ab0000)
  to   space 21824K,   0% used [0x00000000e6ab0000, 0x00000000e6ab0000, 0x00000000e8000000)
 concurrent mark-sweep generation total 393216K, used 15040K [0x00000000e8000000, 0x0000000100000000, 0x0000000100000000)
 Metaspace       used 30765K, capacity 31469K, committed 31868K, reserved 1077248K
  class space    used 3418K, capacity 3632K, committed 3708K, reserved 1048576K
}
2018-05-29T07:27:46.267+0200: 16,747: Total time for which application threads were stopped: 0,0206973 seconds, Stopping threads took: 0,0000298 seconds
2018-05-29T07:27:47.269+0200: 17,749: Total time for which application threads were stopped: 0,0018345 seconds, Stopping threads took: 0,0004904 seconds
2018-05-29T07:27:48.270+0200: 18,750: Total time for which application threads were stopped: 0,0006215 seconds, Stopping threads took: 0,0002635 seconds
{Heap before GC invocations=12 (full 1):
 par new generation   total 109248K, used 109248K [0x00000000e0000000, 0x00000000e8000000, 0x00000000e8000000)
  eden space 87424K, 100% used [0x00000000e0000000, 0x00000000e5560000, 0x00000000e5560000)
  from space 21824K, 100% used [0x00000000e5560000, 0x00000000e6ab0000, 0x00000000e6ab0000)
  to   space 21824K,   0% used [0x00000000e6ab0000, 0x00000000e6ab0000, 0x00000000e8000000)
 concurrent mark-sweep generation total 393216K, used 15040K [0x00000000e8000000, 0x0000000100000000, 0x0000000100000000)
 Metaspace       used 30795K, capacity 31533K, committed 31868K, reserved 1077248K
  class space    used 3418K, capacity 3632K, committed 3708K, reserved 1048576K
2018-05-29T07:27:49.368+0200: 19,848: [GC (Allocation Failure) 2018-05-29T07:27:49.368+0200: 19,848: [ParNew
Desired survivor size 20112992 bytes, new threshold 8 (max 8)
- age   1:     141232 bytes,     141232 total
- age   2:      38064 bytes,     179296 total
- age   3:      50664 bytes,     229960 total
- age   4:    7262552 bytes,    7492512 total
- age   5:     217760 bytes,    7710272 total
- age   6:     101952 bytes,    7812224 total
- age   7:    9874320 bytes,   17686544 total
: 109248K->21824K(109248K), 0,0359851 secs] 124288K->36864K(502464K), 0,0362371 secs] [Times: user=0,08 sys=0,00, real=0,03 secs] 
Heap after GC invocations=13 (full 1):
 par new generation   total 109248K, used 21824K [0x00000000e0000000, 0x00000000e8000000, 0x00000000e8000000)
  eden space 87424K,   0% used [0x00000000e0000000, 0x00000000e0000000, 0x00000000e5560000)
  from space 21824K, 100% used [0x00000000e6ab0000, 0x00000000e8000000, 0x00000000e8000000)
  to   space 21824K,   0% used [0x00000000e5560000, 0x00000000e5560000, 0x00000000e6ab0000)
 concurrent mark-sweep generation total 393216K, used 15040K [0x00000000e8000000, 0x0000000100000000, 0x0000000100000000)
 Metaspace       used 30795K, capacity 31533K, committed 31868K, reserved 1077248K
  class space    used 3418K, capacity 3632K, committed 3708K, reserved 1048576K
}
2018-05-29T07:27:49.404+0200: 19,885: Total time for which application threads were stopped: 0,0366968 seconds, Stopping threads took: 0,0000324 seconds
2018-05-29T07:27:50.206+0200: 20,686: Total time for which application threads were stopped: 0,0006013 seconds, Stopping threads took: 0,0000173 seconds
2018-05-29T07:27:50.207+0200: 20,687: Total time for which application threads were stopped: 0,0005806 seconds, Stopping threads took: 0,0000178 seconds
2018-05-29T07:27:50.219+0200: 20,699: Total time for which application threads were stopped: 0,0030851 seconds, Stopping threads took: 0,0029806 seconds
2018-05-29T07:27:50.222+0200: 20,702: Total time for which application threads were stopped: 0,0001092 seconds, Stopping threads took: 0,0000507 seconds
2018-05-29T07:27:50.223+0200: 20,703: Total time for which application threads were stopped: 0,0000820 seconds, Stopping threads took: 0,0000195 seconds
2018-05-29T07:27:50.223+0200: 20,704: Total time for which application threads were stopped: 0,0000866 seconds, Stopping threads took: 0,0000350 seconds
2018-05-29T07:27:50.225+0200: 20,706: Total time for which application threads were stopped: 0,0000845 seconds, Stopping threads took: 0,0000131 seconds
2018-05-29T07:27:50.226+0200: 20,706: Total time for which application threads were stopped: 0,0000883 seconds, Stopping threads took: 0,0000426 seconds
2018-05-29T07:27:50.226+0200: 20,707: Total time for which application threads were stopped: 0,0000977 seconds, Stopping threads took: 0,0000375 seconds
2018-05-29T07:27:50.226+0200: 20,707: Total time for which application threads were stopped: 0,0000662 seconds, Stopping threads took: 0,0000133 seconds
2018-05-29T07:27:50.227+0200: 20,707: Total time for which application threads were stopped: 0,0001141 seconds, Stopping threads took: 0,0000608 seconds
2018-05-29T07:27:50.227+0200: 20,707: Total time for which application threads were stopped: 0,0000492 seconds, Stopping threads took: 0,0000155 seconds
2018-05-29T07:27:50.227+0200: 20,707: Total time for which application threads were stopped: 0,0000757 seconds, Stopping threads took: 0,0000323 seconds
2018-05-29T07:27:50.227+0200: 20,708: Total time for which application threads were stopped: 0,0000555 seconds, Stopping threads took: 0,0000186 seconds
2018-05-29T07:27:50.227+0200: 20,708: Total time for which application threads were stopped: 0,0000536 seconds, Stopping threads took: 0,0000142 seconds
2018-05-29T07:27:50.227+0200: 20,708: Total time for which application threads were stopped: 0,0000422 seconds, Stopping threads took: 0,0000104 seconds
2018-05-29T07:27:50.227+0200: 20,708: Total time for which application threads were stopped: 0,0000385 seconds, Stopping threads took: 0,0000080 seconds
2018-05-29T07:27:50.227+0200: 20,708: Total time for which application threads were stopped: 0,0000516 seconds, Stopping threads took: 0,0000246 seconds
2018-05-29T07:27:50.228+0200: 20,709: Total time for which application threads were stopped: 0,0009470 seconds, Stopping threads took: 0,0009176 seconds
2018-05-29T07:27:50.229+0200: 20,709: Total time for which application threads were stopped: 0,0003179 seconds, Stopping threads took: 0,0002412 seconds
2018-05-29T07:27:50.229+0200: 20,709: Total time for which application threads were stopped: 0,0000641 seconds, Stopping threads took: 0,0000275 seconds
2018-05-29T07:27:50.229+0200: 20,710: Total time for which application threads were stopped: 0,0001396 seconds, Stopping threads took: 0,0000551 seconds
2018-05-29T07:27:50.229+0200: 20,710: Total time for which application threads were stopped: 0,0000660 seconds, Stopping threads took: 0,0000197 seconds
2018-05-29T07:27:50.234+0200: 20,714: Total time for which application threads were stopped: 0,0006564 seconds, Stopping threads took: 0,0005705 seconds
2018-05-29T07:27:50.235+0200: 20,715: Total time for which application threads were stopped: 0,0001186 seconds, Stopping threads took: 0,0000364 seconds
2018-05-29T07:27:50.236+0200: 20,717: Total time for which application threads were stopped: 0,0001241 seconds, Stopping threads took: 0,0000451 seconds
2018-05-29T07:27:50.237+0200: 20,717: Total time for which application threads were stopped: 0,0000940 seconds, Stopping threads took: 0,0000351 seconds
2018-05-29T07:27:50.237+0200: 20,717: Total time for which application threads were stopped: 0,0000907 seconds, Stopping threads took: 0,0000304 seconds
2018-05-29T07:27:50.238+0200: 20,718: Total time for which application threads were stopped: 0,0000842 seconds, Stopping threads took: 0,0000288 seconds
2018-05-29T07:27:50.238+0200: 20,718: Total time for which application threads were stopped: 0,0000559 seconds, Stopping threads took: 0,0000249 seconds
2018-05-29T07:27:50.238+0200: 20,718: Total time for which application threads were stopped: 0,0000894 seconds, Stopping threads took: 0,0000315 seconds
2018-05-29T07:27:50.240+0200: 20,720: Total time for which application threads were stopped: 0,0001345 seconds, Stopping threads took: 0,0000654 seconds
2018-05-29T07:27:50.241+0200: 20,721: Total time for which application threads were stopped: 0,0001472 seconds, Stopping threads took: 0,0000838 seconds
2018-05-29T07:27:50.241+0200: 20,721: Total time for which application threads were stopped: 0,0001157 seconds, Stopping threads took: 0,0000444 seconds
2018-05-29T07:27:50.241+0200: 20,721: Total time for which application threads were stopped: 0,0000721 seconds, Stopping threads took: 0,0000397 seconds
2018-05-29T07:27:50.242+0200: 20,722: Total time for which application threads were stopped: 0,0000976 seconds, Stopping threads took: 0,0000463 seconds
2018-05-29T07:27:50.242+0200: 20,722: Total time for which application threads were stopped: 0,0001024 seconds, Stopping threads took: 0,0000529 seconds
2018-05-29T07:27:50.245+0200: 20,726: Total time for which application threads were stopped: 0,0001016 seconds, Stopping threads took: 0,0000342 seconds
2018-05-29T07:27:50.246+0200: 20,727: Total time for which application threads were stopped: 0,0001187 seconds, Stopping threads took: 0,0000596 seconds
2018-05-29T07:27:50.247+0200: 20,727: Total time for which application threads were stopped: 0,0000760 seconds, Stopping threads took: 0,0000287 seconds
2018-05-29T07:27:50.247+0200: 20,727: Total time for which application threads were stopped: 0,0000756 seconds, Stopping threads took: 0,0000263 seconds
2018-05-29T07:27:50.247+0200: 20,728: Total time for which application threads were stopped: 0,0001061 seconds, Stopping threads took: 0,0000645 seconds
2018-05-29T07:27:50.247+0200: 20,728: Total time for which application threads were stopped: 0,0000874 seconds, Stopping threads took: 0,0000391 seconds
2018-05-29T07:27:50.248+0200: 20,728: Total time for which application threads were stopped: 0,0000867 seconds, Stopping threads took: 0,0000387 seconds
2018-05-29T07:27:50.250+0200: 20,730: Total time for which application threads were stopped: 0,0001076 seconds, Stopping threads took: 0,0000321 seconds
2018-05-29T07:27:50.250+0200: 20,730: Total time for which application threads were stopped: 0,0000740 seconds, Stopping threads took: 0,0000314 seconds
2018-05-29T07:27:50.250+0200: 20,730: Total time for which application threads were stopped: 0,0000702 seconds, Stopping threads took: 0,0000304 seconds
2018-05-29T07:27:50.251+0200: 20,732: Total time for which application threads were stopped: 0,0001145 seconds, Stopping threads took: 0,0000347 seconds
2018-05-29T07:27:50.252+0200: 20,732: Total time for which application threads were stopped: 0,0001940 seconds, Stopping threads took: 0,0000276 seconds
2018-05-29T07:27:50.252+0200: 20,733: Total time for which application threads were stopped: 0,0001356 seconds, Stopping threads took: 0,0000920 seconds
2018-05-29T07:27:50.252+0200: 20,733: Total time for which application threads were stopped: 0,0001647 seconds, Stopping threads took: 0,0000347 seconds
2018-05-29T07:27:50.253+0200: 20,733: Total time for which application threads were stopped: 0,0000672 seconds, Stopping threads took: 0,0000194 seconds
2018-05-29T07:27:50.253+0200: 20,734: Total time for which application threads were stopped: 0,0001026 seconds, Stopping threads took: 0,0000434 seconds
2018-05-29T07:27:50.254+0200: 20,735: Total time for which application threads were stopped: 0,0001188 seconds, Stopping threads took: 0,0000485 seconds
2018-05-29T07:27:50.258+0200: 20,739: Total time for which application threads were stopped: 0,0001320 seconds, Stopping threads took: 0,0000470 seconds
2018-05-29T07:27:50.258+0200: 20,739: Total time for which application threads were stopped: 0,0000545 seconds, Stopping threads took: 0,0000155 seconds
2018-05-29T07:27:50.259+0200: 20,739: Total time for which application threads were stopped: 0,0000620 seconds, Stopping threads took: 0,0000254 seconds
2018-05-29T07:27:50.259+0200: 20,739: Total time for which application threads were stopped: 0,0000714 seconds, Stopping threads took: 0,0000355 seconds
2018-05-29T07:27:50.259+0200: 20,739: Total time for which application threads were stopped: 0,0000537 seconds, Stopping threads took: 0,0000227 seconds
2018-05-29T07:27:50.259+0200: 20,740: Total time for which application threads were stopped: 0,0000534 seconds, Stopping threads took: 0,0000194 seconds
2018-05-29T07:27:50.260+0200: 20,740: Total time for which application threads were stopped: 0,0000661 seconds, Stopping threads took: 0,0000181 seconds
2018-05-29T07:27:50.262+0200: 20,742: Total time for which application threads were stopped: 0,0001327 seconds, Stopping threads took: 0,0000555 seconds
2018-05-29T07:27:50.262+0200: 20,743: Total time for which application threads were stopped: 0,0000826 seconds, Stopping threads took: 0,0000212 seconds
Heap
 par new generation   total 109248K, used 51133K [0x00000000e0000000, 0x00000000e8000000, 0x00000000e8000000)
  eden space 87424K,  33% used [0x00000000e0000000, 0x00000000e1c9f7d0, 0x00000000e5560000)
  from space 21824K, 100% used [0x00000000e6ab0000, 0x00000000e8000000, 0x00000000e8000000)
  to   space 21824K,   0% used [0x00000000e5560000, 0x00000000e5560000, 0x00000000e6ab0000)
 concurrent mark-sweep generation total 393216K, used 15040K [0x00000000e8000000, 0x0000000100000000, 0x0000000100000000)
 Metaspace       used 30932K, capacity 31637K, committed 31868K, reserved 1077248K
  class space    used 3435K, capacity 3666K, committed 3708K, reserved 1048576K
