OpenJDK 64-Bit Server VM (25.171-b11) for linux-amd64 JRE (1.8.0_171-8u171-b11-0ubuntu0.16.04.1-b11), built on Apr 27 2018 17:19:03 by "buildd" with gcc 5.4.0 20160609
Memory: 4k page, physical 7867600k(703908k free), swap 8076284k(7988260k free)
CommandLine flags: -XX:CMSInitiatingOccupancyFraction=50 -XX:CMSMaxAbortablePrecleanTime=6000 -XX:+CMSParallelRemarkEnabled -XX:+CMSScavengeBeforeRemark -XX:ConcGCThreads=4 -XX:InitialHeapSize=536870912 -XX:MaxHeapSize=536870912 -XX:MaxTenuringThreshold=8 -XX:NewRatio=3 -XX:OldPLABSize=16 -XX:OnOutOfMemoryError=/home/gurnoor/workspace/QTM/solr/bin/oom_solr.sh 8983 /home/gurnoor/workspace/QTM/solr/server/logs -XX:ParallelGCThreads=4 -XX:+ParallelRefProcEnabled -XX:PretenureSizeThreshold=67108864 -XX:+PrintGC -XX:+PrintGCApplicationStoppedTime -XX:+PrintGCDateStamps -XX:+PrintGCDetails -XX:+PrintGCTimeStamps -XX:+PrintHeapAtGC -XX:+PrintTenuringDistribution -XX:SurvivorRatio=4 -XX:TargetSurvivorRatio=90 -XX:ThreadStackSize=256 -XX:+UseCMSInitiatingOccupancyOnly -XX:+UseCompressedClassPointers -XX:+UseCompressedOops -XX:+UseConcMarkSweepGC -XX:+UseParNewGC 
2018-06-25T12:40:07.014+0200: 0,132: Total time for which application threads were stopped: 0,0000743 seconds, Stopping threads took: 0,0000142 seconds
2018-06-25T12:40:07.088+0200: 0,205: Total time for which application threads were stopped: 0,0001359 seconds, Stopping threads took: 0,0000199 seconds
2018-06-25T12:40:07.106+0200: 0,224: Total time for which application threads were stopped: 0,0003742 seconds, Stopping threads took: 0,0000699 seconds
2018-06-25T12:40:07.262+0200: 0,379: Total time for which application threads were stopped: 0,0001717 seconds, Stopping threads took: 0,0000270 seconds
2018-06-25T12:40:07.484+0200: 0,602: Total time for which application threads were stopped: 0,0001439 seconds, Stopping threads took: 0,0000164 seconds
2018-06-25T12:40:07.538+0200: 0,655: Total time for which application threads were stopped: 0,0001904 seconds, Stopping threads took: 0,0000242 seconds
2018-06-25T12:40:07.569+0200: 0,686: Total time for which application threads were stopped: 0,0002010 seconds, Stopping threads took: 0,0000358 seconds
2018-06-25T12:40:07.830+0200: 0,948: Total time for which application threads were stopped: 0,0001830 seconds, Stopping threads took: 0,0000201 seconds
2018-06-25T12:40:08.034+0200: 1,152: Total time for which application threads were stopped: 0,0002909 seconds, Stopping threads took: 0,0000286 seconds
2018-06-25T12:40:08.063+0200: 1,180: Total time for which application threads were stopped: 0,0001979 seconds, Stopping threads took: 0,0000300 seconds
2018-06-25T12:40:08.091+0200: 1,208: Total time for which application threads were stopped: 0,0002395 seconds, Stopping threads took: 0,0000262 seconds
2018-06-25T12:40:08.092+0200: 1,210: Total time for which application threads were stopped: 0,0002329 seconds, Stopping threads took: 0,0000216 seconds
2018-06-25T12:40:08.105+0200: 1,222: Total time for which application threads were stopped: 0,0002245 seconds, Stopping threads took: 0,0000276 seconds
2018-06-25T12:40:08.196+0200: 1,314: Total time for which application threads were stopped: 0,0003744 seconds, Stopping threads took: 0,0000285 seconds
2018-06-25T12:40:08.399+0200: 1,516: Total time for which application threads were stopped: 0,0005180 seconds, Stopping threads took: 0,0002739 seconds
{Heap before GC invocations=0 (full 0):
 par new generation   total 109248K, used 87424K [0x00000000e0000000, 0x00000000e8000000, 0x00000000e8000000)
  eden space 87424K, 100% used [0x00000000e0000000, 0x00000000e5560000, 0x00000000e5560000)
  from space 21824K,   0% used [0x00000000e5560000, 0x00000000e5560000, 0x00000000e6ab0000)
  to   space 21824K,   0% used [0x00000000e6ab0000, 0x00000000e6ab0000, 0x00000000e8000000)
 concurrent mark-sweep generation total 393216K, used 0K [0x00000000e8000000, 0x0000000100000000, 0x0000000100000000)
 Metaspace       used 17819K, capacity 18120K, committed 18304K, reserved 1064960K
  class space    used 2022K, capacity 2166K, committed 2176K, reserved 1048576K
2018-06-25T12:40:08.430+0200: 1,547: [GC (Allocation Failure) 2018-06-25T12:40:08.430+0200: 1,547: [ParNew
Desired survivor size 20112992 bytes, new threshold 8 (max 8)
- age   1:   11458000 bytes,   11458000 total
: 87424K->11306K(109248K), 0,0111416 secs] 87424K->11306K(502464K), 0,0112062 secs] [Times: user=0,03 sys=0,00, real=0,01 secs] 
Heap after GC invocations=1 (full 0):
 par new generation   total 109248K, used 11306K [0x00000000e0000000, 0x00000000e8000000, 0x00000000e8000000)
  eden space 87424K,   0% used [0x00000000e0000000, 0x00000000e0000000, 0x00000000e5560000)
  from space 21824K,  51% used [0x00000000e6ab0000, 0x00000000e75bab98, 0x00000000e8000000)
  to   space 21824K,   0% used [0x00000000e5560000, 0x00000000e5560000, 0x00000000e6ab0000)
 concurrent mark-sweep generation total 393216K, used 0K [0x00000000e8000000, 0x0000000100000000, 0x0000000100000000)
 Metaspace       used 17819K, capacity 18120K, committed 18304K, reserved 1064960K
  class space    used 2022K, capacity 2166K, committed 2176K, reserved 1048576K
}
2018-06-25T12:40:08.441+0200: 1,559: Total time for which application threads were stopped: 0,0114975 seconds, Stopping threads took: 0,0000923 seconds
2018-06-25T12:40:08.765+0200: 1,883: Total time for which application threads were stopped: 0,0004791 seconds, Stopping threads took: 0,0000783 seconds
{Heap before GC invocations=1 (full 0):
 par new generation   total 109248K, used 98730K [0x00000000e0000000, 0x00000000e8000000, 0x00000000e8000000)
  eden space 87424K, 100% used [0x00000000e0000000, 0x00000000e5560000, 0x00000000e5560000)
  from space 21824K,  51% used [0x00000000e6ab0000, 0x00000000e75bab98, 0x00000000e8000000)
  to   space 21824K,   0% used [0x00000000e5560000, 0x00000000e5560000, 0x00000000e6ab0000)
 concurrent mark-sweep generation total 393216K, used 0K [0x00000000e8000000, 0x0000000100000000, 0x0000000100000000)
 Metaspace       used 20052K, capacity 20434K, committed 20736K, reserved 1067008K
  class space    used 2296K, capacity 2471K, committed 2560K, reserved 1048576K
2018-06-25T12:40:08.796+0200: 1,914: [GC (Allocation Failure) 2018-06-25T12:40:08.796+0200: 1,914: [ParNew
Desired survivor size 20112992 bytes, new threshold 8 (max 8)
- age   1:    3575568 bytes,    3575568 total
- age   2:    5937400 bytes,    9512968 total
: 98730K->14405K(109248K), 0,0104678 secs] 98730K->14405K(502464K), 0,0105440 secs] [Times: user=0,03 sys=0,01, real=0,01 secs] 
Heap after GC invocations=2 (full 0):
 par new generation   total 109248K, used 14405K [0x00000000e0000000, 0x00000000e8000000, 0x00000000e8000000)
  eden space 87424K,   0% used [0x00000000e0000000, 0x00000000e0000000, 0x00000000e5560000)
  from space 21824K,  66% used [0x00000000e5560000, 0x00000000e63714c0, 0x00000000e6ab0000)
  to   space 21824K,   0% used [0x00000000e6ab0000, 0x00000000e6ab0000, 0x00000000e8000000)
 concurrent mark-sweep generation total 393216K, used 0K [0x00000000e8000000, 0x0000000100000000, 0x0000000100000000)
 Metaspace       used 20052K, capacity 20434K, committed 20736K, reserved 1067008K
  class space    used 2296K, capacity 2471K, committed 2560K, reserved 1048576K
}
2018-06-25T12:40:08.807+0200: 1,924: Total time for which application threads were stopped: 0,0108025 seconds, Stopping threads took: 0,0001077 seconds
2018-06-25T12:40:08.810+0200: 1,928: Total time for which application threads were stopped: 0,0004224 seconds, Stopping threads took: 0,0000827 seconds
2018-06-25T12:40:08.833+0200: 1,951: Total time for which application threads were stopped: 0,0003932 seconds, Stopping threads took: 0,0000748 seconds
2018-06-25T12:40:08.966+0200: 2,083: Total time for which application threads were stopped: 0,0002524 seconds, Stopping threads took: 0,0000643 seconds
{Heap before GC invocations=2 (full 0):
 par new generation   total 109248K, used 101829K [0x00000000e0000000, 0x00000000e8000000, 0x00000000e8000000)
  eden space 87424K, 100% used [0x00000000e0000000, 0x00000000e5560000, 0x00000000e5560000)
  from space 21824K,  66% used [0x00000000e5560000, 0x00000000e63714c0, 0x00000000e6ab0000)
  to   space 21824K,   0% used [0x00000000e6ab0000, 0x00000000e6ab0000, 0x00000000e8000000)
 concurrent mark-sweep generation total 393216K, used 0K [0x00000000e8000000, 0x0000000100000000, 0x0000000100000000)
 Metaspace       used 20984K, capacity 21362K, committed 21628K, reserved 1069056K
  class space    used 2419K, capacity 2591K, committed 2684K, reserved 1048576K
2018-06-25T12:40:09.008+0200: 2,126: [GC (Allocation Failure) 2018-06-25T12:40:09.008+0200: 2,126: [ParNew
Desired survivor size 20112992 bytes, new threshold 8 (max 8)
- age   1:    2116936 bytes,    2116936 total
- age   2:    1044544 bytes,    3161480 total
- age   3:    5935336 bytes,    9096816 total
: 101829K->10307K(109248K), 0,0295024 secs] 101829K->10307K(502464K), 0,0295875 secs] [Times: user=0,07 sys=0,00, real=0,04 secs] 
Heap after GC invocations=3 (full 0):
 par new generation   total 109248K, used 10307K [0x00000000e0000000, 0x00000000e8000000, 0x00000000e8000000)
  eden space 87424K,   0% used [0x00000000e0000000, 0x00000000e0000000, 0x00000000e5560000)
  from space 21824K,  47% used [0x00000000e6ab0000, 0x00000000e74c0ef0, 0x00000000e8000000)
  to   space 21824K,   0% used [0x00000000e5560000, 0x00000000e5560000, 0x00000000e6ab0000)
 concurrent mark-sweep generation total 393216K, used 0K [0x00000000e8000000, 0x0000000100000000, 0x0000000100000000)
 Metaspace       used 20984K, capacity 21362K, committed 21628K, reserved 1069056K
  class space    used 2419K, capacity 2591K, committed 2684K, reserved 1048576K
}
2018-06-25T12:40:09.038+0200: 2,155: Total time for which application threads were stopped: 0,0301030 seconds, Stopping threads took: 0,0003308 seconds
2018-06-25T12:40:09.049+0200: 2,166: [GC (CMS Initial Mark) [1 CMS-initial-mark: 0K(393216K)] 17362K(502464K), 0,0113678 secs] [Times: user=0,03 sys=0,00, real=0,01 secs] 
2018-06-25T12:40:09.060+0200: 2,177: Total time for which application threads were stopped: 0,0129408 seconds, Stopping threads took: 0,0014410 seconds
2018-06-25T12:40:09.060+0200: 2,178: [CMS-concurrent-mark-start]
2018-06-25T12:40:09.060+0200: 2,178: [CMS-concurrent-mark: 0,000/0,000 secs] [Times: user=0,00 sys=0,00, real=0,00 secs] 
2018-06-25T12:40:09.060+0200: 2,178: [CMS-concurrent-preclean-start]
2018-06-25T12:40:09.062+0200: 2,179: [CMS-concurrent-preclean: 0,001/0,001 secs] [Times: user=0,01 sys=0,00, real=0,00 secs] 
2018-06-25T12:40:09.062+0200: 2,179: [CMS-concurrent-abortable-preclean-start]
2018-06-25T12:40:09.139+0200: 2,257: Total time for which application threads were stopped: 0,0001885 seconds, Stopping threads took: 0,0000905 seconds
2018-06-25T12:40:09.139+0200: 2,257: [CMS-concurrent-abortable-preclean: 0,069/0,077 secs] [Times: user=0,29 sys=0,00, real=0,08 secs] 
2018-06-25T12:40:09.152+0200: 2,270: [GC (CMS Final Remark) [YG occupancy: 81597 K (109248 K)]{Heap before GC invocations=3 (full 1):
 par new generation   total 109248K, used 81597K [0x00000000e0000000, 0x00000000e8000000, 0x00000000e8000000)
  eden space 87424K,  81% used [0x00000000e0000000, 0x00000000e459e728, 0x00000000e5560000)
  from space 21824K,  47% used [0x00000000e6ab0000, 0x00000000e74c0ef0, 0x00000000e8000000)
  to   space 21824K,   0% used [0x00000000e5560000, 0x00000000e5560000, 0x00000000e6ab0000)
 concurrent mark-sweep generation total 393216K, used 0K [0x00000000e8000000, 0x0000000100000000, 0x0000000100000000)
 Metaspace       used 21236K, capacity 21625K, committed 21884K, reserved 1069056K
  class space    used 2447K, capacity 2605K, committed 2684K, reserved 1048576K
2018-06-25T12:40:09.153+0200: 2,270: [GC (CMS Final Remark) 2018-06-25T12:40:09.153+0200: 2,270: [ParNew
Desired survivor size 20112992 bytes, new threshold 8 (max 8)
- age   1:    1304288 bytes,    1304288 total
- age   2:    1449352 bytes,    2753640 total
- age   3:    1040968 bytes,    3794608 total
- age   4:    5935696 bytes,    9730304 total
: 81597K->13463K(109248K), 0,0093534 secs] 81597K->13463K(502464K), 0,0093976 secs] [Times: user=0,04 sys=0,00, real=0,01 secs] 
Heap after GC invocations=4 (full 1):
 par new generation   total 109248K, used 13463K [0x00000000e0000000, 0x00000000e8000000, 0x00000000e8000000)
  eden space 87424K,   0% used [0x00000000e0000000, 0x00000000e0000000, 0x00000000e5560000)
  from space 21824K,  61% used [0x00000000e5560000, 0x00000000e6285e80, 0x00000000e6ab0000)
  to   space 21824K,   0% used [0x00000000e6ab0000, 0x00000000e6ab0000, 0x00000000e8000000)
 concurrent mark-sweep generation total 393216K, used 0K [0x00000000e8000000, 0x0000000100000000, 0x0000000100000000)
 Metaspace       used 21236K, capacity 21625K, committed 21884K, reserved 1069056K
  class space    used 2447K, capacity 2605K, committed 2684K, reserved 1048576K
}
2018-06-25T12:40:09.162+0200: 2,279: [Rescan (parallel) , 0,0032226 secs]2018-06-25T12:40:09.165+0200: 2,283: [weak refs processing, 0,0011315 secs]2018-06-25T12:40:09.166+0200: 2,284: [class unloading, 0,0030147 secs]2018-06-25T12:40:09.169+0200: 2,287: [scrub symbol table, 0,0032411 secs]2018-06-25T12:40:09.173+0200: 2,290: [scrub string table, 0,0004098 secs][1 CMS-remark: 0K(393216K)] 13463K(502464K), 0,0210769 secs] [Times: user=0,06 sys=0,00, real=0,02 secs] 
2018-06-25T12:40:09.174+0200: 2,291: Total time for which application threads were stopped: 0,0217376 seconds, Stopping threads took: 0,0005622 seconds
2018-06-25T12:40:09.174+0200: 2,291: [CMS-concurrent-sweep-start]
2018-06-25T12:40:09.174+0200: 2,291: [CMS-concurrent-sweep: 0,000/0,000 secs] [Times: user=0,00 sys=0,00, real=0,00 secs] 
2018-06-25T12:40:09.174+0200: 2,291: [CMS-concurrent-reset-start]
2018-06-25T12:40:09.182+0200: 2,299: [CMS-concurrent-reset: 0,008/0,008 secs] [Times: user=0,03 sys=0,00, real=0,01 secs] 
{Heap before GC invocations=4 (full 1):
 par new generation   total 109248K, used 100887K [0x00000000e0000000, 0x00000000e8000000, 0x00000000e8000000)
  eden space 87424K, 100% used [0x00000000e0000000, 0x00000000e5560000, 0x00000000e5560000)
  from space 21824K,  61% used [0x00000000e5560000, 0x00000000e6285e80, 0x00000000e6ab0000)
  to   space 21824K,   0% used [0x00000000e6ab0000, 0x00000000e6ab0000, 0x00000000e8000000)
 concurrent mark-sweep generation total 393216K, used 0K [0x00000000e8000000, 0x0000000100000000, 0x0000000100000000)
 Metaspace       used 21357K, capacity 21721K, committed 21884K, reserved 1069056K
  class space    used 2467K, capacity 2637K, committed 2684K, reserved 1048576K
2018-06-25T12:40:09.263+0200: 2,380: [GC (Allocation Failure) 2018-06-25T12:40:09.263+0200: 2,380: [ParNew
Desired survivor size 20112992 bytes, new threshold 8 (max 8)
- age   1:     661328 bytes,     661328 total
- age   2:     152976 bytes,     814304 total
- age   3:    1449112 bytes,    2263416 total
- age   4:    1038920 bytes,    3302336 total
- age   5:    5935360 bytes,    9237696 total
: 100887K->10973K(109248K), 0,0092522 secs] 100887K->10973K(502464K), 0,0093119 secs] [Times: user=0,04 sys=0,00, real=0,01 secs] 
Heap after GC invocations=5 (full 1):
 par new generation   total 109248K, used 10973K [0x00000000e0000000, 0x00000000e8000000, 0x00000000e8000000)
  eden space 87424K,   0% used [0x00000000e0000000, 0x00000000e0000000, 0x00000000e5560000)
  from space 21824K,  50% used [0x00000000e6ab0000, 0x00000000e75674c0, 0x00000000e8000000)
  to   space 21824K,   0% used [0x00000000e5560000, 0x00000000e5560000, 0x00000000e6ab0000)
 concurrent mark-sweep generation total 393216K, used 0K [0x00000000e8000000, 0x0000000100000000, 0x0000000100000000)
 Metaspace       used 21357K, capacity 21721K, committed 21884K, reserved 1069056K
  class space    used 2467K, capacity 2637K, committed 2684K, reserved 1048576K
}
2018-06-25T12:40:09.272+0200: 2,390: Total time for which application threads were stopped: 0,0095360 seconds, Stopping threads took: 0,0000816 seconds
2018-06-25T12:40:09.324+0200: 2,441: Total time for which application threads were stopped: 0,0003297 seconds, Stopping threads took: 0,0000216 seconds
2018-06-25T12:40:09.582+0200: 2,699: Total time for which application threads were stopped: 0,0022783 seconds, Stopping threads took: 0,0000549 seconds
2018-06-25T12:40:09.601+0200: 2,719: Total time for which application threads were stopped: 0,0004203 seconds, Stopping threads took: 0,0000256 seconds
{Heap before GC invocations=5 (full 1):
 par new generation   total 109248K, used 98397K [0x00000000e0000000, 0x00000000e8000000, 0x00000000e8000000)
  eden space 87424K, 100% used [0x00000000e0000000, 0x00000000e5560000, 0x00000000e5560000)
  from space 21824K,  50% used [0x00000000e6ab0000, 0x00000000e75674c0, 0x00000000e8000000)
  to   space 21824K,   0% used [0x00000000e5560000, 0x00000000e5560000, 0x00000000e6ab0000)
 concurrent mark-sweep generation total 393216K, used 0K [0x00000000e8000000, 0x0000000100000000, 0x0000000100000000)
 Metaspace       used 24855K, capacity 25293K, committed 25468K, reserved 1071104K
  class space    used 2902K, capacity 3079K, committed 3196K, reserved 1048576K
2018-06-25T12:40:09.812+0200: 2,930: [GC (Allocation Failure) 2018-06-25T12:40:09.812+0200: 2,930: [ParNew
Desired survivor size 20112992 bytes, new threshold 8 (max 8)
- age   1:    5068416 bytes,    5068416 total
- age   2:     118368 bytes,    5186784 total
- age   3:     149080 bytes,    5335864 total
- age   4:     275080 bytes,    5610944 total
- age   5:    1017000 bytes,    6627944 total
- age   6:    5929464 bytes,   12557408 total
: 98397K->16275K(109248K), 0,0112714 secs] 98397K->16275K(502464K), 0,0113488 secs] [Times: user=0,04 sys=0,00, real=0,01 secs] 
Heap after GC invocations=6 (full 1):
 par new generation   total 109248K, used 16275K [0x00000000e0000000, 0x00000000e8000000, 0x00000000e8000000)
  eden space 87424K,   0% used [0x00000000e0000000, 0x00000000e0000000, 0x00000000e5560000)
  from space 21824K,  74% used [0x00000000e5560000, 0x00000000e6544c80, 0x00000000e6ab0000)
  to   space 21824K,   0% used [0x00000000e6ab0000, 0x00000000e6ab0000, 0x00000000e8000000)
 concurrent mark-sweep generation total 393216K, used 0K [0x00000000e8000000, 0x0000000100000000, 0x0000000100000000)
 Metaspace       used 24855K, capacity 25293K, committed 25468K, reserved 1071104K
  class space    used 2902K, capacity 3079K, committed 3196K, reserved 1048576K
}
2018-06-25T12:40:09.824+0200: 2,941: Total time for which application threads were stopped: 0,0116667 seconds, Stopping threads took: 0,0000578 seconds
2018-06-25T12:40:09.999+0200: 3,116: Total time for which application threads were stopped: 0,0004530 seconds, Stopping threads took: 0,0000500 seconds
2018-06-25T12:40:10.016+0200: 3,134: Total time for which application threads were stopped: 0,0005443 seconds, Stopping threads took: 0,0000522 seconds
2018-06-25T12:40:10.081+0200: 3,198: Total time for which application threads were stopped: 0,0043269 seconds, Stopping threads took: 0,0038055 seconds
2018-06-25T12:40:10.228+0200: 3,345: Total time for which application threads were stopped: 0,0006593 seconds, Stopping threads took: 0,0001450 seconds
{Heap before GC invocations=6 (full 1):
 par new generation   total 109248K, used 103699K [0x00000000e0000000, 0x00000000e8000000, 0x00000000e8000000)
  eden space 87424K, 100% used [0x00000000e0000000, 0x00000000e5560000, 0x00000000e5560000)
  from space 21824K,  74% used [0x00000000e5560000, 0x00000000e6544c80, 0x00000000e6ab0000)
  to   space 21824K,   0% used [0x00000000e6ab0000, 0x00000000e6ab0000, 0x00000000e8000000)
 concurrent mark-sweep generation total 393216K, used 0K [0x00000000e8000000, 0x0000000100000000, 0x0000000100000000)
 Metaspace       used 27821K, capacity 28413K, committed 28540K, reserved 1075200K
  class space    used 3208K, capacity 3391K, committed 3452K, reserved 1048576K
2018-06-25T12:40:10.333+0200: 3,450: [GC (Allocation Failure) 2018-06-25T12:40:10.333+0200: 3,450: [ParNew
Desired survivor size 20112992 bytes, new threshold 7 (max 8)
- age   1:   12703656 bytes,   12703656 total
- age   2:    2112664 bytes,   14816320 total
- age   3:     118336 bytes,   14934656 total
- age   4:     148936 bytes,   15083592 total
- age   5:     274808 bytes,   15358400 total
- age   6:    1008608 bytes,   16367008 total
- age   7:    5921712 bytes,   22288720 total
: 103699K->21824K(109248K), 0,0300888 secs] 103699K->23179K(502464K), 0,0301735 secs] [Times: user=0,09 sys=0,01, real=0,03 secs] 
Heap after GC invocations=7 (full 1):
 par new generation   total 109248K, used 21824K [0x00000000e0000000, 0x00000000e8000000, 0x00000000e8000000)
  eden space 87424K,   0% used [0x00000000e0000000, 0x00000000e0000000, 0x00000000e5560000)
  from space 21824K, 100% used [0x00000000e6ab0000, 0x00000000e8000000, 0x00000000e8000000)
  to   space 21824K,   0% used [0x00000000e5560000, 0x00000000e5560000, 0x00000000e6ab0000)
 concurrent mark-sweep generation total 393216K, used 1355K [0x00000000e8000000, 0x0000000100000000, 0x0000000100000000)
 Metaspace       used 27821K, capacity 28413K, committed 28540K, reserved 1075200K
  class space    used 3208K, capacity 3391K, committed 3452K, reserved 1048576K
}
2018-06-25T12:40:10.363+0200: 3,480: Total time for which application threads were stopped: 0,0304552 seconds, Stopping threads took: 0,0000329 seconds
{Heap before GC invocations=7 (full 1):
 par new generation   total 109248K, used 109248K [0x00000000e0000000, 0x00000000e8000000, 0x00000000e8000000)
  eden space 87424K, 100% used [0x00000000e0000000, 0x00000000e5560000, 0x00000000e5560000)
  from space 21824K, 100% used [0x00000000e6ab0000, 0x00000000e8000000, 0x00000000e8000000)
  to   space 21824K,   0% used [0x00000000e5560000, 0x00000000e5560000, 0x00000000e6ab0000)
 concurrent mark-sweep generation total 393216K, used 1355K [0x00000000e8000000, 0x0000000100000000, 0x0000000100000000)
 Metaspace       used 27853K, capacity 28483K, committed 28796K, reserved 1075200K
  class space    used 3209K, capacity 3392K, committed 3452K, reserved 1048576K
2018-06-25T12:40:10.466+0200: 3,583: [GC (Allocation Failure) 2018-06-25T12:40:10.466+0200: 3,583: [ParNew
Desired survivor size 20112992 bytes, new threshold 8 (max 8)
- age   1:    1465832 bytes,    1465832 total
- age   2:   11046296 bytes,   12512128 total
- age   3:    2112576 bytes,   14624704 total
- age   4:     118336 bytes,   14743040 total
- age   5:     148936 bytes,   14891976 total
- age   6:     274808 bytes,   15166784 total
- age   7:    1008608 bytes,   16175392 total
: 109248K->21824K(109248K), 0,0522191 secs] 110603K->29032K(502464K), 0,0522970 secs] [Times: user=0,17 sys=0,01, real=0,06 secs] 
Heap after GC invocations=8 (full 1):
 par new generation   total 109248K, used 21824K [0x00000000e0000000, 0x00000000e8000000, 0x00000000e8000000)
  eden space 87424K,   0% used [0x00000000e0000000, 0x00000000e0000000, 0x00000000e5560000)
  from space 21824K, 100% used [0x00000000e5560000, 0x00000000e6ab0000, 0x00000000e6ab0000)
  to   space 21824K,   0% used [0x00000000e6ab0000, 0x00000000e6ab0000, 0x00000000e8000000)
 concurrent mark-sweep generation total 393216K, used 7208K [0x00000000e8000000, 0x0000000100000000, 0x0000000100000000)
 Metaspace       used 27853K, capacity 28483K, committed 28796K, reserved 1075200K
  class space    used 3209K, capacity 3392K, committed 3452K, reserved 1048576K
}
2018-06-25T12:40:10.518+0200: 3,636: Total time for which application threads were stopped: 0,0525950 seconds, Stopping threads took: 0,0001029 seconds
{Heap before GC invocations=8 (full 1):
 par new generation   total 109248K, used 109248K [0x00000000e0000000, 0x00000000e8000000, 0x00000000e8000000)
  eden space 87424K, 100% used [0x00000000e0000000, 0x00000000e5560000, 0x00000000e5560000)
  from space 21824K, 100% used [0x00000000e5560000, 0x00000000e6ab0000, 0x00000000e6ab0000)
  to   space 21824K,   0% used [0x00000000e6ab0000, 0x00000000e6ab0000, 0x00000000e8000000)
 concurrent mark-sweep generation total 393216K, used 7208K [0x00000000e8000000, 0x0000000100000000, 0x0000000100000000)
 Metaspace       used 27890K, capacity 28515K, committed 28796K, reserved 1075200K
  class space    used 3212K, capacity 3398K, committed 3452K, reserved 1048576K
2018-06-25T12:40:10.601+0200: 3,718: [GC (Allocation Failure) 2018-06-25T12:40:10.601+0200: 3,718: [ParNew
Desired survivor size 20112992 bytes, new threshold 8 (max 8)
- age   1:    1242312 bytes,    1242312 total
- age   2:    1128552 bytes,    2370864 total
- age   3:   11046296 bytes,   13417160 total
- age   4:    2112576 bytes,   15529736 total
- age   5:     118336 bytes,   15648072 total
- age   6:     148728 bytes,   15796800 total
- age   7:     274808 bytes,   16071608 total
- age   8:    1008608 bytes,   17080216 total
: 109248K->21786K(109248K), 0,0374023 secs] 116456K->28994K(502464K), 0,0374864 secs] [Times: user=0,13 sys=0,00, real=0,04 secs] 
Heap after GC invocations=9 (full 1):
 par new generation   total 109248K, used 21786K [0x00000000e0000000, 0x00000000e8000000, 0x00000000e8000000)
  eden space 87424K,   0% used [0x00000000e0000000, 0x00000000e0000000, 0x00000000e5560000)
  from space 21824K,  99% used [0x00000000e6ab0000, 0x00000000e7ff6950, 0x00000000e8000000)
  to   space 21824K,   0% used [0x00000000e5560000, 0x00000000e5560000, 0x00000000e6ab0000)
 concurrent mark-sweep generation total 393216K, used 7208K [0x00000000e8000000, 0x0000000100000000, 0x0000000100000000)
 Metaspace       used 27890K, capacity 28515K, committed 28796K, reserved 1075200K
  class space    used 3212K, capacity 3398K, committed 3452K, reserved 1048576K
}
2018-06-25T12:40:10.638+0200: 3,756: Total time for which application threads were stopped: 0,0455346 seconds, Stopping threads took: 0,0078519 seconds
{Heap before GC invocations=9 (full 1):
 par new generation   total 109248K, used 109210K [0x00000000e0000000, 0x00000000e8000000, 0x00000000e8000000)
  eden space 87424K, 100% used [0x00000000e0000000, 0x00000000e5560000, 0x00000000e5560000)
  from space 21824K,  99% used [0x00000000e6ab0000, 0x00000000e7ff6950, 0x00000000e8000000)
  to   space 21824K,   0% used [0x00000000e5560000, 0x00000000e5560000, 0x00000000e6ab0000)
 concurrent mark-sweep generation total 393216K, used 7208K [0x00000000e8000000, 0x0000000100000000, 0x0000000100000000)
 Metaspace       used 27923K, capacity 28525K, committed 28796K, reserved 1075200K
  class space    used 3213K, capacity 3400K, committed 3452K, reserved 1048576K
2018-06-25T12:40:10.725+0200: 3,842: [GC (Allocation Failure) 2018-06-25T12:40:10.725+0200: 3,842: [ParNew
Desired survivor size 20112992 bytes, new threshold 8 (max 8)
- age   1:     627336 bytes,     627336 total
- age   2:     355752 bytes,     983088 total
- age   3:    1128408 bytes,    2111496 total
- age   4:   11046296 bytes,   13157792 total
- age   5:    2112576 bytes,   15270368 total
- age   6:     118336 bytes,   15388704 total
- age   7:     148728 bytes,   15537432 total
- age   8:     274808 bytes,   15812240 total
: 109210K->19929K(109248K), 0,0307904 secs] 116418K->28135K(502464K), 0,0308829 secs] [Times: user=0,12 sys=0,00, real=0,03 secs] 
Heap after GC invocations=10 (full 1):
 par new generation   total 109248K, used 19929K [0x00000000e0000000, 0x00000000e8000000, 0x00000000e8000000)
  eden space 87424K,   0% used [0x00000000e0000000, 0x00000000e0000000, 0x00000000e5560000)
  from space 21824K,  91% used [0x00000000e5560000, 0x00000000e68d6450, 0x00000000e6ab0000)
  to   space 21824K,   0% used [0x00000000e6ab0000, 0x00000000e6ab0000, 0x00000000e8000000)
 concurrent mark-sweep generation total 393216K, used 8206K [0x00000000e8000000, 0x0000000100000000, 0x0000000100000000)
 Metaspace       used 27923K, capacity 28525K, committed 28796K, reserved 1075200K
  class space    used 3213K, capacity 3400K, committed 3452K, reserved 1048576K
}
2018-06-25T12:40:10.756+0200: 3,873: Total time for which application threads were stopped: 0,0312107 seconds, Stopping threads took: 0,0000763 seconds
2018-06-25T12:40:10.957+0200: 4,075: Total time for which application threads were stopped: 0,0073757 seconds, Stopping threads took: 0,0065471 seconds
2018-06-25T12:40:10.980+0200: 4,097: Total time for which application threads were stopped: 0,0001911 seconds, Stopping threads took: 0,0000844 seconds
2018-06-25T12:40:10.985+0200: 4,102: Total time for which application threads were stopped: 0,0046818 seconds, Stopping threads took: 0,0045345 seconds
2018-06-25T12:40:10.997+0200: 4,115: Total time for which application threads were stopped: 0,0002973 seconds, Stopping threads took: 0,0001114 seconds
2018-06-25T12:40:11.021+0200: 4,139: Total time for which application threads were stopped: 0,0002088 seconds, Stopping threads took: 0,0000623 seconds
2018-06-25T12:40:11.057+0200: 4,174: Total time for which application threads were stopped: 0,0002415 seconds, Stopping threads took: 0,0000541 seconds
2018-06-25T12:40:11.057+0200: 4,174: Total time for which application threads were stopped: 0,0000991 seconds, Stopping threads took: 0,0000267 seconds
2018-06-25T12:40:11.057+0200: 4,174: Total time for which application threads were stopped: 0,0000780 seconds, Stopping threads took: 0,0000230 seconds
2018-06-25T12:40:12.057+0200: 5,175: Total time for which application threads were stopped: 0,0003869 seconds, Stopping threads took: 0,0000921 seconds
2018-06-25T12:41:24.068+0200: 77,185: Total time for which application threads were stopped: 0,0000805 seconds, Stopping threads took: 0,0000208 seconds
2018-06-25T12:41:38.070+0200: 91,187: Total time for which application threads were stopped: 0,0000809 seconds, Stopping threads took: 0,0000190 seconds
2018-06-25T12:42:09.021+0200: 122,139: Total time for which application threads were stopped: 0,0004558 seconds, Stopping threads took: 0,0000199 seconds
2018-06-25T12:42:09.022+0200: 122,140: Total time for which application threads were stopped: 0,0004343 seconds, Stopping threads took: 0,0000158 seconds
2018-06-25T12:42:09.044+0200: 122,162: Total time for which application threads were stopped: 0,0001735 seconds, Stopping threads took: 0,0000748 seconds
2018-06-25T12:42:09.048+0200: 122,166: Total time for which application threads were stopped: 0,0037809 seconds, Stopping threads took: 0,0037047 seconds
2018-06-25T12:42:09.056+0200: 122,174: Total time for which application threads were stopped: 0,0002122 seconds, Stopping threads took: 0,0000786 seconds
2018-06-25T12:42:09.064+0200: 122,182: Total time for which application threads were stopped: 0,0033033 seconds, Stopping threads took: 0,0032156 seconds
2018-06-25T12:42:09.064+0200: 122,182: Total time for which application threads were stopped: 0,0001050 seconds, Stopping threads took: 0,0000306 seconds
2018-06-25T12:42:09.066+0200: 122,183: Total time for which application threads were stopped: 0,0004589 seconds, Stopping threads took: 0,0003721 seconds
2018-06-25T12:42:09.066+0200: 122,184: Total time for which application threads were stopped: 0,0001090 seconds, Stopping threads took: 0,0000440 seconds
2018-06-25T12:42:09.067+0200: 122,184: Total time for which application threads were stopped: 0,0001508 seconds, Stopping threads took: 0,0001033 seconds
2018-06-25T12:42:09.067+0200: 122,185: Total time for which application threads were stopped: 0,0001230 seconds, Stopping threads took: 0,0000336 seconds
2018-06-25T12:42:09.067+0200: 122,185: Total time for which application threads were stopped: 0,0000796 seconds, Stopping threads took: 0,0000297 seconds
2018-06-25T12:42:09.067+0200: 122,185: Total time for which application threads were stopped: 0,0000762 seconds, Stopping threads took: 0,0000320 seconds
2018-06-25T12:42:09.067+0200: 122,185: Total time for which application threads were stopped: 0,0000672 seconds, Stopping threads took: 0,0000295 seconds
2018-06-25T12:42:09.067+0200: 122,185: Total time for which application threads were stopped: 0,0000656 seconds, Stopping threads took: 0,0000254 seconds
2018-06-25T12:42:09.068+0200: 122,185: Total time for which application threads were stopped: 0,0000657 seconds, Stopping threads took: 0,0000305 seconds
2018-06-25T12:42:09.068+0200: 122,185: Total time for which application threads were stopped: 0,0000641 seconds, Stopping threads took: 0,0000230 seconds
2018-06-25T12:42:09.068+0200: 122,185: Total time for which application threads were stopped: 0,0000588 seconds, Stopping threads took: 0,0000243 seconds
2018-06-25T12:42:09.068+0200: 122,185: Total time for which application threads were stopped: 0,0000659 seconds, Stopping threads took: 0,0000249 seconds
2018-06-25T12:42:09.069+0200: 122,187: Total time for which application threads were stopped: 0,0001154 seconds, Stopping threads took: 0,0000412 seconds
2018-06-25T12:42:09.070+0200: 122,187: Total time for which application threads were stopped: 0,0000687 seconds, Stopping threads took: 0,0000226 seconds
2018-06-25T12:42:09.070+0200: 122,187: Total time for which application threads were stopped: 0,0000607 seconds, Stopping threads took: 0,0000261 seconds
2018-06-25T12:42:09.070+0200: 122,187: Total time for which application threads were stopped: 0,0000561 seconds, Stopping threads took: 0,0000203 seconds
2018-06-25T12:42:09.070+0200: 122,187: Total time for which application threads were stopped: 0,0000569 seconds, Stopping threads took: 0,0000246 seconds
2018-06-25T12:42:09.070+0200: 122,187: Total time for which application threads were stopped: 0,0000543 seconds, Stopping threads took: 0,0000193 seconds
2018-06-25T12:42:09.070+0200: 122,188: Total time for which application threads were stopped: 0,0000581 seconds, Stopping threads took: 0,0000209 seconds
2018-06-25T12:42:09.070+0200: 122,188: Total time for which application threads were stopped: 0,0000532 seconds, Stopping threads took: 0,0000203 seconds
2018-06-25T12:42:09.070+0200: 122,188: Total time for which application threads were stopped: 0,0000554 seconds, Stopping threads took: 0,0000208 seconds
2018-06-25T12:42:09.070+0200: 122,188: Total time for which application threads were stopped: 0,0000531 seconds, Stopping threads took: 0,0000196 seconds
2018-06-25T12:42:09.070+0200: 122,188: Total time for which application threads were stopped: 0,0000525 seconds, Stopping threads took: 0,0000198 seconds
2018-06-25T12:42:09.072+0200: 122,190: Total time for which application threads were stopped: 0,0001309 seconds, Stopping threads took: 0,0000459 seconds
2018-06-25T12:42:09.073+0200: 122,191: Total time for which application threads were stopped: 0,0006940 seconds, Stopping threads took: 0,0006287 seconds
2018-06-25T12:42:09.073+0200: 122,191: Total time for which application threads were stopped: 0,0000744 seconds, Stopping threads took: 0,0000339 seconds
2018-06-25T12:42:09.074+0200: 122,191: Total time for which application threads were stopped: 0,0000777 seconds, Stopping threads took: 0,0000393 seconds
2018-06-25T12:42:09.075+0200: 122,192: Total time for which application threads were stopped: 0,0013925 seconds, Stopping threads took: 0,0013572 seconds
2018-06-25T12:42:09.075+0200: 122,193: Total time for which application threads were stopped: 0,0000848 seconds, Stopping threads took: 0,0000393 seconds
2018-06-25T12:42:09.075+0200: 122,193: Total time for which application threads were stopped: 0,0000465 seconds, Stopping threads took: 0,0000115 seconds
2018-06-25T12:42:09.075+0200: 122,193: Total time for which application threads were stopped: 0,0000441 seconds, Stopping threads took: 0,0000105 seconds
2018-06-25T12:42:09.075+0200: 122,193: Total time for which application threads were stopped: 0,0000441 seconds, Stopping threads took: 0,0000107 seconds
2018-06-25T12:42:09.075+0200: 122,193: Total time for which application threads were stopped: 0,0000424 seconds, Stopping threads took: 0,0000102 seconds
2018-06-25T12:42:09.076+0200: 122,193: Total time for which application threads were stopped: 0,0000421 seconds, Stopping threads took: 0,0000102 seconds
2018-06-25T12:42:09.076+0200: 122,193: Total time for which application threads were stopped: 0,0000746 seconds, Stopping threads took: 0,0000442 seconds
2018-06-25T12:42:09.077+0200: 122,195: Total time for which application threads were stopped: 0,0000798 seconds, Stopping threads took: 0,0000190 seconds
2018-06-25T12:42:09.077+0200: 122,195: Total time for which application threads were stopped: 0,0000500 seconds, Stopping threads took: 0,0000113 seconds
2018-06-25T12:42:09.077+0200: 122,195: Total time for which application threads were stopped: 0,0000443 seconds, Stopping threads took: 0,0000113 seconds
2018-06-25T12:42:09.078+0200: 122,195: Total time for which application threads were stopped: 0,0000668 seconds, Stopping threads took: 0,0000150 seconds
2018-06-25T12:42:09.078+0200: 122,195: Total time for which application threads were stopped: 0,0000522 seconds, Stopping threads took: 0,0000173 seconds
2018-06-25T12:42:09.078+0200: 122,196: Total time for which application threads were stopped: 0,0000453 seconds, Stopping threads took: 0,0000115 seconds
2018-06-25T12:42:09.078+0200: 122,196: Total time for which application threads were stopped: 0,0000446 seconds, Stopping threads took: 0,0000114 seconds
2018-06-25T12:42:09.078+0200: 122,196: Total time for which application threads were stopped: 0,0000453 seconds, Stopping threads took: 0,0000118 seconds
2018-06-25T12:42:09.078+0200: 122,196: Total time for which application threads were stopped: 0,0000425 seconds, Stopping threads took: 0,0000108 seconds
2018-06-25T12:42:09.078+0200: 122,196: Total time for which application threads were stopped: 0,0000422 seconds, Stopping threads took: 0,0000102 seconds
2018-06-25T12:42:09.079+0200: 122,196: Total time for which application threads were stopped: 0,0000449 seconds, Stopping threads took: 0,0000117 seconds
2018-06-25T12:42:09.079+0200: 122,196: Total time for which application threads were stopped: 0,0000421 seconds, Stopping threads took: 0,0000101 seconds
2018-06-25T12:42:09.079+0200: 122,196: Total time for which application threads were stopped: 0,0000447 seconds, Stopping threads took: 0,0000105 seconds
2018-06-25T12:42:09.079+0200: 122,196: Total time for which application threads were stopped: 0,0000470 seconds, Stopping threads took: 0,0000121 seconds
2018-06-25T12:42:09.079+0200: 122,196: Total time for which application threads were stopped: 0,0000410 seconds, Stopping threads took: 0,0000105 seconds
2018-06-25T12:42:09.079+0200: 122,197: Total time for which application threads were stopped: 0,0000444 seconds, Stopping threads took: 0,0000213 seconds
2018-06-25T12:42:09.079+0200: 122,197: Total time for which application threads were stopped: 0,0000880 seconds, Stopping threads took: 0,0000360 seconds
2018-06-25T12:42:09.080+0200: 122,197: Total time for which application threads were stopped: 0,0000596 seconds, Stopping threads took: 0,0000264 seconds
2018-06-25T12:42:09.080+0200: 122,197: Total time for which application threads were stopped: 0,0000480 seconds, Stopping threads took: 0,0000186 seconds
2018-06-25T12:42:09.080+0200: 122,197: Total time for which application threads were stopped: 0,0000546 seconds, Stopping threads took: 0,0000214 seconds
2018-06-25T12:42:09.080+0200: 122,198: Total time for which application threads were stopped: 0,0000496 seconds, Stopping threads took: 0,0000187 seconds
2018-06-25T12:42:09.080+0200: 122,198: Total time for which application threads were stopped: 0,0000588 seconds, Stopping threads took: 0,0000305 seconds
2018-06-25T12:42:09.081+0200: 122,198: Total time for which application threads were stopped: 0,0002531 seconds, Stopping threads took: 0,0000623 seconds
2018-06-25T12:42:09.082+0200: 122,200: Total time for which application threads were stopped: 0,0012685 seconds, Stopping threads took: 0,0011993 seconds
2018-06-25T12:42:09.082+0200: 122,200: Total time for which application threads were stopped: 0,0000495 seconds, Stopping threads took: 0,0000230 seconds
2018-06-25T12:42:09.082+0200: 122,200: Total time for which application threads were stopped: 0,0000411 seconds, Stopping threads took: 0,0000146 seconds
2018-06-25T12:42:09.083+0200: 122,200: Total time for which application threads were stopped: 0,0000338 seconds, Stopping threads took: 0,0000113 seconds
2018-06-25T12:42:09.083+0200: 122,200: Total time for which application threads were stopped: 0,0000339 seconds, Stopping threads took: 0,0000093 seconds
2018-06-25T12:42:09.083+0200: 122,200: Total time for which application threads were stopped: 0,0000312 seconds, Stopping threads took: 0,0000091 seconds
2018-06-25T12:42:09.083+0200: 122,200: Total time for which application threads were stopped: 0,0000314 seconds, Stopping threads took: 0,0000091 seconds
2018-06-25T12:42:09.083+0200: 122,200: Total time for which application threads were stopped: 0,0000310 seconds, Stopping threads took: 0,0000093 seconds
2018-06-25T12:42:09.083+0200: 122,200: Total time for which application threads were stopped: 0,0000313 seconds, Stopping threads took: 0,0000093 seconds
2018-06-25T12:42:09.083+0200: 122,200: Total time for which application threads were stopped: 0,0000325 seconds, Stopping threads took: 0,0000105 seconds
2018-06-25T12:42:09.083+0200: 122,200: Total time for which application threads were stopped: 0,0000365 seconds, Stopping threads took: 0,0000101 seconds
2018-06-25T12:42:09.083+0200: 122,200: Total time for which application threads were stopped: 0,0000330 seconds, Stopping threads took: 0,0000092 seconds
2018-06-25T12:42:09.083+0200: 122,200: Total time for which application threads were stopped: 0,0000312 seconds, Stopping threads took: 0,0000090 seconds
2018-06-25T12:42:09.084+0200: 122,201: Total time for which application threads were stopped: 0,0000991 seconds, Stopping threads took: 0,0000196 seconds
2018-06-25T12:42:09.089+0200: 122,206: Total time for which application threads were stopped: 0,0000864 seconds, Stopping threads took: 0,0000247 seconds
2018-06-25T12:42:09.089+0200: 122,206: Total time for which application threads were stopped: 0,0000483 seconds, Stopping threads took: 0,0000134 seconds
2018-06-25T12:42:09.089+0200: 122,206: Total time for which application threads were stopped: 0,0000415 seconds, Stopping threads took: 0,0000114 seconds
2018-06-25T12:42:09.089+0200: 122,206: Total time for which application threads were stopped: 0,0000387 seconds, Stopping threads took: 0,0000110 seconds
2018-06-25T12:42:09.089+0200: 122,206: Total time for which application threads were stopped: 0,0001048 seconds, Stopping threads took: 0,0000134 seconds
2018-06-25T12:42:09.090+0200: 122,207: Total time for which application threads were stopped: 0,0000749 seconds, Stopping threads took: 0,0000173 seconds
Heap
 par new generation   total 109248K, used 101975K [0x00000000e0000000, 0x00000000e8000000, 0x00000000e8000000)
  eden space 87424K,  93% used [0x00000000e0000000, 0x00000000e501fb00, 0x00000000e5560000)
  from space 21824K,  91% used [0x00000000e5560000, 0x00000000e68d6450, 0x00000000e6ab0000)
  to   space 21824K,   0% used [0x00000000e6ab0000, 0x00000000e6ab0000, 0x00000000e8000000)
 concurrent mark-sweep generation total 393216K, used 8206K [0x00000000e8000000, 0x0000000100000000, 0x0000000100000000)
 Metaspace       used 28519K, capacity 29203K, committed 29436K, reserved 1075200K
  class space    used 3264K, capacity 3453K, committed 3580K, reserved 1048576K
