OpenJDK 64-Bit Server VM (25.171-b11) for linux-amd64 JRE (1.8.0_171-8u171-b11-0ubuntu0.16.04.1-b11), built on Apr 27 2018 17:19:03 by "buildd" with gcc 5.4.0 20160609
Memory: 4k page, physical 7867600k(828016k free), swap 8076284k(8009588k free)
CommandLine flags: -XX:CMSInitiatingOccupancyFraction=50 -XX:CMSMaxAbortablePrecleanTime=6000 -XX:+CMSParallelRemarkEnabled -XX:+CMSScavengeBeforeRemark -XX:ConcGCThreads=4 -XX:InitialHeapSize=536870912 -XX:MaxHeapSize=536870912 -XX:MaxTenuringThreshold=8 -XX:NewRatio=3 -XX:OldPLABSize=16 -XX:OnOutOfMemoryError=/home/gurnoor/workspace/QTM/solr/bin/oom_solr.sh 8983 /home/gurnoor/workspace/QTM/solr/server/logs -XX:ParallelGCThreads=4 -XX:+ParallelRefProcEnabled -XX:PretenureSizeThreshold=67108864 -XX:+PrintGC -XX:+PrintGCApplicationStoppedTime -XX:+PrintGCDateStamps -XX:+PrintGCDetails -XX:+PrintGCTimeStamps -XX:+PrintHeapAtGC -XX:+PrintTenuringDistribution -XX:SurvivorRatio=4 -XX:TargetSurvivorRatio=90 -XX:ThreadStackSize=256 -XX:+UseCMSInitiatingOccupancyOnly -XX:+UseCompressedClassPointers -XX:+UseCompressedOops -XX:+UseConcMarkSweepGC -XX:+UseParNewGC 
2018-06-19T15:01:29.467+0200: 0,122: Total time for which application threads were stopped: 0,0000793 seconds, Stopping threads took: 0,0000166 seconds
2018-06-19T15:01:29.532+0200: 0,186: Total time for which application threads were stopped: 0,0001187 seconds, Stopping threads took: 0,0000195 seconds
2018-06-19T15:01:29.544+0200: 0,199: Total time for which application threads were stopped: 0,0000807 seconds, Stopping threads took: 0,0000165 seconds
2018-06-19T15:01:29.692+0200: 0,346: Total time for which application threads were stopped: 0,0001644 seconds, Stopping threads took: 0,0000195 seconds
2018-06-19T15:01:29.859+0200: 0,513: Total time for which application threads were stopped: 0,0001323 seconds, Stopping threads took: 0,0000147 seconds
2018-06-19T15:01:29.915+0200: 0,569: Total time for which application threads were stopped: 0,0001601 seconds, Stopping threads took: 0,0000202 seconds
2018-06-19T15:01:29.929+0200: 0,583: Total time for which application threads were stopped: 0,0001967 seconds, Stopping threads took: 0,0000249 seconds
2018-06-19T15:01:30.122+0200: 0,776: Total time for which application threads were stopped: 0,0001969 seconds, Stopping threads took: 0,0000176 seconds
2018-06-19T15:01:30.271+0200: 0,925: Total time for which application threads were stopped: 0,0002670 seconds, Stopping threads took: 0,0000362 seconds
2018-06-19T15:01:30.291+0200: 0,945: Total time for which application threads were stopped: 0,0002587 seconds, Stopping threads took: 0,0000531 seconds
2018-06-19T15:01:30.316+0200: 0,971: Total time for which application threads were stopped: 0,0002485 seconds, Stopping threads took: 0,0000292 seconds
2018-06-19T15:01:30.317+0200: 0,972: Total time for which application threads were stopped: 0,0001943 seconds, Stopping threads took: 0,0000250 seconds
2018-06-19T15:01:30.327+0200: 0,981: Total time for which application threads were stopped: 0,0002426 seconds, Stopping threads took: 0,0000337 seconds
2018-06-19T15:01:30.406+0200: 1,060: Total time for which application threads were stopped: 0,0003320 seconds, Stopping threads took: 0,0000558 seconds
2018-06-19T15:01:30.559+0200: 1,213: Total time for which application threads were stopped: 0,0002773 seconds, Stopping threads took: 0,0000257 seconds
{Heap before GC invocations=0 (full 0):
 par new generation   total 109248K, used 87424K [0x00000000e0000000, 0x00000000e8000000, 0x00000000e8000000)
  eden space 87424K, 100% used [0x00000000e0000000, 0x00000000e5560000, 0x00000000e5560000)
  from space 21824K,   0% used [0x00000000e5560000, 0x00000000e5560000, 0x00000000e6ab0000)
  to   space 21824K,   0% used [0x00000000e6ab0000, 0x00000000e6ab0000, 0x00000000e8000000)
 concurrent mark-sweep generation total 393216K, used 0K [0x00000000e8000000, 0x0000000100000000, 0x0000000100000000)
 Metaspace       used 17879K, capacity 18184K, committed 18304K, reserved 1064960K
  class space    used 2026K, capacity 2166K, committed 2176K, reserved 1048576K
2018-06-19T15:01:30.595+0200: 1,250: [GC (Allocation Failure) 2018-06-19T15:01:30.595+0200: 1,250: [ParNew
Desired survivor size 20112992 bytes, new threshold 8 (max 8)
- age   1:   11534784 bytes,   11534784 total
: 87424K->11364K(109248K), 0,0105269 secs] 87424K->11364K(502464K), 0,0105834 secs] [Times: user=0,04 sys=0,00, real=0,01 secs] 
Heap after GC invocations=1 (full 0):
 par new generation   total 109248K, used 11364K [0x00000000e0000000, 0x00000000e8000000, 0x00000000e8000000)
  eden space 87424K,   0% used [0x00000000e0000000, 0x00000000e0000000, 0x00000000e5560000)
  from space 21824K,  52% used [0x00000000e6ab0000, 0x00000000e75c90b0, 0x00000000e8000000)
  to   space 21824K,   0% used [0x00000000e5560000, 0x00000000e5560000, 0x00000000e6ab0000)
 concurrent mark-sweep generation total 393216K, used 0K [0x00000000e8000000, 0x0000000100000000, 0x0000000100000000)
 Metaspace       used 17879K, capacity 18184K, committed 18304K, reserved 1064960K
  class space    used 2026K, capacity 2166K, committed 2176K, reserved 1048576K
}
2018-06-19T15:01:30.606+0200: 1,260: Total time for which application threads were stopped: 0,0118550 seconds, Stopping threads took: 0,0010963 seconds
2018-06-19T15:01:30.984+0200: 1,639: Total time for which application threads were stopped: 0,0004670 seconds, Stopping threads took: 0,0000506 seconds
2018-06-19T15:01:31.058+0200: 1,713: Total time for which application threads were stopped: 0,0022948 seconds, Stopping threads took: 0,0009807 seconds
{Heap before GC invocations=1 (full 0):
 par new generation   total 109248K, used 98788K [0x00000000e0000000, 0x00000000e8000000, 0x00000000e8000000)
  eden space 87424K, 100% used [0x00000000e0000000, 0x00000000e5560000, 0x00000000e5560000)
  from space 21824K,  52% used [0x00000000e6ab0000, 0x00000000e75c90b0, 0x00000000e8000000)
  to   space 21824K,   0% used [0x00000000e5560000, 0x00000000e5560000, 0x00000000e6ab0000)
 concurrent mark-sweep generation total 393216K, used 0K [0x00000000e8000000, 0x0000000100000000, 0x0000000100000000)
 Metaspace       used 20109K, capacity 20484K, committed 20736K, reserved 1067008K
  class space    used 2298K, capacity 2466K, committed 2560K, reserved 1048576K
2018-06-19T15:01:31.059+0200: 1,713: [GC (Allocation Failure) 2018-06-19T15:01:31.059+0200: 1,713: [ParNew
Desired survivor size 20112992 bytes, new threshold 8 (max 8)
- age   1:    3318264 bytes,    3318264 total
- age   2:    6066280 bytes,    9384544 total
: 98788K->12705K(109248K), 0,0141311 secs] 98788K->12705K(502464K), 0,0142040 secs] [Times: user=0,05 sys=0,00, real=0,02 secs] 
Heap after GC invocations=2 (full 0):
 par new generation   total 109248K, used 12705K [0x00000000e0000000, 0x00000000e8000000, 0x00000000e8000000)
  eden space 87424K,   0% used [0x00000000e0000000, 0x00000000e0000000, 0x00000000e5560000)
  from space 21824K,  58% used [0x00000000e5560000, 0x00000000e61c8400, 0x00000000e6ab0000)
  to   space 21824K,   0% used [0x00000000e6ab0000, 0x00000000e6ab0000, 0x00000000e8000000)
 concurrent mark-sweep generation total 393216K, used 0K [0x00000000e8000000, 0x0000000100000000, 0x0000000100000000)
 Metaspace       used 20109K, capacity 20484K, committed 20736K, reserved 1067008K
  class space    used 2298K, capacity 2466K, committed 2560K, reserved 1048576K
}
2018-06-19T15:01:31.073+0200: 1,728: Total time for which application threads were stopped: 0,0143858 seconds, Stopping threads took: 0,0000485 seconds
2018-06-19T15:01:31.130+0200: 1,784: Total time for which application threads were stopped: 0,0073090 seconds, Stopping threads took: 0,0069963 seconds
2018-06-19T15:01:31.431+0200: 2,085: Total time for which application threads were stopped: 0,0006368 seconds, Stopping threads took: 0,0004795 seconds
{Heap before GC invocations=2 (full 0):
 par new generation   total 109248K, used 100129K [0x00000000e0000000, 0x00000000e8000000, 0x00000000e8000000)
  eden space 87424K, 100% used [0x00000000e0000000, 0x00000000e5560000, 0x00000000e5560000)
  from space 21824K,  58% used [0x00000000e5560000, 0x00000000e61c8400, 0x00000000e6ab0000)
  to   space 21824K,   0% used [0x00000000e6ab0000, 0x00000000e6ab0000, 0x00000000e8000000)
 concurrent mark-sweep generation total 393216K, used 0K [0x00000000e8000000, 0x0000000100000000, 0x0000000100000000)
 Metaspace       used 21047K, capacity 21412K, committed 21628K, reserved 1069056K
  class space    used 2421K, capacity 2586K, committed 2684K, reserved 1048576K
2018-06-19T15:01:31.532+0200: 2,186: [GC (Allocation Failure) 2018-06-19T15:01:31.532+0200: 2,186: [ParNew
Desired survivor size 20112992 bytes, new threshold 8 (max 8)
- age   1:    2196120 bytes,    2196120 total
- age   2:     904264 bytes,    3100384 total
- age   3:    6064688 bytes,    9165072 total
: 100129K->11816K(109248K), 0,0286473 secs] 100129K->11816K(502464K), 0,0288267 secs] [Times: user=0,06 sys=0,00, real=0,02 secs] 
Heap after GC invocations=3 (full 0):
 par new generation   total 109248K, used 11816K [0x00000000e0000000, 0x00000000e8000000, 0x00000000e8000000)
  eden space 87424K,   0% used [0x00000000e0000000, 0x00000000e0000000, 0x00000000e5560000)
  from space 21824K,  54% used [0x00000000e6ab0000, 0x00000000e763a178, 0x00000000e8000000)
  to   space 21824K,   0% used [0x00000000e5560000, 0x00000000e5560000, 0x00000000e6ab0000)
 concurrent mark-sweep generation total 393216K, used 0K [0x00000000e8000000, 0x0000000100000000, 0x0000000100000000)
 Metaspace       used 21047K, capacity 21412K, committed 21628K, reserved 1069056K
  class space    used 2421K, capacity 2586K, committed 2684K, reserved 1048576K
}
2018-06-19T15:01:31.561+0200: 2,215: Total time for which application threads were stopped: 0,0324192 seconds, Stopping threads took: 0,0032197 seconds
2018-06-19T15:01:31.572+0200: 2,227: [GC (CMS Initial Mark) [1 CMS-initial-mark: 0K(393216K)] 18286K(502464K), 0,0106862 secs] [Times: user=0,03 sys=0,00, real=0,01 secs] 
2018-06-19T15:01:31.583+0200: 2,238: Total time for which application threads were stopped: 0,0123601 seconds, Stopping threads took: 0,0015525 seconds
2018-06-19T15:01:31.583+0200: 2,238: [CMS-concurrent-mark-start]
2018-06-19T15:01:31.587+0200: 2,242: [CMS-concurrent-mark: 0,004/0,004 secs] [Times: user=0,02 sys=0,00, real=0,00 secs] 
2018-06-19T15:01:31.587+0200: 2,242: [CMS-concurrent-preclean-start]
2018-06-19T15:01:31.589+0200: 2,243: [CMS-concurrent-preclean: 0,001/0,001 secs] [Times: user=0,00 sys=0,00, real=0,00 secs] 
2018-06-19T15:01:31.589+0200: 2,243: [CMS-concurrent-abortable-preclean-start]
2018-06-19T15:01:31.602+0200: 2,256: Total time for which application threads were stopped: 0,0009872 seconds, Stopping threads took: 0,0008813 seconds
2018-06-19T15:01:31.684+0200: 2,338: Total time for which application threads were stopped: 0,0048214 seconds, Stopping threads took: 0,0042407 seconds
2018-06-19T15:01:31.686+0200: 2,341: Total time for which application threads were stopped: 0,0005370 seconds, Stopping threads took: 0,0000841 seconds
{Heap before GC invocations=3 (full 1):
 par new generation   total 109248K, used 99240K [0x00000000e0000000, 0x00000000e8000000, 0x00000000e8000000)
  eden space 87424K, 100% used [0x00000000e0000000, 0x00000000e5560000, 0x00000000e5560000)
  from space 21824K,  54% used [0x00000000e6ab0000, 0x00000000e763a178, 0x00000000e8000000)
  to   space 21824K,   0% used [0x00000000e5560000, 0x00000000e5560000, 0x00000000e6ab0000)
 concurrent mark-sweep generation total 393216K, used 0K [0x00000000e8000000, 0x0000000100000000, 0x0000000100000000)
 Metaspace       used 21912K, capacity 22262K, committed 22292K, reserved 1069056K
  class space    used 2526K, capacity 2666K, committed 2684K, reserved 1048576K
2018-06-19T15:01:31.780+0200: 2,434: [GC (Allocation Failure) 2018-06-19T15:01:31.780+0200: 2,434: [ParNew
Desired survivor size 20112992 bytes, new threshold 8 (max 8)
- age   1:    1778416 bytes,    1778416 total
- age   2:    1451320 bytes,    3229736 total
- age   3:     902560 bytes,    4132296 total
- age   4:    6063304 bytes,   10195600 total
: 99240K->12840K(109248K), 0,0278061 secs] 99240K->12840K(502464K), 0,0281741 secs] [Times: user=0,07 sys=0,00, real=0,03 secs] 
Heap after GC invocations=4 (full 1):
 par new generation   total 109248K, used 12840K [0x00000000e0000000, 0x00000000e8000000, 0x00000000e8000000)
  eden space 87424K,   0% used [0x00000000e0000000, 0x00000000e0000000, 0x00000000e5560000)
  from space 21824K,  58% used [0x00000000e5560000, 0x00000000e61ea1c0, 0x00000000e6ab0000)
  to   space 21824K,   0% used [0x00000000e6ab0000, 0x00000000e6ab0000, 0x00000000e8000000)
 concurrent mark-sweep generation total 393216K, used 0K [0x00000000e8000000, 0x0000000100000000, 0x0000000100000000)
 Metaspace       used 21912K, capacity 22262K, committed 22292K, reserved 1069056K
  class space    used 2526K, capacity 2666K, committed 2684K, reserved 1048576K
}
2018-06-19T15:01:31.808+0200: 2,463: Total time for which application threads were stopped: 0,0303347 seconds, Stopping threads took: 0,0013961 seconds
2018-06-19T15:01:31.825+0200: 2,479: Total time for which application threads were stopped: 0,0001849 seconds, Stopping threads took: 0,0000572 seconds
2018-06-19T15:01:31.941+0200: 2,596: Total time for which application threads were stopped: 0,0001731 seconds, Stopping threads took: 0,0000568 seconds
2018-06-19T15:01:31.942+0200: 2,596: Total time for which application threads were stopped: 0,0001600 seconds, Stopping threads took: 0,0000555 seconds
{Heap before GC invocations=4 (full 1):
 par new generation   total 109248K, used 100264K [0x00000000e0000000, 0x00000000e8000000, 0x00000000e8000000)
  eden space 87424K, 100% used [0x00000000e0000000, 0x00000000e5560000, 0x00000000e5560000)
  from space 21824K,  58% used [0x00000000e5560000, 0x00000000e61ea1c0, 0x00000000e6ab0000)
  to   space 21824K,   0% used [0x00000000e6ab0000, 0x00000000e6ab0000, 0x00000000e8000000)
 concurrent mark-sweep generation total 393216K, used 0K [0x00000000e8000000, 0x0000000100000000, 0x0000000100000000)
 Metaspace       used 22403K, capacity 22806K, committed 22956K, reserved 1069056K
  class space    used 2598K, capacity 2762K, committed 2836K, reserved 1048576K
2018-06-19T15:01:32.026+0200: 2,681: [GC (Allocation Failure) 2018-06-19T15:01:32.027+0200: 2,681: [ParNew2018-06-19T15:01:32.043+0200: 2,697: [CMS-concurrent-abortable-preclean: 0,282/0,454 secs] [Times: user=1,38 sys=0,04, real=0,46 secs] 

Desired survivor size 20112992 bytes, new threshold 8 (max 8)
- age   1:     972928 bytes,     972928 total
- age   2:     506808 bytes,    1479736 total
- age   3:    1451024 bytes,    2930760 total
- age   4:     900544 bytes,    3831304 total
- age   5:    6063160 bytes,    9894464 total
: 100264K->12952K(109248K), 0,0651998 secs] 100264K->12952K(502464K), 0,0653117 secs] [Times: user=0,06 sys=0,00, real=0,07 secs] 
Heap after GC invocations=5 (full 1):
 par new generation   total 109248K, used 12952K [0x00000000e0000000, 0x00000000e8000000, 0x00000000e8000000)
  eden space 87424K,   0% used [0x00000000e0000000, 0x00000000e0000000, 0x00000000e5560000)
  from space 21824K,  59% used [0x00000000e6ab0000, 0x00000000e77560e0, 0x00000000e8000000)
  to   space 21824K,   0% used [0x00000000e5560000, 0x00000000e5560000, 0x00000000e6ab0000)
 concurrent mark-sweep generation total 393216K, used 0K [0x00000000e8000000, 0x0000000100000000, 0x0000000100000000)
 Metaspace       used 22403K, capacity 22806K, committed 22956K, reserved 1069056K
  class space    used 2598K, capacity 2762K, committed 2836K, reserved 1048576K
}
2018-06-19T15:01:32.092+0200: 2,746: Total time for which application threads were stopped: 0,0706298 seconds, Stopping threads took: 0,0050567 seconds
2018-06-19T15:01:32.104+0200: 2,759: [GC (CMS Final Remark) [YG occupancy: 15475 K (109248 K)]{Heap before GC invocations=5 (full 1):
 par new generation   total 109248K, used 15475K [0x00000000e0000000, 0x00000000e8000000, 0x00000000e8000000)
  eden space 87424K,   2% used [0x00000000e0000000, 0x00000000e0276cb0, 0x00000000e5560000)
  from space 21824K,  59% used [0x00000000e6ab0000, 0x00000000e77560e0, 0x00000000e8000000)
  to   space 21824K,   0% used [0x00000000e5560000, 0x00000000e5560000, 0x00000000e6ab0000)
 concurrent mark-sweep generation total 393216K, used 0K [0x00000000e8000000, 0x0000000100000000, 0x0000000100000000)
 Metaspace       used 22403K, capacity 22806K, committed 22956K, reserved 1069056K
  class space    used 2598K, capacity 2762K, committed 2836K, reserved 1048576K
2018-06-19T15:01:32.104+0200: 2,759: [GC (CMS Final Remark) 2018-06-19T15:01:32.105+0200: 2,759: [ParNew
Desired survivor size 20112992 bytes, new threshold 8 (max 8)
- age   1:     547128 bytes,     547128 total
- age   2:     288216 bytes,     835344 total
- age   3:     506808 bytes,    1342152 total
- age   4:    1451024 bytes,    2793176 total
- age   5:     900544 bytes,    3693720 total
- age   6:    6063160 bytes,    9756880 total
: 15475K->13009K(109248K), 0,0538263 secs] 15475K->13009K(502464K), 0,0539879 secs] [Times: user=0,06 sys=0,00, real=0,05 secs] 
Heap after GC invocations=6 (full 1):
 par new generation   total 109248K, used 13009K [0x00000000e0000000, 0x00000000e8000000, 0x00000000e8000000)
  eden space 87424K,   0% used [0x00000000e0000000, 0x00000000e0000000, 0x00000000e5560000)
  from space 21824K,  59% used [0x00000000e5560000, 0x00000000e62147b0, 0x00000000e6ab0000)
  to   space 21824K,   0% used [0x00000000e6ab0000, 0x00000000e6ab0000, 0x00000000e8000000)
 concurrent mark-sweep generation total 393216K, used 0K [0x00000000e8000000, 0x0000000100000000, 0x0000000100000000)
 Metaspace       used 22403K, capacity 22806K, committed 22956K, reserved 1069056K
  class space    used 2598K, capacity 2762K, committed 2836K, reserved 1048576K
}
2018-06-19T15:01:32.158+0200: 2,813: [Rescan (parallel) , 0,0099633 secs]2018-06-19T15:01:32.168+0200: 2,823: [weak refs processing, 0,0148535 secs]2018-06-19T15:01:32.183+0200: 2,838: [class unloading, 0,0091994 secs]2018-06-19T15:01:32.193+0200: 2,847: [scrub symbol table, 0,0053813 secs]2018-06-19T15:01:32.198+0200: 2,852: [scrub string table, 0,0003824 secs][1 CMS-remark: 0K(393216K)] 13009K(502464K), 0,0947527 secs] [Times: user=0,12 sys=0,00, real=0,09 secs] 
2018-06-19T15:01:32.199+0200: 2,853: Total time for which application threads were stopped: 0,0959827 seconds, Stopping threads took: 0,0008119 seconds
2018-06-19T15:01:32.199+0200: 2,853: [CMS-concurrent-sweep-start]
2018-06-19T15:01:32.199+0200: 2,853: [CMS-concurrent-sweep: 0,000/0,000 secs] [Times: user=0,00 sys=0,00, real=0,00 secs] 
2018-06-19T15:01:32.199+0200: 2,853: [CMS-concurrent-reset-start]
2018-06-19T15:01:32.203+0200: 2,857: [CMS-concurrent-reset: 0,003/0,003 secs] [Times: user=0,01 sys=0,00, real=0,00 secs] 
2018-06-19T15:01:32.717+0200: 3,371: Total time for which application threads were stopped: 0,0006514 seconds, Stopping threads took: 0,0000427 seconds
2018-06-19T15:01:32.755+0200: 3,409: Total time for which application threads were stopped: 0,0015371 seconds, Stopping threads took: 0,0000614 seconds
{Heap before GC invocations=6 (full 1):
 par new generation   total 109248K, used 100433K [0x00000000e0000000, 0x00000000e8000000, 0x00000000e8000000)
  eden space 87424K, 100% used [0x00000000e0000000, 0x00000000e5560000, 0x00000000e5560000)
  from space 21824K,  59% used [0x00000000e5560000, 0x00000000e62147b0, 0x00000000e6ab0000)
  to   space 21824K,   0% used [0x00000000e6ab0000, 0x00000000e6ab0000, 0x00000000e8000000)
 concurrent mark-sweep generation total 393216K, used 0K [0x00000000e8000000, 0x0000000100000000, 0x0000000100000000)
 Metaspace       used 25880K, capacity 26314K, committed 26516K, reserved 1073152K
  class space    used 3031K, capacity 3202K, committed 3220K, reserved 1048576K
2018-06-19T15:01:33.347+0200: 4,001: [GC (Allocation Failure) 2018-06-19T15:01:33.347+0200: 4,001: [ParNew
Desired survivor size 20112992 bytes, new threshold 8 (max 8)
- age   1:    5124872 bytes,    5124872 total
- age   2:        352 bytes,    5125224 total
- age   3:     141472 bytes,    5266696 total
- age   4:     505208 bytes,    5771904 total
- age   5:     276216 bytes,    6048120 total
- age   6:     878272 bytes,    6926392 total
- age   7:    6056608 bytes,   12983000 total
: 100433K->16310K(109248K), 0,0575925 secs] 100433K->16310K(502464K), 0,0576916 secs] [Times: user=0,11 sys=0,00, real=0,06 secs] 
Heap after GC invocations=7 (full 1):
 par new generation   total 109248K, used 16310K [0x00000000e0000000, 0x00000000e8000000, 0x00000000e8000000)
  eden space 87424K,   0% used [0x00000000e0000000, 0x00000000e0000000, 0x00000000e5560000)
  from space 21824K,  74% used [0x00000000e6ab0000, 0x00000000e7a9da20, 0x00000000e8000000)
  to   space 21824K,   0% used [0x00000000e5560000, 0x00000000e5560000, 0x00000000e6ab0000)
 concurrent mark-sweep generation total 393216K, used 0K [0x00000000e8000000, 0x0000000100000000, 0x0000000100000000)
 Metaspace       used 25880K, capacity 26314K, committed 26516K, reserved 1073152K
  class space    used 3031K, capacity 3202K, committed 3220K, reserved 1048576K
}
2018-06-19T15:01:33.405+0200: 4,059: Total time for which application threads were stopped: 0,0598091 seconds, Stopping threads took: 0,0017957 seconds
2018-06-19T15:01:33.411+0200: 4,066: Total time for which application threads were stopped: 0,0006549 seconds, Stopping threads took: 0,0000694 seconds
2018-06-19T15:01:33.430+0200: 4,085: Total time for which application threads were stopped: 0,0024919 seconds, Stopping threads took: 0,0023092 seconds
2018-06-19T15:01:33.434+0200: 4,088: Total time for which application threads were stopped: 0,0001935 seconds, Stopping threads took: 0,0000536 seconds
2018-06-19T15:01:33.434+0200: 4,089: Total time for which application threads were stopped: 0,0001249 seconds, Stopping threads took: 0,0000354 seconds
2018-06-19T15:01:33.437+0200: 4,091: Total time for which application threads were stopped: 0,0002444 seconds, Stopping threads took: 0,0000496 seconds
2018-06-19T15:01:33.437+0200: 4,091: Total time for which application threads were stopped: 0,0001261 seconds, Stopping threads took: 0,0000289 seconds
2018-06-19T15:01:33.440+0200: 4,094: Total time for which application threads were stopped: 0,0013073 seconds, Stopping threads took: 0,0011589 seconds
2018-06-19T15:01:33.440+0200: 4,095: Total time for which application threads were stopped: 0,0001668 seconds, Stopping threads took: 0,0000367 seconds
2018-06-19T15:01:33.443+0200: 4,097: Total time for which application threads were stopped: 0,0023366 seconds, Stopping threads took: 0,0021414 seconds
2018-06-19T15:01:33.443+0200: 4,098: Total time for which application threads were stopped: 0,0001599 seconds, Stopping threads took: 0,0000393 seconds
2018-06-19T15:01:33.447+0200: 4,101: Total time for which application threads were stopped: 0,0029644 seconds, Stopping threads took: 0,0027959 seconds
2018-06-19T15:01:33.447+0200: 4,102: Total time for which application threads were stopped: 0,0001514 seconds, Stopping threads took: 0,0000316 seconds
2018-06-19T15:01:33.447+0200: 4,102: Total time for which application threads were stopped: 0,0001207 seconds, Stopping threads took: 0,0000246 seconds
2018-06-19T15:01:33.448+0200: 4,102: Total time for which application threads were stopped: 0,0001278 seconds, Stopping threads took: 0,0000465 seconds
2018-06-19T15:01:33.448+0200: 4,103: Total time for which application threads were stopped: 0,0001076 seconds, Stopping threads took: 0,0000197 seconds
2018-06-19T15:01:33.449+0200: 4,103: Total time for which application threads were stopped: 0,0001316 seconds, Stopping threads took: 0,0000428 seconds
2018-06-19T15:01:33.449+0200: 4,103: Total time for which application threads were stopped: 0,0000884 seconds, Stopping threads took: 0,0000148 seconds
2018-06-19T15:01:33.449+0200: 4,103: Total time for which application threads were stopped: 0,0000846 seconds, Stopping threads took: 0,0000136 seconds
2018-06-19T15:01:33.449+0200: 4,104: Total time for which application threads were stopped: 0,0001082 seconds, Stopping threads took: 0,0000162 seconds
2018-06-19T15:01:33.450+0200: 4,104: Total time for which application threads were stopped: 0,0002805 seconds, Stopping threads took: 0,0000180 seconds
2018-06-19T15:01:33.450+0200: 4,104: Total time for which application threads were stopped: 0,0000949 seconds, Stopping threads took: 0,0000164 seconds
2018-06-19T15:01:33.450+0200: 4,104: Total time for which application threads were stopped: 0,0000836 seconds, Stopping threads took: 0,0000133 seconds
2018-06-19T15:01:33.452+0200: 4,106: Total time for which application threads were stopped: 0,0002003 seconds, Stopping threads took: 0,0000691 seconds
2018-06-19T15:01:33.452+0200: 4,106: Total time for which application threads were stopped: 0,0001061 seconds, Stopping threads took: 0,0000189 seconds
2018-06-19T15:01:33.452+0200: 4,106: Total time for which application threads were stopped: 0,0001131 seconds, Stopping threads took: 0,0000212 seconds
2018-06-19T15:01:33.452+0200: 4,107: Total time for which application threads were stopped: 0,0001038 seconds, Stopping threads took: 0,0000154 seconds
2018-06-19T15:01:33.452+0200: 4,107: Total time for which application threads were stopped: 0,0000886 seconds, Stopping threads took: 0,0000127 seconds
2018-06-19T15:01:33.453+0200: 4,107: Total time for which application threads were stopped: 0,0001148 seconds, Stopping threads took: 0,0000162 seconds
2018-06-19T15:01:33.453+0200: 4,108: Total time for which application threads were stopped: 0,0001181 seconds, Stopping threads took: 0,0000229 seconds
2018-06-19T15:01:33.453+0200: 4,108: Total time for which application threads were stopped: 0,0001218 seconds, Stopping threads took: 0,0000348 seconds
2018-06-19T15:01:33.454+0200: 4,108: Total time for which application threads were stopped: 0,0000862 seconds, Stopping threads took: 0,0000182 seconds
2018-06-19T15:01:33.454+0200: 4,108: Total time for which application threads were stopped: 0,0000780 seconds, Stopping threads took: 0,0000117 seconds
2018-06-19T15:01:33.454+0200: 4,109: Total time for which application threads were stopped: 0,0001151 seconds, Stopping threads took: 0,0000211 seconds
2018-06-19T15:01:33.454+0200: 4,109: Total time for which application threads were stopped: 0,0000728 seconds, Stopping threads took: 0,0000151 seconds
2018-06-19T15:01:33.455+0200: 4,109: Total time for which application threads were stopped: 0,0003667 seconds, Stopping threads took: 0,0000135 seconds
2018-06-19T15:01:33.471+0200: 4,125: Total time for which application threads were stopped: 0,0079507 seconds, Stopping threads took: 0,0077984 seconds
2018-06-19T15:01:33.472+0200: 4,126: Total time for which application threads were stopped: 0,0001581 seconds, Stopping threads took: 0,0000324 seconds
2018-06-19T15:01:33.472+0200: 4,127: Total time for which application threads were stopped: 0,0001428 seconds, Stopping threads took: 0,0000353 seconds
2018-06-19T15:01:33.473+0200: 4,127: Total time for which application threads were stopped: 0,0002727 seconds, Stopping threads took: 0,0000348 seconds
2018-06-19T15:01:33.486+0200: 4,141: Total time for which application threads were stopped: 0,0034563 seconds, Stopping threads took: 0,0032925 seconds
2018-06-19T15:01:33.489+0200: 4,143: Total time for which application threads were stopped: 0,0013279 seconds, Stopping threads took: 0,0011628 seconds
2018-06-19T15:01:33.493+0200: 4,147: Total time for which application threads were stopped: 0,0002684 seconds, Stopping threads took: 0,0000555 seconds
2018-06-19T15:01:33.494+0200: 4,149: Total time for which application threads were stopped: 0,0013246 seconds, Stopping threads took: 0,0011192 seconds
2018-06-19T15:01:33.508+0200: 4,163: Total time for which application threads were stopped: 0,0004429 seconds, Stopping threads took: 0,0003322 seconds
2018-06-19T15:01:33.508+0200: 4,163: Total time for which application threads were stopped: 0,0000716 seconds, Stopping threads took: 0,0000277 seconds
2018-06-19T15:01:33.508+0200: 4,163: Total time for which application threads were stopped: 0,0000942 seconds, Stopping threads took: 0,0000226 seconds
2018-06-19T15:01:33.509+0200: 4,163: Total time for which application threads were stopped: 0,0001202 seconds, Stopping threads took: 0,0000298 seconds
2018-06-19T15:01:33.524+0200: 4,179: Total time for which application threads were stopped: 0,0131726 seconds, Stopping threads took: 0,0123766 seconds
2018-06-19T15:01:33.527+0200: 4,182: Total time for which application threads were stopped: 0,0003719 seconds, Stopping threads took: 0,0000906 seconds
2018-06-19T15:01:33.529+0200: 4,184: Total time for which application threads were stopped: 0,0003369 seconds, Stopping threads took: 0,0001202 seconds
2018-06-19T15:01:33.534+0200: 4,188: Total time for which application threads were stopped: 0,0001840 seconds, Stopping threads took: 0,0000515 seconds
2018-06-19T15:01:33.535+0200: 4,189: Total time for which application threads were stopped: 0,0002498 seconds, Stopping threads took: 0,0000254 seconds
2018-06-19T15:01:33.535+0200: 4,189: Total time for which application threads were stopped: 0,0001263 seconds, Stopping threads took: 0,0000167 seconds
2018-06-19T15:01:33.535+0200: 4,189: Total time for which application threads were stopped: 0,0001046 seconds, Stopping threads took: 0,0000203 seconds
2018-06-19T15:01:33.535+0200: 4,190: Total time for which application threads were stopped: 0,0001213 seconds, Stopping threads took: 0,0000226 seconds
2018-06-19T15:01:33.536+0200: 4,190: Total time for which application threads were stopped: 0,0002275 seconds, Stopping threads took: 0,0000196 seconds
2018-06-19T15:01:33.612+0200: 4,267: Total time for which application threads were stopped: 0,0064066 seconds, Stopping threads took: 0,0053158 seconds
2018-06-19T15:01:33.619+0200: 4,273: Total time for which application threads were stopped: 0,0001621 seconds, Stopping threads took: 0,0000363 seconds
2018-06-19T15:01:33.629+0200: 4,284: Total time for which application threads were stopped: 0,0015965 seconds, Stopping threads took: 0,0006474 seconds
2018-06-19T15:01:33.637+0200: 4,291: Total time for which application threads were stopped: 0,0013026 seconds, Stopping threads took: 0,0011628 seconds
2018-06-19T15:01:33.639+0200: 4,294: Total time for which application threads were stopped: 0,0002700 seconds, Stopping threads took: 0,0001450 seconds
2018-06-19T15:01:33.713+0200: 4,367: Total time for which application threads were stopped: 0,0088987 seconds, Stopping threads took: 0,0079554 seconds
2018-06-19T15:01:33.789+0200: 4,443: Total time for which application threads were stopped: 0,0009212 seconds, Stopping threads took: 0,0004439 seconds
2018-06-19T15:01:33.809+0200: 4,463: Total time for which application threads were stopped: 0,0064076 seconds, Stopping threads took: 0,0062167 seconds
2018-06-19T15:01:33.815+0200: 4,469: Total time for which application threads were stopped: 0,0045634 seconds, Stopping threads took: 0,0040287 seconds
2018-06-19T15:01:33.825+0200: 4,480: Total time for which application threads were stopped: 0,0012402 seconds, Stopping threads took: 0,0004613 seconds
2018-06-19T15:01:33.832+0200: 4,487: Total time for which application threads were stopped: 0,0010973 seconds, Stopping threads took: 0,0010019 seconds
2018-06-19T15:01:33.839+0200: 4,493: Total time for which application threads were stopped: 0,0003080 seconds, Stopping threads took: 0,0001832 seconds
2018-06-19T15:01:33.935+0200: 4,589: Total time for which application threads were stopped: 0,0007159 seconds, Stopping threads took: 0,0001282 seconds
2018-06-19T15:01:33.969+0200: 4,623: Total time for which application threads were stopped: 0,0004843 seconds, Stopping threads took: 0,0000399 seconds
2018-06-19T15:01:34.046+0200: 4,700: Total time for which application threads were stopped: 0,0006151 seconds, Stopping threads took: 0,0000609 seconds
2018-06-19T15:01:34.051+0200: 4,705: Total time for which application threads were stopped: 0,0037592 seconds, Stopping threads took: 0,0036637 seconds
2018-06-19T15:01:34.058+0200: 4,712: Total time for which application threads were stopped: 0,0020221 seconds, Stopping threads took: 0,0018989 seconds
2018-06-19T15:01:34.065+0200: 4,719: Total time for which application threads were stopped: 0,0001450 seconds, Stopping threads took: 0,0000556 seconds
2018-06-19T15:01:34.083+0200: 4,738: Total time for which application threads were stopped: 0,0001746 seconds, Stopping threads took: 0,0000590 seconds
2018-06-19T15:01:34.118+0200: 4,772: Total time for which application threads were stopped: 0,0016447 seconds, Stopping threads took: 0,0015061 seconds
2018-06-19T15:01:34.123+0200: 4,777: Total time for which application threads were stopped: 0,0001807 seconds, Stopping threads took: 0,0000472 seconds
2018-06-19T15:01:34.167+0200: 4,822: Total time for which application threads were stopped: 0,0030548 seconds, Stopping threads took: 0,0025667 seconds
{Heap before GC invocations=7 (full 1):
 par new generation   total 109248K, used 103734K [0x00000000e0000000, 0x00000000e8000000, 0x00000000e8000000)
  eden space 87424K, 100% used [0x00000000e0000000, 0x00000000e5560000, 0x00000000e5560000)
  from space 21824K,  74% used [0x00000000e6ab0000, 0x00000000e7a9da20, 0x00000000e8000000)
  to   space 21824K,   0% used [0x00000000e5560000, 0x00000000e5560000, 0x00000000e6ab0000)
 concurrent mark-sweep generation total 393216K, used 0K [0x00000000e8000000, 0x0000000100000000, 0x0000000100000000)
 Metaspace       used 29666K, capacity 30288K, committed 30612K, reserved 1077248K
  class space    used 3425K, capacity 3627K, committed 3732K, reserved 1048576K
2018-06-19T15:01:34.293+0200: 4,947: [GC (Allocation Failure) 2018-06-19T15:01:34.293+0200: 4,947: [ParNew
Desired survivor size 20112992 bytes, new threshold 8 (max 8)
- age   1:   12905200 bytes,   12905200 total
- age   2:    1785072 bytes,   14690272 total
- age   3:        352 bytes,   14690624 total
- age   4:     113072 bytes,   14803696 total
- age   5:     466976 bytes,   15270672 total
- age   6:     244312 bytes,   15514984 total
- age   7:     869464 bytes,   16384448 total
- age   8:    5951680 bytes,   22336128 total
: 103734K->21824K(109248K), 0,0367331 secs] 103734K->24135K(502464K), 0,0368193 secs] [Times: user=0,13 sys=0,01, real=0,03 secs] 
Heap after GC invocations=8 (full 1):
 par new generation   total 109248K, used 21824K [0x00000000e0000000, 0x00000000e8000000, 0x00000000e8000000)
  eden space 87424K,   0% used [0x00000000e0000000, 0x00000000e0000000, 0x00000000e5560000)
  from space 21824K, 100% used [0x00000000e5560000, 0x00000000e6ab0000, 0x00000000e6ab0000)
  to   space 21824K,   0% used [0x00000000e6ab0000, 0x00000000e6ab0000, 0x00000000e8000000)
 concurrent mark-sweep generation total 393216K, used 2311K [0x00000000e8000000, 0x0000000100000000, 0x0000000100000000)
 Metaspace       used 29666K, capacity 30288K, committed 30612K, reserved 1077248K
  class space    used 3425K, capacity 3627K, committed 3732K, reserved 1048576K
}
2018-06-19T15:01:34.329+0200: 4,984: Total time for which application threads were stopped: 0,0371081 seconds, Stopping threads took: 0,0000376 seconds
2018-06-19T15:01:34.335+0200: 4,989: Total time for which application threads were stopped: 0,0045161 seconds, Stopping threads took: 0,0043606 seconds
2018-06-19T15:01:34.342+0200: 4,996: Total time for which application threads were stopped: 0,0001602 seconds, Stopping threads took: 0,0000627 seconds
2018-06-19T15:01:34.342+0200: 4,996: Total time for which application threads were stopped: 0,0000883 seconds, Stopping threads took: 0,0000411 seconds
{Heap before GC invocations=8 (full 1):
 par new generation   total 109248K, used 109248K [0x00000000e0000000, 0x00000000e8000000, 0x00000000e8000000)
  eden space 87424K, 100% used [0x00000000e0000000, 0x00000000e5560000, 0x00000000e5560000)
  from space 21824K, 100% used [0x00000000e5560000, 0x00000000e6ab0000, 0x00000000e6ab0000)
  to   space 21824K,   0% used [0x00000000e6ab0000, 0x00000000e6ab0000, 0x00000000e8000000)
 concurrent mark-sweep generation total 393216K, used 2311K [0x00000000e8000000, 0x0000000100000000, 0x0000000100000000)
 Metaspace       used 29699K, capacity 30300K, committed 30612K, reserved 1077248K
  class space    used 3426K, capacity 3629K, committed 3732K, reserved 1048576K
2018-06-19T15:01:34.411+0200: 5,066: [GC (Allocation Failure) 2018-06-19T15:01:34.411+0200: 5,066: [ParNew
Desired survivor size 20112992 bytes, new threshold 8 (max 8)
- age   1:    1078600 bytes,    1078600 total
- age   2:   12474880 bytes,   13553480 total
- age   3:    1782432 bytes,   15335912 total
- age   4:        352 bytes,   15336264 total
- age   5:     113072 bytes,   15449336 total
- age   6:     466872 bytes,   15916208 total
- age   7:     244312 bytes,   16160520 total
- age   8:     869528 bytes,   17030048 total
: 109248K->21221K(109248K), 0,0931296 secs] 111559K->29865K(502464K), 0,0932726 secs] [Times: user=0,21 sys=0,00, real=0,09 secs] 
Heap after GC invocations=9 (full 1):
 par new generation   total 109248K, used 21221K [0x00000000e0000000, 0x00000000e8000000, 0x00000000e8000000)
  eden space 87424K,   0% used [0x00000000e0000000, 0x00000000e0000000, 0x00000000e5560000)
  from space 21824K,  97% used [0x00000000e6ab0000, 0x00000000e7f697d0, 0x00000000e8000000)
  to   space 21824K,   0% used [0x00000000e5560000, 0x00000000e5560000, 0x00000000e6ab0000)
 concurrent mark-sweep generation total 393216K, used 8643K [0x00000000e8000000, 0x0000000100000000, 0x0000000100000000)
 Metaspace       used 29699K, capacity 30300K, committed 30612K, reserved 1077248K
  class space    used 3426K, capacity 3629K, committed 3732K, reserved 1048576K
}
2018-06-19T15:01:34.505+0200: 5,159: Total time for which application threads were stopped: 0,0935806 seconds, Stopping threads took: 0,0000445 seconds
2018-06-19T15:01:34.595+0200: 5,249: Total time for which application threads were stopped: 0,0029798 seconds, Stopping threads took: 0,0028108 seconds
{Heap before GC invocations=9 (full 1):
 par new generation   total 109248K, used 108645K [0x00000000e0000000, 0x00000000e8000000, 0x00000000e8000000)
  eden space 87424K, 100% used [0x00000000e0000000, 0x00000000e5560000, 0x00000000e5560000)
  from space 21824K,  97% used [0x00000000e6ab0000, 0x00000000e7f697d0, 0x00000000e8000000)
  to   space 21824K,   0% used [0x00000000e5560000, 0x00000000e5560000, 0x00000000e6ab0000)
 concurrent mark-sweep generation total 393216K, used 8643K [0x00000000e8000000, 0x0000000100000000, 0x0000000100000000)
 Metaspace       used 29768K, capacity 30390K, committed 30612K, reserved 1077248K
  class space    used 3429K, capacity 3634K, committed 3732K, reserved 1048576K
2018-06-19T15:01:34.624+0200: 5,278: [GC (Allocation Failure) 2018-06-19T15:01:34.624+0200: 5,278: [ParNew
Desired survivor size 20112992 bytes, new threshold 8 (max 8)
- age   1:     571824 bytes,     571824 total
- age   2:     559448 bytes,    1131272 total
- age   3:   12474880 bytes,   13606152 total
- age   4:    1782432 bytes,   15388584 total
- age   5:        352 bytes,   15388936 total
- age   6:     113072 bytes,   15502008 total
- age   7:     466768 bytes,   15968776 total
- age   8:     244312 bytes,   16213088 total
: 108645K->21824K(109248K), 0,0555277 secs] 117289K->31329K(502464K), 0,0556473 secs] [Times: user=0,21 sys=0,01, real=0,05 secs] 
Heap after GC invocations=10 (full 1):
 par new generation   total 109248K, used 21824K [0x00000000e0000000, 0x00000000e8000000, 0x00000000e8000000)
  eden space 87424K,   0% used [0x00000000e0000000, 0x00000000e0000000, 0x00000000e5560000)
  from space 21824K, 100% used [0x00000000e5560000, 0x00000000e6ab0000, 0x00000000e6ab0000)
  to   space 21824K,   0% used [0x00000000e6ab0000, 0x00000000e6ab0000, 0x00000000e8000000)
 concurrent mark-sweep generation total 393216K, used 9505K [0x00000000e8000000, 0x0000000100000000, 0x0000000100000000)
 Metaspace       used 29768K, capacity 30390K, committed 30612K, reserved 1077248K
  class space    used 3429K, capacity 3634K, committed 3732K, reserved 1048576K
}
2018-06-19T15:01:34.680+0200: 5,334: Total time for which application threads were stopped: 0,0559630 seconds, Stopping threads took: 0,0000608 seconds
2018-06-19T15:01:34.735+0200: 5,389: Total time for which application threads were stopped: 0,0034969 seconds, Stopping threads took: 0,0033007 seconds
2018-06-19T15:01:34.757+0200: 5,412: Total time for which application threads were stopped: 0,0013826 seconds, Stopping threads took: 0,0012652 seconds
2018-06-19T15:01:34.788+0200: 5,442: Total time for which application threads were stopped: 0,0001792 seconds, Stopping threads took: 0,0000571 seconds
2018-06-19T15:01:34.811+0200: 5,465: Total time for which application threads were stopped: 0,0001536 seconds, Stopping threads took: 0,0000495 seconds
2018-06-19T15:01:35.812+0200: 6,466: Total time for which application threads were stopped: 0,0001005 seconds, Stopping threads took: 0,0000226 seconds
2018-06-19T15:01:38.866+0200: 9,521: Total time for which application threads were stopped: 0,0001086 seconds, Stopping threads took: 0,0000247 seconds
2018-06-19T15:01:38.872+0200: 9,526: Total time for which application threads were stopped: 0,0002154 seconds, Stopping threads took: 0,0000644 seconds
2018-06-19T15:01:39.872+0200: 10,527: Total time for which application threads were stopped: 0,0000914 seconds, Stopping threads took: 0,0000215 seconds
2018-06-19T15:01:41.873+0200: 12,527: Total time for which application threads were stopped: 0,0000971 seconds, Stopping threads took: 0,0000178 seconds
2018-06-19T15:01:42.873+0200: 13,527: Total time for which application threads were stopped: 0,0000923 seconds, Stopping threads took: 0,0000224 seconds
2018-06-19T15:01:48.874+0200: 19,528: Total time for which application threads were stopped: 0,0000938 seconds, Stopping threads took: 0,0000190 seconds
2018-06-19T15:02:14.580+0200: 45,234: Total time for which application threads were stopped: 0,0003863 seconds, Stopping threads took: 0,0000143 seconds
2018-06-19T15:02:14.585+0200: 45,240: Total time for which application threads were stopped: 0,0000741 seconds, Stopping threads took: 0,0000231 seconds
2018-06-19T15:02:14.585+0200: 45,240: Total time for which application threads were stopped: 0,0000457 seconds, Stopping threads took: 0,0000171 seconds
2018-06-19T15:02:14.586+0200: 45,240: Total time for which application threads were stopped: 0,0000422 seconds, Stopping threads took: 0,0000166 seconds
2018-06-19T15:02:14.587+0200: 45,241: Total time for which application threads were stopped: 0,0000867 seconds, Stopping threads took: 0,0000391 seconds
2018-06-19T15:02:14.587+0200: 45,241: Total time for which application threads were stopped: 0,0000490 seconds, Stopping threads took: 0,0000204 seconds
2018-06-19T15:02:14.587+0200: 45,241: Total time for which application threads were stopped: 0,0000452 seconds, Stopping threads took: 0,0000220 seconds
2018-06-19T15:02:14.587+0200: 45,241: Total time for which application threads were stopped: 0,0000431 seconds, Stopping threads took: 0,0000193 seconds
2018-06-19T15:02:14.590+0200: 45,244: Total time for which application threads were stopped: 0,0000814 seconds, Stopping threads took: 0,0000300 seconds
2018-06-19T15:02:14.591+0200: 45,245: Total time for which application threads were stopped: 0,0000579 seconds, Stopping threads took: 0,0000223 seconds
2018-06-19T15:02:14.591+0200: 45,245: Total time for which application threads were stopped: 0,0000652 seconds, Stopping threads took: 0,0000151 seconds
2018-06-19T15:02:14.591+0200: 45,246: Total time for which application threads were stopped: 0,0000520 seconds, Stopping threads took: 0,0000288 seconds
2018-06-19T15:02:14.591+0200: 45,246: Total time for which application threads were stopped: 0,0000429 seconds, Stopping threads took: 0,0000191 seconds
2018-06-19T15:02:14.592+0200: 45,246: Total time for which application threads were stopped: 0,0000369 seconds, Stopping threads took: 0,0000131 seconds
2018-06-19T15:02:14.592+0200: 45,246: Total time for which application threads were stopped: 0,0000339 seconds, Stopping threads took: 0,0000102 seconds
2018-06-19T15:02:14.593+0200: 45,247: Total time for which application threads were stopped: 0,0000579 seconds, Stopping threads took: 0,0000227 seconds
2018-06-19T15:02:14.637+0200: 45,292: Total time for which application threads were stopped: 0,0001426 seconds, Stopping threads took: 0,0000301 seconds
2018-06-19T15:02:14.645+0200: 45,300: Total time for which application threads were stopped: 0,0001427 seconds, Stopping threads took: 0,0000545 seconds
2018-06-19T15:02:14.653+0200: 45,307: Total time for which application threads were stopped: 0,0001154 seconds, Stopping threads took: 0,0000370 seconds
2018-06-19T15:02:14.656+0200: 45,311: Total time for which application threads were stopped: 0,0001113 seconds, Stopping threads took: 0,0000352 seconds
2018-06-19T15:02:14.696+0200: 45,351: Total time for which application threads were stopped: 0,0001209 seconds, Stopping threads took: 0,0000474 seconds
2018-06-19T15:02:14.697+0200: 45,351: Total time for which application threads were stopped: 0,0000748 seconds, Stopping threads took: 0,0000411 seconds
2018-06-19T15:02:14.697+0200: 45,351: Total time for which application threads were stopped: 0,0000776 seconds, Stopping threads took: 0,0000287 seconds
2018-06-19T15:02:14.723+0200: 45,377: Total time for which application threads were stopped: 0,0001619 seconds, Stopping threads took: 0,0000853 seconds
2018-06-19T15:02:14.723+0200: 45,377: Total time for which application threads were stopped: 0,0001752 seconds, Stopping threads took: 0,0001130 seconds
2018-06-19T15:02:14.723+0200: 45,377: Total time for which application threads were stopped: 0,0001131 seconds, Stopping threads took: 0,0000783 seconds
2018-06-19T15:02:14.723+0200: 45,378: Total time for which application threads were stopped: 0,0000427 seconds, Stopping threads took: 0,0000170 seconds
2018-06-19T15:02:14.725+0200: 45,379: Total time for which application threads were stopped: 0,0000810 seconds, Stopping threads took: 0,0000220 seconds
2018-06-19T15:02:14.725+0200: 45,379: Total time for which application threads were stopped: 0,0000675 seconds, Stopping threads took: 0,0000150 seconds
2018-06-19T15:02:14.725+0200: 45,379: Total time for which application threads were stopped: 0,0001506 seconds, Stopping threads took: 0,0000961 seconds
2018-06-19T15:02:14.725+0200: 45,379: Total time for which application threads were stopped: 0,0000535 seconds, Stopping threads took: 0,0000154 seconds
2018-06-19T15:02:14.725+0200: 45,380: Total time for which application threads were stopped: 0,0000360 seconds, Stopping threads took: 0,0000097 seconds
2018-06-19T15:02:14.725+0200: 45,380: Total time for which application threads were stopped: 0,0000289 seconds, Stopping threads took: 0,0000080 seconds
2018-06-19T15:02:14.725+0200: 45,380: Total time for which application threads were stopped: 0,0000339 seconds, Stopping threads took: 0,0000117 seconds
2018-06-19T15:02:14.726+0200: 45,380: Total time for which application threads were stopped: 0,0000588 seconds, Stopping threads took: 0,0000256 seconds
2018-06-19T15:02:14.726+0200: 45,380: Total time for which application threads were stopped: 0,0000399 seconds, Stopping threads took: 0,0000166 seconds
2018-06-19T15:02:14.726+0200: 45,380: Total time for which application threads were stopped: 0,0000402 seconds, Stopping threads took: 0,0000174 seconds
2018-06-19T15:02:14.726+0200: 45,380: Total time for which application threads were stopped: 0,0000436 seconds, Stopping threads took: 0,0000123 seconds
2018-06-19T15:02:14.726+0200: 45,380: Total time for which application threads were stopped: 0,0000348 seconds, Stopping threads took: 0,0000114 seconds
2018-06-19T15:02:14.726+0200: 45,380: Total time for which application threads were stopped: 0,0000300 seconds, Stopping threads took: 0,0000091 seconds
2018-06-19T15:02:14.726+0200: 45,381: Total time for which application threads were stopped: 0,0000427 seconds, Stopping threads took: 0,0000115 seconds
2018-06-19T15:02:14.726+0200: 45,381: Total time for which application threads were stopped: 0,0000424 seconds, Stopping threads took: 0,0000185 seconds
2018-06-19T15:02:14.726+0200: 45,381: Total time for which application threads were stopped: 0,0000400 seconds, Stopping threads took: 0,0000187 seconds
2018-06-19T15:02:14.727+0200: 45,381: Total time for which application threads were stopped: 0,0000407 seconds, Stopping threads took: 0,0000106 seconds
2018-06-19T15:02:14.727+0200: 45,381: Total time for which application threads were stopped: 0,0001436 seconds, Stopping threads took: 0,0000137 seconds
2018-06-19T15:02:14.791+0200: 45,445: Total time for which application threads were stopped: 0,0001108 seconds, Stopping threads took: 0,0000267 seconds
2018-06-19T15:02:14.801+0200: 45,455: Total time for which application threads were stopped: 0,0001161 seconds, Stopping threads took: 0,0000399 seconds
2018-06-19T15:02:14.809+0200: 45,463: Total time for which application threads were stopped: 0,0004103 seconds, Stopping threads took: 0,0000209 seconds
2018-06-19T15:02:14.810+0200: 45,464: Total time for which application threads were stopped: 0,0003709 seconds, Stopping threads took: 0,0000138 seconds
2018-06-19T15:02:14.817+0200: 45,471: Total time for which application threads were stopped: 0,0001138 seconds, Stopping threads took: 0,0000355 seconds
2018-06-19T15:02:14.818+0200: 45,472: Total time for which application threads were stopped: 0,0001087 seconds, Stopping threads took: 0,0000342 seconds
2018-06-19T15:02:14.819+0200: 45,474: Total time for which application threads were stopped: 0,0000864 seconds, Stopping threads took: 0,0000259 seconds
2018-06-19T15:02:14.820+0200: 45,475: Total time for which application threads were stopped: 0,0000715 seconds, Stopping threads took: 0,0000200 seconds
2018-06-19T15:02:14.821+0200: 45,476: Total time for which application threads were stopped: 0,0000933 seconds, Stopping threads took: 0,0000386 seconds
2018-06-19T15:02:14.823+0200: 45,477: Total time for which application threads were stopped: 0,0000788 seconds, Stopping threads took: 0,0000283 seconds
2018-06-19T15:02:14.824+0200: 45,478: Total time for which application threads were stopped: 0,0001352 seconds, Stopping threads took: 0,0000691 seconds
2018-06-19T15:02:14.826+0200: 45,480: Total time for which application threads were stopped: 0,0001118 seconds, Stopping threads took: 0,0000268 seconds
2018-06-19T15:02:14.827+0200: 45,481: Total time for which application threads were stopped: 0,0000971 seconds, Stopping threads took: 0,0000267 seconds
2018-06-19T15:02:14.828+0200: 45,482: Total time for which application threads were stopped: 0,0000998 seconds, Stopping threads took: 0,0000346 seconds
2018-06-19T15:02:14.829+0200: 45,484: Total time for which application threads were stopped: 0,0001479 seconds, Stopping threads took: 0,0000531 seconds
2018-06-19T15:02:14.831+0200: 45,485: Total time for which application threads were stopped: 0,0001568 seconds, Stopping threads took: 0,0000706 seconds
2018-06-19T15:02:14.832+0200: 45,487: Total time for which application threads were stopped: 0,0001341 seconds, Stopping threads took: 0,0000561 seconds
2018-06-19T15:02:14.833+0200: 45,488: Total time for which application threads were stopped: 0,0001087 seconds, Stopping threads took: 0,0000385 seconds
2018-06-19T15:02:14.835+0200: 45,489: Total time for which application threads were stopped: 0,0000873 seconds, Stopping threads took: 0,0000232 seconds
2018-06-19T15:02:14.836+0200: 45,490: Total time for which application threads were stopped: 0,0001024 seconds, Stopping threads took: 0,0000422 seconds
2018-06-19T15:02:14.837+0200: 45,491: Total time for which application threads were stopped: 0,0000861 seconds, Stopping threads took: 0,0000250 seconds
2018-06-19T15:02:14.838+0200: 45,492: Total time for which application threads were stopped: 0,0001056 seconds, Stopping threads took: 0,0000493 seconds
2018-06-19T15:02:14.839+0200: 45,493: Total time for which application threads were stopped: 0,0002524 seconds, Stopping threads took: 0,0000304 seconds
2018-06-19T15:02:15.023+0200: 45,678: Total time for which application threads were stopped: 0,0001875 seconds, Stopping threads took: 0,0000237 seconds
{Heap before GC invocations=10 (full 1):
 par new generation   total 109248K, used 109248K [0x00000000e0000000, 0x00000000e8000000, 0x00000000e8000000)
  eden space 87424K, 100% used [0x00000000e0000000, 0x00000000e5560000, 0x00000000e5560000)
  from space 21824K, 100% used [0x00000000e5560000, 0x00000000e6ab0000, 0x00000000e6ab0000)
  to   space 21824K,   0% used [0x00000000e6ab0000, 0x00000000e6ab0000, 0x00000000e8000000)
 concurrent mark-sweep generation total 393216K, used 9505K [0x00000000e8000000, 0x0000000100000000, 0x0000000100000000)
 Metaspace       used 31350K, capacity 32044K, committed 32276K, reserved 1077248K
  class space    used 3567K, capacity 3777K, committed 3860K, reserved 1048576K
2018-06-19T15:02:15.131+0200: 45,785: [GC (Allocation Failure) 2018-06-19T15:02:15.131+0200: 45,785: [ParNew
Desired survivor size 20112992 bytes, new threshold 5 (max 8)
- age   1:    6683160 bytes,    6683160 total
- age   2:     379168 bytes,    7062328 total
- age   3:     170120 bytes,    7232448 total
- age   4:   12015736 bytes,   19248184 total
- age   5:    1758856 bytes,   21007040 total
- age   6:        352 bytes,   21007392 total
- age   7:     112656 bytes,   21120048 total
- age   8:     453704 bytes,   21573752 total
: 109248K->21824K(109248K), 0,0237142 secs] 118753K->32232K(502464K), 0,0238245 secs] [Times: user=0,09 sys=0,00, real=0,02 secs] 
Heap after GC invocations=11 (full 1):
 par new generation   total 109248K, used 21824K [0x00000000e0000000, 0x00000000e8000000, 0x00000000e8000000)
  eden space 87424K,   0% used [0x00000000e0000000, 0x00000000e0000000, 0x00000000e5560000)
  from space 21824K, 100% used [0x00000000e6ab0000, 0x00000000e8000000, 0x00000000e8000000)
  to   space 21824K,   0% used [0x00000000e5560000, 0x00000000e5560000, 0x00000000e6ab0000)
 concurrent mark-sweep generation total 393216K, used 10408K [0x00000000e8000000, 0x0000000100000000, 0x0000000100000000)
 Metaspace       used 31350K, capacity 32044K, committed 32276K, reserved 1077248K
  class space    used 3567K, capacity 3777K, committed 3860K, reserved 1048576K
}
2018-06-19T15:02:15.155+0200: 45,809: Total time for which application threads were stopped: 0,0241173 seconds, Stopping threads took: 0,0000385 seconds
2018-06-19T15:02:15.155+0200: 45,810: Total time for which application threads were stopped: 0,0001073 seconds, Stopping threads took: 0,0000456 seconds
2018-06-19T15:02:15.155+0200: 45,810: Total time for which application threads were stopped: 0,0000667 seconds, Stopping threads took: 0,0000307 seconds
2018-06-19T15:02:15.322+0200: 45,976: Total time for which application threads were stopped: 0,0007912 seconds, Stopping threads took: 0,0006389 seconds
2018-06-19T15:02:15.323+0200: 45,977: Total time for which application threads were stopped: 0,0001361 seconds, Stopping threads took: 0,0000358 seconds
2018-06-19T15:02:15.382+0200: 46,036: Total time for which application threads were stopped: 0,0001802 seconds, Stopping threads took: 0,0000520 seconds
2018-06-19T15:02:15.382+0200: 46,036: Total time for which application threads were stopped: 0,0001236 seconds, Stopping threads took: 0,0000373 seconds
2018-06-19T15:02:15.383+0200: 46,037: Total time for which application threads were stopped: 0,0001522 seconds, Stopping threads took: 0,0000512 seconds
2018-06-19T15:02:15.393+0200: 46,048: Total time for which application threads were stopped: 0,0001589 seconds, Stopping threads took: 0,0000490 seconds
2018-06-19T15:02:15.460+0200: 46,114: Total time for which application threads were stopped: 0,0001875 seconds, Stopping threads took: 0,0000667 seconds
2018-06-19T15:02:15.478+0200: 46,132: Total time for which application threads were stopped: 0,0006894 seconds, Stopping threads took: 0,0005073 seconds
2018-06-19T15:02:15.490+0200: 46,145: Total time for which application threads were stopped: 0,0001606 seconds, Stopping threads took: 0,0000567 seconds
2018-06-19T15:02:15.507+0200: 46,161: Total time for which application threads were stopped: 0,0001866 seconds, Stopping threads took: 0,0000567 seconds
2018-06-19T15:02:15.523+0200: 46,177: Total time for which application threads were stopped: 0,0002270 seconds, Stopping threads took: 0,0000890 seconds
2018-06-19T15:02:15.523+0200: 46,177: Total time for which application threads were stopped: 0,0000952 seconds, Stopping threads took: 0,0000254 seconds
2018-06-19T15:02:15.526+0200: 46,180: Total time for which application threads were stopped: 0,0001648 seconds, Stopping threads took: 0,0000507 seconds
2018-06-19T15:02:15.542+0200: 46,196: Total time for which application threads were stopped: 0,0001854 seconds, Stopping threads took: 0,0000678 seconds
2018-06-19T15:02:15.570+0200: 46,224: Total time for which application threads were stopped: 0,0001837 seconds, Stopping threads took: 0,0000560 seconds
{Heap before GC invocations=11 (full 1):
 par new generation   total 109248K, used 109248K [0x00000000e0000000, 0x00000000e8000000, 0x00000000e8000000)
  eden space 87424K, 100% used [0x00000000e0000000, 0x00000000e5560000, 0x00000000e5560000)
  from space 21824K, 100% used [0x00000000e6ab0000, 0x00000000e8000000, 0x00000000e8000000)
  to   space 21824K,   0% used [0x00000000e5560000, 0x00000000e5560000, 0x00000000e6ab0000)
 concurrent mark-sweep generation total 393216K, used 10408K [0x00000000e8000000, 0x0000000100000000, 0x0000000100000000)
 Metaspace       used 31441K, capacity 32108K, committed 32276K, reserved 1077248K
  class space    used 3568K, capacity 3777K, committed 3860K, reserved 1048576K
2018-06-19T15:02:15.599+0200: 46,253: [GC (Allocation Failure) 2018-06-19T15:02:15.599+0200: 46,253: [ParNew
Desired survivor size 20112992 bytes, new threshold 8 (max 8)
- age   1:    1234040 bytes,    1234040 total
- age   2:    5633464 bytes,    6867504 total
- age   3:     339624 bytes,    7207128 total
- age   4:     117552 bytes,    7324680 total
- age   5:   11733816 bytes,   19058496 total
: 109248K->21824K(109248K), 0,0513734 secs] 119656K->35414K(502464K), 0,0514548 secs] [Times: user=0,12 sys=0,00, real=0,05 secs] 
Heap after GC invocations=12 (full 1):
 par new generation   total 109248K, used 21824K [0x00000000e0000000, 0x00000000e8000000, 0x00000000e8000000)
  eden space 87424K,   0% used [0x00000000e0000000, 0x00000000e0000000, 0x00000000e5560000)
  from space 21824K, 100% used [0x00000000e5560000, 0x00000000e6ab0000, 0x00000000e6ab0000)
  to   space 21824K,   0% used [0x00000000e6ab0000, 0x00000000e6ab0000, 0x00000000e8000000)
 concurrent mark-sweep generation total 393216K, used 13590K [0x00000000e8000000, 0x0000000100000000, 0x0000000100000000)
 Metaspace       used 31441K, capacity 32108K, committed 32276K, reserved 1077248K
  class space    used 3568K, capacity 3777K, committed 3860K, reserved 1048576K
}
2018-06-19T15:02:15.650+0200: 46,304: Total time for which application threads were stopped: 0,0517506 seconds, Stopping threads took: 0,0000528 seconds
2018-06-19T15:02:15.675+0200: 46,329: Total time for which application threads were stopped: 0,0001681 seconds, Stopping threads took: 0,0000521 seconds
2018-06-19T15:02:15.678+0200: 46,332: Total time for which application threads were stopped: 0,0001463 seconds, Stopping threads took: 0,0000515 seconds
2018-06-19T15:02:15.771+0200: 46,425: Total time for which application threads were stopped: 0,0001576 seconds, Stopping threads took: 0,0000453 seconds
2018-06-19T15:02:15.807+0200: 46,461: Total time for which application threads were stopped: 0,0002021 seconds, Stopping threads took: 0,0000696 seconds
2018-06-19T15:02:15.817+0200: 46,471: Total time for which application threads were stopped: 0,0002889 seconds, Stopping threads took: 0,0001315 seconds
2018-06-19T15:02:15.818+0200: 46,473: Total time for which application threads were stopped: 0,0001560 seconds, Stopping threads took: 0,0000469 seconds
2018-06-19T15:02:15.821+0200: 46,476: Total time for which application threads were stopped: 0,0001569 seconds, Stopping threads took: 0,0000472 seconds
2018-06-19T15:02:15.853+0200: 46,508: Total time for which application threads were stopped: 0,0011433 seconds, Stopping threads took: 0,0009690 seconds
2018-06-19T15:02:15.903+0200: 46,557: Total time for which application threads were stopped: 0,0241655 seconds, Stopping threads took: 0,0239938 seconds
2018-06-19T15:02:15.922+0200: 46,577: Total time for which application threads were stopped: 0,0003065 seconds, Stopping threads took: 0,0001045 seconds
2018-06-19T15:02:15.925+0200: 46,579: Total time for which application threads were stopped: 0,0001453 seconds, Stopping threads took: 0,0000454 seconds
2018-06-19T15:02:15.942+0200: 46,596: Total time for which application threads were stopped: 0,0029717 seconds, Stopping threads took: 0,0025263 seconds
2018-06-19T15:02:15.942+0200: 46,597: Total time for which application threads were stopped: 0,0003644 seconds, Stopping threads took: 0,0002602 seconds
2018-06-19T15:02:15.952+0200: 46,606: Total time for which application threads were stopped: 0,0033493 seconds, Stopping threads took: 0,0032321 seconds
2018-06-19T15:02:15.955+0200: 46,609: Total time for which application threads were stopped: 0,0001534 seconds, Stopping threads took: 0,0000585 seconds
2018-06-19T15:02:15.963+0200: 46,617: Total time for which application threads were stopped: 0,0002858 seconds, Stopping threads took: 0,0000469 seconds
{Heap before GC invocations=12 (full 1):
 par new generation   total 109248K, used 109248K [0x00000000e0000000, 0x00000000e8000000, 0x00000000e8000000)
  eden space 87424K, 100% used [0x00000000e0000000, 0x00000000e5560000, 0x00000000e5560000)
  from space 21824K, 100% used [0x00000000e5560000, 0x00000000e6ab0000, 0x00000000e6ab0000)
  to   space 21824K,   0% used [0x00000000e6ab0000, 0x00000000e6ab0000, 0x00000000e8000000)
 concurrent mark-sweep generation total 393216K, used 13590K [0x00000000e8000000, 0x0000000100000000, 0x0000000100000000)
 Metaspace       used 31634K, capacity 32396K, committed 32532K, reserved 1077248K
  class space    used 3584K, capacity 3809K, committed 3860K, reserved 1048576K
2018-06-19T15:02:16.167+0200: 46,821: [GC (Allocation Failure) 2018-06-19T15:02:16.167+0200: 46,822: [ParNew
Desired survivor size 20112992 bytes, new threshold 8 (max 8)
- age   1:    1893312 bytes,    1893312 total
- age   2:     841904 bytes,    2735216 total
- age   3:    5402680 bytes,    8137896 total
- age   4:     339624 bytes,    8477520 total
- age   5:     117312 bytes,    8594832 total
- age   6:   11395080 bytes,   19989912 total
: 109248K->21824K(109248K), 0,0968880 secs] 122838K->35903K(502464K), 0,0970245 secs] [Times: user=0,11 sys=0,00, real=0,10 secs] 
Heap after GC invocations=13 (full 1):
 par new generation   total 109248K, used 21824K [0x00000000e0000000, 0x00000000e8000000, 0x00000000e8000000)
  eden space 87424K,   0% used [0x00000000e0000000, 0x00000000e0000000, 0x00000000e5560000)
  from space 21824K, 100% used [0x00000000e6ab0000, 0x00000000e8000000, 0x00000000e8000000)
  to   space 21824K,   0% used [0x00000000e5560000, 0x00000000e5560000, 0x00000000e6ab0000)
 concurrent mark-sweep generation total 393216K, used 14079K [0x00000000e8000000, 0x0000000100000000, 0x0000000100000000)
 Metaspace       used 31634K, capacity 32396K, committed 32532K, reserved 1077248K
  class space    used 3584K, capacity 3809K, committed 3860K, reserved 1048576K
}
2018-06-19T15:02:16.264+0200: 46,919: Total time for which application threads were stopped: 0,0974024 seconds, Stopping threads took: 0,0000611 seconds
2018-06-19T15:02:16.345+0200: 46,999: Total time for which application threads were stopped: 0,0061770 seconds, Stopping threads took: 0,0060126 seconds
2018-06-19T15:02:16.350+0200: 47,004: Total time for which application threads were stopped: 0,0009409 seconds, Stopping threads took: 0,0008153 seconds
2018-06-19T15:02:16.373+0200: 47,027: Total time for which application threads were stopped: 0,0032998 seconds, Stopping threads took: 0,0031393 seconds
2018-06-19T15:02:16.483+0200: 47,138: Total time for which application threads were stopped: 0,0054879 seconds, Stopping threads took: 0,0050763 seconds
{Heap before GC invocations=13 (full 1):
 par new generation   total 109248K, used 109248K [0x00000000e0000000, 0x00000000e8000000, 0x00000000e8000000)
  eden space 87424K, 100% used [0x00000000e0000000, 0x00000000e5560000, 0x00000000e5560000)
  from space 21824K, 100% used [0x00000000e6ab0000, 0x00000000e8000000, 0x00000000e8000000)
  to   space 21824K,   0% used [0x00000000e5560000, 0x00000000e5560000, 0x00000000e6ab0000)
 concurrent mark-sweep generation total 393216K, used 14079K [0x00000000e8000000, 0x0000000100000000, 0x0000000100000000)
 Metaspace       used 31702K, capacity 32460K, committed 32788K, reserved 1079296K
  class space    used 3590K, capacity 3809K, committed 3860K, reserved 1048576K
2018-06-19T15:02:16.590+0200: 47,244: [GC (Allocation Failure) 2018-06-19T15:02:16.590+0200: 47,244: [ParNew
Desired survivor size 20112992 bytes, new threshold 8 (max 8)
- age   1:    1392584 bytes,    1392584 total
- age   2:     884000 bytes,    2276584 total
- age   3:     116720 bytes,    2393304 total
- age   4:    4838072 bytes,    7231376 total
- age   5:     339624 bytes,    7571000 total
- age   6:     117312 bytes,    7688312 total
- age   7:   11358592 bytes,   19046904 total
: 109248K->21824K(109248K), 0,0378836 secs] 123327K->36079K(502464K), 0,0379890 secs] [Times: user=0,12 sys=0,01, real=0,04 secs] 
Heap after GC invocations=14 (full 1):
 par new generation   total 109248K, used 21824K [0x00000000e0000000, 0x00000000e8000000, 0x00000000e8000000)
  eden space 87424K,   0% used [0x00000000e0000000, 0x00000000e0000000, 0x00000000e5560000)
  from space 21824K, 100% used [0x00000000e5560000, 0x00000000e6ab0000, 0x00000000e6ab0000)
  to   space 21824K,   0% used [0x00000000e6ab0000, 0x00000000e6ab0000, 0x00000000e8000000)
 concurrent mark-sweep generation total 393216K, used 14255K [0x00000000e8000000, 0x0000000100000000, 0x0000000100000000)
 Metaspace       used 31702K, capacity 32460K, committed 32788K, reserved 1079296K
  class space    used 3590K, capacity 3809K, committed 3860K, reserved 1048576K
}
2018-06-19T15:02:16.628+0200: 47,282: Total time for which application threads were stopped: 0,0422120 seconds, Stopping threads took: 0,0039952 seconds
2018-06-19T15:02:16.904+0200: 47,558: Total time for which application threads were stopped: 0,0105201 seconds, Stopping threads took: 0,0103961 seconds
2018-06-19T15:02:16.923+0200: 47,577: Total time for which application threads were stopped: 0,0092123 seconds, Stopping threads took: 0,0079148 seconds
2018-06-19T15:02:16.932+0200: 47,586: Total time for which application threads were stopped: 0,0004512 seconds, Stopping threads took: 0,0000999 seconds
{Heap before GC invocations=14 (full 1):
 par new generation   total 109248K, used 109223K [0x00000000e0000000, 0x00000000e8000000, 0x00000000e8000000)
  eden space 87424K,  99% used [0x00000000e0000000, 0x00000000e5559c50, 0x00000000e5560000)
  from space 21824K, 100% used [0x00000000e5560000, 0x00000000e6ab0000, 0x00000000e6ab0000)
  to   space 21824K,   0% used [0x00000000e6ab0000, 0x00000000e6ab0000, 0x00000000e8000000)
 concurrent mark-sweep generation total 393216K, used 14255K [0x00000000e8000000, 0x0000000100000000, 0x0000000100000000)
 Metaspace       used 31703K, capacity 32460K, committed 32788K, reserved 1079296K
  class space    used 3590K, capacity 3809K, committed 3860K, reserved 1048576K
2018-06-19T15:02:16.938+0200: 47,593: [GC (Allocation Failure) 2018-06-19T15:02:16.938+0200: 47,593: [ParNew
Desired survivor size 20112992 bytes, new threshold 8 (max 8)
- age   1:    1367136 bytes,    1367136 total
- age   2:     990120 bytes,    2357256 total
- age   3:     683088 bytes,    3040344 total
- age   4:      95656 bytes,    3136000 total
- age   5:    3517400 bytes,    6653400 total
- age   6:      23112 bytes,    6676512 total
- age   7:      61312 bytes,    6737824 total
- age   8:   11281624 bytes,   18019448 total
: 109223K->21824K(109248K), 0,0500721 secs] 123478K->38373K(502464K), 0,0501677 secs] [Times: user=0,10 sys=0,01, real=0,05 secs] 
Heap after GC invocations=15 (full 1):
 par new generation   total 109248K, used 21824K [0x00000000e0000000, 0x00000000e8000000, 0x00000000e8000000)
  eden space 87424K,   0% used [0x00000000e0000000, 0x00000000e0000000, 0x00000000e5560000)
  from space 21824K, 100% used [0x00000000e6ab0000, 0x00000000e8000000, 0x00000000e8000000)
  to   space 21824K,   0% used [0x00000000e5560000, 0x00000000e5560000, 0x00000000e6ab0000)
 concurrent mark-sweep generation total 393216K, used 16549K [0x00000000e8000000, 0x0000000100000000, 0x0000000100000000)
 Metaspace       used 31703K, capacity 32460K, committed 32788K, reserved 1079296K
  class space    used 3590K, capacity 3809K, committed 3860K, reserved 1048576K
}
2018-06-19T15:02:16.988+0200: 47,643: Total time for which application threads were stopped: 0,0504241 seconds, Stopping threads took: 0,0000260 seconds
2018-06-19T15:02:17.032+0200: 47,686: Total time for which application threads were stopped: 0,0063331 seconds, Stopping threads took: 0,0060697 seconds
{Heap before GC invocations=15 (full 1):
 par new generation   total 109248K, used 109240K [0x00000000e0000000, 0x00000000e8000000, 0x00000000e8000000)
  eden space 87424K,  99% used [0x00000000e0000000, 0x00000000e555e0e8, 0x00000000e5560000)
  from space 21824K, 100% used [0x00000000e6ab0000, 0x00000000e8000000, 0x00000000e8000000)
  to   space 21824K,   0% used [0x00000000e5560000, 0x00000000e5560000, 0x00000000e6ab0000)
 concurrent mark-sweep generation total 393216K, used 16549K [0x00000000e8000000, 0x0000000100000000, 0x0000000100000000)
 Metaspace       used 31756K, capacity 32466K, committed 32788K, reserved 1079296K
  class space    used 3591K, capacity 3810K, committed 3860K, reserved 1048576K
2018-06-19T15:02:17.321+0200: 47,976: [GC (Allocation Failure) 2018-06-19T15:02:17.322+0200: 47,976: [ParNew
Desired survivor size 20112992 bytes, new threshold 8 (max 8)
- age   1:    1442464 bytes,    1442464 total
- age   2:     771992 bytes,    2214456 total
- age   3:     550296 bytes,    2764752 total
- age   4:     381304 bytes,    3146056 total
- age   5:      95416 bytes,    3241472 total
- age   6:    3516352 bytes,    6757824 total
- age   7:      23112 bytes,    6780936 total
- age   8:      61312 bytes,    6842248 total
: 109240K->17863K(109248K), 0,0715820 secs] 125789K->46509K(502464K), 0,0717605 secs] [Times: user=0,13 sys=0,02, real=0,08 secs] 
Heap after GC invocations=16 (full 1):
 par new generation   total 109248K, used 17863K [0x00000000e0000000, 0x00000000e8000000, 0x00000000e8000000)
  eden space 87424K,   0% used [0x00000000e0000000, 0x00000000e0000000, 0x00000000e5560000)
  from space 21824K,  81% used [0x00000000e5560000, 0x00000000e66d1fc0, 0x00000000e6ab0000)
  to   space 21824K,   0% used [0x00000000e6ab0000, 0x00000000e6ab0000, 0x00000000e8000000)
 concurrent mark-sweep generation total 393216K, used 28645K [0x00000000e8000000, 0x0000000100000000, 0x0000000100000000)
 Metaspace       used 31756K, capacity 32466K, committed 32788K, reserved 1079296K
  class space    used 3591K, capacity 3810K, committed 3860K, reserved 1048576K
}
2018-06-19T15:02:17.393+0200: 48,048: Total time for which application threads were stopped: 0,0722020 seconds, Stopping threads took: 0,0001029 seconds
{Heap before GC invocations=16 (full 1):
 par new generation   total 109248K, used 105287K [0x00000000e0000000, 0x00000000e8000000, 0x00000000e8000000)
  eden space 87424K, 100% used [0x00000000e0000000, 0x00000000e5560000, 0x00000000e5560000)
  from space 21824K,  81% used [0x00000000e5560000, 0x00000000e66d1fc0, 0x00000000e6ab0000)
  to   space 21824K,   0% used [0x00000000e6ab0000, 0x00000000e6ab0000, 0x00000000e8000000)
 concurrent mark-sweep generation total 393216K, used 28645K [0x00000000e8000000, 0x0000000100000000, 0x0000000100000000)
 Metaspace       used 31758K, capacity 32466K, committed 32788K, reserved 1079296K
  class space    used 3591K, capacity 3810K, committed 3860K, reserved 1048576K
2018-06-19T15:02:17.500+0200: 48,154: [GC (Allocation Failure) 2018-06-19T15:02:17.500+0200: 48,154: [ParNew
Desired survivor size 20112992 bytes, new threshold 8 (max 8)
- age   1:    1419440 bytes,    1419440 total
- age   2:    1103048 bytes,    2522488 total
- age   3:     771480 bytes,    3293968 total
- age   4:     549480 bytes,    3843448 total
- age   5:     381136 bytes,    4224584 total
- age   6:      94936 bytes,    4319520 total
- age   7:    3515648 bytes,    7835168 total
- age   8:      23112 bytes,    7858280 total
: 105287K->9569K(109248K), 0,0299560 secs] 133933K->38276K(502464K), 0,0300695 secs] [Times: user=0,06 sys=0,01, real=0,03 secs] 
Heap after GC invocations=17 (full 1):
 par new generation   total 109248K, used 9569K [0x00000000e0000000, 0x00000000e8000000, 0x00000000e8000000)
  eden space 87424K,   0% used [0x00000000e0000000, 0x00000000e0000000, 0x00000000e5560000)
  from space 21824K,  43% used [0x00000000e6ab0000, 0x00000000e74085c0, 0x00000000e8000000)
  to   space 21824K,   0% used [0x00000000e5560000, 0x00000000e5560000, 0x00000000e6ab0000)
 concurrent mark-sweep generation total 393216K, used 28706K [0x00000000e8000000, 0x0000000100000000, 0x0000000100000000)
 Metaspace       used 31758K, capacity 32466K, committed 32788K, reserved 1079296K
  class space    used 3591K, capacity 3810K, committed 3860K, reserved 1048576K
}
2018-06-19T15:02:17.530+0200: 48,185: Total time for which application threads were stopped: 0,0303767 seconds, Stopping threads took: 0,0000610 seconds
{Heap before GC invocations=17 (full 1):
 par new generation   total 109248K, used 96993K [0x00000000e0000000, 0x00000000e8000000, 0x00000000e8000000)
  eden space 87424K, 100% used [0x00000000e0000000, 0x00000000e5560000, 0x00000000e5560000)
  from space 21824K,  43% used [0x00000000e6ab0000, 0x00000000e74085c0, 0x00000000e8000000)
  to   space 21824K,   0% used [0x00000000e5560000, 0x00000000e5560000, 0x00000000e6ab0000)
 concurrent mark-sweep generation total 393216K, used 28706K [0x00000000e8000000, 0x0000000100000000, 0x0000000100000000)
 Metaspace       used 31769K, capacity 32466K, committed 32788K, reserved 1079296K
  class space    used 3591K, capacity 3810K, committed 3860K, reserved 1048576K
2018-06-19T15:02:17.669+0200: 48,323: [GC (Allocation Failure) 2018-06-19T15:02:17.669+0200: 48,323: [ParNew
Desired survivor size 20112992 bytes, new threshold 8 (max 8)
- age   1:    1474872 bytes,    1474872 total
- age   2:    1040728 bytes,    2515600 total
- age   3:    1103024 bytes,    3618624 total
- age   4:     771480 bytes,    4390104 total
- age   5:     549480 bytes,    4939584 total
- age   6:     380800 bytes,    5320384 total
- age   7:      94472 bytes,    5414856 total
- age   8:    3515208 bytes,    8930064 total
: 96993K->12464K(109248K), 0,0122406 secs] 125700K->41194K(502464K), 0,0123341 secs] [Times: user=0,04 sys=0,00, real=0,01 secs] 
Heap after GC invocations=18 (full 1):
 par new generation   total 109248K, used 12464K [0x00000000e0000000, 0x00000000e8000000, 0x00000000e8000000)
  eden space 87424K,   0% used [0x00000000e0000000, 0x00000000e0000000, 0x00000000e5560000)
  from space 21824K,  57% used [0x00000000e5560000, 0x00000000e618c298, 0x00000000e6ab0000)
  to   space 21824K,   0% used [0x00000000e6ab0000, 0x00000000e6ab0000, 0x00000000e8000000)
 concurrent mark-sweep generation total 393216K, used 28729K [0x00000000e8000000, 0x0000000100000000, 0x0000000100000000)
 Metaspace       used 31769K, capacity 32466K, committed 32788K, reserved 1079296K
  class space    used 3591K, capacity 3810K, committed 3860K, reserved 1048576K
}
2018-06-19T15:02:17.681+0200: 48,336: Total time for which application threads were stopped: 0,0125776 seconds, Stopping threads took: 0,0000513 seconds
{Heap before GC invocations=18 (full 1):
 par new generation   total 109248K, used 99888K [0x00000000e0000000, 0x00000000e8000000, 0x00000000e8000000)
  eden space 87424K, 100% used [0x00000000e0000000, 0x00000000e5560000, 0x00000000e5560000)
  from space 21824K,  57% used [0x00000000e5560000, 0x00000000e618c298, 0x00000000e6ab0000)
  to   space 21824K,   0% used [0x00000000e6ab0000, 0x00000000e6ab0000, 0x00000000e8000000)
 concurrent mark-sweep generation total 393216K, used 28729K [0x00000000e8000000, 0x0000000100000000, 0x0000000100000000)
 Metaspace       used 31812K, capacity 32530K, committed 32788K, reserved 1079296K
  class space    used 3591K, capacity 3810K, committed 3860K, reserved 1048576K
2018-06-19T15:02:17.848+0200: 48,502: [GC (Allocation Failure) 2018-06-19T15:02:17.848+0200: 48,502: [ParNew
Desired survivor size 20112992 bytes, new threshold 8 (max 8)
- age   1:    2058048 bytes,    2058048 total
- age   2:     987320 bytes,    3045368 total
- age   3:     876832 bytes,    3922200 total
- age   4:    1102720 bytes,    5024920 total
- age   5:     771352 bytes,    5796272 total
- age   6:     549480 bytes,    6345752 total
- age   7:     380648 bytes,    6726400 total
- age   8:      93912 bytes,    6820312 total
: 99888K->8839K(109248K), 0,0263652 secs] 128618K->41227K(502464K), 0,0264700 secs] [Times: user=0,06 sys=0,01, real=0,03 secs] 
Heap after GC invocations=19 (full 1):
 par new generation   total 109248K, used 8839K [0x00000000e0000000, 0x00000000e8000000, 0x00000000e8000000)
  eden space 87424K,   0% used [0x00000000e0000000, 0x00000000e0000000, 0x00000000e5560000)
  from space 21824K,  40% used [0x00000000e6ab0000, 0x00000000e7351cc8, 0x00000000e8000000)
  to   space 21824K,   0% used [0x00000000e5560000, 0x00000000e5560000, 0x00000000e6ab0000)
 concurrent mark-sweep generation total 393216K, used 32388K [0x00000000e8000000, 0x0000000100000000, 0x0000000100000000)
 Metaspace       used 31812K, capacity 32530K, committed 32788K, reserved 1079296K
  class space    used 3591K, capacity 3810K, committed 3860K, reserved 1048576K
}
2018-06-19T15:02:17.874+0200: 48,528: Total time for which application threads were stopped: 0,0267946 seconds, Stopping threads took: 0,0000749 seconds
2018-06-19T15:02:17.910+0200: 48,565: Total time for which application threads were stopped: 0,0001821 seconds, Stopping threads took: 0,0000696 seconds
2018-06-19T15:02:17.916+0200: 48,571: Total time for which application threads were stopped: 0,0001194 seconds, Stopping threads took: 0,0000285 seconds
2018-06-19T15:02:17.917+0200: 48,572: Total time for which application threads were stopped: 0,0001164 seconds, Stopping threads took: 0,0000317 seconds
2018-06-19T15:02:17.923+0200: 48,577: Total time for which application threads were stopped: 0,0001342 seconds, Stopping threads took: 0,0000427 seconds
2018-06-19T15:02:17.928+0200: 48,582: Total time for which application threads were stopped: 0,0001739 seconds, Stopping threads took: 0,0000749 seconds
2018-06-19T15:02:17.930+0200: 48,585: Total time for which application threads were stopped: 0,0001619 seconds, Stopping threads took: 0,0000744 seconds
{Heap before GC invocations=19 (full 1):
 par new generation   total 109248K, used 96247K [0x00000000e0000000, 0x00000000e8000000, 0x00000000e8000000)
  eden space 87424K,  99% used [0x00000000e0000000, 0x00000000e555bf40, 0x00000000e5560000)
  from space 21824K,  40% used [0x00000000e6ab0000, 0x00000000e7351cc8, 0x00000000e8000000)
  to   space 21824K,   0% used [0x00000000e5560000, 0x00000000e5560000, 0x00000000e6ab0000)
 concurrent mark-sweep generation total 393216K, used 32388K [0x00000000e8000000, 0x0000000100000000, 0x0000000100000000)
 Metaspace       used 31822K, capacity 32530K, committed 32788K, reserved 1079296K
  class space    used 3591K, capacity 3810K, committed 3860K, reserved 1048576K
2018-06-19T15:02:18.004+0200: 48,659: [GC (Allocation Failure) 2018-06-19T15:02:18.004+0200: 48,659: [ParNew
Desired survivor size 20112992 bytes, new threshold 8 (max 8)
- age   1:    1477144 bytes,    1477144 total
- age   2:    1873344 bytes,    3350488 total
- age   3:     930632 bytes,    4281120 total
- age   4:     819568 bytes,    5100688 total
- age   5:    1038640 bytes,    6139328 total
- age   6:     705648 bytes,    6844976 total
- age   7:     549432 bytes,    7394408 total
- age   8:     380144 bytes,    7774552 total
: 96247K->8460K(109248K), 0,0273756 secs] 128635K->40940K(502464K), 0,0274600 secs] [Times: user=0,09 sys=0,00, real=0,03 secs] 
Heap after GC invocations=20 (full 1):
 par new generation   total 109248K, used 8460K [0x00000000e0000000, 0x00000000e8000000, 0x00000000e8000000)
  eden space 87424K,   0% used [0x00000000e0000000, 0x00000000e0000000, 0x00000000e5560000)
  from space 21824K,  38% used [0x00000000e5560000, 0x00000000e5da32d0, 0x00000000e6ab0000)
  to   space 21824K,   0% used [0x00000000e6ab0000, 0x00000000e6ab0000, 0x00000000e8000000)
 concurrent mark-sweep generation total 393216K, used 32479K [0x00000000e8000000, 0x0000000100000000, 0x0000000100000000)
 Metaspace       used 31822K, capacity 32530K, committed 32788K, reserved 1079296K
  class space    used 3591K, capacity 3810K, committed 3860K, reserved 1048576K
}
2018-06-19T15:02:18.032+0200: 48,686: Total time for which application threads were stopped: 0,0277251 seconds, Stopping threads took: 0,0000605 seconds
{Heap before GC invocations=20 (full 1):
 par new generation   total 109248K, used 95884K [0x00000000e0000000, 0x00000000e8000000, 0x00000000e8000000)
  eden space 87424K, 100% used [0x00000000e0000000, 0x00000000e5560000, 0x00000000e5560000)
  from space 21824K,  38% used [0x00000000e5560000, 0x00000000e5da32d0, 0x00000000e6ab0000)
  to   space 21824K,   0% used [0x00000000e6ab0000, 0x00000000e6ab0000, 0x00000000e8000000)
 concurrent mark-sweep generation total 393216K, used 32479K [0x00000000e8000000, 0x0000000100000000, 0x0000000100000000)
 Metaspace       used 31836K, capacity 32530K, committed 32788K, reserved 1079296K
  class space    used 3591K, capacity 3810K, committed 3860K, reserved 1048576K
2018-06-19T15:02:18.162+0200: 48,816: [GC (Allocation Failure) 2018-06-19T15:02:18.162+0200: 48,816: [ParNew
Desired survivor size 20112992 bytes, new threshold 8 (max 8)
- age   1:    1733008 bytes,    1733008 total
- age   2:     880504 bytes,    2613512 total
- age   3:     312880 bytes,    2926392 total
- age   4:      84048 bytes,    3010440 total
- age   5:      97336 bytes,    3107776 total
- age   6:     420240 bytes,    3528016 total
- age   7:     483832 bytes,    4011848 total
- age   8:     549088 bytes,    4560936 total
: 95884K->6634K(109248K), 0,0113850 secs] 128364K->39485K(502464K), 0,0114948 secs] [Times: user=0,04 sys=0,00, real=0,02 secs] 
Heap after GC invocations=21 (full 1):
 par new generation   total 109248K, used 6634K [0x00000000e0000000, 0x00000000e8000000, 0x00000000e8000000)
  eden space 87424K,   0% used [0x00000000e0000000, 0x00000000e0000000, 0x00000000e5560000)
  from space 21824K,  30% used [0x00000000e6ab0000, 0x00000000e712a960, 0x00000000e8000000)
  to   space 21824K,   0% used [0x00000000e5560000, 0x00000000e5560000, 0x00000000e6ab0000)
 concurrent mark-sweep generation total 393216K, used 32851K [0x00000000e8000000, 0x0000000100000000, 0x0000000100000000)
 Metaspace       used 31836K, capacity 32530K, committed 32788K, reserved 1079296K
  class space    used 3591K, capacity 3810K, committed 3860K, reserved 1048576K
}
2018-06-19T15:02:18.174+0200: 48,828: Total time for which application threads were stopped: 0,0117898 seconds, Stopping threads took: 0,0000381 seconds
{Heap before GC invocations=21 (full 1):
 par new generation   total 109248K, used 94055K [0x00000000e0000000, 0x00000000e8000000, 0x00000000e8000000)
  eden space 87424K,  99% used [0x00000000e0000000, 0x00000000e555f530, 0x00000000e5560000)
  from space 21824K,  30% used [0x00000000e6ab0000, 0x00000000e712a960, 0x00000000e8000000)
  to   space 21824K,   0% used [0x00000000e5560000, 0x00000000e5560000, 0x00000000e6ab0000)
 concurrent mark-sweep generation total 393216K, used 32851K [0x00000000e8000000, 0x0000000100000000, 0x0000000100000000)
 Metaspace       used 31846K, capacity 32530K, committed 32788K, reserved 1079296K
  class space    used 3591K, capacity 3810K, committed 3860K, reserved 1048576K
2018-06-19T15:02:18.296+0200: 48,950: [GC (Allocation Failure) 2018-06-19T15:02:18.296+0200: 48,950: [ParNew
Desired survivor size 20112992 bytes, new threshold 8 (max 8)
- age   1:    1456344 bytes,    1456344 total
- age   2:    1349400 bytes,    2805744 total
- age   3:     880480 bytes,    3686224 total
- age   4:     312880 bytes,    3999104 total
- age   5:      84048 bytes,    4083152 total
- age   6:      97336 bytes,    4180488 total
- age   7:     419376 bytes,    4599864 total
- age   8:     483128 bytes,    5082992 total
: 94055K->6657K(109248K), 0,0127852 secs] 126906K->40045K(502464K), 0,0128919 secs] [Times: user=0,03 sys=0,00, real=0,01 secs] 
Heap after GC invocations=22 (full 1):
 par new generation   total 109248K, used 6657K [0x00000000e0000000, 0x00000000e8000000, 0x00000000e8000000)
  eden space 87424K,   0% used [0x00000000e0000000, 0x00000000e0000000, 0x00000000e5560000)
  from space 21824K,  30% used [0x00000000e5560000, 0x00000000e5be06c0, 0x00000000e6ab0000)
  to   space 21824K,   0% used [0x00000000e6ab0000, 0x00000000e6ab0000, 0x00000000e8000000)
 concurrent mark-sweep generation total 393216K, used 33387K [0x00000000e8000000, 0x0000000100000000, 0x0000000100000000)
 Metaspace       used 31846K, capacity 32530K, committed 32788K, reserved 1079296K
  class space    used 3591K, capacity 3810K, committed 3860K, reserved 1048576K
}
2018-06-19T15:02:18.309+0200: 48,963: Total time for which application threads were stopped: 0,0131366 seconds, Stopping threads took: 0,0000399 seconds
{Heap before GC invocations=22 (full 1):
 par new generation   total 109248K, used 94081K [0x00000000e0000000, 0x00000000e8000000, 0x00000000e8000000)
  eden space 87424K, 100% used [0x00000000e0000000, 0x00000000e5560000, 0x00000000e5560000)
  from space 21824K,  30% used [0x00000000e5560000, 0x00000000e5be06c0, 0x00000000e6ab0000)
  to   space 21824K,   0% used [0x00000000e6ab0000, 0x00000000e6ab0000, 0x00000000e8000000)
 concurrent mark-sweep generation total 393216K, used 33387K [0x00000000e8000000, 0x0000000100000000, 0x0000000100000000)
 Metaspace       used 31854K, capacity 32594K, committed 32788K, reserved 1079296K
  class space    used 3591K, capacity 3810K, committed 3860K, reserved 1048576K
2018-06-19T15:02:18.436+0200: 49,091: [GC (Allocation Failure) 2018-06-19T15:02:18.436+0200: 49,091: [ParNew
Desired survivor size 20112992 bytes, new threshold 8 (max 8)
- age   1:    1740176 bytes,    1740176 total
- age   2:     982792 bytes,    2722968 total
- age   3:    1185480 bytes,    3908448 total
- age   4:     880480 bytes,    4788928 total
- age   5:     312880 bytes,    5101808 total
- age   6:      84048 bytes,    5185856 total
- age   7:      97288 bytes,    5283144 total
- age   8:     419056 bytes,    5702200 total
: 94081K->6060K(109248K), 0,0126576 secs] 127469K->39920K(502464K), 0,0127458 secs] [Times: user=0,05 sys=0,00, real=0,01 secs] 
Heap after GC invocations=23 (full 1):
 par new generation   total 109248K, used 6060K [0x00000000e0000000, 0x00000000e8000000, 0x00000000e8000000)
  eden space 87424K,   0% used [0x00000000e0000000, 0x00000000e0000000, 0x00000000e5560000)
  from space 21824K,  27% used [0x00000000e6ab0000, 0x00000000e709b2e8, 0x00000000e8000000)
  to   space 21824K,   0% used [0x00000000e5560000, 0x00000000e5560000, 0x00000000e6ab0000)
 concurrent mark-sweep generation total 393216K, used 33859K [0x00000000e8000000, 0x0000000100000000, 0x0000000100000000)
 Metaspace       used 31854K, capacity 32594K, committed 32788K, reserved 1079296K
  class space    used 3591K, capacity 3810K, committed 3860K, reserved 1048576K
}
2018-06-19T15:02:18.449+0200: 49,103: Total time for which application threads were stopped: 0,0130184 seconds, Stopping threads took: 0,0000814 seconds
{Heap before GC invocations=23 (full 1):
 par new generation   total 109248K, used 93484K [0x00000000e0000000, 0x00000000e8000000, 0x00000000e8000000)
  eden space 87424K, 100% used [0x00000000e0000000, 0x00000000e5560000, 0x00000000e5560000)
  from space 21824K,  27% used [0x00000000e6ab0000, 0x00000000e709b2e8, 0x00000000e8000000)
  to   space 21824K,   0% used [0x00000000e5560000, 0x00000000e5560000, 0x00000000e6ab0000)
 concurrent mark-sweep generation total 393216K, used 33859K [0x00000000e8000000, 0x0000000100000000, 0x0000000100000000)
 Metaspace       used 31856K, capacity 32594K, committed 32788K, reserved 1079296K
  class space    used 3591K, capacity 3810K, committed 3860K, reserved 1048576K
2018-06-19T15:02:18.560+0200: 49,215: [GC (Allocation Failure) 2018-06-19T15:02:18.560+0200: 49,215: [ParNew
Desired survivor size 20112992 bytes, new threshold 8 (max 8)
- age   1:    1656872 bytes,    1656872 total
- age   2:    1186944 bytes,    2843816 total
- age   3:     982768 bytes,    3826584 total
- age   4:    1185480 bytes,    5012064 total
- age   5:     880480 bytes,    5892544 total
- age   6:     345664 bytes,    6238208 total
- age   7:      84000 bytes,    6322208 total
- age   8:      97056 bytes,    6419264 total
: 93484K->8487K(109248K), 0,0151636 secs] 127344K->42756K(502464K), 0,0154212 secs] [Times: user=0,05 sys=0,00, real=0,02 secs] 
Heap after GC invocations=24 (full 1):
 par new generation   total 109248K, used 8487K [0x00000000e0000000, 0x00000000e8000000, 0x00000000e8000000)
  eden space 87424K,   0% used [0x00000000e0000000, 0x00000000e0000000, 0x00000000e5560000)
  from space 21824K,  38% used [0x00000000e5560000, 0x00000000e5da9ce8, 0x00000000e6ab0000)
  to   space 21824K,   0% used [0x00000000e6ab0000, 0x00000000e6ab0000, 0x00000000e8000000)
 concurrent mark-sweep generation total 393216K, used 34269K [0x00000000e8000000, 0x0000000100000000, 0x0000000100000000)
 Metaspace       used 31856K, capacity 32594K, committed 32788K, reserved 1079296K
  class space    used 3591K, capacity 3810K, committed 3860K, reserved 1048576K
}
2018-06-19T15:02:18.576+0200: 49,230: Total time for which application threads were stopped: 0,0158297 seconds, Stopping threads took: 0,0000396 seconds
{Heap before GC invocations=24 (full 1):
 par new generation   total 109248K, used 95911K [0x00000000e0000000, 0x00000000e8000000, 0x00000000e8000000)
  eden space 87424K, 100% used [0x00000000e0000000, 0x00000000e5560000, 0x00000000e5560000)
  from space 21824K,  38% used [0x00000000e5560000, 0x00000000e5da9ce8, 0x00000000e6ab0000)
  to   space 21824K,   0% used [0x00000000e6ab0000, 0x00000000e6ab0000, 0x00000000e8000000)
 concurrent mark-sweep generation total 393216K, used 34269K [0x00000000e8000000, 0x0000000100000000, 0x0000000100000000)
 Metaspace       used 31860K, capacity 32600K, committed 32788K, reserved 1079296K
  class space    used 3591K, capacity 3811K, committed 3860K, reserved 1048576K
2018-06-19T15:02:18.660+0200: 49,314: [GC (Allocation Failure) 2018-06-19T15:02:18.660+0200: 49,314: [ParNew
Desired survivor size 20112992 bytes, new threshold 8 (max 8)
- age   1:    1879696 bytes,    1879696 total
- age   2:     927168 bytes,    2806864 total
- age   3:    1185224 bytes,    3992088 total
- age   4:     884416 bytes,    4876504 total
- age   5:    1185480 bytes,    6061984 total
- age   6:     879664 bytes,    6941648 total
- age   7:     312832 bytes,    7254480 total
- age   8:      83768 bytes,    7338248 total
: 95911K->7990K(109248K), 0,0105068 secs] 130180K->42354K(502464K), 0,0105775 secs] [Times: user=0,03 sys=0,00, real=0,01 secs] 
Heap after GC invocations=25 (full 1):
 par new generation   total 109248K, used 7990K [0x00000000e0000000, 0x00000000e8000000, 0x00000000e8000000)
  eden space 87424K,   0% used [0x00000000e0000000, 0x00000000e0000000, 0x00000000e5560000)
  from space 21824K,  36% used [0x00000000e6ab0000, 0x00000000e727d940, 0x00000000e8000000)
  to   space 21824K,   0% used [0x00000000e5560000, 0x00000000e5560000, 0x00000000e6ab0000)
 concurrent mark-sweep generation total 393216K, used 34364K [0x00000000e8000000, 0x0000000100000000, 0x0000000100000000)
 Metaspace       used 31860K, capacity 32600K, committed 32788K, reserved 1079296K
  class space    used 3591K, capacity 3811K, committed 3860K, reserved 1048576K
}
2018-06-19T15:02:18.670+0200: 49,325: Total time for which application threads were stopped: 0,0108498 seconds, Stopping threads took: 0,0000737 seconds
{Heap before GC invocations=25 (full 1):
 par new generation   total 109248K, used 95414K [0x00000000e0000000, 0x00000000e8000000, 0x00000000e8000000)
  eden space 87424K, 100% used [0x00000000e0000000, 0x00000000e5560000, 0x00000000e5560000)
  from space 21824K,  36% used [0x00000000e6ab0000, 0x00000000e727d940, 0x00000000e8000000)
  to   space 21824K,   0% used [0x00000000e5560000, 0x00000000e5560000, 0x00000000e6ab0000)
 concurrent mark-sweep generation total 393216K, used 34364K [0x00000000e8000000, 0x0000000100000000, 0x0000000100000000)
 Metaspace       used 31862K, capacity 32600K, committed 32788K, reserved 1079296K
  class space    used 3591K, capacity 3811K, committed 3860K, reserved 1048576K
2018-06-19T15:02:18.765+0200: 49,419: [GC (Allocation Failure) 2018-06-19T15:02:18.765+0200: 49,419: [ParNew
Desired survivor size 20112992 bytes, new threshold 8 (max 8)
- age   1:    1732680 bytes,    1732680 total
- age   2:    1059992 bytes,    2792672 total
- age   3:     927504 bytes,    3720176 total
- age   4:    1185944 bytes,    4906120 total
- age   5:     884920 bytes,    5791040 total
- age   6:    1185840 bytes,    6976880 total
- age   7:     880072 bytes,    7856952 total
- age   8:     312648 bytes,    8169600 total
: 95414K->12525K(109248K), 0,0149919 secs] 129778K->46971K(502464K), 0,0150738 secs] [Times: user=0,05 sys=0,00, real=0,01 secs] 
Heap after GC invocations=26 (full 1):
 par new generation   total 109248K, used 12525K [0x00000000e0000000, 0x00000000e8000000, 0x00000000e8000000)
  eden space 87424K,   0% used [0x00000000e0000000, 0x00000000e0000000, 0x00000000e5560000)
  from space 21824K,  57% used [0x00000000e5560000, 0x00000000e619b400, 0x00000000e6ab0000)
  to   space 21824K,   0% used [0x00000000e6ab0000, 0x00000000e6ab0000, 0x00000000e8000000)
 concurrent mark-sweep generation total 393216K, used 34446K [0x00000000e8000000, 0x0000000100000000, 0x0000000100000000)
 Metaspace       used 31862K, capacity 32600K, committed 32788K, reserved 1079296K
  class space    used 3591K, capacity 3811K, committed 3860K, reserved 1048576K
}
2018-06-19T15:02:18.780+0200: 49,434: Total time for which application threads were stopped: 0,0152747 seconds, Stopping threads took: 0,0000359 seconds
{Heap before GC invocations=26 (full 1):
 par new generation   total 109248K, used 99930K [0x00000000e0000000, 0x00000000e8000000, 0x00000000e8000000)
  eden space 87424K,  99% used [0x00000000e0000000, 0x00000000e555b7b0, 0x00000000e5560000)
  from space 21824K,  57% used [0x00000000e5560000, 0x00000000e619b400, 0x00000000e6ab0000)
  to   space 21824K,   0% used [0x00000000e6ab0000, 0x00000000e6ab0000, 0x00000000e8000000)
 concurrent mark-sweep generation total 393216K, used 34446K [0x00000000e8000000, 0x0000000100000000, 0x0000000100000000)
 Metaspace       used 31864K, capacity 32600K, committed 32788K, reserved 1079296K
  class space    used 3591K, capacity 3811K, committed 3860K, reserved 1048576K
2018-06-19T15:02:18.843+0200: 49,497: [GC (Allocation Failure) 2018-06-19T15:02:18.843+0200: 49,497: [ParNew
Desired survivor size 20112992 bytes, new threshold 8 (max 8)
- age   1:    2535624 bytes,    2535624 total
- age   2:     824744 bytes,    3360368 total
- age   3:    1057416 bytes,    4417784 total
- age   4:     927456 bytes,    5345240 total
- age   5:     857656 bytes,    6202896 total
- age   6:     884536 bytes,    7087432 total
- age   7:    1185600 bytes,    8273032 total
- age   8:     879456 bytes,    9152488 total
: 99930K->10932K(109248K), 0,0090084 secs] 134376K->45684K(502464K), 0,0091102 secs] [Times: user=0,02 sys=0,00, real=0,02 secs] 
Heap after GC invocations=27 (full 1):
 par new generation   total 109248K, used 10932K [0x00000000e0000000, 0x00000000e8000000, 0x00000000e8000000)
  eden space 87424K,   0% used [0x00000000e0000000, 0x00000000e0000000, 0x00000000e5560000)
  from space 21824K,  50% used [0x00000000e6ab0000, 0x00000000e755d3c0, 0x00000000e8000000)
  to   space 21824K,   0% used [0x00000000e5560000, 0x00000000e5560000, 0x00000000e6ab0000)
 concurrent mark-sweep generation total 393216K, used 34751K [0x00000000e8000000, 0x0000000100000000, 0x0000000100000000)
 Metaspace       used 31864K, capacity 32600K, committed 32788K, reserved 1079296K
  class space    used 3591K, capacity 3811K, committed 3860K, reserved 1048576K
}
2018-06-19T15:02:18.852+0200: 49,506: Total time for which application threads were stopped: 0,0093296 seconds, Stopping threads took: 0,0000394 seconds
2018-06-19T15:02:18.878+0200: 49,532: Total time for which application threads were stopped: 0,0007268 seconds, Stopping threads took: 0,0006137 seconds
2018-06-19T15:02:18.893+0200: 49,547: Total time for which application threads were stopped: 0,0001692 seconds, Stopping threads took: 0,0000634 seconds
2018-06-19T15:02:18.902+0200: 49,557: Total time for which application threads were stopped: 0,0002990 seconds, Stopping threads took: 0,0001876 seconds
2018-06-19T15:02:18.907+0200: 49,561: Total time for which application threads were stopped: 0,0008725 seconds, Stopping threads took: 0,0007996 seconds
2018-06-19T15:02:18.914+0200: 49,568: Total time for which application threads were stopped: 0,0002246 seconds, Stopping threads took: 0,0001154 seconds
2018-06-19T15:02:18.914+0200: 49,569: Total time for which application threads were stopped: 0,0001303 seconds, Stopping threads took: 0,0000526 seconds
{Heap before GC invocations=27 (full 1):
 par new generation   total 109248K, used 98356K [0x00000000e0000000, 0x00000000e8000000, 0x00000000e8000000)
  eden space 87424K, 100% used [0x00000000e0000000, 0x00000000e5560000, 0x00000000e5560000)
  from space 21824K,  50% used [0x00000000e6ab0000, 0x00000000e755d3c0, 0x00000000e8000000)
  to   space 21824K,   0% used [0x00000000e5560000, 0x00000000e5560000, 0x00000000e6ab0000)
 concurrent mark-sweep generation total 393216K, used 34751K [0x00000000e8000000, 0x0000000100000000, 0x0000000100000000)
 Metaspace       used 31875K, capacity 32600K, committed 32788K, reserved 1079296K
  class space    used 3591K, capacity 3811K, committed 3860K, reserved 1048576K
2018-06-19T15:02:18.993+0200: 49,647: [GC (Allocation Failure) 2018-06-19T15:02:18.993+0200: 49,647: [ParNew
Desired survivor size 20112992 bytes, new threshold 8 (max 8)
- age   1:    1715160 bytes,    1715160 total
- age   2:    2414328 bytes,    4129488 total
- age   3:     767480 bytes,    4896968 total
- age   4:    1000032 bytes,    5897000 total
- age   5:     870216 bytes,    6767216 total
- age   6:     800920 bytes,    7568136 total
- age   7:     827688 bytes,    8395824 total
- age   8:    1135720 bytes,    9531544 total
: 98356K->12949K(109248K), 0,0142490 secs] 133108K->48516K(502464K), 0,0143491 secs] [Times: user=0,05 sys=0,00, real=0,01 secs] 
Heap after GC invocations=28 (full 1):
 par new generation   total 109248K, used 12949K [0x00000000e0000000, 0x00000000e8000000, 0x00000000e8000000)
  eden space 87424K,   0% used [0x00000000e0000000, 0x00000000e0000000, 0x00000000e5560000)
  from space 21824K,  59% used [0x00000000e5560000, 0x00000000e62055d0, 0x00000000e6ab0000)
  to   space 21824K,   0% used [0x00000000e6ab0000, 0x00000000e6ab0000, 0x00000000e8000000)
 concurrent mark-sweep generation total 393216K, used 35567K [0x00000000e8000000, 0x0000000100000000, 0x0000000100000000)
 Metaspace       used 31875K, capacity 32600K, committed 32788K, reserved 1079296K
  class space    used 3591K, capacity 3811K, committed 3860K, reserved 1048576K
}
2018-06-19T15:02:19.007+0200: 49,662: Total time for which application threads were stopped: 0,0146391 seconds, Stopping threads took: 0,0001004 seconds
{Heap before GC invocations=28 (full 1):
 par new generation   total 109248K, used 100373K [0x00000000e0000000, 0x00000000e8000000, 0x00000000e8000000)
  eden space 87424K, 100% used [0x00000000e0000000, 0x00000000e5560000, 0x00000000e5560000)
  from space 21824K,  59% used [0x00000000e5560000, 0x00000000e62055d0, 0x00000000e6ab0000)
  to   space 21824K,   0% used [0x00000000e6ab0000, 0x00000000e6ab0000, 0x00000000e8000000)
 concurrent mark-sweep generation total 393216K, used 35567K [0x00000000e8000000, 0x0000000100000000, 0x0000000100000000)
 Metaspace       used 31882K, capacity 32600K, committed 32788K, reserved 1079296K
  class space    used 3591K, capacity 3811K, committed 3860K, reserved 1048576K
2018-06-19T15:02:19.107+0200: 49,761: [GC (Allocation Failure) 2018-06-19T15:02:19.107+0200: 49,762: [ParNew
Desired survivor size 20112992 bytes, new threshold 8 (max 8)
- age   1:    1274328 bytes,    1274328 total
- age   2:    1465792 bytes,    2740120 total
- age   3:    2414328 bytes,    5154448 total
- age   4:     767480 bytes,    5921928 total
- age   5:    1000032 bytes,    6921960 total
- age   6:     870216 bytes,    7792176 total
- age   7:     800872 bytes,    8593048 total
- age   8:     827456 bytes,    9420504 total
: 100373K->12016K(109248K), 0,0173795 secs] 135940K->48701K(502464K), 0,0174708 secs] [Times: user=0,06 sys=0,00, real=0,02 secs] 
Heap after GC invocations=29 (full 1):
 par new generation   total 109248K, used 12016K [0x00000000e0000000, 0x00000000e8000000, 0x00000000e8000000)
  eden space 87424K,   0% used [0x00000000e0000000, 0x00000000e0000000, 0x00000000e5560000)
  from space 21824K,  55% used [0x00000000e6ab0000, 0x00000000e766c038, 0x00000000e8000000)
  to   space 21824K,   0% used [0x00000000e5560000, 0x00000000e5560000, 0x00000000e6ab0000)
 concurrent mark-sweep generation total 393216K, used 36685K [0x00000000e8000000, 0x0000000100000000, 0x0000000100000000)
 Metaspace       used 31882K, capacity 32600K, committed 32788K, reserved 1079296K
  class space    used 3591K, capacity 3811K, committed 3860K, reserved 1048576K
}
2018-06-19T15:02:19.125+0200: 49,779: Total time for which application threads were stopped: 0,0178432 seconds, Stopping threads took: 0,0000630 seconds
{Heap before GC invocations=29 (full 1):
 par new generation   total 109248K, used 99440K [0x00000000e0000000, 0x00000000e8000000, 0x00000000e8000000)
  eden space 87424K, 100% used [0x00000000e0000000, 0x00000000e5560000, 0x00000000e5560000)
  from space 21824K,  55% used [0x00000000e6ab0000, 0x00000000e766c038, 0x00000000e8000000)
  to   space 21824K,   0% used [0x00000000e5560000, 0x00000000e5560000, 0x00000000e6ab0000)
 concurrent mark-sweep generation total 393216K, used 36685K [0x00000000e8000000, 0x0000000100000000, 0x0000000100000000)
 Metaspace       used 31890K, capacity 32600K, committed 32788K, reserved 1079296K
  class space    used 3591K, capacity 3811K, committed 3860K, reserved 1048576K
2018-06-19T15:02:19.205+0200: 49,859: [GC (Allocation Failure) 2018-06-19T15:02:19.205+0200: 49,859: [ParNew
Desired survivor size 20112992 bytes, new threshold 8 (max 8)
- age   1:    1198752 bytes,    1198752 total
- age   2:     870000 bytes,    2068752 total
- age   3:    1400184 bytes,    3468936 total
- age   4:    2414328 bytes,    5883264 total
- age   5:     767480 bytes,    6650744 total
- age   6:    1000032 bytes,    7650776 total
- age   7:     870168 bytes,    8520944 total
- age   8:     800640 bytes,    9321584 total
: 99440K->10739K(109248K), 0,0183557 secs] 136125K->48241K(502464K), 0,0184300 secs] [Times: user=0,07 sys=0,00, real=0,02 secs] 
Heap after GC invocations=30 (full 1):
 par new generation   total 109248K, used 10739K [0x00000000e0000000, 0x00000000e8000000, 0x00000000e8000000)
  eden space 87424K,   0% used [0x00000000e0000000, 0x00000000e0000000, 0x00000000e5560000)
  from space 21824K,  49% used [0x00000000e5560000, 0x00000000e5fdcd00, 0x00000000e6ab0000)
  to   space 21824K,   0% used [0x00000000e6ab0000, 0x00000000e6ab0000, 0x00000000e8000000)
 concurrent mark-sweep generation total 393216K, used 37502K [0x00000000e8000000, 0x0000000100000000, 0x0000000100000000)
 Metaspace       used 31890K, capacity 32600K, committed 32788K, reserved 1079296K
  class space    used 3591K, capacity 3811K, committed 3860K, reserved 1048576K
}
2018-06-19T15:02:19.223+0200: 49,878: Total time for which application threads were stopped: 0,0187978 seconds, Stopping threads took: 0,0000789 seconds
{Heap before GC invocations=30 (full 1):
 par new generation   total 109248K, used 98163K [0x00000000e0000000, 0x00000000e8000000, 0x00000000e8000000)
  eden space 87424K, 100% used [0x00000000e0000000, 0x00000000e5560000, 0x00000000e5560000)
  from space 21824K,  49% used [0x00000000e5560000, 0x00000000e5fdcd00, 0x00000000e6ab0000)
  to   space 21824K,   0% used [0x00000000e6ab0000, 0x00000000e6ab0000, 0x00000000e8000000)
 concurrent mark-sweep generation total 393216K, used 37502K [0x00000000e8000000, 0x0000000100000000, 0x0000000100000000)
 Metaspace       used 31892K, capacity 32604K, committed 32788K, reserved 1079296K
  class space    used 3591K, capacity 3811K, committed 3860K, reserved 1048576K
2018-06-19T15:02:19.308+0200: 49,962: [GC (Allocation Failure) 2018-06-19T15:02:19.308+0200: 49,962: [ParNew
Desired survivor size 20112992 bytes, new threshold 8 (max 8)
- age   1:    1567088 bytes,    1567088 total
- age   2:     756728 bytes,    2323816 total
- age   3:     727752 bytes,    3051568 total
- age   4:    1398408 bytes,    4449976 total
- age   5:    2266024 bytes,    6716000 total
- age   6:     621208 bytes,    7337208 total
- age   7:     851784 bytes,    8188992 total
- age   8:     720672 bytes,    8909664 total
: 98163K->12030K(109248K), 0,0069983 secs] 135665K->50173K(502464K), 0,0070777 secs] [Times: user=0,02 sys=0,00, real=0,01 secs] 
Heap after GC invocations=31 (full 1):
 par new generation   total 109248K, used 12030K [0x00000000e0000000, 0x00000000e8000000, 0x00000000e8000000)
  eden space 87424K,   0% used [0x00000000e0000000, 0x00000000e0000000, 0x00000000e5560000)
  from space 21824K,  55% used [0x00000000e6ab0000, 0x00000000e766fbc0, 0x00000000e8000000)
  to   space 21824K,   0% used [0x00000000e5560000, 0x00000000e5560000, 0x00000000e6ab0000)
 concurrent mark-sweep generation total 393216K, used 38142K [0x00000000e8000000, 0x0000000100000000, 0x0000000100000000)
 Metaspace       used 31892K, capacity 32604K, committed 32788K, reserved 1079296K
  class space    used 3591K, capacity 3811K, committed 3860K, reserved 1048576K
}
2018-06-19T15:02:19.315+0200: 49,969: Total time for which application threads were stopped: 0,0090747 seconds, Stopping threads took: 0,0018238 seconds
2018-06-19T15:02:19.335+0200: 49,990: Total time for which application threads were stopped: 0,0000955 seconds, Stopping threads took: 0,0000322 seconds
2018-06-19T15:02:19.345+0200: 50,000: Total time for which application threads were stopped: 0,0001199 seconds, Stopping threads took: 0,0000507 seconds
2018-06-19T15:02:19.349+0200: 50,003: Total time for which application threads were stopped: 0,0001307 seconds, Stopping threads took: 0,0000546 seconds
2018-06-19T15:02:19.349+0200: 50,003: Total time for which application threads were stopped: 0,0002381 seconds, Stopping threads took: 0,0000396 seconds
2018-06-19T15:02:19.418+0200: 50,072: Total time for which application threads were stopped: 0,0001463 seconds, Stopping threads took: 0,0000491 seconds
2018-06-19T15:02:19.418+0200: 50,073: Total time for which application threads were stopped: 0,0000713 seconds, Stopping threads took: 0,0000255 seconds
2018-06-19T15:02:19.418+0200: 50,073: Total time for which application threads were stopped: 0,0000654 seconds, Stopping threads took: 0,0000208 seconds
2018-06-19T15:02:19.418+0200: 50,073: Total time for which application threads were stopped: 0,0000590 seconds, Stopping threads took: 0,0000210 seconds
2018-06-19T15:02:19.909+0200: 50,563: Total time for which application threads were stopped: 0,0001106 seconds, Stopping threads took: 0,0000307 seconds
2018-06-19T15:02:19.910+0200: 50,564: Total time for which application threads were stopped: 0,0001328 seconds, Stopping threads took: 0,0000527 seconds
2018-06-19T15:02:19.910+0200: 50,564: Total time for which application threads were stopped: 0,0000529 seconds, Stopping threads took: 0,0000148 seconds
2018-06-19T15:02:19.910+0200: 50,564: Total time for which application threads were stopped: 0,0000482 seconds, Stopping threads took: 0,0000232 seconds
2018-06-19T15:02:19.910+0200: 50,564: Total time for which application threads were stopped: 0,0001865 seconds, Stopping threads took: 0,0001543 seconds
2018-06-19T15:02:19.911+0200: 50,566: Total time for which application threads were stopped: 0,0001521 seconds, Stopping threads took: 0,0000681 seconds
2018-06-19T15:02:19.912+0200: 50,566: Total time for which application threads were stopped: 0,0001241 seconds, Stopping threads took: 0,0000554 seconds
2018-06-19T15:02:19.913+0200: 50,567: Total time for which application threads were stopped: 0,0001034 seconds, Stopping threads took: 0,0000433 seconds
2018-06-19T15:02:20.851+0200: 51,505: Total time for which application threads were stopped: 0,0005815 seconds, Stopping threads took: 0,0000219 seconds
2018-06-19T15:02:20.852+0200: 51,506: Total time for which application threads were stopped: 0,0005100 seconds, Stopping threads took: 0,0000130 seconds
2018-06-19T15:02:20.862+0200: 51,516: Total time for which application threads were stopped: 0,0001977 seconds, Stopping threads took: 0,0000747 seconds
2018-06-19T15:02:20.862+0200: 51,517: Total time for which application threads were stopped: 0,0000926 seconds, Stopping threads took: 0,0000374 seconds
2018-06-19T15:02:20.862+0200: 51,517: Total time for which application threads were stopped: 0,0000794 seconds, Stopping threads took: 0,0000371 seconds
2018-06-19T15:02:20.868+0200: 51,522: Total time for which application threads were stopped: 0,0001707 seconds, Stopping threads took: 0,0000455 seconds
2018-06-19T15:02:20.869+0200: 51,523: Total time for which application threads were stopped: 0,0001423 seconds, Stopping threads took: 0,0000626 seconds
2018-06-19T15:02:20.869+0200: 51,523: Total time for which application threads were stopped: 0,0000659 seconds, Stopping threads took: 0,0000161 seconds
2018-06-19T15:02:20.871+0200: 51,525: Total time for which application threads were stopped: 0,0001261 seconds, Stopping threads took: 0,0000365 seconds
2018-06-19T15:02:20.871+0200: 51,525: Total time for which application threads were stopped: 0,0000956 seconds, Stopping threads took: 0,0000453 seconds
2018-06-19T15:02:20.875+0200: 51,529: Total time for which application threads were stopped: 0,0031181 seconds, Stopping threads took: 0,0030598 seconds
2018-06-19T15:02:20.875+0200: 51,529: Total time for which application threads were stopped: 0,0000848 seconds, Stopping threads took: 0,0000388 seconds
2018-06-19T15:02:20.876+0200: 51,530: Total time for which application threads were stopped: 0,0008190 seconds, Stopping threads took: 0,0007597 seconds
2018-06-19T15:02:20.877+0200: 51,532: Total time for which application threads were stopped: 0,0001439 seconds, Stopping threads took: 0,0000583 seconds
2018-06-19T15:02:20.879+0200: 51,533: Total time for which application threads were stopped: 0,0016274 seconds, Stopping threads took: 0,0015871 seconds
2018-06-19T15:02:20.879+0200: 51,533: Total time for which application threads were stopped: 0,0001104 seconds, Stopping threads took: 0,0000696 seconds
2018-06-19T15:02:20.883+0200: 51,537: Total time for which application threads were stopped: 0,0001106 seconds, Stopping threads took: 0,0000433 seconds
2018-06-19T15:02:20.883+0200: 51,537: Total time for which application threads were stopped: 0,0000681 seconds, Stopping threads took: 0,0000337 seconds
2018-06-19T15:02:20.883+0200: 51,538: Total time for which application threads were stopped: 0,0000739 seconds, Stopping threads took: 0,0000394 seconds
2018-06-19T15:02:20.883+0200: 51,538: Total time for which application threads were stopped: 0,0000577 seconds, Stopping threads took: 0,0000295 seconds
2018-06-19T15:02:20.883+0200: 51,538: Total time for which application threads were stopped: 0,0000643 seconds, Stopping threads took: 0,0000242 seconds
2018-06-19T15:02:20.885+0200: 51,539: Total time for which application threads were stopped: 0,0001251 seconds, Stopping threads took: 0,0000470 seconds
2018-06-19T15:02:20.885+0200: 51,539: Total time for which application threads were stopped: 0,0000580 seconds, Stopping threads took: 0,0000265 seconds
2018-06-19T15:02:20.885+0200: 51,539: Total time for which application threads were stopped: 0,0000599 seconds, Stopping threads took: 0,0000136 seconds
2018-06-19T15:02:20.885+0200: 51,540: Total time for which application threads were stopped: 0,0000475 seconds, Stopping threads took: 0,0000181 seconds
2018-06-19T15:02:20.885+0200: 51,540: Total time for which application threads were stopped: 0,0000472 seconds, Stopping threads took: 0,0000176 seconds
2018-06-19T15:02:20.885+0200: 51,540: Total time for which application threads were stopped: 0,0000475 seconds, Stopping threads took: 0,0000175 seconds
2018-06-19T15:02:20.885+0200: 51,540: Total time for which application threads were stopped: 0,0000514 seconds, Stopping threads took: 0,0000175 seconds
2018-06-19T15:02:20.885+0200: 51,540: Total time for which application threads were stopped: 0,0000517 seconds, Stopping threads took: 0,0000234 seconds
2018-06-19T15:02:20.885+0200: 51,540: Total time for which application threads were stopped: 0,0000484 seconds, Stopping threads took: 0,0000197 seconds
2018-06-19T15:02:20.886+0200: 51,540: Total time for which application threads were stopped: 0,0000642 seconds, Stopping threads took: 0,0000341 seconds
2018-06-19T15:02:20.886+0200: 51,540: Total time for which application threads were stopped: 0,0001701 seconds, Stopping threads took: 0,0000145 seconds
2018-06-19T15:02:20.888+0200: 51,543: Total time for which application threads were stopped: 0,0002318 seconds, Stopping threads took: 0,0001520 seconds
2018-06-19T15:02:20.888+0200: 51,543: Total time for which application threads were stopped: 0,0000650 seconds, Stopping threads took: 0,0000259 seconds
2018-06-19T15:02:20.891+0200: 51,545: Total time for which application threads were stopped: 0,0001237 seconds, Stopping threads took: 0,0000508 seconds
2018-06-19T15:02:20.891+0200: 51,546: Total time for which application threads were stopped: 0,0001138 seconds, Stopping threads took: 0,0000561 seconds
2018-06-19T15:02:20.893+0200: 51,547: Total time for which application threads were stopped: 0,0000823 seconds, Stopping threads took: 0,0000235 seconds
2018-06-19T15:02:20.893+0200: 51,548: Total time for which application threads were stopped: 0,0001076 seconds, Stopping threads took: 0,0000504 seconds
2018-06-19T15:02:20.893+0200: 51,548: Total time for which application threads were stopped: 0,0000965 seconds, Stopping threads took: 0,0000551 seconds
2018-06-19T15:02:20.894+0200: 51,548: Total time for which application threads were stopped: 0,0000921 seconds, Stopping threads took: 0,0000317 seconds
2018-06-19T15:02:20.894+0200: 51,549: Total time for which application threads were stopped: 0,0000827 seconds, Stopping threads took: 0,0000302 seconds
2018-06-19T15:02:20.894+0200: 51,549: Total time for which application threads were stopped: 0,0000814 seconds, Stopping threads took: 0,0000296 seconds
2018-06-19T15:02:20.895+0200: 51,549: Total time for which application threads were stopped: 0,0001082 seconds, Stopping threads took: 0,0000597 seconds
2018-06-19T15:02:20.896+0200: 51,551: Total time for which application threads were stopped: 0,0001301 seconds, Stopping threads took: 0,0000400 seconds
2018-06-19T15:02:20.897+0200: 51,551: Total time for which application threads were stopped: 0,0001165 seconds, Stopping threads took: 0,0000501 seconds
2018-06-19T15:02:20.897+0200: 51,552: Total time for which application threads were stopped: 0,0001380 seconds, Stopping threads took: 0,0000093 seconds
2018-06-19T15:02:20.898+0200: 51,553: Total time for which application threads were stopped: 0,0001026 seconds, Stopping threads took: 0,0000365 seconds
2018-06-19T15:02:20.899+0200: 51,553: Total time for which application threads were stopped: 0,0000726 seconds, Stopping threads took: 0,0000315 seconds
2018-06-19T15:02:20.899+0200: 51,553: Total time for which application threads were stopped: 0,0000692 seconds, Stopping threads took: 0,0000327 seconds
2018-06-19T15:02:20.899+0200: 51,553: Total time for which application threads were stopped: 0,0000474 seconds, Stopping threads took: 0,0000217 seconds
2018-06-19T15:02:20.899+0200: 51,553: Total time for which application threads were stopped: 0,0000517 seconds, Stopping threads took: 0,0000285 seconds
2018-06-19T15:02:20.899+0200: 51,553: Total time for which application threads were stopped: 0,0000438 seconds, Stopping threads took: 0,0000212 seconds
2018-06-19T15:02:20.899+0200: 51,553: Total time for which application threads were stopped: 0,0000701 seconds, Stopping threads took: 0,0000446 seconds
2018-06-19T15:02:20.899+0200: 51,554: Total time for which application threads were stopped: 0,0000490 seconds, Stopping threads took: 0,0000266 seconds
2018-06-19T15:02:20.899+0200: 51,554: Total time for which application threads were stopped: 0,0000617 seconds, Stopping threads took: 0,0000372 seconds
2018-06-19T15:02:20.899+0200: 51,554: Total time for which application threads were stopped: 0,0000472 seconds, Stopping threads took: 0,0000255 seconds
2018-06-19T15:02:20.900+0200: 51,554: Total time for which application threads were stopped: 0,0000510 seconds, Stopping threads took: 0,0000191 seconds
2018-06-19T15:02:20.900+0200: 51,554: Total time for which application threads were stopped: 0,0000353 seconds, Stopping threads took: 0,0000105 seconds
2018-06-19T15:02:20.900+0200: 51,554: Total time for which application threads were stopped: 0,0000338 seconds, Stopping threads took: 0,0000103 seconds
2018-06-19T15:02:20.903+0200: 51,557: Total time for which application threads were stopped: 0,0001062 seconds, Stopping threads took: 0,0000228 seconds
2018-06-19T15:02:20.904+0200: 51,558: Total time for which application threads were stopped: 0,0000867 seconds, Stopping threads took: 0,0000351 seconds
2018-06-19T15:02:20.906+0200: 51,561: Total time for which application threads were stopped: 0,0005642 seconds, Stopping threads took: 0,0001194 seconds
2018-06-19T15:02:20.907+0200: 51,561: Total time for which application threads were stopped: 0,0002658 seconds, Stopping threads took: 0,0001132 seconds
2018-06-19T15:02:20.911+0200: 51,565: Total time for which application threads were stopped: 0,0000888 seconds, Stopping threads took: 0,0000322 seconds
2018-06-19T15:02:20.914+0200: 51,568: Total time for which application threads were stopped: 0,0001304 seconds, Stopping threads took: 0,0000408 seconds
Heap
 par new generation   total 109248K, used 62594K [0x00000000e0000000, 0x00000000e8000000, 0x00000000e8000000)
  eden space 87424K,  57% used [0x00000000e0000000, 0x00000000e3160d00, 0x00000000e5560000)
  from space 21824K,  55% used [0x00000000e6ab0000, 0x00000000e766fbc0, 0x00000000e8000000)
  to   space 21824K,   0% used [0x00000000e5560000, 0x00000000e5560000, 0x00000000e6ab0000)
 concurrent mark-sweep generation total 393216K, used 38142K [0x00000000e8000000, 0x0000000100000000, 0x0000000100000000)
 Metaspace       used 32032K, capacity 32684K, committed 33044K, reserved 1079296K
  class space    used 3603K, capacity 3813K, committed 3860K, reserved 1048576K
