OpenJDK 64-Bit Server VM (25.162-b12) for linux-amd64 JRE (1.8.0_162-8u162-b12-0ubuntu0.16.04.2-b12), built on Mar 14 2018 12:11:18 by "buildd" with gcc 5.4.0 20160609
Memory: 4k page, physical 7867624k(2987432k free), swap 8076284k(7231936k free)
CommandLine flags: -XX:CMSInitiatingOccupancyFraction=50 -XX:CMSMaxAbortablePrecleanTime=6000 -XX:+CMSParallelRemarkEnabled -XX:+CMSScavengeBeforeRemark -XX:ConcGCThreads=4 -XX:InitialHeapSize=536870912 -XX:MaxHeapSize=536870912 -XX:MaxTenuringThreshold=8 -XX:NewRatio=3 -XX:OldPLABSize=16 -XX:OnOutOfMemoryError=/home/gurnoor/workspace/QTM/solr/bin/oom_solr.sh 8983 /home/gurnoor/workspace/QTM/solr/server/logs -XX:ParallelGCThreads=4 -XX:+ParallelRefProcEnabled -XX:PretenureSizeThreshold=67108864 -XX:+PrintGC -XX:+PrintGCApplicationStoppedTime -XX:+PrintGCDateStamps -XX:+PrintGCDetails -XX:+PrintGCTimeStamps -XX:+PrintHeapAtGC -XX:+PrintTenuringDistribution -XX:SurvivorRatio=4 -XX:TargetSurvivorRatio=90 -XX:ThreadStackSize=256 -XX:+UseCMSInitiatingOccupancyOnly -XX:+UseCompressedClassPointers -XX:+UseCompressedOops -XX:+UseConcMarkSweepGC -XX:+UseParNewGC 
2018-04-06T21:39:40.804+0200: 0,112: Total time for which application threads were stopped: 0,0000648 seconds, Stopping threads took: 0,0000106 seconds
2018-04-06T21:39:40.872+0200: 0,181: Total time for which application threads were stopped: 0,0001343 seconds, Stopping threads took: 0,0000362 seconds
2018-04-06T21:39:40.885+0200: 0,194: Total time for which application threads were stopped: 0,0000726 seconds, Stopping threads took: 0,0000121 seconds
2018-04-06T21:39:41.014+0200: 0,322: Total time for which application threads were stopped: 0,0002019 seconds, Stopping threads took: 0,0000273 seconds
2018-04-06T21:39:41.181+0200: 0,489: Total time for which application threads were stopped: 0,0001185 seconds, Stopping threads took: 0,0000151 seconds
2018-04-06T21:39:41.232+0200: 0,541: Total time for which application threads were stopped: 0,0001420 seconds, Stopping threads took: 0,0000127 seconds
2018-04-06T21:39:41.250+0200: 0,559: Total time for which application threads were stopped: 0,0001941 seconds, Stopping threads took: 0,0000255 seconds
2018-04-06T21:39:41.411+0200: 0,719: Total time for which application threads were stopped: 0,0001792 seconds, Stopping threads took: 0,0000178 seconds
2018-04-06T21:39:41.543+0200: 0,852: Total time for which application threads were stopped: 0,0003069 seconds, Stopping threads took: 0,0000235 seconds
2018-04-06T21:39:41.563+0200: 0,871: Total time for which application threads were stopped: 0,0001843 seconds, Stopping threads took: 0,0000202 seconds
2018-04-06T21:39:41.586+0200: 0,894: Total time for which application threads were stopped: 0,0002403 seconds, Stopping threads took: 0,0000244 seconds
2018-04-06T21:39:41.587+0200: 0,895: Total time for which application threads were stopped: 0,0002215 seconds, Stopping threads took: 0,0000240 seconds
2018-04-06T21:39:41.599+0200: 0,908: Total time for which application threads were stopped: 0,0002270 seconds, Stopping threads took: 0,0000218 seconds
2018-04-06T21:39:41.663+0200: 0,971: Total time for which application threads were stopped: 0,0002165 seconds, Stopping threads took: 0,0000221 seconds
2018-04-06T21:39:41.806+0200: 1,115: Total time for which application threads were stopped: 0,0004580 seconds, Stopping threads took: 0,0001693 seconds
{Heap before GC invocations=0 (full 0):
 par new generation   total 109248K, used 87424K [0x00000000e0000000, 0x00000000e8000000, 0x00000000e8000000)
  eden space 87424K, 100% used [0x00000000e0000000, 0x00000000e5560000, 0x00000000e5560000)
  from space 21824K,   0% used [0x00000000e5560000, 0x00000000e5560000, 0x00000000e6ab0000)
  to   space 21824K,   0% used [0x00000000e6ab0000, 0x00000000e6ab0000, 0x00000000e8000000)
 concurrent mark-sweep generation total 393216K, used 0K [0x00000000e8000000, 0x0000000100000000, 0x0000000100000000)
 Metaspace       used 18085K, capacity 18408K, committed 18688K, reserved 1064960K
  class space    used 2043K, capacity 2198K, committed 2304K, reserved 1048576K
2018-04-06T21:39:41.891+0200: 1,200: [GC (Allocation Failure) 2018-04-06T21:39:41.891+0200: 1,200: [ParNew
Desired survivor size 20112992 bytes, new threshold 8 (max 8)
- age   1:   12284928 bytes,   12284928 total
: 87424K->12109K(109248K), 0,0151256 secs] 87424K->12109K(502464K), 0,0151783 secs] [Times: user=0,06 sys=0,00, real=0,01 secs] 
Heap after GC invocations=1 (full 0):
 par new generation   total 109248K, used 12109K [0x00000000e0000000, 0x00000000e8000000, 0x00000000e8000000)
  eden space 87424K,   0% used [0x00000000e0000000, 0x00000000e0000000, 0x00000000e5560000)
  from space 21824K,  55% used [0x00000000e6ab0000, 0x00000000e7683790, 0x00000000e8000000)
  to   space 21824K,   0% used [0x00000000e5560000, 0x00000000e5560000, 0x00000000e6ab0000)
 concurrent mark-sweep generation total 393216K, used 0K [0x00000000e8000000, 0x0000000100000000, 0x0000000100000000)
 Metaspace       used 18085K, capacity 18408K, committed 18688K, reserved 1064960K
  class space    used 2043K, capacity 2198K, committed 2304K, reserved 1048576K
}
2018-04-06T21:39:41.907+0200: 1,215: Total time for which application threads were stopped: 0,0165687 seconds, Stopping threads took: 0,0011530 seconds
2018-04-06T21:39:42.128+0200: 1,436: Total time for which application threads were stopped: 0,0003978 seconds, Stopping threads took: 0,0000850 seconds
2018-04-06T21:39:42.175+0200: 1,484: Total time for which application threads were stopped: 0,0009188 seconds, Stopping threads took: 0,0006150 seconds
{Heap before GC invocations=1 (full 0):
 par new generation   total 109248K, used 99533K [0x00000000e0000000, 0x00000000e8000000, 0x00000000e8000000)
  eden space 87424K, 100% used [0x00000000e0000000, 0x00000000e5560000, 0x00000000e5560000)
  from space 21824K,  55% used [0x00000000e6ab0000, 0x00000000e7683790, 0x00000000e8000000)
  to   space 21824K,   0% used [0x00000000e5560000, 0x00000000e5560000, 0x00000000e6ab0000)
 concurrent mark-sweep generation total 393216K, used 0K [0x00000000e8000000, 0x0000000100000000, 0x0000000100000000)
 Metaspace       used 20101K, capacity 20486K, committed 20736K, reserved 1067008K
  class space    used 2297K, capacity 2467K, committed 2560K, reserved 1048576K
2018-04-06T21:39:42.182+0200: 1,491: [GC (Allocation Failure) 2018-04-06T21:39:42.182+0200: 1,491: [ParNew
Desired survivor size 20112992 bytes, new threshold 8 (max 8)
- age   1:    2989504 bytes,    2989504 total
- age   2:    6463568 bytes,    9453072 total
: 99533K->13437K(109248K), 0,0094882 secs] 99533K->13437K(502464K), 0,0095729 secs] [Times: user=0,03 sys=0,00, real=0,01 secs] 
Heap after GC invocations=2 (full 0):
 par new generation   total 109248K, used 13437K [0x00000000e0000000, 0x00000000e8000000, 0x00000000e8000000)
  eden space 87424K,   0% used [0x00000000e0000000, 0x00000000e0000000, 0x00000000e5560000)
  from space 21824K,  61% used [0x00000000e5560000, 0x00000000e627f708, 0x00000000e6ab0000)
  to   space 21824K,   0% used [0x00000000e6ab0000, 0x00000000e6ab0000, 0x00000000e8000000)
 concurrent mark-sweep generation total 393216K, used 0K [0x00000000e8000000, 0x0000000100000000, 0x0000000100000000)
 Metaspace       used 20101K, capacity 20486K, committed 20736K, reserved 1067008K
  class space    used 2297K, capacity 2467K, committed 2560K, reserved 1048576K
}
2018-04-06T21:39:42.192+0200: 1,500: Total time for which application threads were stopped: 0,0098249 seconds, Stopping threads took: 0,0001101 seconds
2018-04-06T21:39:42.220+0200: 1,528: Total time for which application threads were stopped: 0,0004132 seconds, Stopping threads took: 0,0000645 seconds
2018-04-06T21:39:42.332+0200: 1,641: Total time for which application threads were stopped: 0,0004781 seconds, Stopping threads took: 0,0003519 seconds
{Heap before GC invocations=2 (full 0):
 par new generation   total 109248K, used 100861K [0x00000000e0000000, 0x00000000e8000000, 0x00000000e8000000)
  eden space 87424K, 100% used [0x00000000e0000000, 0x00000000e5560000, 0x00000000e5560000)
  from space 21824K,  61% used [0x00000000e5560000, 0x00000000e627f708, 0x00000000e6ab0000)
  to   space 21824K,   0% used [0x00000000e6ab0000, 0x00000000e6ab0000, 0x00000000e8000000)
 concurrent mark-sweep generation total 393216K, used 0K [0x00000000e8000000, 0x0000000100000000, 0x0000000100000000)
 Metaspace       used 21012K, capacity 21344K, committed 21628K, reserved 1069056K
  class space    used 2419K, capacity 2586K, committed 2684K, reserved 1048576K
2018-04-06T21:39:42.372+0200: 1,681: [GC (Allocation Failure) 2018-04-06T21:39:42.372+0200: 1,681: [ParNew
Desired survivor size 20112992 bytes, new threshold 8 (max 8)
- age   1:    2007232 bytes,    2007232 total
- age   2:     524520 bytes,    2531752 total
- age   3:    6461216 bytes,    8992968 total
: 100861K->12108K(109248K), 0,0126694 secs] 100861K->12108K(502464K), 0,0127507 secs] [Times: user=0,04 sys=0,00, real=0,01 secs] 
Heap after GC invocations=3 (full 0):
 par new generation   total 109248K, used 12108K [0x00000000e0000000, 0x00000000e8000000, 0x00000000e8000000)
  eden space 87424K,   0% used [0x00000000e0000000, 0x00000000e0000000, 0x00000000e5560000)
  from space 21824K,  55% used [0x00000000e6ab0000, 0x00000000e7683180, 0x00000000e8000000)
  to   space 21824K,   0% used [0x00000000e5560000, 0x00000000e5560000, 0x00000000e6ab0000)
 concurrent mark-sweep generation total 393216K, used 0K [0x00000000e8000000, 0x0000000100000000, 0x0000000100000000)
 Metaspace       used 21012K, capacity 21344K, committed 21628K, reserved 1069056K
  class space    used 2419K, capacity 2586K, committed 2684K, reserved 1048576K
}
2018-04-06T21:39:42.385+0200: 1,693: Total time for which application threads were stopped: 0,0129427 seconds, Stopping threads took: 0,0000269 seconds
2018-04-06T21:39:42.385+0200: 1,694: [GC (CMS Initial Mark) [1 CMS-initial-mark: 0K(393216K)] 13565K(502464K), 0,0036758 secs] [Times: user=0,02 sys=0,00, real=0,01 secs] 
2018-04-06T21:39:42.389+0200: 1,697: Total time for which application threads were stopped: 0,0038213 seconds, Stopping threads took: 0,0000467 seconds
2018-04-06T21:39:42.389+0200: 1,697: [CMS-concurrent-mark-start]
2018-04-06T21:39:42.392+0200: 1,701: [CMS-concurrent-mark: 0,003/0,003 secs] [Times: user=0,00 sys=0,00, real=0,00 secs] 
2018-04-06T21:39:42.392+0200: 1,701: [CMS-concurrent-preclean-start]
2018-04-06T21:39:42.393+0200: 1,701: [CMS-concurrent-preclean: 0,001/0,001 secs] [Times: user=0,00 sys=0,00, real=0,00 secs] 
2018-04-06T21:39:42.395+0200: 1,704: [GC (CMS Final Remark) [YG occupancy: 13565 K (109248 K)]{Heap before GC invocations=3 (full 1):
 par new generation   total 109248K, used 13565K [0x00000000e0000000, 0x00000000e8000000, 0x00000000e8000000)
  eden space 87424K,   1% used [0x00000000e0000000, 0x00000000e016c4d0, 0x00000000e5560000)
  from space 21824K,  55% used [0x00000000e6ab0000, 0x00000000e7683180, 0x00000000e8000000)
  to   space 21824K,   0% used [0x00000000e5560000, 0x00000000e5560000, 0x00000000e6ab0000)
 concurrent mark-sweep generation total 393216K, used 0K [0x00000000e8000000, 0x0000000100000000, 0x0000000100000000)
 Metaspace       used 21017K, capacity 21344K, committed 21628K, reserved 1069056K
  class space    used 2420K, capacity 2586K, committed 2684K, reserved 1048576K
2018-04-06T21:39:42.395+0200: 1,704: [GC (CMS Final Remark) 2018-04-06T21:39:42.395+0200: 1,704: [ParNew
Desired survivor size 20112992 bytes, new threshold 8 (max 8)
- age   1:       2072 bytes,       2072 total
- age   2:    1910304 bytes,    1912376 total
- age   3:     524520 bytes,    2436896 total
- age   4:    6461216 bytes,    8898112 total
: 13565K->10437K(109248K), 0,0108563 secs] 13565K->10437K(502464K), 0,0109188 secs] [Times: user=0,04 sys=0,00, real=0,01 secs] 
Heap after GC invocations=4 (full 1):
 par new generation   total 109248K, used 10437K [0x00000000e0000000, 0x00000000e8000000, 0x00000000e8000000)
  eden space 87424K,   0% used [0x00000000e0000000, 0x00000000e0000000, 0x00000000e5560000)
  from space 21824K,  47% used [0x00000000e5560000, 0x00000000e5f91478, 0x00000000e6ab0000)
  to   space 21824K,   0% used [0x00000000e6ab0000, 0x00000000e6ab0000, 0x00000000e8000000)
 concurrent mark-sweep generation total 393216K, used 0K [0x00000000e8000000, 0x0000000100000000, 0x0000000100000000)
 Metaspace       used 21017K, capacity 21344K, committed 21628K, reserved 1069056K
  class space    used 2420K, capacity 2586K, committed 2684K, reserved 1048576K
}
2018-04-06T21:39:42.406+0200: 1,715: [Rescan (parallel) , 0,0046589 secs]2018-04-06T21:39:42.411+0200: 1,719: [weak refs processing, 0,0016950 secs]2018-04-06T21:39:42.413+0200: 1,721: [class unloading, 0,0030111 secs]2018-04-06T21:39:42.416+0200: 1,724: [scrub symbol table, 0,0040376 secs]2018-04-06T21:39:42.420+0200: 1,728: [scrub string table, 0,0004048 secs][1 CMS-remark: 0K(393216K)] 10437K(502464K), 0,0255902 secs] [Times: user=0,08 sys=0,00, real=0,03 secs] 
2018-04-06T21:39:42.421+0200: 1,729: Total time for which application threads were stopped: 0,0277775 seconds, Stopping threads took: 0,0020647 seconds
2018-04-06T21:39:42.421+0200: 1,729: [CMS-concurrent-sweep-start]
2018-04-06T21:39:42.421+0200: 1,729: [CMS-concurrent-sweep: 0,000/0,000 secs] [Times: user=0,00 sys=0,00, real=0,00 secs] 
2018-04-06T21:39:42.421+0200: 1,729: [CMS-concurrent-reset-start]
2018-04-06T21:39:42.422+0200: 1,731: [CMS-concurrent-reset: 0,002/0,002 secs] [Times: user=0,01 sys=0,00, real=0,00 secs] 
{Heap before GC invocations=4 (full 1):
 par new generation   total 109248K, used 97861K [0x00000000e0000000, 0x00000000e8000000, 0x00000000e8000000)
  eden space 87424K, 100% used [0x00000000e0000000, 0x00000000e5560000, 0x00000000e5560000)
  from space 21824K,  47% used [0x00000000e5560000, 0x00000000e5f91478, 0x00000000e6ab0000)
  to   space 21824K,   0% used [0x00000000e6ab0000, 0x00000000e6ab0000, 0x00000000e8000000)
 concurrent mark-sweep generation total 393216K, used 0K [0x00000000e8000000, 0x0000000100000000, 0x0000000100000000)
 Metaspace       used 21261K, capacity 21600K, committed 21884K, reserved 1069056K
  class space    used 2452K, capacity 2635K, committed 2684K, reserved 1048576K
2018-04-06T21:39:42.519+0200: 1,828: [GC (Allocation Failure) 2018-04-06T21:39:42.519+0200: 1,828: [ParNew
Desired survivor size 20112992 bytes, new threshold 8 (max 8)
- age   1:     879280 bytes,     879280 total
- age   2:        784 bytes,     880064 total
- age   3:    1437552 bytes,    2317616 total
- age   4:     522264 bytes,    2839880 total
- age   5:    6461504 bytes,    9301384 total
: 97861K->13434K(109248K), 0,0113217 secs] 97861K->13434K(502464K), 0,0114005 secs] [Times: user=0,04 sys=0,00, real=0,01 secs] 
Heap after GC invocations=5 (full 1):
 par new generation   total 109248K, used 13434K [0x00000000e0000000, 0x00000000e8000000, 0x00000000e8000000)
  eden space 87424K,   0% used [0x00000000e0000000, 0x00000000e0000000, 0x00000000e5560000)
  from space 21824K,  61% used [0x00000000e6ab0000, 0x00000000e77cea20, 0x00000000e8000000)
  to   space 21824K,   0% used [0x00000000e5560000, 0x00000000e5560000, 0x00000000e6ab0000)
 concurrent mark-sweep generation total 393216K, used 0K [0x00000000e8000000, 0x0000000100000000, 0x0000000100000000)
 Metaspace       used 21261K, capacity 21600K, committed 21884K, reserved 1069056K
  class space    used 2452K, capacity 2635K, committed 2684K, reserved 1048576K
}
2018-04-06T21:39:42.531+0200: 1,839: Total time for which application threads were stopped: 0,0116135 seconds, Stopping threads took: 0,0000307 seconds
2018-04-06T21:39:42.628+0200: 1,936: Total time for which application threads were stopped: 0,0001319 seconds, Stopping threads took: 0,0000489 seconds
{Heap before GC invocations=5 (full 1):
 par new generation   total 109248K, used 100890K [0x00000000e0000000, 0x00000000e8000000, 0x00000000e8000000)
  eden space 87424K, 100% used [0x00000000e0000000, 0x00000000e5560000, 0x00000000e5560000)
  from space 21824K,  61% used [0x00000000e6ab0000, 0x00000000e77d6a30, 0x00000000e8000000)
  to   space 21824K,   0% used [0x00000000e5560000, 0x00000000e5560000, 0x00000000e6ab0000)
 concurrent mark-sweep generation total 393216K, used 0K [0x00000000e8000000, 0x0000000100000000, 0x0000000100000000)
 Metaspace       used 21599K, capacity 21970K, committed 22140K, reserved 1069056K
  class space    used 2495K, capacity 2670K, committed 2684K, reserved 1048576K
2018-04-06T21:39:42.628+0200: 1,936: [GC (GCLocker Initiated GC) 2018-04-06T21:39:42.628+0200: 1,936: [ParNew
Desired survivor size 20112992 bytes, new threshold 8 (max 8)
- age   1:     584760 bytes,     584760 total
- age   2:     194600 bytes,     779360 total
- age   3:        784 bytes,     780144 total
- age   4:     660568 bytes,    1440712 total
- age   5:     518432 bytes,    1959144 total
- age   6:    6463112 bytes,    8422256 total
: 100890K->10650K(109248K), 0,0081623 secs] 100890K->10650K(502464K), 0,0082297 secs] [Times: user=0,02 sys=0,00, real=0,00 secs] 
Heap after GC invocations=6 (full 1):
 par new generation   total 109248K, used 10650K [0x00000000e0000000, 0x00000000e8000000, 0x00000000e8000000)
  eden space 87424K,   0% used [0x00000000e0000000, 0x00000000e0000000, 0x00000000e5560000)
  from space 21824K,  48% used [0x00000000e5560000, 0x00000000e5fc6b00, 0x00000000e6ab0000)
  to   space 21824K,   0% used [0x00000000e6ab0000, 0x00000000e6ab0000, 0x00000000e8000000)
 concurrent mark-sweep generation total 393216K, used 0K [0x00000000e8000000, 0x0000000100000000, 0x0000000100000000)
 Metaspace       used 21599K, capacity 21970K, committed 22140K, reserved 1069056K
  class space    used 2495K, capacity 2670K, committed 2684K, reserved 1048576K
}
2018-04-06T21:39:42.636+0200: 1,945: Total time for which application threads were stopped: 0,0083981 seconds, Stopping threads took: 0,0000468 seconds
2018-04-06T21:39:42.641+0200: 1,949: Total time for which application threads were stopped: 0,0003050 seconds, Stopping threads took: 0,0000359 seconds
2018-04-06T21:39:42.895+0200: 2,203: Total time for which application threads were stopped: 0,0005746 seconds, Stopping threads took: 0,0000512 seconds
2018-04-06T21:39:42.908+0200: 2,216: Total time for which application threads were stopped: 0,0003725 seconds, Stopping threads took: 0,0000473 seconds
{Heap before GC invocations=6 (full 1):
 par new generation   total 109248K, used 98074K [0x00000000e0000000, 0x00000000e8000000, 0x00000000e8000000)
  eden space 87424K,  99% used [0x00000000e0000000, 0x00000000e555fff0, 0x00000000e5560000)
  from space 21824K,  48% used [0x00000000e5560000, 0x00000000e5fc6b00, 0x00000000e6ab0000)
  to   space 21824K,   0% used [0x00000000e6ab0000, 0x00000000e6ab0000, 0x00000000e8000000)
 concurrent mark-sweep generation total 393216K, used 0K [0x00000000e8000000, 0x0000000100000000, 0x0000000100000000)
 Metaspace       used 25490K, capacity 26020K, committed 26236K, reserved 1073152K
  class space    used 2949K, capacity 3153K, committed 3196K, reserved 1048576K
2018-04-06T21:39:43.190+0200: 2,498: [GC (Allocation Failure) 2018-04-06T21:39:43.190+0200: 2,498: [ParNew
Desired survivor size 20112992 bytes, new threshold 8 (max 8)
- age   1:    8627824 bytes,    8627824 total
- age   2:     173728 bytes,    8801552 total
- age   3:     191112 bytes,    8992664 total
- age   4:        728 bytes,    8993392 total
- age   5:     265416 bytes,    9258808 total
- age   6:     498304 bytes,    9757112 total
- age   7:    6454272 bytes,   16211384 total
: 98074K->18763K(109248K), 0,0156237 secs] 98074K->18763K(502464K), 0,0157261 secs] [Times: user=0,05 sys=0,01, real=0,01 secs] 
Heap after GC invocations=7 (full 1):
 par new generation   total 109248K, used 18763K [0x00000000e0000000, 0x00000000e8000000, 0x00000000e8000000)
  eden space 87424K,   0% used [0x00000000e0000000, 0x00000000e0000000, 0x00000000e5560000)
  from space 21824K,  85% used [0x00000000e6ab0000, 0x00000000e7d02ce0, 0x00000000e8000000)
  to   space 21824K,   0% used [0x00000000e5560000, 0x00000000e5560000, 0x00000000e6ab0000)
 concurrent mark-sweep generation total 393216K, used 0K [0x00000000e8000000, 0x0000000100000000, 0x0000000100000000)
 Metaspace       used 25490K, capacity 26020K, committed 26236K, reserved 1073152K
  class space    used 2949K, capacity 3153K, committed 3196K, reserved 1048576K
}
2018-04-06T21:39:43.206+0200: 2,514: Total time for which application threads were stopped: 0,0160715 seconds, Stopping threads took: 0,0000620 seconds
2018-04-06T21:39:43.296+0200: 2,604: Total time for which application threads were stopped: 0,0040272 seconds, Stopping threads took: 0,0036306 seconds
2018-04-06T21:39:43.308+0200: 2,616: Total time for which application threads were stopped: 0,0004401 seconds, Stopping threads took: 0,0000383 seconds
2018-04-06T21:39:43.360+0200: 2,669: Total time for which application threads were stopped: 0,0004651 seconds, Stopping threads took: 0,0000583 seconds
2018-04-06T21:39:43.485+0200: 2,794: Total time for which application threads were stopped: 0,0005469 seconds, Stopping threads took: 0,0000522 seconds
{Heap before GC invocations=7 (full 1):
 par new generation   total 109248K, used 106187K [0x00000000e0000000, 0x00000000e8000000, 0x00000000e8000000)
  eden space 87424K, 100% used [0x00000000e0000000, 0x00000000e5560000, 0x00000000e5560000)
  from space 21824K,  85% used [0x00000000e6ab0000, 0x00000000e7d02ce0, 0x00000000e8000000)
  to   space 21824K,   0% used [0x00000000e5560000, 0x00000000e5560000, 0x00000000e6ab0000)
 concurrent mark-sweep generation total 393216K, used 0K [0x00000000e8000000, 0x0000000100000000, 0x0000000100000000)
 Metaspace       used 27929K, capacity 28536K, committed 28796K, reserved 1075200K
  class space    used 3211K, capacity 3387K, committed 3452K, reserved 1048576K
2018-04-06T21:39:43.575+0200: 2,883: [GC (Allocation Failure) 2018-04-06T21:39:43.575+0200: 2,883: [ParNew
Desired survivor size 20112992 bytes, new threshold 8 (max 8)
- age   1:    9829760 bytes,    9829760 total
- age   2:    4828568 bytes,   14658328 total
- age   3:     172440 bytes,   14830768 total
- age   4:     190936 bytes,   15021704 total
- age   5:        728 bytes,   15022432 total
- age   6:     265080 bytes,   15287512 total
- age   7:     489848 bytes,   15777360 total
- age   8:    6447592 bytes,   22224952 total
: 106187K->21824K(109248K), 0,0286593 secs] 106187K->23337K(502464K), 0,0287571 secs] [Times: user=0,11 sys=0,00, real=0,03 secs] 
Heap after GC invocations=8 (full 1):
 par new generation   total 109248K, used 21824K [0x00000000e0000000, 0x00000000e8000000, 0x00000000e8000000)
  eden space 87424K,   0% used [0x00000000e0000000, 0x00000000e0000000, 0x00000000e5560000)
  from space 21824K, 100% used [0x00000000e5560000, 0x00000000e6ab0000, 0x00000000e6ab0000)
  to   space 21824K,   0% used [0x00000000e6ab0000, 0x00000000e6ab0000, 0x00000000e8000000)
 concurrent mark-sweep generation total 393216K, used 1513K [0x00000000e8000000, 0x0000000100000000, 0x0000000100000000)
 Metaspace       used 27929K, capacity 28536K, committed 28796K, reserved 1075200K
  class space    used 3211K, capacity 3387K, committed 3452K, reserved 1048576K
}
2018-04-06T21:39:43.603+0200: 2,912: Total time for which application threads were stopped: 0,0328976 seconds, Stopping threads took: 0,0038275 seconds
{Heap before GC invocations=8 (full 1):
 par new generation   total 109248K, used 109247K [0x00000000e0000000, 0x00000000e8000000, 0x00000000e8000000)
  eden space 87424K,  99% used [0x00000000e0000000, 0x00000000e555fc90, 0x00000000e5560000)
  from space 21824K, 100% used [0x00000000e5560000, 0x00000000e6ab0000, 0x00000000e6ab0000)
  to   space 21824K,   0% used [0x00000000e6ab0000, 0x00000000e6ab0000, 0x00000000e8000000)
 concurrent mark-sweep generation total 393216K, used 1513K [0x00000000e8000000, 0x0000000100000000, 0x0000000100000000)
 Metaspace       used 28053K, capacity 28660K, committed 28796K, reserved 1075200K
  class space    used 3224K, capacity 3424K, committed 3452K, reserved 1048576K
2018-04-06T21:39:43.683+0200: 2,991: [GC (Allocation Failure) 2018-04-06T21:39:43.683+0200: 2,991: [ParNew
Desired survivor size 20112992 bytes, new threshold 8 (max 8)
- age   1:     970072 bytes,     970072 total
- age   2:    8712128 bytes,    9682200 total
- age   3:    4828528 bytes,   14510728 total
- age   4:     172440 bytes,   14683168 total
- age   5:     190728 bytes,   14873896 total
- age   6:        728 bytes,   14874624 total
- age   7:     265048 bytes,   15139672 total
- age   8:     489832 bytes,   15629504 total
: 109247K->21824K(109248K), 0,0396937 secs] 110760K->29709K(502464K), 0,0398265 secs] [Times: user=0,14 sys=0,00, real=0,04 secs] 
Heap after GC invocations=9 (full 1):
 par new generation   total 109248K, used 21824K [0x00000000e0000000, 0x00000000e8000000, 0x00000000e8000000)
  eden space 87424K,   0% used [0x00000000e0000000, 0x00000000e0000000, 0x00000000e5560000)
  from space 21824K, 100% used [0x00000000e6ab0000, 0x00000000e8000000, 0x00000000e8000000)
  to   space 21824K,   0% used [0x00000000e5560000, 0x00000000e5560000, 0x00000000e6ab0000)
 concurrent mark-sweep generation total 393216K, used 7885K [0x00000000e8000000, 0x0000000100000000, 0x0000000100000000)
 Metaspace       used 28053K, capacity 28660K, committed 28796K, reserved 1075200K
  class space    used 3224K, capacity 3424K, committed 3452K, reserved 1048576K
}
2018-04-06T21:39:43.722+0200: 3,031: Total time for which application threads were stopped: 0,0401261 seconds, Stopping threads took: 0,0000825 seconds
{Heap before GC invocations=9 (full 1):
 par new generation   total 109248K, used 109248K [0x00000000e0000000, 0x00000000e8000000, 0x00000000e8000000)
  eden space 87424K, 100% used [0x00000000e0000000, 0x00000000e5560000, 0x00000000e5560000)
  from space 21824K, 100% used [0x00000000e6ab0000, 0x00000000e8000000, 0x00000000e8000000)
  to   space 21824K,   0% used [0x00000000e5560000, 0x00000000e5560000, 0x00000000e6ab0000)
 concurrent mark-sweep generation total 393216K, used 7885K [0x00000000e8000000, 0x0000000100000000, 0x0000000100000000)
 Metaspace       used 28190K, capacity 28820K, committed 29052K, reserved 1075200K
  class space    used 3230K, capacity 3433K, committed 3452K, reserved 1048576K
2018-04-06T21:39:43.866+0200: 3,175: [GC (Allocation Failure) 2018-04-06T21:39:43.866+0200: 3,175: [ParNew
Desired survivor size 20112992 bytes, new threshold 8 (max 8)
- age   1:    1127400 bytes,    1127400 total
- age   2:     166064 bytes,    1293464 total
- age   3:    8529664 bytes,    9823128 total
- age   4:    4828400 bytes,   14651528 total
- age   5:     172440 bytes,   14823968 total
- age   6:     190728 bytes,   15014696 total
- age   7:        728 bytes,   15015424 total
- age   8:     265048 bytes,   15280472 total
: 109248K->20392K(109248K), 0,0194791 secs] 117133K->28768K(502464K), 0,0195943 secs] [Times: user=0,07 sys=0,01, real=0,02 secs] 
Heap after GC invocations=10 (full 1):
 par new generation   total 109248K, used 20392K [0x00000000e0000000, 0x00000000e8000000, 0x00000000e8000000)
  eden space 87424K,   0% used [0x00000000e0000000, 0x00000000e0000000, 0x00000000e5560000)
  from space 21824K,  93% used [0x00000000e5560000, 0x00000000e694a240, 0x00000000e6ab0000)
  to   space 21824K,   0% used [0x00000000e6ab0000, 0x00000000e6ab0000, 0x00000000e8000000)
 concurrent mark-sweep generation total 393216K, used 8376K [0x00000000e8000000, 0x0000000100000000, 0x0000000100000000)
 Metaspace       used 28190K, capacity 28820K, committed 29052K, reserved 1075200K
  class space    used 3230K, capacity 3433K, committed 3452K, reserved 1048576K
}
2018-04-06T21:39:43.886+0200: 3,194: Total time for which application threads were stopped: 0,0224874 seconds, Stopping threads took: 0,0026710 seconds
2018-04-06T21:39:44.748+0200: 4,057: Total time for which application threads were stopped: 0,0003640 seconds, Stopping threads took: 0,0000190 seconds
2018-04-06T21:39:46.749+0200: 6,057: Total time for which application threads were stopped: 0,0000774 seconds, Stopping threads took: 0,0000208 seconds
2018-04-06T21:39:47.383+0200: 6,692: Total time for which application threads were stopped: 0,0000805 seconds, Stopping threads took: 0,0000177 seconds
2018-04-06T21:39:47.387+0200: 6,695: Total time for which application threads were stopped: 0,0000638 seconds, Stopping threads took: 0,0000168 seconds
2018-04-06T21:39:47.405+0200: 6,714: Total time for which application threads were stopped: 0,0003921 seconds, Stopping threads took: 0,0000237 seconds
2018-04-06T21:39:47.421+0200: 6,729: Total time for which application threads were stopped: 0,0000947 seconds, Stopping threads took: 0,0000307 seconds
2018-04-06T21:39:47.421+0200: 6,729: Total time for which application threads were stopped: 0,0000635 seconds, Stopping threads took: 0,0000222 seconds
2018-04-06T21:39:47.490+0200: 6,798: Total time for which application threads were stopped: 0,0001403 seconds, Stopping threads took: 0,0000327 seconds
2018-04-06T21:39:47.492+0200: 6,800: Total time for which application threads were stopped: 0,0000980 seconds, Stopping threads took: 0,0000260 seconds
2018-04-06T21:39:47.549+0200: 6,858: Total time for which application threads were stopped: 0,0001131 seconds, Stopping threads took: 0,0000292 seconds
2018-04-06T21:39:47.554+0200: 6,862: Total time for which application threads were stopped: 0,0001148 seconds, Stopping threads took: 0,0000530 seconds
2018-04-06T21:39:47.572+0200: 6,881: Total time for which application threads were stopped: 0,0000882 seconds, Stopping threads took: 0,0000278 seconds
2018-04-06T21:39:47.937+0200: 7,245: Total time for which application threads were stopped: 0,0005160 seconds, Stopping threads took: 0,0000204 seconds
2018-04-06T21:39:47.938+0200: 7,246: Total time for which application threads were stopped: 0,0004693 seconds, Stopping threads took: 0,0000248 seconds
2018-04-06T21:39:47.941+0200: 7,250: Total time for which application threads were stopped: 0,0001000 seconds, Stopping threads took: 0,0000221 seconds
2018-04-06T21:39:47.942+0200: 7,251: Total time for which application threads were stopped: 0,0000938 seconds, Stopping threads took: 0,0000367 seconds
2018-04-06T21:39:47.949+0200: 7,257: Total time for which application threads were stopped: 0,0018977 seconds, Stopping threads took: 0,0018212 seconds
2018-04-06T21:39:47.959+0200: 7,267: Total time for which application threads were stopped: 0,0001454 seconds, Stopping threads took: 0,0000624 seconds
2018-04-06T21:39:47.966+0200: 7,274: Total time for which application threads were stopped: 0,0001550 seconds, Stopping threads took: 0,0000715 seconds
2018-04-06T21:39:47.969+0200: 7,277: Total time for which application threads were stopped: 0,0001398 seconds, Stopping threads took: 0,0000663 seconds
2018-04-06T21:39:47.970+0200: 7,278: Total time for which application threads were stopped: 0,0004289 seconds, Stopping threads took: 0,0003607 seconds
2018-04-06T21:39:47.977+0200: 7,285: Total time for which application threads were stopped: 0,0001032 seconds, Stopping threads took: 0,0000274 seconds
Heap
 par new generation   total 109248K, used 69627K [0x00000000e0000000, 0x00000000e8000000, 0x00000000e8000000)
  eden space 87424K,  56% used [0x00000000e0000000, 0x00000000e3014b00, 0x00000000e5560000)
  from space 21824K,  93% used [0x00000000e5560000, 0x00000000e694a240, 0x00000000e6ab0000)
  to   space 21824K,   0% used [0x00000000e6ab0000, 0x00000000e6ab0000, 0x00000000e8000000)
 concurrent mark-sweep generation total 393216K, used 8376K [0x00000000e8000000, 0x0000000100000000, 0x0000000100000000)
 Metaspace       used 29780K, capacity 30488K, committed 30588K, reserved 1077248K
  class space    used 3435K, capacity 3668K, committed 3708K, reserved 1048576K
