OpenJDK 64-Bit Server VM (25.171-b11) for linux-amd64 JRE (1.8.0_171-8u171-b11-0ubuntu0.16.04.1-b11), built on Apr 27 2018 17:19:03 by "buildd" with gcc 5.4.0 20160609
Memory: 4k page, physical 7867600k(808236k free), swap 8076284k(8010324k free)
CommandLine flags: -XX:CMSInitiatingOccupancyFraction=50 -XX:CMSMaxAbortablePrecleanTime=6000 -XX:+CMSParallelRemarkEnabled -XX:+CMSScavengeBeforeRemark -XX:ConcGCThreads=4 -XX:InitialHeapSize=536870912 -XX:MaxHeapSize=536870912 -XX:MaxTenuringThreshold=8 -XX:NewRatio=3 -XX:OldPLABSize=16 -XX:OnOutOfMemoryError=/home/gurnoor/workspace/QTM/solr/bin/oom_solr.sh 8983 /home/gurnoor/workspace/QTM/solr/server/logs -XX:ParallelGCThreads=4 -XX:+ParallelRefProcEnabled -XX:PretenureSizeThreshold=67108864 -XX:+PrintGC -XX:+PrintGCApplicationStoppedTime -XX:+PrintGCDateStamps -XX:+PrintGCDetails -XX:+PrintGCTimeStamps -XX:+PrintHeapAtGC -XX:+PrintTenuringDistribution -XX:SurvivorRatio=4 -XX:TargetSurvivorRatio=90 -XX:ThreadStackSize=256 -XX:+UseCMSInitiatingOccupancyOnly -XX:+UseCompressedClassPointers -XX:+UseCompressedOops -XX:+UseConcMarkSweepGC -XX:+UseParNewGC 
2018-06-19T15:03:10.783+0200: 0,185: Total time for which application threads were stopped: 0,0001205 seconds, Stopping threads took: 0,0000209 seconds
2018-06-19T15:03:10.999+0200: 0,401: Total time for which application threads were stopped: 0,0001590 seconds, Stopping threads took: 0,0000258 seconds
2018-06-19T15:03:11.050+0200: 0,453: Total time for which application threads were stopped: 0,0006004 seconds, Stopping threads took: 0,0000750 seconds
2018-06-19T15:03:11.456+0200: 0,859: Total time for which application threads were stopped: 0,0001979 seconds, Stopping threads took: 0,0000246 seconds
2018-06-19T15:03:11.519+0200: 0,922: Total time for which application threads were stopped: 0,0001328 seconds, Stopping threads took: 0,0000140 seconds
2018-06-19T15:03:11.851+0200: 1,253: Total time for which application threads were stopped: 0,0002329 seconds, Stopping threads took: 0,0000273 seconds
2018-06-19T15:03:11.971+0200: 1,373: Total time for which application threads were stopped: 0,0001586 seconds, Stopping threads took: 0,0000156 seconds
2018-06-19T15:03:11.997+0200: 1,399: Total time for which application threads were stopped: 0,0001588 seconds, Stopping threads took: 0,0000167 seconds
2018-06-19T15:03:12.341+0200: 1,744: Total time for which application threads were stopped: 0,0002663 seconds, Stopping threads took: 0,0000242 seconds
2018-06-19T15:03:12.574+0200: 1,977: Total time for which application threads were stopped: 0,0002868 seconds, Stopping threads took: 0,0000164 seconds
2018-06-19T15:03:12.602+0200: 2,005: Total time for which application threads were stopped: 0,0002250 seconds, Stopping threads took: 0,0000231 seconds
2018-06-19T15:03:12.646+0200: 2,048: Total time for which application threads were stopped: 0,0002346 seconds, Stopping threads took: 0,0000232 seconds
2018-06-19T15:03:12.647+0200: 2,050: Total time for which application threads were stopped: 0,0002175 seconds, Stopping threads took: 0,0000255 seconds
2018-06-19T15:03:12.663+0200: 2,066: Total time for which application threads were stopped: 0,0002009 seconds, Stopping threads took: 0,0000191 seconds
2018-06-19T15:03:12.741+0200: 2,143: Total time for which application threads were stopped: 0,0002401 seconds, Stopping threads took: 0,0000320 seconds
2018-06-19T15:03:12.963+0200: 2,366: Total time for which application threads were stopped: 0,0003482 seconds, Stopping threads took: 0,0000404 seconds
{Heap before GC invocations=0 (full 0):
 par new generation   total 109248K, used 87424K [0x00000000e0000000, 0x00000000e8000000, 0x00000000e8000000)
  eden space 87424K, 100% used [0x00000000e0000000, 0x00000000e5560000, 0x00000000e5560000)
  from space 21824K,   0% used [0x00000000e5560000, 0x00000000e5560000, 0x00000000e6ab0000)
  to   space 21824K,   0% used [0x00000000e6ab0000, 0x00000000e6ab0000, 0x00000000e8000000)
 concurrent mark-sweep generation total 393216K, used 0K [0x00000000e8000000, 0x0000000100000000, 0x0000000100000000)
 Metaspace       used 18283K, capacity 18536K, committed 18688K, reserved 1064960K
  class space    used 2065K, capacity 2198K, committed 2304K, reserved 1048576K
2018-06-19T15:03:13.136+0200: 2,538: [GC (Allocation Failure) 2018-06-19T15:03:13.136+0200: 2,538: [ParNew
Desired survivor size 20112992 bytes, new threshold 8 (max 8)
- age   1:   12822768 bytes,   12822768 total
: 87424K->12646K(109248K), 0,0258948 secs] 87424K->12646K(502464K), 0,0261136 secs] [Times: user=0,05 sys=0,01, real=0,02 secs] 
Heap after GC invocations=1 (full 0):
 par new generation   total 109248K, used 12646K [0x00000000e0000000, 0x00000000e8000000, 0x00000000e8000000)
  eden space 87424K,   0% used [0x00000000e0000000, 0x00000000e0000000, 0x00000000e5560000)
  from space 21824K,  57% used [0x00000000e6ab0000, 0x00000000e77099c8, 0x00000000e8000000)
  to   space 21824K,   0% used [0x00000000e5560000, 0x00000000e5560000, 0x00000000e6ab0000)
 concurrent mark-sweep generation total 393216K, used 0K [0x00000000e8000000, 0x0000000100000000, 0x0000000100000000)
 Metaspace       used 18283K, capacity 18536K, committed 18688K, reserved 1064960K
  class space    used 2065K, capacity 2198K, committed 2304K, reserved 1048576K
}
2018-06-19T15:03:13.162+0200: 2,564: Total time for which application threads were stopped: 0,0267406 seconds, Stopping threads took: 0,0000345 seconds
2018-06-19T15:03:13.589+0200: 2,991: Total time for which application threads were stopped: 0,0004019 seconds, Stopping threads took: 0,0000612 seconds
2018-06-19T15:03:13.690+0200: 3,092: Total time for which application threads were stopped: 0,0120262 seconds, Stopping threads took: 0,0116720 seconds
{Heap before GC invocations=1 (full 0):
 par new generation   total 109248K, used 100070K [0x00000000e0000000, 0x00000000e8000000, 0x00000000e8000000)
  eden space 87424K, 100% used [0x00000000e0000000, 0x00000000e5560000, 0x00000000e5560000)
  from space 21824K,  57% used [0x00000000e6ab0000, 0x00000000e77099c8, 0x00000000e8000000)
  to   space 21824K,   0% used [0x00000000e5560000, 0x00000000e5560000, 0x00000000e6ab0000)
 concurrent mark-sweep generation total 393216K, used 0K [0x00000000e8000000, 0x0000000100000000, 0x0000000100000000)
 Metaspace       used 20071K, capacity 20430K, committed 20736K, reserved 1067008K
  class space    used 2298K, capacity 2469K, committed 2560K, reserved 1048576K
2018-06-19T15:03:13.699+0200: 3,101: [GC (Allocation Failure) 2018-06-19T15:03:13.699+0200: 3,101: [ParNew
Desired survivor size 20112992 bytes, new threshold 8 (max 8)
- age   1:    2506008 bytes,    2506008 total
- age   2:    6510408 bytes,    9016416 total
: 100070K->13614K(109248K), 0,0323637 secs] 100070K->13614K(502464K), 0,0324449 secs] [Times: user=0,08 sys=0,01, real=0,04 secs] 
Heap after GC invocations=2 (full 0):
 par new generation   total 109248K, used 13614K [0x00000000e0000000, 0x00000000e8000000, 0x00000000e8000000)
  eden space 87424K,   0% used [0x00000000e0000000, 0x00000000e0000000, 0x00000000e5560000)
  from space 21824K,  62% used [0x00000000e5560000, 0x00000000e62abab0, 0x00000000e6ab0000)
  to   space 21824K,   0% used [0x00000000e6ab0000, 0x00000000e6ab0000, 0x00000000e8000000)
 concurrent mark-sweep generation total 393216K, used 0K [0x00000000e8000000, 0x0000000100000000, 0x0000000100000000)
 Metaspace       used 20071K, capacity 20430K, committed 20736K, reserved 1067008K
  class space    used 2298K, capacity 2469K, committed 2560K, reserved 1048576K
}
2018-06-19T15:03:13.731+0200: 3,134: Total time for which application threads were stopped: 0,0327177 seconds, Stopping threads took: 0,0000971 seconds
2018-06-19T15:03:13.765+0200: 3,167: Total time for which application threads were stopped: 0,0005033 seconds, Stopping threads took: 0,0000922 seconds
2018-06-19T15:03:13.999+0200: 3,401: Total time for which application threads were stopped: 0,0011847 seconds, Stopping threads took: 0,0009937 seconds
{Heap before GC invocations=2 (full 0):
 par new generation   total 109248K, used 101038K [0x00000000e0000000, 0x00000000e8000000, 0x00000000e8000000)
  eden space 87424K, 100% used [0x00000000e0000000, 0x00000000e5560000, 0x00000000e5560000)
  from space 21824K,  62% used [0x00000000e5560000, 0x00000000e62abab0, 0x00000000e6ab0000)
  to   space 21824K,   0% used [0x00000000e6ab0000, 0x00000000e6ab0000, 0x00000000e8000000)
 concurrent mark-sweep generation total 393216K, used 0K [0x00000000e8000000, 0x0000000100000000, 0x0000000100000000)
 Metaspace       used 21030K, capacity 21352K, committed 21628K, reserved 1069056K
  class space    used 2423K, capacity 2588K, committed 2684K, reserved 1048576K
2018-06-19T15:03:14.098+0200: 3,500: [GC (Allocation Failure) 2018-06-19T15:03:14.098+0200: 3,501: [ParNew
Desired survivor size 20112992 bytes, new threshold 8 (max 8)
- age   1:    2199568 bytes,    2199568 total
- age   2:     477552 bytes,    2677120 total
- age   3:    6505816 bytes,    9182936 total
: 101038K->11402K(109248K), 0,0423853 secs] 101038K->11402K(502464K), 0,0430185 secs] [Times: user=0,08 sys=0,01, real=0,04 secs] 
Heap after GC invocations=3 (full 0):
 par new generation   total 109248K, used 11402K [0x00000000e0000000, 0x00000000e8000000, 0x00000000e8000000)
  eden space 87424K,   0% used [0x00000000e0000000, 0x00000000e0000000, 0x00000000e5560000)
  from space 21824K,  52% used [0x00000000e6ab0000, 0x00000000e75d2868, 0x00000000e8000000)
  to   space 21824K,   0% used [0x00000000e5560000, 0x00000000e5560000, 0x00000000e6ab0000)
 concurrent mark-sweep generation total 393216K, used 0K [0x00000000e8000000, 0x0000000100000000, 0x0000000100000000)
 Metaspace       used 21030K, capacity 21352K, committed 21628K, reserved 1069056K
  class space    used 2423K, capacity 2588K, committed 2684K, reserved 1048576K
}
2018-06-19T15:03:14.141+0200: 3,543: Total time for which application threads were stopped: 0,0449646 seconds, Stopping threads took: 0,0009110 seconds
2018-06-19T15:03:14.155+0200: 3,558: [GC (CMS Initial Mark) [1 CMS-initial-mark: 0K(393216K)] 16457K(502464K), 0,0158587 secs] [Times: user=0,03 sys=0,00, real=0,02 secs] 
2018-06-19T15:03:14.171+0200: 3,573: Total time for which application threads were stopped: 0,0169037 seconds, Stopping threads took: 0,0009109 seconds
2018-06-19T15:03:14.171+0200: 3,573: [CMS-concurrent-mark-start]
2018-06-19T15:03:14.172+0200: 3,574: [CMS-concurrent-mark: 0,001/0,001 secs] [Times: user=0,01 sys=0,00, real=0,00 secs] 
2018-06-19T15:03:14.172+0200: 3,574: [CMS-concurrent-preclean-start]
2018-06-19T15:03:14.173+0200: 3,575: [CMS-concurrent-preclean: 0,001/0,001 secs] [Times: user=0,00 sys=0,00, real=0,00 secs] 
2018-06-19T15:03:14.173+0200: 3,576: [CMS-concurrent-abortable-preclean-start]
2018-06-19T15:03:14.270+0200: 3,673: Total time for which application threads were stopped: 0,0002021 seconds, Stopping threads took: 0,0000713 seconds
{Heap before GC invocations=3 (full 1):
 par new generation   total 109248K, used 98826K [0x00000000e0000000, 0x00000000e8000000, 0x00000000e8000000)
  eden space 87424K, 100% used [0x00000000e0000000, 0x00000000e5560000, 0x00000000e5560000)
  from space 21824K,  52% used [0x00000000e6ab0000, 0x00000000e75d2868, 0x00000000e8000000)
  to   space 21824K,   0% used [0x00000000e5560000, 0x00000000e5560000, 0x00000000e6ab0000)
 concurrent mark-sweep generation total 393216K, used 0K [0x00000000e8000000, 0x0000000100000000, 0x0000000100000000)
 Metaspace       used 21289K, capacity 21718K, committed 21884K, reserved 1069056K
  class space    used 2451K, capacity 2635K, committed 2684K, reserved 1048576K
2018-06-19T15:03:14.330+0200: 3,732: [GC (Allocation Failure) 2018-06-19T15:03:14.330+0200: 3,732: [ParNew
Desired survivor size 20112992 bytes, new threshold 8 (max 8)
- age   1:    1445104 bytes,    1445104 total
- age   2:    1442488 bytes,    2887592 total
- age   3:     477264 bytes,    3364856 total
- age   4:    6513936 bytes,    9878792 total
: 98826K->13584K(109248K), 0,0227942 secs] 98826K->13584K(502464K), 0,0229686 secs] [Times: user=0,05 sys=0,01, real=0,03 secs] 
Heap after GC invocations=4 (full 1):
 par new generation   total 109248K, used 13584K [0x00000000e0000000, 0x00000000e8000000, 0x00000000e8000000)
  eden space 87424K,   0% used [0x00000000e0000000, 0x00000000e0000000, 0x00000000e5560000)
  from space 21824K,  62% used [0x00000000e5560000, 0x00000000e62a4030, 0x00000000e6ab0000)
  to   space 21824K,   0% used [0x00000000e6ab0000, 0x00000000e6ab0000, 0x00000000e8000000)
 concurrent mark-sweep generation total 393216K, used 0K [0x00000000e8000000, 0x0000000100000000, 0x0000000100000000)
 Metaspace       used 21289K, capacity 21718K, committed 21884K, reserved 1069056K
  class space    used 2451K, capacity 2635K, committed 2684K, reserved 1048576K
}
2018-06-19T15:03:14.353+0200: 3,755: Total time for which application threads were stopped: 0,0232713 seconds, Stopping threads took: 0,0000557 seconds
2018-06-19T15:03:14.353+0200: 3,755: [CMS-concurrent-abortable-preclean: 0,098/0,180 secs] [Times: user=0,50 sys=0,02, real=0,18 secs] 
2018-06-19T15:03:14.376+0200: 3,778: [GC (CMS Final Remark) [YG occupancy: 23604 K (109248 K)]{Heap before GC invocations=4 (full 1):
 par new generation   total 109248K, used 23604K [0x00000000e0000000, 0x00000000e8000000, 0x00000000e8000000)
  eden space 87424K,  11% used [0x00000000e0000000, 0x00000000e09c91c0, 0x00000000e5560000)
  from space 21824K,  62% used [0x00000000e5560000, 0x00000000e62a4030, 0x00000000e6ab0000)
  to   space 21824K,   0% used [0x00000000e6ab0000, 0x00000000e6ab0000, 0x00000000e8000000)
 concurrent mark-sweep generation total 393216K, used 0K [0x00000000e8000000, 0x0000000100000000, 0x0000000100000000)
 Metaspace       used 21308K, capacity 21718K, committed 21884K, reserved 1069056K
  class space    used 2452K, capacity 2635K, committed 2684K, reserved 1048576K
2018-06-19T15:03:14.376+0200: 3,778: [GC (CMS Final Remark) 2018-06-19T15:03:14.376+0200: 3,778: [ParNew
Desired survivor size 20112992 bytes, new threshold 8 (max 8)
- age   1:     507680 bytes,     507680 total
- age   2:     680152 bytes,    1187832 total
- age   3:    1442344 bytes,    2630176 total
- age   4:     477232 bytes,    3107408 total
- age   5:    6505728 bytes,    9613136 total
: 23604K->11110K(109248K), 0,0252254 secs] 23604K->11110K(502464K), 0,0254530 secs] [Times: user=0,05 sys=0,00, real=0,02 secs] 
Heap after GC invocations=5 (full 1):
 par new generation   total 109248K, used 11110K [0x00000000e0000000, 0x00000000e8000000, 0x00000000e8000000)
  eden space 87424K,   0% used [0x00000000e0000000, 0x00000000e0000000, 0x00000000e5560000)
  from space 21824K,  50% used [0x00000000e6ab0000, 0x00000000e7589a40, 0x00000000e8000000)
  to   space 21824K,   0% used [0x00000000e5560000, 0x00000000e5560000, 0x00000000e6ab0000)
 concurrent mark-sweep generation total 393216K, used 0K [0x00000000e8000000, 0x0000000100000000, 0x0000000100000000)
 Metaspace       used 21308K, capacity 21718K, committed 21884K, reserved 1069056K
  class space    used 2452K, capacity 2635K, committed 2684K, reserved 1048576K
}
2018-06-19T15:03:14.402+0200: 3,804: [Rescan (parallel) , 0,0263872 secs]2018-06-19T15:03:14.428+0200: 3,830: [weak refs processing, 0,0058429 secs]2018-06-19T15:03:14.434+0200: 3,836: [class unloading, 0,0098258 secs]2018-06-19T15:03:14.444+0200: 3,846: [scrub symbol table, 0,0078683 secs]2018-06-19T15:03:14.452+0200: 3,854: [scrub string table, 0,0005186 secs][1 CMS-remark: 0K(393216K)] 11110K(502464K), 0,0771765 secs] [Times: user=0,12 sys=0,00, real=0,08 secs] 
2018-06-19T15:03:14.453+0200: 3,856: Total time for which application threads were stopped: 0,0822087 seconds, Stopping threads took: 0,0049002 seconds
2018-06-19T15:03:14.469+0200: 3,872: [CMS-concurrent-sweep-start]
2018-06-19T15:03:14.469+0200: 3,872: [CMS-concurrent-sweep: 0,000/0,000 secs] [Times: user=0,00 sys=0,00, real=0,00 secs] 
2018-06-19T15:03:14.469+0200: 3,872: [CMS-concurrent-reset-start]
2018-06-19T15:03:14.494+0200: 3,897: [CMS-concurrent-reset: 0,025/0,025 secs] [Times: user=0,06 sys=0,00, real=0,03 secs] 
2018-06-19T15:03:14.685+0200: 4,087: Total time for which application threads were stopped: 0,0004680 seconds, Stopping threads took: 0,0000701 seconds
2018-06-19T15:03:14.697+0200: 4,099: Total time for which application threads were stopped: 0,0017563 seconds, Stopping threads took: 0,0003340 seconds
2018-06-19T15:03:14.704+0200: 4,106: Total time for which application threads were stopped: 0,0001374 seconds, Stopping threads took: 0,0000493 seconds
2018-06-19T15:03:14.709+0200: 4,112: Total time for which application threads were stopped: 0,0001421 seconds, Stopping threads took: 0,0000576 seconds
2018-06-19T15:03:14.727+0200: 4,129: Total time for which application threads were stopped: 0,0001400 seconds, Stopping threads took: 0,0000358 seconds
2018-06-19T15:03:14.768+0200: 4,171: Total time for which application threads were stopped: 0,0011079 seconds, Stopping threads took: 0,0005161 seconds
2018-06-19T15:03:14.772+0200: 4,175: Total time for which application threads were stopped: 0,0001560 seconds, Stopping threads took: 0,0000502 seconds
2018-06-19T15:03:14.782+0200: 4,185: Total time for which application threads were stopped: 0,0001185 seconds, Stopping threads took: 0,0000354 seconds
2018-06-19T15:03:14.782+0200: 4,185: Total time for which application threads were stopped: 0,0000886 seconds, Stopping threads took: 0,0000313 seconds
2018-06-19T15:03:14.792+0200: 4,195: Total time for which application threads were stopped: 0,0001578 seconds, Stopping threads took: 0,0000684 seconds
2018-06-19T15:03:14.793+0200: 4,195: Total time for which application threads were stopped: 0,0000808 seconds, Stopping threads took: 0,0000100 seconds
2018-06-19T15:03:14.793+0200: 4,195: Total time for which application threads were stopped: 0,0001610 seconds, Stopping threads took: 0,0001016 seconds
2018-06-19T15:03:14.797+0200: 4,199: Total time for which application threads were stopped: 0,0009629 seconds, Stopping threads took: 0,0008518 seconds
2018-06-19T15:03:14.804+0200: 4,206: Total time for which application threads were stopped: 0,0003260 seconds, Stopping threads took: 0,0002315 seconds
2018-06-19T15:03:14.805+0200: 4,208: Total time for which application threads were stopped: 0,0005437 seconds, Stopping threads took: 0,0003922 seconds
2018-06-19T15:03:14.825+0200: 4,227: Total time for which application threads were stopped: 0,0001132 seconds, Stopping threads took: 0,0000354 seconds
{Heap before GC invocations=5 (full 1):
 par new generation   total 109248K, used 98534K [0x00000000e0000000, 0x00000000e8000000, 0x00000000e8000000)
  eden space 87424K, 100% used [0x00000000e0000000, 0x00000000e5560000, 0x00000000e5560000)
  from space 21824K,  50% used [0x00000000e6ab0000, 0x00000000e7589a40, 0x00000000e8000000)
  to   space 21824K,   0% used [0x00000000e5560000, 0x00000000e5560000, 0x00000000e6ab0000)
 concurrent mark-sweep generation total 393216K, used 0K [0x00000000e8000000, 0x0000000100000000, 0x0000000100000000)
 Metaspace       used 22151K, capacity 22532K, committed 22780K, reserved 1069056K
  class space    used 2568K, capacity 2734K, committed 2812K, reserved 1048576K
2018-06-19T15:03:14.829+0200: 4,232: [GC (Allocation Failure) 2018-06-19T15:03:14.829+0200: 4,232: [ParNew
Desired survivor size 20112992 bytes, new threshold 8 (max 8)
- age   1:    1260072 bytes,    1260072 total
- age   2:       8928 bytes,    1269000 total
- age   3:     185632 bytes,    1454632 total
- age   4:     275336 bytes,    1729968 total
- age   5:     471392 bytes,    2201360 total
- age   6:    6505624 bytes,    8706984 total
: 98534K->12644K(109248K), 0,0340259 secs] 98534K->12644K(502464K), 0,0343906 secs] [Times: user=0,04 sys=0,01, real=0,04 secs] 
Heap after GC invocations=6 (full 1):
 par new generation   total 109248K, used 12644K [0x00000000e0000000, 0x00000000e8000000, 0x00000000e8000000)
  eden space 87424K,   0% used [0x00000000e0000000, 0x00000000e0000000, 0x00000000e5560000)
  from space 21824K,  57% used [0x00000000e5560000, 0x00000000e61b9250, 0x00000000e6ab0000)
  to   space 21824K,   0% used [0x00000000e6ab0000, 0x00000000e6ab0000, 0x00000000e8000000)
 concurrent mark-sweep generation total 393216K, used 0K [0x00000000e8000000, 0x0000000100000000, 0x0000000100000000)
 Metaspace       used 22151K, capacity 22532K, committed 22780K, reserved 1069056K
  class space    used 2568K, capacity 2734K, committed 2812K, reserved 1048576K
}
2018-06-19T15:03:14.864+0200: 4,266: Total time for which application threads were stopped: 0,0349304 seconds, Stopping threads took: 0,0000720 seconds
2018-06-19T15:03:14.880+0200: 4,282: Total time for which application threads were stopped: 0,0050079 seconds, Stopping threads took: 0,0047516 seconds
2018-06-19T15:03:15.017+0200: 4,420: Total time for which application threads were stopped: 0,0021374 seconds, Stopping threads took: 0,0018017 seconds
2018-06-19T15:03:15.025+0200: 4,427: Total time for which application threads were stopped: 0,0077069 seconds, Stopping threads took: 0,0076051 seconds
2018-06-19T15:03:15.059+0200: 4,461: Total time for which application threads were stopped: 0,0032089 seconds, Stopping threads took: 0,0031271 seconds
2018-06-19T15:03:15.236+0200: 4,639: Total time for which application threads were stopped: 0,0052512 seconds, Stopping threads took: 0,0050703 seconds
2018-06-19T15:03:15.245+0200: 4,648: Total time for which application threads were stopped: 0,0047139 seconds, Stopping threads took: 0,0041507 seconds
2018-06-19T15:03:15.311+0200: 4,713: Total time for which application threads were stopped: 0,0002923 seconds, Stopping threads took: 0,0002063 seconds
2018-06-19T15:03:15.312+0200: 4,714: Total time for which application threads were stopped: 0,0001117 seconds, Stopping threads took: 0,0000310 seconds
2018-06-19T15:03:15.312+0200: 4,714: Total time for which application threads were stopped: 0,0000611 seconds, Stopping threads took: 0,0000083 seconds
2018-06-19T15:03:15.312+0200: 4,714: Total time for which application threads were stopped: 0,0000711 seconds, Stopping threads took: 0,0000079 seconds
2018-06-19T15:03:15.313+0200: 4,715: Total time for which application threads were stopped: 0,0005783 seconds, Stopping threads took: 0,0002093 seconds
2018-06-19T15:03:15.313+0200: 4,716: Total time for which application threads were stopped: 0,0006939 seconds, Stopping threads took: 0,0000730 seconds
2018-06-19T15:03:15.316+0200: 4,719: Total time for which application threads were stopped: 0,0007935 seconds, Stopping threads took: 0,0003780 seconds
2018-06-19T15:03:15.323+0200: 4,725: Total time for which application threads were stopped: 0,0020316 seconds, Stopping threads took: 0,0019466 seconds
2018-06-19T15:03:15.326+0200: 4,728: Total time for which application threads were stopped: 0,0010676 seconds, Stopping threads took: 0,0009707 seconds
2018-06-19T15:03:15.327+0200: 4,729: Total time for which application threads were stopped: 0,0003985 seconds, Stopping threads took: 0,0003239 seconds
2018-06-19T15:03:15.327+0200: 4,730: Total time for which application threads were stopped: 0,0002994 seconds, Stopping threads took: 0,0002144 seconds
2018-06-19T15:03:15.327+0200: 4,730: Total time for which application threads were stopped: 0,0000645 seconds, Stopping threads took: 0,0000248 seconds
2018-06-19T15:03:15.328+0200: 4,731: Total time for which application threads were stopped: 0,0002443 seconds, Stopping threads took: 0,0000496 seconds
2018-06-19T15:03:15.328+0200: 4,731: Total time for which application threads were stopped: 0,0001101 seconds, Stopping threads took: 0,0000156 seconds
2018-06-19T15:03:15.329+0200: 4,731: Total time for which application threads were stopped: 0,0000896 seconds, Stopping threads took: 0,0000286 seconds
2018-06-19T15:03:15.329+0200: 4,731: Total time for which application threads were stopped: 0,0002868 seconds, Stopping threads took: 0,0000401 seconds
2018-06-19T15:03:15.330+0200: 4,732: Total time for which application threads were stopped: 0,0002751 seconds, Stopping threads took: 0,0000457 seconds
2018-06-19T15:03:15.331+0200: 4,733: Total time for which application threads were stopped: 0,0004346 seconds, Stopping threads took: 0,0002222 seconds
2018-06-19T15:03:15.332+0200: 4,734: Total time for which application threads were stopped: 0,0003240 seconds, Stopping threads took: 0,0001327 seconds
2018-06-19T15:03:15.335+0200: 4,737: Total time for which application threads were stopped: 0,0001095 seconds, Stopping threads took: 0,0000283 seconds
2018-06-19T15:03:15.335+0200: 4,738: Total time for which application threads were stopped: 0,0001261 seconds, Stopping threads took: 0,0000320 seconds
2018-06-19T15:03:15.336+0200: 4,739: Total time for which application threads were stopped: 0,0004269 seconds, Stopping threads took: 0,0000207 seconds
2018-06-19T15:03:15.339+0200: 4,742: Total time for which application threads were stopped: 0,0001437 seconds, Stopping threads took: 0,0000373 seconds
2018-06-19T15:03:15.339+0200: 4,742: Total time for which application threads were stopped: 0,0001010 seconds, Stopping threads took: 0,0000478 seconds
2018-06-19T15:03:15.346+0200: 4,748: Total time for which application threads were stopped: 0,0000842 seconds, Stopping threads took: 0,0000207 seconds
2018-06-19T15:03:15.346+0200: 4,748: Total time for which application threads were stopped: 0,0000431 seconds, Stopping threads took: 0,0000123 seconds
2018-06-19T15:03:15.346+0200: 4,748: Total time for which application threads were stopped: 0,0000632 seconds, Stopping threads took: 0,0000249 seconds
2018-06-19T15:03:15.349+0200: 4,752: Total time for which application threads were stopped: 0,0004426 seconds, Stopping threads took: 0,0000444 seconds
2018-06-19T15:03:15.350+0200: 4,753: Total time for which application threads were stopped: 0,0001856 seconds, Stopping threads took: 0,0000439 seconds
2018-06-19T15:03:15.356+0200: 4,759: Total time for which application threads were stopped: 0,0001291 seconds, Stopping threads took: 0,0000615 seconds
2018-06-19T15:03:15.357+0200: 4,759: Total time for which application threads were stopped: 0,0000984 seconds, Stopping threads took: 0,0000390 seconds
2018-06-19T15:03:15.357+0200: 4,760: Total time for which application threads were stopped: 0,0000604 seconds, Stopping threads took: 0,0000185 seconds
2018-06-19T15:03:15.357+0200: 4,760: Total time for which application threads were stopped: 0,0000470 seconds, Stopping threads took: 0,0000162 seconds
2018-06-19T15:03:15.357+0200: 4,760: Total time for which application threads were stopped: 0,0000512 seconds, Stopping threads took: 0,0000161 seconds
2018-06-19T15:03:15.357+0200: 4,760: Total time for which application threads were stopped: 0,0001379 seconds, Stopping threads took: 0,0000063 seconds
2018-06-19T15:03:15.358+0200: 4,760: Total time for which application threads were stopped: 0,0000381 seconds, Stopping threads took: 0,0000066 seconds
2018-06-19T15:03:15.358+0200: 4,761: Total time for which application threads were stopped: 0,0001740 seconds, Stopping threads took: 0,0000239 seconds
2018-06-19T15:03:15.378+0200: 4,780: Total time for which application threads were stopped: 0,0009739 seconds, Stopping threads took: 0,0008757 seconds
2018-06-19T15:03:15.382+0200: 4,784: Total time for which application threads were stopped: 0,0034756 seconds, Stopping threads took: 0,0029020 seconds
2018-06-19T15:03:15.387+0200: 4,789: Total time for which application threads were stopped: 0,0001588 seconds, Stopping threads took: 0,0000345 seconds
2018-06-19T15:03:15.390+0200: 4,793: Total time for which application threads were stopped: 0,0001285 seconds, Stopping threads took: 0,0000563 seconds
2018-06-19T15:03:15.394+0200: 4,796: Total time for which application threads were stopped: 0,0001103 seconds, Stopping threads took: 0,0000470 seconds
2018-06-19T15:03:15.400+0200: 4,802: Total time for which application threads were stopped: 0,0049702 seconds, Stopping threads took: 0,0044060 seconds
2018-06-19T15:03:15.406+0200: 4,809: Total time for which application threads were stopped: 0,0001738 seconds, Stopping threads took: 0,0000497 seconds
2018-06-19T15:03:15.407+0200: 4,809: Total time for which application threads were stopped: 0,0000715 seconds, Stopping threads took: 0,0000127 seconds
2018-06-19T15:03:15.407+0200: 4,809: Total time for which application threads were stopped: 0,0000813 seconds, Stopping threads took: 0,0000250 seconds
2018-06-19T15:03:15.407+0200: 4,810: Total time for which application threads were stopped: 0,0001095 seconds, Stopping threads took: 0,0000471 seconds
2018-06-19T15:03:15.409+0200: 4,811: Total time for which application threads were stopped: 0,0003071 seconds, Stopping threads took: 0,0002391 seconds
2018-06-19T15:03:15.409+0200: 4,811: Total time for which application threads were stopped: 0,0000586 seconds, Stopping threads took: 0,0000242 seconds
2018-06-19T15:03:15.411+0200: 4,814: Total time for which application threads were stopped: 0,0015616 seconds, Stopping threads took: 0,0014882 seconds
2018-06-19T15:03:15.412+0200: 4,814: Total time for which application threads were stopped: 0,0001065 seconds, Stopping threads took: 0,0000428 seconds
2018-06-19T15:03:15.413+0200: 4,816: Total time for which application threads were stopped: 0,0017585 seconds, Stopping threads took: 0,0016664 seconds
2018-06-19T15:03:15.416+0200: 4,819: Total time for which application threads were stopped: 0,0021074 seconds, Stopping threads took: 0,0020091 seconds
2018-06-19T15:03:15.417+0200: 4,819: Total time for which application threads were stopped: 0,0000394 seconds, Stopping threads took: 0,0000097 seconds
2018-06-19T15:03:15.433+0200: 4,835: Total time for which application threads were stopped: 0,0001156 seconds, Stopping threads took: 0,0000495 seconds
2018-06-19T15:03:15.443+0200: 4,845: Total time for which application threads were stopped: 0,0028139 seconds, Stopping threads took: 0,0027162 seconds
2018-06-19T15:03:15.450+0200: 4,852: Total time for which application threads were stopped: 0,0037005 seconds, Stopping threads took: 0,0036150 seconds
2018-06-19T15:03:15.454+0200: 4,857: Total time for which application threads were stopped: 0,0005325 seconds, Stopping threads took: 0,0004255 seconds
2018-06-19T15:03:15.455+0200: 4,858: Total time for which application threads were stopped: 0,0004338 seconds, Stopping threads took: 0,0003444 seconds
2018-06-19T15:03:15.462+0200: 4,865: Total time for which application threads were stopped: 0,0004255 seconds, Stopping threads took: 0,0001873 seconds
2018-06-19T15:03:15.582+0200: 4,984: Total time for which application threads were stopped: 0,0001656 seconds, Stopping threads took: 0,0000458 seconds
2018-06-19T15:03:15.636+0200: 5,038: Total time for which application threads were stopped: 0,0001697 seconds, Stopping threads took: 0,0000403 seconds
2018-06-19T15:03:15.639+0200: 5,041: Total time for which application threads were stopped: 0,0003617 seconds, Stopping threads took: 0,0002326 seconds
2018-06-19T15:03:15.695+0200: 5,098: Total time for which application threads were stopped: 0,0008148 seconds, Stopping threads took: 0,0006964 seconds
2018-06-19T15:03:15.697+0200: 5,100: Total time for which application threads were stopped: 0,0001621 seconds, Stopping threads took: 0,0000516 seconds
2018-06-19T15:03:15.698+0200: 5,100: Total time for which application threads were stopped: 0,0001293 seconds, Stopping threads took: 0,0000440 seconds
2018-06-19T15:03:15.718+0200: 5,121: Total time for which application threads were stopped: 0,0001876 seconds, Stopping threads took: 0,0000576 seconds
2018-06-19T15:03:15.928+0200: 5,330: Total time for which application threads were stopped: 0,0050897 seconds, Stopping threads took: 0,0048800 seconds
2018-06-19T15:03:15.935+0200: 5,338: Total time for which application threads were stopped: 0,0001547 seconds, Stopping threads took: 0,0000406 seconds
2018-06-19T15:03:15.963+0200: 5,366: Total time for which application threads were stopped: 0,0002720 seconds, Stopping threads took: 0,0000806 seconds
2018-06-19T15:03:15.964+0200: 5,367: Total time for which application threads were stopped: 0,0001544 seconds, Stopping threads took: 0,0000300 seconds
2018-06-19T15:03:15.978+0200: 5,380: Total time for which application threads were stopped: 0,0001570 seconds, Stopping threads took: 0,0000548 seconds
2018-06-19T15:03:16.017+0200: 5,420: Total time for which application threads were stopped: 0,0001352 seconds, Stopping threads took: 0,0000394 seconds
2018-06-19T15:03:16.070+0200: 5,472: Total time for which application threads were stopped: 0,0001769 seconds, Stopping threads took: 0,0000576 seconds
2018-06-19T15:03:16.086+0200: 5,489: Total time for which application threads were stopped: 0,0005319 seconds, Stopping threads took: 0,0000470 seconds
2018-06-19T15:03:16.103+0200: 5,506: Total time for which application threads were stopped: 0,0006995 seconds, Stopping threads took: 0,0002045 seconds
{Heap before GC invocations=6 (full 1):
 par new generation   total 109248K, used 100068K [0x00000000e0000000, 0x00000000e8000000, 0x00000000e8000000)
  eden space 87424K, 100% used [0x00000000e0000000, 0x00000000e5560000, 0x00000000e5560000)
  from space 21824K,  57% used [0x00000000e5560000, 0x00000000e61b9250, 0x00000000e6ab0000)
  to   space 21824K,   0% used [0x00000000e6ab0000, 0x00000000e6ab0000, 0x00000000e8000000)
 concurrent mark-sweep generation total 393216K, used 0K [0x00000000e8000000, 0x0000000100000000, 0x0000000100000000)
 Metaspace       used 26443K, capacity 26978K, committed 27388K, reserved 1073152K
  class space    used 3035K, capacity 3219K, committed 3324K, reserved 1048576K
2018-06-19T15:03:16.159+0200: 5,561: [GC (Allocation Failure) 2018-06-19T15:03:16.159+0200: 5,561: [ParNew
Desired survivor size 20112992 bytes, new threshold 7 (max 8)
- age   1:   13064328 bytes,   13064328 total
- age   2:     352872 bytes,   13417200 total
- age   3:       8928 bytes,   13426128 total
- age   4:     184976 bytes,   13611104 total
- age   5:     269032 bytes,   13880136 total
- age   6:     451152 bytes,   14331288 total
- age   7:    6498384 bytes,   20829672 total
: 100068K->21824K(109248K), 0,0254570 secs] 100068K->21877K(502464K), 0,0255319 secs] [Times: user=0,07 sys=0,00, real=0,03 secs] 
Heap after GC invocations=7 (full 1):
 par new generation   total 109248K, used 21824K [0x00000000e0000000, 0x00000000e8000000, 0x00000000e8000000)
  eden space 87424K,   0% used [0x00000000e0000000, 0x00000000e0000000, 0x00000000e5560000)
  from space 21824K, 100% used [0x00000000e6ab0000, 0x00000000e8000000, 0x00000000e8000000)
  to   space 21824K,   0% used [0x00000000e5560000, 0x00000000e5560000, 0x00000000e6ab0000)
 concurrent mark-sweep generation total 393216K, used 53K [0x00000000e8000000, 0x0000000100000000, 0x0000000100000000)
 Metaspace       used 26443K, capacity 26978K, committed 27388K, reserved 1073152K
  class space    used 3035K, capacity 3219K, committed 3324K, reserved 1048576K
}
2018-06-19T15:03:16.185+0200: 5,587: Total time for which application threads were stopped: 0,0283318 seconds, Stopping threads took: 0,0026330 seconds
2018-06-19T15:03:16.220+0200: 5,622: Total time for which application threads were stopped: 0,0005421 seconds, Stopping threads took: 0,0000664 seconds
2018-06-19T15:03:16.235+0200: 5,637: Total time for which application threads were stopped: 0,0071366 seconds, Stopping threads took: 0,0070049 seconds
2018-06-19T15:03:16.236+0200: 5,638: Total time for which application threads were stopped: 0,0001961 seconds, Stopping threads took: 0,0000385 seconds
2018-06-19T15:03:16.261+0200: 5,663: Total time for which application threads were stopped: 0,0001592 seconds, Stopping threads took: 0,0000739 seconds
2018-06-19T15:03:16.279+0200: 5,681: Total time for which application threads were stopped: 0,0008827 seconds, Stopping threads took: 0,0006629 seconds
2018-06-19T15:03:16.285+0200: 5,687: Total time for which application threads were stopped: 0,0001320 seconds, Stopping threads took: 0,0000500 seconds
2018-06-19T15:03:16.295+0200: 5,697: Total time for which application threads were stopped: 0,0001305 seconds, Stopping threads took: 0,0000515 seconds
2018-06-19T15:03:16.307+0200: 5,709: Total time for which application threads were stopped: 0,0020622 seconds, Stopping threads took: 0,0019510 seconds
2018-06-19T15:03:16.334+0200: 5,736: Total time for which application threads were stopped: 0,0001628 seconds, Stopping threads took: 0,0000605 seconds
2018-06-19T15:03:16.344+0200: 5,746: Total time for which application threads were stopped: 0,0016142 seconds, Stopping threads took: 0,0015094 seconds
2018-06-19T15:03:16.363+0200: 5,765: Total time for which application threads were stopped: 0,0001452 seconds, Stopping threads took: 0,0000462 seconds
2018-06-19T15:03:16.431+0200: 5,834: Total time for which application threads were stopped: 0,0164891 seconds, Stopping threads took: 0,0159937 seconds
2018-06-19T15:03:16.519+0200: 5,921: Total time for which application threads were stopped: 0,0026633 seconds, Stopping threads took: 0,0025227 seconds
2018-06-19T15:03:16.546+0200: 5,949: Total time for which application threads were stopped: 0,0048600 seconds, Stopping threads took: 0,0043912 seconds
{Heap before GC invocations=7 (full 1):
 par new generation   total 109248K, used 109248K [0x00000000e0000000, 0x00000000e8000000, 0x00000000e8000000)
  eden space 87424K, 100% used [0x00000000e0000000, 0x00000000e5560000, 0x00000000e5560000)
  from space 21824K, 100% used [0x00000000e6ab0000, 0x00000000e8000000, 0x00000000e8000000)
  to   space 21824K,   0% used [0x00000000e5560000, 0x00000000e5560000, 0x00000000e6ab0000)
 concurrent mark-sweep generation total 393216K, used 53K [0x00000000e8000000, 0x0000000100000000, 0x0000000100000000)
 Metaspace       used 28796K, capacity 29326K, committed 29692K, reserved 1075200K
  class space    used 3328K, capacity 3483K, committed 3580K, reserved 1048576K
2018-06-19T15:03:16.725+0200: 6,128: [GC (Allocation Failure) 2018-06-19T15:03:16.725+0200: 6,128: [ParNew
Desired survivor size 20112992 bytes, new threshold 8 (max 8)
- age   1:    6440192 bytes,    6440192 total
- age   2:    9429168 bytes,   15869360 total
- age   3:     352712 bytes,   16222072 total
- age   4:       8928 bytes,   16231000 total
- age   5:     184800 bytes,   16415800 total
- age   6:     268616 bytes,   16684416 total
- age   7:     443272 bytes,   17127688 total
: 109248K->21824K(109248K), 0,1322256 secs] 109301K->28921K(502464K), 0,1323356 secs] [Times: user=0,31 sys=0,02, real=0,13 secs] 
Heap after GC invocations=8 (full 1):
 par new generation   total 109248K, used 21824K [0x00000000e0000000, 0x00000000e8000000, 0x00000000e8000000)
  eden space 87424K,   0% used [0x00000000e0000000, 0x00000000e0000000, 0x00000000e5560000)
  from space 21824K, 100% used [0x00000000e5560000, 0x00000000e6ab0000, 0x00000000e6ab0000)
  to   space 21824K,   0% used [0x00000000e6ab0000, 0x00000000e6ab0000, 0x00000000e8000000)
 concurrent mark-sweep generation total 393216K, used 7097K [0x00000000e8000000, 0x0000000100000000, 0x0000000100000000)
 Metaspace       used 28796K, capacity 29326K, committed 29692K, reserved 1075200K
  class space    used 3328K, capacity 3483K, committed 3580K, reserved 1048576K
}
2018-06-19T15:03:16.858+0200: 6,260: Total time for which application threads were stopped: 0,1327852 seconds, Stopping threads took: 0,0001995 seconds
2018-06-19T15:03:16.860+0200: 6,262: Total time for which application threads were stopped: 0,0001676 seconds, Stopping threads took: 0,0000500 seconds
2018-06-19T15:03:16.883+0200: 6,286: Total time for which application threads were stopped: 0,0080120 seconds, Stopping threads took: 0,0077227 seconds
2018-06-19T15:03:16.883+0200: 6,286: Total time for which application threads were stopped: 0,0001697 seconds, Stopping threads took: 0,0000729 seconds
2018-06-19T15:03:16.884+0200: 6,286: Total time for which application threads were stopped: 0,0001637 seconds, Stopping threads took: 0,0000323 seconds
2018-06-19T15:03:16.884+0200: 6,286: Total time for which application threads were stopped: 0,0001287 seconds, Stopping threads took: 0,0000185 seconds
2018-06-19T15:03:16.939+0200: 6,341: Total time for which application threads were stopped: 0,0094271 seconds, Stopping threads took: 0,0093046 seconds
2018-06-19T15:03:16.963+0200: 6,366: Total time for which application threads were stopped: 0,0121103 seconds, Stopping threads took: 0,0115555 seconds
2018-06-19T15:03:16.996+0200: 6,399: Total time for which application threads were stopped: 0,0036044 seconds, Stopping threads took: 0,0035013 seconds
2018-06-19T15:03:17.018+0200: 6,421: Total time for which application threads were stopped: 0,0083573 seconds, Stopping threads took: 0,0080426 seconds
2018-06-19T15:03:17.019+0200: 6,422: Total time for which application threads were stopped: 0,0001535 seconds, Stopping threads took: 0,0000335 seconds
2018-06-19T15:03:17.020+0200: 6,422: Total time for which application threads were stopped: 0,0001785 seconds, Stopping threads took: 0,0000371 seconds
2018-06-19T15:03:17.040+0200: 6,442: Total time for which application threads were stopped: 0,0098279 seconds, Stopping threads took: 0,0097370 seconds
2018-06-19T15:03:17.042+0200: 6,444: Total time for which application threads were stopped: 0,0013437 seconds, Stopping threads took: 0,0008079 seconds
2018-06-19T15:03:17.042+0200: 6,445: Total time for which application threads were stopped: 0,0002309 seconds, Stopping threads took: 0,0000758 seconds
2018-06-19T15:03:17.047+0200: 6,449: Total time for which application threads were stopped: 0,0020218 seconds, Stopping threads took: 0,0019225 seconds
2018-06-19T15:03:17.047+0200: 6,450: Total time for which application threads were stopped: 0,0000607 seconds, Stopping threads took: 0,0000170 seconds
2018-06-19T15:03:17.062+0200: 6,465: Total time for which application threads were stopped: 0,0001628 seconds, Stopping threads took: 0,0000581 seconds
2018-06-19T15:03:17.065+0200: 6,468: Total time for which application threads were stopped: 0,0003657 seconds, Stopping threads took: 0,0001600 seconds
2018-06-19T15:03:17.068+0200: 6,471: Total time for which application threads were stopped: 0,0001621 seconds, Stopping threads took: 0,0000673 seconds
2018-06-19T15:03:17.083+0200: 6,485: Total time for which application threads were stopped: 0,0009867 seconds, Stopping threads took: 0,0004263 seconds
2018-06-19T15:03:17.083+0200: 6,486: Total time for which application threads were stopped: 0,0003253 seconds, Stopping threads took: 0,0000988 seconds
2018-06-19T15:03:17.084+0200: 6,486: Total time for which application threads were stopped: 0,0002009 seconds, Stopping threads took: 0,0000451 seconds
2018-06-19T15:03:17.086+0200: 6,488: Total time for which application threads were stopped: 0,0001100 seconds, Stopping threads took: 0,0000259 seconds
{Heap before GC invocations=8 (full 1):
 par new generation   total 109248K, used 109248K [0x00000000e0000000, 0x00000000e8000000, 0x00000000e8000000)
  eden space 87424K, 100% used [0x00000000e0000000, 0x00000000e5560000, 0x00000000e5560000)
  from space 21824K, 100% used [0x00000000e5560000, 0x00000000e6ab0000, 0x00000000e6ab0000)
  to   space 21824K,   0% used [0x00000000e6ab0000, 0x00000000e6ab0000, 0x00000000e8000000)
 concurrent mark-sweep generation total 393216K, used 7097K [0x00000000e8000000, 0x0000000100000000, 0x0000000100000000)
 Metaspace       used 29203K, capacity 29726K, committed 29948K, reserved 1075200K
  class space    used 3384K, capacity 3550K, committed 3580K, reserved 1048576K
2018-06-19T15:03:17.103+0200: 6,505: [GC (Allocation Failure) 2018-06-19T15:03:17.103+0200: 6,505: [ParNew
Desired survivor size 20112992 bytes, new threshold 8 (max 8)
- age   1:    1718736 bytes,    1718736 total
- age   2:    4457760 bytes,    6176496 total
- age   3:    9425488 bytes,   15601984 total
- age   4:     352664 bytes,   15954648 total
- age   5:       8928 bytes,   15963576 total
- age   6:     184696 bytes,   16148272 total
- age   7:     268456 bytes,   16416728 total
- age   8:     443192 bytes,   16859920 total
: 109248K->20737K(109248K), 0,0517662 secs] 116345K->27835K(502464K), 0,0521537 secs] [Times: user=0,12 sys=0,01, real=0,05 secs] 
Heap after GC invocations=9 (full 1):
 par new generation   total 109248K, used 20737K [0x00000000e0000000, 0x00000000e8000000, 0x00000000e8000000)
  eden space 87424K,   0% used [0x00000000e0000000, 0x00000000e0000000, 0x00000000e5560000)
  from space 21824K,  95% used [0x00000000e6ab0000, 0x00000000e7ef04c0, 0x00000000e8000000)
  to   space 21824K,   0% used [0x00000000e5560000, 0x00000000e5560000, 0x00000000e6ab0000)
 concurrent mark-sweep generation total 393216K, used 7097K [0x00000000e8000000, 0x0000000100000000, 0x0000000100000000)
 Metaspace       used 29203K, capacity 29726K, committed 29948K, reserved 1075200K
  class space    used 3384K, capacity 3550K, committed 3580K, reserved 1048576K
}
2018-06-19T15:03:17.155+0200: 6,558: Total time for which application threads were stopped: 0,0534679 seconds, Stopping threads took: 0,0006770 seconds
2018-06-19T15:03:17.199+0200: 6,601: Total time for which application threads were stopped: 0,0010929 seconds, Stopping threads took: 0,0009758 seconds
2018-06-19T15:03:17.239+0200: 6,641: Total time for which application threads were stopped: 0,0009111 seconds, Stopping threads took: 0,0008176 seconds
2018-06-19T15:03:17.271+0200: 6,674: Total time for which application threads were stopped: 0,0002041 seconds, Stopping threads took: 0,0000592 seconds
2018-06-19T15:03:17.352+0200: 6,754: Total time for which application threads were stopped: 0,0123045 seconds, Stopping threads took: 0,0121806 seconds
2018-06-19T15:03:17.387+0200: 6,790: Total time for which application threads were stopped: 0,0004431 seconds, Stopping threads took: 0,0003076 seconds
2018-06-19T15:03:17.387+0200: 6,790: Total time for which application threads were stopped: 0,0000908 seconds, Stopping threads took: 0,0000220 seconds
2018-06-19T15:03:17.390+0200: 6,792: Total time for which application threads were stopped: 0,0012083 seconds, Stopping threads took: 0,0010188 seconds
2018-06-19T15:03:17.406+0200: 6,809: Total time for which application threads were stopped: 0,0004145 seconds, Stopping threads took: 0,0002586 seconds
{Heap before GC invocations=9 (full 1):
 par new generation   total 109248K, used 108161K [0x00000000e0000000, 0x00000000e8000000, 0x00000000e8000000)
  eden space 87424K, 100% used [0x00000000e0000000, 0x00000000e5560000, 0x00000000e5560000)
  from space 21824K,  95% used [0x00000000e6ab0000, 0x00000000e7ef04c0, 0x00000000e8000000)
  to   space 21824K,   0% used [0x00000000e5560000, 0x00000000e5560000, 0x00000000e6ab0000)
 concurrent mark-sweep generation total 393216K, used 7097K [0x00000000e8000000, 0x0000000100000000, 0x0000000100000000)
 Metaspace       used 29596K, capacity 30308K, committed 30588K, reserved 1077248K
  class space    used 3432K, capacity 3656K, committed 3708K, reserved 1048576K
2018-06-19T15:03:17.425+0200: 6,828: [GC (Allocation Failure) 2018-06-19T15:03:17.426+0200: 6,828: [ParNew
Desired survivor size 20112992 bytes, new threshold 8 (max 8)
- age   1:    3151776 bytes,    3151776 total
- age   2:     231096 bytes,    3382872 total
- age   3:    4411528 bytes,    7794400 total
- age   4:    9424288 bytes,   17218688 total
- age   5:     352528 bytes,   17571216 total
- age   6:       8928 bytes,   17580144 total
- age   7:     184592 bytes,   17764736 total
- age   8:     268456 bytes,   18033192 total
: 108161K->21824K(109248K), 0,0232691 secs] 115259K->29366K(502464K), 0,0233303 secs] [Times: user=0,06 sys=0,00, real=0,02 secs] 
Heap after GC invocations=10 (full 1):
 par new generation   total 109248K, used 21824K [0x00000000e0000000, 0x00000000e8000000, 0x00000000e8000000)
  eden space 87424K,   0% used [0x00000000e0000000, 0x00000000e0000000, 0x00000000e5560000)
  from space 21824K, 100% used [0x00000000e5560000, 0x00000000e6ab0000, 0x00000000e6ab0000)
  to   space 21824K,   0% used [0x00000000e6ab0000, 0x00000000e6ab0000, 0x00000000e8000000)
 concurrent mark-sweep generation total 393216K, used 7542K [0x00000000e8000000, 0x0000000100000000, 0x0000000100000000)
 Metaspace       used 29596K, capacity 30308K, committed 30588K, reserved 1077248K
  class space    used 3432K, capacity 3656K, committed 3708K, reserved 1048576K
}
2018-06-19T15:03:17.449+0200: 6,851: Total time for which application threads were stopped: 0,0235229 seconds, Stopping threads took: 0,0000454 seconds
2018-06-19T15:03:17.455+0200: 6,858: Total time for which application threads were stopped: 0,0001477 seconds, Stopping threads took: 0,0000715 seconds
2018-06-19T15:03:17.456+0200: 6,858: Total time for which application threads were stopped: 0,0001190 seconds, Stopping threads took: 0,0000426 seconds
2018-06-19T15:03:17.467+0200: 6,869: Total time for which application threads were stopped: 0,0002085 seconds, Stopping threads took: 0,0001123 seconds
2018-06-19T15:03:17.467+0200: 6,870: Total time for which application threads were stopped: 0,0000938 seconds, Stopping threads took: 0,0000348 seconds
2018-06-19T15:03:17.467+0200: 6,870: Total time for which application threads were stopped: 0,0000861 seconds, Stopping threads took: 0,0000323 seconds
2018-06-19T15:03:17.467+0200: 6,870: Total time for which application threads were stopped: 0,0000848 seconds, Stopping threads took: 0,0000236 seconds
2018-06-19T15:03:17.469+0200: 6,871: Total time for which application threads were stopped: 0,0002028 seconds, Stopping threads took: 0,0001386 seconds
2018-06-19T15:03:17.469+0200: 6,871: Total time for which application threads were stopped: 0,0000954 seconds, Stopping threads took: 0,0000314 seconds
2018-06-19T15:03:17.469+0200: 6,872: Total time for which application threads were stopped: 0,0001109 seconds, Stopping threads took: 0,0000625 seconds
2018-06-19T15:03:17.471+0200: 6,873: Total time for which application threads were stopped: 0,0017170 seconds, Stopping threads took: 0,0016775 seconds
2018-06-19T15:03:17.471+0200: 6,874: Total time for which application threads were stopped: 0,0000396 seconds, Stopping threads took: 0,0000118 seconds
2018-06-19T15:03:17.471+0200: 6,874: Total time for which application threads were stopped: 0,0000617 seconds, Stopping threads took: 0,0000357 seconds
2018-06-19T15:03:17.471+0200: 6,874: Total time for which application threads were stopped: 0,0000350 seconds, Stopping threads took: 0,0000113 seconds
2018-06-19T15:03:17.472+0200: 6,874: Total time for which application threads were stopped: 0,0000967 seconds, Stopping threads took: 0,0000519 seconds
2018-06-19T15:03:17.472+0200: 6,874: Total time for which application threads were stopped: 0,0000586 seconds, Stopping threads took: 0,0000273 seconds
2018-06-19T15:03:17.472+0200: 6,874: Total time for which application threads were stopped: 0,0000446 seconds, Stopping threads took: 0,0000173 seconds
2018-06-19T15:03:17.472+0200: 6,875: Total time for which application threads were stopped: 0,0000670 seconds, Stopping threads took: 0,0000356 seconds
2018-06-19T15:03:17.472+0200: 6,875: Total time for which application threads were stopped: 0,0000521 seconds, Stopping threads took: 0,0000234 seconds
2018-06-19T15:03:17.472+0200: 6,875: Total time for which application threads were stopped: 0,0000526 seconds, Stopping threads took: 0,0000267 seconds
2018-06-19T15:03:17.472+0200: 6,875: Total time for which application threads were stopped: 0,0000819 seconds, Stopping threads took: 0,0000396 seconds
2018-06-19T15:03:17.475+0200: 6,877: Total time for which application threads were stopped: 0,0023112 seconds, Stopping threads took: 0,0022749 seconds
2018-06-19T15:03:17.483+0200: 6,885: Total time for which application threads were stopped: 0,0001554 seconds, Stopping threads took: 0,0000672 seconds
2018-06-19T15:03:17.495+0200: 6,897: Total time for which application threads were stopped: 0,0001477 seconds, Stopping threads took: 0,0000597 seconds
2018-06-19T15:03:17.497+0200: 6,900: Total time for which application threads were stopped: 0,0001612 seconds, Stopping threads took: 0,0000540 seconds
2018-06-19T15:03:17.525+0200: 6,927: Total time for which application threads were stopped: 0,0001479 seconds, Stopping threads took: 0,0000684 seconds
2018-06-19T15:03:17.644+0200: 7,046: Total time for which application threads were stopped: 0,0001362 seconds, Stopping threads took: 0,0000398 seconds
2018-06-19T15:03:17.655+0200: 7,058: Total time for which application threads were stopped: 0,0000764 seconds, Stopping threads took: 0,0000296 seconds
2018-06-19T15:03:17.664+0200: 7,066: Total time for which application threads were stopped: 0,0004300 seconds, Stopping threads took: 0,0000224 seconds
2018-06-19T15:03:17.665+0200: 7,068: Total time for which application threads were stopped: 0,0004231 seconds, Stopping threads took: 0,0000210 seconds
2018-06-19T15:03:17.672+0200: 7,074: Total time for which application threads were stopped: 0,0000886 seconds, Stopping threads took: 0,0000301 seconds
2018-06-19T15:03:17.673+0200: 7,075: Total time for which application threads were stopped: 0,0000732 seconds, Stopping threads took: 0,0000266 seconds
2018-06-19T15:03:17.674+0200: 7,077: Total time for which application threads were stopped: 0,0001166 seconds, Stopping threads took: 0,0000581 seconds
2018-06-19T15:03:17.675+0200: 7,077: Total time for which application threads were stopped: 0,0000991 seconds, Stopping threads took: 0,0000489 seconds
2018-06-19T15:03:17.676+0200: 7,078: Total time for which application threads were stopped: 0,0000722 seconds, Stopping threads took: 0,0000214 seconds
2018-06-19T15:03:17.677+0200: 7,079: Total time for which application threads were stopped: 0,0001033 seconds, Stopping threads took: 0,0000490 seconds
2018-06-19T15:03:17.678+0200: 7,081: Total time for which application threads were stopped: 0,0000782 seconds, Stopping threads took: 0,0000276 seconds
2018-06-19T15:03:17.679+0200: 7,082: Total time for which application threads were stopped: 0,0001036 seconds, Stopping threads took: 0,0000467 seconds
2018-06-19T15:03:17.681+0200: 7,083: Total time for which application threads were stopped: 0,0007987 seconds, Stopping threads took: 0,0007375 seconds
2018-06-19T15:03:17.682+0200: 7,085: Total time for which application threads were stopped: 0,0000906 seconds, Stopping threads took: 0,0000397 seconds
2018-06-19T15:03:17.683+0200: 7,085: Total time for which application threads were stopped: 0,0000979 seconds, Stopping threads took: 0,0000384 seconds
2018-06-19T15:03:17.684+0200: 7,086: Total time for which application threads were stopped: 0,0001075 seconds, Stopping threads took: 0,0000459 seconds
2018-06-19T15:03:17.685+0200: 7,087: Total time for which application threads were stopped: 0,0001150 seconds, Stopping threads took: 0,0000706 seconds
2018-06-19T15:03:17.685+0200: 7,088: Total time for which application threads were stopped: 0,0000903 seconds, Stopping threads took: 0,0000435 seconds
2018-06-19T15:03:17.686+0200: 7,089: Total time for which application threads were stopped: 0,0000926 seconds, Stopping threads took: 0,0000463 seconds
2018-06-19T15:03:17.687+0200: 7,089: Total time for which application threads were stopped: 0,0000840 seconds, Stopping threads took: 0,0000345 seconds
2018-06-19T15:03:17.688+0200: 7,090: Total time for which application threads were stopped: 0,0001003 seconds, Stopping threads took: 0,0000530 seconds
2018-06-19T15:03:17.688+0200: 7,091: Total time for which application threads were stopped: 0,0000812 seconds, Stopping threads took: 0,0000372 seconds
2018-06-19T15:03:17.689+0200: 7,091: Total time for which application threads were stopped: 0,0001980 seconds, Stopping threads took: 0,0000389 seconds
2018-06-19T15:03:17.900+0200: 7,302: Total time for which application threads were stopped: 0,0002121 seconds, Stopping threads took: 0,0000279 seconds
{Heap before GC invocations=10 (full 1):
 par new generation   total 109248K, used 109248K [0x00000000e0000000, 0x00000000e8000000, 0x00000000e8000000)
  eden space 87424K, 100% used [0x00000000e0000000, 0x00000000e5560000, 0x00000000e5560000)
  from space 21824K, 100% used [0x00000000e5560000, 0x00000000e6ab0000, 0x00000000e6ab0000)
  to   space 21824K,   0% used [0x00000000e6ab0000, 0x00000000e6ab0000, 0x00000000e8000000)
 concurrent mark-sweep generation total 393216K, used 7542K [0x00000000e8000000, 0x0000000100000000, 0x0000000100000000)
 Metaspace       used 30489K, capacity 31212K, committed 31356K, reserved 1077248K
  class space    used 3482K, capacity 3696K, committed 3708K, reserved 1048576K
2018-06-19T15:03:18.024+0200: 7,427: [GC (Allocation Failure) 2018-06-19T15:03:18.024+0200: 7,427: [ParNew
Desired survivor size 20112992 bytes, new threshold 5 (max 8)
- age   1:    4247656 bytes,    4247656 total
- age   2:    2786520 bytes,    7034176 total
- age   3:     229264 bytes,    7263440 total
- age   4:    4325672 bytes,   11589112 total
- age   5:    8558456 bytes,   20147568 total
- age   6:     350568 bytes,   20498136 total
- age   7:       8928 bytes,   20507064 total
- age   8:     176816 bytes,   20683880 total
: 109248K->21824K(109248K), 0,0205382 secs] 116790K->30528K(502464K), 0,0206308 secs] [Times: user=0,07 sys=0,00, real=0,02 secs] 
Heap after GC invocations=11 (full 1):
 par new generation   total 109248K, used 21824K [0x00000000e0000000, 0x00000000e8000000, 0x00000000e8000000)
  eden space 87424K,   0% used [0x00000000e0000000, 0x00000000e0000000, 0x00000000e5560000)
  from space 21824K, 100% used [0x00000000e6ab0000, 0x00000000e8000000, 0x00000000e8000000)
  to   space 21824K,   0% used [0x00000000e5560000, 0x00000000e5560000, 0x00000000e6ab0000)
 concurrent mark-sweep generation total 393216K, used 8704K [0x00000000e8000000, 0x0000000100000000, 0x0000000100000000)
 Metaspace       used 30489K, capacity 31212K, committed 31356K, reserved 1077248K
  class space    used 3482K, capacity 3696K, committed 3708K, reserved 1048576K
}
2018-06-19T15:03:18.045+0200: 7,448: Total time for which application threads were stopped: 0,0208376 seconds, Stopping threads took: 0,0000284 seconds
2018-06-19T15:03:18.054+0200: 7,457: Total time for which application threads were stopped: 0,0001516 seconds, Stopping threads took: 0,0000754 seconds
2018-06-19T15:03:18.054+0200: 7,457: Total time for which application threads were stopped: 0,0000688 seconds, Stopping threads took: 0,0000246 seconds
2018-06-19T15:03:18.092+0200: 7,494: Total time for which application threads were stopped: 0,0001583 seconds, Stopping threads took: 0,0000344 seconds
2018-06-19T15:03:18.092+0200: 7,495: Total time for which application threads were stopped: 0,0001133 seconds, Stopping threads took: 0,0000297 seconds
2018-06-19T15:03:18.112+0200: 7,514: Total time for which application threads were stopped: 0,0001397 seconds, Stopping threads took: 0,0000344 seconds
2018-06-19T15:03:18.116+0200: 7,519: Total time for which application threads were stopped: 0,0001663 seconds, Stopping threads took: 0,0000423 seconds
2018-06-19T15:03:18.133+0200: 7,536: Total time for which application threads were stopped: 0,0001291 seconds, Stopping threads took: 0,0000480 seconds
2018-06-19T15:03:18.153+0200: 7,555: Total time for which application threads were stopped: 0,0001093 seconds, Stopping threads took: 0,0000306 seconds
2018-06-19T15:03:18.159+0200: 7,562: Total time for which application threads were stopped: 0,0001262 seconds, Stopping threads took: 0,0000366 seconds
2018-06-19T15:03:18.201+0200: 7,604: Total time for which application threads were stopped: 0,0001792 seconds, Stopping threads took: 0,0000326 seconds
2018-06-19T15:03:18.202+0200: 7,604: Total time for which application threads were stopped: 0,0001079 seconds, Stopping threads took: 0,0000305 seconds
2018-06-19T15:03:18.202+0200: 7,605: Total time for which application threads were stopped: 0,0000656 seconds, Stopping threads took: 0,0000145 seconds
2018-06-19T15:03:18.219+0200: 7,621: Total time for which application threads were stopped: 0,0009155 seconds, Stopping threads took: 0,0008266 seconds
2018-06-19T15:03:18.243+0200: 7,646: Total time for which application threads were stopped: 0,0001453 seconds, Stopping threads took: 0,0000355 seconds
2018-06-19T15:03:18.244+0200: 7,646: Total time for which application threads were stopped: 0,0001062 seconds, Stopping threads took: 0,0000334 seconds
2018-06-19T15:03:18.253+0200: 7,655: Total time for which application threads were stopped: 0,0001386 seconds, Stopping threads took: 0,0000344 seconds
2018-06-19T15:03:18.255+0200: 7,658: Total time for which application threads were stopped: 0,0001048 seconds, Stopping threads took: 0,0000250 seconds
2018-06-19T15:03:18.258+0200: 7,661: Total time for which application threads were stopped: 0,0001381 seconds, Stopping threads took: 0,0000340 seconds
2018-06-19T15:03:18.260+0200: 7,662: Total time for which application threads were stopped: 0,0001109 seconds, Stopping threads took: 0,0000289 seconds
2018-06-19T15:03:18.263+0200: 7,665: Total time for which application threads were stopped: 0,0001098 seconds, Stopping threads took: 0,0000275 seconds
2018-06-19T15:03:18.275+0200: 7,678: Total time for which application threads were stopped: 0,0001387 seconds, Stopping threads took: 0,0000392 seconds
2018-06-19T15:03:18.282+0200: 7,685: Total time for which application threads were stopped: 0,0001447 seconds, Stopping threads took: 0,0000369 seconds
2018-06-19T15:03:18.329+0200: 7,732: Total time for which application threads were stopped: 0,0001828 seconds, Stopping threads took: 0,0000482 seconds
{Heap before GC invocations=11 (full 1):
 par new generation   total 109248K, used 109248K [0x00000000e0000000, 0x00000000e8000000, 0x00000000e8000000)
  eden space 87424K, 100% used [0x00000000e0000000, 0x00000000e5560000, 0x00000000e5560000)
  from space 21824K, 100% used [0x00000000e6ab0000, 0x00000000e8000000, 0x00000000e8000000)
  to   space 21824K,   0% used [0x00000000e5560000, 0x00000000e5560000, 0x00000000e6ab0000)
 concurrent mark-sweep generation total 393216K, used 8704K [0x00000000e8000000, 0x0000000100000000, 0x0000000100000000)
 Metaspace       used 30532K, capacity 31212K, committed 31356K, reserved 1077248K
  class space    used 3483K, capacity 3696K, committed 3708K, reserved 1048576K
2018-06-19T15:03:18.349+0200: 7,752: [GC (Allocation Failure) 2018-06-19T15:03:18.350+0200: 7,752: [ParNew
Desired survivor size 20112992 bytes, new threshold 8 (max 8)
- age   1:    1401384 bytes,    1401384 total
- age   2:    3771696 bytes,    5173080 total
- age   3:    2786424 bytes,    7959504 total
- age   4:     229200 bytes,    8188704 total
- age   5:    6552992 bytes,   14741696 total
: 109248K->19274K(109248K), 0,0728292 secs] 117952K->37909K(502464K), 0,0729348 secs] [Times: user=0,16 sys=0,00, real=0,07 secs] 
Heap after GC invocations=12 (full 1):
 par new generation   total 109248K, used 19274K [0x00000000e0000000, 0x00000000e8000000, 0x00000000e8000000)
  eden space 87424K,   0% used [0x00000000e0000000, 0x00000000e0000000, 0x00000000e5560000)
  from space 21824K,  88% used [0x00000000e5560000, 0x00000000e6832b60, 0x00000000e6ab0000)
  to   space 21824K,   0% used [0x00000000e6ab0000, 0x00000000e6ab0000, 0x00000000e8000000)
 concurrent mark-sweep generation total 393216K, used 18634K [0x00000000e8000000, 0x0000000100000000, 0x0000000100000000)
 Metaspace       used 30532K, capacity 31212K, committed 31356K, reserved 1077248K
  class space    used 3483K, capacity 3696K, committed 3708K, reserved 1048576K
}
2018-06-19T15:03:18.422+0200: 7,825: Total time for which application threads were stopped: 0,0731853 seconds, Stopping threads took: 0,0000375 seconds
2018-06-19T15:03:18.444+0200: 7,846: Total time for which application threads were stopped: 0,0005799 seconds, Stopping threads took: 0,0001685 seconds
2018-06-19T15:03:18.453+0200: 7,855: Total time for which application threads were stopped: 0,0001398 seconds, Stopping threads took: 0,0000382 seconds
2018-06-19T15:03:18.457+0200: 7,859: Total time for which application threads were stopped: 0,0001393 seconds, Stopping threads took: 0,0000531 seconds
2018-06-19T15:03:18.474+0200: 7,877: Total time for which application threads were stopped: 0,0001004 seconds, Stopping threads took: 0,0000251 seconds
2018-06-19T15:03:18.478+0200: 7,880: Total time for which application threads were stopped: 0,0002580 seconds, Stopping threads took: 0,0000368 seconds
{Heap before GC invocations=12 (full 1):
 par new generation   total 109248K, used 106698K [0x00000000e0000000, 0x00000000e8000000, 0x00000000e8000000)
  eden space 87424K, 100% used [0x00000000e0000000, 0x00000000e5560000, 0x00000000e5560000)
  from space 21824K,  88% used [0x00000000e5560000, 0x00000000e6832b60, 0x00000000e6ab0000)
  to   space 21824K,   0% used [0x00000000e6ab0000, 0x00000000e6ab0000, 0x00000000e8000000)
 concurrent mark-sweep generation total 393216K, used 18634K [0x00000000e8000000, 0x0000000100000000, 0x0000000100000000)
 Metaspace       used 30541K, capacity 31212K, committed 31356K, reserved 1077248K
  class space    used 3483K, capacity 3696K, committed 3708K, reserved 1048576K
2018-06-19T15:03:18.613+0200: 8,015: [GC (Allocation Failure) 2018-06-19T15:03:18.613+0200: 8,015: [ParNew
Desired survivor size 20112992 bytes, new threshold 8 (max 8)
- age   1:    1528616 bytes,    1528616 total
- age   2:     995984 bytes,    2524600 total
- age   3:    3773208 bytes,    6297808 total
- age   4:    2786424 bytes,    9084232 total
- age   5:     229168 bytes,    9313400 total
- age   6:    6552992 bytes,   15866392 total
: 106698K->20099K(109248K), 0,0310447 secs] 125333K->38734K(502464K), 0,0311484 secs] [Times: user=0,08 sys=0,00, real=0,03 secs] 
Heap after GC invocations=13 (full 1):
 par new generation   total 109248K, used 20099K [0x00000000e0000000, 0x00000000e8000000, 0x00000000e8000000)
  eden space 87424K,   0% used [0x00000000e0000000, 0x00000000e0000000, 0x00000000e5560000)
  from space 21824K,  92% used [0x00000000e6ab0000, 0x00000000e7e50e20, 0x00000000e8000000)
  to   space 21824K,   0% used [0x00000000e5560000, 0x00000000e5560000, 0x00000000e6ab0000)
 concurrent mark-sweep generation total 393216K, used 18634K [0x00000000e8000000, 0x0000000100000000, 0x0000000100000000)
 Metaspace       used 30541K, capacity 31212K, committed 31356K, reserved 1077248K
  class space    used 3483K, capacity 3696K, committed 3708K, reserved 1048576K
}
2018-06-19T15:03:18.644+0200: 8,047: Total time for which application threads were stopped: 0,0314370 seconds, Stopping threads took: 0,0000338 seconds
2018-06-19T15:03:18.672+0200: 8,075: Total time for which application threads were stopped: 0,0002028 seconds, Stopping threads took: 0,0000697 seconds
2018-06-19T15:03:18.683+0200: 8,086: Total time for which application threads were stopped: 0,0006849 seconds, Stopping threads took: 0,0005797 seconds
2018-06-19T15:03:18.747+0200: 8,149: Total time for which application threads were stopped: 0,0134781 seconds, Stopping threads took: 0,0133369 seconds
2018-06-19T15:03:18.753+0200: 8,156: Total time for which application threads were stopped: 0,0001677 seconds, Stopping threads took: 0,0000675 seconds
2018-06-19T15:03:18.754+0200: 8,157: Total time for which application threads were stopped: 0,0001006 seconds, Stopping threads took: 0,0000218 seconds
2018-06-19T15:03:18.871+0200: 8,273: Total time for which application threads were stopped: 0,0020762 seconds, Stopping threads took: 0,0019690 seconds
2018-06-19T15:03:18.874+0200: 8,276: Total time for which application threads were stopped: 0,0001290 seconds, Stopping threads took: 0,0000287 seconds
2018-06-19T15:03:18.876+0200: 8,278: Total time for which application threads were stopped: 0,0001570 seconds, Stopping threads took: 0,0000524 seconds
{Heap before GC invocations=13 (full 1):
 par new generation   total 109248K, used 107523K [0x00000000e0000000, 0x00000000e8000000, 0x00000000e8000000)
  eden space 87424K, 100% used [0x00000000e0000000, 0x00000000e5560000, 0x00000000e5560000)
  from space 21824K,  92% used [0x00000000e6ab0000, 0x00000000e7e50e20, 0x00000000e8000000)
  to   space 21824K,   0% used [0x00000000e5560000, 0x00000000e5560000, 0x00000000e6ab0000)
 concurrent mark-sweep generation total 393216K, used 18634K [0x00000000e8000000, 0x0000000100000000, 0x0000000100000000)
 Metaspace       used 30734K, capacity 31404K, committed 31612K, reserved 1077248K
  class space    used 3498K, capacity 3696K, committed 3708K, reserved 1048576K
2018-06-19T15:03:18.972+0200: 8,375: [GC (Allocation Failure) 2018-06-19T15:03:18.972+0200: 8,375: [ParNew
Desired survivor size 20112992 bytes, new threshold 8 (max 8)
- age   1:    1964416 bytes,    1964416 total
- age   2:    1179752 bytes,    3144168 total
- age   3:     937664 bytes,    4081832 total
- age   4:    3655592 bytes,    7737424 total
- age   5:    2786248 bytes,   10523672 total
- age   6:     228944 bytes,   10752616 total
- age   7:    4324144 bytes,   15076760 total
: 107523K->15994K(109248K), 0,0488181 secs] 126158K->34629K(502464K), 0,0489072 secs] [Times: user=0,09 sys=0,00, real=0,04 secs] 
Heap after GC invocations=14 (full 1):
 par new generation   total 109248K, used 15994K [0x00000000e0000000, 0x00000000e8000000, 0x00000000e8000000)
  eden space 87424K,   0% used [0x00000000e0000000, 0x00000000e0000000, 0x00000000e5560000)
  from space 21824K,  73% used [0x00000000e5560000, 0x00000000e64feb88, 0x00000000e6ab0000)
  to   space 21824K,   0% used [0x00000000e6ab0000, 0x00000000e6ab0000, 0x00000000e8000000)
 concurrent mark-sweep generation total 393216K, used 18634K [0x00000000e8000000, 0x0000000100000000, 0x0000000100000000)
 Metaspace       used 30734K, capacity 31404K, committed 31612K, reserved 1077248K
  class space    used 3498K, capacity 3696K, committed 3708K, reserved 1048576K
}
2018-06-19T15:03:19.021+0200: 8,424: Total time for which application threads were stopped: 0,0492507 seconds, Stopping threads took: 0,0000609 seconds
2018-06-19T15:03:19.138+0200: 8,540: Total time for which application threads were stopped: 0,0002250 seconds, Stopping threads took: 0,0000999 seconds
{Heap before GC invocations=14 (full 1):
 par new generation   total 109248K, used 103418K [0x00000000e0000000, 0x00000000e8000000, 0x00000000e8000000)
  eden space 87424K, 100% used [0x00000000e0000000, 0x00000000e5560000, 0x00000000e5560000)
  from space 21824K,  73% used [0x00000000e5560000, 0x00000000e64feb88, 0x00000000e6ab0000)
  to   space 21824K,   0% used [0x00000000e6ab0000, 0x00000000e6ab0000, 0x00000000e8000000)
 concurrent mark-sweep generation total 393216K, used 18634K [0x00000000e8000000, 0x0000000100000000, 0x0000000100000000)
 Metaspace       used 30800K, capacity 31500K, committed 31740K, reserved 1077248K
  class space    used 3504K, capacity 3728K, committed 3836K, reserved 1048576K
2018-06-19T15:03:19.259+0200: 8,661: [GC (Allocation Failure) 2018-06-19T15:03:19.259+0200: 8,661: [ParNew
Desired survivor size 20112992 bytes, new threshold 8 (max 8)
- age   1:    1609352 bytes,    1609352 total
- age   2:    1048712 bytes,    2658064 total
- age   3:      94368 bytes,    2752432 total
- age   4:     129112 bytes,    2881544 total
- age   5:    3003048 bytes,    5884592 total
- age   6:    2786200 bytes,    8670792 total
- age   7:     228912 bytes,    8899704 total
- age   8:    4324112 bytes,   13223816 total
: 103418K->16419K(109248K), 0,0207955 secs] 122053K->35053K(502464K), 0,0208800 secs] [Times: user=0,07 sys=0,00, real=0,02 secs] 
Heap after GC invocations=15 (full 1):
 par new generation   total 109248K, used 16419K [0x00000000e0000000, 0x00000000e8000000, 0x00000000e8000000)
  eden space 87424K,   0% used [0x00000000e0000000, 0x00000000e0000000, 0x00000000e5560000)
  from space 21824K,  75% used [0x00000000e6ab0000, 0x00000000e7ab8c00, 0x00000000e8000000)
  to   space 21824K,   0% used [0x00000000e5560000, 0x00000000e5560000, 0x00000000e6ab0000)
 concurrent mark-sweep generation total 393216K, used 18634K [0x00000000e8000000, 0x0000000100000000, 0x0000000100000000)
 Metaspace       used 30800K, capacity 31500K, committed 31740K, reserved 1077248K
  class space    used 3504K, capacity 3728K, committed 3836K, reserved 1048576K
}
2018-06-19T15:03:19.280+0200: 8,682: Total time for which application threads were stopped: 0,0211633 seconds, Stopping threads took: 0,0000465 seconds
{Heap before GC invocations=15 (full 1):
 par new generation   total 109248K, used 103826K [0x00000000e0000000, 0x00000000e8000000, 0x00000000e8000000)
  eden space 87424K,  99% used [0x00000000e0000000, 0x00000000e555be68, 0x00000000e5560000)
  from space 21824K,  75% used [0x00000000e6ab0000, 0x00000000e7ab8c00, 0x00000000e8000000)
  to   space 21824K,   0% used [0x00000000e5560000, 0x00000000e5560000, 0x00000000e6ab0000)
 concurrent mark-sweep generation total 393216K, used 18634K [0x00000000e8000000, 0x0000000100000000, 0x0000000100000000)
 Metaspace       used 30810K, capacity 31500K, committed 31740K, reserved 1077248K
  class space    used 3504K, capacity 3728K, committed 3836K, reserved 1048576K
2018-06-19T15:03:19.401+0200: 8,803: [GC (Allocation Failure) 2018-06-19T15:03:19.401+0200: 8,803: [ParNew
Desired survivor size 20112992 bytes, new threshold 8 (max 8)
- age   1:    1607176 bytes,    1607176 total
- age   2:    1072792 bytes,    2679968 total
- age   3:    1047760 bytes,    3727728 total
- age   4:      94368 bytes,    3822096 total
- age   5:     128440 bytes,    3950536 total
- age   6:    3001872 bytes,    6952408 total
- age   7:    2786104 bytes,    9738512 total
- age   8:     228784 bytes,    9967296 total
: 103826K->15527K(109248K), 0,0249312 secs] 122461K->38402K(502464K), 0,0250647 secs] [Times: user=0,07 sys=0,00, real=0,03 secs] 
Heap after GC invocations=16 (full 1):
 par new generation   total 109248K, used 15527K [0x00000000e0000000, 0x00000000e8000000, 0x00000000e8000000)
  eden space 87424K,   0% used [0x00000000e0000000, 0x00000000e0000000, 0x00000000e5560000)
  from space 21824K,  71% used [0x00000000e5560000, 0x00000000e6489db0, 0x00000000e6ab0000)
  to   space 21824K,   0% used [0x00000000e6ab0000, 0x00000000e6ab0000, 0x00000000e8000000)
 concurrent mark-sweep generation total 393216K, used 22875K [0x00000000e8000000, 0x0000000100000000, 0x0000000100000000)
 Metaspace       used 30810K, capacity 31500K, committed 31740K, reserved 1077248K
  class space    used 3504K, capacity 3728K, committed 3836K, reserved 1048576K
}
2018-06-19T15:03:19.426+0200: 8,828: Total time for which application threads were stopped: 0,0253781 seconds, Stopping threads took: 0,0000511 seconds
{Heap before GC invocations=16 (full 1):
 par new generation   total 109248K, used 102951K [0x00000000e0000000, 0x00000000e8000000, 0x00000000e8000000)
  eden space 87424K, 100% used [0x00000000e0000000, 0x00000000e5560000, 0x00000000e5560000)
  from space 21824K,  71% used [0x00000000e5560000, 0x00000000e6489db0, 0x00000000e6ab0000)
  to   space 21824K,   0% used [0x00000000e6ab0000, 0x00000000e6ab0000, 0x00000000e8000000)
 concurrent mark-sweep generation total 393216K, used 22875K [0x00000000e8000000, 0x0000000100000000, 0x0000000100000000)
 Metaspace       used 30813K, capacity 31500K, committed 31740K, reserved 1077248K
  class space    used 3504K, capacity 3728K, committed 3836K, reserved 1048576K
2018-06-19T15:03:19.631+0200: 9,033: [GC (Allocation Failure) 2018-06-19T15:03:19.631+0200: 9,034: [ParNew
Desired survivor size 20112992 bytes, new threshold 8 (max 8)
- age   1:    1725856 bytes,    1725856 total
- age   2:    1023648 bytes,    2749504 total
- age   3:    1074160 bytes,    3823664 total
- age   4:    1048976 bytes,    4872640 total
- age   5:      94368 bytes,    4967008 total
- age   6:     127936 bytes,    5094944 total
- age   7:    3001368 bytes,    8096312 total
- age   8:    2785768 bytes,   10882080 total
: 102951K->13847K(109248K), 0,0317016 secs] 125826K->36949K(502464K), 0,0325674 secs] [Times: user=0,04 sys=0,01, real=0,03 secs] 
Heap after GC invocations=17 (full 1):
 par new generation   total 109248K, used 13847K [0x00000000e0000000, 0x00000000e8000000, 0x00000000e8000000)
  eden space 87424K,   0% used [0x00000000e0000000, 0x00000000e0000000, 0x00000000e5560000)
  from space 21824K,  63% used [0x00000000e6ab0000, 0x00000000e7835d10, 0x00000000e8000000)
  to   space 21824K,   0% used [0x00000000e5560000, 0x00000000e5560000, 0x00000000e6ab0000)
 concurrent mark-sweep generation total 393216K, used 23102K [0x00000000e8000000, 0x0000000100000000, 0x0000000100000000)
 Metaspace       used 30813K, capacity 31500K, committed 31740K, reserved 1077248K
  class space    used 3504K, capacity 3728K, committed 3836K, reserved 1048576K
}
2018-06-19T15:03:19.664+0200: 9,067: Total time for which application threads were stopped: 0,0403948 seconds, Stopping threads took: 0,0060795 seconds
2018-06-19T15:03:19.721+0200: 9,123: Total time for which application threads were stopped: 0,0002732 seconds, Stopping threads took: 0,0001015 seconds
2018-06-19T15:03:19.722+0200: 9,125: Total time for which application threads were stopped: 0,0008070 seconds, Stopping threads took: 0,0000698 seconds
2018-06-19T15:03:19.734+0200: 9,137: Total time for which application threads were stopped: 0,0002997 seconds, Stopping threads took: 0,0001143 seconds
2018-06-19T15:03:19.752+0200: 9,155: Total time for which application threads were stopped: 0,0054995 seconds, Stopping threads took: 0,0053874 seconds
2018-06-19T15:03:19.754+0200: 9,157: Total time for which application threads were stopped: 0,0001722 seconds, Stopping threads took: 0,0000592 seconds
2018-06-19T15:03:19.758+0200: 9,161: Total time for which application threads were stopped: 0,0001763 seconds, Stopping threads took: 0,0000667 seconds
{Heap before GC invocations=17 (full 1):
 par new generation   total 109248K, used 101270K [0x00000000e0000000, 0x00000000e8000000, 0x00000000e8000000)
  eden space 87424K,  99% used [0x00000000e0000000, 0x00000000e555feb8, 0x00000000e5560000)
  from space 21824K,  63% used [0x00000000e6ab0000, 0x00000000e7835d10, 0x00000000e8000000)
  to   space 21824K,   0% used [0x00000000e5560000, 0x00000000e5560000, 0x00000000e6ab0000)
 concurrent mark-sweep generation total 393216K, used 23102K [0x00000000e8000000, 0x0000000100000000, 0x0000000100000000)
 Metaspace       used 30841K, capacity 31564K, committed 31996K, reserved 1077248K
  class space    used 3504K, capacity 3728K, committed 3836K, reserved 1048576K
2018-06-19T15:03:19.925+0200: 9,327: [GC (Allocation Failure) 2018-06-19T15:03:19.925+0200: 9,327: [ParNew
Desired survivor size 20112992 bytes, new threshold 8 (max 8)
- age   1:    1769224 bytes,    1769224 total
- age   2:    1562680 bytes,    3331904 total
- age   3:     964800 bytes,    4296704 total
- age   4:    1021120 bytes,    5317824 total
- age   5:     929288 bytes,    6247112 total
- age   6:      94368 bytes,    6341480 total
- age   7:     127392 bytes,    6468872 total
- age   8:    3000256 bytes,    9469128 total
: 101270K->12074K(109248K), 0,0446722 secs] 124372K->37949K(502464K), 0,0447723 secs] [Times: user=0,08 sys=0,00, real=0,04 secs] 
Heap after GC invocations=18 (full 1):
 par new generation   total 109248K, used 12074K [0x00000000e0000000, 0x00000000e8000000, 0x00000000e8000000)
  eden space 87424K,   0% used [0x00000000e0000000, 0x00000000e0000000, 0x00000000e5560000)
  from space 21824K,  55% used [0x00000000e5560000, 0x00000000e612ab10, 0x00000000e6ab0000)
  to   space 21824K,   0% used [0x00000000e6ab0000, 0x00000000e6ab0000, 0x00000000e8000000)
 concurrent mark-sweep generation total 393216K, used 25875K [0x00000000e8000000, 0x0000000100000000, 0x0000000100000000)
 Metaspace       used 30841K, capacity 31564K, committed 31996K, reserved 1077248K
  class space    used 3504K, capacity 3728K, committed 3836K, reserved 1048576K
}
2018-06-19T15:03:19.969+0200: 9,372: Total time for which application threads were stopped: 0,0450900 seconds, Stopping threads took: 0,0000737 seconds
{Heap before GC invocations=18 (full 1):
 par new generation   total 109248K, used 99496K [0x00000000e0000000, 0x00000000e8000000, 0x00000000e8000000)
  eden space 87424K,  99% used [0x00000000e0000000, 0x00000000e555f768, 0x00000000e5560000)
  from space 21824K,  55% used [0x00000000e5560000, 0x00000000e612ab10, 0x00000000e6ab0000)
  to   space 21824K,   0% used [0x00000000e6ab0000, 0x00000000e6ab0000, 0x00000000e8000000)
 concurrent mark-sweep generation total 393216K, used 25875K [0x00000000e8000000, 0x0000000100000000, 0x0000000100000000)
 Metaspace       used 30863K, capacity 31564K, committed 31996K, reserved 1077248K
  class space    used 3504K, capacity 3728K, committed 3836K, reserved 1048576K
2018-06-19T15:03:20.185+0200: 9,588: [GC (Allocation Failure) 2018-06-19T15:03:20.185+0200: 9,588: [ParNew
Desired survivor size 20112992 bytes, new threshold 8 (max 8)
- age   1:    1643024 bytes,    1643024 total
- age   2:    1295888 bytes,    2938912 total
- age   3:    1562656 bytes,    4501568 total
- age   4:     964800 bytes,    5466368 total
- age   5:    1021120 bytes,    6487488 total
- age   6:     929288 bytes,    7416776 total
- age   7:      94368 bytes,    7511144 total
- age   8:     126584 bytes,    7637728 total
: 99496K->10821K(109248K), 0,0419045 secs] 125371K->39638K(502464K), 0,0420207 secs] [Times: user=0,11 sys=0,00, real=0,04 secs] 
Heap after GC invocations=19 (full 1):
 par new generation   total 109248K, used 10821K [0x00000000e0000000, 0x00000000e8000000, 0x00000000e8000000)
  eden space 87424K,   0% used [0x00000000e0000000, 0x00000000e0000000, 0x00000000e5560000)
  from space 21824K,  49% used [0x00000000e6ab0000, 0x00000000e7541418, 0x00000000e8000000)
  to   space 21824K,   0% used [0x00000000e5560000, 0x00000000e5560000, 0x00000000e6ab0000)
 concurrent mark-sweep generation total 393216K, used 28817K [0x00000000e8000000, 0x0000000100000000, 0x0000000100000000)
 Metaspace       used 30863K, capacity 31564K, committed 31996K, reserved 1077248K
  class space    used 3504K, capacity 3728K, committed 3836K, reserved 1048576K
}
2018-06-19T15:03:20.227+0200: 9,630: Total time for which application threads were stopped: 0,0423326 seconds, Stopping threads took: 0,0000602 seconds
{Heap before GC invocations=19 (full 1):
 par new generation   total 109248K, used 98245K [0x00000000e0000000, 0x00000000e8000000, 0x00000000e8000000)
  eden space 87424K, 100% used [0x00000000e0000000, 0x00000000e5560000, 0x00000000e5560000)
  from space 21824K,  49% used [0x00000000e6ab0000, 0x00000000e7541418, 0x00000000e8000000)
  to   space 21824K,   0% used [0x00000000e5560000, 0x00000000e5560000, 0x00000000e6ab0000)
 concurrent mark-sweep generation total 393216K, used 28817K [0x00000000e8000000, 0x0000000100000000, 0x0000000100000000)
 Metaspace       used 30908K, capacity 31570K, committed 31996K, reserved 1077248K
  class space    used 3505K, capacity 3729K, committed 3836K, reserved 1048576K
2018-06-19T15:03:20.466+0200: 9,868: [GC (Allocation Failure) 2018-06-19T15:03:20.466+0200: 9,868: [ParNew
Desired survivor size 20112992 bytes, new threshold 8 (max 8)
- age   1:    1793560 bytes,    1793560 total
- age   2:    1061816 bytes,    2855376 total
- age   3:     997016 bytes,    3852392 total
- age   4:      90968 bytes,    3943360 total
- age   5:      78704 bytes,    4022064 total
- age   6:     370544 bytes,    4392608 total
- age   7:     231360 bytes,    4623968 total
- age   8:      93928 bytes,    4717896 total
: 98245K->6998K(109248K), 0,0148458 secs] 127062K->35939K(502464K), 0,0149461 secs] [Times: user=0,04 sys=0,00, real=0,01 secs] 
Heap after GC invocations=20 (full 1):
 par new generation   total 109248K, used 6998K [0x00000000e0000000, 0x00000000e8000000, 0x00000000e8000000)
  eden space 87424K,   0% used [0x00000000e0000000, 0x00000000e0000000, 0x00000000e5560000)
  from space 21824K,  32% used [0x00000000e5560000, 0x00000000e5c35b68, 0x00000000e6ab0000)
  to   space 21824K,   0% used [0x00000000e6ab0000, 0x00000000e6ab0000, 0x00000000e8000000)
 concurrent mark-sweep generation total 393216K, used 28940K [0x00000000e8000000, 0x0000000100000000, 0x0000000100000000)
 Metaspace       used 30908K, capacity 31570K, committed 31996K, reserved 1077248K
  class space    used 3505K, capacity 3729K, committed 3836K, reserved 1048576K
}
2018-06-19T15:03:20.481+0200: 9,883: Total time for which application threads were stopped: 0,0152549 seconds, Stopping threads took: 0,0000611 seconds
{Heap before GC invocations=20 (full 1):
 par new generation   total 109248K, used 94422K [0x00000000e0000000, 0x00000000e8000000, 0x00000000e8000000)
  eden space 87424K, 100% used [0x00000000e0000000, 0x00000000e5560000, 0x00000000e5560000)
  from space 21824K,  32% used [0x00000000e5560000, 0x00000000e5c35b68, 0x00000000e6ab0000)
  to   space 21824K,   0% used [0x00000000e6ab0000, 0x00000000e6ab0000, 0x00000000e8000000)
 concurrent mark-sweep generation total 393216K, used 28940K [0x00000000e8000000, 0x0000000100000000, 0x0000000100000000)
 Metaspace       used 30925K, capacity 31634K, committed 31996K, reserved 1077248K
  class space    used 3505K, capacity 3729K, committed 3836K, reserved 1048576K
2018-06-19T15:03:20.615+0200: 10,017: [GC (Allocation Failure) 2018-06-19T15:03:20.615+0200: 10,017: [ParNew
Desired survivor size 20112992 bytes, new threshold 8 (max 8)
- age   1:    1928952 bytes,    1928952 total
- age   2:    1084024 bytes,    3012976 total
- age   3:    1061816 bytes,    4074792 total
- age   4:     996984 bytes,    5071776 total
- age   5:      90968 bytes,    5162744 total
- age   6:      78704 bytes,    5241448 total
- age   7:     369696 bytes,    5611144 total
- age   8:     230952 bytes,    5842096 total
: 94422K->6992K(109248K), 0,0075265 secs] 123363K->36025K(502464K), 0,0076248 secs] [Times: user=0,02 sys=0,01, real=0,00 secs] 
Heap after GC invocations=21 (full 1):
 par new generation   total 109248K, used 6992K [0x00000000e0000000, 0x00000000e8000000, 0x00000000e8000000)
  eden space 87424K,   0% used [0x00000000e0000000, 0x00000000e0000000, 0x00000000e5560000)
  from space 21824K,  32% used [0x00000000e6ab0000, 0x00000000e7184388, 0x00000000e8000000)
  to   space 21824K,   0% used [0x00000000e5560000, 0x00000000e5560000, 0x00000000e6ab0000)
 concurrent mark-sweep generation total 393216K, used 29032K [0x00000000e8000000, 0x0000000100000000, 0x0000000100000000)
 Metaspace       used 30925K, capacity 31634K, committed 31996K, reserved 1077248K
  class space    used 3505K, capacity 3729K, committed 3836K, reserved 1048576K
}
2018-06-19T15:03:20.622+0200: 10,025: Total time for which application threads were stopped: 0,0078740 seconds, Stopping threads took: 0,0000550 seconds
{Heap before GC invocations=21 (full 1):
 par new generation   total 109248K, used 94394K [0x00000000e0000000, 0x00000000e8000000, 0x00000000e8000000)
  eden space 87424K,  99% used [0x00000000e0000000, 0x00000000e555a690, 0x00000000e5560000)
  from space 21824K,  32% used [0x00000000e6ab0000, 0x00000000e7184388, 0x00000000e8000000)
  to   space 21824K,   0% used [0x00000000e5560000, 0x00000000e5560000, 0x00000000e6ab0000)
 concurrent mark-sweep generation total 393216K, used 29032K [0x00000000e8000000, 0x0000000100000000, 0x0000000100000000)
 Metaspace       used 30949K, capacity 31698K, committed 31996K, reserved 1077248K
  class space    used 3505K, capacity 3729K, committed 3836K, reserved 1048576K
2018-06-19T15:03:20.735+0200: 10,138: [GC (Allocation Failure) 2018-06-19T15:03:20.735+0200: 10,138: [ParNew
Desired survivor size 20112992 bytes, new threshold 8 (max 8)
- age   1:    2202640 bytes,    2202640 total
- age   2:    1233528 bytes,    3436168 total
- age   3:    1027784 bytes,    4463952 total
- age   4:    1015616 bytes,    5479568 total
- age   5:     940568 bytes,    6420136 total
- age   6:      90968 bytes,    6511104 total
- age   7:      78672 bytes,    6589776 total
- age   8:     369208 bytes,    6958984 total
: 94394K->9633K(109248K), 0,0208330 secs] 123426K->38891K(502464K), 0,0210374 secs] [Times: user=0,05 sys=0,00, real=0,02 secs] 
Heap after GC invocations=22 (full 1):
 par new generation   total 109248K, used 9633K [0x00000000e0000000, 0x00000000e8000000, 0x00000000e8000000)
  eden space 87424K,   0% used [0x00000000e0000000, 0x00000000e0000000, 0x00000000e5560000)
  from space 21824K,  44% used [0x00000000e5560000, 0x00000000e5ec8680, 0x00000000e6ab0000)
  to   space 21824K,   0% used [0x00000000e6ab0000, 0x00000000e6ab0000, 0x00000000e8000000)
 concurrent mark-sweep generation total 393216K, used 29257K [0x00000000e8000000, 0x0000000100000000, 0x0000000100000000)
 Metaspace       used 30949K, capacity 31698K, committed 31996K, reserved 1077248K
  class space    used 3505K, capacity 3729K, committed 3836K, reserved 1048576K
}
2018-06-19T15:03:20.757+0200: 10,159: Total time for which application threads were stopped: 0,0230054 seconds, Stopping threads took: 0,0015625 seconds
2018-06-19T15:03:20.759+0200: 10,161: Total time for which application threads were stopped: 0,0001380 seconds, Stopping threads took: 0,0000417 seconds
2018-06-19T15:03:20.764+0200: 10,166: Total time for which application threads were stopped: 0,0007730 seconds, Stopping threads took: 0,0006571 seconds
2018-06-19T15:03:20.843+0200: 10,246: Total time for which application threads were stopped: 0,0008611 seconds, Stopping threads took: 0,0002824 seconds
2018-06-19T15:03:20.857+0200: 10,260: Total time for which application threads were stopped: 0,0001945 seconds, Stopping threads took: 0,0000836 seconds
2018-06-19T15:03:20.879+0200: 10,282: Total time for which application threads were stopped: 0,0044076 seconds, Stopping threads took: 0,0040956 seconds
{Heap before GC invocations=22 (full 1):
 par new generation   total 109248K, used 97057K [0x00000000e0000000, 0x00000000e8000000, 0x00000000e8000000)
  eden space 87424K, 100% used [0x00000000e0000000, 0x00000000e5560000, 0x00000000e5560000)
  from space 21824K,  44% used [0x00000000e5560000, 0x00000000e5ec8680, 0x00000000e6ab0000)
  to   space 21824K,   0% used [0x00000000e6ab0000, 0x00000000e6ab0000, 0x00000000e8000000)
 concurrent mark-sweep generation total 393216K, used 29257K [0x00000000e8000000, 0x0000000100000000, 0x0000000100000000)
 Metaspace       used 30955K, capacity 31698K, committed 31996K, reserved 1077248K
  class space    used 3505K, capacity 3729K, committed 3836K, reserved 1048576K
2018-06-19T15:03:20.950+0200: 10,353: [GC (Allocation Failure) 2018-06-19T15:03:20.950+0200: 10,353: [ParNew
Desired survivor size 20112992 bytes, new threshold 8 (max 8)
- age   1:    1367248 bytes,    1367248 total
- age   2:    2060320 bytes,    3427568 total
- age   3:    1233464 bytes,    4661032 total
- age   4:    1027784 bytes,    5688816 total
- age   5:    1015616 bytes,    6704432 total
- age   6:     877112 bytes,    7581544 total
- age   7:      90936 bytes,    7672480 total
- age   8:      78264 bytes,    7750744 total
: 97057K->9381K(109248K), 0,0136325 secs] 126315K->39000K(502464K), 0,0137306 secs] [Times: user=0,03 sys=0,00, real=0,02 secs] 
Heap after GC invocations=23 (full 1):
 par new generation   total 109248K, used 9381K [0x00000000e0000000, 0x00000000e8000000, 0x00000000e8000000)
  eden space 87424K,   0% used [0x00000000e0000000, 0x00000000e0000000, 0x00000000e5560000)
  from space 21824K,  42% used [0x00000000e6ab0000, 0x00000000e73d9690, 0x00000000e8000000)
  to   space 21824K,   0% used [0x00000000e5560000, 0x00000000e5560000, 0x00000000e6ab0000)
 concurrent mark-sweep generation total 393216K, used 29618K [0x00000000e8000000, 0x0000000100000000, 0x0000000100000000)
 Metaspace       used 30955K, capacity 31698K, committed 31996K, reserved 1077248K
  class space    used 3505K, capacity 3729K, committed 3836K, reserved 1048576K
}
2018-06-19T15:03:20.964+0200: 10,366: Total time for which application threads were stopped: 0,0139940 seconds, Stopping threads took: 0,0000601 seconds
{Heap before GC invocations=23 (full 1):
 par new generation   total 109248K, used 96779K [0x00000000e0000000, 0x00000000e8000000, 0x00000000e8000000)
  eden space 87424K,  99% used [0x00000000e0000000, 0x00000000e55598c0, 0x00000000e5560000)
  from space 21824K,  42% used [0x00000000e6ab0000, 0x00000000e73d9690, 0x00000000e8000000)
  to   space 21824K,   0% used [0x00000000e5560000, 0x00000000e5560000, 0x00000000e6ab0000)
 concurrent mark-sweep generation total 393216K, used 29618K [0x00000000e8000000, 0x0000000100000000, 0x0000000100000000)
 Metaspace       used 30984K, capacity 31698K, committed 31996K, reserved 1077248K
  class space    used 3505K, capacity 3729K, committed 3836K, reserved 1048576K
2018-06-19T15:03:21.064+0200: 10,466: [GC (Allocation Failure) 2018-06-19T15:03:21.064+0200: 10,466: [ParNew
Desired survivor size 20112992 bytes, new threshold 8 (max 8)
- age   1:    1822752 bytes,    1822752 total
- age   2:     869840 bytes,    2692592 total
- age   3:     551768 bytes,    3244360 total
- age   4:      87352 bytes,    3331712 total
- age   5:     175184 bytes,    3506896 total
- age   6:     383920 bytes,    3890816 total
- age   7:     130288 bytes,    4021104 total
- age   8:      90704 bytes,    4111808 total
: 96779K->9886K(109248K), 0,0126101 secs] 126398K->39581K(502464K), 0,0128365 secs] [Times: user=0,04 sys=0,00, real=0,01 secs] 
Heap after GC invocations=24 (full 1):
 par new generation   total 109248K, used 9886K [0x00000000e0000000, 0x00000000e8000000, 0x00000000e8000000)
  eden space 87424K,   0% used [0x00000000e0000000, 0x00000000e0000000, 0x00000000e5560000)
  from space 21824K,  45% used [0x00000000e5560000, 0x00000000e5f07a00, 0x00000000e6ab0000)
  to   space 21824K,   0% used [0x00000000e6ab0000, 0x00000000e6ab0000, 0x00000000e8000000)
 concurrent mark-sweep generation total 393216K, used 29695K [0x00000000e8000000, 0x0000000100000000, 0x0000000100000000)
 Metaspace       used 30984K, capacity 31698K, committed 31996K, reserved 1077248K
  class space    used 3505K, capacity 3729K, committed 3836K, reserved 1048576K
}
2018-06-19T15:03:21.077+0200: 10,479: Total time for which application threads were stopped: 0,0133231 seconds, Stopping threads took: 0,0000791 seconds
{Heap before GC invocations=24 (full 1):
 par new generation   total 109248K, used 97302K [0x00000000e0000000, 0x00000000e8000000, 0x00000000e8000000)
  eden space 87424K,  99% used [0x00000000e0000000, 0x00000000e555dfa8, 0x00000000e5560000)
  from space 21824K,  45% used [0x00000000e5560000, 0x00000000e5f07a00, 0x00000000e6ab0000)
  to   space 21824K,   0% used [0x00000000e6ab0000, 0x00000000e6ab0000, 0x00000000e8000000)
 concurrent mark-sweep generation total 393216K, used 29695K [0x00000000e8000000, 0x0000000100000000, 0x0000000100000000)
 Metaspace       used 30984K, capacity 31698K, committed 31996K, reserved 1077248K
  class space    used 3505K, capacity 3729K, committed 3836K, reserved 1048576K
2018-06-19T15:03:21.163+0200: 10,566: [GC (Allocation Failure) 2018-06-19T15:03:21.164+0200: 10,566: [ParNew
Desired survivor size 20112992 bytes, new threshold 8 (max 8)
- age   1:    1605776 bytes,    1605776 total
- age   2:    1378832 bytes,    2984608 total
- age   3:     869816 bytes,    3854424 total
- age   4:     550888 bytes,    4405312 total
- age   5:      87352 bytes,    4492664 total
- age   6:     174368 bytes,    4667032 total
- age   7:     383888 bytes,    5050920 total
- age   8:     130056 bytes,    5180976 total
: 97302K->6187K(109248K), 0,0137019 secs] 126997K->35971K(502464K), 0,0137839 secs] [Times: user=0,05 sys=0,00, real=0,01 secs] 
Heap after GC invocations=25 (full 1):
 par new generation   total 109248K, used 6187K [0x00000000e0000000, 0x00000000e8000000, 0x00000000e8000000)
  eden space 87424K,   0% used [0x00000000e0000000, 0x00000000e0000000, 0x00000000e5560000)
  from space 21824K,  28% used [0x00000000e6ab0000, 0x00000000e70baeb0, 0x00000000e8000000)
  to   space 21824K,   0% used [0x00000000e5560000, 0x00000000e5560000, 0x00000000e6ab0000)
 concurrent mark-sweep generation total 393216K, used 29784K [0x00000000e8000000, 0x0000000100000000, 0x0000000100000000)
 Metaspace       used 30984K, capacity 31698K, committed 31996K, reserved 1077248K
  class space    used 3505K, capacity 3729K, committed 3836K, reserved 1048576K
}
2018-06-19T15:03:21.177+0200: 10,580: Total time for which application threads were stopped: 0,0140554 seconds, Stopping threads took: 0,0000874 seconds
{Heap before GC invocations=25 (full 1):
 par new generation   total 109248K, used 93611K [0x00000000e0000000, 0x00000000e8000000, 0x00000000e8000000)
  eden space 87424K, 100% used [0x00000000e0000000, 0x00000000e5560000, 0x00000000e5560000)
  from space 21824K,  28% used [0x00000000e6ab0000, 0x00000000e70baeb0, 0x00000000e8000000)
  to   space 21824K,   0% used [0x00000000e5560000, 0x00000000e5560000, 0x00000000e6ab0000)
 concurrent mark-sweep generation total 393216K, used 29784K [0x00000000e8000000, 0x0000000100000000, 0x0000000100000000)
 Metaspace       used 30987K, capacity 31698K, committed 31996K, reserved 1077248K
  class space    used 3505K, capacity 3729K, committed 3836K, reserved 1048576K
2018-06-19T15:03:21.269+0200: 10,672: [GC (Allocation Failure) 2018-06-19T15:03:21.269+0200: 10,672: [ParNew
Desired survivor size 20112992 bytes, new threshold 8 (max 8)
- age   1:    1951200 bytes,    1951200 total
- age   2:     962624 bytes,    2913824 total
- age   3:    1182104 bytes,    4095928 total
- age   4:     869816 bytes,    4965744 total
- age   5:     550888 bytes,    5516632 total
- age   6:      87352 bytes,    5603984 total
- age   7:     174336 bytes,    5778320 total
- age   8:     383656 bytes,    6161976 total
: 93611K->8714K(109248K), 0,0178709 secs] 123395K->38625K(502464K), 0,0179724 secs] [Times: user=0,06 sys=0,00, real=0,02 secs] 
Heap after GC invocations=26 (full 1):
 par new generation   total 109248K, used 8714K [0x00000000e0000000, 0x00000000e8000000, 0x00000000e8000000)
  eden space 87424K,   0% used [0x00000000e0000000, 0x00000000e0000000, 0x00000000e5560000)
  from space 21824K,  39% used [0x00000000e5560000, 0x00000000e5de2980, 0x00000000e6ab0000)
  to   space 21824K,   0% used [0x00000000e6ab0000, 0x00000000e6ab0000, 0x00000000e8000000)
 concurrent mark-sweep generation total 393216K, used 29911K [0x00000000e8000000, 0x0000000100000000, 0x0000000100000000)
 Metaspace       used 30987K, capacity 31698K, committed 31996K, reserved 1077248K
  class space    used 3505K, capacity 3729K, committed 3836K, reserved 1048576K
}
2018-06-19T15:03:21.287+0200: 10,690: Total time for which application threads were stopped: 0,0182077 seconds, Stopping threads took: 0,0000382 seconds
{Heap before GC invocations=26 (full 1):
 par new generation   total 109248K, used 96131K [0x00000000e0000000, 0x00000000e8000000, 0x00000000e8000000)
  eden space 87424K,  99% used [0x00000000e0000000, 0x00000000e555e508, 0x00000000e5560000)
  from space 21824K,  39% used [0x00000000e5560000, 0x00000000e5de2980, 0x00000000e6ab0000)
  to   space 21824K,   0% used [0x00000000e6ab0000, 0x00000000e6ab0000, 0x00000000e8000000)
 concurrent mark-sweep generation total 393216K, used 29911K [0x00000000e8000000, 0x0000000100000000, 0x0000000100000000)
 Metaspace       used 30991K, capacity 31698K, committed 31996K, reserved 1077248K
  class space    used 3505K, capacity 3729K, committed 3836K, reserved 1048576K
2018-06-19T15:03:21.398+0200: 10,800: [GC (Allocation Failure) 2018-06-19T15:03:21.398+0200: 10,800: [ParNew
Desired survivor size 20112992 bytes, new threshold 8 (max 8)
- age   1:    1709016 bytes,    1709016 total
- age   2:    1216312 bytes,    2925328 total
- age   3:     962600 bytes,    3887928 total
- age   4:    1182104 bytes,    5070032 total
- age   5:     869816 bytes,    5939848 total
- age   6:     550888 bytes,    6490736 total
- age   7:      87320 bytes,    6578056 total
- age   8:     173840 bytes,    6751896 total
: 96131K->9201K(109248K), 0,0100361 secs] 126042K->39486K(502464K), 0,0101253 secs] [Times: user=0,03 sys=0,00, real=0,01 secs] 
Heap after GC invocations=27 (full 1):
 par new generation   total 109248K, used 9201K [0x00000000e0000000, 0x00000000e8000000, 0x00000000e8000000)
  eden space 87424K,   0% used [0x00000000e0000000, 0x00000000e0000000, 0x00000000e5560000)
  from space 21824K,  42% used [0x00000000e6ab0000, 0x00000000e73ac4a0, 0x00000000e8000000)
  to   space 21824K,   0% used [0x00000000e5560000, 0x00000000e5560000, 0x00000000e6ab0000)
 concurrent mark-sweep generation total 393216K, used 30285K [0x00000000e8000000, 0x0000000100000000, 0x0000000100000000)
 Metaspace       used 30991K, capacity 31698K, committed 31996K, reserved 1077248K
  class space    used 3505K, capacity 3729K, committed 3836K, reserved 1048576K
}
2018-06-19T15:03:21.408+0200: 10,811: Total time for which application threads were stopped: 0,0104153 seconds, Stopping threads took: 0,0000512 seconds
{Heap before GC invocations=27 (full 1):
 par new generation   total 109248K, used 96625K [0x00000000e0000000, 0x00000000e8000000, 0x00000000e8000000)
  eden space 87424K, 100% used [0x00000000e0000000, 0x00000000e5560000, 0x00000000e5560000)
  from space 21824K,  42% used [0x00000000e6ab0000, 0x00000000e73ac4a0, 0x00000000e8000000)
  to   space 21824K,   0% used [0x00000000e5560000, 0x00000000e5560000, 0x00000000e6ab0000)
 concurrent mark-sweep generation total 393216K, used 30285K [0x00000000e8000000, 0x0000000100000000, 0x0000000100000000)
 Metaspace       used 30992K, capacity 31698K, committed 31996K, reserved 1077248K
  class space    used 3505K, capacity 3729K, committed 3836K, reserved 1048576K
2018-06-19T15:03:21.510+0200: 10,912: [GC (Allocation Failure) 2018-06-19T15:03:21.510+0200: 10,912: [ParNew
Desired survivor size 20112992 bytes, new threshold 8 (max 8)
- age   1:    2091184 bytes,    2091184 total
- age   2:     845168 bytes,    2936352 total
- age   3:    1214680 bytes,    4151032 total
- age   4:     864248 bytes,    5015280 total
- age   5:    1182104 bytes,    6197384 total
- age   6:     869816 bytes,    7067200 total
- age   7:     550856 bytes,    7618056 total
- age   8:      87088 bytes,    7705144 total
: 96625K->9100K(109248K), 0,0170443 secs] 126910K->39555K(502464K), 0,0171319 secs] [Times: user=0,05 sys=0,00, real=0,02 secs] 
Heap after GC invocations=28 (full 1):
 par new generation   total 109248K, used 9100K [0x00000000e0000000, 0x00000000e8000000, 0x00000000e8000000)
  eden space 87424K,   0% used [0x00000000e0000000, 0x00000000e0000000, 0x00000000e5560000)
  from space 21824K,  41% used [0x00000000e5560000, 0x00000000e5e43008, 0x00000000e6ab0000)
  to   space 21824K,   0% used [0x00000000e6ab0000, 0x00000000e6ab0000, 0x00000000e8000000)
 concurrent mark-sweep generation total 393216K, used 30455K [0x00000000e8000000, 0x0000000100000000, 0x0000000100000000)
 Metaspace       used 30992K, capacity 31698K, committed 31996K, reserved 1077248K
  class space    used 3505K, capacity 3729K, committed 3836K, reserved 1048576K
}
2018-06-19T15:03:21.527+0200: 10,929: Total time for which application threads were stopped: 0,0173562 seconds, Stopping threads took: 0,0000386 seconds
{Heap before GC invocations=28 (full 1):
 par new generation   total 109248K, used 96524K [0x00000000e0000000, 0x00000000e8000000, 0x00000000e8000000)
  eden space 87424K, 100% used [0x00000000e0000000, 0x00000000e5560000, 0x00000000e5560000)
  from space 21824K,  41% used [0x00000000e5560000, 0x00000000e5e43008, 0x00000000e6ab0000)
  to   space 21824K,   0% used [0x00000000e6ab0000, 0x00000000e6ab0000, 0x00000000e8000000)
 concurrent mark-sweep generation total 393216K, used 30455K [0x00000000e8000000, 0x0000000100000000, 0x0000000100000000)
 Metaspace       used 30997K, capacity 31704K, committed 31996K, reserved 1077248K
  class space    used 3506K, capacity 3730K, committed 3836K, reserved 1048576K
2018-06-19T15:03:21.654+0200: 11,057: [GC (Allocation Failure) 2018-06-19T15:03:21.654+0200: 11,057: [ParNew
Desired survivor size 20112992 bytes, new threshold 8 (max 8)
- age   1:    2411816 bytes,    2411816 total
- age   2:    1052088 bytes,    3463904 total
- age   3:     845144 bytes,    4309048 total
- age   4:    1018024 bytes,    5327072 total
- age   5:     864248 bytes,    6191320 total
- age   6:    1182104 bytes,    7373424 total
- age   7:     869784 bytes,    8243208 total
- age   8:     550624 bytes,    8793832 total
: 96524K->9706K(109248K), 0,0182023 secs] 126979K->40246K(502464K), 0,0182993 secs] [Times: user=0,04 sys=0,00, real=0,02 secs] 
Heap after GC invocations=29 (full 1):
 par new generation   total 109248K, used 9706K [0x00000000e0000000, 0x00000000e8000000, 0x00000000e8000000)
  eden space 87424K,   0% used [0x00000000e0000000, 0x00000000e0000000, 0x00000000e5560000)
  from space 21824K,  44% used [0x00000000e6ab0000, 0x00000000e742a850, 0x00000000e8000000)
  to   space 21824K,   0% used [0x00000000e5560000, 0x00000000e5560000, 0x00000000e6ab0000)
 concurrent mark-sweep generation total 393216K, used 30540K [0x00000000e8000000, 0x0000000100000000, 0x0000000100000000)
 Metaspace       used 30997K, capacity 31704K, committed 31996K, reserved 1077248K
  class space    used 3506K, capacity 3730K, committed 3836K, reserved 1048576K
}
2018-06-19T15:03:21.673+0200: 11,075: Total time for which application threads were stopped: 0,0186059 seconds, Stopping threads took: 0,0000461 seconds
2018-06-19T15:03:21.718+0200: 11,120: Total time for which application threads were stopped: 0,0002121 seconds, Stopping threads took: 0,0000476 seconds
2018-06-19T15:03:21.723+0200: 11,125: Total time for which application threads were stopped: 0,0029492 seconds, Stopping threads took: 0,0028420 seconds
2018-06-19T15:03:21.729+0200: 11,132: Total time for which application threads were stopped: 0,0001763 seconds, Stopping threads took: 0,0000701 seconds
2018-06-19T15:03:21.810+0200: 11,212: Total time for which application threads were stopped: 0,0016505 seconds, Stopping threads took: 0,0015494 seconds
{Heap before GC invocations=29 (full 1):
 par new generation   total 109248K, used 97101K [0x00000000e0000000, 0x00000000e8000000, 0x00000000e8000000)
  eden space 87424K,  99% used [0x00000000e0000000, 0x00000000e5558f20, 0x00000000e5560000)
  from space 21824K,  44% used [0x00000000e6ab0000, 0x00000000e742a850, 0x00000000e8000000)
  to   space 21824K,   0% used [0x00000000e5560000, 0x00000000e5560000, 0x00000000e6ab0000)
 concurrent mark-sweep generation total 393216K, used 30540K [0x00000000e8000000, 0x0000000100000000, 0x0000000100000000)
 Metaspace       used 31000K, capacity 31704K, committed 31996K, reserved 1077248K
  class space    used 3506K, capacity 3730K, committed 3836K, reserved 1048576K
2018-06-19T15:03:21.812+0200: 11,214: [GC (Allocation Failure) 2018-06-19T15:03:21.812+0200: 11,214: [ParNew
Desired survivor size 20112992 bytes, new threshold 8 (max 8)
- age   1:    1672136 bytes,    1672136 total
- age   2:    2261176 bytes,    3933312 total
- age   3:     995376 bytes,    4928688 total
- age   4:     788360 bytes,    5717048 total
- age   5:     961096 bytes,    6678144 total
- age   6:     839816 bytes,    7517960 total
- age   7:    1134272 bytes,    8652232 total
- age   8:     818624 bytes,    9470856 total
: 97101K->14102K(109248K), 0,0275579 secs] 127642K->45157K(502464K), 0,0276873 secs] [Times: user=0,07 sys=0,00, real=0,02 secs] 
Heap after GC invocations=30 (full 1):
 par new generation   total 109248K, used 14102K [0x00000000e0000000, 0x00000000e8000000, 0x00000000e8000000)
  eden space 87424K,   0% used [0x00000000e0000000, 0x00000000e0000000, 0x00000000e5560000)
  from space 21824K,  64% used [0x00000000e5560000, 0x00000000e6325948, 0x00000000e6ab0000)
  to   space 21824K,   0% used [0x00000000e6ab0000, 0x00000000e6ab0000, 0x00000000e8000000)
 concurrent mark-sweep generation total 393216K, used 31054K [0x00000000e8000000, 0x0000000100000000, 0x0000000100000000)
 Metaspace       used 31000K, capacity 31704K, committed 31996K, reserved 1077248K
  class space    used 3506K, capacity 3730K, committed 3836K, reserved 1048576K
}
2018-06-19T15:03:21.840+0200: 11,242: Total time for which application threads were stopped: 0,0279783 seconds, Stopping threads took: 0,0000705 seconds
2018-06-19T15:03:21.855+0200: 11,258: Total time for which application threads were stopped: 0,0025685 seconds, Stopping threads took: 0,0022763 seconds
2018-06-19T15:03:21.856+0200: 11,258: Total time for which application threads were stopped: 0,0001543 seconds, Stopping threads took: 0,0000546 seconds
{Heap before GC invocations=30 (full 1):
 par new generation   total 109248K, used 101522K [0x00000000e0000000, 0x00000000e8000000, 0x00000000e8000000)
  eden space 87424K,  99% used [0x00000000e0000000, 0x00000000e555ef10, 0x00000000e5560000)
  from space 21824K,  64% used [0x00000000e5560000, 0x00000000e6325948, 0x00000000e6ab0000)
  to   space 21824K,   0% used [0x00000000e6ab0000, 0x00000000e6ab0000, 0x00000000e8000000)
 concurrent mark-sweep generation total 393216K, used 31054K [0x00000000e8000000, 0x0000000100000000, 0x0000000100000000)
 Metaspace       used 31003K, capacity 31704K, committed 31996K, reserved 1077248K
  class space    used 3506K, capacity 3730K, committed 3836K, reserved 1048576K
2018-06-19T15:03:22.169+0200: 11,571: [GC (Allocation Failure) 2018-06-19T15:03:22.169+0200: 11,571: [ParNew
Desired survivor size 20112992 bytes, new threshold 8 (max 8)
- age   1:    1085712 bytes,    1085712 total
- age   2:    1341752 bytes,    2427464 total
- age   3:    2261152 bytes,    4688616 total
- age   4:     995376 bytes,    5683992 total
- age   5:     788360 bytes,    6472352 total
- age   6:     961096 bytes,    7433448 total
- age   7:     807000 bytes,    8240448 total
- age   8:    1134040 bytes,    9374488 total
: 101522K->11876K(109248K), 0,0224407 secs] 132576K->43739K(502464K), 0,0225218 secs] [Times: user=0,05 sys=0,00, real=0,03 secs] 
Heap after GC invocations=31 (full 1):
 par new generation   total 109248K, used 11876K [0x00000000e0000000, 0x00000000e8000000, 0x00000000e8000000)
  eden space 87424K,   0% used [0x00000000e0000000, 0x00000000e0000000, 0x00000000e5560000)
  from space 21824K,  54% used [0x00000000e6ab0000, 0x00000000e76492f0, 0x00000000e8000000)
  to   space 21824K,   0% used [0x00000000e5560000, 0x00000000e5560000, 0x00000000e6ab0000)
 concurrent mark-sweep generation total 393216K, used 31862K [0x00000000e8000000, 0x0000000100000000, 0x0000000100000000)
 Metaspace       used 31003K, capacity 31704K, committed 31996K, reserved 1077248K
  class space    used 3506K, capacity 3730K, committed 3836K, reserved 1048576K
}
2018-06-19T15:03:22.191+0200: 11,594: Total time for which application threads were stopped: 0,0227970 seconds, Stopping threads took: 0,0000301 seconds
2018-06-19T15:03:22.305+0200: 11,707: Total time for which application threads were stopped: 0,0002017 seconds, Stopping threads took: 0,0000618 seconds
2018-06-19T15:03:22.307+0200: 11,709: Total time for which application threads were stopped: 0,0001294 seconds, Stopping threads took: 0,0000421 seconds
2018-06-19T15:03:22.307+0200: 11,710: Total time for which application threads were stopped: 0,0002227 seconds, Stopping threads took: 0,0000236 seconds
2018-06-19T15:03:22.356+0200: 11,759: Total time for which application threads were stopped: 0,0001247 seconds, Stopping threads took: 0,0000428 seconds
2018-06-19T15:03:22.356+0200: 11,759: Total time for which application threads were stopped: 0,0000627 seconds, Stopping threads took: 0,0000212 seconds
2018-06-19T15:03:22.357+0200: 11,759: Total time for which application threads were stopped: 0,0000584 seconds, Stopping threads took: 0,0000229 seconds
2018-06-19T15:03:22.357+0200: 11,759: Total time for which application threads were stopped: 0,0000585 seconds, Stopping threads took: 0,0000223 seconds
2018-06-19T15:03:22.882+0200: 12,285: Total time for which application threads were stopped: 0,0001020 seconds, Stopping threads took: 0,0000254 seconds
2018-06-19T15:03:22.882+0200: 12,285: Total time for which application threads were stopped: 0,0000496 seconds, Stopping threads took: 0,0000169 seconds
2018-06-19T15:03:22.883+0200: 12,285: Total time for which application threads were stopped: 0,0000457 seconds, Stopping threads took: 0,0000126 seconds
2018-06-19T15:03:22.883+0200: 12,285: Total time for which application threads were stopped: 0,0000659 seconds, Stopping threads took: 0,0000376 seconds
2018-06-19T15:03:22.884+0200: 12,287: Total time for which application threads were stopped: 0,0001229 seconds, Stopping threads took: 0,0000566 seconds
2018-06-19T15:03:22.885+0200: 12,288: Total time for which application threads were stopped: 0,0000932 seconds, Stopping threads took: 0,0000399 seconds
2018-06-19T15:03:22.886+0200: 12,288: Total time for which application threads were stopped: 0,0000713 seconds, Stopping threads took: 0,0000203 seconds
2018-06-19T15:03:23.886+0200: 13,288: Total time for which application threads were stopped: 0,0000887 seconds, Stopping threads took: 0,0000233 seconds
2018-06-19T15:03:24.761+0200: 14,163: Total time for which application threads were stopped: 0,0005581 seconds, Stopping threads took: 0,0000273 seconds
2018-06-19T15:03:24.765+0200: 14,168: Total time for which application threads were stopped: 0,0001691 seconds, Stopping threads took: 0,0000768 seconds
2018-06-19T15:03:24.768+0200: 14,171: Total time for which application threads were stopped: 0,0001102 seconds, Stopping threads took: 0,0000458 seconds
2018-06-19T15:03:24.770+0200: 14,172: Total time for which application threads were stopped: 0,0002165 seconds, Stopping threads took: 0,0001239 seconds
2018-06-19T15:03:24.770+0200: 14,173: Total time for which application threads were stopped: 0,0001152 seconds, Stopping threads took: 0,0000358 seconds
2018-06-19T15:03:24.775+0200: 14,178: Total time for which application threads were stopped: 0,0001277 seconds, Stopping threads took: 0,0000411 seconds
2018-06-19T15:03:24.776+0200: 14,178: Total time for which application threads were stopped: 0,0000848 seconds, Stopping threads took: 0,0000208 seconds
2018-06-19T15:03:24.776+0200: 14,178: Total time for which application threads were stopped: 0,0000827 seconds, Stopping threads took: 0,0000275 seconds
2018-06-19T15:03:24.777+0200: 14,179: Total time for which application threads were stopped: 0,0000812 seconds, Stopping threads took: 0,0000292 seconds
2018-06-19T15:03:24.777+0200: 14,180: Total time for which application threads were stopped: 0,0000678 seconds, Stopping threads took: 0,0000298 seconds
2018-06-19T15:03:24.777+0200: 14,180: Total time for which application threads were stopped: 0,0000571 seconds, Stopping threads took: 0,0000140 seconds
2018-06-19T15:03:24.777+0200: 14,180: Total time for which application threads were stopped: 0,0000711 seconds, Stopping threads took: 0,0000316 seconds
2018-06-19T15:03:24.780+0200: 14,182: Total time for which application threads were stopped: 0,0001098 seconds, Stopping threads took: 0,0000393 seconds
2018-06-19T15:03:24.780+0200: 14,182: Total time for which application threads were stopped: 0,0000747 seconds, Stopping threads took: 0,0000278 seconds
2018-06-19T15:03:24.780+0200: 14,182: Total time for which application threads were stopped: 0,0000656 seconds, Stopping threads took: 0,0000279 seconds
2018-06-19T15:03:24.780+0200: 14,183: Total time for which application threads were stopped: 0,0000572 seconds, Stopping threads took: 0,0000195 seconds
2018-06-19T15:03:24.780+0200: 14,183: Total time for which application threads were stopped: 0,0000574 seconds, Stopping threads took: 0,0000209 seconds
2018-06-19T15:03:24.780+0200: 14,183: Total time for which application threads were stopped: 0,0000599 seconds, Stopping threads took: 0,0000225 seconds
2018-06-19T15:03:24.780+0200: 14,183: Total time for which application threads were stopped: 0,0000578 seconds, Stopping threads took: 0,0000206 seconds
2018-06-19T15:03:24.780+0200: 14,183: Total time for which application threads were stopped: 0,0000615 seconds, Stopping threads took: 0,0000237 seconds
2018-06-19T15:03:24.781+0200: 14,183: Total time for which application threads were stopped: 0,0000633 seconds, Stopping threads took: 0,0000239 seconds
2018-06-19T15:03:24.781+0200: 14,183: Total time for which application threads were stopped: 0,0000651 seconds, Stopping threads took: 0,0000233 seconds
2018-06-19T15:03:24.781+0200: 14,183: Total time for which application threads were stopped: 0,0000601 seconds, Stopping threads took: 0,0000215 seconds
2018-06-19T15:03:24.781+0200: 14,183: Total time for which application threads were stopped: 0,0000588 seconds, Stopping threads took: 0,0000223 seconds
2018-06-19T15:03:24.781+0200: 14,183: Total time for which application threads were stopped: 0,0000602 seconds, Stopping threads took: 0,0000211 seconds
2018-06-19T15:03:24.781+0200: 14,184: Total time for which application threads were stopped: 0,0000594 seconds, Stopping threads took: 0,0000234 seconds
2018-06-19T15:03:24.781+0200: 14,184: Total time for which application threads were stopped: 0,0000610 seconds, Stopping threads took: 0,0000207 seconds
2018-06-19T15:03:24.781+0200: 14,184: Total time for which application threads were stopped: 0,0000631 seconds, Stopping threads took: 0,0000244 seconds
2018-06-19T15:03:24.781+0200: 14,184: Total time for which application threads were stopped: 0,0000609 seconds, Stopping threads took: 0,0000208 seconds
2018-06-19T15:03:24.781+0200: 14,184: Total time for which application threads were stopped: 0,0000574 seconds, Stopping threads took: 0,0000210 seconds
2018-06-19T15:03:24.784+0200: 14,187: Total time for which application threads were stopped: 0,0001210 seconds, Stopping threads took: 0,0000532 seconds
2018-06-19T15:03:24.784+0200: 14,187: Total time for which application threads were stopped: 0,0000714 seconds, Stopping threads took: 0,0000259 seconds
2018-06-19T15:03:24.784+0200: 14,187: Total time for which application threads were stopped: 0,0000804 seconds, Stopping threads took: 0,0000351 seconds
2018-06-19T15:03:24.787+0200: 14,189: Total time for which application threads were stopped: 0,0000941 seconds, Stopping threads took: 0,0000192 seconds
2018-06-19T15:03:24.787+0200: 14,190: Total time for which application threads were stopped: 0,0000655 seconds, Stopping threads took: 0,0000226 seconds
2018-06-19T15:03:24.787+0200: 14,190: Total time for which application threads were stopped: 0,0000797 seconds, Stopping threads took: 0,0000343 seconds
2018-06-19T15:03:24.787+0200: 14,190: Total time for which application threads were stopped: 0,0000748 seconds, Stopping threads took: 0,0000370 seconds
2018-06-19T15:03:24.788+0200: 14,190: Total time for which application threads were stopped: 0,0000989 seconds, Stopping threads took: 0,0000413 seconds
2018-06-19T15:03:24.792+0200: 14,194: Total time for which application threads were stopped: 0,0003008 seconds, Stopping threads took: 0,0002183 seconds
2018-06-19T15:03:24.792+0200: 14,195: Total time for which application threads were stopped: 0,0000950 seconds, Stopping threads took: 0,0000251 seconds
2018-06-19T15:03:24.792+0200: 14,195: Total time for which application threads were stopped: 0,0000996 seconds, Stopping threads took: 0,0000335 seconds
2018-06-19T15:03:24.792+0200: 14,195: Total time for which application threads were stopped: 0,0000670 seconds, Stopping threads took: 0,0000132 seconds
2018-06-19T15:03:24.793+0200: 14,195: Total time for which application threads were stopped: 0,0000526 seconds, Stopping threads took: 0,0000101 seconds
2018-06-19T15:03:24.793+0200: 14,195: Total time for which application threads were stopped: 0,0000663 seconds, Stopping threads took: 0,0000266 seconds
2018-06-19T15:03:24.793+0200: 14,195: Total time for which application threads were stopped: 0,0000669 seconds, Stopping threads took: 0,0000252 seconds
2018-06-19T15:03:24.793+0200: 14,195: Total time for which application threads were stopped: 0,0000656 seconds, Stopping threads took: 0,0000278 seconds
2018-06-19T15:03:24.795+0200: 14,197: Total time for which application threads were stopped: 0,0019216 seconds, Stopping threads took: 0,0018784 seconds
2018-06-19T15:03:24.795+0200: 14,197: Total time for which application threads were stopped: 0,0000683 seconds, Stopping threads took: 0,0000363 seconds
2018-06-19T15:03:24.795+0200: 14,198: Total time for which application threads were stopped: 0,0000545 seconds, Stopping threads took: 0,0000256 seconds
2018-06-19T15:03:24.795+0200: 14,198: Total time for which application threads were stopped: 0,0000691 seconds, Stopping threads took: 0,0000386 seconds
2018-06-19T15:03:24.800+0200: 14,202: Total time for which application threads were stopped: 0,0001357 seconds, Stopping threads took: 0,0000442 seconds
2018-06-19T15:03:24.800+0200: 14,202: Total time for which application threads were stopped: 0,0000686 seconds, Stopping threads took: 0,0000379 seconds
2018-06-19T15:03:24.800+0200: 14,203: Total time for which application threads were stopped: 0,0002581 seconds, Stopping threads took: 0,0000615 seconds
2018-06-19T15:03:24.802+0200: 14,205: Total time for which application threads were stopped: 0,0001181 seconds, Stopping threads took: 0,0000495 seconds
2018-06-19T15:03:24.803+0200: 14,205: Total time for which application threads were stopped: 0,0000744 seconds, Stopping threads took: 0,0000144 seconds
2018-06-19T15:03:24.803+0200: 14,205: Total time for which application threads were stopped: 0,0000697 seconds, Stopping threads took: 0,0000156 seconds
2018-06-19T15:03:24.804+0200: 14,206: Total time for which application threads were stopped: 0,0000828 seconds, Stopping threads took: 0,0000307 seconds
2018-06-19T15:03:24.807+0200: 14,209: Total time for which application threads were stopped: 0,0001060 seconds, Stopping threads took: 0,0000499 seconds
2018-06-19T15:03:24.807+0200: 14,209: Total time for which application threads were stopped: 0,0001742 seconds, Stopping threads took: 0,0000333 seconds
2018-06-19T15:03:24.808+0200: 14,210: Total time for which application threads were stopped: 0,0001209 seconds, Stopping threads took: 0,0000473 seconds
2018-06-19T15:03:24.812+0200: 14,214: Total time for which application threads were stopped: 0,0001082 seconds, Stopping threads took: 0,0000389 seconds
2018-06-19T15:03:24.812+0200: 14,214: Total time for which application threads were stopped: 0,0000769 seconds, Stopping threads took: 0,0000273 seconds
2018-06-19T15:03:24.812+0200: 14,215: Total time for which application threads were stopped: 0,0000744 seconds, Stopping threads took: 0,0000240 seconds
Heap
 par new generation   total 109248K, used 50043K [0x00000000e0000000, 0x00000000e8000000, 0x00000000e8000000)
  eden space 87424K,  43% used [0x00000000e0000000, 0x00000000e2545a98, 0x00000000e5560000)
  from space 21824K,  54% used [0x00000000e6ab0000, 0x00000000e76492f0, 0x00000000e8000000)
  to   space 21824K,   0% used [0x00000000e5560000, 0x00000000e5560000, 0x00000000e6ab0000)
 concurrent mark-sweep generation total 393216K, used 31862K [0x00000000e8000000, 0x0000000100000000, 0x0000000100000000)
 Metaspace       used 31132K, capacity 31848K, committed 32252K, reserved 1077248K
  class space    used 3517K, capacity 3732K, committed 3836K, reserved 1048576K
