OpenJDK 64-Bit Server VM (25.162-b12) for linux-amd64 JRE (1.8.0_162-8u162-b12-0ubuntu0.16.04.2-b12), built on Mar 14 2018 12:11:18 by "buildd" with gcc 5.4.0 20160609
Memory: 4k page, physical 7867624k(2721352k free), swap 8076284k(7232524k free)
CommandLine flags: -XX:CMSInitiatingOccupancyFraction=50 -XX:CMSMaxAbortablePrecleanTime=6000 -XX:+CMSParallelRemarkEnabled -XX:+CMSScavengeBeforeRemark -XX:ConcGCThreads=4 -XX:InitialHeapSize=536870912 -XX:MaxHeapSize=536870912 -XX:MaxTenuringThreshold=8 -XX:NewRatio=3 -XX:OldPLABSize=16 -XX:OnOutOfMemoryError=/home/gurnoor/workspace/QTM/solr/bin/oom_solr.sh 8983 /home/gurnoor/workspace/QTM/solr/server/logs -XX:ParallelGCThreads=4 -XX:+ParallelRefProcEnabled -XX:PretenureSizeThreshold=67108864 -XX:+PrintGC -XX:+PrintGCApplicationStoppedTime -XX:+PrintGCDateStamps -XX:+PrintGCDetails -XX:+PrintGCTimeStamps -XX:+PrintHeapAtGC -XX:+PrintTenuringDistribution -XX:SurvivorRatio=4 -XX:TargetSurvivorRatio=90 -XX:ThreadStackSize=256 -XX:+UseCMSInitiatingOccupancyOnly -XX:+UseCompressedClassPointers -XX:+UseCompressedOops -XX:+UseConcMarkSweepGC -XX:+UseParNewGC 
2018-04-06T21:44:20.331+0200: 0,111: Total time for which application threads were stopped: 0,0000892 seconds, Stopping threads took: 0,0000147 seconds
2018-04-06T21:44:20.408+0200: 0,188: Total time for which application threads were stopped: 0,0001513 seconds, Stopping threads took: 0,0000391 seconds
2018-04-06T21:44:20.422+0200: 0,202: Total time for which application threads were stopped: 0,0000993 seconds, Stopping threads took: 0,0000289 seconds
2018-04-06T21:44:20.556+0200: 0,336: Total time for which application threads were stopped: 0,0001769 seconds, Stopping threads took: 0,0000345 seconds
2018-04-06T21:44:20.722+0200: 0,503: Total time for which application threads were stopped: 0,0001360 seconds, Stopping threads took: 0,0000165 seconds
2018-04-06T21:44:20.775+0200: 0,555: Total time for which application threads were stopped: 0,0001587 seconds, Stopping threads took: 0,0000254 seconds
2018-04-06T21:44:20.790+0200: 0,571: Total time for which application threads were stopped: 0,0001921 seconds, Stopping threads took: 0,0000273 seconds
2018-04-06T21:44:20.958+0200: 0,738: Total time for which application threads were stopped: 0,0001757 seconds, Stopping threads took: 0,0000188 seconds
2018-04-06T21:44:21.114+0200: 0,894: Total time for which application threads were stopped: 0,0003228 seconds, Stopping threads took: 0,0000239 seconds
2018-04-06T21:44:21.137+0200: 0,917: Total time for which application threads were stopped: 0,0001765 seconds, Stopping threads took: 0,0000244 seconds
2018-04-06T21:44:21.166+0200: 0,946: Total time for which application threads were stopped: 0,0002448 seconds, Stopping threads took: 0,0000265 seconds
2018-04-06T21:44:21.167+0200: 0,947: Total time for which application threads were stopped: 0,0001937 seconds, Stopping threads took: 0,0000248 seconds
2018-04-06T21:44:21.183+0200: 0,963: Total time for which application threads were stopped: 0,0002708 seconds, Stopping threads took: 0,0000250 seconds
2018-04-06T21:44:21.259+0200: 1,039: Total time for which application threads were stopped: 0,0002941 seconds, Stopping threads took: 0,0000412 seconds
2018-04-06T21:44:21.430+0200: 1,210: Total time for which application threads were stopped: 0,0003260 seconds, Stopping threads took: 0,0000354 seconds
{Heap before GC invocations=0 (full 0):
 par new generation   total 109248K, used 87424K [0x00000000e0000000, 0x00000000e8000000, 0x00000000e8000000)
  eden space 87424K, 100% used [0x00000000e0000000, 0x00000000e5560000, 0x00000000e5560000)
  from space 21824K,   0% used [0x00000000e5560000, 0x00000000e5560000, 0x00000000e6ab0000)
  to   space 21824K,   0% used [0x00000000e6ab0000, 0x00000000e6ab0000, 0x00000000e8000000)
 concurrent mark-sweep generation total 393216K, used 0K [0x00000000e8000000, 0x0000000100000000, 0x0000000100000000)
 Metaspace       used 18099K, capacity 18472K, committed 18688K, reserved 1064960K
  class space    used 2045K, capacity 2198K, committed 2304K, reserved 1048576K
2018-04-06T21:44:21.538+0200: 1,318: [GC (Allocation Failure) 2018-04-06T21:44:21.538+0200: 1,318: [ParNew
Desired survivor size 20112992 bytes, new threshold 8 (max 8)
- age   1:   12504896 bytes,   12504896 total
: 87424K->12326K(109248K), 0,0211806 secs] 87424K->12326K(502464K), 0,0212437 secs] [Times: user=0,06 sys=0,02, real=0,02 secs] 
Heap after GC invocations=1 (full 0):
 par new generation   total 109248K, used 12326K [0x00000000e0000000, 0x00000000e8000000, 0x00000000e8000000)
  eden space 87424K,   0% used [0x00000000e0000000, 0x00000000e0000000, 0x00000000e5560000)
  from space 21824K,  56% used [0x00000000e6ab0000, 0x00000000e76b9988, 0x00000000e8000000)
  to   space 21824K,   0% used [0x00000000e5560000, 0x00000000e5560000, 0x00000000e6ab0000)
 concurrent mark-sweep generation total 393216K, used 0K [0x00000000e8000000, 0x0000000100000000, 0x0000000100000000)
 Metaspace       used 18099K, capacity 18472K, committed 18688K, reserved 1064960K
  class space    used 2045K, capacity 2198K, committed 2304K, reserved 1048576K
}
2018-04-06T21:44:21.559+0200: 1,339: Total time for which application threads were stopped: 0,0215774 seconds, Stopping threads took: 0,0000655 seconds
2018-04-06T21:44:21.869+0200: 1,649: Total time for which application threads were stopped: 0,0003887 seconds, Stopping threads took: 0,0000864 seconds
2018-04-06T21:44:21.911+0200: 1,691: Total time for which application threads were stopped: 0,0003100 seconds, Stopping threads took: 0,0000594 seconds
{Heap before GC invocations=1 (full 0):
 par new generation   total 109248K, used 99750K [0x00000000e0000000, 0x00000000e8000000, 0x00000000e8000000)
  eden space 87424K, 100% used [0x00000000e0000000, 0x00000000e5560000, 0x00000000e5560000)
  from space 21824K,  56% used [0x00000000e6ab0000, 0x00000000e76b9988, 0x00000000e8000000)
  to   space 21824K,   0% used [0x00000000e5560000, 0x00000000e5560000, 0x00000000e6ab0000)
 concurrent mark-sweep generation total 393216K, used 0K [0x00000000e8000000, 0x0000000100000000, 0x0000000100000000)
 Metaspace       used 20102K, capacity 20508K, committed 20736K, reserved 1067008K
  class space    used 2301K, capacity 2474K, committed 2560K, reserved 1048576K
2018-04-06T21:44:21.924+0200: 1,704: [GC (Allocation Failure) 2018-04-06T21:44:21.924+0200: 1,704: [ParNew
Desired survivor size 20112992 bytes, new threshold 8 (max 8)
- age   1:    2938488 bytes,    2938488 total
- age   2:    6475440 bytes,    9413928 total
: 99750K->13617K(109248K), 0,0131755 secs] 99750K->13617K(502464K), 0,0134645 secs] [Times: user=0,04 sys=0,00, real=0,01 secs] 
Heap after GC invocations=2 (full 0):
 par new generation   total 109248K, used 13617K [0x00000000e0000000, 0x00000000e8000000, 0x00000000e8000000)
  eden space 87424K,   0% used [0x00000000e0000000, 0x00000000e0000000, 0x00000000e5560000)
  from space 21824K,  62% used [0x00000000e5560000, 0x00000000e62ac610, 0x00000000e6ab0000)
  to   space 21824K,   0% used [0x00000000e6ab0000, 0x00000000e6ab0000, 0x00000000e8000000)
 concurrent mark-sweep generation total 393216K, used 0K [0x00000000e8000000, 0x0000000100000000, 0x0000000100000000)
 Metaspace       used 20102K, capacity 20508K, committed 20736K, reserved 1067008K
  class space    used 2301K, capacity 2474K, committed 2560K, reserved 1048576K
}
2018-04-06T21:44:21.937+0200: 1,717: Total time for which application threads were stopped: 0,0149289 seconds, Stopping threads took: 0,0009140 seconds
2018-04-06T21:44:21.962+0200: 1,743: Total time for which application threads were stopped: 0,0028676 seconds, Stopping threads took: 0,0025918 seconds
2018-04-06T21:44:22.096+0200: 1,876: Total time for which application threads were stopped: 0,0001969 seconds, Stopping threads took: 0,0000265 seconds
{Heap before GC invocations=2 (full 0):
 par new generation   total 109248K, used 101041K [0x00000000e0000000, 0x00000000e8000000, 0x00000000e8000000)
  eden space 87424K, 100% used [0x00000000e0000000, 0x00000000e5560000, 0x00000000e5560000)
  from space 21824K,  62% used [0x00000000e5560000, 0x00000000e62ac610, 0x00000000e6ab0000)
  to   space 21824K,   0% used [0x00000000e6ab0000, 0x00000000e6ab0000, 0x00000000e8000000)
 concurrent mark-sweep generation total 393216K, used 0K [0x00000000e8000000, 0x0000000100000000, 0x0000000100000000)
 Metaspace       used 21046K, capacity 21366K, committed 21628K, reserved 1069056K
  class space    used 2430K, capacity 2593K, committed 2684K, reserved 1048576K
2018-04-06T21:44:22.152+0200: 1,932: [GC (Allocation Failure) 2018-04-06T21:44:22.152+0200: 1,932: [ParNew
Desired survivor size 20112992 bytes, new threshold 8 (max 8)
- age   1:    2581640 bytes,    2581640 total
- age   2:     512488 bytes,    3094128 total
- age   3:    6470808 bytes,    9564936 total
: 101041K->13481K(109248K), 0,0108610 secs] 101041K->13481K(502464K), 0,0109504 secs] [Times: user=0,04 sys=0,00, real=0,01 secs] 
Heap after GC invocations=3 (full 0):
 par new generation   total 109248K, used 13481K [0x00000000e0000000, 0x00000000e8000000, 0x00000000e8000000)
  eden space 87424K,   0% used [0x00000000e0000000, 0x00000000e0000000, 0x00000000e5560000)
  from space 21824K,  61% used [0x00000000e6ab0000, 0x00000000e77da7d0, 0x00000000e8000000)
  to   space 21824K,   0% used [0x00000000e5560000, 0x00000000e5560000, 0x00000000e6ab0000)
 concurrent mark-sweep generation total 393216K, used 0K [0x00000000e8000000, 0x0000000100000000, 0x0000000100000000)
 Metaspace       used 21046K, capacity 21366K, committed 21628K, reserved 1069056K
  class space    used 2430K, capacity 2593K, committed 2684K, reserved 1048576K
}
2018-04-06T21:44:22.163+0200: 1,943: Total time for which application threads were stopped: 0,0111860 seconds, Stopping threads took: 0,0000595 seconds
2018-04-06T21:44:22.163+0200: 1,943: [GC (CMS Initial Mark) [1 CMS-initial-mark: 0K(393216K)] 13482K(502464K), 0,0047296 secs] [Times: user=0,01 sys=0,00, real=0,01 secs] 
2018-04-06T21:44:22.168+0200: 1,948: Total time for which application threads were stopped: 0,0048671 seconds, Stopping threads took: 0,0000320 seconds
2018-04-06T21:44:22.168+0200: 1,948: [CMS-concurrent-mark-start]
2018-04-06T21:44:22.168+0200: 1,948: [CMS-concurrent-mark: 0,000/0,000 secs] [Times: user=0,00 sys=0,00, real=0,00 secs] 
2018-04-06T21:44:22.168+0200: 1,948: [CMS-concurrent-preclean-start]
2018-04-06T21:44:22.169+0200: 1,949: [CMS-concurrent-preclean: 0,001/0,001 secs] [Times: user=0,00 sys=0,00, real=0,00 secs] 
2018-04-06T21:44:22.169+0200: 1,949: [GC (CMS Final Remark) [YG occupancy: 14870 K (109248 K)]{Heap before GC invocations=3 (full 1):
 par new generation   total 109248K, used 14870K [0x00000000e0000000, 0x00000000e8000000, 0x00000000e8000000)
  eden space 87424K,   1% used [0x00000000e0000000, 0x00000000e015b328, 0x00000000e5560000)
  from space 21824K,  61% used [0x00000000e6ab0000, 0x00000000e77da7d0, 0x00000000e8000000)
  to   space 21824K,   0% used [0x00000000e5560000, 0x00000000e5560000, 0x00000000e6ab0000)
 concurrent mark-sweep generation total 393216K, used 0K [0x00000000e8000000, 0x0000000100000000, 0x0000000100000000)
 Metaspace       used 21046K, capacity 21366K, committed 21628K, reserved 1069056K
  class space    used 2430K, capacity 2593K, committed 2684K, reserved 1048576K
2018-04-06T21:44:22.169+0200: 1,949: [GC (CMS Final Remark) 2018-04-06T21:44:22.169+0200: 1,949: [ParNew
Desired survivor size 20112992 bytes, new threshold 8 (max 8)
- age   1:     137688 bytes,     137688 total
- age   2:    2038872 bytes,    2176560 total
- age   3:     512488 bytes,    2689048 total
- age   4:    6470808 bytes,    9159856 total
: 14870K->10914K(109248K), 0,0160711 secs] 14870K->10914K(502464K), 0,0161095 secs] [Times: user=0,06 sys=0,00, real=0,01 secs] 
Heap after GC invocations=4 (full 1):
 par new generation   total 109248K, used 10914K [0x00000000e0000000, 0x00000000e8000000, 0x00000000e8000000)
  eden space 87424K,   0% used [0x00000000e0000000, 0x00000000e0000000, 0x00000000e5560000)
  from space 21824K,  50% used [0x00000000e5560000, 0x00000000e6008b00, 0x00000000e6ab0000)
  to   space 21824K,   0% used [0x00000000e6ab0000, 0x00000000e6ab0000, 0x00000000e8000000)
 concurrent mark-sweep generation total 393216K, used 0K [0x00000000e8000000, 0x0000000100000000, 0x0000000100000000)
 Metaspace       used 21046K, capacity 21366K, committed 21628K, reserved 1069056K
  class space    used 2430K, capacity 2593K, committed 2684K, reserved 1048576K
}
2018-04-06T21:44:22.185+0200: 1,965: [Rescan (parallel) , 0,0041504 secs]2018-04-06T21:44:22.189+0200: 1,969: [weak refs processing, 0,0014770 secs]2018-04-06T21:44:22.191+0200: 1,971: [class unloading, 0,0029915 secs]2018-04-06T21:44:22.194+0200: 1,974: [scrub symbol table, 0,0026936 secs]2018-04-06T21:44:22.197+0200: 1,977: [scrub string table, 0,0003532 secs][1 CMS-remark: 0K(393216K)] 10914K(502464K), 0,0283982 secs] [Times: user=0,09 sys=0,00, real=0,02 secs] 
2018-04-06T21:44:22.197+0200: 1,978: Total time for which application threads were stopped: 0,0285573 seconds, Stopping threads took: 0,0000622 seconds
2018-04-06T21:44:22.197+0200: 1,978: [CMS-concurrent-sweep-start]
2018-04-06T21:44:22.198+0200: 1,978: [CMS-concurrent-sweep: 0,000/0,000 secs] [Times: user=0,00 sys=0,00, real=0,00 secs] 
2018-04-06T21:44:22.198+0200: 1,978: [CMS-concurrent-reset-start]
2018-04-06T21:44:22.200+0200: 1,980: [CMS-concurrent-reset: 0,003/0,003 secs] [Times: user=0,01 sys=0,00, real=0,01 secs] 
{Heap before GC invocations=4 (full 1):
 par new generation   total 109248K, used 98338K [0x00000000e0000000, 0x00000000e8000000, 0x00000000e8000000)
  eden space 87424K, 100% used [0x00000000e0000000, 0x00000000e5560000, 0x00000000e5560000)
  from space 21824K,  50% used [0x00000000e5560000, 0x00000000e6008b00, 0x00000000e6ab0000)
  to   space 21824K,   0% used [0x00000000e6ab0000, 0x00000000e6ab0000, 0x00000000e8000000)
 concurrent mark-sweep generation total 393216K, used 0K [0x00000000e8000000, 0x0000000100000000, 0x0000000100000000)
 Metaspace       used 21247K, capacity 21674K, committed 21884K, reserved 1069056K
  class space    used 2455K, capacity 2640K, committed 2684K, reserved 1048576K
2018-04-06T21:44:22.290+0200: 2,071: [GC (Allocation Failure) 2018-04-06T21:44:22.291+0200: 2,071: [ParNew
Desired survivor size 20112992 bytes, new threshold 8 (max 8)
- age   1:     629456 bytes,     629456 total
- age   3:    1445552 bytes,    2075008 total
- age   4:     512200 bytes,    2587208 total
- age   5:    6470992 bytes,    9058200 total
: 98338K->13862K(109248K), 0,0083440 secs] 98338K->13862K(502464K), 0,0084089 secs] [Times: user=0,03 sys=0,00, real=0,00 secs] 
Heap after GC invocations=5 (full 1):
 par new generation   total 109248K, used 13862K [0x00000000e0000000, 0x00000000e8000000, 0x00000000e8000000)
  eden space 87424K,   0% used [0x00000000e0000000, 0x00000000e0000000, 0x00000000e5560000)
  from space 21824K,  63% used [0x00000000e6ab0000, 0x00000000e7839b98, 0x00000000e8000000)
  to   space 21824K,   0% used [0x00000000e5560000, 0x00000000e5560000, 0x00000000e6ab0000)
 concurrent mark-sweep generation total 393216K, used 0K [0x00000000e8000000, 0x0000000100000000, 0x0000000100000000)
 Metaspace       used 21247K, capacity 21674K, committed 21884K, reserved 1069056K
  class space    used 2455K, capacity 2640K, committed 2684K, reserved 1048576K
}
2018-04-06T21:44:22.299+0200: 2,079: Total time for which application threads were stopped: 0,0086976 seconds, Stopping threads took: 0,0001554 seconds
2018-04-06T21:44:22.418+0200: 2,198: Total time for which application threads were stopped: 0,0003849 seconds, Stopping threads took: 0,0000727 seconds
{Heap before GC invocations=5 (full 1):
 par new generation   total 109248K, used 101286K [0x00000000e0000000, 0x00000000e8000000, 0x00000000e8000000)
  eden space 87424K, 100% used [0x00000000e0000000, 0x00000000e5560000, 0x00000000e5560000)
  from space 21824K,  63% used [0x00000000e6ab0000, 0x00000000e7839b98, 0x00000000e8000000)
  to   space 21824K,   0% used [0x00000000e5560000, 0x00000000e5560000, 0x00000000e6ab0000)
 concurrent mark-sweep generation total 393216K, used 0K [0x00000000e8000000, 0x0000000100000000, 0x0000000100000000)
 Metaspace       used 21642K, capacity 22038K, committed 22140K, reserved 1069056K
  class space    used 2507K, capacity 2674K, committed 2684K, reserved 1048576K
2018-04-06T21:44:22.419+0200: 2,199: [GC (Allocation Failure) 2018-04-06T21:44:22.419+0200: 2,199: [ParNew
Desired survivor size 20112992 bytes, new threshold 8 (max 8)
- age   1:     637000 bytes,     637000 total
- age   2:     185952 bytes,     822952 total
- age   4:     668040 bytes,    1490992 total
- age   5:     512120 bytes,    2003112 total
- age   6:    6470792 bytes,    8473904 total
: 101286K->9431K(109248K), 0,0172695 secs] 101286K->9431K(502464K), 0,0173440 secs] [Times: user=0,06 sys=0,00, real=0,02 secs] 
Heap after GC invocations=6 (full 1):
 par new generation   total 109248K, used 9431K [0x00000000e0000000, 0x00000000e8000000, 0x00000000e8000000)
  eden space 87424K,   0% used [0x00000000e0000000, 0x00000000e0000000, 0x00000000e5560000)
  from space 21824K,  43% used [0x00000000e5560000, 0x00000000e5e95e98, 0x00000000e6ab0000)
  to   space 21824K,   0% used [0x00000000e6ab0000, 0x00000000e6ab0000, 0x00000000e8000000)
 concurrent mark-sweep generation total 393216K, used 0K [0x00000000e8000000, 0x0000000100000000, 0x0000000100000000)
 Metaspace       used 21642K, capacity 22038K, committed 22140K, reserved 1069056K
  class space    used 2507K, capacity 2674K, committed 2684K, reserved 1048576K
}
2018-04-06T21:44:22.436+0200: 2,216: Total time for which application threads were stopped: 0,0175381 seconds, Stopping threads took: 0,0000594 seconds
2018-04-06T21:44:22.686+0200: 2,466: Total time for which application threads were stopped: 0,0004751 seconds, Stopping threads took: 0,0000519 seconds
2018-04-06T21:44:22.698+0200: 2,479: Total time for which application threads were stopped: 0,0004710 seconds, Stopping threads took: 0,0000615 seconds
{Heap before GC invocations=6 (full 1):
 par new generation   total 109248K, used 96855K [0x00000000e0000000, 0x00000000e8000000, 0x00000000e8000000)
  eden space 87424K, 100% used [0x00000000e0000000, 0x00000000e5560000, 0x00000000e5560000)
  from space 21824K,  43% used [0x00000000e5560000, 0x00000000e5e95e98, 0x00000000e6ab0000)
  to   space 21824K,   0% used [0x00000000e6ab0000, 0x00000000e6ab0000, 0x00000000e8000000)
 concurrent mark-sweep generation total 393216K, used 0K [0x00000000e8000000, 0x0000000100000000, 0x0000000100000000)
 Metaspace       used 25484K, capacity 26106K, committed 26236K, reserved 1073152K
  class space    used 2954K, capacity 3160K, committed 3196K, reserved 1048576K
2018-04-06T21:44:23.051+0200: 2,831: [GC (Allocation Failure) 2018-04-06T21:44:23.051+0200: 2,831: [ParNew
Desired survivor size 20112992 bytes, new threshold 8 (max 8)
- age   1:   10570520 bytes,   10570520 total
- age   2:     177536 bytes,   10748056 total
- age   3:     184928 bytes,   10932984 total
- age   5:     271240 bytes,   11204224 total
- age   6:     488392 bytes,   11692616 total
- age   7:    6463736 bytes,   18156352 total
: 96855K->21824K(109248K), 0,0214326 secs] 96855K->21824K(502464K), 0,0215203 secs] [Times: user=0,07 sys=0,01, real=0,02 secs] 
Heap after GC invocations=7 (full 1):
 par new generation   total 109248K, used 21824K [0x00000000e0000000, 0x00000000e8000000, 0x00000000e8000000)
  eden space 87424K,   0% used [0x00000000e0000000, 0x00000000e0000000, 0x00000000e5560000)
  from space 21824K, 100% used [0x00000000e6ab0000, 0x00000000e8000000, 0x00000000e8000000)
  to   space 21824K,   0% used [0x00000000e5560000, 0x00000000e5560000, 0x00000000e6ab0000)
 concurrent mark-sweep generation total 393216K, used 0K [0x00000000e8000000, 0x0000000100000000, 0x0000000100000000)
 Metaspace       used 25484K, capacity 26106K, committed 26236K, reserved 1073152K
  class space    used 2954K, capacity 3160K, committed 3196K, reserved 1048576K
}
2018-04-06T21:44:23.073+0200: 2,853: Total time for which application threads were stopped: 0,0220168 seconds, Stopping threads took: 0,0001437 seconds
2018-04-06T21:44:23.145+0200: 2,925: Total time for which application threads were stopped: 0,0004420 seconds, Stopping threads took: 0,0000714 seconds
2018-04-06T21:44:23.166+0200: 2,946: Total time for which application threads were stopped: 0,0004639 seconds, Stopping threads took: 0,0000296 seconds
2018-04-06T21:44:23.221+0200: 3,001: Total time for which application threads were stopped: 0,0004137 seconds, Stopping threads took: 0,0000481 seconds
2018-04-06T21:44:23.316+0200: 3,096: Total time for which application threads were stopped: 0,0036427 seconds, Stopping threads took: 0,0031491 seconds
{Heap before GC invocations=7 (full 1):
 par new generation   total 109248K, used 109248K [0x00000000e0000000, 0x00000000e8000000, 0x00000000e8000000)
  eden space 87424K, 100% used [0x00000000e0000000, 0x00000000e5560000, 0x00000000e5560000)
  from space 21824K, 100% used [0x00000000e6ab0000, 0x00000000e8000000, 0x00000000e8000000)
  to   space 21824K,   0% used [0x00000000e5560000, 0x00000000e5560000, 0x00000000e6ab0000)
 concurrent mark-sweep generation total 393216K, used 0K [0x00000000e8000000, 0x0000000100000000, 0x0000000100000000)
 Metaspace       used 28021K, capacity 28646K, committed 28796K, reserved 1075200K
  class space    used 3224K, capacity 3424K, committed 3452K, reserved 1048576K
2018-04-06T21:44:23.486+0200: 3,266: [GC (Allocation Failure) 2018-04-06T21:44:23.486+0200: 3,266: [ParNew
Desired survivor size 20112992 bytes, new threshold 8 (max 8)
- age   1:    8209584 bytes,    8209584 total
- age   2:    7145776 bytes,   15355360 total
- age   3:     176760 bytes,   15532120 total
- age   4:     184768 bytes,   15716888 total
- age   6:     270632 bytes,   15987520 total
- age   7:     479584 bytes,   16467104 total
- age   8:    5770568 bytes,   22237672 total
: 109248K->21824K(109248K), 0,0364652 secs] 109248K->23473K(502464K), 0,0365548 secs] [Times: user=0,12 sys=0,00, real=0,04 secs] 
Heap after GC invocations=8 (full 1):
 par new generation   total 109248K, used 21824K [0x00000000e0000000, 0x00000000e8000000, 0x00000000e8000000)
  eden space 87424K,   0% used [0x00000000e0000000, 0x00000000e0000000, 0x00000000e5560000)
  from space 21824K, 100% used [0x00000000e5560000, 0x00000000e6ab0000, 0x00000000e6ab0000)
  to   space 21824K,   0% used [0x00000000e6ab0000, 0x00000000e6ab0000, 0x00000000e8000000)
 concurrent mark-sweep generation total 393216K, used 1649K [0x00000000e8000000, 0x0000000100000000, 0x0000000100000000)
 Metaspace       used 28021K, capacity 28646K, committed 28796K, reserved 1075200K
  class space    used 3224K, capacity 3424K, committed 3452K, reserved 1048576K
}
2018-04-06T21:44:23.523+0200: 3,303: Total time for which application threads were stopped: 0,0368917 seconds, Stopping threads took: 0,0000875 seconds
{Heap before GC invocations=8 (full 1):
 par new generation   total 109248K, used 109248K [0x00000000e0000000, 0x00000000e8000000, 0x00000000e8000000)
  eden space 87424K, 100% used [0x00000000e0000000, 0x00000000e5560000, 0x00000000e5560000)
  from space 21824K, 100% used [0x00000000e5560000, 0x00000000e6ab0000, 0x00000000e6ab0000)
  to   space 21824K,   0% used [0x00000000e6ab0000, 0x00000000e6ab0000, 0x00000000e8000000)
 concurrent mark-sweep generation total 393216K, used 1649K [0x00000000e8000000, 0x0000000100000000, 0x0000000100000000)
 Metaspace       used 28056K, capacity 28732K, committed 28796K, reserved 1075200K
  class space    used 3226K, capacity 3428K, committed 3452K, reserved 1048576K
2018-04-06T21:44:23.593+0200: 3,374: [GC (Allocation Failure) 2018-04-06T21:44:23.593+0200: 3,374: [ParNew
Desired survivor size 20112992 bytes, new threshold 8 (max 8)
- age   1:     961848 bytes,     961848 total
- age   2:    6688696 bytes,    7650544 total
- age   3:    6385440 bytes,   14035984 total
- age   4:     176304 bytes,   14212288 total
- age   5:     184664 bytes,   14396952 total
- age   7:     269800 bytes,   14666752 total
- age   8:     479584 bytes,   15146336 total
: 109248K->21824K(109248K), 0,0433694 secs] 110897K->29921K(502464K), 0,0434546 secs] [Times: user=0,16 sys=0,01, real=0,04 secs] 
Heap after GC invocations=9 (full 1):
 par new generation   total 109248K, used 21824K [0x00000000e0000000, 0x00000000e8000000, 0x00000000e8000000)
  eden space 87424K,   0% used [0x00000000e0000000, 0x00000000e0000000, 0x00000000e5560000)
  from space 21824K, 100% used [0x00000000e6ab0000, 0x00000000e8000000, 0x00000000e8000000)
  to   space 21824K,   0% used [0x00000000e5560000, 0x00000000e5560000, 0x00000000e6ab0000)
 concurrent mark-sweep generation total 393216K, used 8097K [0x00000000e8000000, 0x0000000100000000, 0x0000000100000000)
 Metaspace       used 28056K, capacity 28732K, committed 28796K, reserved 1075200K
  class space    used 3226K, capacity 3428K, committed 3452K, reserved 1048576K
}
2018-04-06T21:44:23.637+0200: 3,417: Total time for which application threads were stopped: 0,0437267 seconds, Stopping threads took: 0,0000697 seconds
{Heap before GC invocations=9 (full 1):
 par new generation   total 109248K, used 109248K [0x00000000e0000000, 0x00000000e8000000, 0x00000000e8000000)
  eden space 87424K, 100% used [0x00000000e0000000, 0x00000000e5560000, 0x00000000e5560000)
  from space 21824K, 100% used [0x00000000e6ab0000, 0x00000000e8000000, 0x00000000e8000000)
  to   space 21824K,   0% used [0x00000000e5560000, 0x00000000e5560000, 0x00000000e6ab0000)
 concurrent mark-sweep generation total 393216K, used 8097K [0x00000000e8000000, 0x0000000100000000, 0x0000000100000000)
 Metaspace       used 28233K, capacity 28904K, committed 29052K, reserved 1075200K
  class space    used 3234K, capacity 3439K, committed 3452K, reserved 1048576K
2018-04-06T21:44:23.823+0200: 3,603: [GC (Allocation Failure) 2018-04-06T21:44:23.823+0200: 3,603: [ParNew
Desired survivor size 20112992 bytes, new threshold 8 (max 8)
- age   1:    3222816 bytes,    3222816 total
- age   2:     124024 bytes,    3346840 total
- age   3:    6454600 bytes,    9801440 total
- age   4:    6385208 bytes,   16186648 total
- age   5:     176304 bytes,   16362952 total
- age   6:     184664 bytes,   16547616 total
- age   8:     269800 bytes,   16817416 total
: 109248K->20286K(109248K), 0,0322835 secs] 117345K->28864K(502464K), 0,0323695 secs] [Times: user=0,12 sys=0,00, real=0,03 secs] 
Heap after GC invocations=10 (full 1):
 par new generation   total 109248K, used 20286K [0x00000000e0000000, 0x00000000e8000000, 0x00000000e8000000)
  eden space 87424K,   0% used [0x00000000e0000000, 0x00000000e0000000, 0x00000000e5560000)
  from space 21824K,  92% used [0x00000000e5560000, 0x00000000e692f880, 0x00000000e6ab0000)
  to   space 21824K,   0% used [0x00000000e6ab0000, 0x00000000e6ab0000, 0x00000000e8000000)
 concurrent mark-sweep generation total 393216K, used 8578K [0x00000000e8000000, 0x0000000100000000, 0x0000000100000000)
 Metaspace       used 28233K, capacity 28904K, committed 29052K, reserved 1075200K
  class space    used 3234K, capacity 3439K, committed 3452K, reserved 1048576K
}
2018-04-06T21:44:23.856+0200: 3,636: Total time for which application threads were stopped: 0,0353381 seconds, Stopping threads took: 0,0027538 seconds
2018-04-06T21:44:24.280+0200: 4,060: Total time for which application threads were stopped: 0,0004775 seconds, Stopping threads took: 0,0000280 seconds
2018-04-06T21:44:26.994+0200: 6,774: Total time for which application threads were stopped: 0,0000702 seconds, Stopping threads took: 0,0000149 seconds
2018-04-06T21:44:26.997+0200: 6,777: Total time for which application threads were stopped: 0,0000727 seconds, Stopping threads took: 0,0000232 seconds
2018-04-06T21:44:27.016+0200: 6,796: Total time for which application threads were stopped: 0,0004011 seconds, Stopping threads took: 0,0000241 seconds
2018-04-06T21:44:27.031+0200: 6,811: Total time for which application threads were stopped: 0,0000782 seconds, Stopping threads took: 0,0000233 seconds
2018-04-06T21:44:27.031+0200: 6,811: Total time for which application threads were stopped: 0,0000479 seconds, Stopping threads took: 0,0000166 seconds
2018-04-06T21:44:27.090+0200: 6,870: Total time for which application threads were stopped: 0,0001286 seconds, Stopping threads took: 0,0000222 seconds
2018-04-06T21:44:27.092+0200: 6,873: Total time for which application threads were stopped: 0,0001118 seconds, Stopping threads took: 0,0000297 seconds
2018-04-06T21:44:27.160+0200: 6,940: Total time for which application threads were stopped: 0,0001356 seconds, Stopping threads took: 0,0000414 seconds
2018-04-06T21:44:27.165+0200: 6,945: Total time for which application threads were stopped: 0,0001199 seconds, Stopping threads took: 0,0000437 seconds
2018-04-06T21:44:27.183+0200: 6,963: Total time for which application threads were stopped: 0,0001902 seconds, Stopping threads took: 0,0000885 seconds
2018-04-06T21:44:27.562+0200: 7,342: Total time for which application threads were stopped: 0,0005027 seconds, Stopping threads took: 0,0000303 seconds
2018-04-06T21:44:27.565+0200: 7,345: Total time for which application threads were stopped: 0,0005851 seconds, Stopping threads took: 0,0000195 seconds
2018-04-06T21:44:27.568+0200: 7,348: Total time for which application threads were stopped: 0,0000804 seconds, Stopping threads took: 0,0000245 seconds
2018-04-06T21:44:27.570+0200: 7,350: Total time for which application threads were stopped: 0,0000995 seconds, Stopping threads took: 0,0000347 seconds
2018-04-06T21:44:27.581+0200: 7,361: Total time for which application threads were stopped: 0,0001600 seconds, Stopping threads took: 0,0000389 seconds
2018-04-06T21:44:27.595+0200: 7,375: Total time for which application threads were stopped: 0,0030901 seconds, Stopping threads took: 0,0029808 seconds
2018-04-06T21:44:27.596+0200: 7,376: Total time for which application threads were stopped: 0,0001928 seconds, Stopping threads took: 0,0000960 seconds
2018-04-06T21:44:27.603+0200: 7,384: Total time for which application threads were stopped: 0,0001528 seconds, Stopping threads took: 0,0000719 seconds
2018-04-06T21:44:27.610+0200: 7,390: Total time for which application threads were stopped: 0,0001150 seconds, Stopping threads took: 0,0000399 seconds
Heap
 par new generation   total 109248K, used 65769K [0x00000000e0000000, 0x00000000e8000000, 0x00000000e8000000)
  eden space 87424K,  52% used [0x00000000e0000000, 0x00000000e2c6ae40, 0x00000000e5560000)
  from space 21824K,  92% used [0x00000000e5560000, 0x00000000e692f880, 0x00000000e6ab0000)
  to   space 21824K,   0% used [0x00000000e6ab0000, 0x00000000e6ab0000, 0x00000000e8000000)
 concurrent mark-sweep generation total 393216K, used 8578K [0x00000000e8000000, 0x0000000100000000, 0x0000000100000000)
 Metaspace       used 29824K, capacity 30594K, committed 30844K, reserved 1077248K
  class space    used 3438K, capacity 3673K, committed 3708K, reserved 1048576K
