OpenJDK 64-Bit Server VM (25.162-b12) for linux-amd64 JRE (1.8.0_162-8u162-b12-0ubuntu0.16.04.2-b12), built on Mar 14 2018 12:11:18 by "buildd" with gcc 5.4.0 20160609
Memory: 4k page, physical 7867624k(2798672k free), swap 8076284k(8076284k free)
CommandLine flags: -XX:CMSInitiatingOccupancyFraction=50 -XX:CMSMaxAbortablePrecleanTime=6000 -XX:+CMSParallelRemarkEnabled -XX:+CMSScavengeBeforeRemark -XX:ConcGCThreads=4 -XX:InitialHeapSize=536870912 -XX:MaxHeapSize=536870912 -XX:MaxTenuringThreshold=8 -XX:NewRatio=3 -XX:OldPLABSize=16 -XX:OnOutOfMemoryError=/home/gurnoor/workspace/QTM/solr/bin/oom_solr.sh 8983 /home/gurnoor/workspace/QTM/solr/server/logs -XX:ParallelGCThreads=4 -XX:+ParallelRefProcEnabled -XX:PretenureSizeThreshold=67108864 -XX:+PrintGC -XX:+PrintGCApplicationStoppedTime -XX:+PrintGCDateStamps -XX:+PrintGCDetails -XX:+PrintGCTimeStamps -XX:+PrintHeapAtGC -XX:+PrintTenuringDistribution -XX:SurvivorRatio=4 -XX:TargetSurvivorRatio=90 -XX:ThreadStackSize=256 -XX:+UseCMSInitiatingOccupancyOnly -XX:+UseCompressedClassPointers -XX:+UseCompressedOops -XX:+UseConcMarkSweepGC -XX:+UseParNewGC 
2018-04-06T22:20:18.110+0200: 0,180: Total time for which application threads were stopped: 0,0000817 seconds, Stopping threads took: 0,0000151 seconds
2018-04-06T22:20:18.220+0200: 0,291: Total time for which application threads were stopped: 0,0001350 seconds, Stopping threads took: 0,0000359 seconds
2018-04-06T22:20:18.236+0200: 0,306: Total time for which application threads were stopped: 0,0001136 seconds, Stopping threads took: 0,0000218 seconds
2018-04-06T22:20:18.650+0200: 0,721: Total time for which application threads were stopped: 0,0003382 seconds, Stopping threads took: 0,0000408 seconds
2018-04-06T22:20:19.153+0200: 1,223: Total time for which application threads were stopped: 0,0003123 seconds, Stopping threads took: 0,0000680 seconds
2018-04-06T22:20:19.303+0200: 1,373: Total time for which application threads were stopped: 0,0014106 seconds, Stopping threads took: 0,0001417 seconds
2018-04-06T22:20:19.347+0200: 1,418: Total time for which application threads were stopped: 0,0002569 seconds, Stopping threads took: 0,0000394 seconds
2018-04-06T22:20:19.946+0200: 2,017: Total time for which application threads were stopped: 0,0002472 seconds, Stopping threads took: 0,0000179 seconds
2018-04-06T22:20:20.198+0200: 2,269: Total time for which application threads were stopped: 0,0002734 seconds, Stopping threads took: 0,0000291 seconds
2018-04-06T22:20:20.223+0200: 2,294: Total time for which application threads were stopped: 0,0002254 seconds, Stopping threads took: 0,0000172 seconds
2018-04-06T22:20:20.249+0200: 2,320: Total time for which application threads were stopped: 0,0002382 seconds, Stopping threads took: 0,0000365 seconds
2018-04-06T22:20:20.250+0200: 2,321: Total time for which application threads were stopped: 0,0002015 seconds, Stopping threads took: 0,0000219 seconds
2018-04-06T22:20:20.260+0200: 2,331: Total time for which application threads were stopped: 0,0002641 seconds, Stopping threads took: 0,0000218 seconds
2018-04-06T22:20:20.339+0200: 2,410: Total time for which application threads were stopped: 0,0002511 seconds, Stopping threads took: 0,0000231 seconds
2018-04-06T22:20:20.547+0200: 2,617: Total time for which application threads were stopped: 0,0017531 seconds, Stopping threads took: 0,0007910 seconds
{Heap before GC invocations=0 (full 0):
 par new generation   total 109248K, used 87424K [0x00000000e0000000, 0x00000000e8000000, 0x00000000e8000000)
  eden space 87424K, 100% used [0x00000000e0000000, 0x00000000e5560000, 0x00000000e5560000)
  from space 21824K,   0% used [0x00000000e5560000, 0x00000000e5560000, 0x00000000e6ab0000)
  to   space 21824K,   0% used [0x00000000e6ab0000, 0x00000000e6ab0000, 0x00000000e8000000)
 concurrent mark-sweep generation total 393216K, used 0K [0x00000000e8000000, 0x0000000100000000, 0x0000000100000000)
 Metaspace       used 18066K, capacity 18408K, committed 18688K, reserved 1064960K
  class space    used 2047K, capacity 2198K, committed 2304K, reserved 1048576K
2018-04-06T22:20:20.794+0200: 2,865: [GC (Allocation Failure) 2018-04-06T22:20:20.795+0200: 2,865: [ParNew
Desired survivor size 20112992 bytes, new threshold 8 (max 8)
- age   1:   12378072 bytes,   12378072 total
: 87424K->12202K(109248K), 0,0692957 secs] 87424K->12202K(502464K), 0,0694878 secs] [Times: user=0,08 sys=0,02, real=0,07 secs] 
Heap after GC invocations=1 (full 0):
 par new generation   total 109248K, used 12202K [0x00000000e0000000, 0x00000000e8000000, 0x00000000e8000000)
  eden space 87424K,   0% used [0x00000000e0000000, 0x00000000e0000000, 0x00000000e5560000)
  from space 21824K,  55% used [0x00000000e6ab0000, 0x00000000e769a910, 0x00000000e8000000)
  to   space 21824K,   0% used [0x00000000e5560000, 0x00000000e5560000, 0x00000000e6ab0000)
 concurrent mark-sweep generation total 393216K, used 0K [0x00000000e8000000, 0x0000000100000000, 0x0000000100000000)
 Metaspace       used 18066K, capacity 18408K, committed 18688K, reserved 1064960K
  class space    used 2047K, capacity 2198K, committed 2304K, reserved 1048576K
}
2018-04-06T22:20:20.864+0200: 2,934: Total time for which application threads were stopped: 0,0816298 seconds, Stopping threads took: 0,0111512 seconds
2018-04-06T22:20:21.550+0200: 3,620: Total time for which application threads were stopped: 0,0004811 seconds, Stopping threads took: 0,0000593 seconds
2018-04-06T22:20:21.691+0200: 3,762: Total time for which application threads were stopped: 0,0018686 seconds, Stopping threads took: 0,0001318 seconds
{Heap before GC invocations=1 (full 0):
 par new generation   total 109248K, used 99626K [0x00000000e0000000, 0x00000000e8000000, 0x00000000e8000000)
  eden space 87424K, 100% used [0x00000000e0000000, 0x00000000e5560000, 0x00000000e5560000)
  from space 21824K,  55% used [0x00000000e6ab0000, 0x00000000e769a910, 0x00000000e8000000)
  to   space 21824K,   0% used [0x00000000e5560000, 0x00000000e5560000, 0x00000000e6ab0000)
 concurrent mark-sweep generation total 393216K, used 0K [0x00000000e8000000, 0x0000000100000000, 0x0000000100000000)
 Metaspace       used 20044K, capacity 20418K, committed 20736K, reserved 1067008K
  class space    used 2296K, capacity 2465K, committed 2560K, reserved 1048576K
2018-04-06T22:20:21.726+0200: 3,796: [GC (Allocation Failure) 2018-04-06T22:20:21.726+0200: 3,796: [ParNew
Desired survivor size 20112992 bytes, new threshold 8 (max 8)
- age   1:    2829608 bytes,    2829608 total
- age   2:    6459600 bytes,    9289208 total
: 99626K->13534K(109248K), 0,0241541 secs] 99626K->13534K(502464K), 0,0242695 secs] [Times: user=0,05 sys=0,00, real=0,03 secs] 
Heap after GC invocations=2 (full 0):
 par new generation   total 109248K, used 13534K [0x00000000e0000000, 0x00000000e8000000, 0x00000000e8000000)
  eden space 87424K,   0% used [0x00000000e0000000, 0x00000000e0000000, 0x00000000e5560000)
  from space 21824K,  62% used [0x00000000e5560000, 0x00000000e6297840, 0x00000000e6ab0000)
  to   space 21824K,   0% used [0x00000000e6ab0000, 0x00000000e6ab0000, 0x00000000e8000000)
 concurrent mark-sweep generation total 393216K, used 0K [0x00000000e8000000, 0x0000000100000000, 0x0000000100000000)
 Metaspace       used 20044K, capacity 20418K, committed 20736K, reserved 1067008K
  class space    used 2296K, capacity 2465K, committed 2560K, reserved 1048576K
}
2018-04-06T22:20:21.750+0200: 3,821: Total time for which application threads were stopped: 0,0259795 seconds, Stopping threads took: 0,0015008 seconds
2018-04-06T22:20:21.806+0200: 3,877: Total time for which application threads were stopped: 0,0033605 seconds, Stopping threads took: 0,0018977 seconds
2018-04-06T22:20:22.026+0200: 4,096: Total time for which application threads were stopped: 0,0007420 seconds, Stopping threads took: 0,0003539 seconds
2018-04-06T22:20:22.079+0200: 4,149: Total time for which application threads were stopped: 0,0080629 seconds, Stopping threads took: 0,0075481 seconds
2018-04-06T22:20:22.083+0200: 4,153: Total time for which application threads were stopped: 0,0004002 seconds, Stopping threads took: 0,0003156 seconds
2018-04-06T22:20:22.083+0200: 4,153: Total time for which application threads were stopped: 0,0000897 seconds, Stopping threads took: 0,0000181 seconds
2018-04-06T22:20:22.083+0200: 4,154: Total time for which application threads were stopped: 0,0001293 seconds, Stopping threads took: 0,0000441 seconds
2018-04-06T22:20:22.083+0200: 4,154: Total time for which application threads were stopped: 0,0000815 seconds, Stopping threads took: 0,0000182 seconds
2018-04-06T22:20:22.084+0200: 4,155: Total time for which application threads were stopped: 0,0005972 seconds, Stopping threads took: 0,0004985 seconds
2018-04-06T22:20:22.084+0200: 4,155: Total time for which application threads were stopped: 0,0001258 seconds, Stopping threads took: 0,0000499 seconds
2018-04-06T22:20:22.086+0200: 4,157: Total time for which application threads were stopped: 0,0001560 seconds, Stopping threads took: 0,0000619 seconds
2018-04-06T22:20:22.091+0200: 4,162: Total time for which application threads were stopped: 0,0003436 seconds, Stopping threads took: 0,0000821 seconds
2018-04-06T22:20:22.092+0200: 4,162: Total time for which application threads were stopped: 0,0002670 seconds, Stopping threads took: 0,0000517 seconds
2018-04-06T22:20:22.092+0200: 4,162: Total time for which application threads were stopped: 0,0001760 seconds, Stopping threads took: 0,0000214 seconds
2018-04-06T22:20:22.092+0200: 4,163: Total time for which application threads were stopped: 0,0001032 seconds, Stopping threads took: 0,0000126 seconds
2018-04-06T22:20:22.093+0200: 4,163: Total time for which application threads were stopped: 0,0001973 seconds, Stopping threads took: 0,0000988 seconds
2018-04-06T22:20:22.093+0200: 4,164: Total time for which application threads were stopped: 0,0005919 seconds, Stopping threads took: 0,0004609 seconds
2018-04-06T22:20:22.101+0200: 4,171: Total time for which application threads were stopped: 0,0051764 seconds, Stopping threads took: 0,0042838 seconds
2018-04-06T22:20:22.102+0200: 4,172: Total time for which application threads were stopped: 0,0005965 seconds, Stopping threads took: 0,0001003 seconds
2018-04-06T22:20:22.103+0200: 4,173: Total time for which application threads were stopped: 0,0007985 seconds, Stopping threads took: 0,0004924 seconds
2018-04-06T22:20:22.106+0200: 4,176: Total time for which application threads were stopped: 0,0003384 seconds, Stopping threads took: 0,0002035 seconds
2018-04-06T22:20:22.106+0200: 4,176: Total time for which application threads were stopped: 0,0000995 seconds, Stopping threads took: 0,0000170 seconds
2018-04-06T22:20:22.106+0200: 4,177: Total time for which application threads were stopped: 0,0000958 seconds, Stopping threads took: 0,0000260 seconds
2018-04-06T22:20:22.128+0200: 4,198: Total time for which application threads were stopped: 0,0001966 seconds, Stopping threads took: 0,0000951 seconds
2018-04-06T22:20:22.128+0200: 4,199: Total time for which application threads were stopped: 0,0001153 seconds, Stopping threads took: 0,0000401 seconds
2018-04-06T22:20:22.128+0200: 4,199: Total time for which application threads were stopped: 0,0001640 seconds, Stopping threads took: 0,0000308 seconds
2018-04-06T22:20:22.129+0200: 4,200: Total time for which application threads were stopped: 0,0001618 seconds, Stopping threads took: 0,0000772 seconds
2018-04-06T22:20:22.135+0200: 4,206: Total time for which application threads were stopped: 0,0018811 seconds, Stopping threads took: 0,0016250 seconds
2018-04-06T22:20:22.142+0200: 4,212: Total time for which application threads were stopped: 0,0045601 seconds, Stopping threads took: 0,0040757 seconds
2018-04-06T22:20:22.143+0200: 4,213: Total time for which application threads were stopped: 0,0006991 seconds, Stopping threads took: 0,0001988 seconds
2018-04-06T22:20:22.150+0200: 4,220: Total time for which application threads were stopped: 0,0003500 seconds, Stopping threads took: 0,0002522 seconds
2018-04-06T22:20:22.150+0200: 4,221: Total time for which application threads were stopped: 0,0000642 seconds, Stopping threads took: 0,0000156 seconds
2018-04-06T22:20:22.150+0200: 4,221: Total time for which application threads were stopped: 0,0001745 seconds, Stopping threads took: 0,0000144 seconds
2018-04-06T22:20:22.151+0200: 4,221: Total time for which application threads were stopped: 0,0002770 seconds, Stopping threads took: 0,0000668 seconds
2018-04-06T22:20:22.152+0200: 4,222: Total time for which application threads were stopped: 0,0002346 seconds, Stopping threads took: 0,0000637 seconds
2018-04-06T22:20:22.152+0200: 4,223: Total time for which application threads were stopped: 0,0001737 seconds, Stopping threads took: 0,0000643 seconds
2018-04-06T22:20:22.154+0200: 4,224: Total time for which application threads were stopped: 0,0001491 seconds, Stopping threads took: 0,0000238 seconds
2018-04-06T22:20:22.154+0200: 4,224: Total time for which application threads were stopped: 0,0000900 seconds, Stopping threads took: 0,0000165 seconds
2018-04-06T22:20:22.158+0200: 4,229: Total time for which application threads were stopped: 0,0007743 seconds, Stopping threads took: 0,0001429 seconds
2018-04-06T22:20:22.159+0200: 4,230: Total time for which application threads were stopped: 0,0003363 seconds, Stopping threads took: 0,0000451 seconds
2018-04-06T22:20:22.162+0200: 4,232: Total time for which application threads were stopped: 0,0006329 seconds, Stopping threads took: 0,0000988 seconds
2018-04-06T22:20:22.163+0200: 4,234: Total time for which application threads were stopped: 0,0003614 seconds, Stopping threads took: 0,0000525 seconds
2018-04-06T22:20:22.167+0200: 4,237: Total time for which application threads were stopped: 0,0007997 seconds, Stopping threads took: 0,0006264 seconds
2018-04-06T22:20:22.167+0200: 4,238: Total time for which application threads were stopped: 0,0002585 seconds, Stopping threads took: 0,0000209 seconds
2018-04-06T22:20:22.177+0200: 4,248: Total time for which application threads were stopped: 0,0001761 seconds, Stopping threads took: 0,0000714 seconds
2018-04-06T22:20:22.190+0200: 4,261: Total time for which application threads were stopped: 0,0007490 seconds, Stopping threads took: 0,0005588 seconds
2018-04-06T22:20:22.190+0200: 4,261: Total time for which application threads were stopped: 0,0001462 seconds, Stopping threads took: 0,0000498 seconds
2018-04-06T22:20:22.196+0200: 4,266: Total time for which application threads were stopped: 0,0001336 seconds, Stopping threads took: 0,0000434 seconds
2018-04-06T22:20:22.196+0200: 4,266: Total time for which application threads were stopped: 0,0001781 seconds, Stopping threads took: 0,0000284 seconds
2018-04-06T22:20:22.216+0200: 4,286: Total time for which application threads were stopped: 0,0001785 seconds, Stopping threads took: 0,0000670 seconds
2018-04-06T22:20:22.226+0200: 4,296: Total time for which application threads were stopped: 0,0021120 seconds, Stopping threads took: 0,0016586 seconds
2018-04-06T22:20:22.234+0200: 4,304: Total time for which application threads were stopped: 0,0047132 seconds, Stopping threads took: 0,0044640 seconds
2018-04-06T22:20:22.240+0200: 4,311: Total time for which application threads were stopped: 0,0001469 seconds, Stopping threads took: 0,0000307 seconds
2018-04-06T22:20:22.246+0200: 4,317: Total time for which application threads were stopped: 0,0001919 seconds, Stopping threads took: 0,0000724 seconds
2018-04-06T22:20:22.274+0200: 4,345: Total time for which application threads were stopped: 0,0047862 seconds, Stopping threads took: 0,0043301 seconds
2018-04-06T22:20:22.300+0200: 4,371: Total time for which application threads were stopped: 0,0109422 seconds, Stopping threads took: 0,0094110 seconds
2018-04-06T22:20:22.302+0200: 4,372: Total time for which application threads were stopped: 0,0002301 seconds, Stopping threads took: 0,0000657 seconds
2018-04-06T22:20:22.303+0200: 4,373: Total time for which application threads were stopped: 0,0007017 seconds, Stopping threads took: 0,0005742 seconds
2018-04-06T22:20:22.303+0200: 4,373: Total time for which application threads were stopped: 0,0001589 seconds, Stopping threads took: 0,0000714 seconds
2018-04-06T22:20:22.303+0200: 4,374: Total time for which application threads were stopped: 0,0000953 seconds, Stopping threads took: 0,0000184 seconds
2018-04-06T22:20:22.303+0200: 4,374: Total time for which application threads were stopped: 0,0000918 seconds, Stopping threads took: 0,0000153 seconds
2018-04-06T22:20:22.304+0200: 4,374: Total time for which application threads were stopped: 0,0000797 seconds, Stopping threads took: 0,0000119 seconds
2018-04-06T22:20:22.304+0200: 4,374: Total time for which application threads were stopped: 0,0000692 seconds, Stopping threads took: 0,0000105 seconds
2018-04-06T22:20:22.304+0200: 4,374: Total time for which application threads were stopped: 0,0000858 seconds, Stopping threads took: 0,0000144 seconds
2018-04-06T22:20:22.304+0200: 4,375: Total time for which application threads were stopped: 0,0000706 seconds, Stopping threads took: 0,0000117 seconds
2018-04-06T22:20:22.329+0200: 4,399: Total time for which application threads were stopped: 0,0001734 seconds, Stopping threads took: 0,0000484 seconds
2018-04-06T22:20:22.356+0200: 4,426: Total time for which application threads were stopped: 0,0100347 seconds, Stopping threads took: 0,0089268 seconds
{Heap before GC invocations=2 (full 0):
 par new generation   total 109248K, used 100958K [0x00000000e0000000, 0x00000000e8000000, 0x00000000e8000000)
  eden space 87424K, 100% used [0x00000000e0000000, 0x00000000e5560000, 0x00000000e5560000)
  from space 21824K,  62% used [0x00000000e5560000, 0x00000000e6297840, 0x00000000e6ab0000)
  to   space 21824K,   0% used [0x00000000e6ab0000, 0x00000000e6ab0000, 0x00000000e8000000)
 concurrent mark-sweep generation total 393216K, used 0K [0x00000000e8000000, 0x0000000100000000, 0x0000000100000000)
 Metaspace       used 20949K, capacity 21276K, committed 21628K, reserved 1069056K
  class space    used 2423K, capacity 2584K, committed 2684K, reserved 1048576K
2018-04-06T22:20:22.370+0200: 4,441: [GC (Allocation Failure) 2018-04-06T22:20:22.371+0200: 4,441: [ParNew
Desired survivor size 20112992 bytes, new threshold 8 (max 8)
- age   1:    2677808 bytes,    2677808 total
- age   2:     522176 bytes,    3199984 total
- age   3:    6451248 bytes,    9651232 total
: 100958K->12004K(109248K), 0,0323179 secs] 100958K->12004K(502464K), 0,0326722 secs] [Times: user=0,06 sys=0,00, real=0,03 secs] 
Heap after GC invocations=3 (full 0):
 par new generation   total 109248K, used 12004K [0x00000000e0000000, 0x00000000e8000000, 0x00000000e8000000)
  eden space 87424K,   0% used [0x00000000e0000000, 0x00000000e0000000, 0x00000000e5560000)
  from space 21824K,  55% used [0x00000000e6ab0000, 0x00000000e7669140, 0x00000000e8000000)
  to   space 21824K,   0% used [0x00000000e5560000, 0x00000000e5560000, 0x00000000e6ab0000)
 concurrent mark-sweep generation total 393216K, used 0K [0x00000000e8000000, 0x0000000100000000, 0x0000000100000000)
 Metaspace       used 20949K, capacity 21276K, committed 21628K, reserved 1069056K
  class space    used 2423K, capacity 2584K, committed 2684K, reserved 1048576K
}
2018-04-06T22:20:22.403+0200: 4,474: Total time for which application threads were stopped: 0,0367887 seconds, Stopping threads took: 0,0032803 seconds
2018-04-06T22:20:22.410+0200: 4,480: Total time for which application threads were stopped: 0,0003400 seconds, Stopping threads took: 0,0002135 seconds
2018-04-06T22:20:22.416+0200: 4,486: [GC (CMS Initial Mark) [1 CMS-initial-mark: 0K(393216K)] 17626K(502464K), 0,0155844 secs] [Times: user=0,03 sys=0,00, real=0,02 secs] 
2018-04-06T22:20:22.431+0200: 4,502: Total time for which application threads were stopped: 0,0161219 seconds, Stopping threads took: 0,0003887 seconds
2018-04-06T22:20:22.432+0200: 4,502: [CMS-concurrent-mark-start]
2018-04-06T22:20:22.446+0200: 4,517: [CMS-concurrent-mark: 0,015/0,015 secs] [Times: user=0,05 sys=0,00, real=0,01 secs] 
2018-04-06T22:20:22.447+0200: 4,517: Total time for which application threads were stopped: 0,0002179 seconds, Stopping threads took: 0,0001211 seconds
2018-04-06T22:20:22.447+0200: 4,517: [CMS-concurrent-preclean-start]
2018-04-06T22:20:22.448+0200: 4,518: [CMS-concurrent-preclean: 0,001/0,001 secs] [Times: user=0,00 sys=0,00, real=0,00 secs] 
2018-04-06T22:20:22.448+0200: 4,518: [CMS-concurrent-abortable-preclean-start]
2018-04-06T22:20:22.486+0200: 4,557: Total time for which application threads were stopped: 0,0030274 seconds, Stopping threads took: 0,0023917 seconds
2018-04-06T22:20:22.548+0200: 4,618: Total time for which application threads were stopped: 0,0006154 seconds, Stopping threads took: 0,0004823 seconds
2018-04-06T22:20:22.579+0200: 4,650: Total time for which application threads were stopped: 0,0010153 seconds, Stopping threads took: 0,0008741 seconds
{Heap before GC invocations=3 (full 1):
 par new generation   total 109248K, used 99428K [0x00000000e0000000, 0x00000000e8000000, 0x00000000e8000000)
  eden space 87424K, 100% used [0x00000000e0000000, 0x00000000e5560000, 0x00000000e5560000)
  from space 21824K,  55% used [0x00000000e6ab0000, 0x00000000e7669140, 0x00000000e8000000)
  to   space 21824K,   0% used [0x00000000e5560000, 0x00000000e5560000, 0x00000000e6ab0000)
 concurrent mark-sweep generation total 393216K, used 0K [0x00000000e8000000, 0x0000000100000000, 0x0000000100000000)
 Metaspace       used 21217K, capacity 21610K, committed 21884K, reserved 1069056K
  class space    used 2448K, capacity 2598K, committed 2684K, reserved 1048576K
2018-04-06T22:20:22.742+0200: 4,812: [GC (Allocation Failure) 2018-04-06T22:20:22.742+0200: 4,813: [ParNew
Desired survivor size 20112992 bytes, new threshold 8 (max 8)
- age   1:     779552 bytes,     779552 total
- age   2:    1448032 bytes,    2227584 total
- age   3:     518016 bytes,    2745600 total
- age   4:    6451272 bytes,    9196872 total
: 99428K->14704K(109248K), 0,0330241 secs] 99428K->14704K(502464K), 0,0332717 secs] [Times: user=0,06 sys=0,01, real=0,03 secs] 
Heap after GC invocations=4 (full 1):
 par new generation   total 109248K, used 14704K [0x00000000e0000000, 0x00000000e8000000, 0x00000000e8000000)
  eden space 87424K,   0% used [0x00000000e0000000, 0x00000000e0000000, 0x00000000e5560000)
  from space 21824K,  67% used [0x00000000e5560000, 0x00000000e63bc260, 0x00000000e6ab0000)
  to   space 21824K,   0% used [0x00000000e6ab0000, 0x00000000e6ab0000, 0x00000000e8000000)
 concurrent mark-sweep generation total 393216K, used 0K [0x00000000e8000000, 0x0000000100000000, 0x0000000100000000)
 Metaspace       used 21217K, capacity 21610K, committed 21884K, reserved 1069056K
  class space    used 2448K, capacity 2598K, committed 2684K, reserved 1048576K
}
2018-04-06T22:20:22.775+0200: 4,846: Total time for which application threads were stopped: 0,0361431 seconds, Stopping threads took: 0,0023447 seconds
2018-04-06T22:20:22.879+0200: 4,949: Total time for which application threads were stopped: 0,0020885 seconds, Stopping threads took: 0,0018805 seconds
2018-04-06T22:20:22.919+0200: 4,989: Total time for which application threads were stopped: 0,0012787 seconds, Stopping threads took: 0,0011435 seconds
2018-04-06T22:20:22.919+0200: 4,989: [CMS-concurrent-abortable-preclean: 0,335/0,471 secs] [Times: user=1,08 sys=0,03, real=0,47 secs] 
2018-04-06T22:20:22.930+0200: 5,001: Total time for which application threads were stopped: 0,0081023 seconds, Stopping threads took: 0,0070637 seconds
2018-04-06T22:20:22.932+0200: 5,003: [GC (CMS Final Remark) [YG occupancy: 97354 K (109248 K)]{Heap before GC invocations=4 (full 1):
 par new generation   total 109248K, used 97354K [0x00000000e0000000, 0x00000000e8000000, 0x00000000e8000000)
  eden space 87424K,  94% used [0x00000000e0000000, 0x00000000e50b6898, 0x00000000e5560000)
  from space 21824K,  67% used [0x00000000e5560000, 0x00000000e63bc260, 0x00000000e6ab0000)
  to   space 21824K,   0% used [0x00000000e6ab0000, 0x00000000e6ab0000, 0x00000000e8000000)
 concurrent mark-sweep generation total 393216K, used 0K [0x00000000e8000000, 0x0000000100000000, 0x0000000100000000)
 Metaspace       used 21581K, capacity 21942K, committed 22216K, reserved 1069056K
  class space    used 2501K, capacity 2664K, committed 2684K, reserved 1048576K
2018-04-06T22:20:22.932+0200: 5,003: [GC (CMS Final Remark) 2018-04-06T22:20:22.932+0200: 5,003: [ParNew
Desired survivor size 20112992 bytes, new threshold 8 (max 8)
- age   1:    1136592 bytes,    1136592 total
- age   2:     193744 bytes,    1330336 total
- age   3:    1058536 bytes,    2388872 total
- age   4:     517904 bytes,    2906776 total
- age   5:    6451336 bytes,    9358112 total
: 97354K->10864K(109248K), 0,0271601 secs] 97354K->10864K(502464K), 0,0272490 secs] [Times: user=0,05 sys=0,00, real=0,02 secs] 
Heap after GC invocations=5 (full 1):
 par new generation   total 109248K, used 10864K [0x00000000e0000000, 0x00000000e8000000, 0x00000000e8000000)
  eden space 87424K,   0% used [0x00000000e0000000, 0x00000000e0000000, 0x00000000e5560000)
  from space 21824K,  49% used [0x00000000e6ab0000, 0x00000000e754c3b0, 0x00000000e8000000)
  to   space 21824K,   0% used [0x00000000e5560000, 0x00000000e5560000, 0x00000000e6ab0000)
 concurrent mark-sweep generation total 393216K, used 0K [0x00000000e8000000, 0x0000000100000000, 0x0000000100000000)
 Metaspace       used 21581K, capacity 21942K, committed 22216K, reserved 1069056K
  class space    used 2501K, capacity 2664K, committed 2684K, reserved 1048576K
}
2018-04-06T22:20:22.960+0200: 5,030: [Rescan (parallel) , 0,0093094 secs]2018-04-06T22:20:22.969+0200: 5,040: [weak refs processing, 0,0077005 secs]2018-04-06T22:20:22.977+0200: 5,047: [class unloading, 0,0036169 secs]2018-04-06T22:20:22.981+0200: 5,051: [scrub symbol table, 0,0067666 secs]2018-04-06T22:20:22.987+0200: 5,058: [scrub string table, 0,0009801 secs][1 CMS-remark: 0K(393216K)] 10864K(502464K), 0,0590082 secs] [Times: user=0,09 sys=0,00, real=0,06 secs] 
2018-04-06T22:20:22.992+0200: 5,062: Total time for which application threads were stopped: 0,0599371 seconds, Stopping threads took: 0,0002148 seconds
2018-04-06T22:20:22.993+0200: 5,063: [CMS-concurrent-sweep-start]
2018-04-06T22:20:22.993+0200: 5,063: [CMS-concurrent-sweep: 0,000/0,000 secs] [Times: user=0,00 sys=0,00, real=0,00 secs] 
2018-04-06T22:20:22.993+0200: 5,063: [CMS-concurrent-reset-start]
2018-04-06T22:20:23.007+0200: 5,077: [CMS-concurrent-reset: 0,014/0,014 secs] [Times: user=0,04 sys=0,01, real=0,01 secs] 
2018-04-06T22:20:23.357+0200: 5,428: Total time for which application threads were stopped: 0,0121004 seconds, Stopping threads took: 0,0113434 seconds
2018-04-06T22:20:23.534+0200: 5,604: Total time for which application threads were stopped: 0,0004099 seconds, Stopping threads took: 0,0000934 seconds
2018-04-06T22:20:23.619+0200: 5,689: Total time for which application threads were stopped: 0,0083579 seconds, Stopping threads took: 0,0079609 seconds
2018-04-06T22:20:23.700+0200: 5,770: Total time for which application threads were stopped: 0,0004577 seconds, Stopping threads took: 0,0003447 seconds
2018-04-06T22:20:23.751+0200: 5,822: Total time for which application threads were stopped: 0,0074802 seconds, Stopping threads took: 0,0060761 seconds
2018-04-06T22:20:23.765+0200: 5,836: Total time for which application threads were stopped: 0,0001847 seconds, Stopping threads took: 0,0000752 seconds
2018-04-06T22:20:23.765+0200: 5,836: Total time for which application threads were stopped: 0,0000852 seconds, Stopping threads took: 0,0000236 seconds
2018-04-06T22:20:23.802+0200: 5,872: Total time for which application threads were stopped: 0,0009024 seconds, Stopping threads took: 0,0000410 seconds
2018-04-06T22:20:23.834+0200: 5,904: Total time for which application threads were stopped: 0,0002262 seconds, Stopping threads took: 0,0001363 seconds
2018-04-06T22:20:23.850+0200: 5,920: Total time for which application threads were stopped: 0,0041438 seconds, Stopping threads took: 0,0039194 seconds
2018-04-06T22:20:23.866+0200: 5,936: Total time for which application threads were stopped: 0,0003059 seconds, Stopping threads took: 0,0002118 seconds
2018-04-06T22:20:23.929+0200: 6,000: Total time for which application threads were stopped: 0,0080740 seconds, Stopping threads took: 0,0079448 seconds
2018-04-06T22:20:23.940+0200: 6,010: Total time for which application threads were stopped: 0,0001494 seconds, Stopping threads took: 0,0000511 seconds
2018-04-06T22:20:23.954+0200: 6,025: Total time for which application threads were stopped: 0,0087200 seconds, Stopping threads took: 0,0085771 seconds
2018-04-06T22:20:23.957+0200: 6,028: Total time for which application threads were stopped: 0,0010815 seconds, Stopping threads took: 0,0009978 seconds
2018-04-06T22:20:24.208+0200: 6,278: Total time for which application threads were stopped: 0,0002008 seconds, Stopping threads took: 0,0000750 seconds
2018-04-06T22:20:24.232+0200: 6,303: Total time for which application threads were stopped: 0,0040676 seconds, Stopping threads took: 0,0039747 seconds
2018-04-06T22:20:24.255+0200: 6,325: Total time for which application threads were stopped: 0,0008946 seconds, Stopping threads took: 0,0002505 seconds
2018-04-06T22:20:24.258+0200: 6,329: Total time for which application threads were stopped: 0,0005813 seconds, Stopping threads took: 0,0002188 seconds
2018-04-06T22:20:24.290+0200: 6,360: Total time for which application threads were stopped: 0,0022166 seconds, Stopping threads took: 0,0018019 seconds
2018-04-06T22:20:24.293+0200: 6,364: Total time for which application threads were stopped: 0,0020220 seconds, Stopping threads took: 0,0019429 seconds
2018-04-06T22:20:24.308+0200: 6,378: Total time for which application threads were stopped: 0,0015582 seconds, Stopping threads took: 0,0014636 seconds
2018-04-06T22:20:24.309+0200: 6,379: Total time for which application threads were stopped: 0,0001386 seconds, Stopping threads took: 0,0000623 seconds
2018-04-06T22:20:24.330+0200: 6,400: Total time for which application threads were stopped: 0,0003063 seconds, Stopping threads took: 0,0001532 seconds
2018-04-06T22:20:24.743+0200: 6,813: Total time for which application threads were stopped: 0,0014991 seconds, Stopping threads took: 0,0012811 seconds
2018-04-06T22:20:24.760+0200: 6,830: Total time for which application threads were stopped: 0,0015526 seconds, Stopping threads took: 0,0007632 seconds
2018-04-06T22:20:24.777+0200: 6,847: Total time for which application threads were stopped: 0,0025552 seconds, Stopping threads took: 0,0024199 seconds
2018-04-06T22:20:24.779+0200: 6,850: Total time for which application threads were stopped: 0,0007782 seconds, Stopping threads took: 0,0006233 seconds
2018-04-06T22:20:24.780+0200: 6,851: Total time for which application threads were stopped: 0,0005027 seconds, Stopping threads took: 0,0000660 seconds
{Heap before GC invocations=5 (full 1):
 par new generation   total 109248K, used 98288K [0x00000000e0000000, 0x00000000e8000000, 0x00000000e8000000)
  eden space 87424K, 100% used [0x00000000e0000000, 0x00000000e5560000, 0x00000000e5560000)
  from space 21824K,  49% used [0x00000000e6ab0000, 0x00000000e754c3b0, 0x00000000e8000000)
  to   space 21824K,   0% used [0x00000000e5560000, 0x00000000e5560000, 0x00000000e6ab0000)
 concurrent mark-sweep generation total 393216K, used 0K [0x00000000e8000000, 0x0000000100000000, 0x0000000100000000)
 Metaspace       used 25274K, capacity 25760K, committed 25980K, reserved 1073152K
  class space    used 2937K, capacity 3113K, committed 3196K, reserved 1048576K
2018-04-06T22:20:24.792+0200: 6,863: [GC (Allocation Failure) 2018-04-06T22:20:24.792+0200: 6,863: [ParNew
Desired survivor size 20112992 bytes, new threshold 8 (max 8)
- age   1:    5528160 bytes,    5528160 total
- age   2:     161792 bytes,    5689952 total
- age   3:     187584 bytes,    5877536 total
- age   4:     272584 bytes,    6150120 total
- age   5:     496240 bytes,    6646360 total
- age   6:    6444096 bytes,   13090456 total
: 98288K->13895K(109248K), 0,0502456 secs] 98288K->13895K(502464K), 0,0504274 secs] [Times: user=0,06 sys=0,00, real=0,05 secs] 
Heap after GC invocations=6 (full 1):
 par new generation   total 109248K, used 13895K [0x00000000e0000000, 0x00000000e8000000, 0x00000000e8000000)
  eden space 87424K,   0% used [0x00000000e0000000, 0x00000000e0000000, 0x00000000e5560000)
  from space 21824K,  63% used [0x00000000e5560000, 0x00000000e62f1fb8, 0x00000000e6ab0000)
  to   space 21824K,   0% used [0x00000000e6ab0000, 0x00000000e6ab0000, 0x00000000e8000000)
 concurrent mark-sweep generation total 393216K, used 0K [0x00000000e8000000, 0x0000000100000000, 0x0000000100000000)
 Metaspace       used 25274K, capacity 25760K, committed 25980K, reserved 1073152K
  class space    used 2937K, capacity 3113K, committed 3196K, reserved 1048576K
}
2018-04-06T22:20:24.843+0200: 6,913: Total time for which application threads were stopped: 0,0509630 seconds, Stopping threads took: 0,0001315 seconds
2018-04-06T22:20:24.891+0200: 6,961: Total time for which application threads were stopped: 0,0027311 seconds, Stopping threads took: 0,0022937 seconds
2018-04-06T22:20:24.951+0200: 7,021: Total time for which application threads were stopped: 0,0005027 seconds, Stopping threads took: 0,0002350 seconds
2018-04-06T22:20:25.077+0200: 7,148: Total time for which application threads were stopped: 0,0121047 seconds, Stopping threads took: 0,0119466 seconds
2018-04-06T22:20:25.104+0200: 7,174: Total time for which application threads were stopped: 0,0033727 seconds, Stopping threads took: 0,0002061 seconds
2018-04-06T22:20:25.163+0200: 7,233: Total time for which application threads were stopped: 0,0006117 seconds, Stopping threads took: 0,0000474 seconds
2018-04-06T22:20:25.322+0200: 7,392: Total time for which application threads were stopped: 0,0007296 seconds, Stopping threads took: 0,0002012 seconds
2018-04-06T22:20:25.327+0200: 7,397: Total time for which application threads were stopped: 0,0003881 seconds, Stopping threads took: 0,0001945 seconds
2018-04-06T22:20:25.333+0200: 7,403: Total time for which application threads were stopped: 0,0026442 seconds, Stopping threads took: 0,0003530 seconds
2018-04-06T22:20:25.385+0200: 7,455: Total time for which application threads were stopped: 0,0002096 seconds, Stopping threads took: 0,0000787 seconds
2018-04-06T22:20:25.411+0200: 7,481: Total time for which application threads were stopped: 0,0019194 seconds, Stopping threads took: 0,0008779 seconds
2018-04-06T22:20:25.454+0200: 7,525: Total time for which application threads were stopped: 0,0031792 seconds, Stopping threads took: 0,0025858 seconds
2018-04-06T22:20:25.487+0200: 7,558: Total time for which application threads were stopped: 0,0004081 seconds, Stopping threads took: 0,0002878 seconds
2018-04-06T22:20:25.526+0200: 7,596: Total time for which application threads were stopped: 0,0003636 seconds, Stopping threads took: 0,0002400 seconds
2018-04-06T22:20:25.570+0200: 7,640: Total time for which application threads were stopped: 0,0063365 seconds, Stopping threads took: 0,0061908 seconds
2018-04-06T22:20:25.700+0200: 7,770: Total time for which application threads were stopped: 0,0107380 seconds, Stopping threads took: 0,0101706 seconds
2018-04-06T22:20:25.884+0200: 7,954: Total time for which application threads were stopped: 0,0010488 seconds, Stopping threads took: 0,0009062 seconds
2018-04-06T22:20:25.936+0200: 8,006: Total time for which application threads were stopped: 0,0002145 seconds, Stopping threads took: 0,0000862 seconds
{Heap before GC invocations=6 (full 1):
 par new generation   total 109248K, used 101319K [0x00000000e0000000, 0x00000000e8000000, 0x00000000e8000000)
  eden space 87424K, 100% used [0x00000000e0000000, 0x00000000e5560000, 0x00000000e5560000)
  from space 21824K,  63% used [0x00000000e5560000, 0x00000000e62f1fb8, 0x00000000e6ab0000)
  to   space 21824K,   0% used [0x00000000e6ab0000, 0x00000000e6ab0000, 0x00000000e8000000)
 concurrent mark-sweep generation total 393216K, used 0K [0x00000000e8000000, 0x0000000100000000, 0x0000000100000000)
 Metaspace       used 27893K, capacity 28464K, committed 28796K, reserved 1075200K
  class space    used 3218K, capacity 3411K, committed 3452K, reserved 1048576K
2018-04-06T22:20:26.180+0200: 8,251: [GC (Allocation Failure) 2018-04-06T22:20:26.180+0200: 8,251: [ParNew
Desired survivor size 20112992 bytes, new threshold 7 (max 8)
- age   1:   11939352 bytes,   11939352 total
- age   2:    2271440 bytes,   14210792 total
- age   3:     161760 bytes,   14372552 total
- age   4:     187408 bytes,   14559960 total
- age   5:     272152 bytes,   14832112 total
- age   6:     487992 bytes,   15320104 total
- age   7:    6280632 bytes,   21600736 total
: 101319K->21824K(109248K), 0,0842858 secs] 101319K->23944K(502464K), 0,0846062 secs] [Times: user=0,15 sys=0,00, real=0,09 secs] 
Heap after GC invocations=7 (full 1):
 par new generation   total 109248K, used 21824K [0x00000000e0000000, 0x00000000e8000000, 0x00000000e8000000)
  eden space 87424K,   0% used [0x00000000e0000000, 0x00000000e0000000, 0x00000000e5560000)
  from space 21824K, 100% used [0x00000000e6ab0000, 0x00000000e8000000, 0x00000000e8000000)
  to   space 21824K,   0% used [0x00000000e5560000, 0x00000000e5560000, 0x00000000e6ab0000)
 concurrent mark-sweep generation total 393216K, used 2120K [0x00000000e8000000, 0x0000000100000000, 0x0000000100000000)
 Metaspace       used 27893K, capacity 28464K, committed 28796K, reserved 1075200K
  class space    used 3218K, capacity 3411K, committed 3452K, reserved 1048576K
}
2018-04-06T22:20:26.265+0200: 8,336: Total time for which application threads were stopped: 0,0867984 seconds, Stopping threads took: 0,0015867 seconds
2018-04-06T22:20:26.290+0200: 8,360: Total time for which application threads were stopped: 0,0043410 seconds, Stopping threads took: 0,0041247 seconds
2018-04-06T22:20:26.312+0200: 8,382: Total time for which application threads were stopped: 0,0159438 seconds, Stopping threads took: 0,0157205 seconds
2018-04-06T22:20:26.335+0200: 8,406: Total time for which application threads were stopped: 0,0018516 seconds, Stopping threads took: 0,0017296 seconds
2018-04-06T22:20:26.343+0200: 8,414: Total time for which application threads were stopped: 0,0018405 seconds, Stopping threads took: 0,0016196 seconds
{Heap before GC invocations=7 (full 1):
 par new generation   total 109248K, used 109248K [0x00000000e0000000, 0x00000000e8000000, 0x00000000e8000000)
  eden space 87424K, 100% used [0x00000000e0000000, 0x00000000e5560000, 0x00000000e5560000)
  from space 21824K, 100% used [0x00000000e6ab0000, 0x00000000e8000000, 0x00000000e8000000)
  to   space 21824K,   0% used [0x00000000e5560000, 0x00000000e5560000, 0x00000000e6ab0000)
 concurrent mark-sweep generation total 393216K, used 2120K [0x00000000e8000000, 0x0000000100000000, 0x0000000100000000)
 Metaspace       used 27924K, capacity 28476K, committed 28796K, reserved 1075200K
  class space    used 3219K, capacity 3413K, committed 3452K, reserved 1048576K
2018-04-06T22:20:26.553+0200: 8,624: [GC (Allocation Failure) 2018-04-06T22:20:26.553+0200: 8,624: [ParNew
Desired survivor size 20112992 bytes, new threshold 8 (max 8)
- age   1:    1543648 bytes,    1543648 total
- age   2:   10942456 bytes,   12486104 total
- age   3:    2271400 bytes,   14757504 total
- age   4:     161760 bytes,   14919264 total
- age   5:     187304 bytes,   15106568 total
- age   6:     272120 bytes,   15378688 total
- age   7:     487992 bytes,   15866680 total
: 109248K->21352K(109248K), 0,1680101 secs] 111368K->30121K(502464K), 0,1681445 secs] [Times: user=0,24 sys=0,01, real=0,17 secs] 
Heap after GC invocations=8 (full 1):
 par new generation   total 109248K, used 21352K [0x00000000e0000000, 0x00000000e8000000, 0x00000000e8000000)
  eden space 87424K,   0% used [0x00000000e0000000, 0x00000000e0000000, 0x00000000e5560000)
  from space 21824K,  97% used [0x00000000e5560000, 0x00000000e6a3a250, 0x00000000e6ab0000)
  to   space 21824K,   0% used [0x00000000e6ab0000, 0x00000000e6ab0000, 0x00000000e8000000)
 concurrent mark-sweep generation total 393216K, used 8769K [0x00000000e8000000, 0x0000000100000000, 0x0000000100000000)
 Metaspace       used 27924K, capacity 28476K, committed 28796K, reserved 1075200K
  class space    used 3219K, capacity 3413K, committed 3452K, reserved 1048576K
}
2018-04-06T22:20:26.722+0200: 8,792: Total time for which application threads were stopped: 0,1684670 seconds, Stopping threads took: 0,0000503 seconds
{Heap before GC invocations=8 (full 1):
 par new generation   total 109248K, used 108776K [0x00000000e0000000, 0x00000000e8000000, 0x00000000e8000000)
  eden space 87424K, 100% used [0x00000000e0000000, 0x00000000e5560000, 0x00000000e5560000)
  from space 21824K,  97% used [0x00000000e5560000, 0x00000000e6a3a250, 0x00000000e6ab0000)
  to   space 21824K,   0% used [0x00000000e6ab0000, 0x00000000e6ab0000, 0x00000000e8000000)
 concurrent mark-sweep generation total 393216K, used 8769K [0x00000000e8000000, 0x0000000100000000, 0x0000000100000000)
 Metaspace       used 28019K, capacity 28630K, committed 28796K, reserved 1075200K
  class space    used 3222K, capacity 3418K, committed 3452K, reserved 1048576K
2018-04-06T22:20:27.135+0200: 9,205: [GC (Allocation Failure) 2018-04-06T22:20:27.135+0200: 9,205: [ParNew
Desired survivor size 20112992 bytes, new threshold 8 (max 8)
- age   1:     792376 bytes,     792376 total
- age   2:     144576 bytes,     936952 total
- age   3:   10942456 bytes,   11879408 total
- age   4:    2271400 bytes,   14150808 total
- age   5:     161760 bytes,   14312568 total
- age   6:     187200 bytes,   14499768 total
- age   7:     272120 bytes,   14771888 total
- age   8:     487992 bytes,   15259880 total
: 108776K->19817K(109248K), 0,0648748 secs] 117545K->28587K(502464K), 0,0650236 secs] [Times: user=0,11 sys=0,00, real=0,06 secs] 
Heap after GC invocations=9 (full 1):
 par new generation   total 109248K, used 19817K [0x00000000e0000000, 0x00000000e8000000, 0x00000000e8000000)
  eden space 87424K,   0% used [0x00000000e0000000, 0x00000000e0000000, 0x00000000e5560000)
  from space 21824K,  90% used [0x00000000e6ab0000, 0x00000000e7e0a780, 0x00000000e8000000)
  to   space 21824K,   0% used [0x00000000e5560000, 0x00000000e5560000, 0x00000000e6ab0000)
 concurrent mark-sweep generation total 393216K, used 8769K [0x00000000e8000000, 0x0000000100000000, 0x0000000100000000)
 Metaspace       used 28019K, capacity 28630K, committed 28796K, reserved 1075200K
  class space    used 3222K, capacity 3418K, committed 3452K, reserved 1048576K
}
2018-04-06T22:20:27.200+0200: 9,270: Total time for which application threads were stopped: 0,0654000 seconds, Stopping threads took: 0,0000759 seconds
2018-04-06T22:20:27.234+0200: 9,305: Total time for which application threads were stopped: 0,0082679 seconds, Stopping threads took: 0,0073620 seconds
2018-04-06T22:20:27.359+0200: 9,429: Total time for which application threads were stopped: 0,0132415 seconds, Stopping threads took: 0,0130379 seconds
2018-04-06T22:20:27.359+0200: 9,430: Total time for which application threads were stopped: 0,0001688 seconds, Stopping threads took: 0,0000398 seconds
2018-04-06T22:20:27.398+0200: 9,468: Total time for which application threads were stopped: 0,0085442 seconds, Stopping threads took: 0,0083710 seconds
2018-04-06T22:20:28.406+0200: 10,476: Total time for which application threads were stopped: 0,0001293 seconds, Stopping threads took: 0,0000258 seconds
2018-04-06T22:20:28.669+0200: 10,739: Total time for which application threads were stopped: 0,0005574 seconds, Stopping threads took: 0,0000438 seconds
2018-04-06T22:20:28.771+0200: 10,841: Total time for which application threads were stopped: 0,0001255 seconds, Stopping threads took: 0,0000503 seconds
2018-04-06T22:20:28.805+0200: 10,875: Total time for which application threads were stopped: 0,0005351 seconds, Stopping threads took: 0,0001534 seconds
2018-04-06T22:20:28.805+0200: 10,876: Total time for which application threads were stopped: 0,0003052 seconds, Stopping threads took: 0,0000623 seconds
2018-04-06T22:20:28.941+0200: 11,012: Total time for which application threads were stopped: 0,0005998 seconds, Stopping threads took: 0,0001299 seconds
2018-04-06T22:20:29.189+0200: 11,260: Total time for which application threads were stopped: 0,0001201 seconds, Stopping threads took: 0,0000319 seconds
2018-04-06T22:20:29.191+0200: 11,262: Total time for which application threads were stopped: 0,0001250 seconds, Stopping threads took: 0,0000521 seconds
2018-04-06T22:20:29.236+0200: 11,307: Total time for which application threads were stopped: 0,0002175 seconds, Stopping threads took: 0,0000683 seconds
2018-04-06T22:20:29.239+0200: 11,309: Total time for which application threads were stopped: 0,0001352 seconds, Stopping threads took: 0,0000401 seconds
2018-04-06T22:20:30.156+0200: 12,226: Total time for which application threads were stopped: 0,0016071 seconds, Stopping threads took: 0,0000183 seconds
2018-04-06T22:20:30.164+0200: 12,234: Total time for which application threads were stopped: 0,0001478 seconds, Stopping threads took: 0,0000418 seconds
2018-04-06T22:20:30.169+0200: 12,240: Total time for which application threads were stopped: 0,0026344 seconds, Stopping threads took: 0,0025466 seconds
2018-04-06T22:20:30.192+0200: 12,263: Total time for which application threads were stopped: 0,0076883 seconds, Stopping threads took: 0,0075996 seconds
2018-04-06T22:20:30.193+0200: 12,263: Total time for which application threads were stopped: 0,0001432 seconds, Stopping threads took: 0,0000353 seconds
2018-04-06T22:20:30.193+0200: 12,263: Total time for which application threads were stopped: 0,0000792 seconds, Stopping threads took: 0,0000261 seconds
2018-04-06T22:20:30.194+0200: 12,264: Total time for which application threads were stopped: 0,0001064 seconds, Stopping threads took: 0,0000301 seconds
2018-04-06T22:20:30.195+0200: 12,265: Total time for which application threads were stopped: 0,0001228 seconds, Stopping threads took: 0,0000240 seconds
2018-04-06T22:20:30.195+0200: 12,265: Total time for which application threads were stopped: 0,0000600 seconds, Stopping threads took: 0,0000104 seconds
2018-04-06T22:20:30.195+0200: 12,265: Total time for which application threads were stopped: 0,0000681 seconds, Stopping threads took: 0,0000148 seconds
2018-04-06T22:20:30.204+0200: 12,275: Total time for which application threads were stopped: 0,0006211 seconds, Stopping threads took: 0,0001518 seconds
2018-04-06T22:20:30.208+0200: 12,278: Total time for which application threads were stopped: 0,0002659 seconds, Stopping threads took: 0,0001751 seconds
2018-04-06T22:20:30.209+0200: 12,279: Total time for which application threads were stopped: 0,0000894 seconds, Stopping threads took: 0,0000231 seconds
2018-04-06T22:20:30.209+0200: 12,279: Total time for which application threads were stopped: 0,0000585 seconds, Stopping threads took: 0,0000086 seconds
2018-04-06T22:20:30.209+0200: 12,279: Total time for which application threads were stopped: 0,0000523 seconds, Stopping threads took: 0,0000084 seconds
2018-04-06T22:20:30.209+0200: 12,280: Total time for which application threads were stopped: 0,0000458 seconds, Stopping threads took: 0,0000072 seconds
2018-04-06T22:20:30.209+0200: 12,280: Total time for which application threads were stopped: 0,0000492 seconds, Stopping threads took: 0,0000121 seconds
2018-04-06T22:20:30.209+0200: 12,280: Total time for which application threads were stopped: 0,0000912 seconds, Stopping threads took: 0,0000414 seconds
2018-04-06T22:20:30.210+0200: 12,280: Total time for which application threads were stopped: 0,0000579 seconds, Stopping threads took: 0,0000157 seconds
2018-04-06T22:20:30.210+0200: 12,280: Total time for which application threads were stopped: 0,0002591 seconds, Stopping threads took: 0,0002018 seconds
2018-04-06T22:20:30.214+0200: 12,284: Total time for which application threads were stopped: 0,0001250 seconds, Stopping threads took: 0,0000451 seconds
2018-04-06T22:20:30.221+0200: 12,292: Total time for which application threads were stopped: 0,0001664 seconds, Stopping threads took: 0,0000632 seconds
2018-04-06T22:20:30.221+0200: 12,292: Total time for which application threads were stopped: 0,0000763 seconds, Stopping threads took: 0,0000226 seconds
2018-04-06T22:20:30.232+0200: 12,302: Total time for which application threads were stopped: 0,0001618 seconds, Stopping threads took: 0,0000772 seconds
2018-04-06T22:20:30.245+0200: 12,315: Total time for which application threads were stopped: 0,0075916 seconds, Stopping threads took: 0,0071168 seconds
2018-04-06T22:20:30.253+0200: 12,324: Total time for which application threads were stopped: 0,0001182 seconds, Stopping threads took: 0,0000239 seconds
2018-04-06T22:20:30.254+0200: 12,324: Total time for which application threads were stopped: 0,0000667 seconds, Stopping threads took: 0,0000216 seconds
2018-04-06T22:20:30.255+0200: 12,326: Total time for which application threads were stopped: 0,0003822 seconds, Stopping threads took: 0,0000958 seconds
2018-04-06T22:20:30.255+0200: 12,326: Total time for which application threads were stopped: 0,0000986 seconds, Stopping threads took: 0,0000317 seconds
2018-04-06T22:20:30.255+0200: 12,326: Total time for which application threads were stopped: 0,0000822 seconds, Stopping threads took: 0,0000301 seconds
2018-04-06T22:20:30.257+0200: 12,328: Total time for which application threads were stopped: 0,0001737 seconds, Stopping threads took: 0,0000546 seconds
2018-04-06T22:20:30.259+0200: 12,330: Total time for which application threads were stopped: 0,0005086 seconds, Stopping threads took: 0,0002039 seconds
2018-04-06T22:20:30.264+0200: 12,334: Total time for which application threads were stopped: 0,0005970 seconds, Stopping threads took: 0,0002131 seconds
2018-04-06T22:20:30.265+0200: 12,335: Total time for which application threads were stopped: 0,0001310 seconds, Stopping threads took: 0,0000698 seconds
2018-04-06T22:20:30.265+0200: 12,335: Total time for which application threads were stopped: 0,0001224 seconds, Stopping threads took: 0,0000535 seconds
2018-04-06T22:20:30.268+0200: 12,338: Total time for which application threads were stopped: 0,0025073 seconds, Stopping threads took: 0,0024341 seconds
2018-04-06T22:20:30.272+0200: 12,343: Total time for which application threads were stopped: 0,0004479 seconds, Stopping threads took: 0,0003083 seconds
2018-04-06T22:20:30.278+0200: 12,348: Total time for which application threads were stopped: 0,0033511 seconds, Stopping threads took: 0,0029631 seconds
2018-04-06T22:20:30.281+0200: 12,351: Total time for which application threads were stopped: 0,0010452 seconds, Stopping threads took: 0,0005679 seconds
2018-04-06T22:20:30.282+0200: 12,353: Total time for which application threads were stopped: 0,0004581 seconds, Stopping threads took: 0,0001670 seconds
2018-04-06T22:20:30.287+0200: 12,358: Total time for which application threads were stopped: 0,0001659 seconds, Stopping threads took: 0,0000582 seconds
2018-04-06T22:20:30.287+0200: 12,358: Total time for which application threads were stopped: 0,0000724 seconds, Stopping threads took: 0,0000141 seconds
2018-04-06T22:20:30.289+0200: 12,359: Total time for which application threads were stopped: 0,0001260 seconds, Stopping threads took: 0,0000460 seconds
2018-04-06T22:20:30.290+0200: 12,361: Total time for which application threads were stopped: 0,0005619 seconds, Stopping threads took: 0,0004852 seconds
2018-04-06T22:20:30.290+0200: 12,361: Total time for which application threads were stopped: 0,0000491 seconds, Stopping threads took: 0,0000088 seconds
2018-04-06T22:20:30.291+0200: 12,361: Total time for which application threads were stopped: 0,0001914 seconds, Stopping threads took: 0,0000108 seconds
2018-04-06T22:20:30.292+0200: 12,363: Total time for which application threads were stopped: 0,0001397 seconds, Stopping threads took: 0,0000614 seconds
2018-04-06T22:20:30.292+0200: 12,363: Total time for which application threads were stopped: 0,0000930 seconds, Stopping threads took: 0,0000234 seconds
2018-04-06T22:20:30.293+0200: 12,363: Total time for which application threads were stopped: 0,0000655 seconds, Stopping threads took: 0,0000144 seconds
2018-04-06T22:20:30.293+0200: 12,363: Total time for which application threads were stopped: 0,0001757 seconds, Stopping threads took: 0,0000075 seconds
2018-04-06T22:20:30.295+0200: 12,365: Total time for which application threads were stopped: 0,0001367 seconds, Stopping threads took: 0,0000567 seconds
2018-04-06T22:20:30.295+0200: 12,365: Total time for which application threads were stopped: 0,0000655 seconds, Stopping threads took: 0,0000211 seconds
2018-04-06T22:20:30.295+0200: 12,366: Total time for which application threads were stopped: 0,0002266 seconds, Stopping threads took: 0,0000529 seconds
2018-04-06T22:20:30.299+0200: 12,370: Total time for which application threads were stopped: 0,0003090 seconds, Stopping threads took: 0,0000748 seconds
2018-04-06T22:20:30.310+0200: 12,381: Total time for which application threads were stopped: 0,0001548 seconds, Stopping threads took: 0,0000643 seconds
2018-04-06T22:20:30.315+0200: 12,385: Total time for which application threads were stopped: 0,0001502 seconds, Stopping threads took: 0,0000553 seconds
Heap
 par new generation   total 109248K, used 72219K [0x00000000e0000000, 0x00000000e8000000, 0x00000000e8000000)
  eden space 87424K,  59% used [0x00000000e0000000, 0x00000000e332c790, 0x00000000e5560000)
  from space 21824K,  90% used [0x00000000e6ab0000, 0x00000000e7e0a780, 0x00000000e8000000)
  to   space 21824K,   0% used [0x00000000e5560000, 0x00000000e5560000, 0x00000000e6ab0000)
 concurrent mark-sweep generation total 393216K, used 8769K [0x00000000e8000000, 0x0000000100000000, 0x0000000100000000)
 Metaspace       used 29712K, capacity 30392K, committed 30588K, reserved 1077248K
  class space    used 3431K, capacity 3660K, committed 3708K, reserved 1048576K
